[    0.000000] Linux version 5.2.0-rc1+ (root@(none)) (gcc version 9.0.1 20190416 (experimental) (GCC)) #123 SMP Sun May 26 12:01:23 +05 2019
[    0.000000] Command line: BOOT_IMAGE=/boot/bzImage root=/dev/sda2 ro
[    0.000000] x86/fpu: Supporting XSAVE feature 0x001: 'x87 floating point registers'
[    0.000000] x86/fpu: Supporting XSAVE feature 0x002: 'SSE registers'
[    0.000000] x86/fpu: Supporting XSAVE feature 0x004: 'AVX registers'
[    0.000000] x86/fpu: xstate_offset[2]:  576, xstate_sizes[2]:  256
[    0.000000] x86/fpu: Enabled xstate features 0x7, context size is 832 bytes, using 'standard' format.
[    0.000000] BIOS-provided physical RAM map:
[    0.000000] BIOS-e820: [mem 0x0000000000000000-0x000000000009ffff] usable
[    0.000000] BIOS-e820: [mem 0x0000000000100000-0x000000009d0f7fff] usable
[    0.000000] BIOS-e820: [mem 0x000000009d0f8000-0x000000009d127fff] reserved
[    0.000000] BIOS-e820: [mem 0x000000009d128000-0x000000009d370fff] usable
[    0.000000] BIOS-e820: [mem 0x000000009d371000-0x000000009dc56fff] ACPI NVS
[    0.000000] BIOS-e820: [mem 0x000000009dc57000-0x000000009e959fff] reserved
[    0.000000] BIOS-e820: [mem 0x000000009e95a000-0x000000009e9cafff] type 20
[    0.000000] BIOS-e820: [mem 0x000000009e9cb000-0x000000009e9cbfff] usable
[    0.000000] BIOS-e820: [mem 0x000000009e9cc000-0x000000009e9d3fff] ACPI NVS
[    0.000000] BIOS-e820: [mem 0x000000009e9d4000-0x000000009eb24fff] usable
[    0.000000] BIOS-e820: [mem 0x000000009eb25000-0x000000009f041fff] reserved
[    0.000000] BIOS-e820: [mem 0x000000009f042000-0x000000009f080fff] usable
[    0.000000] BIOS-e820: [mem 0x000000009f081000-0x000000009f3f1fff] reserved
[    0.000000] BIOS-e820: [mem 0x000000009f3f2000-0x000000009f3fffff] usable
[    0.000000] BIOS-e820: [mem 0x00000000fec00000-0x00000000fec01fff] reserved
[    0.000000] BIOS-e820: [mem 0x00000000fec10000-0x00000000fec10fff] reserved
[    0.000000] BIOS-e820: [mem 0x00000000fed00000-0x00000000fed00fff] reserved
[    0.000000] BIOS-e820: [mem 0x00000000fed80000-0x00000000fed8ffff] reserved
[    0.000000] BIOS-e820: [mem 0x00000000ff000000-0x00000000ffffffff] reserved
[    0.000000] BIOS-e820: [mem 0x0000000100001000-0x000000013effffff] usable
[    0.000000] NX (Execute Disable) protection: active
[    0.000000] efi: EFI v2.31 by American Megatrends
[    0.000000] efi:  ACPI=0x9d3f3000  ACPI 2.0=0x9d3f3000  SMBIOS=0x9e958998 
[    0.000000] SMBIOS 2.7 present.
[    0.000000] DMI: ASUSTeK COMPUTER INC. X102BA/X102BA, BIOS X102BA.212 08/30/2013
[    0.000000] tsc: Fast TSC calibration using PIT
[    0.000000] tsc: Detected 998.129 MHz processor
[    0.000212] e820: update [mem 0x00000000-0x00000fff] usable ==> reserved
[    0.000217] e820: remove [mem 0x000a0000-0x000fffff] usable
[    0.000239] last_pfn = 0x13f000 max_arch_pfn = 0x400000000
[    0.000250] MTRR default type: uncachable
[    0.000251] MTRR fixed ranges enabled:
[    0.000255]   00000-9FFFF write-back
[    0.000258]   A0000-BFFFF write-through
[    0.000261]   C0000-DFFFF uncachable
[    0.000264]   E0000-FFFFF write-protect
[    0.000266] MTRR variable ranges enabled:
[    0.000270]   0 base 0000000000 mask FF80000000 write-back
[    0.000274]   1 base 0080000000 mask FFE0000000 write-back
[    0.000278]   2 base 009F400000 mask FFFFC00000 uncachable
[    0.000282]   3 base 009F800000 mask FFFF800000 uncachable
[    0.000283]   4 disabled
[    0.000284]   5 disabled
[    0.000285]   6 disabled
[    0.000287]   7 disabled
[    0.000289] TOM2: 000000013f000000 aka 5104M
[    0.000806] x86/PAT: Configuration [0-7]: WB  WC  UC- UC  WB  WP  UC- WT  
[    0.001062] e820: update [mem 0x9f400000-0xffffffff] usable ==> reserved
[    0.001075] last_pfn = 0x9f400 max_arch_pfn = 0x400000000
[    0.014252] check: Scanning 1 areas for low memory corruption
[    0.014266] Using GB pages for direct mapping
[    0.014273] BRK [0x45e01000, 0x45e01fff] PGTABLE
[    0.014280] BRK [0x45e02000, 0x45e02fff] PGTABLE
[    0.014284] BRK [0x45e03000, 0x45e03fff] PGTABLE
[    0.014492] BRK [0x45e04000, 0x45e04fff] PGTABLE
[    0.014497] BRK [0x45e05000, 0x45e05fff] PGTABLE
[    0.014856] BRK [0x45e06000, 0x45e06fff] PGTABLE
[    0.016433] BRK [0x45e07000, 0x45e07fff] PGTABLE
[    0.016739] BRK [0x45e08000, 0x45e08fff] PGTABLE
[    0.016998] BRK [0x45e09000, 0x45e09fff] PGTABLE
[    0.017323] BRK [0x45e0a000, 0x45e0afff] PGTABLE
[    0.017697] BRK [0x45e0b000, 0x45e0bfff] PGTABLE
[    0.017952] Secure boot could not be determined
[    0.017968] ACPI: Early table checksum verification disabled
[    0.017979] ACPI: RSDP 0x000000009D3F3000 000024 (v02 _ASUS_)
[    0.017990] ACPI: XSDT 0x000000009D3F3088 000094 (v01 _ASUS_ Notebook 01072009 AMI  00010013)
[    0.018008] ACPI: FACP 0x000000009D400748 00010C (v05 _ASUS_ Notebook 01072009 AMI  00010013)
[    0.018024] ACPI BIOS Warning (bug): Optional FADT field Pm2ControlBlock has valid Length but zero Address: 0x0000000000000000/0x1 (20190509/tbfadt-615)
[    0.018038] ACPI: DSDT 0x000000009D3F31A8 00D59D (v02 _ASUS_ Notebook 00000000 INTL 20091112)
[    0.018049] ACPI: FACS 0x000000009DC4B080 000040
[    0.018057] ACPI: APIC 0x000000009D400858 00007E (v03 _ASUS_ Notebook 01072009 AMI  00010013)
[    0.018067] ACPI: FPDT 0x000000009D4008D8 000044 (v01 _ASUS_ Notebook 01072009 AMI  00010013)
[    0.018077] ACPI: ECDT 0x000000009D400920 0000C1 (v01 _ASUS_ Notebook 01072009 AMI. 00000005)
[    0.018087] ACPI: MCFG 0x000000009D4009E8 00003C (v01 _ASUS_ Notebook 01072009 MSFT 00010013)
[    0.018097] ACPI: HPET 0x000000009D400A28 000038 (v01 _ASUS_ Notebook 01072009 AMI  00000005)
[    0.018106] ACPI: VFCT 0x000000009D400A60 004684 (v01 _ASUS_ Notebook 00000001 AMD  31504F47)
[    0.018117] ACPI: BGRT 0x000000009D4050E8 000038 (v00 _ASUS_ Notebook 01072009 ASUS 00010013)
[    0.018127] ACPI: SSDT 0x000000009D405120 0005E0 (v01 AMD    AGESA    00000001 AMD  00000001)
[    0.018137] ACPI: SSDT 0x000000009D405700 0046D1 (v02 AMD    AGESA    00000002 MSFT 04000000)
[    0.018147] ACPI: CRAT 0x000000009D409DD8 000228 (v01 AMD    AGESA    00000001 AMD  00000001)
[    0.018156] ACPI: SSDT 0x000000009D40A000 001411 (v01 AMD    CPMDFIGP 00000001 INTL 20051117)
[    0.018166] ACPI: SSDT 0x000000009D40B418 0010E8 (v01 AMD    CPMCMN   00000001 INTL 20051117)
[    0.018176] ACPI: MSDM 0x000000009D127F98 000055 (v03 _ASUS_ Notebook 00000000 ASUS 00000001)
[    0.018204] ACPI: Local APIC address 0xfee00000
[    0.018463] No NUMA configuration found
[    0.018468] Faking a node at [mem 0x0000000000000000-0x000000013effffff]
[    0.018482] NODE_DATA(0) allocated [mem 0x13effa000-0x13effdfff]
[    0.018535] Zone ranges:
[    0.018539]   DMA      [mem 0x0000000000001000-0x0000000000ffffff]
[    0.018544]   DMA32    [mem 0x0000000001000000-0x00000000ffffffff]
[    0.018549]   Normal   [mem 0x0000000100000000-0x000000013effffff]
[    0.018554] Movable zone start for each node
[    0.018557] Early memory node ranges
[    0.018561]   node   0: [mem 0x0000000000001000-0x000000000009ffff]
[    0.018565]   node   0: [mem 0x0000000000100000-0x000000009d0f7fff]
[    0.018569]   node   0: [mem 0x000000009d128000-0x000000009d370fff]
[    0.018573]   node   0: [mem 0x000000009e9cb000-0x000000009e9cbfff]
[    0.018577]   node   0: [mem 0x000000009e9d4000-0x000000009eb24fff]
[    0.018581]   node   0: [mem 0x000000009f042000-0x000000009f080fff]
[    0.018584]   node   0: [mem 0x000000009f3f2000-0x000000009f3fffff]
[    0.018588]   node   0: [mem 0x0000000100001000-0x000000013effffff]
[    0.018917] Zeroed struct page in unavailable ranges: 11138 pages
[    0.018924] Initmem setup node 0 [mem 0x0000000000001000-0x000000013effffff]
[    0.018934] On node 0 totalpages: 902270
[    0.018937]   DMA zone: 64 pages used for memmap
[    0.018939]   DMA zone: 23 pages reserved
[    0.018942]   DMA zone: 3999 pages, LIFO batch:0
[    0.019164]   DMA32 zone: 10004 pages used for memmap
[    0.019167]   DMA32 zone: 640224 pages, LIFO batch:63
[    0.058794]   Normal zone: 4032 pages used for memmap
[    0.058801]   Normal zone: 258047 pages, LIFO batch:63
[    0.071927] ACPI: PM-Timer IO Port: 0x808
[    0.071940] ACPI: Local APIC address 0xfee00000
[    0.071957] ACPI: LAPIC_NMI (acpi_id[0xff] high edge lint[0x1])
[    0.071974] IOAPIC[0]: apic_id 3, version 33, address 0xfec00000, GSI 0-23
[    0.071985] IOAPIC[1]: apic_id 4, version 33, address 0xfec01000, GSI 24-55
[    0.071993] ACPI: INT_SRC_OVR (bus 0 bus_irq 0 global_irq 2 dfl dfl)
[    0.071999] ACPI: INT_SRC_OVR (bus 0 bus_irq 9 global_irq 9 low level)
[    0.072004] ACPI: IRQ0 used by override.
[    0.072007] ACPI: IRQ9 used by override.
[    0.072012] Using ACPI (MADT) for SMP configuration information
[    0.072018] ACPI: HPET id: 0x10228210 base: 0xfed00000
[    0.072034] smpboot: Allowing 4 CPUs, 2 hotplug CPUs
[    0.072108] PM: Registered nosave memory: [mem 0x00000000-0x00000fff]
[    0.072116] PM: Registered nosave memory: [mem 0x000a0000-0x000fffff]
[    0.072123] PM: Registered nosave memory: [mem 0x9d0f8000-0x9d127fff]
[    0.072130] PM: Registered nosave memory: [mem 0x9d371000-0x9dc56fff]
[    0.072133] PM: Registered nosave memory: [mem 0x9dc57000-0x9e959fff]
[    0.072137] PM: Registered nosave memory: [mem 0x9e95a000-0x9e9cafff]
[    0.072144] PM: Registered nosave memory: [mem 0x9e9cc000-0x9e9d3fff]
[    0.072151] PM: Registered nosave memory: [mem 0x9eb25000-0x9f041fff]
[    0.072158] PM: Registered nosave memory: [mem 0x9f081000-0x9f3f1fff]
[    0.072165] PM: Registered nosave memory: [mem 0x9f400000-0xfebfffff]
[    0.072168] PM: Registered nosave memory: [mem 0xfec00000-0xfec01fff]
[    0.072172] PM: Registered nosave memory: [mem 0xfec02000-0xfec0ffff]
[    0.072175] PM: Registered nosave memory: [mem 0xfec10000-0xfec10fff]
[    0.072179] PM: Registered nosave memory: [mem 0xfec11000-0xfecfffff]
[    0.072182] PM: Registered nosave memory: [mem 0xfed00000-0xfed00fff]
[    0.072185] PM: Registered nosave memory: [mem 0xfed01000-0xfed7ffff]
[    0.072189] PM: Registered nosave memory: [mem 0xfed80000-0xfed8ffff]
[    0.072192] PM: Registered nosave memory: [mem 0xfed90000-0xfeffffff]
[    0.072195] PM: Registered nosave memory: [mem 0xff000000-0xffffffff]
[    0.072199] PM: Registered nosave memory: [mem 0x100000000-0x100000fff]
[    0.072206] [mem 0x9f400000-0xfebfffff] available for PCI devices
[    0.072218] clocksource: refined-jiffies: mask: 0xffffffff max_cycles: 0xffffffff, max_idle_ns: 19112604462750000 ns
[    0.490228] setup_percpu: NR_CPUS:64 nr_cpumask_bits:64 nr_cpu_ids:4 nr_node_ids:1
[    0.491406] percpu: Embedded 51 pages/cpu s170008 r8192 d30696 u524288
[    0.491444] pcpu-alloc: s170008 r8192 d30696 u524288 alloc=1*2097152
[    0.491447] pcpu-alloc: [0] 0 1 2 3 
[    0.491525] Built 1 zonelists, mobility grouping on.  Total pages: 888147
[    0.491530] Policy zone: Normal
[    0.491538] Kernel command line: BOOT_IMAGE=/boot/bzImage root=/dev/sda2 ro
[    0.555412] Memory: 3432168K/3609080K available (14357K kernel code, 1432K rwdata, 4452K rodata, 1296K init, 856K bss, 176912K reserved, 0K cma-reserved)
[    0.555628] SLUB: HWalign=64, Order=0-3, MinObjects=0, CPUs=4, Nodes=1
[    0.555862] rcu: Hierarchical RCU implementation.
[    0.555867] rcu: 	RCU event tracing is enabled.
[    0.555871] rcu: 	RCU restricting CPUs from NR_CPUS=64 to nr_cpu_ids=4.
[    0.555877] rcu: RCU calculated value of scheduler-enlistment delay is 10 jiffies.
[    0.555881] rcu: Adjusting geometry for rcu_fanout_leaf=16, nr_cpu_ids=4
[    0.556470] NR_IRQS: 4352, nr_irqs: 1000, preallocated irqs: 16
[    0.556946] random: get_random_bytes called from start_kernel+0x2c6/0x493 with crng_init=0
[    0.557029] Console: colour dummy device 80x25
[    0.557756] printk: console [tty0] enabled
[    0.557803] ACPI: Core revision 20190509
[    0.558601] clocksource: hpet: mask: 0xffffffff max_cycles: 0xffffffff, max_idle_ns: 133484873504 ns
[    0.558630] hpet clockevent registered
[    0.558642] APIC: Switch to symmetric I/O mode setup
[    0.559383] ..TIMER: vector=0x30 apic1=0 pin1=2 apic2=-1 pin2=-1
[    0.608641] clocksource: tsc-early: mask: 0xffffffffffffffff max_cycles: 0x1cc65f36a68, max_idle_ns: 881590538042 ns
[    0.608658] Calibrating delay loop (skipped), value calculated using timer frequency.. 1996.25 BogoMIPS (lpj=9981290)
[    0.608675] pid_max: default: 32768 minimum: 301
[    0.611212] LSM: Security Framework initializing
[    0.611246] SELinux:  Initializing.
[    0.611284] *** VALIDATE SELinux ***
[    0.613498] Dentry cache hash table entries: 524288 (order: 10, 4194304 bytes)
[    0.614674] Inode-cache hash table entries: 262144 (order: 9, 2097152 bytes)
[    0.614777] Mount-cache hash table entries: 8192 (order: 4, 65536 bytes)
[    0.614824] Mountpoint-cache hash table entries: 8192 (order: 4, 65536 bytes)
[    0.615213] *** VALIDATE proc ***
[    0.615302] *** VALIDATE cgroup1 ***
[    0.615313] *** VALIDATE cgroup2 ***
[    0.615418] LVT offset 1 assigned for vector 0xf9
[    0.615436] Last level iTLB entries: 4KB 512, 2MB 8, 4MB 4
[    0.615444] Last level dTLB entries: 4KB 512, 2MB 256, 4MB 128, 1GB 0
[    0.615454] Spectre V2 : Mitigation: Full AMD retpoline
[    0.615462] Spectre V2 : Spectre v2 / SpectreRSB mitigation: Filling RSB on context switch
[    0.615473] Speculative Store Bypass: Mitigation: Speculative Store Bypass disabled via prctl and seccomp
[    0.616043] Freeing SMP alternatives memory: 40K
[    0.628656] smpboot: CPU0: AMD A4-1200 APU with Radeon(TM) HD Graphics (family: 0x16, model: 0x0, stepping: 0x1)
[    0.628656] Performance Events: AMD PMU driver.
[    0.628656] ... version:                0
[    0.628656] ... bit width:              48
[    0.628656] ... generic registers:      4
[    0.628656] ... value mask:             0000ffffffffffff
[    0.628656] ... max period:             00007fffffffffff
[    0.628656] ... fixed-purpose events:   0
[    0.628656] ... event mask:             000000000000000f
[    0.628656] rcu: Hierarchical SRCU implementation.
[    0.628656] MCE: In-kernel MCE decoding enabled.
[    0.628656] smp: Bringing up secondary CPUs ...
[    0.628656] x86: Booting SMP configuration:
[    0.628656] .... node  #0, CPUs:      #1
[    0.628656] smp: Brought up 1 node, 2 CPUs
[    0.628656] smpboot: Max logical packages: 2
[    0.628656] smpboot: Total of 2 processors activated (3992.51 BogoMIPS)
[    0.628656] devtmpfs: initialized
[    0.628656] PM: Registering ACPI NVS region [mem 0x9d371000-0x9dc56fff] (9330688 bytes)
[    0.628656] PM: Registering ACPI NVS region [mem 0x9e9cc000-0x9e9d3fff] (32768 bytes)
[    0.628656] clocksource: jiffies: mask: 0xffffffff max_cycles: 0xffffffff, max_idle_ns: 19112604462750000 ns
[    0.628656] futex hash table entries: 1024 (order: 4, 65536 bytes)
[    0.628656] kworker/u8:0 (22) used greatest stack depth: 14624 bytes left
[    0.628656] NET: Registered protocol family 16
[    0.628656] audit: initializing netlink subsys (disabled)
[    0.628656] audit: type=2000 audit(1558855095.060:1): state=initialized audit_enabled=0 res=1
[    0.628656] cpuidle: using governor ladder
[    0.628656] cpuidle: using governor menu
[    0.628656] ACPI FADT declares the system doesn't support PCIe ASPM, so disable it
[    0.628656] ACPI: bus type PCI registered
[    0.628656] PCI: MMCONFIG for domain 0000 [bus 00-ff] at [mem 0xe0000000-0xefffffff] (base 0xe0000000)
[    0.628656] PCI: not using MMCONFIG
[    0.628656] PCI: Using configuration type 1 for base access
[    0.628656] PCI: Using configuration type 1 for extended access
[    0.644247] kworker/u8:0 (45) used greatest stack depth: 14160 bytes left
[    0.678790] HugeTLB registered 2.00 MiB page size, pre-allocated 0 pages
[    0.690942] ACPI: Added _OSI(Module Device)
[    0.690942] ACPI: Added _OSI(Processor Device)
[    0.690942] ACPI: Added _OSI(3.0 _SCP Extensions)
[    0.690942] ACPI: Added _OSI(Processor Aggregator Device)
[    0.690942] ACPI: Added _OSI(Linux-Dell-Video)
[    0.690942] ACPI: Added _OSI(Linux-Lenovo-NV-HDMI-Audio)
[    0.690942] ACPI: Added _OSI(Linux-HPI-Hybrid-Graphics)
[    0.723632] ACPI: 5 ACPI AML tables successfully acquired and loaded
[    0.727087] ACPI: EC: EC started
[    0.727096] ACPI: EC: interrupt blocked
[    0.729613] ACPI: \: Used as first EC
[    0.729625] ACPI: \: GPE=0x3, EC_CMD/EC_SC=0x66, EC_DATA=0x62
[    0.729633] ACPI: EC: Boot ECDT EC used to handle transactions
[    0.734996] ACPI: [Firmware Bug]: BIOS _OSI(Linux) query ignored
[    0.772462] ACPI: Interpreter enabled
[    0.772536] ACPI: (supports S0 S3 S4 S5)
[    0.772546] ACPI: Using IOAPIC for interrupt routing
[    0.772749] PCI: MMCONFIG for domain 0000 [bus 00-ff] at [mem 0xe0000000-0xefffffff] (base 0xe0000000)
[    0.772913] PCI: MMCONFIG at [mem 0xe0000000-0xefffffff] reserved in ACPI motherboard resources
[    0.772970] PCI: Using host bridge windows from ACPI; if necessary, use "pci=nocrs" and report a bug
[    0.773718] ACPI: Enabled 3 GPEs in block 00 to 1F
[    0.802224] ACPI: PCI Root Bridge [PCI0] (domain 0000 [bus 00-ff])
[    0.802224] acpi PNP0A08:00: _OSC: OS supports [ExtendedConfig ASPM ClockPM Segments MSI HPX-Type3]
[    0.802224] acpi PNP0A08:00: _OSC: platform does not support [LTR]
[    0.802224] acpi PNP0A08:00: _OSC: OS now controls [PME AER PCIeCapability]
[    0.802224] acpi PNP0A08:00: FADT indicates ASPM is unsupported, using BIOS configuration
[    0.802224] PCI host bridge to bus 0000:00
[    0.802224] pci_bus 0000:00: root bus resource [io  0x0000-0x03af window]
[    0.802224] pci_bus 0000:00: root bus resource [io  0x03e0-0x0cf7 window]
[    0.802224] pci_bus 0000:00: root bus resource [io  0x03b0-0x03df window]
[    0.802224] pci_bus 0000:00: root bus resource [io  0x0d00-0xffff window]
[    0.802230] pci_bus 0000:00: root bus resource [mem 0x000a0000-0x000bffff window]
[    0.802243] pci_bus 0000:00: root bus resource [mem 0x000c0000-0x000dffff window]
[    0.802256] pci_bus 0000:00: root bus resource [mem 0xc0000000-0xffffffff window]
[    0.802269] pci_bus 0000:00: root bus resource [bus 00-ff]
[    0.802297] pci 0000:00:00.0: [1022:1536] type 00 class 0x060000
[    0.802585] pci 0000:00:01.0: [1002:9839] type 00 class 0x030000
[    0.802625] pci 0000:00:01.0: reg 0x10: [mem 0xc0000000-0xcfffffff 64bit pref]
[    0.802650] pci 0000:00:01.0: reg 0x18: [mem 0xd0000000-0xd07fffff 64bit pref]
[    0.802670] pci 0000:00:01.0: reg 0x20: [io  0xf000-0xf0ff]
[    0.802688] pci 0000:00:01.0: reg 0x24: [mem 0xfeb00000-0xfeb3ffff]
[    0.802707] pci 0000:00:01.0: reg 0x30: [mem 0xfeb40000-0xfeb5ffff pref]
[    0.802722] pci 0000:00:01.0: enabling Extended Tags
[    0.802751] pci 0000:00:01.0: BAR 0: assigned to efifb
[    0.802809] pci 0000:00:01.0: supports D1 D2
[    0.802820] pci 0000:00:01.0: PME# supported from D1 D2 D3hot
[    0.803049] pci 0000:00:01.1: [1002:9840] type 00 class 0x040300
[    0.803085] pci 0000:00:01.1: reg 0x10: [mem 0xfeb64000-0xfeb67fff 64bit]
[    0.803125] pci 0000:00:01.1: enabling Extended Tags
[    0.803195] pci 0000:00:01.1: supports D1 D2
[    0.803393] pci 0000:00:02.0: [1022:1538] type 00 class 0x060000
[    0.803633] pci 0000:00:02.2: [1022:1439] type 01 class 0x060400
[    0.803703] pci 0000:00:02.2: enabling Extended Tags
[    0.803786] pci 0000:00:02.2: PME# supported from D0 D3hot D3cold
[    0.804023] pci 0000:00:02.3: [1022:1439] type 01 class 0x060400
[    0.804092] pci 0000:00:02.3: enabling Extended Tags
[    0.804170] pci 0000:00:02.3: PME# supported from D0 D3hot D3cold
[    0.804429] pci 0000:00:10.0: [1022:7814] type 00 class 0x0c0330
[    0.804473] pci 0000:00:10.0: reg 0x10: [mem 0xfeb68000-0xfeb69fff 64bit]
[    0.804615] pci 0000:00:10.0: PME# supported from D0 D3hot D3cold
[    0.804859] pci 0000:00:11.0: [1022:7801] type 00 class 0x010601
[    0.804897] pci 0000:00:11.0: reg 0x10: [io  0xf140-0xf147]
[    0.804916] pci 0000:00:11.0: reg 0x14: [io  0xf130-0xf133]
[    0.804934] pci 0000:00:11.0: reg 0x18: [io  0xf120-0xf127]
[    0.804953] pci 0000:00:11.0: reg 0x1c: [io  0xf110-0xf113]
[    0.804971] pci 0000:00:11.0: reg 0x20: [io  0xf100-0xf10f]
[    0.804990] pci 0000:00:11.0: reg 0x24: [mem 0xfeb6f000-0xfeb6f3ff]
[    0.805068] pci 0000:00:11.0: PME# supported from D3hot
[    0.805282] pci 0000:00:12.0: [1022:7807] type 00 class 0x0c0310
[    0.805311] pci 0000:00:12.0: reg 0x10: [mem 0xfeb6e000-0xfeb6efff]
[    0.805567] pci 0000:00:12.2: [1022:7808] type 00 class 0x0c0320
[    0.805603] pci 0000:00:12.2: reg 0x10: [mem 0xfeb6d000-0xfeb6d0ff]
[    0.805708] pci 0000:00:12.2: supports D1 D2
[    0.805718] pci 0000:00:12.2: PME# supported from D0 D1 D2 D3hot D3cold
[    0.805932] pci 0000:00:13.0: [1022:7807] type 00 class 0x0c0310
[    0.805961] pci 0000:00:13.0: reg 0x10: [mem 0xfeb6c000-0xfeb6cfff]
[    0.806217] pci 0000:00:13.2: [1022:7808] type 00 class 0x0c0320
[    0.806253] pci 0000:00:13.2: reg 0x10: [mem 0xfeb6b000-0xfeb6b0ff]
[    0.806358] pci 0000:00:13.2: supports D1 D2
[    0.806368] pci 0000:00:13.2: PME# supported from D0 D1 D2 D3hot D3cold
[    0.806578] pci 0000:00:14.0: [1022:780b] type 00 class 0x0c0500
[    0.806835] pci 0000:00:14.2: [1022:780d] type 00 class 0x040300
[    0.806874] pci 0000:00:14.2: reg 0x10: [mem 0xfeb60000-0xfeb63fff 64bit]
[    0.806966] pci 0000:00:14.2: PME# supported from D0 D3hot D3cold
[    0.807171] pci 0000:00:14.3: [1022:780e] type 00 class 0x060100
[    0.807449] pci 0000:00:14.7: [1022:7813] type 00 class 0x080501
[    0.807483] pci 0000:00:14.7: reg 0x10: [mem 0xfeb6a000-0xfeb6a0ff 64bit]
[    0.807705] pci 0000:00:18.0: [1022:1530] type 00 class 0x060000
[    0.807917] pci 0000:00:18.1: [1022:1531] type 00 class 0x060000
[    0.808122] pci 0000:00:18.2: [1022:1532] type 00 class 0x060000
[    0.808330] pci 0000:00:18.3: [1022:1533] type 00 class 0x060000
[    0.808550] pci 0000:00:18.4: [1022:1534] type 00 class 0x060000
[    0.813468] pci 0000:00:18.5: [1022:1535] type 00 class 0x060000
[    0.813468] pci 0000:01:00.0: [168c:0032] type 00 class 0x028000
[    0.813468] pci 0000:01:00.0: reg 0x10: [mem 0xfea00000-0xfea7ffff 64bit]
[    0.813468] pci 0000:01:00.0: reg 0x30: [mem 0xfea80000-0xfea8ffff pref]
[    0.813468] pci 0000:01:00.0: supports D1 D2
[    0.813468] pci 0000:01:00.0: PME# supported from D0 D1 D2 D3hot D3cold
[    0.815816] pci 0000:00:02.2: PCI bridge to [bus 01]
[    0.815816] pci 0000:00:02.2:   bridge window [mem 0xfea00000-0xfeafffff]
[    0.816079] pci 0000:02:00.0: [10ec:8136] type 00 class 0x020000
[    0.816079] pci 0000:02:00.0: reg 0x10: [io  0xe000-0xe0ff]
[    0.816079] pci 0000:02:00.0: reg 0x18: [mem 0xd0804000-0xd0804fff 64bit pref]
[    0.816079] pci 0000:02:00.0: reg 0x20: [mem 0xd0800000-0xd0803fff 64bit pref]
[    0.816079] pci 0000:02:00.0: supports D1 D2
[    0.816079] pci 0000:02:00.0: PME# supported from D0 D1 D2 D3hot D3cold
[    0.816747] pci 0000:00:02.3: PCI bridge to [bus 02]
[    0.816747] pci 0000:00:02.3:   bridge window [io  0xe000-0xefff]
[    0.816747] pci 0000:00:02.3:   bridge window [mem 0xd0800000-0xd08fffff 64bit pref]
[    0.818262] ACPI: PCI Interrupt Link [LNKA] (IRQs 4 7 10 11 14 15) *0
[    0.818262] ACPI: PCI Interrupt Link [LNKB] (IRQs 4 7 10 11 14 15) *0
[    0.818262] ACPI: PCI Interrupt Link [LNKC] (IRQs 4 7 10 11 14 15) *0
[    0.818262] ACPI: PCI Interrupt Link [LNKD] (IRQs 4 7 10 11 14 15) *0
[    0.818262] ACPI: PCI Interrupt Link [LNKE] (IRQs 4 7 10 11 14 15) *0
[    0.818262] ACPI: PCI Interrupt Link [LNKF] (IRQs 4 7 10 11 14 15) *0
[    0.818262] ACPI: PCI Interrupt Link [LNKG] (IRQs 4 7 10 11 14 15) *0
[    0.818262] ACPI: PCI Interrupt Link [LNKH] (IRQs 4 7 10 11 14 15) *0
[    0.821037] ACPI: EC: interrupt unblocked
[    0.821037] ACPI: EC: event unblocked
[    0.821037] ACPI: \_SB_.PCI0.SBRG.EC0_: GPE=0x3, EC_CMD/EC_SC=0x66, EC_DATA=0x62
[    0.821037] ACPI: \_SB_.PCI0.SBRG.EC0_: Boot DSDT EC used to handle transactions and events
[    0.822054] pci 0000:00:01.0: vgaarb: setting as boot VGA device
[    0.822054] pci 0000:00:01.0: vgaarb: VGA device added: decodes=io+mem,owns=io+mem,locks=none
[    0.822054] pci 0000:00:01.0: vgaarb: bridge control possible
[    0.822054] vgaarb: loaded
[    0.822591] SCSI subsystem initialized
[    0.823273] libata version 3.00 loaded.
[    0.823273] ACPI: bus type USB registered
[    0.823273] usbcore: registered new interface driver usbfs
[    0.823273] usbcore: registered new interface driver hub
[    0.823578] usbcore: registered new device driver usb
[    0.823578] pps_core: LinuxPPS API ver. 1 registered
[    0.823578] pps_core: Software ver. 5.3.6 - Copyright 2005-2007 Rodolfo Giometti <giometti@linux.it>
[    0.823578] PTP clock support registered
[    0.824511] EDAC MC: Ver: 3.0.0
[    0.824814] Registered efivars operations
[    0.824962] Advanced Linux Sound Architecture Driver Initialized.
[    0.825040] PCI: Using ACPI for IRQ routing
[    0.834649] PCI: pci_cache_line_size set to 64 bytes
[    0.834764] e820: reserve RAM buffer [mem 0x9d0f8000-0x9fffffff]
[    0.834770] e820: reserve RAM buffer [mem 0x9d371000-0x9fffffff]
[    0.834775] e820: reserve RAM buffer [mem 0x9e9cc000-0x9fffffff]
[    0.834778] e820: reserve RAM buffer [mem 0x9eb25000-0x9fffffff]
[    0.834782] e820: reserve RAM buffer [mem 0x9f081000-0x9fffffff]
[    0.834784] e820: reserve RAM buffer [mem 0x9f400000-0x9fffffff]
[    0.834787] e820: reserve RAM buffer [mem 0x13f000000-0x13fffffff]
[    0.838773] NetLabel: Initializing
[    0.838773] NetLabel:  domain hash size = 128
[    0.838773] NetLabel:  protocols = UNLABELED CIPSOv4 CALIPSO
[    0.838773] NetLabel:  unlabeled traffic allowed by default
[    0.839117] hpet0: at MMIO 0xfed00000, IRQs 2, 8, 0
[    0.839117] hpet0: 3 comparators, 32-bit 14.318180 MHz counter
[    0.841559] clocksource: Switched to clocksource tsc-early
[    0.890096] VFS: Disk quotas dquot_6.6.0
[    0.890165] VFS: Dquot-cache hash table entries: 512 (order 0, 4096 bytes)
[    0.890263] *** VALIDATE hugetlbfs ***
[    0.890373] pnp: PnP ACPI init
[    0.890859] system 00:00: [mem 0xe0000000-0xefffffff] has been reserved
[    0.890953] system 00:00: Plug and Play ACPI device, IDs PNP0c01 (active)
[    0.891215] system 00:01: [mem 0xa0000000-0xbfffffff] has been reserved
[    0.891290] system 00:01: Plug and Play ACPI device, IDs PNP0c02 (active)
[    0.891548] system 00:02: Plug and Play ACPI device, IDs PNP0c02 (active)
[    0.891701] pnp 00:03: Plug and Play ACPI device, IDs PNP0b00 (active)
[    0.891933] system 00:04: [io  0x04d0-0x04d1] has been reserved
[    0.892006] system 00:04: Plug and Play ACPI device, IDs PNP0c02 (active)
[    0.892263] pnp 00:05: Plug and Play ACPI device, IDs ETD0108 SYN0a00 SYN0002 PNP0f03 PNP0f13 PNP0f12 (active)
[    0.892436] pnp 00:06: Plug and Play ACPI device, IDs ATK3001 PNP030b (active)
[    0.893264] system 00:07: [io  0x04d0-0x04d1] has been reserved
[    0.893278] system 00:07: [io  0x040b] has been reserved
[    0.893289] system 00:07: [io  0x04d6] has been reserved
[    0.893300] system 00:07: [io  0x0c00-0x0c01] has been reserved
[    0.893311] system 00:07: [io  0x0c14] has been reserved
[    0.893322] system 00:07: [io  0x0c50-0x0c51] has been reserved
[    0.893332] system 00:07: [io  0x0c52] has been reserved
[    0.893343] system 00:07: [io  0x0c6c] has been reserved
[    0.893353] system 00:07: [io  0x0c6f] has been reserved
[    0.893363] system 00:07: [io  0x0cd0-0x0cd1] has been reserved
[    0.893374] system 00:07: [io  0x0cd2-0x0cd3] has been reserved
[    0.893385] system 00:07: [io  0x0cd4-0x0cd5] has been reserved
[    0.893395] system 00:07: [io  0x0cd6-0x0cd7] has been reserved
[    0.893406] system 00:07: [io  0x0cd8-0x0cdf] has been reserved
[    0.893416] system 00:07: [io  0x0800-0x089f] has been reserved
[    0.893427] system 00:07: [io  0x0900-0x090f] has been reserved
[    0.893438] system 00:07: [io  0x0910-0x091f] has been reserved
[    0.893449] system 00:07: [io  0xfe00-0xfefe] has been reserved
[    0.893463] system 00:07: [mem 0xfec00000-0xfec00fff] could not be reserved
[    0.893475] system 00:07: [mem 0xfee00000-0xfee00fff] has been reserved
[    0.893486] system 00:07: [mem 0xfed80000-0xfed8ffff] has been reserved
[    0.893497] system 00:07: [mem 0xfed61000-0xfed70fff] has been reserved
[    0.893509] system 00:07: [mem 0xfec10000-0xfec10fff] has been reserved
[    0.893521] system 00:07: [mem 0xfed00000-0xfed00fff] could not be reserved
[    0.893532] system 00:07: [mem 0xff000000-0xffffffff] has been reserved
[    0.893609] system 00:07: Plug and Play ACPI device, IDs PNP0c02 (active)
[    0.894449] pnp: PnP ACPI: found 8 devices
[    0.909423] clocksource: acpi_pm: mask: 0xffffff max_cycles: 0xffffff, max_idle_ns: 2085701024 ns
[    0.910030] pci 0000:00:02.2: PCI bridge to [bus 01]
[    0.910051] pci 0000:00:02.2:   bridge window [mem 0xfea00000-0xfeafffff]
[    0.910070] pci 0000:00:02.3: PCI bridge to [bus 02]
[    0.910082] pci 0000:00:02.3:   bridge window [io  0xe000-0xefff]
[    0.910099] pci 0000:00:02.3:   bridge window [mem 0xd0800000-0xd08fffff 64bit pref]
[    0.910122] pci_bus 0000:00: resource 4 [io  0x0000-0x03af window]
[    0.910133] pci_bus 0000:00: resource 5 [io  0x03e0-0x0cf7 window]
[    0.910143] pci_bus 0000:00: resource 6 [io  0x03b0-0x03df window]
[    0.910154] pci_bus 0000:00: resource 7 [io  0x0d00-0xffff window]
[    0.910164] pci_bus 0000:00: resource 8 [mem 0x000a0000-0x000bffff window]
[    0.910175] pci_bus 0000:00: resource 9 [mem 0x000c0000-0x000dffff window]
[    0.910186] pci_bus 0000:00: resource 10 [mem 0xc0000000-0xffffffff window]
[    0.910197] pci_bus 0000:01: resource 1 [mem 0xfea00000-0xfeafffff]
[    0.910208] pci_bus 0000:02: resource 0 [io  0xe000-0xefff]
[    0.910218] pci_bus 0000:02: resource 2 [mem 0xd0800000-0xd08fffff 64bit pref]
[    0.910480] NET: Registered protocol family 2
[    0.910944] tcp_listen_portaddr_hash hash table entries: 2048 (order: 3, 32768 bytes)
[    0.911019] TCP established hash table entries: 32768 (order: 6, 262144 bytes)
[    0.911246] TCP bind hash table entries: 32768 (order: 7, 524288 bytes)
[    0.911489] TCP: Hash tables configured (established 32768 bind 32768)
[    0.911642] UDP hash table entries: 2048 (order: 4, 65536 bytes)
[    0.911700] UDP-Lite hash table entries: 2048 (order: 4, 65536 bytes)
[    0.911879] NET: Registered protocol family 1
[    0.912268] RPC: Registered named UNIX socket transport module.
[    0.912278] RPC: Registered udp transport module.
[    0.912285] RPC: Registered tcp transport module.
[    0.912292] RPC: Registered tcp NFSv4.1 backchannel transport module.
[    0.912879] pci 0000:00:01.0: Video device with shadowed ROM at [mem 0x000c0000-0x000dffff]
[    0.913381] pci 0000:00:12.0: enabling device (0000 -> 0002)
[    0.913996] pci 0000:00:12.2: PME# does not work under D3, disabling it
[    0.914019] pci 0000:00:13.0: enabling device (0000 -> 0002)
[    0.914623] pci 0000:00:13.2: PME# does not work under D3, disabling it
[    0.914712] PCI: CLS 64 bytes, default 64
[    0.914847] PCI-DMA: Using software bounce buffering for IO (SWIOTLB)
[    0.914860] software IO TLB: mapped [mem 0x97989000-0x9b989000] (64MB)
[    0.915050] amd_uncore: AMD NB counters detected
[    0.915066] amd_uncore: AMD LLC counters detected
[    0.915185] LVT offset 0 assigned for vector 0x400
[    0.915246] perf: AMD IBS detected (0x000000ff)
[    0.915266] kvm: no hardware support
[    0.915373] kvm: Nested Virtualization enabled
[    0.915386] kvm: Nested Paging enabled
[    0.916458] check: Scanning for low memory corruption every 60 seconds
[    0.920145] Initialise system trusted keyrings
[    0.922245] workingset: timestamp_bits=56 max_order=20 bucket_order=0
[    0.936114] fuse: init (API version 7.30)
[    0.936757] Key type asymmetric registered
[    0.936769] Asymmetric key parser 'x509' registered
[    0.936854] Block layer SCSI generic (bsg) driver version 0.4 loaded (major 249)
[    0.936868] io scheduler mq-deadline registered
[    0.936876] io scheduler kyber registered
[    0.937682] pcieport 0000:00:02.2: PME: Signaling with IRQ 25
[    0.938331] pcieport 0000:00:02.3: PME: Signaling with IRQ 27
[    0.939753] uvesafb: failed to execute /sbin/v86d
[    0.939767] uvesafb: make sure that the v86d helper is installed and executable
[    0.939779] uvesafb: Getting VBE info block failed (eax=0x4f00, err=-2)
[    0.939788] uvesafb: vbe_init() failed with -22
[    0.939805] uvesafb: probe of uvesafb.0 failed with error -22
[    0.939913] efifb: probing for efifb
[    0.939963] efifb: framebuffer at 0xc0000000, using 4224k, total 4224k
[    0.939973] efifb: mode is 1366x768x32, linelength=5632, pages=1
[    0.939979] efifb: scrolling: redraw
[    0.939989] efifb: Truecolor: size=8:8:8:8, shift=24:16:8:0
[    0.950575] Console: switching to colour frame buffer device 170x48
[    0.960464] fb0: EFI VGA frame buffer device
[    0.961092] ACPI: AC Adapter [AC0] (on-line)
[    0.961498] input: Power Button as /devices/LNXSYSTM:00/LNXSYBUS:00/PNP0C0C:00/input/input0
[    0.961656] ACPI: Power Button [PWRB]
[    0.961940] input: Lid Switch as /devices/LNXSYSTM:00/LNXSYBUS:00/PNP0C0D:00/input/input1
[    0.962086] ACPI: Lid Switch [LID]
[    0.962353] input: Sleep Button as /devices/LNXSYSTM:00/LNXSYBUS:00/PNP0C0E:00/input/input2
[    0.962517] ACPI: Sleep Button [SLPB]
[    0.962784] input: Power Button as /devices/LNXSYSTM:00/LNXPWRBN:00/input/input3
[    0.962922] ACPI: Power Button [PWRF]
[    0.968325] thermal LNXTHERM:00: registered as thermal_zone0
[    0.968432] ACPI: Thermal Zone [THRM] (68 C)
[    0.971097] Serial: 8250/16550 driver, 4 ports, IRQ sharing enabled
[    0.976524] Non-volatile memory driver v1.3
[    0.976737] Linux agpgart interface v0.103
[    0.984495] loop: module loaded
[    0.985117] ahci 0000:00:11.0: version 3.0
[    0.985582] ahci 0000:00:11.0: AHCI 0001.0300 32 slots 2 ports 6 Gbps 0x3 impl SATA mode
[    0.985719] ahci 0000:00:11.0: flags: 64bit ncq sntf ilck pm led clo pmp pio slum part 
[    0.990613] scsi host0: ahci
[    0.994477] scsi host1: ahci
[    0.997887] ata1: SATA max UDMA/133 abar m1024@0xfeb6f000 port 0xfeb6f100 irq 28
[    1.001117] ata2: SATA max UDMA/133 abar m1024@0xfeb6f000 port 0xfeb6f180 irq 28
[    1.005573] tun: Universal TUN/TAP device driver, 1.6
[    1.009042] e1000: Intel(R) PRO/1000 Network Driver - version 7.3.21-k8-NAPI
[    1.012272] e1000: Copyright (c) 1999-2006 Intel Corporation.
[    1.015952] e1000e: Intel(R) PRO/1000 Network Driver - 3.2.6-k
[    1.019097] e1000e: Copyright(c) 1999 - 2015 Intel Corporation.
[    1.022563] sky2: driver version 1.30
[    1.025917] r8169 0000:02:00.0: can't disable ASPM; OS doesn't have ASPM control
[    1.030243] libphy: r8169: probed
[    1.033798] r8169 0000:02:00.0 eth0: RTL8105e, 74:d0:2b:a3:a6:42, XID 40a, IRQ 30
[    1.037262] ath9k 0000:01:00.0: enabling device (0000 -> 0002)
[    1.041185] ath: phy0: Disable PLL PowerSave
[    1.051432] ath: phy0: ASPM enabled: 0x42
[    1.054636] ath: EEPROM regdomain: 0x60
[    1.054638] ath: EEPROM indicates we should expect a direct regpair map
[    1.054644] ath: Country alpha2 being used: 00
[    1.054646] ath: Regpair used: 0x60
[    1.057215] ieee80211 phy0: Selected rate control algorithm 'minstrel_ht'
[    1.057926] ieee80211 phy0: Atheros AR9485 Rev:1 mem=0xffffb5bd02f00000, irq=31
[    1.062169] ehci_hcd: USB 2.0 'Enhanced' Host Controller (EHCI) Driver
[    1.065469] ehci-pci: EHCI PCI platform driver
[    1.069042] ehci-pci 0000:00:12.2: EHCI Host Controller
[    1.072655] ehci-pci 0000:00:12.2: new USB bus registered, assigned bus number 1
[    1.075964] ehci-pci 0000:00:12.2: applying AMD SB700/SB800/Hudson-2/3 EHCI dummy qh workaround
[    1.079325] ehci-pci 0000:00:12.2: debug port 1
[    1.083306] ehci-pci 0000:00:12.2: irq 17, io mem 0xfeb6d000
[    1.119344] ehci-pci 0000:00:12.2: USB 2.0 started, EHCI 1.00
[    1.122852] usb usb1: New USB device found, idVendor=1d6b, idProduct=0002, bcdDevice= 5.02
[    1.126202] usb usb1: New USB device strings: Mfr=3, Product=2, SerialNumber=1
[    1.129512] usb usb1: Product: EHCI Host Controller
[    1.132751] usb usb1: Manufacturer: Linux 5.2.0-rc1+ ehci_hcd
[    1.135958] usb usb1: SerialNumber: 0000:00:12.2
[    1.139549] hub 1-0:1.0: USB hub found
[    1.142647] hub 1-0:1.0: 4 ports detected
[    1.148043] ehci-pci 0000:00:13.2: EHCI Host Controller
[    1.151890] ehci-pci 0000:00:13.2: new USB bus registered, assigned bus number 2
[    1.154897] ehci-pci 0000:00:13.2: applying AMD SB700/SB800/Hudson-2/3 EHCI dummy qh workaround
[    1.157934] ehci-pci 0000:00:13.2: debug port 1
[    1.161017] ehci-pci 0000:00:13.2: irq 17, io mem 0xfeb6b000
[    1.189354] ehci-pci 0000:00:13.2: USB 2.0 started, EHCI 1.00
[    1.192379] usb usb2: New USB device found, idVendor=1d6b, idProduct=0002, bcdDevice= 5.02
[    1.195406] usb usb2: New USB device strings: Mfr=3, Product=2, SerialNumber=1
[    1.198442] usb usb2: Product: EHCI Host Controller
[    1.201433] usb usb2: Manufacturer: Linux 5.2.0-rc1+ ehci_hcd
[    1.204409] usb usb2: SerialNumber: 0000:00:13.2
[    1.207736] hub 2-0:1.0: USB hub found
[    1.211608] hub 2-0:1.0: 4 ports detected
[    1.216672] ohci_hcd: USB 1.1 'Open' Host Controller (OHCI) Driver
[    1.219762] ohci-pci: OHCI PCI platform driver
[    1.222961] ohci-pci 0000:00:12.0: OHCI PCI host controller
[    1.226094] ohci-pci 0000:00:12.0: new USB bus registered, assigned bus number 3
[    1.229104] ohci-pci 0000:00:12.0: irq 18, io mem 0xfeb6e000
[    1.271078] battery: ACPI: Battery Slot [BAT0] (battery present)
[    1.303473] usb usb3: New USB device found, idVendor=1d6b, idProduct=0001, bcdDevice= 5.02
[    1.306471] usb usb3: New USB device strings: Mfr=3, Product=2, SerialNumber=1
[    1.309446] usb usb3: Product: OHCI PCI host controller
[    1.312364] usb usb3: Manufacturer: Linux 5.2.0-rc1+ ohci_hcd
[    1.315255] usb usb3: SerialNumber: 0000:00:12.0
[    1.318503] hub 3-0:1.0: USB hub found
[    1.321363] hub 3-0:1.0: 4 ports detected
[    1.326530] ohci-pci 0000:00:13.0: OHCI PCI host controller
[    1.329666] ohci-pci 0000:00:13.0: new USB bus registered, assigned bus number 4
[    1.332540] ohci-pci 0000:00:13.0: irq 18, io mem 0xfeb6c000
[    1.339350] ata2: SATA link down (SStatus 0 SControl 300)
[    1.403436] usb usb4: New USB device found, idVendor=1d6b, idProduct=0001, bcdDevice= 5.02
[    1.406322] usb usb4: New USB device strings: Mfr=3, Product=2, SerialNumber=1
[    1.409179] usb usb4: Product: OHCI PCI host controller
[    1.412012] usb usb4: Manufacturer: Linux 5.2.0-rc1+ ohci_hcd
[    1.414862] usb usb4: SerialNumber: 0000:00:13.0
[    1.418107] hub 4-0:1.0: USB hub found
[    1.420916] hub 4-0:1.0: 4 ports detected
[    1.425847] uhci_hcd: USB Universal Host Controller Interface driver
[    1.428863] usbcore: registered new interface driver usblp
[    1.431813] usbcore: registered new interface driver usb-storage
[    1.434750] usbcore: registered new interface driver ch341
[    1.437538] usbserial: USB Serial support registered for ch341-uart
[    1.440793] i8042: PNP: PS/2 Controller [PNP030b:PS2K,PNP0f03:PS2M] at 0x60,0x64 irq 1,12
[    1.445649] i8042: Detected active multiplexing controller, rev 1.1
[    1.449228] serio: i8042 KBD port at 0x60,0x64 irq 1
[    1.452148] serio: i8042 AUX0 port at 0x60,0x64 irq 12
[    1.455059] serio: i8042 AUX1 port at 0x60,0x64 irq 12
[    1.457938] serio: i8042 AUX2 port at 0x60,0x64 irq 12
[    1.460866] serio: i8042 AUX3 port at 0x60,0x64 irq 12
[    1.464148] mousedev: PS/2 mouse device common for all mice
[    1.467779] rtc_cmos 00:03: RTC can wake from S4
[    1.470835] rtc_cmos 00:03: registered as rtc0
[    1.473518] rtc_cmos 00:03: alarms up to one month, y3k, 114 bytes nvram, hpet irqs
[    1.476821] device-mapper: ioctl: 4.40.0-ioctl (2019-01-18) initialised: dm-devel@redhat.com
[    1.479805] EFI Variables Facility v0.08 2004-May-17
[    1.492290] hidraw: raw HID events driver (C) Jiri Kosina
[    1.498396] usbcore: registered new interface driver usbhid
[    1.501217] usbhid: USB HID core driver
[    1.506899] input: AT Translated Set 2 keyboard as /devices/platform/i8042/serio0/input/input4
[    1.514837] snd_hda_intel 0000:00:01.1: enabling device (0000 -> 0002)
[    1.517992] snd_hda_intel 0000:00:01.1: Force to non-snoop mode
[    1.526460] Initializing XFRM netlink socket
[    1.529356] ata1: SATA link up 6.0 Gbps (SStatus 133 SControl 300)
[    1.533594] NET: Registered protocol family 10
[    1.537484] Segment Routing with IPv6
[    1.539582] ata1.00: ATA-8: KINGSTON SV300S37A120G, 603ABBF0, max UDMA/133
[    1.540967] snd_hda_codec_generic hdaudioC0D0: autoconfig for Generic: line_outs=0 (0x0/0x0/0x0/0x0/0x0) type:line
[    1.543063] ata1.00: 234441648 sectors, multi 1: LBA48 NCQ (depth 32), AA
[    1.546012] snd_hda_codec_generic hdaudioC0D0:    speaker_outs=0 (0x0/0x0/0x0/0x0/0x0)
[    1.546018] snd_hda_codec_generic hdaudioC0D0:    hp_outs=0 (0x0/0x0/0x0/0x0/0x0)
[    1.546022] snd_hda_codec_generic hdaudioC0D0:    mono: mono_out=0x0
[    1.546026] snd_hda_codec_generic hdaudioC0D0:    dig-out=0x3/0x0
[    1.546029] snd_hda_codec_generic hdaudioC0D0:    inputs:
[    1.555916] input: HDA ATI HDMI HDMI as /devices/pci0000:00/0000:00:01.1/sound/card0/input6
[    1.558409] sit: IPv6, IPv4 and MPLS over IPv4 tunneling driver
[    1.570331] NET: Registered protocol family 17
[    1.573793] mce: Using 6 MCE banks
[    1.576847] microcode: CPU0: patch_level=0x0700010b
[    1.579932] microcode: CPU1: patch_level=0x0700010b
[    1.582906] ata1.00: configured for UDMA/133
[    1.586043] microcode: Microcode Update Driver: v2.2.
[    1.586090] sched_clock: Marking stable (1583975042, 1812297)->(1708693299, -122905960)
[    1.586376] scsi 0:0:0:0: Direct-Access     ATA      KINGSTON SV300S3 BBF0 PQ: 0 ANSI: 5
[    1.591250] registered taskstats version 1
[    1.592827] sd 0:0:0:0: [sda] 234441648 512-byte logical blocks: (120 GB/112 GiB)
[    1.595021] Loading compiled-in X.509 certificates
[    1.598081] sd 0:0:0:0: [sda] Write Protect is off
[    1.598087] sd 0:0:0:0: [sda] Mode Sense: 00 3a 00 00
[    1.607923] random: fast init done
[    1.609360] sd 0:0:0:0: Attached scsi generic sg0 type 0
[    1.612069] acpi_cpufreq: overriding BIOS provided _PSD data
[    1.619370] sd 0:0:0:0: [sda] Write cache: enabled, read cache: enabled, doesn't support DPO or FUA
[    1.624685] snd_hda_codec_realtek hdaudioC1D0: autoconfig for ALC3229: line_outs=1 (0x14/0x0/0x0/0x0/0x0) type:speaker
[    1.624840] cfg80211: Loading compiled-in X.509 certificates for regulatory database
[    1.628077] snd_hda_codec_realtek hdaudioC1D0:    speaker_outs=0 (0x0/0x0/0x0/0x0/0x0)
[    1.628083] snd_hda_codec_realtek hdaudioC1D0:    hp_outs=1 (0x21/0x0/0x0/0x0/0x0)
[    1.628087] snd_hda_codec_realtek hdaudioC1D0:    mono: mono_out=0x0
[    1.628090] snd_hda_codec_realtek hdaudioC1D0:    inputs:
[    1.628095] snd_hda_codec_realtek hdaudioC1D0:      Mic=0x19
[    1.648409] color, tsk->comm, weight, vruntime: 1 kworker/u8:4 1048576 939026265
[    1.648413] color, tsk->comm, weight, vruntime: -109372520214120 swapper/0 1048576 954370351
[    1.651759] rq->nr_running rq->cfs.nr_running : 3 3
[    1.658312] rq->load.weight, rq->cfs.load.weight : 3145728 3145728
[    1.659015]  sda: sda1 sda2 sda3 sda4 sda5 sda6
[    1.669719] sd 0:0:0:0: [sda] Attached SCSI disk
[    1.683341] input: HD-Audio Generic Headphone as /devices/pci0000:00/0000:00:14.2/sound/card1/input11
[    1.684012] cfg80211: Loaded X.509 cert 'sforshee: 00b28ddf47aef9cea7'
[    1.690043] platform regulatory.0: Direct firmware load for regulatory.db failed with error -2
[    1.693430] cfg80211: failed to load regulatory.db
[    1.696875] ALSA device list:
[    1.700254]   #0: HDA ATI HDMI at 0xfeb64000 irq 33
[    1.703467]   #1: HD-Audio Generic at 0xfeb60000 irq 16
[    1.888717] usb 4-2: new full-speed USB device number 2 using ohci-pci
[    1.918676] tsc: Refined TSC clocksource calibration: 998.127 MHz
[    1.921931] clocksource: tsc: mask: 0xffffffffffffffff max_cycles: 0x1cc65b93289, max_idle_ns: 881590487074 ns
[    1.925351] clocksource: Switched to clocksource tsc
[    2.161387] usb 4-2: New USB device found, idVendor=13d3, idProduct=3362, bcdDevice= 0.01
[    2.164857] usb 4-2: New USB device strings: Mfr=1, Product=2, SerialNumber=3
[    2.168265] usb 4-2: Product: Bluetooth USB Host Controller
[    2.171668] usb 4-2: Manufacturer: Atheros Communications
[    2.175062] usb 4-2: SerialNumber: Alaska Day 2006
[    2.377839] input: PS/2 Logitech Wheel Mouse as /devices/platform/i8042/serio4/input/input14
[    2.384451] md: Waiting for all devices to be available before autodetect
[    2.388007] md: If you don't use raid, use raid=noautodetect
[    2.391988] md: Autodetecting RAID arrays.
[    2.395490] md: autorun ...
[    2.398926] md: ... autorun DONE.
[    2.407090] EXT4-fs (sda2): mounted filesystem with ordered data mode. Opts: (null)
[    2.410633] VFS: Mounted root (ext4 filesystem) readonly on device 8:2.
[    2.415708] devtmpfs: mounted
[    2.420040] Freeing unused kernel image memory: 1296K
[    2.468707] Write protecting the kernel read-only data: 22528k
[    2.473811] Freeing unused kernel image memory: 1984K
[    2.478440] Freeing unused kernel image memory: 1692K
[    2.481860] Run /sbin/init as init process
[    2.539093] stty (1757) used greatest stack depth: 13792 bytes left
[    2.558713] usb 2-3: new high-speed USB device number 3 using ehci-pci
[    2.639539] sed (1771) used greatest stack depth: 13576 bytes left
[    2.648711] color, tsk->comm, weight, vruntime: 1 rcu_sched 1048576 1593091007
[    2.648715] rq->nr_running rq->cfs.nr_running : 1 1
[    2.655883] rq->load.weight, rq->cfs.load.weight : 1048576 1048576
[    2.791695] usb 2-3: New USB device found, idVendor=04f2, idProduct=b404, bcdDevice=69.63
[    2.799230] usb 2-3: New USB device strings: Mfr=3, Product=1, SerialNumber=2
[    2.802994] usb 2-3: Product: USB2.0 HD UVC WebCam
[    2.806727] usb 2-3: Manufacturer: Chicony Electronics Co.,Ltd.
[    2.810494] usb 2-3: SerialNumber: 0x0001
[    2.822430] ip (1819) used greatest stack depth: 12552 bytes left
[    2.919498] udevd[1849]: starting version 3.2.1
[    2.928580] random: udevd: uninitialized urandom read (16 bytes read)
[    2.932691] random: udevd: uninitialized urandom read (16 bytes read)
[    2.936669] random: udevd: uninitialized urandom read (16 bytes read)
[    2.954580] udevd[1850]: starting eudev-3.2.1
[    3.278599] ath9k 0000:01:00.0 wlp1s0: renamed from wlan0
[    3.330795] r8169 0000:02:00.0 enp2s0: renamed from eth0
[    3.336730] [drm] radeon kernel modesetting enabled.
[    3.341861] radeon 0000:00:01.0: remove_conflicting_pci_framebuffers: bar 0: 0xc0000000 -> 0xcfffffff
[    3.345447] radeon 0000:00:01.0: remove_conflicting_pci_framebuffers: bar 2: 0xd0000000 -> 0xd07fffff
[    3.348955] radeon 0000:00:01.0: remove_conflicting_pci_framebuffers: bar 5: 0xfeb00000 -> 0xfeb3ffff
[    3.375189] checking generic (c0000000 420000) vs hw (c0000000 10000000)
[    3.375196] fb0: switching to radeondrmfb from EFI VGA
[    3.392478] Console: switching to colour dummy device 80x25
[    3.395343] radeon 0000:00:01.0: vgaarb: deactivate vga console
[    3.405943] [drm] initializing kernel modesetting (KABINI 0x1002:0x9839 0x1043:0x141D 0x00).
[    3.406024] [drm] doorbell mmio base: 0xD0000000
[    3.406032] [drm] doorbell mmio size: 8388608
[    3.426606] ATOM BIOS: AMD
[    3.426692] [drm] Changing default dispclk from 400Mhz to 600Mhz
[    3.426742] radeon 0000:00:01.0: VRAM: 512M 0x0000000000000000 - 0x000000001FFFFFFF (512M used)
[    3.426757] radeon 0000:00:01.0: GTT: 2048M 0x0000000020000000 - 0x000000009FFFFFFF
[    3.426793] [drm] Detected VRAM RAM=512M, BAR=256M
[    3.426800] [drm] RAM width 128bits DDR
[    3.431894] [TTM] Zone  kernel: Available graphics memory: 1729512 KiB
[    3.431913] [TTM] Initializing pool allocator
[    3.431931] [TTM] Initializing DMA pool allocator
[    3.431993] [drm] radeon: 512M of VRAM memory ready
[    3.432002] [drm] radeon: 2048M of GTT memory ready.
[    3.432041] [drm] Loading kabini Microcode
[    3.439117] [drm] Internal thermal controller without fan control
[    3.439870] [drm] radeon: dpm initialized
[    3.441377] [drm] Found UVD firmware Version: 1.64 Family ID: 9
[    3.446947] [drm] Found VCE firmware/feedback version 40.2.2 / 15!
[    3.447775] [drm] GART: num cpu pages 524288, num gpu pages 524288
[    3.538037] [drm] PCIE GART of 2048M enabled (table at 0x000000000030E000).
[    3.538321] radeon 0000:00:01.0: WB enabled
[    3.538368] radeon 0000:00:01.0: fence driver on ring 0 use gpu addr 0x0000000020000c00 and cpu addr 0x(____ptrval____)
[    3.538385] radeon 0000:00:01.0: fence driver on ring 1 use gpu addr 0x0000000020000c04 and cpu addr 0x(____ptrval____)
[    3.538400] radeon 0000:00:01.0: fence driver on ring 2 use gpu addr 0x0000000020000c08 and cpu addr 0x(____ptrval____)
[    3.538415] radeon 0000:00:01.0: fence driver on ring 3 use gpu addr 0x0000000020000c0c and cpu addr 0x(____ptrval____)
[    3.538429] radeon 0000:00:01.0: fence driver on ring 4 use gpu addr 0x0000000020000c10 and cpu addr 0x(____ptrval____)
[    3.539393] radeon 0000:00:01.0: fence driver on ring 5 use gpu addr 0x0000000000078d30 and cpu addr 0x(____ptrval____)
[    3.553774] radeon 0000:00:01.0: fence driver on ring 6 use gpu addr 0x0000000020000c18 and cpu addr 0x(____ptrval____)
[    3.553799] radeon 0000:00:01.0: fence driver on ring 7 use gpu addr 0x0000000020000c1c and cpu addr 0x(____ptrval____)
[    3.553814] [drm] Supports vblank timestamp caching Rev 2 (21.10.2013).
[    3.553822] [drm] Driver supports precise vblank timestamp query.
[    3.553945] radeon 0000:00:01.0: radeon: using MSI.
[    3.554008] [drm] radeon: irq initialized.
[    3.557939] [drm] ring test on 0 succeeded in 4 usecs
[    3.558060] [drm] ring test on 1 succeeded in 3 usecs
[    3.558100] [drm] ring test on 2 succeeded in 4 usecs
[    3.558421] [drm] ring test on 3 succeeded in 6 usecs
[    3.558439] [drm] ring test on 4 succeeded in 6 usecs
[    3.658736] color, tsk->comm, weight, vruntime: -109372537077608 kworker/0:2 1048576 2144698199
[    3.658741] color, tsk->comm, weight, vruntime: 1 udevd 1048576 2150698199
[    3.658765] rq->nr_running rq->cfs.nr_running : 4 4
[    3.658779] rq->load.weight, rq->cfs.load.weight : 4194304 4194304
[    3.665896] [drm] ring test on 5 succeeded in 2 usecs
[    3.689716] [drm] UVD initialized successfully.
[    3.814459] [drm] ring test on 6 succeeded in 19 usecs
[    3.814493] [drm] ring test on 7 succeeded in 4 usecs
[    3.814500] [drm] VCE initialized successfully.
[    3.816344] [drm] ib test on ring 0 succeeded in 0 usecs
[    3.816624] [drm] ib test on ring 1 succeeded in 0 usecs
[    3.816895] [drm] ib test on ring 2 succeeded in 0 usecs
[    3.817172] [drm] ib test on ring 3 succeeded in 0 usecs
[    3.817445] [drm] ib test on ring 4 succeeded in 0 usecs
[    4.338826] [drm] ib test on ring 5 succeeded
[    4.360087] [drm] ib test on ring 6 succeeded
[    4.361091] [drm] ib test on ring 7 succeeded
[    4.408720] [drm] radeon atom DIG backlight initialized
[    4.408741] [drm] Radeon Display Connectors
[    4.408748] [drm] Connector 0:
[    4.408754] [drm]   LVDS-1
[    4.408760] [drm]   HPD1
[    4.408769] [drm]   DDC: 0x6530 0x6530 0x6534 0x6534 0x6538 0x6538 0x653c 0x653c
[    4.408777] [drm]   Encoders:
[    4.408783] [drm]     LCD1: INTERNAL_UNIPHY
[    4.408790] [drm] Connector 1:
[    4.408795] [drm]   HDMI-A-1
[    4.408801] [drm]   HPD2
[    4.408809] [drm]   DDC: 0x6540 0x6540 0x6544 0x6544 0x6548 0x6548 0x654c 0x654c
[    4.408817] [drm]   Encoders:
[    4.408822] [drm]     DFP1: INTERNAL_UNIPHY
[    4.408829] [drm] Connector 2:
[    4.408834] [drm]   VGA-1
[    4.408842] [drm]   DDC: 0x65c0 0x65c0 0x65c4 0x65c4 0x65c8 0x65c8 0x65cc 0x65cc
[    4.408850] [drm]   Encoders:
[    4.408856] [drm]     CRT1: INTERNAL_KLDSCP_DAC1
[    4.668667] rq->nr_running rq->cfs.nr_running : 1 1
[    4.668677] rq->load.weight, rq->cfs.load.weight : 1048576 1048576
[    5.490839] [drm] fb mappable at 0xC0722000
[    5.490860] [drm] vram apper at 0xC0000000
[    5.490867] [drm] size 4325376
[    5.490872] [drm] fb depth is 24
[    5.490878] [drm]    pitch is 5632
[    5.491244] fbcon: radeondrmfb (fb0) is primary device
[    5.598925] Console: switching to colour frame buffer device 170x48
[    5.609255] radeon 0000:00:01.0: fb0: radeondrmfb frame buffer device
[    5.657520] [drm] Initialized radeon 2.50.0 20080528 for 0000:00:01.0 on minor 0
[    5.678719] rq->nr_running rq->cfs.nr_running : 1 1
[    5.678819] rq->load.weight, rq->cfs.load.weight : 1048576 1048576
[    5.742292] Adding 3608572k swap on /dev/sda4.  Priority:1 extents:1 across:3608572k SS
[    5.796081] EXT4-fs (sda2): re-mounted. Opts: (null)
[    5.903249] EXT4-fs (sda2): re-mounted. Opts: (null)
[    6.688672] rq->nr_running rq->cfs.nr_running : 1 1
[    6.688762] rq->load.weight, rq->cfs.load.weight : 1048576 1048576
[    7.698687] rq->nr_running rq->cfs.nr_running : 1 1
[    7.705968] rq->load.weight, rq->cfs.load.weight : 1048576 1048576
[    8.680997] urandom_read: 6 callbacks suppressed
[    8.681002] random: wpa_supplicant: uninitialized urandom read (32 bytes read)
[    8.708906] rq->nr_running rq->cfs.nr_running : 1 1
[    8.712901] rq->load.weight, rq->cfs.load.weight : 1048576 1048576
[    9.718674] rq->nr_running rq->cfs.nr_running : 0 0
[    9.726902] rq->load.weight, rq->cfs.load.weight : 0 0
[   10.029565] wlp1s0: authenticate with 64:66:b3:cd:9a:3a
[   10.060771] wlp1s0: send auth to 64:66:b3:cd:9a:3a (try 1/3)
[   10.069271] wlp1s0: authenticated
[   10.078821] wlp1s0: associate with 64:66:b3:cd:9a:3a (try 1/3)
[   10.114211] wlp1s0: associate with 64:66:b3:cd:9a:3a (try 2/3)
[   10.185025] wlp1s0: associate with 64:66:b3:cd:9a:3a (try 3/3)
[   10.264151] wlp1s0: association with 64:66:b3:cd:9a:3a timed out
[   10.728672] rq->nr_running rq->cfs.nr_running : 0 0
[   10.732809] rq->load.weight, rq->cfs.load.weight : 0 0
[   11.084688] udevd (2254) used greatest stack depth: 11736 bytes left
[   11.649461] wlp1s0: authenticate with 64:66:b3:cd:9a:3a
[   11.675848] wlp1s0: send auth to 64:66:b3:cd:9a:3a (try 1/3)
[   11.682951] wlp1s0: authenticated
[   11.689616] wlp1s0: associate with 64:66:b3:cd:9a:3a (try 1/3)
[   11.738673] rq->nr_running rq->cfs.nr_running : 0 0
[   11.742799] rq->load.weight, rq->cfs.load.weight : 0 0
[   11.761647] wlp1s0: associate with 64:66:b3:cd:9a:3a (try 2/3)
[   11.840011] wlp1s0: associate with 64:66:b3:cd:9a:3a (try 3/3)
[   11.903837] wlp1s0: association with 64:66:b3:cd:9a:3a timed out
[   12.748673] rq->nr_running rq->cfs.nr_running : 0 0
[   12.752346] rq->load.weight, rq->cfs.load.weight : 0 0
[   13.689448] wlp1s0: authenticate with 64:66:b3:cd:9a:3a
[   13.719725] wlp1s0: send auth to 64:66:b3:cd:9a:3a (try 1/3)
[   13.726158] wlp1s0: authenticated
[   13.738747] wlp1s0: associate with 64:66:b3:cd:9a:3a (try 1/3)
[   13.758679] rq->nr_running rq->cfs.nr_running : 0 0
[   13.762089] rq->load.weight, rq->cfs.load.weight : 0 0
[   13.802327] wlp1s0: associate with 64:66:b3:cd:9a:3a (try 2/3)
[   13.850419] wlp1s0: associate with 64:66:b3:cd:9a:3a (try 3/3)
[   13.897668] wlp1s0: association with 64:66:b3:cd:9a:3a timed out
[   14.768671] rq->nr_running rq->cfs.nr_running : 0 0
[   14.772010] rq->load.weight, rq->cfs.load.weight : 0 0
[   15.778676] rq->nr_running rq->cfs.nr_running : 0 0
[   15.785409] rq->load.weight, rq->cfs.load.weight : 0 0
[   16.189450] wlp1s0: authenticate with 64:66:b3:cd:9a:3a
[   16.219102] wlp1s0: send auth to 64:66:b3:cd:9a:3a (try 1/3)
[   16.225193] wlp1s0: authenticated
[   16.229621] wlp1s0: associate with 64:66:b3:cd:9a:3a (try 1/3)
[   16.318215] wlp1s0: associate with 64:66:b3:cd:9a:3a (try 2/3)
[   16.372185] wlp1s0: associate with 64:66:b3:cd:9a:3a (try 3/3)
[   16.427358] wlp1s0: association with 64:66:b3:cd:9a:3a timed out
[   16.788674] rq->nr_running rq->cfs.nr_running : 0 0
[   16.791600] rq->load.weight, rq->cfs.load.weight : 0 0
[   17.798688] rq->nr_running rq->cfs.nr_running : 0 0
[   17.804506] rq->load.weight, rq->cfs.load.weight : 0 0
[   18.808670] rq->nr_running rq->cfs.nr_running : 0 0
[   18.814282] rq->load.weight, rq->cfs.load.weight : 0 0
[   19.818669] rq->nr_running rq->cfs.nr_running : 0 0
[   19.824188] rq->load.weight, rq->cfs.load.weight : 0 0
[   20.828683] rq->nr_running rq->cfs.nr_running : 0 0
[   20.834195] rq->load.weight, rq->cfs.load.weight : 0 0
[   26.733943] wlp1s0: authenticate with 64:66:b3:cd:9a:3a
[   26.754223] wlp1s0: send auth to 64:66:b3:cd:9a:3a (try 1/3)
[   26.760010] wlp1s0: authenticated
[   26.768843] wlp1s0: associate with 64:66:b3:cd:9a:3a (try 1/3)
[   26.779146] wlp1s0: RX AssocResp from 64:66:b3:cd:9a:3a (capab=0x431 status=0 aid=1)
[   26.782275] wlp1s0: associated
[   26.813242] IPv6: ADDRCONF(NETDEV_CHANGE): wlp1s0: link becomes ready
[  169.410166] random: crng init done
