[    0.000000] Linux version 5.2.0-rc7+ (root@(none)) (gcc version 9.0.1 20190416 (experimental) (GCC)) #168 SMP Sat Jul 6 17:18:27 +05 2019
[    0.000000] Command line: BOOT_IMAGE=/boot/bzImage root=/dev/sda2 ro
[    0.000000] x86/fpu: Supporting XSAVE feature 0x001: 'x87 floating point registers'
[    0.000000] x86/fpu: Supporting XSAVE feature 0x002: 'SSE registers'
[    0.000000] x86/fpu: Supporting XSAVE feature 0x004: 'AVX registers'
[    0.000000] x86/fpu: xstate_offset[2]:  576, xstate_sizes[2]:  256
[    0.000000] x86/fpu: Enabled xstate features 0x7, context size is 832 bytes, using 'standard' format.
[    0.000000] BIOS-provided physical RAM map:
[    0.000000] BIOS-e820: [mem 0x0000000000000000-0x000000000009ffff] usable
[    0.000000] BIOS-e820: [mem 0x0000000000100000-0x000000009d0f7fff] usable
[    0.000000] BIOS-e820: [mem 0x000000009d0f8000-0x000000009d127fff] reserved
[    0.000000] BIOS-e820: [mem 0x000000009d128000-0x000000009d370fff] usable
[    0.000000] BIOS-e820: [mem 0x000000009d371000-0x000000009dc56fff] ACPI NVS
[    0.000000] BIOS-e820: [mem 0x000000009dc57000-0x000000009e959fff] reserved
[    0.000000] BIOS-e820: [mem 0x000000009e95a000-0x000000009e9cafff] type 20
[    0.000000] BIOS-e820: [mem 0x000000009e9cb000-0x000000009e9cbfff] usable
[    0.000000] BIOS-e820: [mem 0x000000009e9cc000-0x000000009e9d3fff] ACPI NVS
[    0.000000] BIOS-e820: [mem 0x000000009e9d4000-0x000000009eb24fff] usable
[    0.000000] BIOS-e820: [mem 0x000000009eb25000-0x000000009f041fff] reserved
[    0.000000] BIOS-e820: [mem 0x000000009f042000-0x000000009f080fff] usable
[    0.000000] BIOS-e820: [mem 0x000000009f081000-0x000000009f3f1fff] reserved
[    0.000000] BIOS-e820: [mem 0x000000009f3f2000-0x000000009f3fffff] usable
[    0.000000] BIOS-e820: [mem 0x00000000fec00000-0x00000000fec01fff] reserved
[    0.000000] BIOS-e820: [mem 0x00000000fec10000-0x00000000fec10fff] reserved
[    0.000000] BIOS-e820: [mem 0x00000000fed00000-0x00000000fed00fff] reserved
[    0.000000] BIOS-e820: [mem 0x00000000fed80000-0x00000000fed8ffff] reserved
[    0.000000] BIOS-e820: [mem 0x00000000ff000000-0x00000000ffffffff] reserved
[    0.000000] BIOS-e820: [mem 0x0000000100001000-0x000000013effffff] usable
[    0.000000] NX (Execute Disable) protection: active
[    0.000000] efi: EFI v2.31 by American Megatrends
[    0.000000] efi:  ACPI=0x9d3f3000  ACPI 2.0=0x9d3f3000  SMBIOS=0x9e958998 
[    0.000000] SMBIOS 2.7 present.
[    0.000000] DMI: ASUSTeK COMPUTER INC. X102BA/X102BA, BIOS X102BA.212 08/30/2013
[    0.000000] tsc: Fast TSC calibration using PIT
[    0.000000] tsc: Detected 998.120 MHz processor
[    0.000213] e820: update [mem 0x00000000-0x00000fff] usable ==> reserved
[    0.000218] e820: remove [mem 0x000a0000-0x000fffff] usable
[    0.000238] last_pfn = 0x13f000 max_arch_pfn = 0x400000000
[    0.000248] MTRR default type: uncachable
[    0.000250] MTRR fixed ranges enabled:
[    0.000253]   00000-9FFFF write-back
[    0.000256]   A0000-BFFFF write-through
[    0.000260]   C0000-DFFFF uncachable
[    0.000262]   E0000-FFFFF write-protect
[    0.000264] MTRR variable ranges enabled:
[    0.000268]   0 base 0000000000 mask FF80000000 write-back
[    0.000272]   1 base 0080000000 mask FFE0000000 write-back
[    0.000276]   2 base 009F400000 mask FFFFC00000 uncachable
[    0.000279]   3 base 009F800000 mask FFFF800000 uncachable
[    0.000281]   4 disabled
[    0.000282]   5 disabled
[    0.000283]   6 disabled
[    0.000284]   7 disabled
[    0.000287] TOM2: 000000013f000000 aka 5104M
[    0.000803] x86/PAT: Configuration [0-7]: WB  WC  UC- UC  WB  WP  UC- WT  
[    0.001072] e820: update [mem 0x9f400000-0xffffffff] usable ==> reserved
[    0.001086] last_pfn = 0x9f400 max_arch_pfn = 0x400000000
[    0.014429] check: Scanning 1 areas for low memory corruption
[    0.014443] Using GB pages for direct mapping
[    0.014450] BRK [0x139e01000, 0x139e01fff] PGTABLE
[    0.014457] BRK [0x139e02000, 0x139e02fff] PGTABLE
[    0.014460] BRK [0x139e03000, 0x139e03fff] PGTABLE
[    0.014617] BRK [0x139e04000, 0x139e04fff] PGTABLE
[    0.014622] BRK [0x139e05000, 0x139e05fff] PGTABLE
[    0.014869] BRK [0x139e06000, 0x139e06fff] PGTABLE
[    0.015648] BRK [0x139e07000, 0x139e07fff] PGTABLE
[    0.015860] BRK [0x139e08000, 0x139e08fff] PGTABLE
[    0.016103] BRK [0x139e09000, 0x139e09fff] PGTABLE
[    0.016360] BRK [0x139e0a000, 0x139e0afff] PGTABLE
[    0.016571] BRK [0x139e0b000, 0x139e0bfff] PGTABLE
[    0.016851] BRK [0x139e0c000, 0x139e0cfff] PGTABLE
[    0.017391] Secure boot could not be determined
[    0.017407] ACPI: Early table checksum verification disabled
[    0.017418] ACPI: RSDP 0x000000009D3F3000 000024 (v02 _ASUS_)
[    0.017429] ACPI: XSDT 0x000000009D3F3088 000094 (v01 _ASUS_ Notebook 01072009 AMI  00010013)
[    0.017446] ACPI: FACP 0x000000009D400748 00010C (v05 _ASUS_ Notebook 01072009 AMI  00010013)
[    0.017462] ACPI BIOS Warning (bug): Optional FADT field Pm2ControlBlock has valid Length but zero Address: 0x0000000000000000/0x1 (20190509/tbfadt-615)
[    0.017476] ACPI: DSDT 0x000000009D3F31A8 00D59D (v02 _ASUS_ Notebook 00000000 INTL 20091112)
[    0.017487] ACPI: FACS 0x000000009DC4B080 000040
[    0.017496] ACPI: APIC 0x000000009D400858 00007E (v03 _ASUS_ Notebook 01072009 AMI  00010013)
[    0.017507] ACPI: FPDT 0x000000009D4008D8 000044 (v01 _ASUS_ Notebook 01072009 AMI  00010013)
[    0.017517] ACPI: ECDT 0x000000009D400920 0000C1 (v01 _ASUS_ Notebook 01072009 AMI. 00000005)
[    0.017527] ACPI: MCFG 0x000000009D4009E8 00003C (v01 _ASUS_ Notebook 01072009 MSFT 00010013)
[    0.017537] ACPI: HPET 0x000000009D400A28 000038 (v01 _ASUS_ Notebook 01072009 AMI  00000005)
[    0.017547] ACPI: VFCT 0x000000009D400A60 004684 (v01 _ASUS_ Notebook 00000001 AMD  31504F47)
[    0.017558] ACPI: BGRT 0x000000009D4050E8 000038 (v00 _ASUS_ Notebook 01072009 ASUS 00010013)
[    0.017568] ACPI: SSDT 0x000000009D405120 0005E0 (v01 AMD    AGESA    00000001 AMD  00000001)
[    0.017579] ACPI: SSDT 0x000000009D405700 0046D1 (v02 AMD    AGESA    00000002 MSFT 04000000)
[    0.017590] ACPI: CRAT 0x000000009D409DD8 000228 (v01 AMD    AGESA    00000001 AMD  00000001)
[    0.017600] ACPI: SSDT 0x000000009D40A000 001411 (v01 AMD    CPMDFIGP 00000001 INTL 20051117)
[    0.017610] ACPI: SSDT 0x000000009D40B418 0010E8 (v01 AMD    CPMCMN   00000001 INTL 20051117)
[    0.017621] ACPI: MSDM 0x000000009D127F98 000055 (v03 _ASUS_ Notebook 00000000 ASUS 00000001)
[    0.017648] ACPI: Local APIC address 0xfee00000
[    0.018001] No NUMA configuration found
[    0.018005] Faking a node at [mem 0x0000000000000000-0x000000013effffff]
[    0.018018] NODE_DATA(0) allocated [mem 0x13effb000-0x13effefff]
[    0.018073] Zone ranges:
[    0.018077]   DMA      [mem 0x0000000000001000-0x0000000000ffffff]
[    0.018082]   DMA32    [mem 0x0000000001000000-0x00000000ffffffff]
[    0.018086]   Normal   [mem 0x0000000100000000-0x000000013effffff]
[    0.018090] Movable zone start for each node
[    0.018093] Early memory node ranges
[    0.018097]   node   0: [mem 0x0000000000001000-0x000000000009ffff]
[    0.018100]   node   0: [mem 0x0000000000100000-0x000000009d0f7fff]
[    0.018104]   node   0: [mem 0x000000009d128000-0x000000009d370fff]
[    0.018107]   node   0: [mem 0x000000009e9cb000-0x000000009e9cbfff]
[    0.018110]   node   0: [mem 0x000000009e9d4000-0x000000009eb24fff]
[    0.018113]   node   0: [mem 0x000000009f042000-0x000000009f080fff]
[    0.018115]   node   0: [mem 0x000000009f3f2000-0x000000009f3fffff]
[    0.018119]   node   0: [mem 0x0000000100001000-0x000000013effffff]
[    0.018442] Zeroed struct page in unavailable ranges: 11138 pages
[    0.018449] Initmem setup node 0 [mem 0x0000000000001000-0x000000013effffff]
[    0.018458] On node 0 totalpages: 902270
[    0.018462]   DMA zone: 64 pages used for memmap
[    0.018463]   DMA zone: 23 pages reserved
[    0.018466]   DMA zone: 3999 pages, LIFO batch:0
[    0.018684]   DMA32 zone: 10004 pages used for memmap
[    0.018686]   DMA32 zone: 640224 pages, LIFO batch:63
[    0.059258]   Normal zone: 4032 pages used for memmap
[    0.059265]   Normal zone: 258047 pages, LIFO batch:63
[    0.072650] ACPI: PM-Timer IO Port: 0x808
[    0.072661] ACPI: Local APIC address 0xfee00000
[    0.072679] ACPI: LAPIC_NMI (acpi_id[0xff] high edge lint[0x1])
[    0.072694] IOAPIC[0]: apic_id 3, version 33, address 0xfec00000, GSI 0-23
[    0.072704] IOAPIC[1]: apic_id 4, version 33, address 0xfec01000, GSI 24-55
[    0.072712] ACPI: INT_SRC_OVR (bus 0 bus_irq 0 global_irq 2 dfl dfl)
[    0.072718] ACPI: INT_SRC_OVR (bus 0 bus_irq 9 global_irq 9 low level)
[    0.072722] ACPI: IRQ0 used by override.
[    0.072725] ACPI: IRQ9 used by override.
[    0.072730] Using ACPI (MADT) for SMP configuration information
[    0.072735] ACPI: HPET id: 0x10228210 base: 0xfed00000
[    0.072751] smpboot: Allowing 4 CPUs, 2 hotplug CPUs
[    0.072825] PM: Registered nosave memory: [mem 0x00000000-0x00000fff]
[    0.072831] PM: Registered nosave memory: [mem 0x000a0000-0x000fffff]
[    0.072838] PM: Registered nosave memory: [mem 0x9d0f8000-0x9d127fff]
[    0.072845] PM: Registered nosave memory: [mem 0x9d371000-0x9dc56fff]
[    0.072848] PM: Registered nosave memory: [mem 0x9dc57000-0x9e959fff]
[    0.072851] PM: Registered nosave memory: [mem 0x9e95a000-0x9e9cafff]
[    0.072857] PM: Registered nosave memory: [mem 0x9e9cc000-0x9e9d3fff]
[    0.072864] PM: Registered nosave memory: [mem 0x9eb25000-0x9f041fff]
[    0.072870] PM: Registered nosave memory: [mem 0x9f081000-0x9f3f1fff]
[    0.072877] PM: Registered nosave memory: [mem 0x9f400000-0xfebfffff]
[    0.072880] PM: Registered nosave memory: [mem 0xfec00000-0xfec01fff]
[    0.072882] PM: Registered nosave memory: [mem 0xfec02000-0xfec0ffff]
[    0.072885] PM: Registered nosave memory: [mem 0xfec10000-0xfec10fff]
[    0.072888] PM: Registered nosave memory: [mem 0xfec11000-0xfecfffff]
[    0.072891] PM: Registered nosave memory: [mem 0xfed00000-0xfed00fff]
[    0.072894] PM: Registered nosave memory: [mem 0xfed01000-0xfed7ffff]
[    0.072896] PM: Registered nosave memory: [mem 0xfed80000-0xfed8ffff]
[    0.072899] PM: Registered nosave memory: [mem 0xfed90000-0xfeffffff]
[    0.072902] PM: Registered nosave memory: [mem 0xff000000-0xffffffff]
[    0.072905] PM: Registered nosave memory: [mem 0x100000000-0x100000fff]
[    0.072912] [mem 0x9f400000-0xfebfffff] available for PCI devices
[    0.072923] clocksource: refined-jiffies: mask: 0xffffffff max_cycles: 0xffffffff, max_idle_ns: 19112604462750000 ns
[    0.496823] setup_percpu: NR_CPUS:64 nr_cpumask_bits:64 nr_cpu_ids:4 nr_node_ids:1
[    0.498011] percpu: Embedded 51 pages/cpu s170008 r8192 d30696 u524288
[    0.498050] pcpu-alloc: s170008 r8192 d30696 u524288 alloc=1*2097152
[    0.498053] pcpu-alloc: [0] 0 1 2 3 
[    0.498132] Built 1 zonelists, mobility grouping on.  Total pages: 888147
[    0.498136] Policy zone: Normal
[    0.498143] Kernel command line: BOOT_IMAGE=/boot/bzImage root=/dev/sda2 ro
[    0.562272] Memory: 3432176K/3609080K available (14357K kernel code, 1433K rwdata, 4456K rodata, 1296K init, 856K bss, 176904K reserved, 0K cma-reserved)
[    0.562494] SLUB: HWalign=64, Order=0-3, MinObjects=0, CPUs=4, Nodes=1
[    0.562731] rcu: Hierarchical RCU implementation.
[    0.562735] rcu: 	RCU event tracing is enabled.
[    0.562738] rcu: 	RCU restricting CPUs from NR_CPUS=64 to nr_cpu_ids=4.
[    0.562743] rcu: RCU calculated value of scheduler-enlistment delay is 10 jiffies.
[    0.562747] rcu: Adjusting geometry for rcu_fanout_leaf=16, nr_cpu_ids=4
[    0.563332] NR_IRQS: 4352, nr_irqs: 1000, preallocated irqs: 16
[    0.563923] random: get_random_bytes called from start_kernel+0x2c6/0x493 with crng_init=0
[    0.564007] Console: colour dummy device 80x25
[    0.564691] printk: console [tty0] enabled
[    0.564738] ACPI: Core revision 20190509
[    0.565423] clocksource: hpet: mask: 0xffffffff max_cycles: 0xffffffff, max_idle_ns: 133484873504 ns
[    0.565452] hpet clockevent registered
[    0.565463] APIC: Switch to symmetric I/O mode setup
[    0.566318] ..TIMER: vector=0x30 apic1=0 pin1=2 apic2=-1 pin2=-1
[    0.615464] clocksource: tsc-early: mask: 0xffffffffffffffff max_cycles: 0x1cc64e6f77d, max_idle_ns: 881590591131 ns
[    0.615481] Calibrating delay loop (skipped), value calculated using timer frequency.. 1996.24 BogoMIPS (lpj=9981200)
[    0.615496] pid_max: default: 32768 minimum: 301
[    0.618108] LSM: Security Framework initializing
[    0.618141] SELinux:  Initializing.
[    0.618178] *** VALIDATE SELinux ***
[    0.620414] Dentry cache hash table entries: 524288 (order: 10, 4194304 bytes)
[    0.621586] Inode-cache hash table entries: 262144 (order: 9, 2097152 bytes)
[    0.621688] Mount-cache hash table entries: 8192 (order: 4, 65536 bytes)
[    0.621734] Mountpoint-cache hash table entries: 8192 (order: 4, 65536 bytes)
[    0.622140] *** VALIDATE proc ***
[    0.622231] *** VALIDATE cgroup1 ***
[    0.622242] *** VALIDATE cgroup2 ***
[    0.622345] LVT offset 1 assigned for vector 0xf9
[    0.622361] Last level iTLB entries: 4KB 512, 2MB 8, 4MB 4
[    0.622369] Last level dTLB entries: 4KB 512, 2MB 256, 4MB 128, 1GB 0
[    0.622378] Spectre V2 : Mitigation: Full AMD retpoline
[    0.622385] Spectre V2 : Spectre v2 / SpectreRSB mitigation: Filling RSB on context switch
[    0.622397] Speculative Store Bypass: Mitigation: Speculative Store Bypass disabled via prctl and seccomp
[    0.622969] Freeing SMP alternatives memory: 40K
[    0.635479] smpboot: CPU0: AMD A4-1200 APU with Radeon(TM) HD Graphics (family: 0x16, model: 0x0, stepping: 0x1)
[    0.635479] Performance Events: AMD PMU driver.
[    0.635479] ... version:                0
[    0.635479] ... bit width:              48
[    0.635479] ... generic registers:      4
[    0.635479] ... value mask:             0000ffffffffffff
[    0.635479] ... max period:             00007fffffffffff
[    0.635479] ... fixed-purpose events:   0
[    0.635479] ... event mask:             000000000000000f
[    0.635479] rcu: Hierarchical SRCU implementation.
[    0.635479] MCE: In-kernel MCE decoding enabled.
[    0.635479] smp: Bringing up secondary CPUs ...
[    0.635479] x86: Booting SMP configuration:
[    0.635479] .... node  #0, CPUs:      #1
[    0.635479] smp: Brought up 1 node, 2 CPUs
[    0.635479] smpboot: Max logical packages: 2
[    0.635479] smpboot: Total of 2 processors activated (3992.48 BogoMIPS)
[    0.635479] devtmpfs: initialized
[    0.635479] PM: Registering ACPI NVS region [mem 0x9d371000-0x9dc56fff] (9330688 bytes)
[    0.635479] PM: Registering ACPI NVS region [mem 0x9e9cc000-0x9e9d3fff] (32768 bytes)
[    0.635479] clocksource: jiffies: mask: 0xffffffff max_cycles: 0xffffffff, max_idle_ns: 19112604462750000 ns
[    0.635479] futex hash table entries: 1024 (order: 4, 65536 bytes)
[    0.635479] kworker/u8:0 (22) used greatest stack depth: 14624 bytes left
[    0.635479] NET: Registered protocol family 16
[    0.635479] audit: initializing netlink subsys (disabled)
[    0.635479] audit: type=2000 audit(1562478680.060:1): state=initialized audit_enabled=0 res=1
[    0.635479] cpuidle: using governor ladder
[    0.635479] cpuidle: using governor menu
[    0.635479] ACPI FADT declares the system doesn't support PCIe ASPM, so disable it
[    0.635479] ACPI: bus type PCI registered
[    0.635479] PCI: MMCONFIG for domain 0000 [bus 00-ff] at [mem 0xe0000000-0xefffffff] (base 0xe0000000)
[    0.635479] PCI: not using MMCONFIG
[    0.635479] PCI: Using configuration type 1 for base access
[    0.635479] PCI: Using configuration type 1 for extended access
[    0.635511] rq->curr == THREAD(this messg)
[    0.635514] state TASK_RUNNING
[    0.635527] color, tsk->comm, weight, vruntime, state: -111977413652071 kworker/u8:1 1048576 47830795 0
[    0.635534] color, tsk->comm, weight, vruntime, state: -111977413662440 kworker/u8:1 1048576 47830795 0
[    0.635546] color, tsk->comm, weight, vruntime, state: -111977413652071 kworker/u8:1 1048576 47830795 0
[    0.635558] color, tsk->comm, weight, vruntime, state: 1 kworker/u8:1 1048576 48045082 0
[    0.635570] color, tsk->comm, weight, vruntime, state: -111977405879143 kworker/u8:1 1048576 48330796 0
[    0.635581] color, tsk->comm, weight, vruntime, state: -111977413662440 kworker/u8:1 1048576 48730795 0
[    0.635592] color, tsk->comm, weight, vruntime, state: -111977405879143 kworker/u8:1 1048576 49330795 0
[    0.635601] proc in rq 7
[    0.635612] rq->nr_running rq->cfs.nr_running : 8 8
[    0.635622] rq->load.weight, rq->cfs.load.weight : 8388608 8388608
[    0.635623] ----------------^^^^CPU0^^^^^-----------------------
[    0.635630] rq->curr->pid == 1
[    0.635637] state TASK_RUNNING
[    0.635645] color, tsk->comm, weight, vruntime, state: -111977413672808 kworker/u8:0 1048576 28351403 0
[    0.635652] color, tsk->comm, weight, vruntime, state: -111977405882599 kworker/u8:1 1048576 34351403 0
[    0.635664] color, tsk->comm, weight, vruntime, state: 1 kworker/u8:1 1048576 34951403 0
[    0.635675] color, tsk->comm, weight, vruntime, state: -111977405882599 kthreadd 1048576 37351400 0
[    0.635684] proc in rq 4
[    0.635694] rq->nr_running rq->cfs.nr_running : 5 5
[    0.635704] rq->load.weight, rq->cfs.load.weight : 5242880 5242880
[    0.635705] ----------------^^^^CPU1^^^^^-----------------------
[    0.635713] rq->curr->pid == 0
[    0.635719] state TASK_RUNNING
[    0.635725] proc in rq 0
[    0.635731] rq->nr_running rq->cfs.nr_running : 0 0
[    0.635741] rq->load.weight, rq->cfs.load.weight : 0 0
[    0.635743] ----------------^^^^CPU2^^^^^-----------------------
[    0.635749] rq->curr->pid == 0
[    0.635756] state TASK_RUNNING
[    0.635761] proc in rq 0
[    0.635767] rq->nr_running rq->cfs.nr_running : 0 0
[    0.635777] rq->load.weight, rq->cfs.load.weight : 0 0
[    0.635778] ----------------^^^^CPU3^^^^^-----------------------
[    0.651290] kworker/u8:0 (47) used greatest stack depth: 14160 bytes left
[    0.682091] HugeTLB registered 2.00 MiB page size, pre-allocated 0 pages
[    0.698018] ACPI: Added _OSI(Module Device)
[    0.698018] ACPI: Added _OSI(Processor Device)
[    0.698018] ACPI: Added _OSI(3.0 _SCP Extensions)
[    0.698018] ACPI: Added _OSI(Processor Aggregator Device)
[    0.698018] ACPI: Added _OSI(Linux-Dell-Video)
[    0.698018] ACPI: Added _OSI(Linux-Lenovo-NV-HDMI-Audio)
[    0.698018] ACPI: Added _OSI(Linux-HPI-Hybrid-Graphics)
[    0.735677] ACPI: 5 ACPI AML tables successfully acquired and loaded
[    0.739254] ACPI: EC: EC started
[    0.739264] ACPI: EC: interrupt blocked
[    0.741657] ACPI: \: Used as first EC
[    0.741670] ACPI: \: GPE=0x3, EC_CMD/EC_SC=0x66, EC_DATA=0x62
[    0.741677] ACPI: EC: Boot ECDT EC used to handle transactions
[    0.747217] ACPI: [Firmware Bug]: BIOS _OSI(Linux) query ignored
[    0.752018] ACPI: Interpreter enabled
[    0.752107] ACPI: (supports S0 S3 S4 S5)
[    0.752118] ACPI: Using IOAPIC for interrupt routing
[    0.755479] PCI: MMCONFIG for domain 0000 [bus 00-ff] at [mem 0xe0000000-0xefffffff] (base 0xe0000000)
[    0.755479] PCI: MMCONFIG at [mem 0xe0000000-0xefffffff] reserved in ACPI motherboard resources
[    0.755479] PCI: Using host bridge windows from ACPI; if necessary, use "pci=nocrs" and report a bug
[    0.755479] ACPI: Enabled 3 GPEs in block 00 to 1F
[    1.685515] rq->curr == THREAD(this messg)
[    1.685518] state TASK_RUNNING
[    1.685536] proc in rq 0
[    1.685544] rq->nr_running rq->cfs.nr_running : 1 1
[    1.685555] rq->load.weight, rq->cfs.load.weight : 1048576 1048576
[    1.685556] ----------------^^^^CPU0^^^^^-----------------------
[    1.685564] rq->curr->pid == 1
[    1.685570] state TASK_RUNNING
[    1.685579] color, tsk->comm, weight, vruntime, state: 1 kworker/1:2 1048576 331923952 0
[    1.685584] proc in rq 1
[    1.685595] rq->nr_running rq->cfs.nr_running : 2 2
[    1.685605] rq->load.weight, rq->cfs.load.weight : 2097152 2097152
[    1.685606] ----------------^^^^CPU1^^^^^-----------------------
[    1.685614] rq->curr->pid == 0
[    1.685620] state TASK_RUNNING
[    1.685626] proc in rq 0
[    1.685632] rq->nr_running rq->cfs.nr_running : 0 0
[    1.685641] rq->load.weight, rq->cfs.load.weight : 0 0
[    1.685643] ----------------^^^^CPU2^^^^^-----------------------
[    1.685650] rq->curr->pid == 0
[    1.685656] state TASK_RUNNING
[    1.685662] proc in rq 0
[    1.685668] rq->nr_running rq->cfs.nr_running : 0 0
[    1.685678] rq->load.weight, rq->cfs.load.weight : 0 0
[    1.685679] ----------------^^^^CPU3^^^^^-----------------------
[    1.711573] ACPI: PCI Root Bridge [PCI0] (domain 0000 [bus 00-ff])
[    1.711573] acpi PNP0A08:00: _OSC: OS supports [ExtendedConfig ASPM ClockPM Segments MSI HPX-Type3]
[    1.711573] acpi PNP0A08:00: _OSC: platform does not support [LTR]
[    1.711573] acpi PNP0A08:00: _OSC: OS now controls [PME AER PCIeCapability]
[    1.711573] acpi PNP0A08:00: FADT indicates ASPM is unsupported, using BIOS configuration
[    1.711613] PCI host bridge to bus 0000:00
[    1.711613] pci_bus 0000:00: root bus resource [io  0x0000-0x03af window]
[    1.711613] pci_bus 0000:00: root bus resource [io  0x03e0-0x0cf7 window]
[    1.711613] pci_bus 0000:00: root bus resource [io  0x03b0-0x03df window]
[    1.711613] pci_bus 0000:00: root bus resource [io  0x0d00-0xffff window]
[    1.711613] pci_bus 0000:00: root bus resource [mem 0x000a0000-0x000bffff window]
[    1.711613] pci_bus 0000:00: root bus resource [mem 0x000c0000-0x000dffff window]
[    1.711613] pci_bus 0000:00: root bus resource [mem 0xc0000000-0xffffffff window]
[    1.711613] pci_bus 0000:00: root bus resource [bus 00-ff]
[    1.711613] pci 0000:00:00.0: [1022:1536] type 00 class 0x060000
[    1.714777] pci 0000:00:01.0: [1002:9839] type 00 class 0x030000
[    1.714777] pci 0000:00:01.0: reg 0x10: [mem 0xc0000000-0xcfffffff 64bit pref]
[    1.714777] pci 0000:00:01.0: reg 0x18: [mem 0xd0000000-0xd07fffff 64bit pref]
[    1.714777] pci 0000:00:01.0: reg 0x20: [io  0xf000-0xf0ff]
[    1.714777] pci 0000:00:01.0: reg 0x24: [mem 0xfeb00000-0xfeb3ffff]
[    1.714777] pci 0000:00:01.0: reg 0x30: [mem 0xfeb40000-0xfeb5ffff pref]
[    1.714777] pci 0000:00:01.0: enabling Extended Tags
[    1.714777] pci 0000:00:01.0: BAR 0: assigned to efifb
[    1.714777] pci 0000:00:01.0: supports D1 D2
[    1.714777] pci 0000:00:01.0: PME# supported from D1 D2 D3hot
[    1.714939] pci 0000:00:01.1: [1002:9840] type 00 class 0x040300
[    1.714939] pci 0000:00:01.1: reg 0x10: [mem 0xfeb64000-0xfeb67fff 64bit]
[    1.714939] pci 0000:00:01.1: enabling Extended Tags
[    1.714939] pci 0000:00:01.1: supports D1 D2
[    1.715509] pci 0000:00:02.0: [1022:1538] type 00 class 0x060000
[    1.715644] pci 0000:00:02.2: [1022:1439] type 01 class 0x060400
[    1.715644] pci 0000:00:02.2: enabling Extended Tags
[    1.715644] pci 0000:00:02.2: PME# supported from D0 D3hot D3cold
[    1.715888] pci 0000:00:02.3: [1022:1439] type 01 class 0x060400
[    1.715888] pci 0000:00:02.3: enabling Extended Tags
[    1.715888] pci 0000:00:02.3: PME# supported from D0 D3hot D3cold
[    1.716311] pci 0000:00:10.0: [1022:7814] type 00 class 0x0c0330
[    1.716311] pci 0000:00:10.0: reg 0x10: [mem 0xfeb68000-0xfeb69fff 64bit]
[    1.716311] pci 0000:00:10.0: PME# supported from D0 D3hot D3cold
[    1.716697] pci 0000:00:11.0: [1022:7801] type 00 class 0x010601
[    1.716697] pci 0000:00:11.0: reg 0x10: [io  0xf140-0xf147]
[    1.716697] pci 0000:00:11.0: reg 0x14: [io  0xf130-0xf133]
[    1.716697] pci 0000:00:11.0: reg 0x18: [io  0xf120-0xf127]
[    1.716697] pci 0000:00:11.0: reg 0x1c: [io  0xf110-0xf113]
[    1.716697] pci 0000:00:11.0: reg 0x20: [io  0xf100-0xf10f]
[    1.716697] pci 0000:00:11.0: reg 0x24: [mem 0xfeb6f000-0xfeb6f3ff]
[    1.716697] pci 0000:00:11.0: PME# supported from D3hot
[    1.717154] pci 0000:00:12.0: [1022:7807] type 00 class 0x0c0310
[    1.717154] pci 0000:00:12.0: reg 0x10: [mem 0xfeb6e000-0xfeb6efff]
[    1.717600] pci 0000:00:12.2: [1022:7808] type 00 class 0x0c0320
[    1.717600] pci 0000:00:12.2: reg 0x10: [mem 0xfeb6d000-0xfeb6d0ff]
[    1.717600] pci 0000:00:12.2: supports D1 D2
[    1.717600] pci 0000:00:12.2: PME# supported from D0 D1 D2 D3hot D3cold
[    1.717893] pci 0000:00:13.0: [1022:7807] type 00 class 0x0c0310
[    1.717893] pci 0000:00:13.0: reg 0x10: [mem 0xfeb6c000-0xfeb6cfff]
[    1.718338] pci 0000:00:13.2: [1022:7808] type 00 class 0x0c0320
[    1.718338] pci 0000:00:13.2: reg 0x10: [mem 0xfeb6b000-0xfeb6b0ff]
[    1.718338] pci 0000:00:13.2: supports D1 D2
[    1.718338] pci 0000:00:13.2: PME# supported from D0 D1 D2 D3hot D3cold
[    1.718684] pci 0000:00:14.0: [1022:780b] type 00 class 0x0c0500
[    1.719833] pci 0000:00:14.2: [1022:780d] type 00 class 0x040300
[    1.719833] pci 0000:00:14.2: reg 0x10: [mem 0xfeb60000-0xfeb63fff 64bit]
[    1.719833] pci 0000:00:14.2: PME# supported from D0 D3hot D3cold
[    1.720004] pci 0000:00:14.3: [1022:780e] type 00 class 0x060100
[    1.720487] pci 0000:00:14.7: [1022:7813] type 00 class 0x080501
[    1.720487] pci 0000:00:14.7: reg 0x10: [mem 0xfeb6a000-0xfeb6a0ff 64bit]
[    1.720560] pci 0000:00:18.0: [1022:1530] type 00 class 0x060000
[    1.720763] pci 0000:00:18.1: [1022:1531] type 00 class 0x060000
[    1.720987] pci 0000:00:18.2: [1022:1532] type 00 class 0x060000
[    1.721221] pci 0000:00:18.3: [1022:1533] type 00 class 0x060000
[    1.721434] pci 0000:00:18.4: [1022:1534] type 00 class 0x060000
[    1.721661] pci 0000:00:18.5: [1022:1535] type 00 class 0x060000
[    1.722216] pci 0000:01:00.0: [168c:0032] type 00 class 0x028000
[    1.722216] pci 0000:01:00.0: reg 0x10: [mem 0xfea00000-0xfea7ffff 64bit]
[    1.722216] pci 0000:01:00.0: reg 0x30: [mem 0xfea80000-0xfea8ffff pref]
[    1.722216] pci 0000:01:00.0: supports D1 D2
[    1.722216] pci 0000:01:00.0: PME# supported from D0 D1 D2 D3hot D3cold
[    1.722219] pci 0000:00:02.2: PCI bridge to [bus 01]
[    1.722219] pci 0000:00:02.2:   bridge window [mem 0xfea00000-0xfeafffff]
[    1.722927] pci 0000:02:00.0: [10ec:8136] type 00 class 0x020000
[    1.722927] pci 0000:02:00.0: reg 0x10: [io  0xe000-0xe0ff]
[    1.722927] pci 0000:02:00.0: reg 0x18: [mem 0xd0804000-0xd0804fff 64bit pref]
[    1.722927] pci 0000:02:00.0: reg 0x20: [mem 0xd0800000-0xd0803fff 64bit pref]
[    1.722927] pci 0000:02:00.0: supports D1 D2
[    1.722927] pci 0000:02:00.0: PME# supported from D0 D1 D2 D3hot D3cold
[    1.722931] pci 0000:00:02.3: PCI bridge to [bus 02]
[    1.722931] pci 0000:00:02.3:   bridge window [io  0xe000-0xefff]
[    1.722931] pci 0000:00:02.3:   bridge window [mem 0xd0800000-0xd08fffff 64bit pref]
[    1.725733] ACPI: PCI Interrupt Link [LNKA] (IRQs 4 7 10 11 14 15) *0
[    1.725733] ACPI: PCI Interrupt Link [LNKB] (IRQs 4 7 10 11 14 15) *0
[    1.725733] ACPI: PCI Interrupt Link [LNKC] (IRQs 4 7 10 11 14 15) *0
[    1.725733] ACPI: PCI Interrupt Link [LNKD] (IRQs 4 7 10 11 14 15) *0
[    1.725733] ACPI: PCI Interrupt Link [LNKE] (IRQs 4 7 10 11 14 15) *0
[    1.725733] ACPI: PCI Interrupt Link [LNKF] (IRQs 4 7 10 11 14 15) *0
[    1.725733] ACPI: PCI Interrupt Link [LNKG] (IRQs 4 7 10 11 14 15) *0
[    1.725733] ACPI: PCI Interrupt Link [LNKH] (IRQs 4 7 10 11 14 15) *0
[    1.728264] ACPI: EC: interrupt unblocked
[    1.728264] ACPI: EC: event unblocked
[    1.728264] ACPI: \_SB_.PCI0.SBRG.EC0_: GPE=0x3, EC_CMD/EC_SC=0x66, EC_DATA=0x62
[    1.728264] ACPI: \_SB_.PCI0.SBRG.EC0_: Boot DSDT EC used to handle transactions and events
[    1.728773] pci 0000:00:01.0: vgaarb: setting as boot VGA device
[    1.728773] pci 0000:00:01.0: vgaarb: VGA device added: decodes=io+mem,owns=io+mem,locks=none
[    1.728773] pci 0000:00:01.0: vgaarb: bridge control possible
[    1.728773] vgaarb: loaded
[    1.728773] SCSI subsystem initialized
[    1.729577] libata version 3.00 loaded.
[    1.729577] ACPI: bus type USB registered
[    1.729577] usbcore: registered new interface driver usbfs
[    1.729577] usbcore: registered new interface driver hub
[    1.729577] usbcore: registered new device driver usb
[    1.729577] pps_core: LinuxPPS API ver. 1 registered
[    1.729577] pps_core: Software ver. 5.3.6 - Copyright 2005-2007 Rodolfo Giometti <giometti@linux.it>
[    1.729577] PTP clock support registered
[    1.731350] EDAC MC: Ver: 3.0.0
[    1.732339] Registered efivars operations
[    1.732695] Advanced Linux Sound Architecture Driver Initialized.
[    1.732771] PCI: Using ACPI for IRQ routing
[    1.742229] PCI: pci_cache_line_size set to 64 bytes
[    1.742343] e820: reserve RAM buffer [mem 0x9d0f8000-0x9fffffff]
[    1.742349] e820: reserve RAM buffer [mem 0x9d371000-0x9fffffff]
[    1.742353] e820: reserve RAM buffer [mem 0x9e9cc000-0x9fffffff]
[    1.742357] e820: reserve RAM buffer [mem 0x9eb25000-0x9fffffff]
[    1.742360] e820: reserve RAM buffer [mem 0x9f081000-0x9fffffff]
[    1.742363] e820: reserve RAM buffer [mem 0x9f400000-0x9fffffff]
[    1.742366] e820: reserve RAM buffer [mem 0x13f000000-0x13fffffff]
[    1.745674] NetLabel: Initializing
[    1.745674] NetLabel:  domain hash size = 128
[    1.745674] NetLabel:  protocols = UNLABELED CIPSOv4 CALIPSO
[    1.745674] NetLabel:  unlabeled traffic allowed by default
[    1.745674] hpet0: at MMIO 0xfed00000, IRQs 2, 8, 0
[    1.745674] hpet0: 3 comparators, 32-bit 14.318180 MHz counter
[    1.751858] clocksource: Switched to clocksource tsc-early
[    1.806521] VFS: Disk quotas dquot_6.6.0
[    1.806588] VFS: Dquot-cache hash table entries: 512 (order 0, 4096 bytes)
[    1.806681] *** VALIDATE hugetlbfs ***
[    1.806794] pnp: PnP ACPI init
[    1.807306] system 00:00: [mem 0xe0000000-0xefffffff] has been reserved
[    1.807403] system 00:00: Plug and Play ACPI device, IDs PNP0c01 (active)
[    1.807668] system 00:01: [mem 0xa0000000-0xbfffffff] has been reserved
[    1.807744] system 00:01: Plug and Play ACPI device, IDs PNP0c02 (active)
[    1.808015] system 00:02: Plug and Play ACPI device, IDs PNP0c02 (active)
[    1.808159] pnp 00:03: Plug and Play ACPI device, IDs PNP0b00 (active)
[    1.808397] system 00:04: [io  0x04d0-0x04d1] has been reserved
[    1.808470] system 00:04: Plug and Play ACPI device, IDs PNP0c02 (active)
[    1.808739] pnp 00:05: Plug and Play ACPI device, IDs ETD0108 SYN0a00 SYN0002 PNP0f03 PNP0f13 PNP0f12 (active)
[    1.808926] pnp 00:06: Plug and Play ACPI device, IDs ATK3001 PNP030b (active)
[    1.809805] system 00:07: [io  0x04d0-0x04d1] has been reserved
[    1.809820] system 00:07: [io  0x040b] has been reserved
[    1.809832] system 00:07: [io  0x04d6] has been reserved
[    1.809843] system 00:07: [io  0x0c00-0x0c01] has been reserved
[    1.809855] system 00:07: [io  0x0c14] has been reserved
[    1.809866] system 00:07: [io  0x0c50-0x0c51] has been reserved
[    1.809877] system 00:07: [io  0x0c52] has been reserved
[    1.809887] system 00:07: [io  0x0c6c] has been reserved
[    1.809898] system 00:07: [io  0x0c6f] has been reserved
[    1.809909] system 00:07: [io  0x0cd0-0x0cd1] has been reserved
[    1.809920] system 00:07: [io  0x0cd2-0x0cd3] has been reserved
[    1.809931] system 00:07: [io  0x0cd4-0x0cd5] has been reserved
[    1.809942] system 00:07: [io  0x0cd6-0x0cd7] has been reserved
[    1.809953] system 00:07: [io  0x0cd8-0x0cdf] has been reserved
[    1.809964] system 00:07: [io  0x0800-0x089f] has been reserved
[    1.809975] system 00:07: [io  0x0900-0x090f] has been reserved
[    1.809986] system 00:07: [io  0x0910-0x091f] has been reserved
[    1.809998] system 00:07: [io  0xfe00-0xfefe] has been reserved
[    1.810012] system 00:07: [mem 0xfec00000-0xfec00fff] could not be reserved
[    1.810025] system 00:07: [mem 0xfee00000-0xfee00fff] has been reserved
[    1.810037] system 00:07: [mem 0xfed80000-0xfed8ffff] has been reserved
[    1.810049] system 00:07: [mem 0xfed61000-0xfed70fff] has been reserved
[    1.810061] system 00:07: [mem 0xfec10000-0xfec10fff] has been reserved
[    1.810073] system 00:07: [mem 0xfed00000-0xfed00fff] could not be reserved
[    1.810085] system 00:07: [mem 0xff000000-0xffffffff] has been reserved
[    1.810158] system 00:07: Plug and Play ACPI device, IDs PNP0c02 (active)
[    1.811023] pnp: PnP ACPI: found 8 devices
[    1.826136] clocksource: acpi_pm: mask: 0xffffff max_cycles: 0xffffff, max_idle_ns: 2085701024 ns
[    1.826862] pci 0000:00:02.2: PCI bridge to [bus 01]
[    1.826884] pci 0000:00:02.2:   bridge window [mem 0xfea00000-0xfeafffff]
[    1.826903] pci 0000:00:02.3: PCI bridge to [bus 02]
[    1.826916] pci 0000:00:02.3:   bridge window [io  0xe000-0xefff]
[    1.826933] pci 0000:00:02.3:   bridge window [mem 0xd0800000-0xd08fffff 64bit pref]
[    1.826956] pci_bus 0000:00: resource 4 [io  0x0000-0x03af window]
[    1.826967] pci_bus 0000:00: resource 5 [io  0x03e0-0x0cf7 window]
[    1.826978] pci_bus 0000:00: resource 6 [io  0x03b0-0x03df window]
[    1.826988] pci_bus 0000:00: resource 7 [io  0x0d00-0xffff window]
[    1.826999] pci_bus 0000:00: resource 8 [mem 0x000a0000-0x000bffff window]
[    1.827010] pci_bus 0000:00: resource 9 [mem 0x000c0000-0x000dffff window]
[    1.827021] pci_bus 0000:00: resource 10 [mem 0xc0000000-0xffffffff window]
[    1.827032] pci_bus 0000:01: resource 1 [mem 0xfea00000-0xfeafffff]
[    1.827043] pci_bus 0000:02: resource 0 [io  0xe000-0xefff]
[    1.827053] pci_bus 0000:02: resource 2 [mem 0xd0800000-0xd08fffff 64bit pref]
[    1.827324] NET: Registered protocol family 2
[    1.835637] tcp_listen_portaddr_hash hash table entries: 2048 (order: 3, 32768 bytes)
[    1.835697] TCP established hash table entries: 32768 (order: 6, 262144 bytes)
[    1.835913] TCP bind hash table entries: 32768 (order: 7, 524288 bytes)
[    1.836146] TCP: Hash tables configured (established 32768 bind 32768)
[    1.836311] UDP hash table entries: 2048 (order: 4, 65536 bytes)
[    1.836373] UDP-Lite hash table entries: 2048 (order: 4, 65536 bytes)
[    1.836546] NET: Registered protocol family 1
[    1.836921] RPC: Registered named UNIX socket transport module.
[    1.836932] RPC: Registered udp transport module.
[    1.836939] RPC: Registered tcp transport module.
[    1.836945] RPC: Registered tcp NFSv4.1 backchannel transport module.
[    1.837540] pci 0000:00:01.0: Video device with shadowed ROM at [mem 0x000c0000-0x000dffff]
[    1.838069] pci 0000:00:12.0: enabling device (0000 -> 0002)
[    1.838712] pci 0000:00:12.2: PME# does not work under D3, disabling it
[    1.838738] pci 0000:00:13.0: enabling device (0000 -> 0002)
[    1.839367] pci 0000:00:13.2: PME# does not work under D3, disabling it
[    1.839463] PCI: CLS 64 bytes, default 64
[    1.839607] PCI-DMA: Using software bounce buffering for IO (SWIOTLB)
[    1.839619] software IO TLB: mapped [mem 0x97989000-0x9b989000] (64MB)
[    1.839828] amd_uncore: AMD NB counters detected
[    1.839844] amd_uncore: AMD LLC counters detected
[    1.839961] LVT offset 0 assigned for vector 0x400
[    1.840046] perf: AMD IBS detected (0x000000ff)
[    1.840065] kvm: no hardware support
[    1.840169] kvm: Nested Virtualization enabled
[    1.840181] kvm: Nested Paging enabled
[    1.841109] check: Scanning for low memory corruption every 60 seconds
[    1.844669] Initialise system trusted keyrings
[    1.844988] workingset: timestamp_bits=56 max_order=20 bucket_order=0
[    1.860409] fuse: init (API version 7.31)
[    1.866124] Key type asymmetric registered
[    1.866141] Asymmetric key parser 'x509' registered
[    1.866191] Block layer SCSI generic (bsg) driver version 0.4 loaded (major 249)
[    1.866204] io scheduler mq-deadline registered
[    1.866212] io scheduler kyber registered
[    1.866907] pcieport 0000:00:02.2: PME: Signaling with IRQ 25
[    1.867346] pcieport 0000:00:02.3: PME: Signaling with IRQ 27
[    1.868484] uvesafb: failed to execute /sbin/v86d
[    1.868496] uvesafb: make sure that the v86d helper is installed and executable
[    1.868508] uvesafb: Getting VBE info block failed (eax=0x4f00, err=-2)
[    1.868517] uvesafb: vbe_init() failed with -22
[    1.868533] uvesafb: probe of uvesafb.0 failed with error -22
[    1.868604] efifb: probing for efifb
[    1.868654] efifb: framebuffer at 0xc0000000, using 4224k, total 4224k
[    1.868663] efifb: mode is 1366x768x32, linelength=5632, pages=1
[    1.868670] efifb: scrolling: redraw
[    1.868679] efifb: Truecolor: size=8:8:8:8, shift=24:16:8:0
[    1.879245] Console: switching to colour frame buffer device 170x48
[    1.889289] fb0: EFI VGA frame buffer device
[    2.635513] rq->curr == THREAD(this messg)
[    2.635515] state TASK_RUNNING
[    2.635586] proc in rq 0
[    2.635638] rq->nr_running rq->cfs.nr_running : 1 1
[    2.635708] ACPI: AC Adapter [AC0] (on-line)
[    2.635755] rq->load.weight, rq->cfs.load.weight : 1048576 1048576
[    2.635760] ----------------^^^^CPU0^^^^^-----------------------
[    2.635923] rq->curr->pid == 1
[    2.636016] state TASK_RUNNING
[    2.636025] input: Power Button as /devices/LNXSYSTM:00/LNXSYBUS:00/PNP0C0C:00/input/input0
[    2.636070] color, tsk->comm, weight, vruntime, state: -111977457466344 kworker/u8:1 1048576 512355075 0
[    2.636073] color, tsk->comm, weight, vruntime, state: 1 kworker/1:2 1048576 512435889 0
[    2.636144] ACPI: Power Button [PWRB]
[    2.636244] color, tsk->comm, weight, vruntime, state: -111977457466344 rcu_sched 1048576 512728927 0
[    2.636248] proc in rq 3
[    2.636518] input: Lid Switch as /devices/LNXSYSTM:00/LNXSYBUS:00/PNP0C0D:00/input/input1
[    2.636569] rq->nr_running rq->cfs.nr_running : 4 4
[    2.636573] rq->load.weight, rq->cfs.load.weight : 4194304 4194304
[    2.636574] ----------------^^^^CPU1^^^^^-----------------------
[    2.636729] ACPI: Lid Switch [LID]
[    2.636755] rq->curr->pid == 0
[    2.636756] state TASK_RUNNING
[    2.636995] input: Sleep Button as /devices/LNXSYSTM:00/LNXSYBUS:00/PNP0C0E:00/input/input2
[    2.639902] proc in rq 0
[    2.639904] rq->nr_running rq->cfs.nr_running : 0 0
[    2.643221] ACPI: Sleep Button [SLPB]
[    2.645964] rq->load.weight, rq->cfs.load.weight : 0 0
[    2.645966] ----------------^^^^CPU2^^^^^-----------------------
[    2.649323] input: Power Button as /devices/LNXSYSTM:00/LNXPWRBN:00/input/input3
[    2.651859] rq->curr->pid == 0
[    2.651860] state TASK_RUNNING
[    2.654861] ACPI: Power Button [PWRF]
[    2.657804] proc in rq 0
[    2.657807] rq->nr_running rq->cfs.nr_running : 0 0
[    2.657810] rq->load.weight, rq->cfs.load.weight : 0 0
[    2.657812] ----------------^^^^CPU3^^^^^-----------------------
[    2.696904] thermal LNXTHERM:00: registered as thermal_zone0
[    2.702810] ACPI: Thermal Zone [THRM] (60 C)
[    2.708472] Serial: 8250/16550 driver, 4 ports, IRQ sharing enabled
[    2.717085] Non-volatile memory driver v1.3
[    2.720599] Linux agpgart interface v0.103
[    2.730773] loop: module loaded
[    2.734406] ahci 0000:00:11.0: version 3.0
[    2.734867] ahci 0000:00:11.0: AHCI 0001.0300 32 slots 2 ports 6 Gbps 0x3 impl SATA mode
[    2.737928] ahci 0000:00:11.0: flags: 64bit ncq sntf ilck pm led clo pmp pio slum part 
[    2.742721] scsi host0: ahci
[    2.746472] scsi host1: ahci
[    2.749764] ata1: SATA max UDMA/133 abar m1024@0xfeb6f000 port 0xfeb6f100 irq 28
[    2.752866] ata2: SATA max UDMA/133 abar m1024@0xfeb6f000 port 0xfeb6f180 irq 28
[    2.758291] tun: Universal TUN/TAP device driver, 1.6
[    2.762774] e1000: Intel(R) PRO/1000 Network Driver - version 7.3.21-k8-NAPI
[    2.765904] e1000: Copyright (c) 1999-2006 Intel Corporation.
[    2.769576] e1000e: Intel(R) PRO/1000 Network Driver - 3.2.6-k
[    2.772669] e1000e: Copyright(c) 1999 - 2015 Intel Corporation.
[    2.776073] sky2: driver version 1.30
[    2.779381] r8169 0000:02:00.0: can't disable ASPM; OS doesn't have ASPM control
[    2.788633] libphy: r8169: probed
[    2.792021] r8169 0000:02:00.0 eth0: RTL8105e, 74:d0:2b:a3:a6:42, XID 40a, IRQ 30
[    2.795253] ath9k 0000:01:00.0: enabling device (0000 -> 0002)
[    2.798565] ath: phy0: Disable PLL PowerSave
[    2.809021] ath: phy0: ASPM enabled: 0x42
[    2.811871] ath: EEPROM regdomain: 0x60
[    2.811873] ath: EEPROM indicates we should expect a direct regpair map
[    2.811878] ath: Country alpha2 being used: 00
[    2.811880] ath: Regpair used: 0x60
[    2.814435] ieee80211 phy0: Selected rate control algorithm 'minstrel_ht'
[    2.815173] ieee80211 phy0: Atheros AR9485 Rev:1 mem=0xffffb5c682d80000, irq=31
[    2.819704] ehci_hcd: USB 2.0 'Enhanced' Host Controller (EHCI) Driver
[    2.822630] ehci-pci: EHCI PCI platform driver
[    2.825978] ehci-pci 0000:00:12.2: EHCI Host Controller
[    2.829097] ehci-pci 0000:00:12.2: new USB bus registered, assigned bus number 1
[    2.832063] ehci-pci 0000:00:12.2: applying AMD SB700/SB800/Hudson-2/3 EHCI dummy qh workaround
[    2.835021] ehci-pci 0000:00:12.2: debug port 1
[    2.838047] ehci-pci 0000:00:12.2: irq 17, io mem 0xfeb6d000
[    2.865560] ehci-pci 0000:00:12.2: USB 2.0 started, EHCI 1.00
[    2.868568] usb usb1: New USB device found, idVendor=1d6b, idProduct=0002, bcdDevice= 5.02
[    2.871540] usb usb1: New USB device strings: Mfr=3, Product=2, SerialNumber=1
[    2.874476] usb usb1: Product: EHCI Host Controller
[    2.875504] tsc: Refined TSC clocksource calibration: 998.127 MHz
[    2.877379] usb usb1: Manufacturer: Linux 5.2.0-rc7+ ehci_hcd
[    2.880318] clocksource: tsc: mask: 0xffffffffffffffff max_cycles: 0x1cc65b93289, max_idle_ns: 881590487074 ns
[    2.883286] usb usb1: SerialNumber: 0000:00:12.2
[    2.890848] hub 1-0:1.0: USB hub found
[    2.893976] hub 1-0:1.0: 4 ports detected
[    2.897075] clocksource: Switched to clocksource tsc
[    2.899609] ehci-pci 0000:00:13.2: EHCI Host Controller
[    2.903440] ehci-pci 0000:00:13.2: new USB bus registered, assigned bus number 2
[    2.906556] ehci-pci 0000:00:13.2: applying AMD SB700/SB800/Hudson-2/3 EHCI dummy qh workaround
[    2.909671] ehci-pci 0000:00:13.2: debug port 1
[    2.912797] ehci-pci 0000:00:13.2: irq 17, io mem 0xfeb6b000
[    2.947376] battery: ACPI: Battery Slot [BAT0] (battery present)
[    2.950632] ehci-pci 0000:00:13.2: USB 2.0 started, EHCI 1.00
[    2.953845] usb usb2: New USB device found, idVendor=1d6b, idProduct=0002, bcdDevice= 5.02
[    2.956968] usb usb2: New USB device strings: Mfr=3, Product=2, SerialNumber=1
[    2.960124] usb usb2: Product: EHCI Host Controller
[    2.963234] usb usb2: Manufacturer: Linux 5.2.0-rc7+ ehci_hcd
[    2.966413] usb usb2: SerialNumber: 0000:00:13.2
[    2.970070] hub 2-0:1.0: USB hub found
[    2.973231] hub 2-0:1.0: 4 ports detected
[    2.978588] ohci_hcd: USB 1.1 'Open' Host Controller (OHCI) Driver
[    2.981765] ohci-pci: OHCI PCI platform driver
[    2.985083] ohci-pci 0000:00:12.0: OHCI PCI host controller
[    2.988388] ohci-pci 0000:00:12.0: new USB bus registered, assigned bus number 3
[    2.991518] ohci-pci 0000:00:12.0: irq 18, io mem 0xfeb6e000
[    3.059665] usb usb3: New USB device found, idVendor=1d6b, idProduct=0001, bcdDevice= 5.02
[    3.062721] usb usb3: New USB device strings: Mfr=3, Product=2, SerialNumber=1
[    3.065770] usb usb3: Product: OHCI PCI host controller
[    3.068783] usb usb3: Manufacturer: Linux 5.2.0-rc7+ ohci_hcd
[    3.071820] usb usb3: SerialNumber: 0000:00:12.0
[    3.075194] hub 3-0:1.0: USB hub found
[    3.078159] hub 3-0:1.0: 4 ports detected
[    3.083604] ohci-pci 0000:00:13.0: OHCI PCI host controller
[    3.086600] ata2: SATA link down (SStatus 0 SControl 300)
[    3.089882] ohci-pci 0000:00:13.0: new USB bus registered, assigned bus number 4
[    3.092957] ohci-pci 0000:00:13.0: irq 18, io mem 0xfeb6c000
[    3.169656] usb usb4: New USB device found, idVendor=1d6b, idProduct=0001, bcdDevice= 5.02
[    3.172694] usb usb4: New USB device strings: Mfr=3, Product=2, SerialNumber=1
[    3.175752] usb usb4: Product: OHCI PCI host controller
[    3.178747] usb usb4: Manufacturer: Linux 5.2.0-rc7+ ohci_hcd
[    3.181730] usb usb4: SerialNumber: 0000:00:13.0
[    3.185062] hub 4-0:1.0: USB hub found
[    3.188108] hub 4-0:1.0: 4 ports detected
[    3.193353] uhci_hcd: USB Universal Host Controller Interface driver
[    3.196564] usbcore: registered new interface driver usblp
[    3.199538] usbcore: registered new interface driver usb-storage
[    3.202549] usbcore: registered new interface driver ch341
[    3.205367] usbserial: USB Serial support registered for ch341-uart
[    3.208481] i8042: PNP: PS/2 Controller [PNP030b:PS2K,PNP0f03:PS2M] at 0x60,0x64 irq 1,12
[    3.213098] i8042: Detected active multiplexing controller, rev 1.1
[    3.216831] serio: i8042 KBD port at 0x60,0x64 irq 1
[    3.219675] serio: i8042 AUX0 port at 0x60,0x64 irq 12
[    3.222608] serio: i8042 AUX1 port at 0x60,0x64 irq 12
[    3.225509] serio: i8042 AUX2 port at 0x60,0x64 irq 12
[    3.228223] serio: i8042 AUX3 port at 0x60,0x64 irq 12
[    3.231670] mousedev: PS/2 mouse device common for all mice
[    3.235319] rtc_cmos 00:03: RTC can wake from S4
[    3.238412] rtc_cmos 00:03: registered as rtc0
[    3.241056] rtc_cmos 00:03: alarms up to one month, y3k, 114 bytes nvram, hpet irqs
[    3.244287] device-mapper: ioctl: 4.40.0-ioctl (2019-01-18) initialised: dm-devel@redhat.com
[    3.247256] EFI Variables Facility v0.08 2004-May-17
[    3.259957] hidraw: raw HID events driver (C) Jiri Kosina
[    3.265569] ata1: SATA link up 6.0 Gbps (SStatus 133 SControl 300)
[    3.268998] usbcore: registered new interface driver usbhid
[    3.271746] usbhid: USB HID core driver
[    3.276078] ata1.00: ATA-8: KINGSTON SV300S37A120G, 603ABBF0, max UDMA/133
[    3.277380] input: AT Translated Set 2 keyboard as /devices/platform/i8042/serio0/input/input4
[    3.278895] ata1.00: 234441648 sectors, multi 1: LBA48 NCQ (depth 32), AA
[    3.285867] snd_hda_intel 0000:00:01.1: enabling device (0000 -> 0002)
[    3.289003] snd_hda_intel 0000:00:01.1: Force to non-snoop mode
[    3.298732] snd_hda_codec_generic hdaudioC0D0: autoconfig for Generic: line_outs=0 (0x0/0x0/0x0/0x0/0x0) type:line
[    3.299399] ata1.00: configured for UDMA/133
[    3.301687] snd_hda_codec_generic hdaudioC0D0:    speaker_outs=0 (0x0/0x0/0x0/0x0/0x0)
[    3.307645] snd_hda_codec_generic hdaudioC0D0:    hp_outs=0 (0x0/0x0/0x0/0x0/0x0)
[    3.310672] snd_hda_codec_generic hdaudioC0D0:    mono: mono_out=0x0
[    3.313659] snd_hda_codec_generic hdaudioC0D0:    dig-out=0x3/0x0
[    3.316617] snd_hda_codec_generic hdaudioC0D0:    inputs:
[    3.320273] scsi 0:0:0:0: Direct-Access     ATA      KINGSTON SV300S3 BBF0 PQ: 0 ANSI: 5
[    3.323927] sd 0:0:0:0: [sda] 234441648 512-byte logical blocks: (120 GB/112 GiB)
[    3.326910] sd 0:0:0:0: [sda] Write Protect is off
[    3.329798] sd 0:0:0:0: [sda] Mode Sense: 00 3a 00 00
[    3.329854] sd 0:0:0:0: [sda] Write cache: enabled, read cache: enabled, doesn't support DPO or FUA
[    3.333211] Initializing XFRM netlink socket
[    3.336505] sd 0:0:0:0: Attached scsi generic sg0 type 0
[    3.341529] NET: Registered protocol family 10
[    3.345928] random: fast init done
[    3.349350]  sda: sda1 sda2 sda3 sda4 sda5 sda6
[    3.352897] Segment Routing with IPv6
[    3.356079] sit: IPv6, IPv4 and MPLS over IPv4 tunneling driver
[    3.360894] sd 0:0:0:0: [sda] Attached SCSI disk
[    3.364237] input: HDA ATI HDMI HDMI as /devices/pci0000:00/0000:00:01.1/sound/card0/input6
[    3.367673] NET: Registered protocol family 17
[    3.372695] mce: Using 6 MCE banks
[    3.376302] microcode: CPU0: patch_level=0x0700010b
[    3.379329] microcode: CPU1: patch_level=0x0700010b
[    3.382454] microcode: Microcode Update Driver: v2.2.
[    3.382489] sched_clock: Marking stable (3374063859, 1658517)->(3495709239, -119986863)
[    3.392988] registered taskstats version 1
[    3.396184] Loading compiled-in X.509 certificates
[    3.399948] snd_hda_codec_realtek hdaudioC1D0: autoconfig for ALC3229: line_outs=1 (0x14/0x0/0x0/0x0/0x0) type:speaker
[    3.403274] snd_hda_codec_realtek hdaudioC1D0:    speaker_outs=0 (0x0/0x0/0x0/0x0/0x0)
[    3.406632] snd_hda_codec_realtek hdaudioC1D0:    hp_outs=1 (0x21/0x0/0x0/0x0/0x0)
[    3.409931] snd_hda_codec_realtek hdaudioC1D0:    mono: mono_out=0x0
[    3.413151] snd_hda_codec_realtek hdaudioC1D0:    inputs:
[    3.416306] snd_hda_codec_realtek hdaudioC1D0:      Mic=0x19
[    3.432988] input: HD-Audio Generic Headphone as /devices/pci0000:00/0000:00:14.2/sound/card1/input11
[    3.437411] acpi_cpufreq: overriding BIOS provided _PSD data
[    3.440925] cfg80211: Loading compiled-in X.509 certificates for regulatory database
[    3.445674] cfg80211: Loaded X.509 cert 'sforshee: 00b28ddf47aef9cea7'
[    3.448908] ALSA device list:
[    3.452048]   #0: HDA ATI HDMI at 0xfeb64000 irq 33
[    3.455331] platform regulatory.0: Direct firmware load for regulatory.db failed with error -2
[    3.458537] cfg80211: failed to load regulatory.db
[    3.461887]   #1: HD-Audio Generic at 0xfeb60000 irq 16
[    3.675504] rq->curr == THREAD(this messg)
[    3.675506] state TASK_RUNNING
[    3.678567] proc in rq 0
[    3.681552] rq->nr_running rq->cfs.nr_running : 1 1
[    3.687521] rq->load.weight, rq->cfs.load.weight : 1048576 1048576
[    3.687523] ----------------^^^^CPU0^^^^^-----------------------
[    3.690582] rq->curr->pid == 0
[    3.693680] state TASK_RUNNING
[    3.695538] usb 4-2: new full-speed USB device number 2 using ohci-pci
[    3.696730] proc in rq 0
[    3.696732] rq->nr_running rq->cfs.nr_running : 1 1
[    3.708640] rq->load.weight, rq->cfs.load.weight : 1048576 1048576
[    3.708642] ----------------^^^^CPU1^^^^^-----------------------
[    3.711613] rq->curr->pid == 0
[    3.714588] state TASK_RUNNING
[    3.717554] proc in rq 0
[    3.720493] rq->nr_running rq->cfs.nr_running : 0 0
[    3.726336] rq->load.weight, rq->cfs.load.weight : 0 0
[    3.726338] ----------------^^^^CPU2^^^^^-----------------------
[    3.729256] rq->curr->pid == 0
[    3.732147] state TASK_RUNNING
[    3.734964] proc in rq 0
[    3.737772] rq->nr_running rq->cfs.nr_running : 0 0
[    3.743390] rq->load.weight, rq->cfs.load.weight : 0 0
[    3.743391] ----------------^^^^CPU3^^^^^-----------------------
[    3.978572] usb 4-2: New USB device found, idVendor=13d3, idProduct=3362, bcdDevice= 0.01
[    3.984326] usb 4-2: New USB device strings: Mfr=1, Product=2, SerialNumber=3
[    3.987236] usb 4-2: Product: Bluetooth USB Host Controller
[    3.990048] usb 4-2: Manufacturer: Atheros Communications
[    3.992814] usb 4-2: SerialNumber: Alaska Day 2006
[    4.123489] input: PS/2 Logitech Wheel Mouse as /devices/platform/i8042/serio4/input/input14
[    4.129128] md: Waiting for all devices to be available before autodetect
[    4.132067] md: If you don't use raid, use raid=noautodetect
[    4.135503] md: Autodetecting RAID arrays.
[    4.138402] md: autorun ...
[    4.141199] md: ... autorun DONE.
[    4.149882] EXT4-fs (sda2): INFO: recovery required on readonly filesystem
[    4.152685] EXT4-fs (sda2): write access will be enabled during recovery
[    4.157766] EXT4-fs (sda2): recovery complete
[    4.161402] EXT4-fs (sda2): mounted filesystem with ordered data mode. Opts: (null)
[    4.164205] VFS: Mounted root (ext4 filesystem) readonly on device 8:2.
[    4.168307] devtmpfs: mounted
[    4.171949] Freeing unused kernel image memory: 1296K
[    4.305549] usb 2-3: new high-speed USB device number 3 using ehci-pci
[    4.538380] usb 2-3: New USB device found, idVendor=04f2, idProduct=b404, bcdDevice=69.63
[    4.541243] usb 2-3: New USB device strings: Mfr=3, Product=1, SerialNumber=2
[    4.544104] usb 2-3: Product: USB2.0 HD UVC WebCam
[    4.546957] usb 2-3: Manufacturer: Chicony Electronics Co.,Ltd.
[    4.549799] usb 2-3: SerialNumber: 0x0001
[    4.555726] kworker/u8:1 (1756) used greatest stack depth: 13984 bytes left
[    4.645509] rq->curr == THREAD(this messg)
[    4.645510] state TASK_RUNNING
[    4.648371] proc in rq 0
[    4.651179] rq->nr_running rq->cfs.nr_running : 1 1
[    4.656771] rq->load.weight, rq->cfs.load.weight : 1048576 1048576
[    4.656773] ----------------^^^^CPU0^^^^^-----------------------
[    4.659588] rq->curr->pid == 0
[    4.662396] state TASK_RUNNING
[    4.665201] proc in rq 0
[    4.665594] Write protecting the kernel read-only data: 22528k
[    4.668018] rq->nr_running rq->cfs.nr_running : 0 0
[    4.676470] rq->load.weight, rq->cfs.load.weight : 0 0
[    4.676472] ----------------^^^^CPU1^^^^^-----------------------
[    4.679289] rq->curr->pid == 0
[    4.682152] state TASK_RUNNING
[    4.685012] proc in rq 0
[    4.687860] rq->nr_running rq->cfs.nr_running : 0 0
[    4.688957] Freeing unused kernel image memory: 1984K
[    4.690726] rq->load.weight, rq->cfs.load.weight : 0 0
[    4.690728] ----------------^^^^CPU2^^^^^-----------------------
[    4.699127] rq->curr->pid == 0
[    4.701902] state TASK_RUNNING
[    4.702916] Freeing unused kernel image memory: 1688K
[    4.704708] proc in rq 0
[    4.704711] rq->nr_running rq->cfs.nr_running : 0 0
[    4.707600] Run /sbin/init as init process
[    4.710206] rq->load.weight, rq->cfs.load.weight : 0 0
[    4.710207] ----------------^^^^CPU3^^^^^-----------------------
[    4.770001] stty (1763) used greatest stack depth: 13792 bytes left
[    4.870337] sed (1777) used greatest stack depth: 13576 bytes left
[    5.037841] ip (1821) used greatest stack depth: 12552 bytes left
[    5.137303] udevd[1851]: starting version 3.2.1
[    5.145866] random: udevd: uninitialized urandom read (16 bytes read)
[    5.149409] random: udevd: uninitialized urandom read (16 bytes read)
[    5.152803] random: udevd: uninitialized urandom read (16 bytes read)
[    5.186038] udevd[1852]: starting eudev-3.2.1
[    5.518816] ath9k 0000:01:00.0 wlp1s0: renamed from wlan0
[    5.570695] r8169 0000:02:00.0 enp2s0: renamed from eth0
[    5.625584] rq->curr->pid == 1966
[    5.625587] state TASK_RUNNING
[    5.628580] color, tsk->comm, weight, vruntime, state: -111977468057319 udevd 1048576 4297118743 0
[    5.631561] color, tsk->comm, weight, vruntime, state: 1 udevd 1048576 4299628036 0
[    5.634731] color, tsk->comm, weight, vruntime, state: 1 udevd 1048576 4299907953 0
[    5.637910] proc in rq 3
[    5.640997] rq->nr_running rq->cfs.nr_running : 4 4
[    5.647089] rq->load.weight, rq->cfs.load.weight : 4194304 4194304
[    5.647093] ----------------^^^^CPU0^^^^^-----------------------
[    5.650202] rq->curr == THREAD(this messg)
[    5.653336] state TASK_RUNNING
[    5.656464] color, tsk->comm, weight, vruntime, state: -111977468421223 udevd 1048576 2377751213 0
[    5.659549] color, tsk->comm, weight, vruntime, state: -111977413658984 kworker/1:2 1048576 2377751213 0
[    5.662791] color, tsk->comm, weight, vruntime, state: 1 udevd 1048576 2384920836 0
[    5.666055] color, tsk->comm, weight, vruntime, state: -111977468421223 udevd 1048576 2385751211 0
[    5.669205] proc in rq 4
[    5.672457] rq->nr_running rq->cfs.nr_running : 5 5
[    5.678954] rq->load.weight, rq->cfs.load.weight : 5242880 5242880
[    5.678957] ----------------^^^^CPU1^^^^^-----------------------
[    5.682253] rq->curr->pid == 0
[    5.685602] state TASK_RUNNING
[    5.688896] proc in rq 0
[    5.692097] rq->nr_running rq->cfs.nr_running : 0 0
[    5.698517] rq->load.weight, rq->cfs.load.weight : 0 0
[    5.698520] ----------------^^^^CPU2^^^^^-----------------------
[    5.701723] rq->curr->pid == 0
[    5.704947] state TASK_RUNNING
[    5.708197] proc in rq 0
[    5.711401] rq->nr_running rq->cfs.nr_running : 0 0
[    5.717729] rq->load.weight, rq->cfs.load.weight : 0 0
[    5.717732] ----------------^^^^CPU3^^^^^-----------------------
[    5.722650] [drm] radeon kernel modesetting enabled.
[    5.729511] radeon 0000:00:01.0: remove_conflicting_pci_framebuffers: bar 0: 0xc0000000 -> 0xcfffffff
[    5.732442] radeon 0000:00:01.0: remove_conflicting_pci_framebuffers: bar 2: 0xd0000000 -> 0xd07fffff
[    5.735239] radeon 0000:00:01.0: remove_conflicting_pci_framebuffers: bar 5: 0xfeb00000 -> 0xfeb3ffff
[    5.739934] checking generic (c0000000 420000) vs hw (c0000000 10000000)
[    5.739940] fb0: switching to radeondrmfb from EFI VGA
[    5.742751] Console: switching to colour dummy device 80x25
[    5.744082] radeon 0000:00:01.0: vgaarb: deactivate vga console
[    5.745142] [drm] initializing kernel modesetting (KABINI 0x1002:0x9839 0x1043:0x141D 0x00).
[    5.745209] [drm] doorbell mmio base: 0xD0000000
[    5.745217] [drm] doorbell mmio size: 8388608
[    5.745249] ATOM BIOS: AMD
[    5.745324] [drm] Changing default dispclk from 400Mhz to 600Mhz
[    5.745362] radeon 0000:00:01.0: VRAM: 512M 0x0000000000000000 - 0x000000001FFFFFFF (512M used)
[    5.745376] radeon 0000:00:01.0: GTT: 2048M 0x0000000020000000 - 0x000000009FFFFFFF
[    5.745399] [drm] Detected VRAM RAM=512M, BAR=256M
[    5.745406] [drm] RAM width 128bits DDR
[    5.755808] [TTM] Zone  kernel: Available graphics memory: 1729514 KiB
[    5.755826] [TTM] Initializing pool allocator
[    5.755844] [TTM] Initializing DMA pool allocator
[    5.755905] [drm] radeon: 512M of VRAM memory ready
[    5.755914] [drm] radeon: 2048M of GTT memory ready.
[    5.755952] [drm] Loading kabini Microcode
[    5.761710] [drm] Internal thermal controller without fan control
[    5.762872] [drm] radeon: dpm initialized
[    5.764111] [drm] Found UVD firmware Version: 1.64 Family ID: 9
[    5.768927] [drm] Found VCE firmware/feedback version 40.2.2 / 15!
[    5.768985] [drm] GART: num cpu pages 524288, num gpu pages 524288
[    5.815630] [drm] PCIE GART of 2048M enabled (table at 0x000000000030E000).
[    5.815915] radeon 0000:00:01.0: WB enabled
[    5.815964] radeon 0000:00:01.0: fence driver on ring 0 use gpu addr 0x0000000020000c00 and cpu addr 0x(____ptrval____)
[    5.815982] radeon 0000:00:01.0: fence driver on ring 1 use gpu addr 0x0000000020000c04 and cpu addr 0x(____ptrval____)
[    5.815997] radeon 0000:00:01.0: fence driver on ring 2 use gpu addr 0x0000000020000c08 and cpu addr 0x(____ptrval____)
[    5.816012] radeon 0000:00:01.0: fence driver on ring 3 use gpu addr 0x0000000020000c0c and cpu addr 0x(____ptrval____)
[    5.816027] radeon 0000:00:01.0: fence driver on ring 4 use gpu addr 0x0000000020000c10 and cpu addr 0x(____ptrval____)
[    5.816969] radeon 0000:00:01.0: fence driver on ring 5 use gpu addr 0x0000000000078d30 and cpu addr 0x(____ptrval____)
[    5.817367] radeon 0000:00:01.0: fence driver on ring 6 use gpu addr 0x0000000020000c18 and cpu addr 0x(____ptrval____)
[    5.817386] radeon 0000:00:01.0: fence driver on ring 7 use gpu addr 0x0000000020000c1c and cpu addr 0x(____ptrval____)
[    5.817401] [drm] Supports vblank timestamp caching Rev 2 (21.10.2013).
[    5.817408] [drm] Driver supports precise vblank timestamp query.
[    5.817524] radeon 0000:00:01.0: radeon: using MSI.
[    5.817588] [drm] radeon: irq initialized.
[    5.821500] [drm] ring test on 0 succeeded in 3 usecs
[    5.821624] [drm] ring test on 1 succeeded in 4 usecs
[    5.821662] [drm] ring test on 2 succeeded in 4 usecs
[    5.821984] [drm] ring test on 3 succeeded in 6 usecs
[    5.822002] [drm] ring test on 4 succeeded in 6 usecs
[    5.868197] [drm] ring test on 5 succeeded in 2 usecs
[    5.889122] [drm] UVD initialized successfully.
[    6.006239] [drm] ring test on 6 succeeded in 20 usecs
[    6.006273] [drm] ring test on 7 succeeded in 4 usecs
[    6.006280] [drm] VCE initialized successfully.
[    6.008137] [drm] ib test on ring 0 succeeded in 0 usecs
[    6.008419] [drm] ib test on ring 1 succeeded in 0 usecs
[    6.008693] [drm] ib test on ring 2 succeeded in 0 usecs
[    6.008969] [drm] ib test on ring 3 succeeded in 0 usecs
[    6.009253] [drm] ib test on ring 4 succeeded in 0 usecs
[    6.545673] [drm] ib test on ring 5 succeeded
[    6.567266] [drm] ib test on ring 6 succeeded
[    6.570954] [drm] ib test on ring 7 succeeded
[    6.625544] [drm] radeon atom DIG backlight initialized
[    6.625565] [drm] Radeon Display Connectors
[    6.625573] [drm] Connector 0:
[    6.625579] [drm]   LVDS-1
[    6.625585] [drm]   HPD1
[    6.625593] [drm]   DDC: 0x6530 0x6530 0x6534 0x6534 0x6538 0x6538 0x653c 0x653c
[    6.625601] [drm]   Encoders:
[    6.625608] [drm]     LCD1: INTERNAL_UNIPHY
[    6.625615] [drm] Connector 1:
[    6.625620] [drm]   HDMI-A-1
[    6.625626] [drm]   HPD2
[    6.625633] [drm]   DDC: 0x6540 0x6540 0x6544 0x6544 0x6548 0x6548 0x654c 0x654c
[    6.625642] [drm]   Encoders:
[    6.625648] [drm]     DFP1: INTERNAL_UNIPHY
[    6.625654] [drm] Connector 2:
[    6.625659] [drm]   VGA-1
[    6.625667] [drm]   DDC: 0x65c0 0x65c0 0x65c4 0x65c4 0x65c8 0x65c8 0x65cc 0x65cc
[    6.625675] [drm]   Encoders:
[    6.625681] [drm]     CRT1: INTERNAL_KLDSCP_DAC1
[    6.635566] rq->curr->pid == 1852
[    6.635568] state TASK_RUNNING
[    6.635580] color, tsk->comm, weight, vruntime, state: 1 kworker/u8:3 1048576 4430034432 0
[    6.635586] proc in rq 1
[    6.635597] rq->nr_running rq->cfs.nr_running : 2 2
[    6.635608] rq->load.weight, rq->cfs.load.weight : 2097152 2097152
[    6.635609] ----------------^^^^CPU0^^^^^-----------------------
[    6.635616] rq->curr == THREAD(this messg)
[    6.635623] state TASK_RUNNING
[    6.635629] proc in rq 0
[    6.635635] rq->nr_running rq->cfs.nr_running : 1 1
[    6.635645] rq->load.weight, rq->cfs.load.weight : 1048576 1048576
[    6.635647] ----------------^^^^CPU1^^^^^-----------------------
[    6.635654] rq->curr->pid == 0
[    6.635660] state TASK_RUNNING
[    6.635666] proc in rq 0
[    6.635672] rq->nr_running rq->cfs.nr_running : 0 0
[    6.635682] rq->load.weight, rq->cfs.load.weight : 0 0
[    6.635683] ----------------^^^^CPU2^^^^^-----------------------
[    6.635690] rq->curr->pid == 0
[    6.635697] state TASK_RUNNING
[    6.635703] proc in rq 0
[    6.635709] rq->nr_running rq->cfs.nr_running : 0 0
[    6.635718] rq->load.weight, rq->cfs.load.weight : 0 0
[    6.635720] ----------------^^^^CPU3^^^^^-----------------------
[    7.695499] rq->curr == idle (init_task)
[    7.695511] state TASK_RUNNING
[    7.695517] proc in rq 0
[    7.695523] rq->nr_running rq->cfs.nr_running : 0 0
[    7.695534] rq->load.weight, rq->cfs.load.weight : 0 0
[    7.695535] ----------------^^^^CPU0^^^^^-----------------------
[    7.695542] rq->curr == THREAD(this messg)
[    7.695548] state TASK_RUNNING
[    7.695554] proc in rq 0
[    7.695560] rq->nr_running rq->cfs.nr_running : 1 1
[    7.695570] rq->load.weight, rq->cfs.load.weight : 1048576 1048576
[    7.695571] ----------------^^^^CPU1^^^^^-----------------------
[    7.695578] rq->curr->pid == 0
[    7.695585] state TASK_RUNNING
[    7.695590] proc in rq 0
[    7.695596] rq->nr_running rq->cfs.nr_running : 0 0
[    7.695606] rq->load.weight, rq->cfs.load.weight : 0 0
[    7.695607] ----------------^^^^CPU2^^^^^-----------------------
[    7.695614] rq->curr->pid == 0
[    7.695620] state TASK_RUNNING
[    7.695626] proc in rq 0
[    7.695632] rq->nr_running rq->cfs.nr_running : 0 0
[    7.695641] rq->load.weight, rq->cfs.load.weight : 0 0
[    7.695643] ----------------^^^^CPU3^^^^^-----------------------
[    7.707661] [drm] fb mappable at 0xC0722000
[    7.707678] [drm] vram apper at 0xC0000000
[    7.707684] [drm] size 4325376
[    7.707690] [drm] fb depth is 24
[    7.707695] [drm]    pitch is 5632
[    7.708083] fbcon: radeondrmfb (fb0) is primary device
[    7.815761] Console: switching to colour frame buffer device 170x48
[    7.826094] radeon 0000:00:01.0: fb0: radeondrmfb frame buffer device
[    7.984590] [drm] Initialized radeon 2.50.0 20080528 for 0000:00:01.0 on minor 0
[    8.079791] Adding 3608572k swap on /dev/sda4.  Priority:1 extents:1 across:3608572k SS
[    8.132887] EXT4-fs (sda2): re-mounted. Opts: (null)
[    8.242512] EXT4-fs (sda2): re-mounted. Opts: (null)
[    8.635562] rq->curr->pid == 3353
[    8.635565] state TASK_RUNNING
[    8.635640] proc in rq 0
[    8.635692] rq->nr_running rq->cfs.nr_running : 1 1
[    8.635810] rq->load.weight, rq->cfs.load.weight : 1048576 1048576
[    8.635811] ----------------^^^^CPU0^^^^^-----------------------
[    8.635908] rq->curr == THREAD(this messg)
[    8.636001] state TASK_RUNNING
[    8.639450] proc in rq 0
[    8.639454] rq->nr_running rq->cfs.nr_running : 1 1
[    8.639457] rq->load.weight, rq->cfs.load.weight : 1048576 1048576
[    8.639458] ----------------^^^^CPU1^^^^^-----------------------
[    8.639460] rq->curr->pid == 0
[    8.639462] state TASK_RUNNING
[    8.639463] proc in rq 0
[    8.639466] rq->nr_running rq->cfs.nr_running : 0 0
[    8.639467] rq->load.weight, rq->cfs.load.weight : 0 0
[    8.639468] ----------------^^^^CPU2^^^^^-----------------------
[    8.639474] rq->curr->pid == 0
[    8.676620] state TASK_RUNNING
[    8.676622] proc in rq 0
[    8.676624] rq->nr_running rq->cfs.nr_running : 0 0
[    8.676626] rq->load.weight, rq->cfs.load.weight : 0 0
[    8.676627] ----------------^^^^CPU3^^^^^-----------------------
[    9.625569] rq->curr->pid == 3452
[    9.629071] state TASK_RUNNING
[    9.632609] proc in rq 0
[    9.636271] rq->nr_running rq->cfs.nr_running : 1 1
[    9.643466] rq->load.weight, rq->cfs.load.weight : 1048576 1048576
[    9.643470] ----------------^^^^CPU0^^^^^-----------------------
[    9.647161] rq->curr == THREAD(this messg)
[    9.650771] state TASK_RUNNING
[    9.654360] color, tsk->comm, weight, vruntime, state: -111977457466344 rcu_sched 1048576 6215467378 0
[    9.657830] color, tsk->comm, weight, vruntime, state: -111977458987495 kworker/1:2 1048576 6215467378 0
[    9.661282] color, tsk->comm, weight, vruntime, state: -111977457466344 S10sysklogd 1048576 6221467378 0
[    9.664662] color, tsk->comm, weight, vruntime, state: -111977452282087 syslogd 1048576 6221956326 0
[    9.667960] color, tsk->comm, weight, vruntime, state: -111977458987495 syslogd 1048576 6961864117 0
[    9.671127] color, tsk->comm, weight, vruntime, state: -111977539720936 syslogd 1048576 6962310633 0
[    9.671131] color, tsk->comm, weight, vruntime, state: -111977453785959 syslogd 1048576 6222967372 0
[    9.671135] color, tsk->comm, weight, vruntime, state: -111977452292455 syslogd 1048576 6222967374 0
[    9.671138] color, tsk->comm, weight, vruntime, state: -111977457771624 syslogd 1048576 6222967375 0
[    9.671142] color, tsk->comm, weight, vruntime, state: -111977413645160 syslogd 1048576 6222967375 0
[    9.671145] color, tsk->comm, weight, vruntime, state: -111977452292455 syslogd 1048576 6222967376 0
[    9.671148] color, tsk->comm, weight, vruntime, state: 1 syslogd 1048576 6222967376 0
[    9.671152] color, tsk->comm, weight, vruntime, state: -111977413672807 syslogd 1048576 6222967376 0
[    9.671155] color, tsk->comm, weight, vruntime, state: -111977453785959 syslogd 1048576 6222967376 0
[    9.671158] color, tsk->comm, weight, vruntime, state: -111977539717479 syslogd 1048576 6222967377 0
[    9.671160] proc in rq 15
[    9.671162] rq->nr_running rq->cfs.nr_running : 16 16
[    9.671164] rq->load.weight, rq->cfs.load.weight : 16777216 16777216
[    9.671165] ----------------^^^^CPU1^^^^^-----------------------
[    9.671168] rq->curr->pid == 0
[    9.671169] state TASK_RUNNING
[    9.671171] proc in rq 0
[    9.671173] rq->nr_running rq->cfs.nr_running : 0 0
[    9.671174] rq->load.weight, rq->cfs.load.weight : 0 0
[    9.671176] ----------------^^^^CPU2^^^^^-----------------------
[    9.671177] rq->curr->pid == 0
[    9.671179] state TASK_RUNNING
[    9.671180] proc in rq 0
[    9.671182] rq->nr_running rq->cfs.nr_running : 0 0
[    9.671183] rq->load.weight, rq->cfs.load.weight : 0 0
[    9.671185] ----------------^^^^CPU3^^^^^-----------------------
[   10.388148] urandom_read: 6 callbacks suppressed
[   10.388153] random: wpa_supplicant: uninitialized urandom read (32 bytes read)
[   10.635507] rq->curr == idle (init_task)
[   10.635510] state TASK_RUNNING
[   10.638514] proc in rq 0
[   10.641467] rq->nr_running rq->cfs.nr_running : 0 0
[   10.647421] rq->load.weight, rq->cfs.load.weight : 0 0
[   10.647423] ----------------^^^^CPU0^^^^^-----------------------
[   10.650471] rq->curr == THREAD(this messg)
[   10.653497] state TASK_RUNNING
[   10.656523] proc in rq 0
[   10.659519] rq->nr_running rq->cfs.nr_running : 1 1
[   10.665402] rq->load.weight, rq->cfs.load.weight : 1048576 1048576
[   10.665407] ----------------^^^^CPU1^^^^^-----------------------
[   10.668390] rq->curr->pid == 0
[   10.671382] state TASK_RUNNING
[   10.674318] proc in rq 0
[   10.677176] rq->nr_running rq->cfs.nr_running : 0 0
[   10.682741] rq->load.weight, rq->cfs.load.weight : 0 0
[   10.682744] ----------------^^^^CPU2^^^^^-----------------------
[   10.685607] rq->curr->pid == 0
[   10.688537] state TASK_RUNNING
[   10.691451] proc in rq 0
[   10.694372] rq->nr_running rq->cfs.nr_running : 0 0
[   10.700240] rq->load.weight, rq->cfs.load.weight : 0 0
[   10.700244] ----------------^^^^CPU3^^^^^-----------------------
[   11.745506] rq->curr == idle (init_task)
[   11.746442] wlp1s0: authenticate with 64:66:b3:cd:9a:3a
[   11.748559] state TASK_RUNNING
[   11.748566] color, tsk->comm, weight, vruntime, state: 1 kworker/u8:3 1048576 7516463061 0
[   11.757513] proc in rq 1
[   11.760654] rq->nr_running rq->cfs.nr_running : 2 2
[   11.766781] rq->load.weight, rq->cfs.load.weight : 2097152 2097152
[   11.766783] ----------------^^^^CPU0^^^^^-----------------------
[   11.770005] rq->curr == THREAD(this messg)
[   11.773177] state TASK_RUNNING
[   11.776349] color, tsk->comm, weight, vruntime, state: -111977539277671 syslogd 1048576 7891062493 0
[   11.779543] color, tsk->comm, weight, vruntime, state: 1 syslogd 1048576 7891071608 0
[   11.781116] wlp1s0: send auth to 64:66:b3:cd:9a:3a (try 1/3)
[   11.782803] color, tsk->comm, weight, vruntime, state: -111977539305320 syslogd 1048576 7892562490 0
[   11.782807] color, tsk->comm, weight, vruntime, state: -111977539277671 syslogd 1048576 7892776777 0
[   11.789501] wlp1s0: authenticated
[   11.799667] proc in rq 4
[   11.799671] rq->nr_running rq->cfs.nr_running : 5 5
[   11.805552] wlp1s0: associate with 64:66:b3:cd:9a:3a (try 1/3)
[   11.806296] rq->load.weight, rq->cfs.load.weight : 5242880 5242880
[   11.806298] ----------------^^^^CPU1^^^^^-----------------------
[   11.812865] rq->curr->pid == 0
[   11.816108] state TASK_RUNNING
[   11.819242] proc in rq 0
[   11.822365] rq->nr_running rq->cfs.nr_running : 0 0
[   11.828568] rq->load.weight, rq->cfs.load.weight : 0 0
[   11.828570] ----------------^^^^CPU2^^^^^-----------------------
[   11.828671] wlp1s0: RX AssocResp from 64:66:b3:cd:9a:3a (capab=0x431 status=0 aid=1)
[   11.831626] rq->curr->pid == 0
[   11.831628] state TASK_RUNNING
[   11.834873] wlp1s0: associated
[   11.837880] proc in rq 0
[   11.837882] rq->nr_running rq->cfs.nr_running : 0 0
[   11.853387] rq->load.weight, rq->cfs.load.weight : 0 0
[   11.853390] ----------------^^^^CPU3^^^^^-----------------------
[   12.135673] IPv6: ADDRCONF(NETDEV_CHANGE): wlp1s0: link becomes ready
[   12.635512] rq->curr == idle (init_task)
[   12.635515] state TASK_RUNNING
[   12.638618] proc in rq 0
[   12.641694] rq->nr_running rq->cfs.nr_running : 0 0
[   12.647834] rq->load.weight, rq->cfs.load.weight : 0 0
[   12.647836] ----------------^^^^CPU0^^^^^-----------------------
[   12.650961] rq->curr == THREAD(this messg)
[   12.654051] state TASK_RUNNING
[   12.657193] color, tsk->comm, weight, vruntime, state: 1 kworker/1:2 1048576 8779537000 0
[   12.660325] proc in rq 1
[   12.663540] rq->nr_running rq->cfs.nr_running : 2 2
[   12.669964] rq->load.weight, rq->cfs.load.weight : 2097152 2097152
[   12.669967] ----------------^^^^CPU1^^^^^-----------------------
[   12.673174] rq->curr->pid == 0
[   12.676408] state TASK_RUNNING
[   12.679628] proc in rq 0
[   12.682745] rq->nr_running rq->cfs.nr_running : 0 0
[   12.688914] rq->load.weight, rq->cfs.load.weight : 0 0
[   12.688917] ----------------^^^^CPU2^^^^^-----------------------
[   12.691979] rq->curr->pid == 0
[   12.695044] state TASK_RUNNING
[   12.698093] proc in rq 0
[   12.701156] rq->nr_running rq->cfs.nr_running : 0 0
[   12.707063] rq->load.weight, rq->cfs.load.weight : 0 0
[   12.707065] ----------------^^^^CPU3^^^^^-----------------------
[   12.842957] udevd (1977) used greatest stack depth: 11784 bytes left
[   13.684390] rq->curr == idle (init_task)
[   13.684392] state TASK_RUNNING
[   13.687304] proc in rq 0
[   13.690173] rq->nr_running rq->cfs.nr_running : 0 0
[   13.695885] rq->load.weight, rq->cfs.load.weight : 0 0
[   13.695886] ----------------^^^^CPU0^^^^^-----------------------
[   13.698778] rq->curr == THREAD(this messg)
[   13.701654] state TASK_RUNNING
[   13.704481] proc in rq 0
[   13.707347] rq->nr_running rq->cfs.nr_running : 1 1
[   13.713086] rq->load.weight, rq->cfs.load.weight : 1048576 1048576
[   13.713090] ----------------^^^^CPU1^^^^^-----------------------
[   13.716008] rq->curr->pid == 0
[   13.718924] state TASK_RUNNING
[   13.721749] proc in rq 0
[   13.724505] rq->nr_running rq->cfs.nr_running : 0 0
[   13.730134] rq->load.weight, rq->cfs.load.weight : 0 0
[   13.730138] ----------------^^^^CPU2^^^^^-----------------------
[   13.732987] rq->curr->pid == 0
[   13.735885] state TASK_RUNNING
[   13.738769] proc in rq 0
[   13.741579] rq->nr_running rq->cfs.nr_running : 0 0
[   13.747112] rq->load.weight, rq->cfs.load.weight : 0 0
[   13.747114] ----------------^^^^CPU3^^^^^-----------------------
[   14.635509] rq->curr == idle (init_task)
[   14.638357] state TASK_RUNNING
[   14.641172] proc in rq 0
[   14.643965] rq->nr_running rq->cfs.nr_running : 0 0
[   14.649543] rq->load.weight, rq->cfs.load.weight : 0 0
[   14.649547] ----------------^^^^CPU0^^^^^-----------------------
[   14.652351] rq->curr == THREAD(this messg)
[   14.655115] state TASK_RUNNING
[   14.657862] color, tsk->comm, weight, vruntime, state: 1 kworker/1:2 1048576 10778562706 0
[   14.660597] proc in rq 1
[   14.663402] rq->nr_running rq->cfs.nr_running : 2 2
[   14.668967] rq->load.weight, rq->cfs.load.weight : 2097152 2097152
[   14.668970] ----------------^^^^CPU1^^^^^-----------------------
[   14.671784] rq->curr->pid == 0
[   14.674631] state TASK_RUNNING
[   14.677518] proc in rq 0
[   14.680370] rq->nr_running rq->cfs.nr_running : 0 0
[   14.686003] rq->load.weight, rq->cfs.load.weight : 0 0
[   14.686005] ----------------^^^^CPU2^^^^^-----------------------
[   14.688850] rq->curr->pid == 0
[   14.691707] state TASK_RUNNING
[   14.694528] proc in rq 0
[   14.697359] rq->nr_running rq->cfs.nr_running : 0 0
[   14.702954] rq->load.weight, rq->cfs.load.weight : 0 0
[   14.702958] ----------------^^^^CPU3^^^^^-----------------------
[   15.745502] rq->curr == idle (init_task)
[   15.748308] state TASK_RUNNING
[   15.751108] proc in rq 0
[   15.753883] rq->nr_running rq->cfs.nr_running : 0 0
[   15.759452] rq->load.weight, rq->cfs.load.weight : 0 0
[   15.759456] ----------------^^^^CPU0^^^^^-----------------------
[   15.762226] rq->curr == THREAD(this messg)
[   15.765011] state TASK_RUNNING
[   15.767842] proc in rq 0
[   15.770668] rq->nr_running rq->cfs.nr_running : 1 1
[   15.776181] rq->load.weight, rq->cfs.load.weight : 1048576 1048576
[   15.776183] ----------------^^^^CPU1^^^^^-----------------------
[   15.778991] rq->curr->pid == 0
[   15.781795] state TASK_RUNNING
[   15.784588] proc in rq 0
[   15.787389] rq->nr_running rq->cfs.nr_running : 0 0
[   15.792960] rq->load.weight, rq->cfs.load.weight : 0 0
[   15.792963] ----------------^^^^CPU2^^^^^-----------------------
[   15.795742] rq->curr->pid == 0
[   15.798570] state TASK_RUNNING
[   15.801369] proc in rq 0
[   15.804238] rq->nr_running rq->cfs.nr_running : 0 0
[   15.809813] rq->load.weight, rq->cfs.load.weight : 0 0
[   15.809816] ----------------^^^^CPU3^^^^^-----------------------
[   16.635509] rq->curr == idle (init_task)
[   16.638314] state TASK_RUNNING
[   16.641109] proc in rq 0
[   16.643881] rq->nr_running rq->cfs.nr_running : 0 0
[   16.649461] rq->load.weight, rq->cfs.load.weight : 0 0
[   16.649465] ----------------^^^^CPU0^^^^^-----------------------
[   16.652230] rq->curr == THREAD(this messg)
[   16.655013] state TASK_RUNNING
[   16.657781] color, tsk->comm, weight, vruntime, state: 1 kworker/1:2 1048576 12778192824 0
[   16.660486] proc in rq 1
[   16.663282] rq->nr_running rq->cfs.nr_running : 2 2
[   16.668821] rq->load.weight, rq->cfs.load.weight : 2097152 2097152
[   16.668824] ----------------^^^^CPU1^^^^^-----------------------
[   16.671588] rq->curr->pid == 0
[   16.674380] state TASK_RUNNING
[   16.677199] proc in rq 0
[   16.680017] rq->nr_running rq->cfs.nr_running : 0 0
[   16.685556] rq->load.weight, rq->cfs.load.weight : 0 0
[   16.685557] ----------------^^^^CPU2^^^^^-----------------------
[   16.688347] rq->curr->pid == 0
[   16.691146] state TASK_RUNNING
[   16.693934] proc in rq 0
[   16.696731] rq->nr_running rq->cfs.nr_running : 0 0
[   16.702289] rq->load.weight, rq->cfs.load.weight : 0 0
[   16.702292] ----------------^^^^CPU3^^^^^-----------------------
[   17.735503] rq->curr == idle (init_task)
[   17.738300] state TASK_RUNNING
[   17.741092] proc in rq 0
[   17.743860] rq->nr_running rq->cfs.nr_running : 0 0
[   17.749513] rq->load.weight, rq->cfs.load.weight : 0 0
[   17.749516] ----------------^^^^CPU0^^^^^-----------------------
[   17.752279] rq->curr == THREAD(this messg)
[   17.755060] state TASK_RUNNING
[   17.757887] proc in rq 0
[   17.760711] rq->nr_running rq->cfs.nr_running : 1 1
[   17.766221] rq->load.weight, rq->cfs.load.weight : 1048576 1048576
[   17.766223] ----------------^^^^CPU1^^^^^-----------------------
[   17.769025] rq->curr->pid == 0
[   17.771826] state TASK_RUNNING
[   17.774616] proc in rq 0
[   17.777416] rq->nr_running rq->cfs.nr_running : 0 0
[   17.782975] rq->load.weight, rq->cfs.load.weight : 0 0
[   17.782978] ----------------^^^^CPU2^^^^^-----------------------
[   17.785753] rq->curr->pid == 0
[   17.788575] state TASK_RUNNING
[   17.791368] proc in rq 0
[   17.794131] rq->nr_running rq->cfs.nr_running : 0 0
[   17.799684] rq->load.weight, rq->cfs.load.weight : 0 0
[   17.799687] ----------------^^^^CPU3^^^^^-----------------------
[   18.635521] rq->curr == idle (init_task)
[   18.638314] state TASK_RUNNING
[   18.641100] proc in rq 0
[   18.643863] rq->nr_running rq->cfs.nr_running : 0 0
[   18.649415] rq->load.weight, rq->cfs.load.weight : 0 0
[   18.649418] ----------------^^^^CPU0^^^^^-----------------------
[   18.652181] rq->curr == THREAD(this messg)
[   18.654959] state TASK_RUNNING
[   18.657717] color, tsk->comm, weight, vruntime, state: 1 kworker/1:2 1048576 14766866305 0
[   18.660420] proc in rq 1
[   18.663210] rq->nr_running rq->cfs.nr_running : 2 2
[   18.668740] rq->load.weight, rq->cfs.load.weight : 2097152 2097152
[   18.668744] ----------------^^^^CPU1^^^^^-----------------------
[   18.671596] rq->curr->pid == 0
[   18.674391] state TASK_RUNNING
[   18.677205] proc in rq 0
[   18.680018] rq->nr_running rq->cfs.nr_running : 0 0
[   18.685548] rq->load.weight, rq->cfs.load.weight : 0 0
[   18.685550] ----------------^^^^CPU2^^^^^-----------------------
[   18.688336] rq->curr->pid == 0
[   18.691135] state TASK_RUNNING
[   18.693923] proc in rq 0
[   18.696719] rq->nr_running rq->cfs.nr_running : 0 0
[   18.702280] rq->load.weight, rq->cfs.load.weight : 0 0
[   18.702284] ----------------^^^^CPU3^^^^^-----------------------
[   19.675598] rq->curr == idle (init_task)
[   19.678399] state TASK_RUNNING
[   19.681188] proc in rq 0
[   19.683953] rq->nr_running rq->cfs.nr_running : 0 0
[   19.689518] rq->load.weight, rq->cfs.load.weight : 0 0
[   19.689522] ----------------^^^^CPU0^^^^^-----------------------
[   19.692284] rq->curr == THREAD(this messg)
[   19.695159] state TASK_RUNNING
[   19.697986] proc in rq 0
[   19.700799] rq->nr_running rq->cfs.nr_running : 1 1
[   19.706307] rq->load.weight, rq->cfs.load.weight : 1048576 1048576
[   19.706310] ----------------^^^^CPU1^^^^^-----------------------
[   19.709117] rq->curr->pid == 0
[   19.711923] state TASK_RUNNING
[   19.714719] proc in rq 0
[   19.717526] rq->nr_running rq->cfs.nr_running : 0 0
[   19.723108] rq->load.weight, rq->cfs.load.weight : 0 0
[   19.723112] ----------------^^^^CPU2^^^^^-----------------------
[   19.725900] rq->curr->pid == 0
[   19.728736] state TASK_RUNNING
[   19.731540] proc in rq 0
[   19.734317] rq->nr_running rq->cfs.nr_running : 0 0
[   19.739906] rq->load.weight, rq->cfs.load.weight : 0 0
[   19.739909] ----------------^^^^CPU3^^^^^-----------------------
[   20.635508] rq->curr == idle (init_task)
[   20.638314] state TASK_RUNNING
[   20.641113] proc in rq 0
[   20.643889] rq->nr_running rq->cfs.nr_running : 0 0
[   20.649476] rq->load.weight, rq->cfs.load.weight : 0 0
[   20.649480] ----------------^^^^CPU0^^^^^-----------------------
[   20.652255] rq->curr == THREAD(this messg)
[   20.655046] state TASK_RUNNING
[   20.657818] color, tsk->comm, weight, vruntime, state: 1 kworker/1:2 1048576 16766657687 0
[   20.660530] proc in rq 1
[   20.663331] rq->nr_running rq->cfs.nr_running : 2 2
[   20.668894] rq->load.weight, rq->cfs.load.weight : 2097152 2097152
[   20.668897] ----------------^^^^CPU1^^^^^-----------------------
[   20.671672] rq->curr->pid == 0
[   20.674476] state TASK_RUNNING
[   20.677308] proc in rq 0
[   20.680137] rq->nr_running rq->cfs.nr_running : 0 0
[   20.685695] rq->load.weight, rq->cfs.load.weight : 0 0
[   20.685697] ----------------^^^^CPU2^^^^^-----------------------
[   20.688501] rq->curr->pid == 0
[   20.691314] state TASK_RUNNING
[   20.694116] proc in rq 0
[   20.696927] rq->nr_running rq->cfs.nr_running : 0 0
[   20.702516] rq->load.weight, rq->cfs.load.weight : 0 0
[   20.702520] ----------------^^^^CPU3^^^^^-----------------------
[   29.694152] random: crng init done
