[    0.000000] Linux version 5.1.0-rc3+ (root@(none)) (gcc version 9.0.1 20190402 (experimental) (GCC)) #53 SMP Sat Apr 6 18:26:34 +05 2019
[    0.000000] Command line: BOOT_IMAGE=/boot/bzImage root=/dev/sda2 ro
[    0.000000] x86/fpu: Supporting XSAVE feature 0x001: 'x87 floating point registers'
[    0.000000] x86/fpu: Supporting XSAVE feature 0x002: 'SSE registers'
[    0.000000] x86/fpu: Supporting XSAVE feature 0x004: 'AVX registers'
[    0.000000] x86/fpu: xstate_offset[2]:  576, xstate_sizes[2]:  256
[    0.000000] x86/fpu: Enabled xstate features 0x7, context size is 832 bytes, using 'standard' format.
[    0.000000] BIOS-provided physical RAM map:
[    0.000000] BIOS-e820: [mem 0x0000000000000000-0x000000000009ffff] usable
[    0.000000] BIOS-e820: [mem 0x0000000000100000-0x000000009d0f7fff] usable
[    0.000000] BIOS-e820: [mem 0x000000009d0f8000-0x000000009d127fff] reserved
[    0.000000] BIOS-e820: [mem 0x000000009d128000-0x000000009d370fff] usable
[    0.000000] BIOS-e820: [mem 0x000000009d371000-0x000000009dc56fff] ACPI NVS
[    0.000000] BIOS-e820: [mem 0x000000009dc57000-0x000000009e959fff] reserved
[    0.000000] BIOS-e820: [mem 0x000000009e95a000-0x000000009e9cafff] type 20
[    0.000000] BIOS-e820: [mem 0x000000009e9cb000-0x000000009e9cbfff] usable
[    0.000000] BIOS-e820: [mem 0x000000009e9cc000-0x000000009e9d3fff] ACPI NVS
[    0.000000] BIOS-e820: [mem 0x000000009e9d4000-0x000000009eb24fff] usable
[    0.000000] BIOS-e820: [mem 0x000000009eb25000-0x000000009f041fff] reserved
[    0.000000] BIOS-e820: [mem 0x000000009f042000-0x000000009f080fff] usable
[    0.000000] BIOS-e820: [mem 0x000000009f081000-0x000000009f3f1fff] reserved
[    0.000000] BIOS-e820: [mem 0x000000009f3f2000-0x000000009f3fffff] usable
[    0.000000] BIOS-e820: [mem 0x00000000fec00000-0x00000000fec01fff] reserved
[    0.000000] BIOS-e820: [mem 0x00000000fec10000-0x00000000fec10fff] reserved
[    0.000000] BIOS-e820: [mem 0x00000000fed00000-0x00000000fed00fff] reserved
[    0.000000] BIOS-e820: [mem 0x00000000fed80000-0x00000000fed8ffff] reserved
[    0.000000] BIOS-e820: [mem 0x00000000ff000000-0x00000000ffffffff] reserved
[    0.000000] BIOS-e820: [mem 0x0000000100001000-0x000000013effffff] usable
[    0.000000] NX (Execute Disable) protection: active
[    0.000000] efi: EFI v2.31 by American Megatrends
[    0.000000] efi:  ACPI=0x9d3f3000  ACPI 2.0=0x9d3f3000  SMBIOS=0x9e958998 
[    0.000000] SMBIOS 2.7 present.
[    0.000000] DMI: ASUSTeK COMPUTER INC. X102BA/X102BA, BIOS X102BA.212 08/30/2013
[    0.000000] tsc: Fast TSC calibration using PIT
[    0.000000] tsc: Detected 998.148 MHz processor
[    0.000214] e820: update [mem 0x00000000-0x00000fff] usable ==> reserved
[    0.000219] e820: remove [mem 0x000a0000-0x000fffff] usable
[    0.000243] last_pfn = 0x13f000 max_arch_pfn = 0x400000000
[    0.000254] MTRR default type: uncachable
[    0.000255] MTRR fixed ranges enabled:
[    0.000259]   00000-9FFFF write-back
[    0.000262]   A0000-BFFFF write-through
[    0.000265]   C0000-DFFFF uncachable
[    0.000267]   E0000-FFFFF write-protect
[    0.000269] MTRR variable ranges enabled:
[    0.000274]   0 base 0000000000 mask FF80000000 write-back
[    0.000277]   1 base 0080000000 mask FFE0000000 write-back
[    0.000280]   2 base 009F400000 mask FFFFC00000 uncachable
[    0.000284]   3 base 009F800000 mask FFFF800000 uncachable
[    0.000285]   4 disabled
[    0.000286]   5 disabled
[    0.000288]   6 disabled
[    0.000289]   7 disabled
[    0.000291] TOM2: 000000013f000000 aka 5104M
[    0.000813] x86/PAT: Configuration [0-7]: WB  WC  UC- UC  WB  WP  UC- WT  
[    0.001082] e820: update [mem 0x9f400000-0xffffffff] usable ==> reserved
[    0.001096] last_pfn = 0x9f400 max_arch_pfn = 0x400000000
[    0.014309] check: Scanning 1 areas for low memory corruption
[    0.014321] Using GB pages for direct mapping
[    0.014328] BRK [0x105e01000, 0x105e01fff] PGTABLE
[    0.014335] BRK [0x105e02000, 0x105e02fff] PGTABLE
[    0.014340] BRK [0x105e03000, 0x105e03fff] PGTABLE
[    0.014429] BRK [0x105e04000, 0x105e04fff] PGTABLE
[    0.014438] BRK [0x105e05000, 0x105e05fff] PGTABLE
[    0.014982] BRK [0x105e06000, 0x105e06fff] PGTABLE
[    0.015127] BRK [0x105e07000, 0x105e07fff] PGTABLE
[    0.015297] BRK [0x105e08000, 0x105e08fff] PGTABLE
[    0.015480] BRK [0x105e09000, 0x105e09fff] PGTABLE
[    0.015623] BRK [0x105e0a000, 0x105e0afff] PGTABLE
[    0.015824] BRK [0x105e0b000, 0x105e0bfff] PGTABLE
[    0.016067] BRK [0x105e0c000, 0x105e0cfff] PGTABLE
[    0.016207] Secure boot could not be determined
[    0.016223] ACPI: Early table checksum verification disabled
[    0.016232] ACPI: RSDP 0x000000009D3F3000 000024 (v02 _ASUS_)
[    0.016243] ACPI: XSDT 0x000000009D3F3088 000094 (v01 _ASUS_ Notebook 01072009 AMI  00010013)
[    0.016260] ACPI: FACP 0x000000009D400748 00010C (v05 _ASUS_ Notebook 01072009 AMI  00010013)
[    0.016274] ACPI BIOS Warning (bug): Optional FADT field Pm2ControlBlock has valid Length but zero Address: 0x0000000000000000/0x1 (20190215/tbfadt-615)
[    0.016287] ACPI: DSDT 0x000000009D3F31A8 00D59D (v02 _ASUS_ Notebook 00000000 INTL 20091112)
[    0.016298] ACPI: FACS 0x000000009DC4B080 000040
[    0.016306] ACPI: APIC 0x000000009D400858 00007E (v03 _ASUS_ Notebook 01072009 AMI  00010013)
[    0.016315] ACPI: FPDT 0x000000009D4008D8 000044 (v01 _ASUS_ Notebook 01072009 AMI  00010013)
[    0.016325] ACPI: ECDT 0x000000009D400920 0000C1 (v01 _ASUS_ Notebook 01072009 AMI. 00000005)
[    0.016334] ACPI: MCFG 0x000000009D4009E8 00003C (v01 _ASUS_ Notebook 01072009 MSFT 00010013)
[    0.016343] ACPI: HPET 0x000000009D400A28 000038 (v01 _ASUS_ Notebook 01072009 AMI  00000005)
[    0.016353] ACPI: VFCT 0x000000009D400A60 004684 (v01 _ASUS_ Notebook 00000001 AMD  31504F47)
[    0.016363] ACPI: BGRT 0x000000009D4050E8 000038 (v00 _ASUS_ Notebook 01072009 ASUS 00010013)
[    0.016372] ACPI: SSDT 0x000000009D405120 0005E0 (v01 AMD    AGESA    00000001 AMD  00000001)
[    0.016382] ACPI: SSDT 0x000000009D405700 0046D1 (v02 AMD    AGESA    00000002 MSFT 04000000)
[    0.016391] ACPI: CRAT 0x000000009D409DD8 000228 (v01 AMD    AGESA    00000001 AMD  00000001)
[    0.016401] ACPI: SSDT 0x000000009D40A000 001411 (v01 AMD    CPMDFIGP 00000001 INTL 20051117)
[    0.016410] ACPI: SSDT 0x000000009D40B418 0010E8 (v01 AMD    CPMCMN   00000001 INTL 20051117)
[    0.016419] ACPI: MSDM 0x000000009D127F98 000055 (v03 _ASUS_ Notebook 00000000 ASUS 00000001)
[    0.016447] ACPI: Local APIC address 0xfee00000
[    0.016706] No NUMA configuration found
[    0.016710] Faking a node at [mem 0x0000000000000000-0x000000013effffff]
[    0.016723] NODE_DATA(0) allocated [mem 0x13effb000-0x13effefff]
[    0.016776] Zone ranges:
[    0.016780]   DMA      [mem 0x0000000000001000-0x0000000000ffffff]
[    0.016785]   DMA32    [mem 0x0000000001000000-0x00000000ffffffff]
[    0.016789]   Normal   [mem 0x0000000100000000-0x000000013effffff]
[    0.016793] Movable zone start for each node
[    0.016796] Early memory node ranges
[    0.016800]   node   0: [mem 0x0000000000001000-0x000000000009ffff]
[    0.016803]   node   0: [mem 0x0000000000100000-0x000000009d0f7fff]
[    0.016807]   node   0: [mem 0x000000009d128000-0x000000009d370fff]
[    0.016810]   node   0: [mem 0x000000009e9cb000-0x000000009e9cbfff]
[    0.016813]   node   0: [mem 0x000000009e9d4000-0x000000009eb24fff]
[    0.016816]   node   0: [mem 0x000000009f042000-0x000000009f080fff]
[    0.016819]   node   0: [mem 0x000000009f3f2000-0x000000009f3fffff]
[    0.016822]   node   0: [mem 0x0000000100001000-0x000000013effffff]
[    0.017658] Zeroed struct page in unavailable ranges: 11138 pages
[    0.017665] Initmem setup node 0 [mem 0x0000000000001000-0x000000013effffff]
[    0.017673] On node 0 totalpages: 902270
[    0.017676]   DMA zone: 64 pages used for memmap
[    0.017678]   DMA zone: 23 pages reserved
[    0.017680]   DMA zone: 3999 pages, LIFO batch:0
[    0.018072]   DMA32 zone: 10004 pages used for memmap
[    0.018075]   DMA32 zone: 640224 pages, LIFO batch:63
[    0.087038]   Normal zone: 4032 pages used for memmap
[    0.087044]   Normal zone: 258047 pages, LIFO batch:63
[    0.111621] ACPI: PM-Timer IO Port: 0x808
[    0.111633] ACPI: Local APIC address 0xfee00000
[    0.111649] ACPI: LAPIC_NMI (acpi_id[0xff] high edge lint[0x1])
[    0.111665] IOAPIC[0]: apic_id 3, version 33, address 0xfec00000, GSI 0-23
[    0.111676] IOAPIC[1]: apic_id 4, version 33, address 0xfec01000, GSI 24-55
[    0.111684] ACPI: INT_SRC_OVR (bus 0 bus_irq 0 global_irq 2 dfl dfl)
[    0.111690] ACPI: INT_SRC_OVR (bus 0 bus_irq 9 global_irq 9 low level)
[    0.111694] ACPI: IRQ0 used by override.
[    0.111697] ACPI: IRQ9 used by override.
[    0.111702] Using ACPI (MADT) for SMP configuration information
[    0.111707] ACPI: HPET id: 0x10228210 base: 0xfed00000
[    0.111722] smpboot: Allowing 4 CPUs, 2 hotplug CPUs
[    0.111794] PM: Registered nosave memory: [mem 0x00000000-0x00000fff]
[    0.111801] PM: Registered nosave memory: [mem 0x000a0000-0x000fffff]
[    0.111808] PM: Registered nosave memory: [mem 0x9d0f8000-0x9d127fff]
[    0.111815] PM: Registered nosave memory: [mem 0x9d371000-0x9dc56fff]
[    0.111818] PM: Registered nosave memory: [mem 0x9dc57000-0x9e959fff]
[    0.111821] PM: Registered nosave memory: [mem 0x9e95a000-0x9e9cafff]
[    0.111827] PM: Registered nosave memory: [mem 0x9e9cc000-0x9e9d3fff]
[    0.111834] PM: Registered nosave memory: [mem 0x9eb25000-0x9f041fff]
[    0.111840] PM: Registered nosave memory: [mem 0x9f081000-0x9f3f1fff]
[    0.111847] PM: Registered nosave memory: [mem 0x9f400000-0xfebfffff]
[    0.111850] PM: Registered nosave memory: [mem 0xfec00000-0xfec01fff]
[    0.111853] PM: Registered nosave memory: [mem 0xfec02000-0xfec0ffff]
[    0.111856] PM: Registered nosave memory: [mem 0xfec10000-0xfec10fff]
[    0.111859] PM: Registered nosave memory: [mem 0xfec11000-0xfecfffff]
[    0.111862] PM: Registered nosave memory: [mem 0xfed00000-0xfed00fff]
[    0.111864] PM: Registered nosave memory: [mem 0xfed01000-0xfed7ffff]
[    0.111867] PM: Registered nosave memory: [mem 0xfed80000-0xfed8ffff]
[    0.111870] PM: Registered nosave memory: [mem 0xfed90000-0xfeffffff]
[    0.111873] PM: Registered nosave memory: [mem 0xff000000-0xffffffff]
[    0.111876] PM: Registered nosave memory: [mem 0x100000000-0x100000fff]
[    0.111883] [mem 0x9f400000-0xfebfffff] available for PCI devices
[    0.111895] clocksource: refined-jiffies: mask: 0xffffffff max_cycles: 0xffffffff, max_idle_ns: 19112604462750000 ns
[    0.597665] random: get_random_bytes called from start_kernel+0x8b/0x48b with crng_init=0
[    0.597701] setup_percpu: NR_CPUS:64 nr_cpumask_bits:64 nr_cpu_ids:4 nr_node_ids:1
[    0.598804] percpu: Embedded 43 pages/cpu @(____ptrval____) s137240 r8192 d30696 u524288
[    0.598843] pcpu-alloc: s137240 r8192 d30696 u524288 alloc=1*2097152
[    0.598846] pcpu-alloc: [0] 0 1 2 3 
[    0.598921] Built 1 zonelists, mobility grouping on.  Total pages: 888147
[    0.598925] Policy zone: Normal
[    0.598931] Kernel command line: BOOT_IMAGE=/boot/bzImage root=/dev/sda2 ro
[    0.663311] Memory: 3432304K/3609080K available (14357K kernel code, 1434K rwdata, 4404K rodata, 1256K init, 928K bss, 176776K reserved, 0K cma-reserved)
[    0.663531] SLUB: HWalign=64, Order=0-3, MinObjects=0, CPUs=4, Nodes=1
[    0.663759] rcu: Hierarchical RCU implementation.
[    0.663763] rcu: 	RCU event tracing is enabled.
[    0.663767] rcu: 	RCU restricting CPUs from NR_CPUS=64 to nr_cpu_ids=4.
[    0.663772] rcu: RCU calculated value of scheduler-enlistment delay is 10 jiffies.
[    0.663776] rcu: Adjusting geometry for rcu_fanout_leaf=16, nr_cpu_ids=4
[    0.664361] NR_IRQS: 4352, nr_irqs: 1000, preallocated irqs: 16
[    0.664810] Console: colour dummy device 80x25
[    0.665499] printk: console [tty0] enabled
[    0.665546] ACPI: Core revision 20190215
[    0.666197] clocksource: hpet: mask: 0xffffffff max_cycles: 0xffffffff, max_idle_ns: 133484873504 ns
[    0.666226] hpet clockevent registered
[    0.666237] APIC: Switch to symmetric I/O mode setup
[    0.666990] ..TIMER: vector=0x30 apic1=0 pin1=2 apic2=-1 pin2=-1
[    0.716237] clocksource: tsc-early: mask: 0xffffffffffffffff max_cycles: 0x1cc682fe82e, max_idle_ns: 881590410623 ns
[    0.716254] Calibrating delay loop (skipped), value calculated using timer frequency.. 1996.29 BogoMIPS (lpj=9981480)
[    0.716269] pid_max: default: 32768 minimum: 301
[    0.718788] LSM: Security Framework initializing
[    0.718821] SELinux:  Initializing.
[    0.718859] *** VALIDATE SELinux ***
[    0.721089] Dentry cache hash table entries: 524288 (order: 10, 4194304 bytes)
[    0.722259] Inode-cache hash table entries: 262144 (order: 9, 2097152 bytes)
[    0.722358] Mount-cache hash table entries: 8192 (order: 4, 65536 bytes)
[    0.722404] Mountpoint-cache hash table entries: 8192 (order: 4, 65536 bytes)
[    0.722805] *** VALIDATE proc ***
[    0.722897] *** VALIDATE cgroup1 ***
[    0.722908] *** VALIDATE cgroup2 ***
[    0.722968] mce: CPU supports 6 MCE banks
[    0.722998] LVT offset 1 assigned for vector 0xf9
[    0.723013] Last level iTLB entries: 4KB 512, 2MB 8, 4MB 4
[    0.723021] Last level dTLB entries: 4KB 512, 2MB 256, 4MB 128, 1GB 0
[    0.723031] Spectre V2 : Mitigation: Full AMD retpoline
[    0.723038] Spectre V2 : Spectre v2 / SpectreRSB mitigation: Filling RSB on context switch
[    0.723050] Speculative Store Bypass: Mitigation: Speculative Store Bypass disabled via prctl and seccomp
[    0.723625] Freeing SMP alternatives memory: 40K
[    0.736251] smpboot: CPU0: AMD A4-1200 APU with Radeon(TM) HD Graphics (family: 0x16, model: 0x0, stepping: 0x1)
[    0.736251] Performance Events: AMD PMU driver.
[    0.736251] ... version:                0
[    0.736251] ... bit width:              48
[    0.736251] ... generic registers:      4
[    0.736251] ... value mask:             0000ffffffffffff
[    0.736251] ... max period:             00007fffffffffff
[    0.736251] ... fixed-purpose events:   0
[    0.736251] ... event mask:             000000000000000f
[    0.736251] rcu: Hierarchical SRCU implementation.
[    0.736251] MCE: In-kernel MCE decoding enabled.
[    0.736251] smp: Bringing up secondary CPUs ...
[    0.736251] x86: Booting SMP configuration:
[    0.736251] .... node  #0, CPUs:      #1
[    0.736251] smp: Brought up 1 node, 2 CPUs
[    0.736251] smpboot: Max logical packages: 2
[    0.736251] smpboot: Total of 2 processors activated (3992.59 BogoMIPS)
[    0.736251] devtmpfs: initialized
[    0.736251] PM: Registering ACPI NVS region [mem 0x9d371000-0x9dc56fff] (9330688 bytes)
[    0.736251] PM: Registering ACPI NVS region [mem 0x9e9cc000-0x9e9d3fff] (32768 bytes)
[    0.736251] clocksource: jiffies: mask: 0xffffffff max_cycles: 0xffffffff, max_idle_ns: 19112604462750000 ns
[    0.736251] futex hash table entries: 1024 (order: 4, 65536 bytes)
[    0.736251] NET: Registered protocol family 16
[    0.736251] audit: initializing netlink subsys (disabled)
[    0.736251] audit: type=2000 audit(1554614132.060:1): state=initialized audit_enabled=0 res=1
[    0.736251] cpuidle: using governor ladder
[    0.736251] cpuidle: using governor menu
[    0.736251] kworker/u8:1 (34) used greatest stack depth: 14624 bytes left
[    0.736251] ACPI FADT declares the system doesn't support PCIe ASPM, so disable it
[    0.736251] ACPI: bus type PCI registered
[    0.736251] PCI: MMCONFIG for domain 0000 [bus 00-ff] at [mem 0xe0000000-0xefffffff] (base 0xe0000000)
[    0.736251] PCI: not using MMCONFIG
[    0.736251] PCI: Using configuration type 1 for base access
[    0.736251] PCI: Using configuration type 1 for extended access
[    0.746965] kworker/u8:2 (244) used greatest stack depth: 14160 bytes left
[    0.774677] HugeTLB registered 2.00 MiB page size, pre-allocated 0 pages
[    0.774677] ACPI: Added _OSI(Module Device)
[    0.774677] ACPI: Added _OSI(Processor Device)
[    0.774677] ACPI: Added _OSI(3.0 _SCP Extensions)
[    0.774677] ACPI: Added _OSI(Processor Aggregator Device)
[    0.774677] ACPI: Added _OSI(Linux-Dell-Video)
[    0.774677] ACPI: Added _OSI(Linux-Lenovo-NV-HDMI-Audio)
[    0.774677] ACPI: Added _OSI(Linux-HPI-Hybrid-Graphics)
[    0.818324] ACPI: 5 ACPI AML tables successfully acquired and loaded
[    0.821880] ACPI: EC: EC started
[    0.821890] ACPI: EC: interrupt blocked
[    0.823945] ACPI: \: Used as first EC
[    0.823957] ACPI: \: GPE=0x3, EC_CMD/EC_SC=0x66, EC_DATA=0x62
[    0.823965] ACPI: EC: Boot ECDT EC used to handle transactions
[    0.829256] ACPI: [Firmware Bug]: BIOS _OSI(Linux) query ignored
[    0.834258] ACPI: Interpreter enabled
[    0.834349] ACPI: (supports S0 S3 S4 S5)
[    0.834359] ACPI: Using IOAPIC for interrupt routing
[    0.834482] PCI: MMCONFIG for domain 0000 [bus 00-ff] at [mem 0xe0000000-0xefffffff] (base 0xe0000000)
[    0.834660] PCI: MMCONFIG at [mem 0xe0000000-0xefffffff] reserved in ACPI motherboard resources
[    0.834744] PCI: Using host bridge windows from ACPI; if necessary, use "pci=nocrs" and report a bug
[    0.835526] ACPI: Enabled 3 GPEs in block 00 to 1F
[    0.857050] ACPI: PCI Root Bridge [PCI0] (domain 0000 [bus 00-ff])
[    0.857084] acpi PNP0A08:00: _OSC: OS supports [ExtendedConfig ASPM ClockPM Segments MSI]
[    0.857788] acpi PNP0A08:00: _OSC: platform does not support [LTR]
[    0.858445] acpi PNP0A08:00: _OSC: OS now controls [PME AER PCIeCapability]
[    0.858457] acpi PNP0A08:00: FADT indicates ASPM is unsupported, using BIOS configuration
[    0.859067] PCI host bridge to bus 0000:00
[    0.859082] pci_bus 0000:00: root bus resource [io  0x0000-0x03af window]
[    0.859093] pci_bus 0000:00: root bus resource [io  0x03e0-0x0cf7 window]
[    0.859104] pci_bus 0000:00: root bus resource [io  0x03b0-0x03df window]
[    0.859114] pci_bus 0000:00: root bus resource [io  0x0d00-0xffff window]
[    0.859125] pci_bus 0000:00: root bus resource [mem 0x000a0000-0x000bffff window]
[    0.859137] pci_bus 0000:00: root bus resource [mem 0x000c0000-0x000dffff window]
[    0.859150] pci_bus 0000:00: root bus resource [mem 0xc0000000-0xffffffff window]
[    0.859163] pci_bus 0000:00: root bus resource [bus 00-ff]
[    0.859190] pci 0000:00:00.0: [1022:1536] type 00 class 0x060000
[    0.859476] pci 0000:00:01.0: [1002:9839] type 00 class 0x030000
[    0.859509] pci 0000:00:01.0: reg 0x10: [mem 0xc0000000-0xcfffffff 64bit pref]
[    0.859526] pci 0000:00:01.0: reg 0x18: [mem 0xd0000000-0xd07fffff 64bit pref]
[    0.859538] pci 0000:00:01.0: reg 0x20: [io  0xf000-0xf0ff]
[    0.859550] pci 0000:00:01.0: reg 0x24: [mem 0xfeb00000-0xfeb3ffff]
[    0.859562] pci 0000:00:01.0: reg 0x30: [mem 0xfeb40000-0xfeb5ffff pref]
[    0.859571] pci 0000:00:01.0: enabling Extended Tags
[    0.859603] pci 0000:00:01.0: BAR 0: assigned to efifb
[    0.859660] pci 0000:00:01.0: supports D1 D2
[    0.859665] pci 0000:00:01.0: PME# supported from D1 D2 D3hot
[    0.859901] pci 0000:00:01.1: [1002:9840] type 00 class 0x040300
[    0.859929] pci 0000:00:01.1: reg 0x10: [mem 0xfeb64000-0xfeb67fff 64bit]
[    0.859963] pci 0000:00:01.1: enabling Extended Tags
[    0.860034] pci 0000:00:01.1: supports D1 D2
[    0.860230] pci 0000:00:02.0: [1022:1538] type 00 class 0x060000
[    0.860465] pci 0000:00:02.2: [1022:1439] type 01 class 0x060400
[    0.860528] pci 0000:00:02.2: enabling Extended Tags
[    0.860611] pci 0000:00:02.2: PME# supported from D0 D3hot D3cold
[    0.860844] pci 0000:00:02.3: [1022:1439] type 01 class 0x060400
[    0.860906] pci 0000:00:02.3: enabling Extended Tags
[    0.860986] pci 0000:00:02.3: PME# supported from D0 D3hot D3cold
[    0.861245] pci 0000:00:10.0: [1022:7814] type 00 class 0x0c0330
[    0.861281] pci 0000:00:10.0: reg 0x10: [mem 0xfeb68000-0xfeb69fff 64bit]
[    0.861416] pci 0000:00:10.0: PME# supported from D0 D3hot D3cold
[    0.861656] pci 0000:00:11.0: [1022:7801] type 00 class 0x010601
[    0.861686] pci 0000:00:11.0: reg 0x10: [io  0xf140-0xf147]
[    0.861699] pci 0000:00:11.0: reg 0x14: [io  0xf130-0xf133]
[    0.861711] pci 0000:00:11.0: reg 0x18: [io  0xf120-0xf127]
[    0.861724] pci 0000:00:11.0: reg 0x1c: [io  0xf110-0xf113]
[    0.861737] pci 0000:00:11.0: reg 0x20: [io  0xf100-0xf10f]
[    0.861749] pci 0000:00:11.0: reg 0x24: [mem 0xfeb6f000-0xfeb6f3ff]
[    0.861821] pci 0000:00:11.0: PME# supported from D3hot
[    0.862027] pci 0000:00:12.0: [1022:7807] type 00 class 0x0c0310
[    0.862049] pci 0000:00:12.0: reg 0x10: [mem 0xfeb6e000-0xfeb6efff]
[    0.862309] pci 0000:00:12.2: [1022:7808] type 00 class 0x0c0320
[    0.862337] pci 0000:00:12.2: reg 0x10: [mem 0xfeb6d000-0xfeb6d0ff]
[    0.862436] pci 0000:00:12.2: supports D1 D2
[    0.862440] pci 0000:00:12.2: PME# supported from D0 D1 D2 D3hot D3cold
[    0.862648] pci 0000:00:13.0: [1022:7807] type 00 class 0x0c0310
[    0.862670] pci 0000:00:13.0: reg 0x10: [mem 0xfeb6c000-0xfeb6cfff]
[    0.862926] pci 0000:00:13.2: [1022:7808] type 00 class 0x0c0320
[    0.862953] pci 0000:00:13.2: reg 0x10: [mem 0xfeb6b000-0xfeb6b0ff]
[    0.863051] pci 0000:00:13.2: supports D1 D2
[    0.863055] pci 0000:00:13.2: PME# supported from D0 D1 D2 D3hot D3cold
[    0.863263] pci 0000:00:14.0: [1022:780b] type 00 class 0x0c0500
[    0.863520] pci 0000:00:14.2: [1022:780d] type 00 class 0x040300
[    0.863552] pci 0000:00:14.2: reg 0x10: [mem 0xfeb60000-0xfeb63fff 64bit]
[    0.863636] pci 0000:00:14.2: PME# supported from D0 D3hot D3cold
[    0.863842] pci 0000:00:14.3: [1022:780e] type 00 class 0x060100
[    0.864118] pci 0000:00:14.7: [1022:7813] type 00 class 0x080501
[    0.864145] pci 0000:00:14.7: reg 0x10: [mem 0xfeb6a000-0xfeb6a0ff 64bit]
[    0.864364] pci 0000:00:18.0: [1022:1530] type 00 class 0x060000
[    0.864576] pci 0000:00:18.1: [1022:1531] type 00 class 0x060000
[    0.864786] pci 0000:00:18.2: [1022:1532] type 00 class 0x060000
[    0.864992] pci 0000:00:18.3: [1022:1533] type 00 class 0x060000
[    0.865204] pci 0000:00:18.4: [1022:1534] type 00 class 0x060000
[    0.865408] pci 0000:00:18.5: [1022:1535] type 00 class 0x060000
[    0.865761] pci 0000:01:00.0: [168c:0032] type 00 class 0x028000
[    0.865817] pci 0000:01:00.0: reg 0x10: [mem 0xfea00000-0xfea7ffff 64bit]
[    0.865882] pci 0000:01:00.0: reg 0x30: [mem 0xfea80000-0xfea8ffff pref]
[    0.866045] pci 0000:01:00.0: supports D1 D2
[    0.866049] pci 0000:01:00.0: PME# supported from D0 D1 D2 D3hot D3cold
[    0.866354] pci 0000:00:02.2: PCI bridge to [bus 01]
[    0.866376] pci 0000:00:02.2:   bridge window [mem 0xfea00000-0xfeafffff]
[    0.866516] pci 0000:02:00.0: [10ec:8136] type 00 class 0x020000
[    0.866567] pci 0000:02:00.0: reg 0x10: [io  0xe000-0xe0ff]
[    0.866607] pci 0000:02:00.0: reg 0x18: [mem 0xd0804000-0xd0804fff 64bit pref]
[    0.866634] pci 0000:02:00.0: reg 0x20: [mem 0xd0800000-0xd0803fff 64bit pref]
[    0.866818] pci 0000:02:00.0: supports D1 D2
[    0.866822] pci 0000:02:00.0: PME# supported from D0 D1 D2 D3hot D3cold
[    0.867095] pci 0000:00:02.3: PCI bridge to [bus 02]
[    0.867112] pci 0000:00:02.3:   bridge window [io  0xe000-0xefff]
[    0.867124] pci 0000:00:02.3:   bridge window [mem 0xd0800000-0xd08fffff 64bit pref]
[    0.868753] ACPI: PCI Interrupt Link [LNKA] (IRQs 4 7 10 11 14 15) *0
[    0.869002] ACPI: PCI Interrupt Link [LNKB] (IRQs 4 7 10 11 14 15) *0
[    0.869255] ACPI: PCI Interrupt Link [LNKC] (IRQs 4 7 10 11 14 15) *0
[    0.869503] ACPI: PCI Interrupt Link [LNKD] (IRQs 4 7 10 11 14 15) *0
[    0.869713] ACPI: PCI Interrupt Link [LNKE] (IRQs 4 7 10 11 14 15) *0
[    0.869885] ACPI: PCI Interrupt Link [LNKF] (IRQs 4 7 10 11 14 15) *0
[    0.870056] ACPI: PCI Interrupt Link [LNKG] (IRQs 4 7 10 11 14 15) *0
[    0.870225] ACPI: PCI Interrupt Link [LNKH] (IRQs 4 7 10 11 14 15) *0
[    0.871294] ACPI: EC: interrupt unblocked
[    0.871318] ACPI: EC: event unblocked
[    0.871336] ACPI: \_SB_.PCI0.SBRG.EC0_: GPE=0x3, EC_CMD/EC_SC=0x66, EC_DATA=0x62
[    0.871349] ACPI: \_SB_.PCI0.SBRG.EC0_: Boot DSDT EC used to handle transactions and events
[    0.871652] pci 0000:00:01.0: vgaarb: setting as boot VGA device
[    0.871666] pci 0000:00:01.0: vgaarb: VGA device added: decodes=io+mem,owns=io+mem,locks=none
[    0.871692] pci 0000:00:01.0: vgaarb: bridge control possible
[    0.871700] vgaarb: loaded
[    0.872019] SCSI subsystem initialized
[    0.872188] libata version 3.00 loaded.
[    0.872277] ACPI: bus type USB registered
[    0.872351] usbcore: registered new interface driver usbfs
[    0.872389] usbcore: registered new interface driver hub
[    0.872448] usbcore: registered new device driver usb
[    0.872524] pps_core: LinuxPPS API ver. 1 registered
[    0.872533] pps_core: Software ver. 5.3.6 - Copyright 2005-2007 Rodolfo Giometti <giometti@linux.it>
[    0.872556] PTP clock support registered
[    0.873042] EDAC MC: Ver: 3.0.0
[    0.873386] Registered efivars operations
[    0.876446] Advanced Linux Sound Architecture Driver Initialized.
[    0.876531] PCI: Using ACPI for IRQ routing
[    0.886469] PCI: pci_cache_line_size set to 64 bytes
[    0.886469] e820: reserve RAM buffer [mem 0x9d0f8000-0x9fffffff]
[    0.886469] e820: reserve RAM buffer [mem 0x9d371000-0x9fffffff]
[    0.886469] e820: reserve RAM buffer [mem 0x9e9cc000-0x9fffffff]
[    0.886469] e820: reserve RAM buffer [mem 0x9eb25000-0x9fffffff]
[    0.886469] e820: reserve RAM buffer [mem 0x9f081000-0x9fffffff]
[    0.886469] e820: reserve RAM buffer [mem 0x9f400000-0x9fffffff]
[    0.886469] e820: reserve RAM buffer [mem 0x13f000000-0x13fffffff]
[    0.886471] NetLabel: Initializing
[    0.886471] NetLabel:  domain hash size = 128
[    0.886471] NetLabel:  protocols = UNLABELED CIPSOv4 CALIPSO
[    0.886471] NetLabel:  unlabeled traffic allowed by default
[    0.886497] hpet0: at MMIO 0xfed00000, IRQs 2, 8, 0
[    0.886513] hpet0: 3 comparators, 32-bit 14.318180 MHz counter
[    0.887423] clocksource: Switched to clocksource tsc-early
[    0.933515] VFS: Disk quotas dquot_6.6.0
[    0.933581] VFS: Dquot-cache hash table entries: 512 (order 0, 4096 bytes)
[    0.933667] *** VALIDATE hugetlbfs ***
[    0.933777] pnp: PnP ACPI init
[    0.934192] system 00:00: [mem 0xe0000000-0xefffffff] has been reserved
[    0.934230] system 00:00: Plug and Play ACPI device, IDs PNP0c01 (active)
[    0.934448] system 00:01: [mem 0xa0000000-0xbfffffff] has been reserved
[    0.934480] system 00:01: Plug and Play ACPI device, IDs PNP0c02 (active)
[    0.934658] system 00:02: Plug and Play ACPI device, IDs PNP0c02 (active)
[    0.934752] pnp 00:03: Plug and Play ACPI device, IDs PNP0b00 (active)
[    0.934947] system 00:04: [io  0x04d0-0x04d1] has been reserved
[    0.934979] system 00:04: Plug and Play ACPI device, IDs PNP0c02 (active)
[    0.935219] pnp 00:05: Plug and Play ACPI device, IDs ETD0108 SYN0a00 SYN0002 PNP0f03 PNP0f13 PNP0f12 (active)
[    0.935360] pnp 00:06: Plug and Play ACPI device, IDs ATK3001 PNP030b (active)
[    0.936168] system 00:07: [io  0x04d0-0x04d1] has been reserved
[    0.936182] system 00:07: [io  0x040b] has been reserved
[    0.936193] system 00:07: [io  0x04d6] has been reserved
[    0.936204] system 00:07: [io  0x0c00-0x0c01] has been reserved
[    0.936215] system 00:07: [io  0x0c14] has been reserved
[    0.936227] system 00:07: [io  0x0c50-0x0c51] has been reserved
[    0.936238] system 00:07: [io  0x0c52] has been reserved
[    0.936248] system 00:07: [io  0x0c6c] has been reserved
[    0.936258] system 00:07: [io  0x0c6f] has been reserved
[    0.936269] system 00:07: [io  0x0cd0-0x0cd1] has been reserved
[    0.936279] system 00:07: [io  0x0cd2-0x0cd3] has been reserved
[    0.936290] system 00:07: [io  0x0cd4-0x0cd5] has been reserved
[    0.936300] system 00:07: [io  0x0cd6-0x0cd7] has been reserved
[    0.936311] system 00:07: [io  0x0cd8-0x0cdf] has been reserved
[    0.936321] system 00:07: [io  0x0800-0x089f] has been reserved
[    0.936331] system 00:07: [io  0x0900-0x090f] has been reserved
[    0.936342] system 00:07: [io  0x0910-0x091f] has been reserved
[    0.936353] system 00:07: [io  0xfe00-0xfefe] has been reserved
[    0.936366] system 00:07: [mem 0xfec00000-0xfec00fff] could not be reserved
[    0.936378] system 00:07: [mem 0xfee00000-0xfee00fff] has been reserved
[    0.936390] system 00:07: [mem 0xfed80000-0xfed8ffff] has been reserved
[    0.936401] system 00:07: [mem 0xfed61000-0xfed70fff] has been reserved
[    0.936413] system 00:07: [mem 0xfec10000-0xfec10fff] has been reserved
[    0.936424] system 00:07: [mem 0xfed00000-0xfed00fff] could not be reserved
[    0.936436] system 00:07: [mem 0xff000000-0xffffffff] has been reserved
[    0.936463] system 00:07: Plug and Play ACPI device, IDs PNP0c02 (active)
[    0.937333] pnp: PnP ACPI: found 8 devices
[    0.947495] clocksource: acpi_pm: mask: 0xffffff max_cycles: 0xffffff, max_idle_ns: 2085701024 ns
[    0.947560] pci 0000:00:02.2: PCI bridge to [bus 01]
[    0.947580] pci 0000:00:02.2:   bridge window [mem 0xfea00000-0xfeafffff]
[    0.947598] pci 0000:00:02.3: PCI bridge to [bus 02]
[    0.947610] pci 0000:00:02.3:   bridge window [io  0xe000-0xefff]
[    0.947627] pci 0000:00:02.3:   bridge window [mem 0xd0800000-0xd08fffff 64bit pref]
[    0.947650] pci_bus 0000:00: resource 4 [io  0x0000-0x03af window]
[    0.947655] pci_bus 0000:00: resource 5 [io  0x03e0-0x0cf7 window]
[    0.947660] pci_bus 0000:00: resource 6 [io  0x03b0-0x03df window]
[    0.947664] pci_bus 0000:00: resource 7 [io  0x0d00-0xffff window]
[    0.947669] pci_bus 0000:00: resource 8 [mem 0x000a0000-0x000bffff window]
[    0.947674] pci_bus 0000:00: resource 9 [mem 0x000c0000-0x000dffff window]
[    0.947678] pci_bus 0000:00: resource 10 [mem 0xc0000000-0xffffffff window]
[    0.947684] pci_bus 0000:01: resource 1 [mem 0xfea00000-0xfeafffff]
[    0.947688] pci_bus 0000:02: resource 0 [io  0xe000-0xefff]
[    0.947693] pci_bus 0000:02: resource 2 [mem 0xd0800000-0xd08fffff 64bit pref]
[    0.947946] NET: Registered protocol family 2
[    0.948472] tcp_listen_portaddr_hash hash table entries: 2048 (order: 3, 32768 bytes)
[    0.948535] TCP established hash table entries: 32768 (order: 6, 262144 bytes)
[    0.948789] TCP bind hash table entries: 32768 (order: 7, 524288 bytes)
[    0.949016] TCP: Hash tables configured (established 32768 bind 32768)
[    0.949179] UDP hash table entries: 2048 (order: 4, 65536 bytes)
[    0.949243] UDP-Lite hash table entries: 2048 (order: 4, 65536 bytes)
[    0.949424] NET: Registered protocol family 1
[    0.949878] RPC: Registered named UNIX socket transport module.
[    0.949891] RPC: Registered udp transport module.
[    0.949898] RPC: Registered tcp transport module.
[    0.949905] RPC: Registered tcp NFSv4.1 backchannel transport module.
[    0.950282] pci 0000:00:01.0: Video device with shadowed ROM at [mem 0x000c0000-0x000dffff]
[    0.950875] pci 0000:00:12.0: enabling device (0000 -> 0002)
[    0.951645] pci 0000:00:12.2: PME# does not work under D3, disabling it
[    0.951668] pci 0000:00:13.0: enabling device (0000 -> 0002)
[    0.952294] pci 0000:00:13.2: PME# does not work under D3, disabling it
[    0.952381] PCI: CLS 64 bytes, default 64
[    0.952506] PCI-DMA: Using software bounce buffering for IO (SWIOTLB)
[    0.952519] software IO TLB: mapped [mem 0x97989000-0x9b989000] (64MB)
[    0.952734] amd_uncore: AMD NB counters detected
[    0.952752] amd_uncore: AMD LLC counters detected
[    0.952867] LVT offset 0 assigned for vector 0x400
[    0.952922] perf: AMD IBS detected (0x000000ff)
[    0.952942] kvm: no hardware support
[    0.953045] kvm: Nested Virtualization enabled
[    0.953057] kvm: Nested Paging enabled
[    0.954080] check: Scanning for low memory corruption every 60 seconds
[    0.956574] Initialise system trusted keyrings
[    0.956995] workingset: timestamp_bits=56 max_order=20 bucket_order=0
[    0.957466] kworker/u8:3 (1081) used greatest stack depth: 14016 bytes left
[    0.959932] kworker/u8:0 (1109) used greatest stack depth: 14000 bytes left
[    0.965928] fuse init (API version 7.29)
[    0.971934] Key type asymmetric registered
[    0.971954] Asymmetric key parser 'x509' registered
[    0.972011] Block layer SCSI generic (bsg) driver version 0.4 loaded (major 249)
[    0.972024] io scheduler mq-deadline registered
[    0.972031] io scheduler kyber registered
[    0.972760] pcieport 0000:00:02.2: Signaling PME with IRQ 25
[    0.973382] pcieport 0000:00:02.3: Signaling PME with IRQ 27
[    0.974086] uvesafb: failed to execute /sbin/v86d
[    0.974098] uvesafb: make sure that the v86d helper is installed and executable
[    0.974110] uvesafb: Getting VBE info block failed (eax=0x4f00, err=-2)
[    0.974118] uvesafb: vbe_init() failed with -22
[    0.974133] uvesafb: probe of uvesafb.0 failed with error -22
[    0.974196] efifb: probing for efifb
[    0.974241] efifb: framebuffer at 0xc0000000, using 4224k, total 4224k
[    0.974251] efifb: mode is 1366x768x32, linelength=5632, pages=1
[    0.974258] efifb: scrolling: redraw
[    0.974267] efifb: Truecolor: size=8:8:8:8, shift=24:16:8:0
[    0.984884] Console: switching to colour frame buffer device 170x48
[    0.994268] fb0: EFI VGA frame buffer device
[    0.994871] ACPI: AC Adapter [AC0] (on-line)
[    0.995312] input: Power Button as /devices/LNXSYSTM:00/LNXSYBUS:00/PNP0C0C:00/input/input0
[    0.995470] ACPI: Power Button [PWRB]
[    0.995660] input: Lid Switch as /devices/LNXSYSTM:00/LNXSYBUS:00/PNP0C0D:00/input/input1
[    0.995808] ACPI: Lid Switch [LID]
[    0.995974] input: Sleep Button as /devices/LNXSYSTM:00/LNXSYBUS:00/PNP0C0E:00/input/input2
[    0.996140] ACPI: Sleep Button [SLPB]
[    0.996317] input: Power Button as /devices/LNXSYSTM:00/LNXPWRBN:00/input/input3
[    0.996455] ACPI: Power Button [PWRF]
[    0.999839] thermal LNXTHERM:00: registered as thermal_zone0
[    0.999940] ACPI: Thermal Zone [THRM] (40 C)
[    1.001051] Serial: 8250/16550 driver, 4 ports, IRQ sharing enabled
[    1.006485] Non-volatile memory driver v1.3
[    1.006704] Linux agpgart interface v0.103
[    1.013171] loop: module loaded
[    1.013499] ahci 0000:00:11.0: version 3.0
[    1.013953] ahci 0000:00:11.0: AHCI 0001.0300 32 slots 2 ports 6 Gbps 0x3 impl SATA mode
[    1.014091] ahci 0000:00:11.0: flags: 64bit ncq sntf ilck pm led clo pmp pio slum part 
[    1.018110] scsi host0: ahci
[    1.021813] scsi host1: ahci
[    1.025079] ata1: SATA max UDMA/133 abar m1024@0xfeb6f000 port 0xfeb6f100 irq 28
[    1.028238] ata2: SATA max UDMA/133 abar m1024@0xfeb6f000 port 0xfeb6f180 irq 28
[    1.031814] tun: Universal TUN/TAP device driver, 1.6
[    1.035595] e1000: Intel(R) PRO/1000 Network Driver - version 7.3.21-k8-NAPI
[    1.038756] e1000: Copyright (c) 1999-2006 Intel Corporation.
[    1.041934] e1000e: Intel(R) PRO/1000 Network Driver - 3.2.6-k
[    1.045055] e1000e: Copyright(c) 1999 - 2015 Intel Corporation.
[    1.048322] sky2: driver version 1.30
[    1.053181] libphy: r8169: probed
[    1.056586] r8169 0000:02:00.0 eth0: RTL8105e, 74:d0:2b:a3:a6:42, XID 40a, IRQ 30
[    1.059961] ath9k 0000:01:00.0: enabling device (0000 -> 0002)
[    1.063572] ath: phy0: Disable PLL PowerSave
[    1.074164] ath: phy0: ASPM enabled: 0x442
[    1.077281] ath: EEPROM regdomain: 0x60
[    1.077282] ath: EEPROM indicates we should expect a direct regpair map
[    1.077288] ath: Country alpha2 being used: 00
[    1.077290] ath: Regpair used: 0x60
[    1.079745] ieee80211 phy0: Selected rate control algorithm 'minstrel_ht'
[    1.080355] ieee80211 phy0: Atheros AR9485 Rev:1 mem=0xffffb61b02400000, irq=31
[    1.083935] ehci_hcd: USB 2.0 'Enhanced' Host Controller (EHCI) Driver
[    1.087112] ehci-pci: EHCI PCI platform driver
[    1.090575] ehci-pci 0000:00:12.2: EHCI Host Controller
[    1.093922] ehci-pci 0000:00:12.2: new USB bus registered, assigned bus number 1
[    1.097123] ehci-pci 0000:00:12.2: applying AMD SB700/SB800/Hudson-2/3 EHCI dummy qh workaround
[    1.100355] ehci-pci 0000:00:12.2: debug port 1
[    1.103655] ehci-pci 0000:00:12.2: irq 17, io mem 0xfeb6d000
[    1.131582] ehci-pci 0000:00:12.2: USB 2.0 started, EHCI 1.00
[    1.134902] usb usb1: New USB device found, idVendor=1d6b, idProduct=0002, bcdDevice= 5.01
[    1.138119] usb usb1: New USB device strings: Mfr=3, Product=2, SerialNumber=1
[    1.141342] usb usb1: Product: EHCI Host Controller
[    1.144518] usb usb1: Manufacturer: Linux 5.1.0-rc3+ ehci_hcd
[    1.147644] usb usb1: SerialNumber: 0000:00:12.2
[    1.151192] hub 1-0:1.0: USB hub found
[    1.154234] hub 1-0:1.0: 4 ports detected
[    1.159520] ehci-pci 0000:00:13.2: EHCI Host Controller
[    1.162624] ehci-pci 0000:00:13.2: new USB bus registered, assigned bus number 2
[    1.165543] ehci-pci 0000:00:13.2: applying AMD SB700/SB800/Hudson-2/3 EHCI dummy qh workaround
[    1.168468] ehci-pci 0000:00:13.2: debug port 1
[    1.171408] ehci-pci 0000:00:13.2: irq 17, io mem 0xfeb6b000
[    1.201582] ehci-pci 0000:00:13.2: USB 2.0 started, EHCI 1.00
[    1.204577] usb usb2: New USB device found, idVendor=1d6b, idProduct=0002, bcdDevice= 5.01
[    1.206927] battery: ACPI: Battery Slot [BAT0] (battery present)
[    1.207468] usb usb2: New USB device strings: Mfr=3, Product=2, SerialNumber=1
[    1.213367] usb usb2: Product: EHCI Host Controller
[    1.216285] usb usb2: Manufacturer: Linux 5.1.0-rc3+ ehci_hcd
[    1.219192] usb usb2: SerialNumber: 0000:00:13.2
[    1.222440] hub 2-0:1.0: USB hub found
[    1.225347] hub 2-0:1.0: 4 ports detected
[    1.230364] ohci_hcd: USB 1.1 'Open' Host Controller (OHCI) Driver
[    1.233335] ohci-pci: OHCI PCI platform driver
[    1.236503] ohci-pci 0000:00:12.0: OHCI PCI host controller
[    1.239541] ohci-pci 0000:00:12.0: new USB bus registered, assigned bus number 3
[    1.242499] ohci-pci 0000:00:12.0: irq 18, io mem 0xfeb6e000
[    1.315746] usb usb3: New USB device found, idVendor=1d6b, idProduct=0001, bcdDevice= 5.01
[    1.318694] usb usb3: New USB device strings: Mfr=3, Product=2, SerialNumber=1
[    1.321604] usb usb3: Product: OHCI PCI host controller
[    1.324518] usb usb3: Manufacturer: Linux 5.1.0-rc3+ ohci_hcd
[    1.327424] usb usb3: SerialNumber: 0000:00:12.0
[    1.330841] hub 3-0:1.0: USB hub found
[    1.333691] hub 3-0:1.0: 4 ports detected
[    1.338873] ohci-pci 0000:00:13.0: OHCI PCI host controller
[    1.341886] ohci-pci 0000:00:13.0: new USB bus registered, assigned bus number 4
[    1.344767] ohci-pci 0000:00:13.0: irq 18, io mem 0xfeb6c000
[    1.365212] ata2: SATA link down (SStatus 0 SControl 300)
[    1.419347] usb usb4: New USB device found, idVendor=1d6b, idProduct=0001, bcdDevice= 5.01
[    1.422254] usb usb4: New USB device strings: Mfr=3, Product=2, SerialNumber=1
[    1.425124] usb usb4: Product: OHCI PCI host controller
[    1.427945] usb usb4: Manufacturer: Linux 5.1.0-rc3+ ohci_hcd
[    1.430793] usb usb4: SerialNumber: 0000:00:13.0
[    1.434095] hub 4-0:1.0: USB hub found
[    1.436914] hub 4-0:1.0: 4 ports detected
[    1.441835] uhci_hcd: USB Universal Host Controller Interface driver
[    1.444766] usbcore: registered new interface driver usblp
[    1.447740] usbcore: registered new interface driver usb-storage
[    1.450569] usbcore: registered new interface driver ch341
[    1.453318] usbserial: USB Serial support registered for ch341-uart
[    1.456226] i8042: PNP: PS/2 Controller [PNP030b:PS2K,PNP0f03:PS2M] at 0x60,0x64 irq 1,12
[    1.460782] i8042: Detected active multiplexing controller, rev 1.1
[    1.464304] serio: i8042 KBD port at 0x60,0x64 irq 1
[    1.467141] serio: i8042 AUX0 port at 0x60,0x64 irq 12
[    1.470013] serio: i8042 AUX1 port at 0x60,0x64 irq 12
[    1.472855] serio: i8042 AUX2 port at 0x60,0x64 irq 12
[    1.475674] serio: i8042 AUX3 port at 0x60,0x64 irq 12
[    1.478843] mousedev: PS/2 mouse device common for all mice
[    1.482054] rtc_cmos 00:03: RTC can wake from S4
[    1.484910] rtc_cmos 00:03: registered as rtc0
[    1.487515] rtc_cmos 00:03: alarms up to one month, y3k, 114 bytes nvram, hpet irqs
[    1.490442] device-mapper: ioctl: 4.40.0-ioctl (2019-01-18) initialised: dm-devel@redhat.com
[    1.493245] EFI Variables Facility v0.08 2004-May-17
[    1.503497] hidraw: raw HID events driver (C) Jiri Kosina
[    1.507086] usbcore: registered new interface driver usbhid
[    1.509811] usbhid: USB HID core driver
[    1.515920] snd_hda_intel 0000:00:01.1: enabling device (0000 -> 0002)
[    1.518963] snd_hda_intel 0000:00:01.1: Force to non-snoop mode
[    1.518966] input: AT Translated Set 2 keyboard as /devices/platform/i8042/serio0/input/input4
[    1.528607] Initializing XFRM netlink socket
[    1.532115] NET: Registered protocol family 10
[    1.535948] Segment Routing with IPv6
[    1.538790] sit: IPv6, IPv4 and MPLS over IPv4 tunneling driver
[    1.541903] NET: Registered protocol family 17
[    1.545762] snd_hda_codec_generic hdaudioC0D0: autoconfig for Generic: line_outs=0 (0x0/0x0/0x0/0x0/0x0) type:line
[    1.545817] microcode: CPU0: patch_level=0x0700010b
[    1.548649] snd_hda_codec_generic hdaudioC0D0:    speaker_outs=0 (0x0/0x0/0x0/0x0/0x0)
[    1.554512] microcode: CPU1: patch_level=0x0700010b
[    1.554654] microcode: Microcode Update Driver: v2.2.
[    1.554689] sched_clock: Marking stable (1550024900, 1526120)->(1676394647, -124843627)
[    1.557490] snd_hda_codec_generic hdaudioC0D0:    hp_outs=0 (0x0/0x0/0x0/0x0/0x0)
[    1.560972] registered taskstats version 1
[    1.563439] snd_hda_codec_generic hdaudioC0D0:    mono: mono_out=0x0
[    1.563443] snd_hda_codec_generic hdaudioC0D0:    dig-out=0x3/0x0
[    1.563447] snd_hda_codec_generic hdaudioC0D0:    inputs:
[    1.575069] ata1: SATA link up 6.0 Gbps (SStatus 133 SControl 300)
[    1.575430] Loading compiled-in X.509 certificates
[    1.585580] random: fast init done
[    1.588627] ata1.00: ATA-8: KINGSTON SV300S37A120G, 603ABBF0, max UDMA/133
[    1.588665] acpi_cpufreq: overriding BIOS provided _PSD data
[    1.591637] ata1.00: 234441648 sectors, multi 1: LBA48 NCQ (depth 32), AA
[    1.592591] input: HDA ATI HDMI HDMI as /devices/pci0000:00/0000:00:01.1/sound/card0/input6
[    1.598033] cfg80211: Loading compiled-in X.509 certificates for regulatory database
[    1.606353] cfg80211: Loaded X.509 cert 'sforshee: 00b28ddf47aef9cea7'
[    1.609514] ALSA device list:
[    1.612639]   No soundcards found.
[    1.615803] platform regulatory.0: Direct firmware load for regulatory.db failed with error -2
[    1.619095] cfg80211: failed to load regulatory.db
[    1.622435] ata1.00: configured for UDMA/133
[    1.626321] snd_hda_codec_realtek hdaudioC1D0: autoconfig for ALC3229: line_outs=1 (0x14/0x0/0x0/0x0/0x0) type:speaker
[    1.626464] scsi 0:0:0:0: Direct-Access     ATA      KINGSTON SV300S3 BBF0 PQ: 0 ANSI: 5
[    1.629834] snd_hda_codec_realtek hdaudioC1D0:    speaker_outs=0 (0x0/0x0/0x0/0x0/0x0)
[    1.634131] sd 0:0:0:0: [sda] 234441648 512-byte logical blocks: (120 GB/112 GiB)
[    1.636958] snd_hda_codec_realtek hdaudioC1D0:    hp_outs=1 (0x21/0x0/0x0/0x0/0x0)
[    1.640578] sd 0:0:0:0: [sda] Write Protect is off
[    1.644130] snd_hda_codec_realtek hdaudioC1D0:    mono: mono_out=0x0
[    1.644134] snd_hda_codec_realtek hdaudioC1D0:    inputs:
[    1.644138] snd_hda_codec_realtek hdaudioC1D0:      Mic=0x19
[    1.647994] sd 0:0:0:0: Attached scsi generic sg0 type 0
[    1.651292] sd 0:0:0:0: [sda] Mode Sense: 00 3a 00 00
[    1.662083] sd 0:0:0:0: [sda] Write cache: enabled, read cache: enabled, doesn't support DPO or FUA
[    1.665573]  sda: sda1 sda2 sda3 sda4 sda5 sda6
[    1.671941] sd 0:0:0:0: [sda] Attached SCSI disk
[    1.687058] input: HD-Audio Generic Headphone as /devices/pci0000:00/0000:00:14.2/sound/card1/input11
[    1.703597] md: Waiting for all devices to be available before autodetect
[    1.707255] md: If you don't use raid, use raid=noautodetect
[    2.016462] usb 4-1: new full-speed USB device number 2 using ohci-pci
[    2.026446] tsc: Refined TSC clocksource calibration: 998.127 MHz
[    2.026461] clocksource: tsc: mask: 0xffffffffffffffff max_cycles: 0x1cc65b93289, max_idle_ns: 881590487074 ns
[    2.033726] clocksource: Switched to clocksource tsc
[    2.301706] usb 4-1: New USB device found, idVendor=03eb, idProduct=843d, bcdDevice=20.01
[    2.305364] usb 4-1: New USB device strings: Mfr=1, Product=2, SerialNumber=0
[    2.309036] usb 4-1: Product: Atmel maXTouch Digitizer
[    2.312614] usb 4-1: Manufacturer: Atmel
[    2.333093] input: Atmel Atmel maXTouch Digitizer Touchscreen as /devices/pci0000:00/0000:00:13.0/usb4/4-1/4-1:1.0/0003:03EB:843D.0001/input/input15
[    2.337270] input: Atmel Atmel maXTouch Digitizer as /devices/pci0000:00/0000:00:13.0/usb4/4-1/4-1:1.0/0003:03EB:843D.0001/input/input16
[    2.341519] hid-generic 0003:03EB:843D.0001: input,hiddev96,hidraw0: USB HID v1.11 Device [Atmel Atmel maXTouch Digitizer] on usb-0000:00:13.0-1/input0
[    2.354670] hid-generic 0003:03EB:843D.0002: hiddev97,hidraw1: USB HID v1.11 Device [Atmel Atmel maXTouch Digitizer] on usb-0000:00:13.0-1/input1
[    2.386712] input: PS/2 Logitech Wheel Mouse as /devices/platform/i8042/serio4/input/input14
[    2.394392] md: Autodetecting RAID arrays.
[    2.398482] md: autorun ...
[    2.402473] md: ... autorun DONE.
[    2.411323] EXT4-fs (sda2): mounted filesystem with ordered data mode. Opts: (null)
[    2.415405] VFS: Mounted root (ext4 filesystem) readonly on device 8:2.
[    2.420729] devtmpfs: mounted
[    2.425531] Freeing unused kernel image memory: 1256K
[    2.466462] Write protecting the kernel read-only data: 22528k
[    2.472044] Freeing unused kernel image memory: 1984K
[    2.477276] Freeing unused kernel image memory: 1740K
[    2.481199] Run /sbin/init as init process
[    2.529464] stty (1782) used greatest stack depth: 13656 bytes left
[    2.617941] sed (1796) used greatest stack depth: 13608 bytes left
[    2.759583] ip (1840) used greatest stack depth: 12688 bytes left
[    2.848345] udevd[1871]: starting version 3.2.1
[    2.858498] random: udevd: uninitialized urandom read (16 bytes read)
[    2.862951] random: udevd: uninitialized urandom read (16 bytes read)
[    2.867315] random: udevd: uninitialized urandom read (16 bytes read)
[    2.885213] udevd[1872]: starting eudev-3.2.1
[    2.916324] usb 4-2: new full-speed USB device number 3 using ohci-pci
[    3.173757] ath9k 0000:01:00.0 wlp1s0: renamed from wlan0
[    3.198663] usb 4-2: New USB device found, idVendor=13d3, idProduct=3362, bcdDevice= 0.01
[    3.202906] usb 4-2: New USB device strings: Mfr=1, Product=2, SerialNumber=3
[    3.207183] usb 4-2: Product: Bluetooth USB Host Controller
[    3.211211] usb 4-2: Manufacturer: Atheros Communications
[    3.215198] usb 4-2: SerialNumber: Alaska Day 2006
[    3.219154] r8169 0000:02:00.0 enp2s0: renamed from eth0
[    3.292302] [drm] radeon kernel modesetting enabled.
[    3.298692] checking generic (c0000000 420000) vs hw (c0000000 10000000)
[    3.298697] fb0: switching to radeondrmfb from EFI VGA
[    3.305172] Console: switching to colour dummy device 80x25
[    3.344787] radeon 0000:00:01.0: vgaarb: deactivate vga console
[    3.345508] [drm] initializing kernel modesetting (KABINI 0x1002:0x9839 0x1043:0x141D 0x00).
[    3.345572] [drm] doorbell mmio base: 0xD0000000
[    3.345580] [drm] doorbell mmio size: 8388608
[    3.345613] ATOM BIOS: AMD
[    3.345688] [drm] Changing default dispclk from 400Mhz to 600Mhz
[    3.345726] radeon 0000:00:01.0: VRAM: 512M 0x0000000000000000 - 0x000000001FFFFFFF (512M used)
[    3.345741] radeon 0000:00:01.0: GTT: 2048M 0x0000000020000000 - 0x000000009FFFFFFF
[    3.345762] [drm] Detected VRAM RAM=512M, BAR=256M
[    3.345770] [drm] RAM width 128bits DDR
[    3.353725] [TTM] Zone  kernel: Available graphics memory: 1729584 kiB
[    3.353745] [TTM] Initializing pool allocator
[    3.353764] [TTM] Initializing DMA pool allocator
[    3.353822] [drm] radeon: 512M of VRAM memory ready
[    3.353832] [drm] radeon: 2048M of GTT memory ready.
[    3.353869] [drm] Loading kabini Microcode
[    3.359694] [drm] Internal thermal controller without fan control
[    3.360797] [drm] radeon: dpm initialized
[    3.362360] [drm] Found UVD firmware Version: 1.64 Family ID: 9
[    3.367116] [drm] Found VCE firmware/feedback version 40.2.2 / 15!
[    3.367742] [drm] GART: num cpu pages 524288, num gpu pages 524288
[    3.395975] [drm] PCIE GART of 2048M enabled (table at 0x000000000030E000).
[    3.396637] radeon 0000:00:01.0: WB enabled
[    3.396685] radeon 0000:00:01.0: fence driver on ring 0 use gpu addr 0x0000000020000c00 and cpu addr 0x(____ptrval____)
[    3.396702] radeon 0000:00:01.0: fence driver on ring 1 use gpu addr 0x0000000020000c04 and cpu addr 0x(____ptrval____)
[    3.396717] radeon 0000:00:01.0: fence driver on ring 2 use gpu addr 0x0000000020000c08 and cpu addr 0x(____ptrval____)
[    3.396731] radeon 0000:00:01.0: fence driver on ring 3 use gpu addr 0x0000000020000c0c and cpu addr 0x(____ptrval____)
[    3.396745] radeon 0000:00:01.0: fence driver on ring 4 use gpu addr 0x0000000020000c10 and cpu addr 0x(____ptrval____)
[    3.397689] radeon 0000:00:01.0: fence driver on ring 5 use gpu addr 0x0000000000078d30 and cpu addr 0x(____ptrval____)
[    3.398296] radeon 0000:00:01.0: fence driver on ring 6 use gpu addr 0x0000000020000c18 and cpu addr 0x(____ptrval____)
[    3.398314] radeon 0000:00:01.0: fence driver on ring 7 use gpu addr 0x0000000020000c1c and cpu addr 0x(____ptrval____)
[    3.398328] [drm] Supports vblank timestamp caching Rev 2 (21.10.2013).
[    3.398335] [drm] Driver supports precise vblank timestamp query.
[    3.398439] radeon 0000:00:01.0: radeon: using MSI.
[    3.398500] [drm] radeon: irq initialized.
[    3.402732] [drm] ring test on 0 succeeded in 4 usecs
[    3.402857] [drm] ring test on 1 succeeded in 3 usecs
[    3.402897] [drm] ring test on 2 succeeded in 4 usecs
[    3.403226] [drm] ring test on 3 succeeded in 6 usecs
[    3.403244] [drm] ring test on 4 succeeded in 5 usecs
[    3.450314] [drm] ring test on 5 succeeded in 2 usecs
[    3.470640] [drm] UVD initialized successfully.
[    3.581648] usb 2-3: new high-speed USB device number 4 using ehci-pci
[    3.588128] [drm] ring test on 6 succeeded in 18 usecs
[    3.588705] [drm] ring test on 7 succeeded in 3 usecs
[    3.588714] [drm] VCE initialized successfully.
[    3.590531] [drm] ib test on ring 0 succeeded in 0 usecs
[    3.590822] [drm] ib test on ring 1 succeeded in 0 usecs
[    3.591095] [drm] ib test on ring 2 succeeded in 0 usecs
[    3.591373] [drm] ib test on ring 3 succeeded in 0 usecs
[    3.591649] [drm] ib test on ring 4 succeeded in 0 usecs
[    3.809440] usb 2-3: New USB device found, idVendor=04f2, idProduct=b404, bcdDevice=69.63
[    3.809465] usb 2-3: New USB device strings: Mfr=3, Product=1, SerialNumber=2
[    3.809476] usb 2-3: Product: USB2.0 HD UVC WebCam
[    3.809485] usb 2-3: Manufacturer: Chicony Electronics Co.,Ltd.
[    3.809494] usb 2-3: SerialNumber: 0x0001
[    4.116632] [drm] ib test on ring 5 succeeded
[    4.137876] [drm] ib test on ring 6 succeeded
[    4.138852] [drm] ib test on ring 7 succeeded
[    4.186432] [drm] radeon atom DIG backlight initialized
[    4.186459] [drm] Radeon Display Connectors
[    4.186466] [drm] Connector 0:
[    4.186473] [drm]   LVDS-1
[    4.186478] [drm]   HPD1
[    4.186487] [drm]   DDC: 0x6530 0x6530 0x6534 0x6534 0x6538 0x6538 0x653c 0x653c
[    4.186496] [drm]   Encoders:
[    4.186502] [drm]     LCD1: INTERNAL_UNIPHY
[    4.186508] [drm] Connector 1:
[    4.186514] [drm]   HDMI-A-1
[    4.186519] [drm]   HPD2
[    4.186526] [drm]   DDC: 0x6540 0x6540 0x6544 0x6544 0x6548 0x6548 0x654c 0x654c
[    4.186535] [drm]   Encoders:
[    4.186540] [drm]     DFP1: INTERNAL_UNIPHY
[    4.186546] [drm] Connector 2:
[    4.186551] [drm]   VGA-1
[    4.186558] [drm]   DDC: 0x65c0 0x65c0 0x65c4 0x65c4 0x65c8 0x65c8 0x65cc 0x65cc
[    4.186566] [drm]   Encoders:
[    4.186572] [drm]     CRT1: INTERNAL_KLDSCP_DAC1
[    5.238600] [drm] fb mappable at 0xC0722000
[    5.238617] [drm] vram apper at 0xC0000000
[    5.238623] [drm] size 4325376
[    5.238629] [drm] fb depth is 24
[    5.238635] [drm]    pitch is 5632
[    5.238915] fbcon: radeondrmfb (fb0) is primary device
[    5.346750] Console: switching to colour frame buffer device 170x48
[    5.357099] radeon 0000:00:01.0: fb0: radeondrmfb frame buffer device
[    5.404677] ACPI Debug:  "=== ALIB 0 - true ==="
[    5.405465] [drm] Initialized radeon 2.50.0 20080528 for 0000:00:01.0 on minor 0
[    5.484288] Adding 3608572k swap on /dev/sda4.  Priority:1 extents:1 across:3608572k SS
[    5.534633] EXT4-fs (sda2): re-mounted. Opts: (null)
[    5.628632] EXT4-fs (sda2): re-mounted. Opts: (null)
[    7.509084] urandom_read: 6 callbacks suppressed
[    7.509090] random: wpa_supplicant: uninitialized urandom read (32 bytes read)
[    8.857603] wlp1s0: authenticate with 64:66:b3:cd:9a:3a
[    8.878139] wlp1s0: send auth to 64:66:b3:cd:9a:3a (try 1/3)
[    8.884727] wlp1s0: authenticated
[    8.896432] wlp1s0: associate with 64:66:b3:cd:9a:3a (try 1/3)
[    8.904492] wlp1s0: RX AssocResp from 64:66:b3:cd:9a:3a (capab=0x431 status=0 aid=1)
[    8.908234] wlp1s0: associated
[    8.939766] IPv6: ADDRCONF(NETDEV_CHANGE): wlp1s0: link becomes ready
[   11.031237] udevd (2603) used greatest stack depth: 12200 bytes left
[   70.239857] random: crng init done
