[    0.000000] Linux version 5.2.0-rc3+ (root@(none)) (gcc version 9.0.1 20190416 (experimental) (GCC)) #29 SMP Sat Jun 8 21:38:56 +05 2019
[    0.000000] Command line: BOOT_IMAGE=/boot/bzImage root=/dev/sda2 ro
[    0.000000] x86/fpu: Supporting XSAVE feature 0x001: 'x87 floating point registers'
[    0.000000] x86/fpu: Supporting XSAVE feature 0x002: 'SSE registers'
[    0.000000] x86/fpu: Supporting XSAVE feature 0x004: 'AVX registers'
[    0.000000] x86/fpu: xstate_offset[2]:  576, xstate_sizes[2]:  256
[    0.000000] x86/fpu: Enabled xstate features 0x7, context size is 832 bytes, using 'standard' format.
[    0.000000] BIOS-provided physical RAM map:
[    0.000000] BIOS-e820: [mem 0x0000000000000000-0x000000000009ffff] usable
[    0.000000] BIOS-e820: [mem 0x0000000000100000-0x000000009d0f7fff] usable
[    0.000000] BIOS-e820: [mem 0x000000009d0f8000-0x000000009d127fff] reserved
[    0.000000] BIOS-e820: [mem 0x000000009d128000-0x000000009d370fff] usable
[    0.000000] BIOS-e820: [mem 0x000000009d371000-0x000000009dc56fff] ACPI NVS
[    0.000000] BIOS-e820: [mem 0x000000009dc57000-0x000000009e959fff] reserved
[    0.000000] BIOS-e820: [mem 0x000000009e95a000-0x000000009e9cafff] type 20
[    0.000000] BIOS-e820: [mem 0x000000009e9cb000-0x000000009e9cbfff] usable
[    0.000000] BIOS-e820: [mem 0x000000009e9cc000-0x000000009e9d3fff] ACPI NVS
[    0.000000] BIOS-e820: [mem 0x000000009e9d4000-0x000000009eb24fff] usable
[    0.000000] BIOS-e820: [mem 0x000000009eb25000-0x000000009f041fff] reserved
[    0.000000] BIOS-e820: [mem 0x000000009f042000-0x000000009f080fff] usable
[    0.000000] BIOS-e820: [mem 0x000000009f081000-0x000000009f3f1fff] reserved
[    0.000000] BIOS-e820: [mem 0x000000009f3f2000-0x000000009f3fffff] usable
[    0.000000] BIOS-e820: [mem 0x00000000fec00000-0x00000000fec01fff] reserved
[    0.000000] BIOS-e820: [mem 0x00000000fec10000-0x00000000fec10fff] reserved
[    0.000000] BIOS-e820: [mem 0x00000000fed00000-0x00000000fed00fff] reserved
[    0.000000] BIOS-e820: [mem 0x00000000fed80000-0x00000000fed8ffff] reserved
[    0.000000] BIOS-e820: [mem 0x00000000ff000000-0x00000000ffffffff] reserved
[    0.000000] BIOS-e820: [mem 0x0000000100001000-0x000000013effffff] usable
[    0.000000] NX (Execute Disable) protection: active
[    0.000000] efi: EFI v2.31 by American Megatrends
[    0.000000] efi:  ACPI=0x9d3f3000  ACPI 2.0=0x9d3f3000  SMBIOS=0x9e958998 
[    0.000000] SMBIOS 2.7 present.
[    0.000000] DMI: ASUSTeK COMPUTER INC. X102BA/X102BA, BIOS X102BA.212 08/30/2013
[    0.000000] tsc: Fast TSC calibration using PIT
[    0.000000] tsc: Detected 998.101 MHz processor
[    0.000213] e820: update [mem 0x00000000-0x00000fff] usable ==> reserved
[    0.000218] e820: remove [mem 0x000a0000-0x000fffff] usable
[    0.000240] last_pfn = 0x13f000 max_arch_pfn = 0x400000000
[    0.000251] MTRR default type: uncachable
[    0.000252] MTRR fixed ranges enabled:
[    0.000256]   00000-9FFFF write-back
[    0.000258]   A0000-BFFFF write-through
[    0.000261]   C0000-DFFFF uncachable
[    0.000263]   E0000-FFFFF write-protect
[    0.000265] MTRR variable ranges enabled:
[    0.000269]   0 base 0000000000 mask FF80000000 write-back
[    0.000272]   1 base 0080000000 mask FFE0000000 write-back
[    0.000276]   2 base 009F400000 mask FFFFC00000 uncachable
[    0.000279]   3 base 009F800000 mask FFFF800000 uncachable
[    0.000280]   4 disabled
[    0.000281]   5 disabled
[    0.000282]   6 disabled
[    0.000283]   7 disabled
[    0.000286] TOM2: 000000013f000000 aka 5104M
[    0.000813] x86/PAT: Configuration [0-7]: WB  WC  UC- UC  WB  WP  UC- WT  
[    0.001078] e820: update [mem 0x9f400000-0xffffffff] usable ==> reserved
[    0.001092] last_pfn = 0x9f400 max_arch_pfn = 0x400000000
[    0.014345] check: Scanning 1 areas for low memory corruption
[    0.014358] Using GB pages for direct mapping
[    0.014364] BRK [0x64e01000, 0x64e01fff] PGTABLE
[    0.014371] BRK [0x64e02000, 0x64e02fff] PGTABLE
[    0.014375] BRK [0x64e03000, 0x64e03fff] PGTABLE
[    0.014504] BRK [0x64e04000, 0x64e04fff] PGTABLE
[    0.014509] BRK [0x64e05000, 0x64e05fff] PGTABLE
[    0.014700] BRK [0x64e06000, 0x64e06fff] PGTABLE
[    0.015706] BRK [0x64e07000, 0x64e07fff] PGTABLE
[    0.015927] BRK [0x64e08000, 0x64e08fff] PGTABLE
[    0.016105] BRK [0x64e09000, 0x64e09fff] PGTABLE
[    0.016344] BRK [0x64e0a000, 0x64e0afff] PGTABLE
[    0.016623] BRK [0x64e0b000, 0x64e0bfff] PGTABLE
[    0.016801] Secure boot could not be determined
[    0.016817] ACPI: Early table checksum verification disabled
[    0.016827] ACPI: RSDP 0x000000009D3F3000 000024 (v02 _ASUS_)
[    0.016839] ACPI: XSDT 0x000000009D3F3088 000094 (v01 _ASUS_ Notebook 01072009 AMI  00010013)
[    0.016856] ACPI: FACP 0x000000009D400748 00010C (v05 _ASUS_ Notebook 01072009 AMI  00010013)
[    0.016871] ACPI BIOS Warning (bug): Optional FADT field Pm2ControlBlock has valid Length but zero Address: 0x0000000000000000/0x1 (20190509/tbfadt-615)
[    0.016885] ACPI: DSDT 0x000000009D3F31A8 00D59D (v02 _ASUS_ Notebook 00000000 INTL 20091112)
[    0.016896] ACPI: FACS 0x000000009DC4B080 000040
[    0.016905] ACPI: APIC 0x000000009D400858 00007E (v03 _ASUS_ Notebook 01072009 AMI  00010013)
[    0.016915] ACPI: FPDT 0x000000009D4008D8 000044 (v01 _ASUS_ Notebook 01072009 AMI  00010013)
[    0.016926] ACPI: ECDT 0x000000009D400920 0000C1 (v01 _ASUS_ Notebook 01072009 AMI. 00000005)
[    0.016936] ACPI: MCFG 0x000000009D4009E8 00003C (v01 _ASUS_ Notebook 01072009 MSFT 00010013)
[    0.016946] ACPI: HPET 0x000000009D400A28 000038 (v01 _ASUS_ Notebook 01072009 AMI  00000005)
[    0.016956] ACPI: VFCT 0x000000009D400A60 004684 (v01 _ASUS_ Notebook 00000001 AMD  31504F47)
[    0.016966] ACPI: BGRT 0x000000009D4050E8 000038 (v00 _ASUS_ Notebook 01072009 ASUS 00010013)
[    0.016976] ACPI: SSDT 0x000000009D405120 0005E0 (v01 AMD    AGESA    00000001 AMD  00000001)
[    0.016987] ACPI: SSDT 0x000000009D405700 0046D1 (v02 AMD    AGESA    00000002 MSFT 04000000)
[    0.016996] ACPI: CRAT 0x000000009D409DD8 000228 (v01 AMD    AGESA    00000001 AMD  00000001)
[    0.017006] ACPI: SSDT 0x000000009D40A000 001411 (v01 AMD    CPMDFIGP 00000001 INTL 20051117)
[    0.017016] ACPI: SSDT 0x000000009D40B418 0010E8 (v01 AMD    CPMCMN   00000001 INTL 20051117)
[    0.017026] ACPI: MSDM 0x000000009D127F98 000055 (v03 _ASUS_ Notebook 00000000 ASUS 00000001)
[    0.017053] ACPI: Local APIC address 0xfee00000
[    0.017312] No NUMA configuration found
[    0.017316] Faking a node at [mem 0x0000000000000000-0x000000013effffff]
[    0.017329] NODE_DATA(0) allocated [mem 0x13effa000-0x13effdfff]
[    0.017383] Zone ranges:
[    0.017387]   DMA      [mem 0x0000000000001000-0x0000000000ffffff]
[    0.017392]   DMA32    [mem 0x0000000001000000-0x00000000ffffffff]
[    0.017396]   Normal   [mem 0x0000000100000000-0x000000013effffff]
[    0.017400] Movable zone start for each node
[    0.017403] Early memory node ranges
[    0.017407]   node   0: [mem 0x0000000000001000-0x000000000009ffff]
[    0.017410]   node   0: [mem 0x0000000000100000-0x000000009d0f7fff]
[    0.017413]   node   0: [mem 0x000000009d128000-0x000000009d370fff]
[    0.017417]   node   0: [mem 0x000000009e9cb000-0x000000009e9cbfff]
[    0.017420]   node   0: [mem 0x000000009e9d4000-0x000000009eb24fff]
[    0.017423]   node   0: [mem 0x000000009f042000-0x000000009f080fff]
[    0.017426]   node   0: [mem 0x000000009f3f2000-0x000000009f3fffff]
[    0.017429]   node   0: [mem 0x0000000100001000-0x000000013effffff]
[    0.017755] Zeroed struct page in unavailable ranges: 11138 pages
[    0.017764] Initmem setup node 0 [mem 0x0000000000001000-0x000000013effffff]
[    0.017773] On node 0 totalpages: 902270
[    0.017776]   DMA zone: 64 pages used for memmap
[    0.017778]   DMA zone: 23 pages reserved
[    0.017780]   DMA zone: 3999 pages, LIFO batch:0
[    0.018005]   DMA32 zone: 10004 pages used for memmap
[    0.018007]   DMA32 zone: 640224 pages, LIFO batch:63
[    0.058302]   Normal zone: 4032 pages used for memmap
[    0.058309]   Normal zone: 258047 pages, LIFO batch:63
[    0.072128] ACPI: PM-Timer IO Port: 0x808
[    0.072140] ACPI: Local APIC address 0xfee00000
[    0.072156] ACPI: LAPIC_NMI (acpi_id[0xff] high edge lint[0x1])
[    0.072173] IOAPIC[0]: apic_id 3, version 33, address 0xfec00000, GSI 0-23
[    0.072184] IOAPIC[1]: apic_id 4, version 33, address 0xfec01000, GSI 24-55
[    0.072190] ACPI: INT_SRC_OVR (bus 0 bus_irq 0 global_irq 2 dfl dfl)
[    0.072196] ACPI: INT_SRC_OVR (bus 0 bus_irq 9 global_irq 9 low level)
[    0.072200] ACPI: IRQ0 used by override.
[    0.072203] ACPI: IRQ9 used by override.
[    0.072208] Using ACPI (MADT) for SMP configuration information
[    0.072212] ACPI: HPET id: 0x10228210 base: 0xfed00000
[    0.072228] smpboot: Allowing 4 CPUs, 2 hotplug CPUs
[    0.072301] PM: Registered nosave memory: [mem 0x00000000-0x00000fff]
[    0.072307] PM: Registered nosave memory: [mem 0x000a0000-0x000fffff]
[    0.072314] PM: Registered nosave memory: [mem 0x9d0f8000-0x9d127fff]
[    0.072320] PM: Registered nosave memory: [mem 0x9d371000-0x9dc56fff]
[    0.072323] PM: Registered nosave memory: [mem 0x9dc57000-0x9e959fff]
[    0.072326] PM: Registered nosave memory: [mem 0x9e95a000-0x9e9cafff]
[    0.072332] PM: Registered nosave memory: [mem 0x9e9cc000-0x9e9d3fff]
[    0.072338] PM: Registered nosave memory: [mem 0x9eb25000-0x9f041fff]
[    0.072345] PM: Registered nosave memory: [mem 0x9f081000-0x9f3f1fff]
[    0.072351] PM: Registered nosave memory: [mem 0x9f400000-0xfebfffff]
[    0.072354] PM: Registered nosave memory: [mem 0xfec00000-0xfec01fff]
[    0.072357] PM: Registered nosave memory: [mem 0xfec02000-0xfec0ffff]
[    0.072359] PM: Registered nosave memory: [mem 0xfec10000-0xfec10fff]
[    0.072362] PM: Registered nosave memory: [mem 0xfec11000-0xfecfffff]
[    0.072365] PM: Registered nosave memory: [mem 0xfed00000-0xfed00fff]
[    0.072368] PM: Registered nosave memory: [mem 0xfed01000-0xfed7ffff]
[    0.072371] PM: Registered nosave memory: [mem 0xfed80000-0xfed8ffff]
[    0.072373] PM: Registered nosave memory: [mem 0xfed90000-0xfeffffff]
[    0.072376] PM: Registered nosave memory: [mem 0xff000000-0xffffffff]
[    0.072379] PM: Registered nosave memory: [mem 0x100000000-0x100000fff]
[    0.072386] [mem 0x9f400000-0xfebfffff] available for PCI devices
[    0.072398] clocksource: refined-jiffies: mask: 0xffffffff max_cycles: 0xffffffff, max_idle_ns: 19112604462750000 ns
[    0.490703] setup_percpu: NR_CPUS:64 nr_cpumask_bits:64 nr_cpu_ids:4 nr_node_ids:1
[    0.491890] percpu: Embedded 51 pages/cpu s170008 r8192 d30696 u524288
[    0.491928] pcpu-alloc: s170008 r8192 d30696 u524288 alloc=1*2097152
[    0.491930] pcpu-alloc: [0] 0 1 2 3 
[    0.492006] Built 1 zonelists, mobility grouping on.  Total pages: 888147
[    0.492010] Policy zone: Normal
[    0.492017] Kernel command line: BOOT_IMAGE=/boot/bzImage root=/dev/sda2 ro
[    0.556493] Memory: 3432168K/3609080K available (14357K kernel code, 1432K rwdata, 4452K rodata, 1296K init, 856K bss, 176912K reserved, 0K cma-reserved)
[    0.556721] SLUB: HWalign=64, Order=0-3, MinObjects=0, CPUs=4, Nodes=1
[    0.556957] rcu: Hierarchical RCU implementation.
[    0.556961] rcu: 	RCU event tracing is enabled.
[    0.556965] rcu: 	RCU restricting CPUs from NR_CPUS=64 to nr_cpu_ids=4.
[    0.556969] rcu: RCU calculated value of scheduler-enlistment delay is 10 jiffies.
[    0.556973] rcu: Adjusting geometry for rcu_fanout_leaf=16, nr_cpu_ids=4
[    0.557560] NR_IRQS: 4352, nr_irqs: 1000, preallocated irqs: 16
[    0.558039] random: get_random_bytes called from start_kernel+0x2c6/0x493 with crng_init=0
[    0.558123] Console: colour dummy device 80x25
[    0.558808] printk: console [tty0] enabled
[    0.558854] ACPI: Core revision 20190509
[    0.559584] clocksource: hpet: mask: 0xffffffff max_cycles: 0xffffffff, max_idle_ns: 133484873504 ns
[    0.559612] hpet clockevent registered
[    0.559623] APIC: Switch to symmetric I/O mode setup
[    0.560372] ..TIMER: vector=0x30 apic1=0 pin1=2 apic2=-1 pin2=-1
[    0.609626] clocksource: tsc-early: mask: 0xffffffffffffffff max_cycles: 0x1cc62a745ef, max_idle_ns: 881590506184 ns
[    0.609642] Calibrating delay loop (skipped), value calculated using timer frequency.. 1996.20 BogoMIPS (lpj=9981010)
[    0.609657] pid_max: default: 32768 minimum: 301
[    0.612241] LSM: Security Framework initializing
[    0.612276] SELinux:  Initializing.
[    0.612314] *** VALIDATE SELinux ***
[    0.614600] Dentry cache hash table entries: 524288 (order: 10, 4194304 bytes)
[    0.615786] Inode-cache hash table entries: 262144 (order: 9, 2097152 bytes)
[    0.615889] Mount-cache hash table entries: 8192 (order: 4, 65536 bytes)
[    0.615937] Mountpoint-cache hash table entries: 8192 (order: 4, 65536 bytes)
[    0.616333] *** VALIDATE proc ***
[    0.616425] *** VALIDATE cgroup1 ***
[    0.616436] *** VALIDATE cgroup2 ***
[    0.616541] LVT offset 1 assigned for vector 0xf9
[    0.616559] Last level iTLB entries: 4KB 512, 2MB 8, 4MB 4
[    0.616567] Last level dTLB entries: 4KB 512, 2MB 256, 4MB 128, 1GB 0
[    0.616578] Spectre V2 : Mitigation: Full AMD retpoline
[    0.616585] Spectre V2 : Spectre v2 / SpectreRSB mitigation: Filling RSB on context switch
[    0.616596] Speculative Store Bypass: Mitigation: Speculative Store Bypass disabled via prctl and seccomp
[    0.617172] Freeing SMP alternatives memory: 40K
[    0.629639] smpboot: CPU0: AMD A4-1200 APU with Radeon(TM) HD Graphics (family: 0x16, model: 0x0, stepping: 0x1)
[    0.629639] Performance Events: AMD PMU driver.
[    0.629639] ... version:                0
[    0.629639] ... bit width:              48
[    0.629639] ... generic registers:      4
[    0.629639] ... value mask:             0000ffffffffffff
[    0.629639] ... max period:             00007fffffffffff
[    0.629639] ... fixed-purpose events:   0
[    0.629639] ... event mask:             000000000000000f
[    0.629639] rcu: Hierarchical SRCU implementation.
[    0.629639] MCE: In-kernel MCE decoding enabled.
[    0.629639] smp: Bringing up secondary CPUs ...
[    0.629639] x86: Booting SMP configuration:
[    0.629639] .... node  #0, CPUs:      #1
[    0.629639] smp: Brought up 1 node, 2 CPUs
[    0.629639] smpboot: Max logical packages: 2
[    0.629639] smpboot: Total of 2 processors activated (3992.40 BogoMIPS)
[    0.629639] devtmpfs: initialized
[    0.629639] PM: Registering ACPI NVS region [mem 0x9d371000-0x9dc56fff] (9330688 bytes)
[    0.629639] PM: Registering ACPI NVS region [mem 0x9e9cc000-0x9e9d3fff] (32768 bytes)
[    0.629639] clocksource: jiffies: mask: 0xffffffff max_cycles: 0xffffffff, max_idle_ns: 19112604462750000 ns
[    0.629639] futex hash table entries: 1024 (order: 4, 65536 bytes)
[    0.629639] kworker/u8:0 (22) used greatest stack depth: 14624 bytes left
[    0.629639] NET: Registered protocol family 16
[    0.629639] audit: initializing netlink subsys (disabled)
[    0.629639] audit: type=2000 audit(1560069312.060:1): state=initialized audit_enabled=0 res=1
[    0.629639] cpuidle: using governor ladder
[    0.629639] cpuidle: using governor menu
[    0.629639] ACPI FADT declares the system doesn't support PCIe ASPM, so disable it
[    0.629639] ACPI: bus type PCI registered
[    0.629639] PCI: MMCONFIG for domain 0000 [bus 00-ff] at [mem 0xe0000000-0xefffffff] (base 0xe0000000)
[    0.629639] PCI: not using MMCONFIG
[    0.629639] PCI: Using configuration type 1 for base access
[    0.629639] PCI: Using configuration type 1 for extended access
[    0.645383] kworker/u8:0 (48) used greatest stack depth: 14160 bytes left
[    0.678575] HugeTLB registered 2.00 MiB page size, pre-allocated 0 pages
[    0.687497] ACPI: Added _OSI(Module Device)
[    0.687497] ACPI: Added _OSI(Processor Device)
[    0.687497] ACPI: Added _OSI(3.0 _SCP Extensions)
[    0.687497] ACPI: Added _OSI(Processor Aggregator Device)
[    0.687497] ACPI: Added _OSI(Linux-Dell-Video)
[    0.687497] ACPI: Added _OSI(Linux-Lenovo-NV-HDMI-Audio)
[    0.687497] ACPI: Added _OSI(Linux-HPI-Hybrid-Graphics)
[    0.720303] ACPI: 5 ACPI AML tables successfully acquired and loaded
[    0.723610] ACPI: EC: EC started
[    0.723620] ACPI: EC: interrupt blocked
[    0.725721] ACPI: \: Used as first EC
[    0.725733] ACPI: \: GPE=0x3, EC_CMD/EC_SC=0x66, EC_DATA=0x62
[    0.725741] ACPI: EC: Boot ECDT EC used to handle transactions
[    0.730872] ACPI: [Firmware Bug]: BIOS _OSI(Linux) query ignored
[    0.735417] ACPI: Interpreter enabled
[    0.735494] ACPI: (supports S0 S3 S4 S5)
[    0.735505] ACPI: Using IOAPIC for interrupt routing
[    0.739275] PCI: MMCONFIG for domain 0000 [bus 00-ff] at [mem 0xe0000000-0xefffffff] (base 0xe0000000)
[    0.739275] PCI: MMCONFIG at [mem 0xe0000000-0xefffffff] reserved in ACPI motherboard resources
[    0.739275] PCI: Using host bridge windows from ACPI; if necessary, use "pci=nocrs" and report a bug
[    0.739646] ACPI: Enabled 3 GPEs in block 00 to 1F
[    0.762575] ACPI: PCI Root Bridge [PCI0] (domain 0000 [bus 00-ff])
[    0.762609] acpi PNP0A08:00: _OSC: OS supports [ExtendedConfig ASPM ClockPM Segments MSI HPX-Type3]
[    0.763224] acpi PNP0A08:00: _OSC: platform does not support [LTR]
[    0.763797] acpi PNP0A08:00: _OSC: OS now controls [PME AER PCIeCapability]
[    0.763810] acpi PNP0A08:00: FADT indicates ASPM is unsupported, using BIOS configuration
[    0.764370] PCI host bridge to bus 0000:00
[    0.764385] pci_bus 0000:00: root bus resource [io  0x0000-0x03af window]
[    0.764396] pci_bus 0000:00: root bus resource [io  0x03e0-0x0cf7 window]
[    0.764407] pci_bus 0000:00: root bus resource [io  0x03b0-0x03df window]
[    0.764418] pci_bus 0000:00: root bus resource [io  0x0d00-0xffff window]
[    0.764429] pci_bus 0000:00: root bus resource [mem 0x000a0000-0x000bffff window]
[    0.764442] pci_bus 0000:00: root bus resource [mem 0x000c0000-0x000dffff window]
[    0.764455] pci_bus 0000:00: root bus resource [mem 0xc0000000-0xffffffff window]
[    0.764468] pci_bus 0000:00: root bus resource [bus 00-ff]
[    0.764496] pci 0000:00:00.0: [1022:1536] type 00 class 0x060000
[    0.764790] pci 0000:00:01.0: [1002:9839] type 00 class 0x030000
[    0.764831] pci 0000:00:01.0: reg 0x10: [mem 0xc0000000-0xcfffffff 64bit pref]
[    0.764855] pci 0000:00:01.0: reg 0x18: [mem 0xd0000000-0xd07fffff 64bit pref]
[    0.764876] pci 0000:00:01.0: reg 0x20: [io  0xf000-0xf0ff]
[    0.764894] pci 0000:00:01.0: reg 0x24: [mem 0xfeb00000-0xfeb3ffff]
[    0.764912] pci 0000:00:01.0: reg 0x30: [mem 0xfeb40000-0xfeb5ffff pref]
[    0.764927] pci 0000:00:01.0: enabling Extended Tags
[    0.764957] pci 0000:00:01.0: BAR 0: assigned to efifb
[    0.765014] pci 0000:00:01.0: supports D1 D2
[    0.765025] pci 0000:00:01.0: PME# supported from D1 D2 D3hot
[    0.765261] pci 0000:00:01.1: [1002:9840] type 00 class 0x040300
[    0.765300] pci 0000:00:01.1: reg 0x10: [mem 0xfeb64000-0xfeb67fff 64bit]
[    0.765340] pci 0000:00:01.1: enabling Extended Tags
[    0.765411] pci 0000:00:01.1: supports D1 D2
[    0.765613] pci 0000:00:02.0: [1022:1538] type 00 class 0x060000
[    0.765858] pci 0000:00:02.2: [1022:1439] type 01 class 0x060400
[    0.765928] pci 0000:00:02.2: enabling Extended Tags
[    0.766009] pci 0000:00:02.2: PME# supported from D0 D3hot D3cold
[    0.766254] pci 0000:00:02.3: [1022:1439] type 01 class 0x060400
[    0.766323] pci 0000:00:02.3: enabling Extended Tags
[    0.766402] pci 0000:00:02.3: PME# supported from D0 D3hot D3cold
[    0.766669] pci 0000:00:10.0: [1022:7814] type 00 class 0x0c0330
[    0.766716] pci 0000:00:10.0: reg 0x10: [mem 0xfeb68000-0xfeb69fff 64bit]
[    0.766859] pci 0000:00:10.0: PME# supported from D0 D3hot D3cold
[    0.767107] pci 0000:00:11.0: [1022:7801] type 00 class 0x010601
[    0.767145] pci 0000:00:11.0: reg 0x10: [io  0xf140-0xf147]
[    0.767164] pci 0000:00:11.0: reg 0x14: [io  0xf130-0xf133]
[    0.767183] pci 0000:00:11.0: reg 0x18: [io  0xf120-0xf127]
[    0.767201] pci 0000:00:11.0: reg 0x1c: [io  0xf110-0xf113]
[    0.767220] pci 0000:00:11.0: reg 0x20: [io  0xf100-0xf10f]
[    0.767239] pci 0000:00:11.0: reg 0x24: [mem 0xfeb6f000-0xfeb6f3ff]
[    0.767316] pci 0000:00:11.0: PME# supported from D3hot
[    0.767534] pci 0000:00:12.0: [1022:7807] type 00 class 0x0c0310
[    0.767566] pci 0000:00:12.0: reg 0x10: [mem 0xfeb6e000-0xfeb6efff]
[    0.767828] pci 0000:00:12.2: [1022:7808] type 00 class 0x0c0320
[    0.767864] pci 0000:00:12.2: reg 0x10: [mem 0xfeb6d000-0xfeb6d0ff]
[    0.767968] pci 0000:00:12.2: supports D1 D2
[    0.767979] pci 0000:00:12.2: PME# supported from D0 D1 D2 D3hot D3cold
[    0.768198] pci 0000:00:13.0: [1022:7807] type 00 class 0x0c0310
[    0.768228] pci 0000:00:13.0: reg 0x10: [mem 0xfeb6c000-0xfeb6cfff]
[    0.768488] pci 0000:00:13.2: [1022:7808] type 00 class 0x0c0320
[    0.768524] pci 0000:00:13.2: reg 0x10: [mem 0xfeb6b000-0xfeb6b0ff]
[    0.768628] pci 0000:00:13.2: supports D1 D2
[    0.768638] pci 0000:00:13.2: PME# supported from D0 D1 D2 D3hot D3cold
[    0.768854] pci 0000:00:14.0: [1022:780b] type 00 class 0x0c0500
[    0.769119] pci 0000:00:14.2: [1022:780d] type 00 class 0x040300
[    0.769159] pci 0000:00:14.2: reg 0x10: [mem 0xfeb60000-0xfeb63fff 64bit]
[    0.769249] pci 0000:00:14.2: PME# supported from D0 D3hot D3cold
[    0.769459] pci 0000:00:14.3: [1022:780e] type 00 class 0x060100
[    0.774900] pci 0000:00:14.7: [1022:7813] type 00 class 0x080501
[    0.774900] pci 0000:00:14.7: reg 0x10: [mem 0xfeb6a000-0xfeb6a0ff 64bit]
[    0.774900] pci 0000:00:18.0: [1022:1530] type 00 class 0x060000
[    0.774900] pci 0000:00:18.1: [1022:1531] type 00 class 0x060000
[    0.777365] pci 0000:00:18.2: [1022:1532] type 00 class 0x060000
[    0.777629] pci 0000:00:18.3: [1022:1533] type 00 class 0x060000
[    0.777896] pci 0000:00:18.4: [1022:1534] type 00 class 0x060000
[    0.778156] pci 0000:00:18.5: [1022:1535] type 00 class 0x060000
[    0.778578] pci 0000:01:00.0: [168c:0032] type 00 class 0x028000
[    0.778578] pci 0000:01:00.0: reg 0x10: [mem 0xfea00000-0xfea7ffff 64bit]
[    0.778578] pci 0000:01:00.0: reg 0x30: [mem 0xfea80000-0xfea8ffff pref]
[    0.778578] pci 0000:01:00.0: supports D1 D2
[    0.778578] pci 0000:01:00.0: PME# supported from D0 D1 D2 D3hot D3cold
[    0.778578] pci 0000:00:02.2: PCI bridge to [bus 01]
[    0.778578] pci 0000:00:02.2:   bridge window [mem 0xfea00000-0xfeafffff]
[    0.779413] pci 0000:02:00.0: [10ec:8136] type 00 class 0x020000
[    0.779413] pci 0000:02:00.0: reg 0x10: [io  0xe000-0xe0ff]
[    0.779413] pci 0000:02:00.0: reg 0x18: [mem 0xd0804000-0xd0804fff 64bit pref]
[    0.779413] pci 0000:02:00.0: reg 0x20: [mem 0xd0800000-0xd0803fff 64bit pref]
[    0.779413] pci 0000:02:00.0: supports D1 D2
[    0.779413] pci 0000:02:00.0: PME# supported from D0 D1 D2 D3hot D3cold
[    0.779413] pci 0000:00:02.3: PCI bridge to [bus 02]
[    0.779413] pci 0000:00:02.3:   bridge window [io  0xe000-0xefff]
[    0.779413] pci 0000:00:02.3:   bridge window [mem 0xd0800000-0xd08fffff 64bit pref]
[    0.781974] ACPI: PCI Interrupt Link [LNKA] (IRQs 4 7 10 11 14 15) *0
[    0.781974] ACPI: PCI Interrupt Link [LNKB] (IRQs 4 7 10 11 14 15) *0
[    0.781974] ACPI: PCI Interrupt Link [LNKC] (IRQs 4 7 10 11 14 15) *0
[    0.781974] ACPI: PCI Interrupt Link [LNKD] (IRQs 4 7 10 11 14 15) *0
[    0.781974] ACPI: PCI Interrupt Link [LNKE] (IRQs 4 7 10 11 14 15) *0
[    0.781974] ACPI: PCI Interrupt Link [LNKF] (IRQs 4 7 10 11 14 15) *0
[    0.781974] ACPI: PCI Interrupt Link [LNKG] (IRQs 4 7 10 11 14 15) *0
[    0.781974] ACPI: PCI Interrupt Link [LNKH] (IRQs 4 7 10 11 14 15) *0
[    0.784462] ACPI: EC: interrupt unblocked
[    0.784462] ACPI: EC: event unblocked
[    0.784462] ACPI: \_SB_.PCI0.SBRG.EC0_: GPE=0x3, EC_CMD/EC_SC=0x66, EC_DATA=0x62
[    0.784462] ACPI: \_SB_.PCI0.SBRG.EC0_: Boot DSDT EC used to handle transactions and events
[    0.784462] pci 0000:00:01.0: vgaarb: setting as boot VGA device
[    0.784462] pci 0000:00:01.0: vgaarb: VGA device added: decodes=io+mem,owns=io+mem,locks=none
[    0.784462] pci 0000:00:01.0: vgaarb: bridge control possible
[    0.784462] vgaarb: loaded
[    0.784462] SCSI subsystem initialized
[    0.785903] libata version 3.00 loaded.
[    0.785903] ACPI: bus type USB registered
[    0.787061] usbcore: registered new interface driver usbfs
[    0.787061] usbcore: registered new interface driver hub
[    0.787139] usbcore: registered new device driver usb
[    0.787139] pps_core: LinuxPPS API ver. 1 registered
[    0.787139] pps_core: Software ver. 5.3.6 - Copyright 2005-2007 Rodolfo Giometti <giometti@linux.it>
[    0.787139] PTP clock support registered
[    0.787828] EDAC MC: Ver: 3.0.0
[    0.790554] Registered efivars operations
[    0.792296] Advanced Linux Sound Architecture Driver Initialized.
[    0.792296] PCI: Using ACPI for IRQ routing
[    0.803517] PCI: pci_cache_line_size set to 64 bytes
[    0.803517] e820: reserve RAM buffer [mem 0x9d0f8000-0x9fffffff]
[    0.803517] e820: reserve RAM buffer [mem 0x9d371000-0x9fffffff]
[    0.803517] e820: reserve RAM buffer [mem 0x9e9cc000-0x9fffffff]
[    0.803517] e820: reserve RAM buffer [mem 0x9eb25000-0x9fffffff]
[    0.803517] e820: reserve RAM buffer [mem 0x9f081000-0x9fffffff]
[    0.803517] e820: reserve RAM buffer [mem 0x9f400000-0x9fffffff]
[    0.803517] e820: reserve RAM buffer [mem 0x13f000000-0x13fffffff]
[    0.804680] NetLabel: Initializing
[    0.804680] NetLabel:  domain hash size = 128
[    0.804680] NetLabel:  protocols = UNLABELED CIPSOv4 CALIPSO
[    0.804680] NetLabel:  unlabeled traffic allowed by default
[    0.805019] hpet0: at MMIO 0xfed00000, IRQs 2, 8, 0
[    0.805019] hpet0: 3 comparators, 32-bit 14.318180 MHz counter
[    0.807473] clocksource: Switched to clocksource tsc-early
[    0.850594] VFS: Disk quotas dquot_6.6.0
[    0.850662] VFS: Dquot-cache hash table entries: 512 (order 0, 4096 bytes)
[    0.850757] *** VALIDATE hugetlbfs ***
[    0.850867] pnp: PnP ACPI init
[    0.851356] system 00:00: [mem 0xe0000000-0xefffffff] has been reserved
[    0.851452] system 00:00: Plug and Play ACPI device, IDs PNP0c01 (active)
[    0.851712] system 00:01: [mem 0xa0000000-0xbfffffff] has been reserved
[    0.851787] system 00:01: Plug and Play ACPI device, IDs PNP0c02 (active)
[    0.852063] system 00:02: Plug and Play ACPI device, IDs PNP0c02 (active)
[    0.852211] pnp 00:03: Plug and Play ACPI device, IDs PNP0b00 (active)
[    0.852444] system 00:04: [io  0x04d0-0x04d1] has been reserved
[    0.852518] system 00:04: Plug and Play ACPI device, IDs PNP0c02 (active)
[    0.852778] pnp 00:05: Plug and Play ACPI device, IDs ETD0108 SYN0a00 SYN0002 PNP0f03 PNP0f13 PNP0f12 (active)
[    0.852955] pnp 00:06: Plug and Play ACPI device, IDs ATK3001 PNP030b (active)
[    0.853766] system 00:07: [io  0x04d0-0x04d1] has been reserved
[    0.853780] system 00:07: [io  0x040b] has been reserved
[    0.853790] system 00:07: [io  0x04d6] has been reserved
[    0.853801] system 00:07: [io  0x0c00-0x0c01] has been reserved
[    0.853812] system 00:07: [io  0x0c14] has been reserved
[    0.853827] system 00:07: [io  0x0c50-0x0c51] has been reserved
[    0.853838] system 00:07: [io  0x0c52] has been reserved
[    0.853848] system 00:07: [io  0x0c6c] has been reserved
[    0.853858] system 00:07: [io  0x0c6f] has been reserved
[    0.853868] system 00:07: [io  0x0cd0-0x0cd1] has been reserved
[    0.853879] system 00:07: [io  0x0cd2-0x0cd3] has been reserved
[    0.853889] system 00:07: [io  0x0cd4-0x0cd5] has been reserved
[    0.853899] system 00:07: [io  0x0cd6-0x0cd7] has been reserved
[    0.853910] system 00:07: [io  0x0cd8-0x0cdf] has been reserved
[    0.853920] system 00:07: [io  0x0800-0x089f] has been reserved
[    0.853930] system 00:07: [io  0x0900-0x090f] has been reserved
[    0.853941] system 00:07: [io  0x0910-0x091f] has been reserved
[    0.853951] system 00:07: [io  0xfe00-0xfefe] has been reserved
[    0.853965] system 00:07: [mem 0xfec00000-0xfec00fff] could not be reserved
[    0.853977] system 00:07: [mem 0xfee00000-0xfee00fff] has been reserved
[    0.853989] system 00:07: [mem 0xfed80000-0xfed8ffff] has been reserved
[    0.854001] system 00:07: [mem 0xfed61000-0xfed70fff] has been reserved
[    0.854012] system 00:07: [mem 0xfec10000-0xfec10fff] has been reserved
[    0.854024] system 00:07: [mem 0xfed00000-0xfed00fff] could not be reserved
[    0.854036] system 00:07: [mem 0xff000000-0xffffffff] has been reserved
[    0.854112] system 00:07: Plug and Play ACPI device, IDs PNP0c02 (active)
[    0.854971] pnp: PnP ACPI: found 8 devices
[    0.870271] clocksource: acpi_pm: mask: 0xffffff max_cycles: 0xffffff, max_idle_ns: 2085701024 ns
[    0.870335] pci 0000:00:02.2: PCI bridge to [bus 01]
[    0.870356] pci 0000:00:02.2:   bridge window [mem 0xfea00000-0xfeafffff]
[    0.870374] pci 0000:00:02.3: PCI bridge to [bus 02]
[    0.870388] pci 0000:00:02.3:   bridge window [io  0xe000-0xefff]
[    0.870404] pci 0000:00:02.3:   bridge window [mem 0xd0800000-0xd08fffff 64bit pref]
[    0.870427] pci_bus 0000:00: resource 4 [io  0x0000-0x03af window]
[    0.870439] pci_bus 0000:00: resource 5 [io  0x03e0-0x0cf7 window]
[    0.870449] pci_bus 0000:00: resource 6 [io  0x03b0-0x03df window]
[    0.870459] pci_bus 0000:00: resource 7 [io  0x0d00-0xffff window]
[    0.870470] pci_bus 0000:00: resource 8 [mem 0x000a0000-0x000bffff window]
[    0.870480] pci_bus 0000:00: resource 9 [mem 0x000c0000-0x000dffff window]
[    0.870491] pci_bus 0000:00: resource 10 [mem 0xc0000000-0xffffffff window]
[    0.870502] pci_bus 0000:01: resource 1 [mem 0xfea00000-0xfeafffff]
[    0.870513] pci_bus 0000:02: resource 0 [io  0xe000-0xefff]
[    0.870523] pci_bus 0000:02: resource 2 [mem 0xd0800000-0xd08fffff 64bit pref]
[    0.870788] NET: Registered protocol family 2
[    0.871828] tcp_listen_portaddr_hash hash table entries: 2048 (order: 3, 32768 bytes)
[    0.871903] TCP established hash table entries: 32768 (order: 6, 262144 bytes)
[    0.872127] TCP bind hash table entries: 32768 (order: 7, 524288 bytes)
[    0.872377] TCP: Hash tables configured (established 32768 bind 32768)
[    0.872534] UDP hash table entries: 2048 (order: 4, 65536 bytes)
[    0.872591] UDP-Lite hash table entries: 2048 (order: 4, 65536 bytes)
[    0.872770] NET: Registered protocol family 1
[    0.875728] RPC: Registered named UNIX socket transport module.
[    0.875740] RPC: Registered udp transport module.
[    0.875747] RPC: Registered tcp transport module.
[    0.875754] RPC: Registered tcp NFSv4.1 backchannel transport module.
[    0.876351] pci 0000:00:01.0: Video device with shadowed ROM at [mem 0x000c0000-0x000dffff]
[    0.876858] pci 0000:00:12.0: enabling device (0000 -> 0002)
[    0.877480] pci 0000:00:12.2: PME# does not work under D3, disabling it
[    0.877504] pci 0000:00:13.0: enabling device (0000 -> 0002)
[    0.878114] pci 0000:00:13.2: PME# does not work under D3, disabling it
[    0.878201] PCI: CLS 64 bytes, default 64
[    0.878333] PCI-DMA: Using software bounce buffering for IO (SWIOTLB)
[    0.878346] software IO TLB: mapped [mem 0x97989000-0x9b989000] (64MB)
[    0.878546] amd_uncore: AMD NB counters detected
[    0.878563] amd_uncore: AMD LLC counters detected
[    0.878683] LVT offset 0 assigned for vector 0x400
[    0.878744] perf: AMD IBS detected (0x000000ff)
[    0.878765] kvm: no hardware support
[    0.878873] kvm: Nested Virtualization enabled
[    0.878885] kvm: Nested Paging enabled
[    0.879829] check: Scanning for low memory corruption every 60 seconds
[    0.883379] Initialise system trusted keyrings
[    0.883703] workingset: timestamp_bits=56 max_order=20 bucket_order=0
[    0.898965] fuse: init (API version 7.31)
[    0.905509] Key type asymmetric registered
[    0.905525] Asymmetric key parser 'x509' registered
[    0.905605] Block layer SCSI generic (bsg) driver version 0.4 loaded (major 249)
[    0.905618] io scheduler mq-deadline registered
[    0.905626] io scheduler kyber registered
[    0.906305] pcieport 0000:00:02.2: PME: Signaling with IRQ 25
[    0.906747] pcieport 0000:00:02.3: PME: Signaling with IRQ 27
[    0.907919] uvesafb: failed to execute /sbin/v86d
[    0.907932] uvesafb: make sure that the v86d helper is installed and executable
[    0.907943] uvesafb: Getting VBE info block failed (eax=0x4f00, err=-2)
[    0.907952] uvesafb: vbe_init() failed with -22
[    0.907970] uvesafb: probe of uvesafb.0 failed with error -22
[    0.908039] efifb: probing for efifb
[    0.908086] efifb: framebuffer at 0xc0000000, using 4224k, total 4224k
[    0.908097] efifb: mode is 1366x768x32, linelength=5632, pages=1
[    0.908103] efifb: scrolling: redraw
[    0.908112] efifb: Truecolor: size=8:8:8:8, shift=24:16:8:0
[    0.918671] Console: switching to colour frame buffer device 170x48
[    0.928680] fb0: EFI VGA frame buffer device
[    0.929298] ACPI: AC Adapter [AC0] (on-line)
[    0.929698] input: Power Button as /devices/LNXSYSTM:00/LNXSYBUS:00/PNP0C0C:00/input/input0
[    0.929859] ACPI: Power Button [PWRB]
[    0.930146] input: Lid Switch as /devices/LNXSYSTM:00/LNXSYBUS:00/PNP0C0D:00/input/input1
[    0.930292] ACPI: Lid Switch [LID]
[    0.930565] input: Sleep Button as /devices/LNXSYSTM:00/LNXSYBUS:00/PNP0C0E:00/input/input2
[    0.930727] ACPI: Sleep Button [SLPB]
[    0.931000] input: Power Button as /devices/LNXSYSTM:00/LNXPWRBN:00/input/input3
[    0.931137] ACPI: Power Button [PWRF]
[    0.935465] thermal LNXTHERM:00: registered as thermal_zone0
[    0.935573] ACPI: Thermal Zone [THRM] (42 C)
[    0.938067] Serial: 8250/16550 driver, 4 ports, IRQ sharing enabled
[    0.943535] Non-volatile memory driver v1.3
[    0.943745] Linux agpgart interface v0.103
[    0.951635] loop: module loaded
[    0.952334] ahci 0000:00:11.0: version 3.0
[    0.952791] ahci 0000:00:11.0: AHCI 0001.0300 32 slots 2 ports 6 Gbps 0x3 impl SATA mode
[    0.952933] ahci 0000:00:11.0: flags: 64bit ncq sntf ilck pm led clo pmp pio slum part 
[    0.958001] scsi host0: ahci
[    0.961902] scsi host1: ahci
[    0.965326] ata1: SATA max UDMA/133 abar m1024@0xfeb6f000 port 0xfeb6f100 irq 28
[    0.968565] ata2: SATA max UDMA/133 abar m1024@0xfeb6f000 port 0xfeb6f180 irq 28
[    0.972354] tun: Universal TUN/TAP device driver, 1.6
[    0.975824] e1000: Intel(R) PRO/1000 Network Driver - version 7.3.21-k8-NAPI
[    0.979023] e1000: Copyright (c) 1999-2006 Intel Corporation.
[    0.982263] e1000e: Intel(R) PRO/1000 Network Driver - 3.2.6-k
[    0.985430] e1000e: Copyright(c) 1999 - 2015 Intel Corporation.
[    0.989263] sky2: driver version 1.30
[    0.992536] r8169 0000:02:00.0: can't disable ASPM; OS doesn't have ASPM control
[    0.996710] libphy: r8169: probed
[    1.000287] r8169 0000:02:00.0 eth0: RTL8105e, 74:d0:2b:a3:a6:42, XID 40a, IRQ 30
[    1.003759] ath9k 0000:01:00.0: enabling device (0000 -> 0002)
[    1.008994] ath: phy0: Disable PLL PowerSave
[    1.019826] ath: phy0: ASPM enabled: 0x42
[    1.023031] ath: EEPROM regdomain: 0x60
[    1.023033] ath: EEPROM indicates we should expect a direct regpair map
[    1.023038] ath: Country alpha2 being used: 00
[    1.023040] ath: Regpair used: 0x60
[    1.025765] ieee80211 phy0: Selected rate control algorithm 'minstrel_ht'
[    1.026285] ieee80211 phy0: Atheros AR9485 Rev:1 mem=0xffff965a02f00000, irq=31
[    1.030528] ehci_hcd: USB 2.0 'Enhanced' Host Controller (EHCI) Driver
[    1.033865] ehci-pci: EHCI PCI platform driver
[    1.039025] ehci-pci 0000:00:12.2: EHCI Host Controller
[    1.045733] ehci-pci 0000:00:12.2: new USB bus registered, assigned bus number 1
[    1.049078] ehci-pci 0000:00:12.2: applying AMD SB700/SB800/Hudson-2/3 EHCI dummy qh workaround
[    1.052425] ehci-pci 0000:00:12.2: debug port 1
[    1.055834] ehci-pci 0000:00:12.2: irq 17, io mem 0xfeb6d000
[    1.086130] ehci-pci 0000:00:12.2: USB 2.0 started, EHCI 1.00
[    1.089493] usb usb1: New USB device found, idVendor=1d6b, idProduct=0002, bcdDevice= 5.02
[    1.092841] usb usb1: New USB device strings: Mfr=3, Product=2, SerialNumber=1
[    1.096151] usb usb1: Product: EHCI Host Controller
[    1.099390] usb usb1: Manufacturer: Linux 5.2.0-rc3+ ehci_hcd
[    1.102593] usb usb1: SerialNumber: 0000:00:12.2
[    1.106064] hub 1-0:1.0: USB hub found
[    1.109161] hub 1-0:1.0: 4 ports detected
[    1.114444] ehci-pci 0000:00:13.2: EHCI Host Controller
[    1.118359] ehci-pci 0000:00:13.2: new USB bus registered, assigned bus number 2
[    1.121363] ehci-pci 0000:00:13.2: applying AMD SB700/SB800/Hudson-2/3 EHCI dummy qh workaround
[    1.124402] ehci-pci 0000:00:13.2: debug port 1
[    1.127503] ehci-pci 0000:00:13.2: irq 17, io mem 0xfeb6b000
[    1.155434] ehci-pci 0000:00:13.2: USB 2.0 started, EHCI 1.00
[    1.158464] usb usb2: New USB device found, idVendor=1d6b, idProduct=0002, bcdDevice= 5.02
[    1.161489] usb usb2: New USB device strings: Mfr=3, Product=2, SerialNumber=1
[    1.164525] usb usb2: Product: EHCI Host Controller
[    1.167518] usb usb2: Manufacturer: Linux 5.2.0-rc3+ ehci_hcd
[    1.170492] usb usb2: SerialNumber: 0000:00:13.2
[    1.173738] hub 2-0:1.0: USB hub found
[    1.177119] hub 2-0:1.0: 4 ports detected
[    1.182059] ohci_hcd: USB 1.1 'Open' Host Controller (OHCI) Driver
[    1.185062] ohci-pci: OHCI PCI platform driver
[    1.188377] ohci-pci 0000:00:12.0: OHCI PCI host controller
[    1.191430] ohci-pci 0000:00:12.0: new USB bus registered, assigned bus number 3
[    1.194439] ohci-pci 0000:00:12.0: irq 18, io mem 0xfeb6e000
[    1.237181] battery: ACPI: Battery Slot [BAT0] (battery present)
[    1.269584] usb usb3: New USB device found, idVendor=1d6b, idProduct=0001, bcdDevice= 5.02
[    1.272583] usb usb3: New USB device strings: Mfr=3, Product=2, SerialNumber=1
[    1.275562] usb usb3: Product: OHCI PCI host controller
[    1.278484] usb usb3: Manufacturer: Linux 5.2.0-rc3+ ohci_hcd
[    1.281375] usb usb3: SerialNumber: 0000:00:12.0
[    1.284648] hub 3-0:1.0: USB hub found
[    1.287512] hub 3-0:1.0: 4 ports detected
[    1.292640] ohci-pci 0000:00:13.0: OHCI PCI host controller
[    1.295790] ohci-pci 0000:00:13.0: new USB bus registered, assigned bus number 4
[    1.298667] ohci-pci 0000:00:13.0: irq 18, io mem 0xfeb6c000
[    1.305452] ata2: SATA link down (SStatus 0 SControl 300)
[    1.369550] usb usb4: New USB device found, idVendor=1d6b, idProduct=0001, bcdDevice= 5.02
[    1.372436] usb usb4: New USB device strings: Mfr=3, Product=2, SerialNumber=1
[    1.375294] usb usb4: Product: OHCI PCI host controller
[    1.378125] usb usb4: Manufacturer: Linux 5.2.0-rc3+ ohci_hcd
[    1.380973] usb usb4: SerialNumber: 0000:00:13.0
[    1.384212] hub 4-0:1.0: USB hub found
[    1.387024] hub 4-0:1.0: 4 ports detected
[    1.391912] uhci_hcd: USB Universal Host Controller Interface driver
[    1.394935] usbcore: registered new interface driver usblp
[    1.397901] usbcore: registered new interface driver usb-storage
[    1.400841] usbcore: registered new interface driver ch341
[    1.403628] usbserial: USB Serial support registered for ch341-uart
[    1.406901] i8042: PNP: PS/2 Controller [PNP030b:PS2K,PNP0f03:PS2M] at 0x60,0x64 irq 1,12
[    1.411808] i8042: Detected active multiplexing controller, rev 1.1
[    1.415398] serio: i8042 KBD port at 0x60,0x64 irq 1
[    1.418301] serio: i8042 AUX0 port at 0x60,0x64 irq 12
[    1.421206] serio: i8042 AUX1 port at 0x60,0x64 irq 12
[    1.424081] serio: i8042 AUX2 port at 0x60,0x64 irq 12
[    1.427003] serio: i8042 AUX3 port at 0x60,0x64 irq 12
[    1.430280] mousedev: PS/2 mouse device common for all mice
[    1.433937] rtc_cmos 00:03: RTC can wake from S4
[    1.436987] rtc_cmos 00:03: registered as rtc0
[    1.439661] rtc_cmos 00:03: alarms up to one month, y3k, 114 bytes nvram, hpet irqs
[    1.442934] device-mapper: ioctl: 4.40.0-ioctl (2019-01-18) initialised: dm-devel@redhat.com
[    1.445917] EFI Variables Facility v0.08 2004-May-17
[    1.458871] hidraw: raw HID events driver (C) Jiri Kosina
[    1.464356] usbcore: registered new interface driver usbhid
[    1.467176] usbhid: USB HID core driver
[    1.476440] input: AT Translated Set 2 keyboard as /devices/platform/i8042/serio0/input/input4
[    1.481702] snd_hda_intel 0000:00:01.1: enabling device (0000 -> 0002)
[    1.484846] snd_hda_intel 0000:00:01.1: Force to non-snoop mode
[    1.493159] Initializing XFRM netlink socket
[    1.496035] ata1: SATA link up 6.0 Gbps (SStatus 133 SControl 300)
[    1.500069] NET: Registered protocol family 10
[    1.503836] Segment Routing with IPv6
[    1.507354] snd_hda_codec_generic hdaudioC0D0: autoconfig for Generic: line_outs=0 (0x0/0x0/0x0/0x0/0x0) type:line
[    1.507465] ata1.00: ATA-8: KINGSTON SV300S37A120G, 603ABBF0, max UDMA/133
[    1.510274] snd_hda_codec_generic hdaudioC0D0:    speaker_outs=0 (0x0/0x0/0x0/0x0/0x0)
[    1.513238] ata1.00: 234441648 sectors, multi 1: LBA48 NCQ (depth 32), AA
[    1.516258] snd_hda_codec_generic hdaudioC0D0:    hp_outs=0 (0x0/0x0/0x0/0x0/0x0)
[    1.522369] snd_hda_codec_generic hdaudioC0D0:    mono: mono_out=0x0
[    1.524686] ata1.00: configured for UDMA/133
[    1.525426] snd_hda_codec_generic hdaudioC0D0:    dig-out=0x3/0x0
[    1.531457] snd_hda_codec_generic hdaudioC0D0:    inputs:
[    1.535272] scsi 0:0:0:0: Direct-Access     ATA      KINGSTON SV300S3 BBF0 PQ: 0 ANSI: 5
[    1.539004] sd 0:0:0:0: [sda] 234441648 512-byte logical blocks: (120 GB/112 GiB)
[    1.542082] sd 0:0:0:0: [sda] Write Protect is off
[    1.545105] sd 0:0:0:0: [sda] Mode Sense: 00 3a 00 00
[    1.545534] sd 0:0:0:0: Attached scsi generic sg0 type 0
[    1.548848] sit: IPv6, IPv4 and MPLS over IPv4 tunneling driver
[    1.552947] random: fast init done
[    1.555463] sd 0:0:0:0: [sda] Write cache: enabled, read cache: enabled, doesn't support DPO or FUA
[    1.559517] NET: Registered protocol family 17
[    1.567132] snd_hda_codec_realtek hdaudioC1D0: autoconfig for ALC3229: line_outs=1 (0x14/0x0/0x0/0x0/0x0) type:speaker
[    1.570523] snd_hda_codec_realtek hdaudioC1D0:    speaker_outs=0 (0x0/0x0/0x0/0x0/0x0)
[    1.573878] snd_hda_codec_realtek hdaudioC1D0:    hp_outs=1 (0x21/0x0/0x0/0x0/0x0)
[    1.577180] snd_hda_codec_realtek hdaudioC1D0:    mono: mono_out=0x0
[    1.580401] snd_hda_codec_realtek hdaudioC1D0:    inputs:
[    1.583569] snd_hda_codec_realtek hdaudioC1D0:      Mic=0x19
[    1.587131] mce: Using 6 MCE banks
[    1.590625] microcode: CPU0: patch_level=0x0700010b
[    1.593866] microcode: CPU1: patch_level=0x0700010b
[    1.597408] microcode: Microcode Update Driver: v2.2.
[    1.597446] sched_clock: Marking stable (1595399401, 1705792)->(1724950664, -127845471)
[    1.604988]  sda: sda1 sda2 sda3 sda4 sda5 sda6
[    1.610009] sd 0:0:0:0: [sda] Attached SCSI disk
[    1.613646] input: HDA ATI HDMI HDMI as /devices/pci0000:00/0000:00:01.1/sound/card0/input6
[    1.619039] registered taskstats version 1
[    1.621819] rq->curr == THREAD(this messg)
[    1.621822] proc in rq 0
[    1.622327] Loading compiled-in X.509 certificates
[    1.625587] rq->nr_running rq->cfs.nr_running : 1 1
[    1.625589] rq->load.weight, rq->cfs.load.weight : 1048576 1048576
[    1.625590] ----------------^^^^TUX0^^^^^-----------------------
[    1.625592] rq->curr->pid = 1
[    1.625598] color, tsk->comm, weight, vruntime: -123420287588072 kworker/1:1 1048576 808419220
[    1.625601] color, tsk->comm, weight, vruntime: -123420293253479 kworker/u8:4 1048576 813301169
[    1.625607] color, tsk->comm, weight, vruntime: -123420301000552 kworker/u8:3 1048576 813335338
[    1.651347] color, tsk->comm, weight, vruntime: -123420301000551 kworker/u8:3 1048576 814798261
[    1.654552] color, tsk->comm, weight, vruntime: -123420273540967 kworker/1:4 1048576 815522536
[    1.657646] color, tsk->comm, weight, vruntime: -123420273540967 kworker/u8:4 1048576 815035041
[    1.660665] color, tsk->comm, weight, vruntime: 1 kworker/1:3 1048576 849035717
[    1.663610] proc in rq 7
[    1.666504] rq->nr_running rq->cfs.nr_running : 8 8
[    1.672195] rq->load.weight, rq->cfs.load.weight : 8388608 8388608
[    1.672197] ----------------^^^^TUX1^^^^^-----------------------
[    1.686864] input: HD-Audio Generic Headphone as /devices/pci0000:00/0000:00:14.2/sound/card1/input14
[    1.694182] acpi_cpufreq: overriding BIOS provided _PSD data
[    1.697515] cfg80211: Loading compiled-in X.509 certificates for regulatory database
[    1.702411] cfg80211: Loaded X.509 cert 'sforshee: 00b28ddf47aef9cea7'
[    1.705433] ALSA device list:
[    1.708424]   #0: HDA ATI HDMI at 0xfeb64000 irq 33
[    1.711519] platform regulatory.0: Direct firmware load for regulatory.db failed with error -2
[    1.714617] cfg80211: failed to load regulatory.db
[    1.717833]   #1: HD-Audio Generic at 0xfeb60000 irq 16
[    1.899703] usb 4-2: new full-speed USB device number 2 using ohci-pci
[    1.919657] tsc: Refined TSC clocksource calibration: 998.127 MHz
[    1.922604] clocksource: tsc: mask: 0xffffffffffffffff max_cycles: 0x1cc65b93289, max_idle_ns: 881590487074 ns
[    1.925772] clocksource: Switched to clocksource tsc
[    2.172517] usb 4-2: New USB device found, idVendor=13d3, idProduct=3362, bcdDevice= 0.01
[    2.175720] usb 4-2: New USB device strings: Mfr=1, Product=2, SerialNumber=3
[    2.178941] usb 4-2: Product: Bluetooth USB Host Controller
[    2.182164] usb 4-2: Manufacturer: Atheros Communications
[    2.185374] usb 4-2: SerialNumber: Alaska Day 2006
[    2.342548] input: PS/2 Logitech Wheel Mouse as /devices/platform/i8042/serio4/input/input13
[    2.348684] md: Waiting for all devices to be available before autodetect
[    2.352040] md: If you don't use raid, use raid=noautodetect
[    2.355789] md: Autodetecting RAID arrays.
[    2.359075] md: autorun ...
[    2.362284] md: ... autorun DONE.
[    2.370483] EXT4-fs (sda2): mounted filesystem with ordered data mode. Opts: (null)
[    2.373785] VFS: Mounted root (ext4 filesystem) readonly on device 8:2.
[    2.378363] devtmpfs: mounted
[    2.382641] Freeing unused kernel image memory: 1296K
[    2.419704] Write protecting the kernel read-only data: 22528k
[    2.424664] Freeing unused kernel image memory: 1984K
[    2.429127] Freeing unused kernel image memory: 1692K
[    2.432433] Run /sbin/init as init process
[    2.489956] stty (1758) used greatest stack depth: 13792 bytes left
[    2.529717] usb 2-3: new high-speed USB device number 3 using ehci-pci
[    2.593561] sed (1772) used greatest stack depth: 13592 bytes left
[    2.639752] rq->curr->pid = 1762
[    2.639759] color, tsk->comm, weight, vruntime: 1 kworker/0:0 1048576 1954231910
[    2.643376] proc in rq 1
[    2.647089] rq->nr_running rq->cfs.nr_running : 2 2
[    2.654453] rq->load.weight, rq->cfs.load.weight : 2097152 2097152
[    2.654456] ----------------^^^^TUX0^^^^^-----------------------
[    2.654458] rq->curr == THREAD(this messg)
[    2.654460] proc in rq 0
[    2.654462] rq->nr_running rq->cfs.nr_running : 1 1
[    2.654464] rq->load.weight, rq->cfs.load.weight : 1048576 1048576
[    2.654465] ----------------^^^^TUX1^^^^^-----------------------
[    2.762434] usb 2-3: New USB device found, idVendor=04f2, idProduct=b404, bcdDevice=69.63
[    2.769930] usb 2-3: New USB device strings: Mfr=3, Product=1, SerialNumber=2
[    2.769935] usb 2-3: Product: USB2.0 HD UVC WebCam
[    2.769939] usb 2-3: Manufacturer: Chicony Electronics Co.,Ltd.
[    2.769943] usb 2-3: SerialNumber: 0x0001
[    2.811000] ip (1820) used greatest stack depth: 12552 bytes left
[    2.901887] udevd[1850]: starting version 3.2.1
[    2.911091] random: udevd: uninitialized urandom read (16 bytes read)
[    2.915173] random: udevd: uninitialized urandom read (16 bytes read)
[    2.919128] random: udevd: uninitialized urandom read (16 bytes read)
[    2.950016] udevd[1851]: starting eudev-3.2.1
[    3.263676] ath9k 0000:01:00.0 wlp1s0: renamed from wlan0
[    3.304342] r8169 0000:02:00.0 enp2s0: renamed from eth0
[    3.451934] [drm] radeon kernel modesetting enabled.
[    3.458270] radeon 0000:00:01.0: remove_conflicting_pci_framebuffers: bar 0: 0xc0000000 -> 0xcfffffff
[    3.461959] radeon 0000:00:01.0: remove_conflicting_pci_framebuffers: bar 2: 0xd0000000 -> 0xd07fffff
[    3.465598] radeon 0000:00:01.0: remove_conflicting_pci_framebuffers: bar 5: 0xfeb00000 -> 0xfeb3ffff
[    3.483738] checking generic (c0000000 420000) vs hw (c0000000 10000000)
[    3.483743] fb0: switching to radeondrmfb from EFI VGA
[    3.487419] Console: switching to colour dummy device 80x25
[    3.498938] radeon 0000:00:01.0: vgaarb: deactivate vga console
[    3.501623] [drm] initializing kernel modesetting (KABINI 0x1002:0x9839 0x1043:0x141D 0x00).
[    3.501699] [drm] doorbell mmio base: 0xD0000000
[    3.501708] [drm] doorbell mmio size: 8388608
[    3.501743] ATOM BIOS: AMD
[    3.501821] [drm] Changing default dispclk from 400Mhz to 600Mhz
[    3.501865] radeon 0000:00:01.0: VRAM: 512M 0x0000000000000000 - 0x000000001FFFFFFF (512M used)
[    3.501881] radeon 0000:00:01.0: GTT: 2048M 0x0000000020000000 - 0x000000009FFFFFFF
[    3.501905] [drm] Detected VRAM RAM=512M, BAR=256M
[    3.501913] [drm] RAM width 128bits DDR
[    3.508360] [TTM] Zone  kernel: Available graphics memory: 1729512 KiB
[    3.508380] [TTM] Initializing pool allocator
[    3.508400] [TTM] Initializing DMA pool allocator
[    3.508470] [drm] radeon: 512M of VRAM memory ready
[    3.508480] [drm] radeon: 2048M of GTT memory ready.
[    3.508526] [drm] Loading kabini Microcode
[    3.517928] [drm] Internal thermal controller without fan control
[    3.519340] [drm] radeon: dpm initialized
[    3.521383] [drm] Found UVD firmware Version: 1.64 Family ID: 9
[    3.527009] [drm] Found VCE firmware/feedback version 40.2.2 / 15!
[    3.541857] [drm] GART: num cpu pages 524288, num gpu pages 524288
[    3.607749] [drm] PCIE GART of 2048M enabled (table at 0x000000000030E000).
[    3.608031] radeon 0000:00:01.0: WB enabled
[    3.608077] radeon 0000:00:01.0: fence driver on ring 0 use gpu addr 0x0000000020000c00 and cpu addr 0x(____ptrval____)
[    3.608094] radeon 0000:00:01.0: fence driver on ring 1 use gpu addr 0x0000000020000c04 and cpu addr 0x(____ptrval____)
[    3.608110] radeon 0000:00:01.0: fence driver on ring 2 use gpu addr 0x0000000020000c08 and cpu addr 0x(____ptrval____)
[    3.608124] radeon 0000:00:01.0: fence driver on ring 3 use gpu addr 0x0000000020000c0c and cpu addr 0x(____ptrval____)
[    3.608138] radeon 0000:00:01.0: fence driver on ring 4 use gpu addr 0x0000000020000c10 and cpu addr 0x(____ptrval____)
[    3.609057] radeon 0000:00:01.0: fence driver on ring 5 use gpu addr 0x0000000000078d30 and cpu addr 0x(____ptrval____)
[    3.609434] radeon 0000:00:01.0: fence driver on ring 6 use gpu addr 0x0000000020000c18 and cpu addr 0x(____ptrval____)
[    3.609450] radeon 0000:00:01.0: fence driver on ring 7 use gpu addr 0x0000000020000c1c and cpu addr 0x(____ptrval____)
[    3.609463] [drm] Supports vblank timestamp caching Rev 2 (21.10.2013).
[    3.609471] [drm] Driver supports precise vblank timestamp query.
[    3.609585] radeon 0000:00:01.0: radeon: using MSI.
[    3.617415] [drm] radeon: irq initialized.
[    3.626400] [drm] ring test on 0 succeeded in 4 usecs
[    3.626538] [drm] ring test on 1 succeeded in 4 usecs
[    3.626578] [drm] ring test on 2 succeeded in 4 usecs
[    3.626907] [drm] ring test on 3 succeeded in 6 usecs
[    3.626924] [drm] ring test on 4 succeeded in 5 usecs
[    3.651022] rq->curr->pid = 2251
[    3.651029] color, tsk->comm, weight, vruntime: -123420299508711 udevd 1048576 2673735910
[    3.651047] color, tsk->comm, weight, vruntime: 1 udevd 1048576 2673735910
[    3.651059] color, tsk->comm, weight, vruntime: -123420299501799 rcu_sched 1048576 2673735910
[    3.651069] color, tsk->comm, weight, vruntime: -123420299508712 udevd 1048576 2673735910
[    3.651080] color, tsk->comm, weight, vruntime: -123420273513320 udevd 1048576 2673735910
[    3.651091] color, tsk->comm, weight, vruntime: -123420299501799 ksoftirqd/0 1048576 2679462580
[    3.651100] proc in rq 6
[    3.651111] rq->nr_running rq->cfs.nr_running : 7 7
[    3.651121] rq->load.weight, rq->cfs.load.weight : 7340032 7340032
[    3.651123] ----------------^^^^TUX0^^^^^-----------------------
[    3.651130] rq->curr == THREAD(this messg)
[    3.651139] color, tsk->comm, weight, vruntime: 1 udevd 1048576 1841281042
[    3.651145] proc in rq 1
[    3.651153] rq->nr_running rq->cfs.nr_running : 2 2
[    3.651163] rq->load.weight, rq->cfs.load.weight : 2097152 2097152
[    3.651164] ----------------^^^^TUX1^^^^^-----------------------
[    3.679157] [drm] ring test on 5 succeeded in 2 usecs
[    3.701281] [drm] UVD initialized successfully.
[    3.838543] [drm] ring test on 6 succeeded in 19 usecs
[    3.838576] [drm] ring test on 7 succeeded in 3 usecs
[    3.838584] [drm] VCE initialized successfully.
[    3.851707] [drm] ib test on ring 0 succeeded in 0 usecs
[    3.882389] [drm] ib test on ring 1 succeeded in 0 usecs
[    3.882675] [drm] ib test on ring 2 succeeded in 0 usecs
[    3.882953] [drm] ib test on ring 3 succeeded in 0 usecs
[    3.883225] [drm] ib test on ring 4 succeeded in 0 usecs
[    4.419840] [drm] ib test on ring 5 succeeded
[    4.441090] [drm] ib test on ring 6 succeeded
[    4.442098] [drm] ib test on ring 7 succeeded
[    4.489705] [drm] radeon atom DIG backlight initialized
[    4.489727] [drm] Radeon Display Connectors
[    4.489735] [drm] Connector 0:
[    4.489741] [drm]   LVDS-1
[    4.489747] [drm]   HPD1
[    4.489756] [drm]   DDC: 0x6530 0x6530 0x6534 0x6534 0x6538 0x6538 0x653c 0x653c
[    4.489765] [drm]   Encoders:
[    4.489771] [drm]     LCD1: INTERNAL_UNIPHY
[    4.489778] [drm] Connector 1:
[    4.489783] [drm]   HDMI-A-1
[    4.489789] [drm]   HPD2
[    4.489796] [drm]   DDC: 0x6540 0x6540 0x6544 0x6544 0x6548 0x6548 0x654c 0x654c
[    4.489805] [drm]   Encoders:
[    4.489810] [drm]     DFP1: INTERNAL_UNIPHY
[    4.489816] [drm] Connector 2:
[    4.489822] [drm]   VGA-1
[    4.489829] [drm]   DDC: 0x65c0 0x65c0 0x65c4 0x65c4 0x65c8 0x65c8 0x65cc 0x65cc
[    4.489838] [drm]   Encoders:
[    4.489843] [drm]     CRT1: INTERNAL_KLDSCP_DAC1
[    4.659647] rq->curr == THREAD(this messg)
[    4.659650] proc in rq 0
[    4.659660] rq->nr_running rq->cfs.nr_running : 1 1
[    4.659671] rq->load.weight, rq->cfs.load.weight : 1048576 1048576
[    4.659673] ----------------^^^^TUX0^^^^^-----------------------
[    4.659681] rq->curr->pid = 0
[    4.659691] color, tsk->comm, weight, vruntime: -123420299512168 kworker/1:2 1048576 1945068734
[    4.659698] color, tsk->comm, weight, vruntime: 1 udevd 1048576 1949514455
[    4.659708] proc in rq 2
[    4.659716] rq->nr_running rq->cfs.nr_running : 2 2
[    4.659726] rq->load.weight, rq->cfs.load.weight : 2097152 2097152
[    4.659728] ----------------^^^^TUX1^^^^^-----------------------
[    5.571840] [drm] fb mappable at 0xC0722000
[    5.571861] [drm] vram apper at 0xC0000000
[    5.571868] [drm] size 4325376
[    5.571874] [drm] fb depth is 24
[    5.571880] [drm]    pitch is 5632
[    5.572257] fbcon: radeondrmfb (fb0) is primary device
[    5.669652] rq->curr == THREAD(this messg)
[    5.669655] proc in rq 0
[    5.669658] rq->nr_running rq->cfs.nr_running : 1 1
[    5.669660] rq->load.weight, rq->cfs.load.weight : 1048576 1048576
[    5.669662] ----------------^^^^TUX0^^^^^-----------------------
[    5.669663] rq->curr->pid = 0
[    5.669664] proc in rq 0
[    5.669666] rq->nr_running rq->cfs.nr_running : 0 0
[    5.669668] rq->load.weight, rq->cfs.load.weight : 0 0
[    5.669669] ----------------^^^^TUX1^^^^^-----------------------
[    5.679917] Console: switching to colour frame buffer device 170x48
[    5.690952] radeon 0000:00:01.0: fb0: radeondrmfb frame buffer device
[    5.738463] [drm] Initialized radeon 2.50.0 20080528 for 0000:00:01.0 on minor 0
[    5.824113] Adding 3608572k swap on /dev/sda4.  Priority:1 extents:1 across:3608572k SS
[    5.877180] EXT4-fs (sda2): re-mounted. Opts: (null)
[    5.976869] EXT4-fs (sda2): re-mounted. Opts: (null)
[    6.679651] rq->curr == THREAD(this messg)
[    6.679657] proc in rq 0
[    6.683340] rq->nr_running rq->cfs.nr_running : 1 1
[    6.690740] rq->load.weight, rq->cfs.load.weight : 1048576 1048576
[    6.690742] ----------------^^^^TUX0^^^^^-----------------------
[    6.694498] rq->curr->pid = 0
[    6.698297] proc in rq 0
[    6.702065] rq->nr_running rq->cfs.nr_running : 0 0
[    6.709506] rq->load.weight, rq->cfs.load.weight : 0 0
[    6.709508] ----------------^^^^TUX1^^^^^-----------------------
[    7.689655] rq->curr == THREAD(this messg)
[    7.693347] proc in rq 0
[    7.697043] rq->nr_running rq->cfs.nr_running : 1 1
[    7.704357] rq->load.weight, rq->cfs.load.weight : 1048576 1048576
[    7.704359] ----------------^^^^TUX0^^^^^-----------------------
[    7.708073] rq->curr->pid = 3463
[    7.711842] proc in rq 0
[    7.715604] rq->nr_running rq->cfs.nr_running : 1 1
[    7.723177] rq->load.weight, rq->cfs.load.weight : 1048576 1048576
[    7.723179] ----------------^^^^TUX1^^^^^-----------------------
[    8.301694] urandom_read: 6 callbacks suppressed
[    8.301700] random: wpa_supplicant: uninitialized urandom read (32 bytes read)
[    8.699655] rq->curr == THREAD(this messg)
[    8.699660] proc in rq 0
[    8.703792] rq->nr_running rq->cfs.nr_running : 1 1
[    8.712020] rq->load.weight, rq->cfs.load.weight : 1048576 1048576
[    8.712022] ----------------^^^^TUX0^^^^^-----------------------
[    8.716185] rq->curr->pid = 0
[    8.720249] color, tsk->comm, weight, vruntime: 1 klogd 1048576 4794346955
[    8.724158] proc in rq 1
[    8.728013] rq->nr_running rq->cfs.nr_running : 1 1
[    8.735452] rq->load.weight, rq->cfs.load.weight : 1048576 1048576
[    8.735455] ----------------^^^^TUX1^^^^^-----------------------
[    9.640535] wlp1s0: authenticate with 64:66:b3:cd:9a:3a
[    9.671005] wlp1s0: send auth to 64:66:b3:cd:9a:3a (try 1/3)
[    9.677611] wlp1s0: authenticated
[    9.689732] wlp1s0: associate with 64:66:b3:cd:9a:3a (try 1/3)
[    9.697775] wlp1s0: RX AssocResp from 64:66:b3:cd:9a:3a (capab=0x431 status=0 aid=1)
[    9.702591] wlp1s0: associated
[    9.709677] rq->curr == THREAD(this messg)
[    9.709681] proc in rq 0
[    9.713224] rq->nr_running rq->cfs.nr_running : 1 1
[    9.720300] rq->load.weight, rq->cfs.load.weight : 1048576 1048576
[    9.720308] ----------------^^^^TUX0^^^^^-----------------------
[    9.723882] rq->curr->pid = 4428
[    9.727441] proc in rq 0
[    9.731041] rq->nr_running rq->cfs.nr_running : 1 1
[    9.738131] rq->load.weight, rq->cfs.load.weight : 1048576 1048576
[    9.738135] ----------------^^^^TUX1^^^^^-----------------------
[    9.742743] IPv6: ADDRCONF(NETDEV_CHANGE): wlp1s0: link becomes ready
[   10.719649] rq->curr == THREAD(this messg)
[   10.719654] proc in rq 0
[   10.723228] rq->nr_running rq->cfs.nr_running : 1 1
[   10.730152] rq->load.weight, rq->cfs.load.weight : 1048576 1048576
[   10.730154] ----------------^^^^TUX0^^^^^-----------------------
[   10.733686] rq->curr->pid = 4450
[   10.737192] proc in rq 0
[   10.740682] rq->nr_running rq->cfs.nr_running : 0 0
[   10.747570] rq->load.weight, rq->cfs.load.weight : 0 0
[   10.747573] ----------------^^^^TUX1^^^^^-----------------------
[   11.086929] udevd (2251) used greatest stack depth: 11736 bytes left
[   11.729650] rq->curr == THREAD(this messg)
[   11.729655] proc in rq 0
[   11.733119] rq->nr_running rq->cfs.nr_running : 1 1
[   11.739993] rq->load.weight, rq->cfs.load.weight : 1048576 1048576
[   11.739995] ----------------^^^^TUX0^^^^^-----------------------
[   11.743444] rq->curr->pid = 4463
[   11.746778] proc in rq 0
[   11.750078] rq->nr_running rq->cfs.nr_running : 0 0
[   11.756565] rq->load.weight, rq->cfs.load.weight : 0 0
[   11.756568] ----------------^^^^TUX1^^^^^-----------------------
[   12.739653] rq->curr == THREAD(this messg)
[   12.742850] proc in rq 0
[   12.746018] rq->nr_running rq->cfs.nr_running : 1 1
[   12.752290] rq->load.weight, rq->cfs.load.weight : 1048576 1048576
[   12.752292] ----------------^^^^TUX0^^^^^-----------------------
[   12.755501] rq->curr->pid = 4470
[   12.758662] proc in rq 0
[   12.761791] rq->nr_running rq->cfs.nr_running : 0 0
[   12.767991] rq->load.weight, rq->cfs.load.weight : 0 0
[   12.767995] ----------------^^^^TUX1^^^^^-----------------------
[   13.749652] rq->curr == THREAD(this messg)
[   13.752734] proc in rq 0
[   13.755788] rq->nr_running rq->cfs.nr_running : 1 1
[   13.761872] rq->load.weight, rq->cfs.load.weight : 1048576 1048576
[   13.761874] ----------------^^^^TUX0^^^^^-----------------------
[   13.764980] rq->curr->pid = 4480
[   13.768037] proc in rq 0
[   13.771096] rq->nr_running rq->cfs.nr_running : 0 0
[   13.777191] rq->load.weight, rq->cfs.load.weight : 0 0
[   13.777195] ----------------^^^^TUX1^^^^^-----------------------
[   14.759676] rq->curr->pid = 4537
[   14.759686] proc in rq 0
[   14.759691] rq->nr_running rq->cfs.nr_running : 1 1
[   14.759696] rq->load.weight, rq->cfs.load.weight : 1307648 1307648
[   14.759698] ----------------^^^^TUX0^^^^^-----------------------
[   14.759701] rq->curr == THREAD(this messg)
[   14.759704] proc in rq 0
[   14.759707] rq->nr_running rq->cfs.nr_running : 1 1
[   14.759712] rq->load.weight, rq->cfs.load.weight : 1048576 1048576
[   14.759713] ----------------^^^^TUX1^^^^^-----------------------
[   15.769656] rq->curr == idle (init_task)
[   15.769671] color, tsk->comm, weight, vruntime: 1 rcu_sched 1048576 13674021477
[   15.769675] proc in rq 1
[   15.769679] rq->nr_running rq->cfs.nr_running : 1 1
[   15.769684] rq->load.weight, rq->cfs.load.weight : 1048576 1048576
[   15.769686] ----------------^^^^TUX0^^^^^-----------------------
[   15.769689] rq->curr == THREAD(this messg)
[   15.769692] proc in rq 0
[   15.769695] rq->nr_running rq->cfs.nr_running : 1 1
[   15.769700] rq->load.weight, rq->cfs.load.weight : 1048576 1048576
[   15.769701] ----------------^^^^TUX1^^^^^-----------------------
[   16.779668] rq->curr == idle (init_task)
[   16.779682] proc in rq 0
[   16.779687] rq->nr_running rq->cfs.nr_running : 0 0
[   16.779692] rq->load.weight, rq->cfs.load.weight : 0 0
[   16.779693] ----------------^^^^TUX0^^^^^-----------------------
[   16.779696] rq->curr == THREAD(this messg)
[   16.779699] proc in rq 0
[   16.779703] rq->nr_running rq->cfs.nr_running : 1 1
[   16.779707] rq->load.weight, rq->cfs.load.weight : 1048576 1048576
[   16.779709] ----------------^^^^TUX1^^^^^-----------------------
[   17.789676] rq->curr == idle (init_task)
[   17.789690] proc in rq 0
[   17.789694] rq->nr_running rq->cfs.nr_running : 0 0
[   17.789698] rq->load.weight, rq->cfs.load.weight : 0 0
[   17.789700] ----------------^^^^TUX0^^^^^-----------------------
[   17.789703] rq->curr == THREAD(this messg)
[   17.789706] proc in rq 0
[   17.789710] rq->nr_running rq->cfs.nr_running : 1 1
[   17.789714] rq->load.weight, rq->cfs.load.weight : 1048576 1048576
[   17.789715] ----------------^^^^TUX1^^^^^-----------------------
[   18.799657] rq->curr == idle (init_task)
[   18.799669] proc in rq 0
[   18.799673] rq->nr_running rq->cfs.nr_running : 0 0
[   18.799678] rq->load.weight, rq->cfs.load.weight : 0 0
[   18.799679] ----------------^^^^TUX0^^^^^-----------------------
[   18.799683] rq->curr == THREAD(this messg)
[   18.799685] proc in rq 0
[   18.799689] rq->nr_running rq->cfs.nr_running : 1 1
[   18.799693] rq->load.weight, rq->cfs.load.weight : 1048576 1048576
[   18.799694] ----------------^^^^TUX1^^^^^-----------------------
[   19.809654] rq->curr == idle (init_task)
[   19.809666] proc in rq 0
[   19.809670] rq->nr_running rq->cfs.nr_running : 0 0
[   19.809675] rq->load.weight, rq->cfs.load.weight : 0 0
[   19.809676] ----------------^^^^TUX0^^^^^-----------------------
[   19.809679] rq->curr == THREAD(this messg)
[   19.809682] proc in rq 0
[   19.809685] rq->nr_running rq->cfs.nr_running : 1 1
[   19.809690] rq->load.weight, rq->cfs.load.weight : 1048576 1048576
[   19.809691] ----------------^^^^TUX1^^^^^-----------------------
[   20.819654] rq->curr == idle (init_task)
[   20.819663] proc in rq 0
[   20.819668] rq->nr_running rq->cfs.nr_running : 0 0
[   20.819672] rq->load.weight, rq->cfs.load.weight : 0 0
[   20.819674] ----------------^^^^TUX0^^^^^-----------------------
[   20.819677] rq->curr == THREAD(this messg)
[   20.819680] proc in rq 0
[   20.819683] rq->nr_running rq->cfs.nr_running : 1 1
[   20.819688] rq->load.weight, rq->cfs.load.weight : 1048576 1048576
