[    0.000000] Linux version 5.0.0+ (root@(none)) (gcc version 9.0.1 20190313 (experimental) (GCC)) #34 SMP Sat Mar 16 15:00:08 +05 2019
[    0.000000] Command line: BOOT_IMAGE=/boot/bzImage root=/dev/sda2 ro
[    0.000000] x86/fpu: Supporting XSAVE feature 0x001: 'x87 floating point registers'
[    0.000000] x86/fpu: Supporting XSAVE feature 0x002: 'SSE registers'
[    0.000000] x86/fpu: Supporting XSAVE feature 0x004: 'AVX registers'
[    0.000000] x86/fpu: xstate_offset[2]:  576, xstate_sizes[2]:  256
[    0.000000] x86/fpu: Enabled xstate features 0x7, context size is 832 bytes, using 'standard' format.
[    0.000000] BIOS-provided physical RAM map:
[    0.000000] BIOS-e820: [mem 0x0000000000000000-0x000000000009ffff] usable
[    0.000000] BIOS-e820: [mem 0x0000000000100000-0x000000009d0f7fff] usable
[    0.000000] BIOS-e820: [mem 0x000000009d0f8000-0x000000009d127fff] reserved
[    0.000000] BIOS-e820: [mem 0x000000009d128000-0x000000009d370fff] usable
[    0.000000] BIOS-e820: [mem 0x000000009d371000-0x000000009dc56fff] ACPI NVS
[    0.000000] BIOS-e820: [mem 0x000000009dc57000-0x000000009e959fff] reserved
[    0.000000] BIOS-e820: [mem 0x000000009e95a000-0x000000009e9cafff] type 20
[    0.000000] BIOS-e820: [mem 0x000000009e9cb000-0x000000009e9cbfff] usable
[    0.000000] BIOS-e820: [mem 0x000000009e9cc000-0x000000009e9d3fff] ACPI NVS
[    0.000000] BIOS-e820: [mem 0x000000009e9d4000-0x000000009eb24fff] usable
[    0.000000] BIOS-e820: [mem 0x000000009eb25000-0x000000009f041fff] reserved
[    0.000000] BIOS-e820: [mem 0x000000009f042000-0x000000009f080fff] usable
[    0.000000] BIOS-e820: [mem 0x000000009f081000-0x000000009f3f1fff] reserved
[    0.000000] BIOS-e820: [mem 0x000000009f3f2000-0x000000009f3fffff] usable
[    0.000000] BIOS-e820: [mem 0x00000000fec00000-0x00000000fec01fff] reserved
[    0.000000] BIOS-e820: [mem 0x00000000fec10000-0x00000000fec10fff] reserved
[    0.000000] BIOS-e820: [mem 0x00000000fed00000-0x00000000fed00fff] reserved
[    0.000000] BIOS-e820: [mem 0x00000000fed80000-0x00000000fed8ffff] reserved
[    0.000000] BIOS-e820: [mem 0x00000000ff000000-0x00000000ffffffff] reserved
[    0.000000] BIOS-e820: [mem 0x0000000100001000-0x000000013effffff] usable
[    0.000000] NX (Execute Disable) protection: active
[    0.000000] efi: EFI v2.31 by American Megatrends
[    0.000000] efi:  ACPI=0x9d3f3000  ACPI 2.0=0x9d3f3000  SMBIOS=0x9e958998 
[    0.000000] SMBIOS 2.7 present.
[    0.000000] DMI: ASUSTeK COMPUTER INC. X102BA/X102BA, BIOS X102BA.212 08/30/2013
[    0.000000] tsc: Fast TSC calibration using PIT
[    0.000000] tsc: Detected 998.152 MHz processor
[    0.000214] e820: update [mem 0x00000000-0x00000fff] usable ==> reserved
[    0.000219] e820: remove [mem 0x000a0000-0x000fffff] usable
[    0.000242] last_pfn = 0x13f000 max_arch_pfn = 0x400000000
[    0.000251] MTRR default type: uncachable
[    0.000253] MTRR fixed ranges enabled:
[    0.000256]   00000-9FFFF write-back
[    0.000259]   A0000-BFFFF write-through
[    0.000261]   C0000-DFFFF uncachable
[    0.000264]   E0000-FFFFF write-protect
[    0.000265] MTRR variable ranges enabled:
[    0.000270]   0 base 0000000000 mask FF80000000 write-back
[    0.000273]   1 base 0080000000 mask FFE0000000 write-back
[    0.000277]   2 base 009F400000 mask FFFFC00000 uncachable
[    0.000280]   3 base 009F800000 mask FFFF800000 uncachable
[    0.000281]   4 disabled
[    0.000283]   5 disabled
[    0.000284]   6 disabled
[    0.000285]   7 disabled
[    0.000287] TOM2: 000000013f000000 aka 5104M
[    0.000813] x86/PAT: Configuration [0-7]: WB  WC  UC- UC  WB  WP  UC- WT  
[    0.001072] e820: update [mem 0x9f400000-0xffffffff] usable ==> reserved
[    0.001086] last_pfn = 0x9f400 max_arch_pfn = 0x400000000
[    0.014311] check: Scanning 1 areas for low memory corruption
[    0.014322] Base memory trampoline at [(____ptrval____)] 99000 size 24576
[    0.014329] Using GB pages for direct mapping
[    0.014336] BRK [0x0de01000, 0x0de01fff] PGTABLE
[    0.014342] BRK [0x0de02000, 0x0de02fff] PGTABLE
[    0.014345] BRK [0x0de03000, 0x0de03fff] PGTABLE
[    0.014447] BRK [0x0de04000, 0x0de04fff] PGTABLE
[    0.014455] BRK [0x0de05000, 0x0de05fff] PGTABLE
[    0.014593] BRK [0x0de06000, 0x0de06fff] PGTABLE
[    0.015413] BRK [0x0de07000, 0x0de07fff] PGTABLE
[    0.015605] BRK [0x0de08000, 0x0de08fff] PGTABLE
[    0.015759] BRK [0x0de09000, 0x0de09fff] PGTABLE
[    0.015970] BRK [0x0de0a000, 0x0de0afff] PGTABLE
[    0.016223] BRK [0x0de0b000, 0x0de0bfff] PGTABLE
[    0.016374] Secure boot could not be determined
[    0.016390] ACPI: Early table checksum verification disabled
[    0.016400] ACPI: RSDP 0x000000009D3F3000 000024 (v02 _ASUS_)
[    0.016410] ACPI: XSDT 0x000000009D3F3088 000094 (v01 _ASUS_ Notebook 01072009 AMI  00010013)
[    0.016428] ACPI: FACP 0x000000009D400748 00010C (v05 _ASUS_ Notebook 01072009 AMI  00010013)
[    0.016443] ACPI BIOS Warning (bug): Optional FADT field Pm2ControlBlock has valid Length but zero Address: 0x0000000000000000/0x1 (20190215/tbfadt-615)
[    0.016456] ACPI: DSDT 0x000000009D3F31A8 00D59D (v02 _ASUS_ Notebook 00000000 INTL 20091112)
[    0.016467] ACPI: FACS 0x000000009DC4B080 000040
[    0.016475] ACPI: APIC 0x000000009D400858 00007E (v03 _ASUS_ Notebook 01072009 AMI  00010013)
[    0.016485] ACPI: FPDT 0x000000009D4008D8 000044 (v01 _ASUS_ Notebook 01072009 AMI  00010013)
[    0.016494] ACPI: ECDT 0x000000009D400920 0000C1 (v01 _ASUS_ Notebook 01072009 AMI. 00000005)
[    0.016504] ACPI: MCFG 0x000000009D4009E8 00003C (v01 _ASUS_ Notebook 01072009 MSFT 00010013)
[    0.016514] ACPI: HPET 0x000000009D400A28 000038 (v01 _ASUS_ Notebook 01072009 AMI  00000005)
[    0.016523] ACPI: VFCT 0x000000009D400A60 004684 (v01 _ASUS_ Notebook 00000001 AMD  31504F47)
[    0.016534] ACPI: BGRT 0x000000009D4050E8 000038 (v00 _ASUS_ Notebook 01072009 ASUS 00010013)
[    0.016543] ACPI: SSDT 0x000000009D405120 0005E0 (v01 AMD    AGESA    00000001 AMD  00000001)
[    0.016553] ACPI: SSDT 0x000000009D405700 0046D1 (v02 AMD    AGESA    00000002 MSFT 04000000)
[    0.016563] ACPI: CRAT 0x000000009D409DD8 000228 (v01 AMD    AGESA    00000001 AMD  00000001)
[    0.016572] ACPI: SSDT 0x000000009D40A000 001411 (v01 AMD    CPMDFIGP 00000001 INTL 20051117)
[    0.016582] ACPI: SSDT 0x000000009D40B418 0010E8 (v01 AMD    CPMCMN   00000001 INTL 20051117)
[    0.016592] ACPI: MSDM 0x000000009D127F98 000055 (v03 _ASUS_ Notebook 00000000 ASUS 00000001)
[    0.016620] ACPI: Local APIC address 0xfee00000
[    0.016879] No NUMA configuration found
[    0.016884] Faking a node at [mem 0x0000000000000000-0x000000013effffff]
[    0.016897] NODE_DATA(0) allocated [mem 0x13effa000-0x13effdfff]
[    0.016950] Zone ranges:
[    0.016954]   DMA      [mem 0x0000000000001000-0x0000000000ffffff]
[    0.016959]   DMA32    [mem 0x0000000001000000-0x00000000ffffffff]
[    0.016963]   Normal   [mem 0x0000000100000000-0x000000013effffff]
[    0.016967] Movable zone start for each node
[    0.016970] Early memory node ranges
[    0.016973]   node   0: [mem 0x0000000000001000-0x000000000009ffff]
[    0.016977]   node   0: [mem 0x0000000000100000-0x000000009d0f7fff]
[    0.016980]   node   0: [mem 0x000000009d128000-0x000000009d370fff]
[    0.016983]   node   0: [mem 0x000000009e9cb000-0x000000009e9cbfff]
[    0.016986]   node   0: [mem 0x000000009e9d4000-0x000000009eb24fff]
[    0.016989]   node   0: [mem 0x000000009f042000-0x000000009f080fff]
[    0.016992]   node   0: [mem 0x000000009f3f2000-0x000000009f3fffff]
[    0.016995]   node   0: [mem 0x0000000100001000-0x000000013effffff]
[    0.017830] Zeroed struct page in unavailable ranges: 11138 pages
[    0.017836] Initmem setup node 0 [mem 0x0000000000001000-0x000000013effffff]
[    0.017845] On node 0 totalpages: 902270
[    0.017848]   DMA zone: 64 pages used for memmap
[    0.017850]   DMA zone: 23 pages reserved
[    0.017852]   DMA zone: 3999 pages, LIFO batch:0
[    0.018245]   DMA32 zone: 10004 pages used for memmap
[    0.018248]   DMA32 zone: 640224 pages, LIFO batch:63
[    0.085907]   Normal zone: 4032 pages used for memmap
[    0.085913]   Normal zone: 258047 pages, LIFO batch:63
[    0.110227] ACPI: PM-Timer IO Port: 0x808
[    0.110239] ACPI: Local APIC address 0xfee00000
[    0.110254] ACPI: LAPIC_NMI (acpi_id[0xff] high edge lint[0x1])
[    0.110269] IOAPIC[0]: apic_id 3, version 33, address 0xfec00000, GSI 0-23
[    0.110280] IOAPIC[1]: apic_id 4, version 33, address 0xfec01000, GSI 24-55
[    0.110287] ACPI: INT_SRC_OVR (bus 0 bus_irq 0 global_irq 2 dfl dfl)
[    0.110293] ACPI: INT_SRC_OVR (bus 0 bus_irq 9 global_irq 9 low level)
[    0.110297] ACPI: IRQ0 used by override.
[    0.110300] ACPI: IRQ9 used by override.
[    0.110304] Using ACPI (MADT) for SMP configuration information
[    0.110309] ACPI: HPET id: 0x10228210 base: 0xfed00000
[    0.110324] smpboot: Allowing 4 CPUs, 2 hotplug CPUs
[    0.110399] PM: Registered nosave memory: [mem 0x00000000-0x00000fff]
[    0.110406] PM: Registered nosave memory: [mem 0x000a0000-0x000fffff]
[    0.110413] PM: Registered nosave memory: [mem 0x9d0f8000-0x9d127fff]
[    0.110420] PM: Registered nosave memory: [mem 0x9d371000-0x9dc56fff]
[    0.110424] PM: Registered nosave memory: [mem 0x9dc57000-0x9e959fff]
[    0.110427] PM: Registered nosave memory: [mem 0x9e95a000-0x9e9cafff]
[    0.110433] PM: Registered nosave memory: [mem 0x9e9cc000-0x9e9d3fff]
[    0.110440] PM: Registered nosave memory: [mem 0x9eb25000-0x9f041fff]
[    0.110447] PM: Registered nosave memory: [mem 0x9f081000-0x9f3f1fff]
[    0.110454] PM: Registered nosave memory: [mem 0x9f400000-0xfebfffff]
[    0.110457] PM: Registered nosave memory: [mem 0xfec00000-0xfec01fff]
[    0.110461] PM: Registered nosave memory: [mem 0xfec02000-0xfec0ffff]
[    0.110463] PM: Registered nosave memory: [mem 0xfec10000-0xfec10fff]
[    0.110466] PM: Registered nosave memory: [mem 0xfec11000-0xfecfffff]
[    0.110469] PM: Registered nosave memory: [mem 0xfed00000-0xfed00fff]
[    0.110472] PM: Registered nosave memory: [mem 0xfed01000-0xfed7ffff]
[    0.110474] PM: Registered nosave memory: [mem 0xfed80000-0xfed8ffff]
[    0.110477] PM: Registered nosave memory: [mem 0xfed90000-0xfeffffff]
[    0.110480] PM: Registered nosave memory: [mem 0xff000000-0xffffffff]
[    0.110483] PM: Registered nosave memory: [mem 0x100000000-0x100000fff]
[    0.110490] [mem 0x9f400000-0xfebfffff] available for PCI devices
[    0.110501] clocksource: refined-jiffies: mask: 0xffffffff max_cycles: 0xffffffff, max_idle_ns: 19112604462750000 ns
[    0.599561] random: get_random_bytes called from start_kernel+0x8b/0x48f with crng_init=0
[    0.599597] setup_percpu: NR_CPUS:64 nr_cpumask_bits:64 nr_cpu_ids:4 nr_node_ids:1
[    0.600693] percpu: Embedded 43 pages/cpu @(____ptrval____) s137240 r8192 d30696 u524288
[    0.600732] pcpu-alloc: s137240 r8192 d30696 u524288 alloc=1*2097152
[    0.600735] pcpu-alloc: [0] 0 1 2 3 
[    0.600813] Built 1 zonelists, mobility grouping on.  Total pages: 888147
[    0.600817] Policy zone: Normal
[    0.600823] Kernel command line: BOOT_IMAGE=/boot/bzImage root=/dev/sda2 ro
[    0.664683] Memory: 3432296K/3609080K available (14357K kernel code, 1433K rwdata, 4400K rodata, 1256K init, 928K bss, 176784K reserved, 0K cma-reserved)
[    0.664889] SLUB: HWalign=64, Order=0-3, MinObjects=0, CPUs=4, Nodes=1
[    0.665115] rcu: Hierarchical RCU implementation.
[    0.665119] rcu: 	RCU event tracing is enabled.
[    0.665123] rcu: 	RCU restricting CPUs from NR_CPUS=64 to nr_cpu_ids=4.
[    0.665127] rcu: RCU calculated value of scheduler-enlistment delay is 10 jiffies.
[    0.665131] rcu: Adjusting geometry for rcu_fanout_leaf=16, nr_cpu_ids=4
[    0.665714] NR_IRQS: 4352, nr_irqs: 1000, preallocated irqs: 16
[    0.666155] Console: colour dummy device 80x25
[    0.666829] printk: console [tty0] enabled
[    0.666875] ACPI: Core revision 20190215
[    0.667680] clocksource: hpet: mask: 0xffffffff max_cycles: 0xffffffff, max_idle_ns: 133484873504 ns
[    0.667710] hpet clockevent registered
[    0.667720] APIC: Switch to symmetric I/O mode setup
[    0.668461] ..TIMER: vector=0x30 apic1=0 pin1=2 apic2=-1 pin2=-1
[    0.717720] clocksource: tsc-early: mask: 0xffffffffffffffff max_cycles: 0x1cc68aad149, max_idle_ns: 881590465839 ns
[    0.717737] Calibrating delay loop (skipped), value calculated using timer frequency.. 1996.30 BogoMIPS (lpj=9981520)
[    0.717752] pid_max: default: 32768 minimum: 301
[    0.720321] LSM: Security Framework initializing
[    0.720354] SELinux:  Initializing.
[    0.720389] *** VALIDATE SELinux ***
[    0.722605] Dentry cache hash table entries: 524288 (order: 10, 4194304 bytes)
[    0.723769] Inode-cache hash table entries: 262144 (order: 9, 2097152 bytes)
[    0.723868] Mount-cache hash table entries: 8192 (order: 4, 65536 bytes)
[    0.723915] Mountpoint-cache hash table entries: 8192 (order: 4, 65536 bytes)
[    0.724305] *** VALIDATE proc ***
[    0.724393] *** VALIDATE cgroup1 ***
[    0.724404] *** VALIDATE cgroup2 ***
[    0.724462] mce: CPU supports 6 MCE banks
[    0.724492] LVT offset 1 assigned for vector 0xf9
[    0.724507] Last level iTLB entries: 4KB 512, 2MB 8, 4MB 4
[    0.724515] Last level dTLB entries: 4KB 512, 2MB 256, 4MB 128, 1GB 0
[    0.724525] Spectre V2 : Mitigation: Full AMD retpoline
[    0.724532] Spectre V2 : Spectre v2 / SpectreRSB mitigation: Filling RSB on context switch
[    0.724544] Speculative Store Bypass: Mitigation: Speculative Store Bypass disabled via prctl and seccomp
[    0.725123] Freeing SMP alternatives memory: 40K
[    0.737735] smpboot: CPU0: AMD A4-1200 APU with Radeon(TM) HD Graphics (family: 0x16, model: 0x0, stepping: 0x1)
[    0.737735] Performance Events: AMD PMU driver.
[    0.737735] ... version:                0
[    0.737735] ... bit width:              48
[    0.737735] ... generic registers:      4
[    0.737735] ... value mask:             0000ffffffffffff
[    0.737735] ... max period:             00007fffffffffff
[    0.737735] ... fixed-purpose events:   0
[    0.737735] ... event mask:             000000000000000f
[    0.737735] rcu: Hierarchical SRCU implementation.
[    0.737735] MCE: In-kernel MCE decoding enabled.
[    0.737735] smp: Bringing up secondary CPUs ...
[    0.737735] x86: Booting SMP configuration:
[    0.737735] .... node  #0, CPUs:      #1
[    0.737735] smp: Brought up 1 node, 2 CPUs
[    0.737735] smpboot: Max logical packages: 2
[    0.737735] smpboot: Total of 2 processors activated (3992.60 BogoMIPS)
[    0.737735] devtmpfs: initialized
[    0.737735] PM: Registering ACPI NVS region [mem 0x9d371000-0x9dc56fff] (9330688 bytes)
[    0.737735] PM: Registering ACPI NVS region [mem 0x9e9cc000-0x9e9d3fff] (32768 bytes)
[    0.737735] clocksource: jiffies: mask: 0xffffffff max_cycles: 0xffffffff, max_idle_ns: 19112604462750000 ns
[    0.737735] futex hash table entries: 1024 (order: 4, 65536 bytes)
[    0.737735] NET: Registered protocol family 16
[    0.737735] audit: initializing netlink subsys (disabled)
[    0.737735] audit: type=2000 audit(1552805864.060:1): state=initialized audit_enabled=0 res=1
[    0.737735] cpuidle: using governor ladder
[    0.737735] cpuidle: using governor menu
[    0.737735] kworker/u8:1 (34) used greatest stack depth: 14448 bytes left
[    0.737735] ACPI FADT declares the system doesn't support PCIe ASPM, so disable it
[    0.737735] ACPI: bus type PCI registered
[    0.737735] PCI: MMCONFIG for domain 0000 [bus 00-ff] at [mem 0xe0000000-0xefffffff] (base 0xe0000000)
[    0.737735] PCI: not using MMCONFIG
[    0.737735] PCI: Using configuration type 1 for base access
[    0.737735] PCI: Using configuration type 1 for extended access
[    0.748451] kworker/u8:2 (250) used greatest stack depth: 14144 bytes left
[    0.779551] HugeTLB registered 2.00 MiB page size, pre-allocated 0 pages
[    0.779551] ACPI: Added _OSI(Module Device)
[    0.779551] ACPI: Added _OSI(Processor Device)
[    0.779551] ACPI: Added _OSI(3.0 _SCP Extensions)
[    0.779551] ACPI: Added _OSI(Processor Aggregator Device)
[    0.779551] ACPI: Added _OSI(Linux-Dell-Video)
[    0.779551] ACPI: Added _OSI(Linux-Lenovo-NV-HDMI-Audio)
[    0.779551] ACPI: Added _OSI(Linux-HPI-Hybrid-Graphics)
[    0.820880] ACPI: 5 ACPI AML tables successfully acquired and loaded
[    0.824420] ACPI: EC: EC started
[    0.824429] ACPI: EC: interrupt blocked
[    0.826774] ACPI: \: Used as first EC
[    0.826786] ACPI: \: GPE=0x3, EC_CMD/EC_SC=0x66, EC_DATA=0x62
[    0.826794] ACPI: EC: Boot ECDT EC used to handle transactions
[    0.832308] ACPI: [Firmware Bug]: BIOS _OSI(Linux) query ignored
[    0.837146] ACPI: Interpreter enabled
[    0.837232] ACPI: (supports S0 S3 S4 S5)
[    0.837242] ACPI: Using IOAPIC for interrupt routing
[    0.837362] PCI: MMCONFIG for domain 0000 [bus 00-ff] at [mem 0xe0000000-0xefffffff] (base 0xe0000000)
[    0.837539] PCI: MMCONFIG at [mem 0xe0000000-0xefffffff] reserved in ACPI motherboard resources
[    0.837622] PCI: Using host bridge windows from ACPI; if necessary, use "pci=nocrs" and report a bug
[    0.838454] ACPI: Enabled 3 GPEs in block 00 to 1F
[    0.860366] ACPI: PCI Root Bridge [PCI0] (domain 0000 [bus 00-ff])
[    0.860399] acpi PNP0A08:00: _OSC: OS supports [ExtendedConfig ASPM ClockPM Segments MSI]
[    0.861074] acpi PNP0A08:00: _OSC: platform does not support [LTR]
[    0.861708] acpi PNP0A08:00: _OSC: OS now controls [PME AER PCIeCapability]
[    0.861720] acpi PNP0A08:00: FADT indicates ASPM is unsupported, using BIOS configuration
[    0.862329] PCI host bridge to bus 0000:00
[    0.862344] pci_bus 0000:00: root bus resource [io  0x0000-0x03af window]
[    0.862355] pci_bus 0000:00: root bus resource [io  0x03e0-0x0cf7 window]
[    0.862365] pci_bus 0000:00: root bus resource [io  0x03b0-0x03df window]
[    0.862375] pci_bus 0000:00: root bus resource [io  0x0d00-0xffff window]
[    0.862386] pci_bus 0000:00: root bus resource [mem 0x000a0000-0x000bffff window]
[    0.862398] pci_bus 0000:00: root bus resource [mem 0x000c0000-0x000dffff window]
[    0.862410] pci_bus 0000:00: root bus resource [mem 0xc0000000-0xffffffff window]
[    0.862423] pci_bus 0000:00: root bus resource [bus 00-ff]
[    0.862450] pci 0000:00:00.0: [1022:1536] type 00 class 0x060000
[    0.862737] pci 0000:00:01.0: [1002:9839] type 00 class 0x030000
[    0.862770] pci 0000:00:01.0: reg 0x10: [mem 0xc0000000-0xcfffffff 64bit pref]
[    0.862787] pci 0000:00:01.0: reg 0x18: [mem 0xd0000000-0xd07fffff 64bit pref]
[    0.862798] pci 0000:00:01.0: reg 0x20: [io  0xf000-0xf0ff]
[    0.862810] pci 0000:00:01.0: reg 0x24: [mem 0xfeb00000-0xfeb3ffff]
[    0.862822] pci 0000:00:01.0: reg 0x30: [mem 0xfeb40000-0xfeb5ffff pref]
[    0.862830] pci 0000:00:01.0: enabling Extended Tags
[    0.862862] pci 0000:00:01.0: BAR 0: assigned to efifb
[    0.862919] pci 0000:00:01.0: supports D1 D2
[    0.862924] pci 0000:00:01.0: PME# supported from D1 D2 D3hot
[    0.863155] pci 0000:00:01.1: [1002:9840] type 00 class 0x040300
[    0.863184] pci 0000:00:01.1: reg 0x10: [mem 0xfeb64000-0xfeb67fff 64bit]
[    0.863217] pci 0000:00:01.1: enabling Extended Tags
[    0.863287] pci 0000:00:01.1: supports D1 D2
[    0.863482] pci 0000:00:02.0: [1022:1538] type 00 class 0x060000
[    0.863718] pci 0000:00:02.2: [1022:1439] type 01 class 0x060400
[    0.863780] pci 0000:00:02.2: enabling Extended Tags
[    0.863862] pci 0000:00:02.2: PME# supported from D0 D3hot D3cold
[    0.864098] pci 0000:00:02.3: [1022:1439] type 01 class 0x060400
[    0.864159] pci 0000:00:02.3: enabling Extended Tags
[    0.864239] pci 0000:00:02.3: PME# supported from D0 D3hot D3cold
[    0.864501] pci 0000:00:10.0: [1022:7814] type 00 class 0x0c0330
[    0.864538] pci 0000:00:10.0: reg 0x10: [mem 0xfeb68000-0xfeb69fff 64bit]
[    0.864671] pci 0000:00:10.0: PME# supported from D0 D3hot D3cold
[    0.864914] pci 0000:00:11.0: [1022:7801] type 00 class 0x010601
[    0.864944] pci 0000:00:11.0: reg 0x10: [io  0xf140-0xf147]
[    0.864957] pci 0000:00:11.0: reg 0x14: [io  0xf130-0xf133]
[    0.864970] pci 0000:00:11.0: reg 0x18: [io  0xf120-0xf127]
[    0.864983] pci 0000:00:11.0: reg 0x1c: [io  0xf110-0xf113]
[    0.864995] pci 0000:00:11.0: reg 0x20: [io  0xf100-0xf10f]
[    0.865008] pci 0000:00:11.0: reg 0x24: [mem 0xfeb6f000-0xfeb6f3ff]
[    0.865079] pci 0000:00:11.0: PME# supported from D3hot
[    0.865289] pci 0000:00:12.0: [1022:7807] type 00 class 0x0c0310
[    0.865310] pci 0000:00:12.0: reg 0x10: [mem 0xfeb6e000-0xfeb6efff]
[    0.865569] pci 0000:00:12.2: [1022:7808] type 00 class 0x0c0320
[    0.865597] pci 0000:00:12.2: reg 0x10: [mem 0xfeb6d000-0xfeb6d0ff]
[    0.865695] pci 0000:00:12.2: supports D1 D2
[    0.865700] pci 0000:00:12.2: PME# supported from D0 D1 D2 D3hot D3cold
[    0.865922] pci 0000:00:13.0: [1022:7807] type 00 class 0x0c0310
[    0.865943] pci 0000:00:13.0: reg 0x10: [mem 0xfeb6c000-0xfeb6cfff]
[    0.866200] pci 0000:00:13.2: [1022:7808] type 00 class 0x0c0320
[    0.866227] pci 0000:00:13.2: reg 0x10: [mem 0xfeb6b000-0xfeb6b0ff]
[    0.866325] pci 0000:00:13.2: supports D1 D2
[    0.866330] pci 0000:00:13.2: PME# supported from D0 D1 D2 D3hot D3cold
[    0.866540] pci 0000:00:14.0: [1022:780b] type 00 class 0x0c0500
[    0.866797] pci 0000:00:14.2: [1022:780d] type 00 class 0x040300
[    0.866828] pci 0000:00:14.2: reg 0x10: [mem 0xfeb60000-0xfeb63fff 64bit]
[    0.866912] pci 0000:00:14.2: PME# supported from D0 D3hot D3cold
[    0.867117] pci 0000:00:14.3: [1022:780e] type 00 class 0x060100
[    0.867396] pci 0000:00:14.7: [1022:7813] type 00 class 0x080501
[    0.867422] pci 0000:00:14.7: reg 0x10: [mem 0xfeb6a000-0xfeb6a0ff 64bit]
[    0.867645] pci 0000:00:18.0: [1022:1530] type 00 class 0x060000
[    0.867883] pci 0000:00:18.1: [1022:1531] type 00 class 0x060000
[    0.868090] pci 0000:00:18.2: [1022:1532] type 00 class 0x060000
[    0.868296] pci 0000:00:18.3: [1022:1533] type 00 class 0x060000
[    0.868515] pci 0000:00:18.4: [1022:1534] type 00 class 0x060000
[    0.868720] pci 0000:00:18.5: [1022:1535] type 00 class 0x060000
[    0.869074] pci 0000:01:00.0: [168c:0032] type 00 class 0x028000
[    0.869131] pci 0000:01:00.0: reg 0x10: [mem 0xfea00000-0xfea7ffff 64bit]
[    0.869194] pci 0000:01:00.0: reg 0x30: [mem 0xfea80000-0xfea8ffff pref]
[    0.869328] pci 0000:01:00.0: supports D1 D2
[    0.869332] pci 0000:01:00.0: PME# supported from D0 D1 D2 D3hot D3cold
[    0.869591] pci 0000:00:02.2: PCI bridge to [bus 01]
[    0.869612] pci 0000:00:02.2:   bridge window [mem 0xfea00000-0xfeafffff]
[    0.869747] pci 0000:02:00.0: [10ec:8136] type 00 class 0x020000
[    0.869802] pci 0000:02:00.0: reg 0x10: [io  0xe000-0xe0ff]
[    0.869841] pci 0000:02:00.0: reg 0x18: [mem 0xd0804000-0xd0804fff 64bit pref]
[    0.869868] pci 0000:02:00.0: reg 0x20: [mem 0xd0800000-0xd0803fff 64bit pref]
[    0.870032] pci 0000:02:00.0: supports D1 D2
[    0.870036] pci 0000:02:00.0: PME# supported from D0 D1 D2 D3hot D3cold
[    0.870303] pci 0000:00:02.3: PCI bridge to [bus 02]
[    0.870320] pci 0000:00:02.3:   bridge window [io  0xe000-0xefff]
[    0.870332] pci 0000:00:02.3:   bridge window [mem 0xd0800000-0xd08fffff 64bit pref]
[    0.871957] ACPI: PCI Interrupt Link [LNKA] (IRQs 4 7 10 11 14 15) *0
[    0.872210] ACPI: PCI Interrupt Link [LNKB] (IRQs 4 7 10 11 14 15) *0
[    0.872463] ACPI: PCI Interrupt Link [LNKC] (IRQs 4 7 10 11 14 15) *0
[    0.872713] ACPI: PCI Interrupt Link [LNKD] (IRQs 4 7 10 11 14 15) *0
[    0.872925] ACPI: PCI Interrupt Link [LNKE] (IRQs 4 7 10 11 14 15) *0
[    0.873100] ACPI: PCI Interrupt Link [LNKF] (IRQs 4 7 10 11 14 15) *0
[    0.873274] ACPI: PCI Interrupt Link [LNKG] (IRQs 4 7 10 11 14 15) *0
[    0.873446] ACPI: PCI Interrupt Link [LNKH] (IRQs 4 7 10 11 14 15) *0
[    0.874518] ACPI: EC: interrupt unblocked
[    0.874539] ACPI: EC: event unblocked
[    0.874558] ACPI: \_SB_.PCI0.SBRG.EC0_: GPE=0x3, EC_CMD/EC_SC=0x66, EC_DATA=0x62
[    0.874570] ACPI: \_SB_.PCI0.SBRG.EC0_: Boot DSDT EC used to handle transactions and events
[    0.874875] pci 0000:00:01.0: vgaarb: setting as boot VGA device
[    0.874889] pci 0000:00:01.0: vgaarb: VGA device added: decodes=io+mem,owns=io+mem,locks=none
[    0.874916] pci 0000:00:01.0: vgaarb: bridge control possible
[    0.874924] vgaarb: loaded
[    0.875211] SCSI subsystem initialized
[    0.875398] libata version 3.00 loaded.
[    0.875495] ACPI: bus type USB registered
[    0.875569] usbcore: registered new interface driver usbfs
[    0.875606] usbcore: registered new interface driver hub
[    0.875662] usbcore: registered new device driver usb
[    0.875735] pps_core: LinuxPPS API ver. 1 registered
[    0.875744] pps_core: Software ver. 5.3.6 - Copyright 2005-2007 Rodolfo Giometti <giometti@linux.it>
[    0.875767] PTP clock support registered
[    0.876180] EDAC MC: Ver: 3.0.0
[    0.876403] Registered efivars operations
[    0.877926] Advanced Linux Sound Architecture Driver Initialized.
[    0.878010] PCI: Using ACPI for IRQ routing
[    0.887745] PCI: pci_cache_line_size set to 64 bytes
[    0.887745] e820: reserve RAM buffer [mem 0x9d0f8000-0x9fffffff]
[    0.887745] e820: reserve RAM buffer [mem 0x9d371000-0x9fffffff]
[    0.887745] e820: reserve RAM buffer [mem 0x9e9cc000-0x9fffffff]
[    0.887745] e820: reserve RAM buffer [mem 0x9eb25000-0x9fffffff]
[    0.887745] e820: reserve RAM buffer [mem 0x9f081000-0x9fffffff]
[    0.887745] e820: reserve RAM buffer [mem 0x9f400000-0x9fffffff]
[    0.887745] e820: reserve RAM buffer [mem 0x13f000000-0x13fffffff]
[    0.887825] NetLabel: Initializing
[    0.887825] NetLabel:  domain hash size = 128
[    0.887825] NetLabel:  protocols = UNLABELED CIPSOv4 CALIPSO
[    0.887825] NetLabel:  unlabeled traffic allowed by default
[    0.888358] hpet0: at MMIO 0xfed00000, IRQs 2, 8, 0
[    0.888378] hpet0: 3 comparators, 32-bit 14.318180 MHz counter
[    0.890523] clocksource: Switched to clocksource tsc-early
[    0.934931] VFS: Disk quotas dquot_6.6.0
[    0.935064] VFS: Dquot-cache hash table entries: 512 (order 0, 4096 bytes)
[    0.935144] *** VALIDATE hugetlbfs ***
[    0.935245] pnp: PnP ACPI init
[    0.935654] system 00:00: [mem 0xe0000000-0xefffffff] has been reserved
[    0.935693] system 00:00: Plug and Play ACPI device, IDs PNP0c01 (active)
[    0.935905] system 00:01: [mem 0xa0000000-0xbfffffff] has been reserved
[    0.935935] system 00:01: Plug and Play ACPI device, IDs PNP0c02 (active)
[    0.936116] system 00:02: Plug and Play ACPI device, IDs PNP0c02 (active)
[    0.936214] pnp 00:03: Plug and Play ACPI device, IDs PNP0b00 (active)
[    0.936403] system 00:04: [io  0x04d0-0x04d1] has been reserved
[    0.936434] system 00:04: Plug and Play ACPI device, IDs PNP0c02 (active)
[    0.936655] pnp 00:05: Plug and Play ACPI device, IDs ETD0108 SYN0a00 SYN0002 PNP0f03 PNP0f13 PNP0f12 (active)
[    0.936792] pnp 00:06: Plug and Play ACPI device, IDs ATK3001 PNP030b (active)
[    0.937587] system 00:07: [io  0x04d0-0x04d1] has been reserved
[    0.937601] system 00:07: [io  0x040b] has been reserved
[    0.937611] system 00:07: [io  0x04d6] has been reserved
[    0.937622] system 00:07: [io  0x0c00-0x0c01] has been reserved
[    0.937632] system 00:07: [io  0x0c14] has been reserved
[    0.937643] system 00:07: [io  0x0c50-0x0c51] has been reserved
[    0.937653] system 00:07: [io  0x0c52] has been reserved
[    0.937663] system 00:07: [io  0x0c6c] has been reserved
[    0.937673] system 00:07: [io  0x0c6f] has been reserved
[    0.937683] system 00:07: [io  0x0cd0-0x0cd1] has been reserved
[    0.937693] system 00:07: [io  0x0cd2-0x0cd3] has been reserved
[    0.937703] system 00:07: [io  0x0cd4-0x0cd5] has been reserved
[    0.937714] system 00:07: [io  0x0cd6-0x0cd7] has been reserved
[    0.937724] system 00:07: [io  0x0cd8-0x0cdf] has been reserved
[    0.937734] system 00:07: [io  0x0800-0x089f] has been reserved
[    0.937744] system 00:07: [io  0x0900-0x090f] has been reserved
[    0.937754] system 00:07: [io  0x0910-0x091f] has been reserved
[    0.937765] system 00:07: [io  0xfe00-0xfefe] has been reserved
[    0.937778] system 00:07: [mem 0xfec00000-0xfec00fff] could not be reserved
[    0.937790] system 00:07: [mem 0xfee00000-0xfee00fff] has been reserved
[    0.937801] system 00:07: [mem 0xfed80000-0xfed8ffff] has been reserved
[    0.937812] system 00:07: [mem 0xfed61000-0xfed70fff] has been reserved
[    0.937823] system 00:07: [mem 0xfec10000-0xfec10fff] has been reserved
[    0.937835] system 00:07: [mem 0xfed00000-0xfed00fff] could not be reserved
[    0.937847] system 00:07: [mem 0xff000000-0xffffffff] has been reserved
[    0.937873] system 00:07: Plug and Play ACPI device, IDs PNP0c02 (active)
[    0.938767] pnp: PnP ACPI: found 8 devices
[    0.948904] clocksource: acpi_pm: mask: 0xffffff max_cycles: 0xffffff, max_idle_ns: 2085701024 ns
[    0.948970] pci 0000:00:02.2: PCI bridge to [bus 01]
[    0.948989] pci 0000:00:02.2:   bridge window [mem 0xfea00000-0xfeafffff]
[    0.949007] pci 0000:00:02.3: PCI bridge to [bus 02]
[    0.949020] pci 0000:00:02.3:   bridge window [io  0xe000-0xefff]
[    0.949036] pci 0000:00:02.3:   bridge window [mem 0xd0800000-0xd08fffff 64bit pref]
[    0.949060] pci_bus 0000:00: resource 4 [io  0x0000-0x03af window]
[    0.949065] pci_bus 0000:00: resource 5 [io  0x03e0-0x0cf7 window]
[    0.949069] pci_bus 0000:00: resource 6 [io  0x03b0-0x03df window]
[    0.949074] pci_bus 0000:00: resource 7 [io  0x0d00-0xffff window]
[    0.949079] pci_bus 0000:00: resource 8 [mem 0x000a0000-0x000bffff window]
[    0.949083] pci_bus 0000:00: resource 9 [mem 0x000c0000-0x000dffff window]
[    0.949088] pci_bus 0000:00: resource 10 [mem 0xc0000000-0xffffffff window]
[    0.949093] pci_bus 0000:01: resource 1 [mem 0xfea00000-0xfeafffff]
[    0.949098] pci_bus 0000:02: resource 0 [io  0xe000-0xefff]
[    0.949102] pci_bus 0000:02: resource 2 [mem 0xd0800000-0xd08fffff 64bit pref]
[    0.949366] NET: Registered protocol family 2
[    0.949894] tcp_listen_portaddr_hash hash table entries: 2048 (order: 3, 32768 bytes)
[    0.949954] TCP established hash table entries: 32768 (order: 6, 262144 bytes)
[    0.950183] TCP bind hash table entries: 32768 (order: 7, 524288 bytes)
[    0.950431] TCP: Hash tables configured (established 32768 bind 32768)
[    0.950586] UDP hash table entries: 2048 (order: 4, 65536 bytes)
[    0.950643] UDP-Lite hash table entries: 2048 (order: 4, 65536 bytes)
[    0.950825] NET: Registered protocol family 1
[    0.951252] RPC: Registered named UNIX socket transport module.
[    0.951263] RPC: Registered udp transport module.
[    0.951270] RPC: Registered tcp transport module.
[    0.951277] RPC: Registered tcp NFSv4.1 backchannel transport module.
[    0.951655] pci 0000:00:01.0: Video device with shadowed ROM at [mem 0x000c0000-0x000dffff]
[    0.952228] pci 0000:00:12.0: enabling device (0000 -> 0002)
[    0.952843] pci 0000:00:12.2: PME# does not work under D3, disabling it
[    0.952866] pci 0000:00:13.0: enabling device (0000 -> 0002)
[    0.953465] pci 0000:00:13.2: PME# does not work under D3, disabling it
[    0.953550] PCI: CLS 64 bytes, default 64
[    0.953670] PCI-DMA: Using software bounce buffering for IO (SWIOTLB)
[    0.953683] software IO TLB: mapped [mem 0x97989000-0x9b989000] (64MB)
[    0.953881] amd_uncore: AMD NB counters detected
[    0.953897] amd_uncore: AMD LLC counters detected
[    0.954014] LVT offset 0 assigned for vector 0x400
[    0.954069] perf: AMD IBS detected (0x000000ff)
[    0.954089] kvm: no hardware support
[    0.954194] kvm: Nested Virtualization enabled
[    0.954207] kvm: Nested Paging enabled
[    0.955269] check: Scanning for low memory corruption every 60 seconds
[    0.957653] Initialise system trusted keyrings
[    0.958100] workingset: timestamp_bits=56 max_order=20 bucket_order=0
[    0.967193] fuse init (API version 7.29)
[    0.972582] Key type asymmetric registered
[    0.972601] Asymmetric key parser 'x509' registered
[    0.972654] Block layer SCSI generic (bsg) driver version 0.4 loaded (major 249)
[    0.972668] io scheduler mq-deadline registered
[    0.972676] io scheduler kyber registered
[    0.973487] pcieport 0000:00:02.2: Signaling PME with IRQ 25
[    0.974118] pcieport 0000:00:02.3: Signaling PME with IRQ 27
[    0.974843] uvesafb: failed to execute /sbin/v86d
[    0.974855] uvesafb: make sure that the v86d helper is installed and executable
[    0.974866] uvesafb: Getting VBE info block failed (eax=0x4f00, err=-2)
[    0.974874] uvesafb: vbe_init() failed with -22
[    0.974889] uvesafb: probe of uvesafb.0 failed with error -22
[    0.974947] efifb: probing for efifb
[    0.974989] efifb: framebuffer at 0xc0000000, using 4224k, total 4224k
[    0.974999] efifb: mode is 1366x768x32, linelength=5632, pages=1
[    0.975006] efifb: scrolling: redraw
[    0.975014] efifb: Truecolor: size=8:8:8:8, shift=24:16:8:0
[    0.985602] Console: switching to colour frame buffer device 170x48
[    0.994947] fb0: EFI VGA frame buffer device
[    0.995998] ACPI: AC Adapter [AC0] (off-line)
[    0.996273] input: Power Button as /devices/LNXSYSTM:00/LNXSYBUS:00/PNP0C0C:00/input/input0
[    0.996428] ACPI: Power Button [PWRB]
[    0.996617] input: Lid Switch as /devices/LNXSYSTM:00/LNXSYBUS:00/PNP0C0D:00/input/input1
[    0.996761] ACPI: Lid Switch [LID]
[    0.996926] input: Sleep Button as /devices/LNXSYSTM:00/LNXSYBUS:00/PNP0C0E:00/input/input2
[    0.997092] ACPI: Sleep Button [SLPB]
[    0.997268] input: Power Button as /devices/LNXSYSTM:00/LNXPWRBN:00/input/input3
[    0.997406] ACPI: Power Button [PWRF]
[    1.000543] thermal LNXTHERM:00: registered as thermal_zone0
[    1.000646] ACPI: Thermal Zone [THRM] (41 C)
[    1.000949] Serial: 8250/16550 driver, 4 ports, IRQ sharing enabled
[    1.002467] Non-volatile memory driver v1.3
[    1.002632] Linux agpgart interface v0.103
[    1.013245] loop: module loaded
[    1.013653] ahci 0000:00:11.0: version 3.0
[    1.014099] ahci 0000:00:11.0: AHCI 0001.0300 32 slots 2 ports 6 Gbps 0x3 impl SATA mode
[    1.014238] ahci 0000:00:11.0: flags: 64bit ncq sntf ilck pm led clo pmp pio slum part 
[    1.018333] scsi host0: ahci
[    1.022123] scsi host1: ahci
[    1.025445] ata1: SATA max UDMA/133 abar m1024@0xfeb6f000 port 0xfeb6f100 irq 28
[    1.028608] ata2: SATA max UDMA/133 abar m1024@0xfeb6f000 port 0xfeb6f180 irq 28
[    1.032184] tun: Universal TUN/TAP device driver, 1.6
[    1.035534] e1000: Intel(R) PRO/1000 Network Driver - version 7.3.21-k8-NAPI
[    1.038696] e1000: Copyright (c) 1999-2006 Intel Corporation.
[    1.041899] e1000e: Intel(R) PRO/1000 Network Driver - 3.2.6-k
[    1.045004] e1000e: Copyright(c) 1999 - 2015 Intel Corporation.
[    1.048167] sky2: driver version 1.30
[    1.052649] libphy: r8169: probed
[    1.056054] r8169 0000:02:00.0 eth0: RTL8105e, 74:d0:2b:a3:a6:42, XID 40a, IRQ 30
[    1.059420] ath9k 0000:01:00.0: enabling device (0000 -> 0002)
[    1.062929] ath: phy0: Disable PLL PowerSave
[    1.073529] ath: phy0: ASPM enabled: 0x442
[    1.076644] ath: EEPROM regdomain: 0x60
[    1.076645] ath: EEPROM indicates we should expect a direct regpair map
[    1.076651] ath: Country alpha2 being used: 00
[    1.076652] ath: Regpair used: 0x60
[    1.079088] ieee80211 phy0: Selected rate control algorithm 'minstrel_ht'
[    1.079683] ieee80211 phy0: Atheros AR9485 Rev:1 mem=0xffffbb1402480000, irq=31
[    1.083266] ehci_hcd: USB 2.0 'Enhanced' Host Controller (EHCI) Driver
[    1.086448] ehci-pci: EHCI PCI platform driver
[    1.089917] ehci-pci 0000:00:12.2: EHCI Host Controller
[    1.093274] ehci-pci 0000:00:12.2: new USB bus registered, assigned bus number 1
[    1.096476] ehci-pci 0000:00:12.2: applying AMD SB700/SB800/Hudson-2/3 EHCI dummy qh workaround
[    1.099709] ehci-pci 0000:00:12.2: debug port 1
[    1.102983] ehci-pci 0000:00:12.2: irq 17, io mem 0xfeb6d000
[    1.131517] ehci-pci 0000:00:12.2: USB 2.0 started, EHCI 1.00
[    1.134824] usb usb1: New USB device found, idVendor=1d6b, idProduct=0002, bcdDevice= 5.00
[    1.138041] usb usb1: New USB device strings: Mfr=3, Product=2, SerialNumber=1
[    1.141267] usb usb1: Product: EHCI Host Controller
[    1.144465] usb usb1: Manufacturer: Linux 5.0.0+ ehci_hcd
[    1.147584] usb usb1: SerialNumber: 0000:00:12.2
[    1.151069] hub 1-0:1.0: USB hub found
[    1.154100] hub 1-0:1.0: 4 ports detected
[    1.159343] ehci-pci 0000:00:13.2: EHCI Host Controller
[    1.162422] ehci-pci 0000:00:13.2: new USB bus registered, assigned bus number 2
[    1.165331] ehci-pci 0000:00:13.2: applying AMD SB700/SB800/Hudson-2/3 EHCI dummy qh workaround
[    1.168248] ehci-pci 0000:00:13.2: debug port 1
[    1.171156] ehci-pci 0000:00:13.2: irq 17, io mem 0xfeb6b000
[    1.201522] ehci-pci 0000:00:13.2: USB 2.0 started, EHCI 1.00
[    1.204520] usb usb2: New USB device found, idVendor=1d6b, idProduct=0002, bcdDevice= 5.00
[    1.207404] usb usb2: New USB device strings: Mfr=3, Product=2, SerialNumber=1
[    1.210297] usb usb2: Product: EHCI Host Controller
[    1.213201] usb usb2: Manufacturer: Linux 5.0.0+ ehci_hcd
[    1.216054] usb usb2: SerialNumber: 0000:00:13.2
[    1.219302] hub 2-0:1.0: USB hub found
[    1.222113] hub 2-0:1.0: 4 ports detected
[    1.227044] ohci_hcd: USB 1.1 'Open' Host Controller (OHCI) Driver
[    1.229866] ohci-pci: OHCI PCI platform driver
[    1.232978] ohci-pci 0000:00:12.0: OHCI PCI host controller
[    1.235940] ohci-pci 0000:00:12.0: new USB bus registered, assigned bus number 3
[    1.238835] ohci-pci 0000:00:12.0: irq 18, io mem 0xfeb6e000
[    1.267049] battery: ACPI: Battery Slot [BAT0] (battery present)
[    1.270118] kworker/u8:0 (1423) used greatest stack depth: 13984 bytes left
[    1.315686] usb usb3: New USB device found, idVendor=1d6b, idProduct=0001, bcdDevice= 5.00
[    1.318599] usb usb3: New USB device strings: Mfr=3, Product=2, SerialNumber=1
[    1.321500] usb usb3: Product: OHCI PCI host controller
[    1.324359] usb usb3: Manufacturer: Linux 5.0.0+ ohci_hcd
[    1.327221] usb usb3: SerialNumber: 0000:00:12.0
[    1.330537] hub 3-0:1.0: USB hub found
[    1.333380] hub 3-0:1.0: 4 ports detected
[    1.338453] ohci-pci 0000:00:13.0: OHCI PCI host controller
[    1.341414] ohci-pci 0000:00:13.0: new USB bus registered, assigned bus number 4
[    1.344253] ohci-pci 0000:00:13.0: irq 18, io mem 0xfeb6c000
[    1.365155] ata2: SATA link down (SStatus 0 SControl 300)
[    1.419271] usb usb4: New USB device found, idVendor=1d6b, idProduct=0001, bcdDevice= 5.00
[    1.422125] usb usb4: New USB device strings: Mfr=3, Product=2, SerialNumber=1
[    1.424929] usb usb4: Product: OHCI PCI host controller
[    1.427749] usb usb4: Manufacturer: Linux 5.0.0+ ohci_hcd
[    1.430569] usb usb4: SerialNumber: 0000:00:13.0
[    1.433894] hub 4-0:1.0: USB hub found
[    1.436662] hub 4-0:1.0: 4 ports detected
[    1.441487] uhci_hcd: USB Universal Host Controller Interface driver
[    1.444347] usbcore: registered new interface driver usblp
[    1.447298] usbcore: registered new interface driver usb-storage
[    1.450105] usbcore: registered new interface driver ch341
[    1.452844] usbserial: USB Serial support registered for ch341-uart
[    1.455714] i8042: PNP: PS/2 Controller [PNP030b:PS2K,PNP0f03:PS2M] at 0x60,0x64 irq 1,12
[    1.460236] i8042: Detected active multiplexing controller, rev 1.1
[    1.463750] serio: i8042 KBD port at 0x60,0x64 irq 1
[    1.466526] serio: i8042 AUX0 port at 0x60,0x64 irq 12
[    1.469380] serio: i8042 AUX1 port at 0x60,0x64 irq 12
[    1.472193] serio: i8042 AUX2 port at 0x60,0x64 irq 12
[    1.474915] serio: i8042 AUX3 port at 0x60,0x64 irq 12
[    1.477913] mousedev: PS/2 mouse device common for all mice
[    1.481214] rtc_cmos 00:03: RTC can wake from S4
[    1.484090] rtc_cmos 00:03: registered as rtc0
[    1.486737] rtc_cmos 00:03: alarms up to one month, y3k, 114 bytes nvram, hpet irqs
[    1.489855] device-mapper: ioctl: 4.40.0-ioctl (2019-01-18) initialised: dm-devel@redhat.com
[    1.492701] intel_pstate: CPU ID not supported
[    1.495427] EFI Variables Facility v0.08 2004-May-17
[    1.506713] hidraw: raw HID events driver (C) Jiri Kosina
[    1.510383] usbcore: registered new interface driver usbhid
[    1.513147] usbhid: USB HID core driver
[    1.519474] snd_hda_intel 0000:00:01.1: enabling device (0000 -> 0002)
[    1.522556] snd_hda_intel 0000:00:01.1: Force to non-snoop mode
[    1.527626] Initializing XFRM netlink socket
[    1.530441] input: AT Translated Set 2 keyboard as /devices/platform/i8042/serio0/input/input4
[    1.532067] NET: Registered protocol family 10
[    1.537511] Segment Routing with IPv6
[    1.540377] sit: IPv6, IPv4 and MPLS over IPv4 tunneling driver
[    1.543683] NET: Registered protocol family 17
[    1.547665] microcode: CPU0: patch_level=0x0700010b
[    1.550448] microcode: CPU1: patch_level=0x0700010b
[    1.551384] ata1: SATA link up 6.0 Gbps (SStatus 133 SControl 300)
[    1.555604] snd_hda_codec_generic hdaudioC0D0: autoconfig for Generic: line_outs=0 (0x0/0x0/0x0/0x0/0x0) type:line
[    1.556667] microcode: Microcode Update Driver: v2.2.
[    1.556706] sched_clock: Marking stable (1549659448, 1659783)->(1677717129, -126397898)
[    1.558760] snd_hda_codec_generic hdaudioC0D0:    speaker_outs=0 (0x0/0x0/0x0/0x0/0x0)
[    1.562201] registered taskstats version 1
[    1.564481] snd_hda_codec_generic hdaudioC0D0:    hp_outs=0 (0x0/0x0/0x0/0x0/0x0)
[    1.564485] snd_hda_codec_generic hdaudioC0D0:    mono: mono_out=0x0
[    1.564489] snd_hda_codec_generic hdaudioC0D0:    dig-out=0x3/0x0
[    1.564492] snd_hda_codec_generic hdaudioC0D0:    inputs:
[    1.573861] input: HDA ATI HDMI HDMI as /devices/pci0000:00/0000:00:01.1/sound/card0/input6
[    1.576182] Loading compiled-in X.509 certificates
[    1.576415] ata1.00: ATA-8: KINGSTON SV300S37A120G, 603ABBF0, max UDMA/133
[    1.590963] ata1.00: 234441648 sectors, multi 1: LBA48 NCQ (depth 32), AA
[    1.594823] random: fast init done
[    1.598951] acpi_cpufreq: overriding BIOS provided _PSD data
[    1.602599] cfg80211: Loading compiled-in X.509 certificates for regulatory database
[    1.606876] snd_hda_codec_realtek hdaudioC1D0: autoconfig for ALC3229: line_outs=1 (0x14/0x0/0x0/0x0/0x0) type:speaker
[    1.607471] cfg80211: Loaded X.509 cert 'sforshee: 00b28ddf47aef9cea7'
[    1.610059] snd_hda_codec_realtek hdaudioC1D0:    speaker_outs=0 (0x0/0x0/0x0/0x0/0x0)
[    1.610065] snd_hda_codec_realtek hdaudioC1D0:    hp_outs=1 (0x21/0x0/0x0/0x0/0x0)
[    1.610068] snd_hda_codec_realtek hdaudioC1D0:    mono: mono_out=0x0
[    1.610071] snd_hda_codec_realtek hdaudioC1D0:    inputs:
[    1.610077] snd_hda_codec_realtek hdaudioC1D0:      Mic=0x19
[    1.613435] platform regulatory.0: Direct firmware load for regulatory.db failed with error -2
[    1.633309] ata1.00: configured for UDMA/133
[    1.636678] ALSA device list:
[    1.637059] scsi 0:0:0:0: Direct-Access     ATA      KINGSTON SV300S3 BBF0 PQ: 0 ANSI: 5
[    1.639950]   #0: HDA ATI HDMI at 0xfeb64000 irq 33
[    1.646708] cfg80211: failed to load regulatory.db
[    1.650930] sd 0:0:0:0: [sda] 234441648 512-byte logical blocks: (120 GB/112 GiB)
[    1.654408] sd 0:0:0:0: [sda] Write Protect is off
[    1.657763] sd 0:0:0:0: [sda] Mode Sense: 00 3a 00 00
[    1.658125] sd 0:0:0:0: [sda] Write cache: enabled, read cache: enabled, doesn't support DPO or FUA
[    1.661649] sd 0:0:0:0: Attached scsi generic sg0 type 0
[    1.665403] sd 0:0:0:0: [sda] Optimal transfer size 0 bytes < PAGE_SIZE (4096 bytes)
[    1.671382]  sda: sda1 sda2 sda3 sda4 sda5 sda6
[    1.677189] sd 0:0:0:0: [sda] Attached SCSI disk
[    1.687866] input: HD-Audio Generic Headphone as /devices/pci0000:00/0000:00:14.2/sound/card1/input11
[    1.697356] md: Waiting for all devices to be available before autodetect
[    1.700863] md: If you don't use raid, use raid=noautodetect
[    1.907952] usb 4-1: new full-speed USB device number 2 using ohci-pci
[    2.027952] tsc: Refined TSC clocksource calibration: 998.128 MHz
[    2.027966] clocksource: tsc: mask: 0xffffffffffffffff max_cycles: 0x1cc65d64e77, max_idle_ns: 881590512558 ns
[    2.035250] clocksource: Switched to clocksource tsc
[    2.193704] usb 4-1: New USB device found, idVendor=03eb, idProduct=843d, bcdDevice=20.01
[    2.197334] usb 4-1: New USB device strings: Mfr=1, Product=2, SerialNumber=0
[    2.200915] usb 4-1: Product: Atmel maXTouch Digitizer
[    2.204416] usb 4-1: Manufacturer: Atmel
[    2.223857] input: Atmel Atmel maXTouch Digitizer Touchscreen as /devices/pci0000:00/0000:00:13.0/usb4/4-1/4-1:1.0/0003:03EB:843D.0001/input/input15
[    2.227894] input: Atmel Atmel maXTouch Digitizer as /devices/pci0000:00/0000:00:13.0/usb4/4-1/4-1:1.0/0003:03EB:843D.0001/input/input16
[    2.232084] hid-generic 0003:03EB:843D.0001: input,hiddev96,hidraw0: USB HID v1.11 Device [Atmel Atmel maXTouch Digitizer] on usb-0000:00:13.0-1/input0
[    2.244630] hid-generic 0003:03EB:843D.0002: hiddev97,hidraw1: USB HID v1.11 Device [Atmel Atmel maXTouch Digitizer] on usb-0000:00:13.0-1/input1
[    2.360754] input: PS/2 Logitech Wheel Mouse as /devices/platform/i8042/serio4/input/input14
[    2.368370] md: Autodetecting RAID arrays.
[    2.372323] md: autorun ...
[    2.376184] md: ... autorun DONE.
[    2.385238] EXT4-fs (sda2): mounted filesystem with ordered data mode. Opts: (null)
[    2.389227] VFS: Mounted root (ext4 filesystem) readonly on device 8:2.
[    2.394669] devtmpfs: mounted
[    2.399374] Freeing unused kernel image memory: 1256K
[    2.437950] Write protecting the kernel read-only data: 22528k
[    2.443364] Freeing unused kernel image memory: 1984K
[    2.448360] Freeing unused kernel image memory: 1744K
[    2.452069] Run /sbin/init as init process
[    2.498698] stty (1781) used greatest stack depth: 13832 bytes left
[    2.562825] mountpoint (1788) used greatest stack depth: 13792 bytes left
[    2.584954] sed (1795) used greatest stack depth: 13256 bytes left
[    2.726203] ip (1839) used greatest stack depth: 12792 bytes left
[    2.814602] udevd[1869]: starting version 3.2.1
[    2.825067] random: udevd: uninitialized urandom read (16 bytes read)
[    2.829692] random: udevd: uninitialized urandom read (16 bytes read)
[    2.834116] random: udevd: uninitialized urandom read (16 bytes read)
[    2.851292] udevd[1870]: starting eudev-3.2.1
[    2.937815] usb 4-2: new full-speed USB device number 3 using ohci-pci
[    3.133996] r8169 0000:02:00.0 enp2s0: renamed from eth0
[    3.193906] [drm] radeon kernel modesetting enabled.
[    3.199242] checking generic (c0000000 420000) vs hw (c0000000 10000000)
[    3.199247] fb0: switching to radeondrmfb from EFI VGA
[    3.208742] Console: switching to colour dummy device 80x25
[    3.209200] radeon 0000:00:01.0: vgaarb: deactivate vga console
[    3.212839] [drm] initializing kernel modesetting (KABINI 0x1002:0x9839 0x1043:0x141D 0x00).
[    3.212909] [drm] doorbell mmio base: 0xD0000000
[    3.212917] [drm] doorbell mmio size: 8388608
[    3.212949] ATOM BIOS: AMD
[    3.213023] [drm] Changing default dispclk from 400Mhz to 600Mhz
[    3.213059] radeon 0000:00:01.0: VRAM: 512M 0x0000000000000000 - 0x000000001FFFFFFF (512M used)
[    3.213074] radeon 0000:00:01.0: GTT: 2048M 0x0000000020000000 - 0x000000009FFFFFFF
[    3.213092] [drm] Detected VRAM RAM=512M, BAR=256M
[    3.213100] [drm] RAM width 128bits DDR
[    3.216806] [TTM] Zone  kernel: Available graphics memory: 1729582 kiB
[    3.216869] [TTM] Initializing pool allocator
[    3.220574] usb 4-2: New USB device found, idVendor=13d3, idProduct=3362, bcdDevice= 0.01
[    3.220600] usb 4-2: New USB device strings: Mfr=1, Product=2, SerialNumber=3
[    3.220612] usb 4-2: Product: Bluetooth USB Host Controller
[    3.220622] usb 4-2: Manufacturer: Atheros Communications
[    3.220631] usb 4-2: SerialNumber: Alaska Day 2006
[    3.220819] ath9k 0000:01:00.0 wlp1s0: renamed from wlan0
[    3.225810] [TTM] Initializing DMA pool allocator
[    3.225906] [drm] radeon: 512M of VRAM memory ready
[    3.225917] [drm] radeon: 2048M of GTT memory ready.
[    3.225965] [drm] Loading kabini Microcode
[    3.247455] [drm] Internal thermal controller without fan control
[    3.248287] [drm] radeon: dpm initialized
[    3.252147] [drm] Found UVD firmware Version: 1.64 Family ID: 9
[    3.258903] [drm] Found VCE firmware/feedback version 40.2.2 / 15!
[    3.262303] [drm] GART: num cpu pages 524288, num gpu pages 524288
[    3.337480] [drm] PCIE GART of 2048M enabled (table at 0x000000000030E000).
[    3.337784] radeon 0000:00:01.0: WB enabled
[    3.337830] radeon 0000:00:01.0: fence driver on ring 0 use gpu addr 0x0000000020000c00 and cpu addr 0x(____ptrval____)
[    3.337847] radeon 0000:00:01.0: fence driver on ring 1 use gpu addr 0x0000000020000c04 and cpu addr 0x(____ptrval____)
[    3.337861] radeon 0000:00:01.0: fence driver on ring 2 use gpu addr 0x0000000020000c08 and cpu addr 0x(____ptrval____)
[    3.337875] radeon 0000:00:01.0: fence driver on ring 3 use gpu addr 0x0000000020000c0c and cpu addr 0x(____ptrval____)
[    3.337888] radeon 0000:00:01.0: fence driver on ring 4 use gpu addr 0x0000000020000c10 and cpu addr 0x(____ptrval____)
[    3.338816] radeon 0000:00:01.0: fence driver on ring 5 use gpu addr 0x0000000000078d30 and cpu addr 0x(____ptrval____)
[    3.339218] radeon 0000:00:01.0: fence driver on ring 6 use gpu addr 0x0000000020000c18 and cpu addr 0x(____ptrval____)
[    3.339236] radeon 0000:00:01.0: fence driver on ring 7 use gpu addr 0x0000000020000c1c and cpu addr 0x(____ptrval____)
[    3.339250] [drm] Supports vblank timestamp caching Rev 2 (21.10.2013).
[    3.339258] [drm] Driver supports precise vblank timestamp query.
[    3.339368] radeon 0000:00:01.0: radeon: using MSI.
[    3.339432] [drm] radeon: irq initialized.
[    3.343308] [drm] ring test on 0 succeeded in 3 usecs
[    3.343424] [drm] ring test on 1 succeeded in 3 usecs
[    3.343463] [drm] ring test on 2 succeeded in 4 usecs
[    3.343792] [drm] ring test on 3 succeeded in 6 usecs
[    3.343810] [drm] ring test on 4 succeeded in 6 usecs
[    3.398221] [drm] ring test on 5 succeeded in 2 usecs
[    3.418303] [drm] UVD initialized successfully.
[    3.566894] [drm] ring test on 6 succeeded in 20 usecs
[    3.566929] [drm] ring test on 7 succeeded in 4 usecs
[    3.566936] [drm] VCE initialized successfully.
[    3.568617] [drm] ib test on ring 0 succeeded in 0 usecs
[    3.568901] [drm] ib test on ring 1 succeeded in 0 usecs
[    3.570003] [drm] ib test on ring 2 succeeded in 0 usecs
[    3.570289] [drm] ib test on ring 3 succeeded in 0 usecs
[    3.570563] [drm] ib test on ring 4 succeeded in 0 usecs
[    3.607853] usb 2-3: new high-speed USB device number 4 using ehci-pci
[    3.840931] usb 2-3: New USB device found, idVendor=04f2, idProduct=b404, bcdDevice=69.63
[    3.840955] usb 2-3: New USB device strings: Mfr=3, Product=1, SerialNumber=2
[    3.840966] usb 2-3: Product: USB2.0 HD UVC WebCam
[    3.840976] usb 2-3: Manufacturer: Chicony Electronics Co.,Ltd.
[    3.840985] usb 2-3: SerialNumber: 0x0001
[    4.098072] [drm] ib test on ring 5 succeeded
[    4.119332] [drm] ib test on ring 6 succeeded
[    4.120338] [drm] ib test on ring 7 succeeded
[    4.167919] [drm] radeon atom DIG backlight initialized
[    4.167947] [drm] Radeon Display Connectors
[    4.167954] [drm] Connector 0:
[    4.167961] [drm]   LVDS-1
[    4.167966] [drm]   HPD1
[    4.167975] [drm]   DDC: 0x6530 0x6530 0x6534 0x6534 0x6538 0x6538 0x653c 0x653c
[    4.167984] [drm]   Encoders:
[    4.167990] [drm]     LCD1: INTERNAL_UNIPHY
[    4.167996] [drm] Connector 1:
[    4.168001] [drm]   HDMI-A-1
[    4.168006] [drm]   HPD2
[    4.168014] [drm]   DDC: 0x6540 0x6540 0x6544 0x6544 0x6548 0x6548 0x654c 0x654c
[    4.168023] [drm]   Encoders:
[    4.168028] [drm]     DFP1: INTERNAL_UNIPHY
[    4.168034] [drm] Connector 2:
[    4.168039] [drm]   VGA-1
[    4.168046] [drm]   DDC: 0x65c0 0x65c0 0x65c4 0x65c4 0x65c8 0x65c8 0x65cc 0x65cc
[    4.168055] [drm]   Encoders:
[    4.168060] [drm]     CRT1: INTERNAL_KLDSCP_DAC1
[    5.230088] [drm] fb mappable at 0xC0722000
[    5.230106] [drm] vram apper at 0xC0000000
[    5.230113] [drm] size 4325376
[    5.230119] [drm] fb depth is 24
[    5.230125] [drm]    pitch is 5632
[    5.230455] fbcon: radeondrmfb (fb0) is primary device
[    5.338232] Console: switching to colour frame buffer device 170x48
[    5.348575] radeon 0000:00:01.0: fb0: radeondrmfb frame buffer device
[    5.403471] [drm] Initialized radeon 2.50.0 20080528 for 0000:00:01.0 on minor 0
[    5.485560] Adding 3608572k swap on /dev/sda4.  Priority:1 extents:1 across:3608572k SS
[    5.535523] EXT4-fs (sda2): re-mounted. Opts: (null)
[    5.629536] EXT4-fs (sda2): re-mounted. Opts: (null)
[    7.740357] urandom_read: 6 callbacks suppressed
[    7.740362] random: wpa_supplicant: uninitialized urandom read (32 bytes read)
[    9.079007] wlp1s0: authenticate with 64:66:b3:cd:9a:3a
[    9.099631] wlp1s0: send auth to 64:66:b3:cd:9a:3a (try 1/3)
[    9.106176] wlp1s0: authenticated
[    9.117940] wlp1s0: associate with 64:66:b3:cd:9a:3a (try 1/3)
[    9.125916] wlp1s0: RX AssocResp from 64:66:b3:cd:9a:3a (capab=0x431 status=0 aid=1)
[    9.129591] wlp1s0: associated
[    9.160875] IPv6: ADDRCONF(NETDEV_CHANGE): wlp1s0: link becomes ready
[   11.034411] udevd (2823) used greatest stack depth: 11744 bytes left
[  145.812919] random: crng init done
