[    0.000000] Linux version 5.1.0-rc1+ (root@(none)) (gcc version 9.0.1 20190318 (experimental) (GCC)) #37 SMP Wed Mar 20 11:19:06 +05 2019
[    0.000000] Command line: BOOT_IMAGE=/boot/bzImage root=/dev/sda2 ro
[    0.000000] x86/fpu: Supporting XSAVE feature 0x001: 'x87 floating point registers'
[    0.000000] x86/fpu: Supporting XSAVE feature 0x002: 'SSE registers'
[    0.000000] x86/fpu: Supporting XSAVE feature 0x004: 'AVX registers'
[    0.000000] x86/fpu: xstate_offset[2]:  576, xstate_sizes[2]:  256
[    0.000000] x86/fpu: Enabled xstate features 0x7, context size is 832 bytes, using 'standard' format.
[    0.000000] BIOS-provided physical RAM map:
[    0.000000] BIOS-e820: [mem 0x0000000000000000-0x000000000009ffff] usable
[    0.000000] BIOS-e820: [mem 0x0000000000100000-0x000000009d0f7fff] usable
[    0.000000] BIOS-e820: [mem 0x000000009d0f8000-0x000000009d127fff] reserved
[    0.000000] BIOS-e820: [mem 0x000000009d128000-0x000000009d370fff] usable
[    0.000000] BIOS-e820: [mem 0x000000009d371000-0x000000009dc56fff] ACPI NVS
[    0.000000] BIOS-e820: [mem 0x000000009dc57000-0x000000009e959fff] reserved
[    0.000000] BIOS-e820: [mem 0x000000009e95a000-0x000000009e9cafff] type 20
[    0.000000] BIOS-e820: [mem 0x000000009e9cb000-0x000000009e9cbfff] usable
[    0.000000] BIOS-e820: [mem 0x000000009e9cc000-0x000000009e9d3fff] ACPI NVS
[    0.000000] BIOS-e820: [mem 0x000000009e9d4000-0x000000009eb24fff] usable
[    0.000000] BIOS-e820: [mem 0x000000009eb25000-0x000000009f041fff] reserved
[    0.000000] BIOS-e820: [mem 0x000000009f042000-0x000000009f080fff] usable
[    0.000000] BIOS-e820: [mem 0x000000009f081000-0x000000009f3f1fff] reserved
[    0.000000] BIOS-e820: [mem 0x000000009f3f2000-0x000000009f3fffff] usable
[    0.000000] BIOS-e820: [mem 0x00000000fec00000-0x00000000fec01fff] reserved
[    0.000000] BIOS-e820: [mem 0x00000000fec10000-0x00000000fec10fff] reserved
[    0.000000] BIOS-e820: [mem 0x00000000fed00000-0x00000000fed00fff] reserved
[    0.000000] BIOS-e820: [mem 0x00000000fed80000-0x00000000fed8ffff] reserved
[    0.000000] BIOS-e820: [mem 0x00000000ff000000-0x00000000ffffffff] reserved
[    0.000000] BIOS-e820: [mem 0x0000000100001000-0x000000013effffff] usable
[    0.000000] NX (Execute Disable) protection: active
[    0.000000] efi: EFI v2.31 by American Megatrends
[    0.000000] efi:  ACPI=0x9d3f3000  ACPI 2.0=0x9d3f3000  SMBIOS=0x9e958998 
[    0.000000] SMBIOS 2.7 present.
[    0.000000] DMI: ASUSTeK COMPUTER INC. X102BA/X102BA, BIOS X102BA.212 08/30/2013
[    0.000000] tsc: Fast TSC calibration using PIT
[    0.000000] tsc: Detected 998.192 MHz processor
[    0.000214] e820: update [mem 0x00000000-0x00000fff] usable ==> reserved
[    0.000219] e820: remove [mem 0x000a0000-0x000fffff] usable
[    0.000243] last_pfn = 0x13f000 max_arch_pfn = 0x400000000
[    0.000253] MTRR default type: uncachable
[    0.000255] MTRR fixed ranges enabled:
[    0.000258]   00000-9FFFF write-back
[    0.000260]   A0000-BFFFF write-through
[    0.000263]   C0000-DFFFF uncachable
[    0.000266]   E0000-FFFFF write-protect
[    0.000267] MTRR variable ranges enabled:
[    0.000271]   0 base 0000000000 mask FF80000000 write-back
[    0.000275]   1 base 0080000000 mask FFE0000000 write-back
[    0.000279]   2 base 009F400000 mask FFFFC00000 uncachable
[    0.000282]   3 base 009F800000 mask FFFF800000 uncachable
[    0.000283]   4 disabled
[    0.000284]   5 disabled
[    0.000285]   6 disabled
[    0.000286]   7 disabled
[    0.000289] TOM2: 000000013f000000 aka 5104M
[    0.000807] x86/PAT: Configuration [0-7]: WB  WC  UC- UC  WB  WP  UC- WT  
[    0.001071] e820: update [mem 0x9f400000-0xffffffff] usable ==> reserved
[    0.001085] last_pfn = 0x9f400 max_arch_pfn = 0x400000000
[    0.014312] check: Scanning 1 areas for low memory corruption
[    0.014323] Base memory trampoline at [(____ptrval____)] 99000 size 24576
[    0.014330] Using GB pages for direct mapping
[    0.014337] BRK [0x99e01000, 0x99e01fff] PGTABLE
[    0.014344] BRK [0x99e02000, 0x99e02fff] PGTABLE
[    0.014347] BRK [0x99e03000, 0x99e03fff] PGTABLE
[    0.014472] BRK [0x99e04000, 0x99e04fff] PGTABLE
[    0.014480] BRK [0x99e05000, 0x99e05fff] PGTABLE
[    0.014666] BRK [0x99e06000, 0x99e06fff] PGTABLE
[    0.015663] BRK [0x99e07000, 0x99e07fff] PGTABLE
[    0.015882] BRK [0x99e08000, 0x99e08fff] PGTABLE
[    0.016064] BRK [0x99e09000, 0x99e09fff] PGTABLE
[    0.016299] BRK [0x99e0a000, 0x99e0afff] PGTABLE
[    0.016580] BRK [0x99e0b000, 0x99e0bfff] PGTABLE
[    0.016758] Secure boot could not be determined
[    0.016772] ACPI: Early table checksum verification disabled
[    0.016781] ACPI: RSDP 0x000000009D3F3000 000024 (v02 _ASUS_)
[    0.016792] ACPI: XSDT 0x000000009D3F3088 000094 (v01 _ASUS_ Notebook 01072009 AMI  00010013)
[    0.016809] ACPI: FACP 0x000000009D400748 00010C (v05 _ASUS_ Notebook 01072009 AMI  00010013)
[    0.016824] ACPI BIOS Warning (bug): Optional FADT field Pm2ControlBlock has valid Length but zero Address: 0x0000000000000000/0x1 (20190215/tbfadt-615)
[    0.016838] ACPI: DSDT 0x000000009D3F31A8 00D59D (v02 _ASUS_ Notebook 00000000 INTL 20091112)
[    0.016848] ACPI: FACS 0x000000009DC4B080 000040
[    0.016855] ACPI: APIC 0x000000009D400858 00007E (v03 _ASUS_ Notebook 01072009 AMI  00010013)
[    0.016865] ACPI: FPDT 0x000000009D4008D8 000044 (v01 _ASUS_ Notebook 01072009 AMI  00010013)
[    0.016875] ACPI: ECDT 0x000000009D400920 0000C1 (v01 _ASUS_ Notebook 01072009 AMI. 00000005)
[    0.016884] ACPI: MCFG 0x000000009D4009E8 00003C (v01 _ASUS_ Notebook 01072009 MSFT 00010013)
[    0.016893] ACPI: HPET 0x000000009D400A28 000038 (v01 _ASUS_ Notebook 01072009 AMI  00000005)
[    0.016902] ACPI: VFCT 0x000000009D400A60 004684 (v01 _ASUS_ Notebook 00000001 AMD  31504F47)
[    0.016912] ACPI: BGRT 0x000000009D4050E8 000038 (v00 _ASUS_ Notebook 01072009 ASUS 00010013)
[    0.016922] ACPI: SSDT 0x000000009D405120 0005E0 (v01 AMD    AGESA    00000001 AMD  00000001)
[    0.016931] ACPI: SSDT 0x000000009D405700 0046D1 (v02 AMD    AGESA    00000002 MSFT 04000000)
[    0.016940] ACPI: CRAT 0x000000009D409DD8 000228 (v01 AMD    AGESA    00000001 AMD  00000001)
[    0.016950] ACPI: SSDT 0x000000009D40A000 001411 (v01 AMD    CPMDFIGP 00000001 INTL 20051117)
[    0.016959] ACPI: SSDT 0x000000009D40B418 0010E8 (v01 AMD    CPMCMN   00000001 INTL 20051117)
[    0.016968] ACPI: MSDM 0x000000009D127F98 000055 (v03 _ASUS_ Notebook 00000000 ASUS 00000001)
[    0.016993] ACPI: Local APIC address 0xfee00000
[    0.017253] No NUMA configuration found
[    0.017257] Faking a node at [mem 0x0000000000000000-0x000000013effffff]
[    0.017271] NODE_DATA(0) allocated [mem 0x13effa000-0x13effdfff]
[    0.017324] Zone ranges:
[    0.017328]   DMA      [mem 0x0000000000001000-0x0000000000ffffff]
[    0.017332]   DMA32    [mem 0x0000000001000000-0x00000000ffffffff]
[    0.017337]   Normal   [mem 0x0000000100000000-0x000000013effffff]
[    0.017341] Movable zone start for each node
[    0.017343] Early memory node ranges
[    0.017347]   node   0: [mem 0x0000000000001000-0x000000000009ffff]
[    0.017350]   node   0: [mem 0x0000000000100000-0x000000009d0f7fff]
[    0.017354]   node   0: [mem 0x000000009d128000-0x000000009d370fff]
[    0.017357]   node   0: [mem 0x000000009e9cb000-0x000000009e9cbfff]
[    0.017360]   node   0: [mem 0x000000009e9d4000-0x000000009eb24fff]
[    0.017363]   node   0: [mem 0x000000009f042000-0x000000009f080fff]
[    0.017366]   node   0: [mem 0x000000009f3f2000-0x000000009f3fffff]
[    0.017368]   node   0: [mem 0x0000000100001000-0x000000013effffff]
[    0.018205] Zeroed struct page in unavailable ranges: 11138 pages
[    0.018212] Initmem setup node 0 [mem 0x0000000000001000-0x000000013effffff]
[    0.018221] On node 0 totalpages: 902270
[    0.018223]   DMA zone: 64 pages used for memmap
[    0.018225]   DMA zone: 23 pages reserved
[    0.018228]   DMA zone: 3999 pages, LIFO batch:0
[    0.018625]   DMA32 zone: 10004 pages used for memmap
[    0.018628]   DMA32 zone: 640224 pages, LIFO batch:63
[    0.087187]   Normal zone: 4032 pages used for memmap
[    0.087193]   Normal zone: 258047 pages, LIFO batch:63
[    0.111794] ACPI: PM-Timer IO Port: 0x808
[    0.111806] ACPI: Local APIC address 0xfee00000
[    0.111822] ACPI: LAPIC_NMI (acpi_id[0xff] high edge lint[0x1])
[    0.111838] IOAPIC[0]: apic_id 3, version 33, address 0xfec00000, GSI 0-23
[    0.111849] IOAPIC[1]: apic_id 4, version 33, address 0xfec01000, GSI 24-55
[    0.111855] ACPI: INT_SRC_OVR (bus 0 bus_irq 0 global_irq 2 dfl dfl)
[    0.111861] ACPI: INT_SRC_OVR (bus 0 bus_irq 9 global_irq 9 low level)
[    0.111865] ACPI: IRQ0 used by override.
[    0.111867] ACPI: IRQ9 used by override.
[    0.111872] Using ACPI (MADT) for SMP configuration information
[    0.111877] ACPI: HPET id: 0x10228210 base: 0xfed00000
[    0.111892] smpboot: Allowing 4 CPUs, 2 hotplug CPUs
[    0.111966] PM: Registered nosave memory: [mem 0x00000000-0x00000fff]
[    0.111973] PM: Registered nosave memory: [mem 0x000a0000-0x000fffff]
[    0.111980] PM: Registered nosave memory: [mem 0x9d0f8000-0x9d127fff]
[    0.111987] PM: Registered nosave memory: [mem 0x9d371000-0x9dc56fff]
[    0.111991] PM: Registered nosave memory: [mem 0x9dc57000-0x9e959fff]
[    0.111994] PM: Registered nosave memory: [mem 0x9e95a000-0x9e9cafff]
[    0.112000] PM: Registered nosave memory: [mem 0x9e9cc000-0x9e9d3fff]
[    0.112007] PM: Registered nosave memory: [mem 0x9eb25000-0x9f041fff]
[    0.112014] PM: Registered nosave memory: [mem 0x9f081000-0x9f3f1fff]
[    0.112021] PM: Registered nosave memory: [mem 0x9f400000-0xfebfffff]
[    0.112023] PM: Registered nosave memory: [mem 0xfec00000-0xfec01fff]
[    0.112026] PM: Registered nosave memory: [mem 0xfec02000-0xfec0ffff]
[    0.112029] PM: Registered nosave memory: [mem 0xfec10000-0xfec10fff]
[    0.112032] PM: Registered nosave memory: [mem 0xfec11000-0xfecfffff]
[    0.112034] PM: Registered nosave memory: [mem 0xfed00000-0xfed00fff]
[    0.112037] PM: Registered nosave memory: [mem 0xfed01000-0xfed7ffff]
[    0.112040] PM: Registered nosave memory: [mem 0xfed80000-0xfed8ffff]
[    0.112043] PM: Registered nosave memory: [mem 0xfed90000-0xfeffffff]
[    0.112045] PM: Registered nosave memory: [mem 0xff000000-0xffffffff]
[    0.112048] PM: Registered nosave memory: [mem 0x100000000-0x100000fff]
[    0.112055] [mem 0x9f400000-0xfebfffff] available for PCI devices
[    0.112067] clocksource: refined-jiffies: mask: 0xffffffff max_cycles: 0xffffffff, max_idle_ns: 19112604462750000 ns
[    0.619542] random: get_random_bytes called from start_kernel+0x8b/0x48f with crng_init=0
[    0.619578] setup_percpu: NR_CPUS:64 nr_cpumask_bits:64 nr_cpu_ids:4 nr_node_ids:1
[    0.620678] percpu: Embedded 43 pages/cpu @(____ptrval____) s137240 r8192 d30696 u524288
[    0.620715] pcpu-alloc: s137240 r8192 d30696 u524288 alloc=1*2097152
[    0.620718] pcpu-alloc: [0] 0 1 2 3 
[    0.620797] Built 1 zonelists, mobility grouping on.  Total pages: 888147
[    0.620801] Policy zone: Normal
[    0.620807] Kernel command line: BOOT_IMAGE=/boot/bzImage root=/dev/sda2 ro
[    0.685174] Memory: 3429148K/3609080K available (14357K kernel code, 1434K rwdata, 4404K rodata, 1256K init, 928K bss, 179932K reserved, 0K cma-reserved)
[    0.685380] SLUB: HWalign=64, Order=0-3, MinObjects=0, CPUs=4, Nodes=1
[    0.685610] rcu: Hierarchical RCU implementation.
[    0.685614] rcu: 	RCU event tracing is enabled.
[    0.685618] rcu: 	RCU restricting CPUs from NR_CPUS=64 to nr_cpu_ids=4.
[    0.685623] rcu: RCU calculated value of scheduler-enlistment delay is 10 jiffies.
[    0.685626] rcu: Adjusting geometry for rcu_fanout_leaf=16, nr_cpu_ids=4
[    0.686213] NR_IRQS: 4352, nr_irqs: 1000, preallocated irqs: 16
[    0.686772] Console: colour dummy device 80x25
[    0.687437] printk: console [tty0] enabled
[    0.687486] ACPI: Core revision 20190215
[    0.688297] clocksource: hpet: mask: 0xffffffff max_cycles: 0xffffffff, max_idle_ns: 133484873504 ns
[    0.688328] hpet clockevent registered
[    0.688338] APIC: Switch to symmetric I/O mode setup
[    0.689202] ..TIMER: vector=0x30 apic1=0 pin1=2 apic2=-1 pin2=-1
[    0.738336] clocksource: tsc-early: mask: 0xffffffffffffffff max_cycles: 0x1cc6d6491d9, max_idle_ns: 881590450975 ns
[    0.738353] Calibrating delay loop (skipped), value calculated using timer frequency.. 1996.38 BogoMIPS (lpj=9981920)
[    0.738369] pid_max: default: 32768 minimum: 301
[    0.741208] LSM: Security Framework initializing
[    0.741243] SELinux:  Initializing.
[    0.741278] *** VALIDATE SELinux ***
[    0.743520] Dentry cache hash table entries: 524288 (order: 10, 4194304 bytes)
[    0.744689] Inode-cache hash table entries: 262144 (order: 9, 2097152 bytes)
[    0.744791] Mount-cache hash table entries: 8192 (order: 4, 65536 bytes)
[    0.744836] Mountpoint-cache hash table entries: 8192 (order: 4, 65536 bytes)
[    0.745225] *** VALIDATE proc ***
[    0.745315] *** VALIDATE cgroup1 ***
[    0.745326] *** VALIDATE cgroup2 ***
[    0.745384] mce: CPU supports 6 MCE banks
[    0.745413] LVT offset 1 assigned for vector 0xf9
[    0.745428] Last level iTLB entries: 4KB 512, 2MB 8, 4MB 4
[    0.745436] Last level dTLB entries: 4KB 512, 2MB 256, 4MB 128, 1GB 0
[    0.745446] Spectre V2 : Mitigation: Full AMD retpoline
[    0.745453] Spectre V2 : Spectre v2 / SpectreRSB mitigation: Filling RSB on context switch
[    0.745465] Speculative Store Bypass: Mitigation: Speculative Store Bypass disabled via prctl and seccomp
[    0.746045] Freeing SMP alternatives memory: 40K
[    0.758350] smpboot: CPU0: AMD A4-1200 APU with Radeon(TM) HD Graphics (family: 0x16, model: 0x0, stepping: 0x1)
[    0.758350] Performance Events: AMD PMU driver.
[    0.758350] ... version:                0
[    0.758350] ... bit width:              48
[    0.758350] ... generic registers:      4
[    0.758350] ... value mask:             0000ffffffffffff
[    0.758350] ... max period:             00007fffffffffff
[    0.758350] ... fixed-purpose events:   0
[    0.758350] ... event mask:             000000000000000f
[    0.758350] rcu: Hierarchical SRCU implementation.
[    0.758350] MCE: In-kernel MCE decoding enabled.
[    0.758350] smp: Bringing up secondary CPUs ...
[    0.758350] x86: Booting SMP configuration:
[    0.758350] .... node  #0, CPUs:      #1
[    0.758350] smp: Brought up 1 node, 2 CPUs
[    0.758350] smpboot: Max logical packages: 2
[    0.758350] smpboot: Total of 2 processors activated (3992.76 BogoMIPS)
[    0.758350] devtmpfs: initialized
[    0.758350] PM: Registering ACPI NVS region [mem 0x9d371000-0x9dc56fff] (9330688 bytes)
[    0.758350] PM: Registering ACPI NVS region [mem 0x9e9cc000-0x9e9d3fff] (32768 bytes)
[    0.758350] clocksource: jiffies: mask: 0xffffffff max_cycles: 0xffffffff, max_idle_ns: 19112604462750000 ns
[    0.758350] futex hash table entries: 1024 (order: 4, 65536 bytes)
[    0.758350] NET: Registered protocol family 16
[    0.758350] audit: initializing netlink subsys (disabled)
[    0.758350] audit: type=2000 audit(1553419930.060:1): state=initialized audit_enabled=0 res=1
[    0.758350] kworker/u8:0 (32) used greatest stack depth: 14608 bytes left
[    0.758350] cpuidle: using governor ladder
[    0.758350] cpuidle: using governor menu
[    0.758350] kworker/u8:0 (34) used greatest stack depth: 14392 bytes left
[    0.758350] ACPI FADT declares the system doesn't support PCIe ASPM, so disable it
[    0.758350] ACPI: bus type PCI registered
[    0.758350] PCI: MMCONFIG for domain 0000 [bus 00-ff] at [mem 0xe0000000-0xefffffff] (base 0xe0000000)
[    0.758350] PCI: not using MMCONFIG
[    0.758350] PCI: Using configuration type 1 for base access
[    0.758350] PCI: Using configuration type 1 for extended access
[    0.768859] kworker/u8:0 (44) used greatest stack depth: 14144 bytes left
[    0.801790] HugeTLB registered 2.00 MiB page size, pre-allocated 0 pages
[    0.801790] ACPI: Added _OSI(Module Device)
[    0.801790] ACPI: Added _OSI(Processor Device)
[    0.801790] ACPI: Added _OSI(3.0 _SCP Extensions)
[    0.801790] ACPI: Added _OSI(Processor Aggregator Device)
[    0.801790] ACPI: Added _OSI(Linux-Dell-Video)
[    0.801790] ACPI: Added _OSI(Linux-Lenovo-NV-HDMI-Audio)
[    0.801790] ACPI: Added _OSI(Linux-HPI-Hybrid-Graphics)
[    0.838941] ACPI: 5 ACPI AML tables successfully acquired and loaded
[    0.842223] ACPI: EC: EC started
[    0.842233] ACPI: EC: interrupt blocked
[    0.844338] ACPI: \: Used as first EC
[    0.844350] ACPI: \: GPE=0x3, EC_CMD/EC_SC=0x66, EC_DATA=0x62
[    0.844358] ACPI: EC: Boot ECDT EC used to handle transactions
[    0.849456] ACPI: [Firmware Bug]: BIOS _OSI(Linux) query ignored
[    0.882365] ACPI: Interpreter enabled
[    0.882449] ACPI: (supports S0 S3 S4 S5)
[    0.882459] ACPI: Using IOAPIC for interrupt routing
[    0.882587] PCI: MMCONFIG for domain 0000 [bus 00-ff] at [mem 0xe0000000-0xefffffff] (base 0xe0000000)
[    0.882748] PCI: MMCONFIG at [mem 0xe0000000-0xefffffff] reserved in ACPI motherboard resources
[    0.882838] PCI: Using host bridge windows from ACPI; if necessary, use "pci=nocrs" and report a bug
[    0.883641] ACPI: Enabled 3 GPEs in block 00 to 1F
[    0.904219] ACPI: PCI Root Bridge [PCI0] (domain 0000 [bus 00-ff])
[    0.904253] acpi PNP0A08:00: _OSC: OS supports [ExtendedConfig ASPM ClockPM Segments MSI]
[    0.904858] acpi PNP0A08:00: _OSC: platform does not support [LTR]
[    0.905424] acpi PNP0A08:00: _OSC: OS now controls [PME AER PCIeCapability]
[    0.905436] acpi PNP0A08:00: FADT indicates ASPM is unsupported, using BIOS configuration
[    0.906004] PCI host bridge to bus 0000:00
[    0.906018] pci_bus 0000:00: root bus resource [io  0x0000-0x03af window]
[    0.906030] pci_bus 0000:00: root bus resource [io  0x03e0-0x0cf7 window]
[    0.906041] pci_bus 0000:00: root bus resource [io  0x03b0-0x03df window]
[    0.906051] pci_bus 0000:00: root bus resource [io  0x0d00-0xffff window]
[    0.906062] pci_bus 0000:00: root bus resource [mem 0x000a0000-0x000bffff window]
[    0.906075] pci_bus 0000:00: root bus resource [mem 0x000c0000-0x000dffff window]
[    0.906087] pci_bus 0000:00: root bus resource [mem 0xc0000000-0xffffffff window]
[    0.906100] pci_bus 0000:00: root bus resource [bus 00-ff]
[    0.906128] pci 0000:00:00.0: [1022:1536] type 00 class 0x060000
[    0.906408] pci 0000:00:01.0: [1002:9839] type 00 class 0x030000
[    0.906442] pci 0000:00:01.0: reg 0x10: [mem 0xc0000000-0xcfffffff 64bit pref]
[    0.906458] pci 0000:00:01.0: reg 0x18: [mem 0xd0000000-0xd07fffff 64bit pref]
[    0.906470] pci 0000:00:01.0: reg 0x20: [io  0xf000-0xf0ff]
[    0.906482] pci 0000:00:01.0: reg 0x24: [mem 0xfeb00000-0xfeb3ffff]
[    0.906494] pci 0000:00:01.0: reg 0x30: [mem 0xfeb40000-0xfeb5ffff pref]
[    0.906503] pci 0000:00:01.0: enabling Extended Tags
[    0.906534] pci 0000:00:01.0: BAR 0: assigned to efifb
[    0.906591] pci 0000:00:01.0: supports D1 D2
[    0.906596] pci 0000:00:01.0: PME# supported from D1 D2 D3hot
[    0.906819] pci 0000:00:01.1: [1002:9840] type 00 class 0x040300
[    0.906848] pci 0000:00:01.1: reg 0x10: [mem 0xfeb64000-0xfeb67fff 64bit]
[    0.906881] pci 0000:00:01.1: enabling Extended Tags
[    0.906951] pci 0000:00:01.1: supports D1 D2
[    0.907147] pci 0000:00:02.0: [1022:1538] type 00 class 0x060000
[    0.907377] pci 0000:00:02.2: [1022:1439] type 01 class 0x060400
[    0.907440] pci 0000:00:02.2: enabling Extended Tags
[    0.907523] pci 0000:00:02.2: PME# supported from D0 D3hot D3cold
[    0.907746] pci 0000:00:02.3: [1022:1439] type 01 class 0x060400
[    0.907808] pci 0000:00:02.3: enabling Extended Tags
[    0.907888] pci 0000:00:02.3: PME# supported from D0 D3hot D3cold
[    0.908139] pci 0000:00:10.0: [1022:7814] type 00 class 0x0c0330
[    0.908177] pci 0000:00:10.0: reg 0x10: [mem 0xfeb68000-0xfeb69fff 64bit]
[    0.908311] pci 0000:00:10.0: PME# supported from D0 D3hot D3cold
[    0.908575] pci 0000:00:11.0: [1022:7801] type 00 class 0x010601
[    0.908606] pci 0000:00:11.0: reg 0x10: [io  0xf140-0xf147]
[    0.908619] pci 0000:00:11.0: reg 0x14: [io  0xf130-0xf133]
[    0.908632] pci 0000:00:11.0: reg 0x18: [io  0xf120-0xf127]
[    0.908644] pci 0000:00:11.0: reg 0x1c: [io  0xf110-0xf113]
[    0.908657] pci 0000:00:11.0: reg 0x20: [io  0xf100-0xf10f]
[    0.908670] pci 0000:00:11.0: reg 0x24: [mem 0xfeb6f000-0xfeb6f3ff]
[    0.908741] pci 0000:00:11.0: PME# supported from D3hot
[    0.908942] pci 0000:00:12.0: [1022:7807] type 00 class 0x0c0310
[    0.908966] pci 0000:00:12.0: reg 0x10: [mem 0xfeb6e000-0xfeb6efff]
[    0.909236] pci 0000:00:12.2: [1022:7808] type 00 class 0x0c0320
[    0.909264] pci 0000:00:12.2: reg 0x10: [mem 0xfeb6d000-0xfeb6d0ff]
[    0.909362] pci 0000:00:12.2: supports D1 D2
[    0.909366] pci 0000:00:12.2: PME# supported from D0 D1 D2 D3hot D3cold
[    0.909574] pci 0000:00:13.0: [1022:7807] type 00 class 0x0c0310
[    0.909599] pci 0000:00:13.0: reg 0x10: [mem 0xfeb6c000-0xfeb6cfff]
[    0.909862] pci 0000:00:13.2: [1022:7808] type 00 class 0x0c0320
[    0.909890] pci 0000:00:13.2: reg 0x10: [mem 0xfeb6b000-0xfeb6b0ff]
[    0.909988] pci 0000:00:13.2: supports D1 D2
[    0.909992] pci 0000:00:13.2: PME# supported from D0 D1 D2 D3hot D3cold
[    0.910198] pci 0000:00:14.0: [1022:780b] type 00 class 0x0c0500
[    0.910450] pci 0000:00:14.2: [1022:780d] type 00 class 0x040300
[    0.910482] pci 0000:00:14.2: reg 0x10: [mem 0xfeb60000-0xfeb63fff 64bit]
[    0.910566] pci 0000:00:14.2: PME# supported from D0 D3hot D3cold
[    0.910759] pci 0000:00:14.3: [1022:780e] type 00 class 0x060100
[    0.911028] pci 0000:00:14.7: [1022:7813] type 00 class 0x080501
[    0.911055] pci 0000:00:14.7: reg 0x10: [mem 0xfeb6a000-0xfeb6a0ff 64bit]
[    0.911271] pci 0000:00:18.0: [1022:1530] type 00 class 0x060000
[    0.911479] pci 0000:00:18.1: [1022:1531] type 00 class 0x060000
[    0.911682] pci 0000:00:18.2: [1022:1532] type 00 class 0x060000
[    0.911884] pci 0000:00:18.3: [1022:1533] type 00 class 0x060000
[    0.912095] pci 0000:00:18.4: [1022:1534] type 00 class 0x060000
[    0.912296] pci 0000:00:18.5: [1022:1535] type 00 class 0x060000
[    0.912637] pci 0000:01:00.0: [168c:0032] type 00 class 0x028000
[    0.912701] pci 0000:01:00.0: reg 0x10: [mem 0xfea00000-0xfea7ffff 64bit]
[    0.912765] pci 0000:01:00.0: reg 0x30: [mem 0xfea80000-0xfea8ffff pref]
[    0.912899] pci 0000:01:00.0: supports D1 D2
[    0.912903] pci 0000:01:00.0: PME# supported from D0 D1 D2 D3hot D3cold
[    0.913169] pci 0000:00:02.2: PCI bridge to [bus 01]
[    0.913191] pci 0000:00:02.2:   bridge window [mem 0xfea00000-0xfeafffff]
[    0.913321] pci 0000:02:00.0: [10ec:8136] type 00 class 0x020000
[    0.913377] pci 0000:02:00.0: reg 0x10: [io  0xe000-0xe0ff]
[    0.913416] pci 0000:02:00.0: reg 0x18: [mem 0xd0804000-0xd0804fff 64bit pref]
[    0.913443] pci 0000:02:00.0: reg 0x20: [mem 0xd0800000-0xd0803fff 64bit pref]
[    0.913621] pci 0000:02:00.0: supports D1 D2
[    0.913625] pci 0000:02:00.0: PME# supported from D0 D1 D2 D3hot D3cold
[    0.913907] pci 0000:00:02.3: PCI bridge to [bus 02]
[    0.913924] pci 0000:00:02.3:   bridge window [io  0xe000-0xefff]
[    0.913935] pci 0000:00:02.3:   bridge window [mem 0xd0800000-0xd08fffff 64bit pref]
[    0.915466] ACPI: PCI Interrupt Link [LNKA] (IRQs 4 7 10 11 14 15) *0
[    0.915702] ACPI: PCI Interrupt Link [LNKB] (IRQs 4 7 10 11 14 15) *0
[    0.915939] ACPI: PCI Interrupt Link [LNKC] (IRQs 4 7 10 11 14 15) *0
[    0.916175] ACPI: PCI Interrupt Link [LNKD] (IRQs 4 7 10 11 14 15) *0
[    0.916374] ACPI: PCI Interrupt Link [LNKE] (IRQs 4 7 10 11 14 15) *0
[    0.916537] ACPI: PCI Interrupt Link [LNKF] (IRQs 4 7 10 11 14 15) *0
[    0.916702] ACPI: PCI Interrupt Link [LNKG] (IRQs 4 7 10 11 14 15) *0
[    0.916864] ACPI: PCI Interrupt Link [LNKH] (IRQs 4 7 10 11 14 15) *0
[    0.917890] ACPI: EC: interrupt unblocked
[    0.917912] ACPI: EC: event unblocked
[    0.917930] ACPI: \_SB_.PCI0.SBRG.EC0_: GPE=0x3, EC_CMD/EC_SC=0x66, EC_DATA=0x62
[    0.917943] ACPI: \_SB_.PCI0.SBRG.EC0_: Boot DSDT EC used to handle transactions and events
[    0.918246] pci 0000:00:01.0: vgaarb: setting as boot VGA device
[    0.918261] pci 0000:00:01.0: vgaarb: VGA device added: decodes=io+mem,owns=io+mem,locks=none
[    0.918289] pci 0000:00:01.0: vgaarb: bridge control possible
[    0.918297] vgaarb: loaded
[    0.918642] SCSI subsystem initialized
[    0.918795] libata version 3.00 loaded.
[    0.918885] ACPI: bus type USB registered
[    0.918963] usbcore: registered new interface driver usbfs
[    0.919001] usbcore: registered new interface driver hub
[    0.919060] usbcore: registered new device driver usb
[    0.919136] pps_core: LinuxPPS API ver. 1 registered
[    0.919144] pps_core: Software ver. 5.3.6 - Copyright 2005-2007 Rodolfo Giometti <giometti@linux.it>
[    0.919174] PTP clock support registered
[    0.920263] EDAC MC: Ver: 3.0.0
[    0.920263] Registered efivars operations
[    0.920263] Advanced Linux Sound Architecture Driver Initialized.
[    0.920263] PCI: Using ACPI for IRQ routing
[    0.931446] PCI: pci_cache_line_size set to 64 bytes
[    0.931555] e820: reserve RAM buffer [mem 0x9d0f8000-0x9fffffff]
[    0.931561] e820: reserve RAM buffer [mem 0x9d371000-0x9fffffff]
[    0.931566] e820: reserve RAM buffer [mem 0x9e9cc000-0x9fffffff]
[    0.931570] e820: reserve RAM buffer [mem 0x9eb25000-0x9fffffff]
[    0.931573] e820: reserve RAM buffer [mem 0x9f081000-0x9fffffff]
[    0.931576] e820: reserve RAM buffer [mem 0x9f400000-0x9fffffff]
[    0.931578] e820: reserve RAM buffer [mem 0x13f000000-0x13fffffff]
[    0.931956] NetLabel: Initializing
[    0.931966] NetLabel:  domain hash size = 128
[    0.931973] NetLabel:  protocols = UNLABELED CIPSOv4 CALIPSO
[    0.932027] NetLabel:  unlabeled traffic allowed by default
[    0.932373] hpet0: at MMIO 0xfed00000, IRQs 2, 8, 0
[    0.932389] hpet0: 3 comparators, 32-bit 14.318180 MHz counter
[    0.934526] clocksource: Switched to clocksource tsc-early
[    0.977573] VFS: Disk quotas dquot_6.6.0
[    0.977637] VFS: Dquot-cache hash table entries: 512 (order 0, 4096 bytes)
[    0.977725] *** VALIDATE hugetlbfs ***
[    0.977834] pnp: PnP ACPI init
[    0.978242] system 00:00: [mem 0xe0000000-0xefffffff] has been reserved
[    0.978277] system 00:00: Plug and Play ACPI device, IDs PNP0c01 (active)
[    0.978493] system 00:01: [mem 0xa0000000-0xbfffffff] has been reserved
[    0.978525] system 00:01: Plug and Play ACPI device, IDs PNP0c02 (active)
[    0.978707] system 00:02: Plug and Play ACPI device, IDs PNP0c02 (active)
[    0.978805] pnp 00:03: Plug and Play ACPI device, IDs PNP0b00 (active)
[    0.978998] system 00:04: [io  0x04d0-0x04d1] has been reserved
[    0.979028] system 00:04: Plug and Play ACPI device, IDs PNP0c02 (active)
[    0.979239] pnp 00:05: Plug and Play ACPI device, IDs ETD0108 SYN0a00 SYN0002 PNP0f03 PNP0f13 PNP0f12 (active)
[    0.979369] pnp 00:06: Plug and Play ACPI device, IDs ATK3001 PNP030b (active)
[    0.980100] system 00:07: [io  0x04d0-0x04d1] has been reserved
[    0.980113] system 00:07: [io  0x040b] has been reserved
[    0.980124] system 00:07: [io  0x04d6] has been reserved
[    0.980134] system 00:07: [io  0x0c00-0x0c01] has been reserved
[    0.980145] system 00:07: [io  0x0c14] has been reserved
[    0.980155] system 00:07: [io  0x0c50-0x0c51] has been reserved
[    0.980169] system 00:07: [io  0x0c52] has been reserved
[    0.980179] system 00:07: [io  0x0c6c] has been reserved
[    0.980189] system 00:07: [io  0x0c6f] has been reserved
[    0.980199] system 00:07: [io  0x0cd0-0x0cd1] has been reserved
[    0.980209] system 00:07: [io  0x0cd2-0x0cd3] has been reserved
[    0.980220] system 00:07: [io  0x0cd4-0x0cd5] has been reserved
[    0.980230] system 00:07: [io  0x0cd6-0x0cd7] has been reserved
[    0.980240] system 00:07: [io  0x0cd8-0x0cdf] has been reserved
[    0.980251] system 00:07: [io  0x0800-0x089f] has been reserved
[    0.980261] system 00:07: [io  0x0900-0x090f] has been reserved
[    0.980271] system 00:07: [io  0x0910-0x091f] has been reserved
[    0.980282] system 00:07: [io  0xfe00-0xfefe] has been reserved
[    0.980296] system 00:07: [mem 0xfec00000-0xfec00fff] could not be reserved
[    0.980307] system 00:07: [mem 0xfee00000-0xfee00fff] has been reserved
[    0.980319] system 00:07: [mem 0xfed80000-0xfed8ffff] has been reserved
[    0.980330] system 00:07: [mem 0xfed61000-0xfed70fff] has been reserved
[    0.980341] system 00:07: [mem 0xfec10000-0xfec10fff] has been reserved
[    0.980353] system 00:07: [mem 0xfed00000-0xfed00fff] could not be reserved
[    0.980365] system 00:07: [mem 0xff000000-0xffffffff] has been reserved
[    0.980391] system 00:07: Plug and Play ACPI device, IDs PNP0c02 (active)
[    0.981249] pnp: PnP ACPI: found 8 devices
[    0.991366] clocksource: acpi_pm: mask: 0xffffff max_cycles: 0xffffff, max_idle_ns: 2085701024 ns
[    0.991431] pci 0000:00:02.2: PCI bridge to [bus 01]
[    0.991450] pci 0000:00:02.2:   bridge window [mem 0xfea00000-0xfeafffff]
[    0.991468] pci 0000:00:02.3: PCI bridge to [bus 02]
[    0.991480] pci 0000:00:02.3:   bridge window [io  0xe000-0xefff]
[    0.991497] pci 0000:00:02.3:   bridge window [mem 0xd0800000-0xd08fffff 64bit pref]
[    0.991520] pci_bus 0000:00: resource 4 [io  0x0000-0x03af window]
[    0.991525] pci_bus 0000:00: resource 5 [io  0x03e0-0x0cf7 window]
[    0.991530] pci_bus 0000:00: resource 6 [io  0x03b0-0x03df window]
[    0.991534] pci_bus 0000:00: resource 7 [io  0x0d00-0xffff window]
[    0.991539] pci_bus 0000:00: resource 8 [mem 0x000a0000-0x000bffff window]
[    0.991544] pci_bus 0000:00: resource 9 [mem 0x000c0000-0x000dffff window]
[    0.991548] pci_bus 0000:00: resource 10 [mem 0xc0000000-0xffffffff window]
[    0.991553] pci_bus 0000:01: resource 1 [mem 0xfea00000-0xfeafffff]
[    0.991558] pci_bus 0000:02: resource 0 [io  0xe000-0xefff]
[    0.991562] pci_bus 0000:02: resource 2 [mem 0xd0800000-0xd08fffff 64bit pref]
[    0.991824] NET: Registered protocol family 2
[    0.992379] tcp_listen_portaddr_hash hash table entries: 2048 (order: 3, 32768 bytes)
[    0.992453] TCP established hash table entries: 32768 (order: 6, 262144 bytes)
[    0.992681] TCP bind hash table entries: 32768 (order: 7, 524288 bytes)
[    0.992931] TCP: Hash tables configured (established 32768 bind 32768)
[    0.993084] UDP hash table entries: 2048 (order: 4, 65536 bytes)
[    0.993140] UDP-Lite hash table entries: 2048 (order: 4, 65536 bytes)
[    0.993323] NET: Registered protocol family 1
[    0.993754] RPC: Registered named UNIX socket transport module.
[    0.993764] RPC: Registered udp transport module.
[    0.993771] RPC: Registered tcp transport module.
[    0.993778] RPC: Registered tcp NFSv4.1 backchannel transport module.
[    0.994151] pci 0000:00:01.0: Video device with shadowed ROM at [mem 0x000c0000-0x000dffff]
[    1.032649] pci 0000:00:12.0: quirk_usb_early_handoff+0x0/0x61d took 35496 usecs
[    1.062658] pci 0000:00:12.2: quirk_usb_early_handoff+0x0/0x61d took 29248 usecs
[    1.062682] pci 0000:00:12.2: PME# does not work under D3, disabling it
[    1.252626] pci 0000:00:13.0: quirk_usb_early_handoff+0x0/0x61d took 185447 usecs
[    1.282627] pci 0000:00:13.2: quirk_usb_early_handoff+0x0/0x61d took 29240 usecs
[    1.282650] pci 0000:00:13.2: PME# does not work under D3, disabling it
[    1.282750] PCI: CLS 64 bytes, default 64
[    1.282902] PCI-DMA: Using software bounce buffering for IO (SWIOTLB)
[    1.282914] software IO TLB: mapped [mem 0x94000000-0x98000000] (64MB)
[    1.283104] amd_uncore: AMD NB counters detected
[    1.283120] amd_uncore: AMD LLC counters detected
[    1.283329] LVT offset 0 assigned for vector 0x400
[    1.283387] perf: AMD IBS detected (0x000000ff)
[    1.283407] kvm: no hardware support
[    1.283518] kvm: Nested Virtualization enabled
[    1.283530] kvm: Nested Paging enabled
[    1.284590] check: Scanning for low memory corruption every 60 seconds
[    1.287200] Initialise system trusted keyrings
[    1.287326] workingset: timestamp_bits=56 max_order=20 bucket_order=0
[    1.298103] fuse init (API version 7.29)
[    1.303872] Key type asymmetric registered
[    1.303892] Asymmetric key parser 'x509' registered
[    1.303947] Block layer SCSI generic (bsg) driver version 0.4 loaded (major 249)
[    1.303961] io scheduler mq-deadline registered
[    1.303969] io scheduler kyber registered
[    1.304687] pcieport 0000:00:02.2: Signaling PME with IRQ 25
[    1.305302] pcieport 0000:00:02.3: Signaling PME with IRQ 27
[    1.305983] uvesafb: failed to execute /sbin/v86d
[    1.305995] uvesafb: make sure that the v86d helper is installed and executable
[    1.306007] uvesafb: Getting VBE info block failed (eax=0x4f00, err=-2)
[    1.306015] uvesafb: vbe_init() failed with -22
[    1.306030] uvesafb: probe of uvesafb.0 failed with error -22
[    1.306091] efifb: probing for efifb
[    1.306136] efifb: framebuffer at 0xc0000000, using 4224k, total 4224k
[    1.306146] efifb: mode is 1366x768x32, linelength=5632, pages=1
[    1.306153] efifb: scrolling: redraw
[    1.306162] efifb: Truecolor: size=8:8:8:8, shift=24:16:8:0
[    1.316663] Console: switching to colour frame buffer device 170x48
[    1.326023] fb0: EFI VGA frame buffer device
[    1.326498] ACPI: AC Adapter [AC0] (on-line)
[    1.326759] input: Power Button as /devices/LNXSYSTM:00/LNXSYBUS:00/PNP0C0C:00/input/input0
[    1.326912] ACPI: Power Button [PWRB]
[    1.327106] input: Lid Switch as /devices/LNXSYSTM:00/LNXSYBUS:00/PNP0C0D:00/input/input1
[    1.327254] ACPI: Lid Switch [LID]
[    1.327424] input: Sleep Button as /devices/LNXSYSTM:00/LNXSYBUS:00/PNP0C0E:00/input/input2
[    1.327590] ACPI: Sleep Button [SLPB]
[    1.327769] input: Power Button as /devices/LNXSYSTM:00/LNXPWRBN:00/input/input3
[    1.327908] ACPI: Power Button [PWRF]
[    1.330990] thermal LNXTHERM:00: registered as thermal_zone0
[    1.331094] ACPI: Thermal Zone [THRM] (77 C)
[    1.332379] Serial: 8250/16550 driver, 4 ports, IRQ sharing enabled
[    1.337281] Non-volatile memory driver v1.3
[    1.337584] Linux agpgart interface v0.103
[    1.344631] loop: module loaded
[    1.344960] ahci 0000:00:11.0: version 3.0
[    1.345400] ahci 0000:00:11.0: AHCI 0001.0300 32 slots 2 ports 6 Gbps 0x3 impl SATA mode
[    1.345538] ahci 0000:00:11.0: flags: 64bit ncq sntf ilck pm led clo pmp pio slum part 
[    1.349816] scsi host0: ahci
[    1.353554] scsi host1: ahci
[    1.356900] ata1: SATA max UDMA/133 abar m1024@0xfeb6f000 port 0xfeb6f100 irq 28
[    1.360098] ata2: SATA max UDMA/133 abar m1024@0xfeb6f000 port 0xfeb6f180 irq 28
[    1.363979] tun: Universal TUN/TAP device driver, 1.6
[    1.367481] e1000: Intel(R) PRO/1000 Network Driver - version 7.3.21-k8-NAPI
[    1.370682] e1000: Copyright (c) 1999-2006 Intel Corporation.
[    1.373974] e1000e: Intel(R) PRO/1000 Network Driver - 3.2.6-k
[    1.377117] e1000e: Copyright(c) 1999 - 2015 Intel Corporation.
[    1.380313] sky2: driver version 1.30
[    1.384515] libphy: r8169: probed
[    1.387955] r8169 0000:02:00.0 eth0: RTL8105e, 74:d0:2b:a3:a6:42, XID 40a, IRQ 30
[    1.391349] ath9k 0000:01:00.0: enabling device (0000 -> 0002)
[    1.395229] ath: phy0: Disable PLL PowerSave
[    1.407245] ath: phy0: ASPM enabled: 0x442
[    1.410470] ath: EEPROM regdomain: 0x60
[    1.410472] ath: EEPROM indicates we should expect a direct regpair map
[    1.410478] ath: Country alpha2 being used: 00
[    1.410479] ath: Regpair used: 0x60
[    1.414415] ieee80211 phy0: Selected rate control algorithm 'minstrel_ht'
[    1.414945] ieee80211 phy0: Atheros AR9485 Rev:1 mem=0xffffb55f82500000, irq=31
[    1.419380] ehci_hcd: USB 2.0 'Enhanced' Host Controller (EHCI) Driver
[    1.422636] ehci-pci: EHCI PCI platform driver
[    1.426138] ehci-pci 0000:00:12.2: EHCI Host Controller
[    1.429485] ehci-pci 0000:00:12.2: new USB bus registered, assigned bus number 1
[    1.432744] ehci-pci 0000:00:12.2: applying AMD SB700/SB800/Hudson-2/3 EHCI dummy qh workaround
[    1.436018] ehci-pci 0000:00:12.2: debug port 1
[    1.439312] ehci-pci 0000:00:12.2: irq 17, io mem 0xfeb6d000
[    1.472345] ehci-pci 0000:00:12.2: USB 2.0 started, EHCI 1.00
[    1.475700] usb usb1: New USB device found, idVendor=1d6b, idProduct=0002, bcdDevice= 5.01
[    1.478960] usb usb1: New USB device strings: Mfr=3, Product=2, SerialNumber=1
[    1.482255] usb usb1: Product: EHCI Host Controller
[    1.485463] usb usb1: Manufacturer: Linux 5.1.0-rc1+ ehci_hcd
[    1.488632] usb usb1: SerialNumber: 0000:00:12.2
[    1.492183] hub 1-0:1.0: USB hub found
[    1.495253] hub 1-0:1.0: 4 ports detected
[    1.500418] ehci-pci 0000:00:13.2: EHCI Host Controller
[    1.503556] ehci-pci 0000:00:13.2: new USB bus registered, assigned bus number 2
[    1.506520] ehci-pci 0000:00:13.2: applying AMD SB700/SB800/Hudson-2/3 EHCI dummy qh workaround
[    1.509490] ehci-pci 0000:00:13.2: debug port 1
[    1.512491] ehci-pci 0000:00:13.2: irq 17, io mem 0xfeb6b000
[    1.542337] ehci-pci 0000:00:13.2: USB 2.0 started, EHCI 1.00
[    1.545358] usb usb2: New USB device found, idVendor=1d6b, idProduct=0002, bcdDevice= 5.01
[    1.548293] usb usb2: New USB device strings: Mfr=3, Product=2, SerialNumber=1
[    1.551237] usb usb2: Product: EHCI Host Controller
[    1.554201] usb usb2: Manufacturer: Linux 5.1.0-rc1+ ehci_hcd
[    1.557115] usb usb2: SerialNumber: 0000:00:13.2
[    1.560428] hub 2-0:1.0: USB hub found
[    1.563282] hub 2-0:1.0: 4 ports detected
[    1.568123] ohci_hcd: USB 1.1 'Open' Host Controller (OHCI) Driver
[    1.571009] ohci-pci: OHCI PCI platform driver
[    1.574189] ohci-pci 0000:00:12.0: OHCI PCI host controller
[    1.577238] ohci-pci 0000:00:12.0: new USB bus registered, assigned bus number 3
[    1.580196] ohci-pci 0000:00:12.0: irq 18, io mem 0xfeb6e000
[    1.600599] battery: ACPI: Battery Slot [BAT0] (battery present)
[    1.603721] kworker/u8:2 (1425) used greatest stack depth: 13936 bytes left
[    1.656489] usb usb3: New USB device found, idVendor=1d6b, idProduct=0001, bcdDevice= 5.01
[    1.659517] usb usb3: New USB device strings: Mfr=3, Product=2, SerialNumber=1
[    1.662478] usb usb3: Product: OHCI PCI host controller
[    1.665397] usb usb3: Manufacturer: Linux 5.1.0-rc1+ ohci_hcd
[    1.668301] usb usb3: SerialNumber: 0000:00:12.0
[    1.671630] hub 3-0:1.0: USB hub found
[    1.674535] hub 3-0:1.0: 4 ports detected
[    1.679550] ohci-pci 0000:00:13.0: OHCI PCI host controller
[    1.682553] ohci-pci 0000:00:13.0: new USB bus registered, assigned bus number 4
[    1.685454] ohci-pci 0000:00:13.0: irq 18, io mem 0xfeb6c000
[    1.702379] ata2: SATA link down (SStatus 0 SControl 300)
[    1.752884] usb usb4: New USB device found, idVendor=1d6b, idProduct=0001, bcdDevice= 5.01
[    1.755799] usb usb4: New USB device strings: Mfr=3, Product=2, SerialNumber=1
[    1.758691] usb usb4: Product: OHCI PCI host controller
[    1.761566] usb usb4: Manufacturer: Linux 5.1.0-rc1+ ohci_hcd
[    1.764465] usb usb4: SerialNumber: 0000:00:13.0
[    1.767747] hub 4-0:1.0: USB hub found
[    1.770583] hub 4-0:1.0: 4 ports detected
[    1.775346] uhci_hcd: USB Universal Host Controller Interface driver
[    1.778317] usbcore: registered new interface driver usblp
[    1.781231] usbcore: registered new interface driver usb-storage
[    1.784101] usbcore: registered new interface driver ch341
[    1.786917] usbserial: USB Serial support registered for ch341-uart
[    1.789951] i8042: PNP: PS/2 Controller [PNP030b:PS2K,PNP0f03:PS2M] at 0x60,0x64 irq 1,12
[    1.794586] i8042: Detected active multiplexing controller, rev 1.1
[    1.798173] serio: i8042 KBD port at 0x60,0x64 irq 1
[    1.801084] serio: i8042 AUX0 port at 0x60,0x64 irq 12
[    1.804014] serio: i8042 AUX1 port at 0x60,0x64 irq 12
[    1.806902] serio: i8042 AUX2 port at 0x60,0x64 irq 12
[    1.809637] serio: i8042 AUX3 port at 0x60,0x64 irq 12
[    1.812813] mousedev: PS/2 mouse device common for all mice
[    1.816132] rtc_cmos 00:03: RTC can wake from S4
[    1.819107] rtc_cmos 00:03: registered as rtc0
[    1.821811] rtc_cmos 00:03: alarms up to one month, y3k, 114 bytes nvram, hpet irqs
[    1.824857] device-mapper: ioctl: 4.40.0-ioctl (2019-01-18) initialised: dm-devel@redhat.com
[    1.827811] intel_pstate: CPU ID not supported
[    1.830591] EFI Variables Facility v0.08 2004-May-17
[    1.841328] hidraw: raw HID events driver (C) Jiri Kosina
[    1.845151] usbcore: registered new interface driver usbhid
[    1.847990] usbhid: USB HID core driver
[    1.853703] input: AT Translated Set 2 keyboard as /devices/platform/i8042/serio0/input/input4
[    1.854199] snd_hda_intel 0000:00:01.1: enabling device (0000 -> 0002)
[    1.861157] snd_hda_intel 0000:00:01.1: Force to non-snoop mode
[    1.866634] Initializing XFRM netlink socket
[    1.869879] NET: Registered protocol family 10
[    1.873424] Segment Routing with IPv6
[    1.876296] sit: IPv6, IPv4 and MPLS over IPv4 tunneling driver
[    1.879458] NET: Registered protocol family 17
[    1.882879] snd_hda_codec_generic hdaudioC0D0: autoconfig for Generic: line_outs=0 (0x0/0x0/0x0/0x0/0x0) type:line
[    1.885828] snd_hda_codec_generic hdaudioC0D0:    speaker_outs=0 (0x0/0x0/0x0/0x0/0x0)
[    1.888622] ata1: SATA link up 6.0 Gbps (SStatus 133 SControl 300)
[    1.888761] snd_hda_codec_generic hdaudioC0D0:    hp_outs=0 (0x0/0x0/0x0/0x0/0x0)
[    1.894726] snd_hda_codec_generic hdaudioC0D0:    mono: mono_out=0x0
[    1.897678] snd_hda_codec_generic hdaudioC0D0:    dig-out=0x3/0x0
[    1.899316] ata1.00: ATA-8: KINGSTON SV300S37A120G, 603ABBF0, max UDMA/133
[    1.900553] snd_hda_codec_generic hdaudioC0D0:    inputs:
[    1.903453] ata1.00: 234441648 sectors, multi 1: LBA48 NCQ (depth 32), AA
[    1.908924] ata1.00: configured for UDMA/133
[    1.912758] microcode: CPU0: patch_level=0x0700010b
[    1.915704] microcode: CPU1: patch_level=0x0700010b
[    1.918894] random: fast init done
[    1.919125] scsi 0:0:0:0: Direct-Access     ATA      KINGSTON SV300S3 BBF0 PQ: 0 ANSI: 5
[    1.926046] sd 0:0:0:0: [sda] 234441648 512-byte logical blocks: (120 GB/112 GiB)
[    1.928926] input: HDA ATI HDMI HDMI as /devices/pci0000:00/0000:00:01.1/sound/card0/input6
[    1.929582] sd 0:0:0:0: [sda] Write Protect is off
[    1.935249] sd 0:0:0:0: [sda] Mode Sense: 00 3a 00 00
[    1.935472] sd 0:0:0:0: Attached scsi generic sg0 type 0
[    1.938712] sd 0:0:0:0: [sda] Write cache: enabled, read cache: enabled, doesn't support DPO or FUA
[    1.941983] sd 0:0:0:0: [sda] Optimal transfer size 0 bytes < PAGE_SIZE (4096 bytes)
[    1.945356] microcode: Microcode Update Driver: v2.2.
[    1.945415] sched_clock: Marking stable (1936699087, 1658303)->(2068112243, -129754853)
[    1.947706]  sda: sda1 sda2 sda3 sda4 sda5 sda6
[    1.955588] registered taskstats version 1
[    1.957118] sd 0:0:0:0: [sda] Attached SCSI disk
[    1.958932] Loading compiled-in X.509 certificates
[    1.966261] snd_hda_codec_realtek hdaudioC1D0: autoconfig for ALC3229: line_outs=1 (0x14/0x0/0x0/0x0/0x0) type:speaker
[    1.966741] acpi_cpufreq: overriding BIOS provided _PSD data
[    1.969754] snd_hda_codec_realtek hdaudioC1D0:    speaker_outs=0 (0x0/0x0/0x0/0x0/0x0)
[    1.969760] snd_hda_codec_realtek hdaudioC1D0:    hp_outs=1 (0x21/0x0/0x0/0x0/0x0)
[    1.969763] snd_hda_codec_realtek hdaudioC1D0:    mono: mono_out=0x0
[    1.969767] snd_hda_codec_realtek hdaudioC1D0:    inputs:
[    1.969772] snd_hda_codec_realtek hdaudioC1D0:      Mic=0x19
[    1.991856] cfg80211: Loading compiled-in X.509 certificates for regulatory database
[    1.997372] cfg80211: Loaded X.509 cert 'sforshee: 00b28ddf47aef9cea7'
[    2.000876] platform regulatory.0: Direct firmware load for regulatory.db failed with error -2
[    2.004334] cfg80211: failed to load regulatory.db
[    2.007769] ALSA device list:
[    2.011080]   #0: HDA ATI HDMI at 0xfeb64000 irq 33
[    2.024710] input: HD-Audio Generic Headphone as /devices/pci0000:00/0000:00:14.2/sound/card1/input11
[    2.138422] usb 4-1: new full-speed USB device number 2 using ohci-pci
[    2.208558] tsc: Refined TSC clocksource calibration: 998.128 MHz
[    2.212061] clocksource: tsc: mask: 0xffffffffffffffff max_cycles: 0x1cc65d64e77, max_idle_ns: 881590512558 ns
[    2.215637] clocksource: Switched to clocksource tsc
[    2.424533] usb 4-1: New USB device found, idVendor=03eb, idProduct=843d, bcdDevice=20.01
[    2.428094] usb 4-1: New USB device strings: Mfr=1, Product=2, SerialNumber=0
[    2.431620] usb 4-1: Product: Atmel maXTouch Digitizer
[    2.435104] usb 4-1: Manufacturer: Atmel
[    2.454772] input: Atmel Atmel maXTouch Digitizer Touchscreen as /devices/pci0000:00/0000:00:13.0/usb4/4-1/4-1:1.0/0003:03EB:843D.0001/input/input15
[    2.459082] input: Atmel Atmel maXTouch Digitizer as /devices/pci0000:00/0000:00:13.0/usb4/4-1/4-1:1.0/0003:03EB:843D.0001/input/input16
[    2.463393] hid-generic 0003:03EB:843D.0001: input,hiddev96,hidraw0: USB HID v1.11 Device [Atmel Atmel maXTouch Digitizer] on usb-0000:00:13.0-1/input0
[    2.476316] hid-generic 0003:03EB:843D.0002: hiddev97,hidraw1: USB HID v1.11 Device [Atmel Atmel maXTouch Digitizer] on usb-0000:00:13.0-1/input1
[    2.692544] input: PS/2 Logitech Wheel Mouse as /devices/platform/i8042/serio4/input/input14
[    2.699541] md: Waiting for all devices to be available before autodetect
[    2.703560] md: If you don't use raid, use raid=noautodetect
[    2.707965] md: Autodetecting RAID arrays.
[    2.711968] md: autorun ...
[    2.715863] md: ... autorun DONE.
[    2.728868] EXT4-fs (sda2): mounted filesystem with ordered data mode. Opts: (null)
[    2.732802] VFS: Mounted root (ext4 filesystem) readonly on device 8:2.
[    2.738216] devtmpfs: mounted
[    2.742945] Freeing unused kernel image memory: 1256K
[    2.788627] Write protecting the kernel read-only data: 22528k
[    2.794089] Freeing unused kernel image memory: 1984K
[    2.799160] Freeing unused kernel image memory: 1740K
[    2.802895] Run /sbin/init as init process
[    2.851569] stty (1784) used greatest stack depth: 13656 bytes left
[    2.939840] sed (1798) used greatest stack depth: 13608 bytes left
[    3.082110] ip (1842) used greatest stack depth: 12672 bytes left
[    3.118471] usb 4-2: new full-speed USB device number 3 using ohci-pci
[    3.174084] udevd[1872]: starting version 3.2.1
[    3.185604] random: udevd: uninitialized urandom read (16 bytes read)
[    3.190368] random: udevd: uninitialized urandom read (16 bytes read)
[    3.194836] random: udevd: uninitialized urandom read (16 bytes read)
[    3.213152] udevd[1873]: starting eudev-3.2.1
[    3.401391] usb 4-2: New USB device found, idVendor=13d3, idProduct=3362, bcdDevice= 0.01
[    3.405532] usb 4-2: New USB device strings: Mfr=1, Product=2, SerialNumber=3
[    3.409709] usb 4-2: Product: Bluetooth USB Host Controller
[    3.413777] usb 4-2: Manufacturer: Atheros Communications
[    3.417786] usb 4-2: SerialNumber: Alaska Day 2006
[    3.533352] [drm] radeon kernel modesetting enabled.
[    3.537372] ath9k 0000:01:00.0 wlp1s0: renamed from wlan0
[    3.540544] checking generic (c0000000 420000) vs hw (c0000000 10000000)
[    3.541252] fb0: switching to radeondrmfb from EFI VGA
[    3.559364] Console: switching to colour dummy device 80x25
[    3.559846] radeon 0000:00:01.0: vgaarb: deactivate vga console
[    3.566520] [drm] initializing kernel modesetting (KABINI 0x1002:0x9839 0x1043:0x141D 0x00).
[    3.566591] [drm] doorbell mmio base: 0xD0000000
[    3.566599] [drm] doorbell mmio size: 8388608
[    3.566640] ATOM BIOS: AMD
[    3.566715] [drm] Changing default dispclk from 400Mhz to 600Mhz
[    3.566757] radeon 0000:00:01.0: VRAM: 512M 0x0000000000000000 - 0x000000001FFFFFFF (512M used)
[    3.566772] radeon 0000:00:01.0: GTT: 2048M 0x0000000020000000 - 0x000000009FFFFFFF
[    3.566793] [drm] Detected VRAM RAM=512M, BAR=256M
[    3.566800] [drm] RAM width 128bits DDR
[    3.567015] [TTM] Zone  kernel: Available graphics memory: 1729580 kiB
[    3.567027] [TTM] Initializing pool allocator
[    3.567047] [TTM] Initializing DMA pool allocator
[    3.567120] [drm] radeon: 512M of VRAM memory ready
[    3.567129] [drm] radeon: 2048M of GTT memory ready.
[    3.567162] [drm] Loading kabini Microcode
[    3.578692] r8169 0000:02:00.0 enp2s0: renamed from eth0
[    3.588128] [drm] Internal thermal controller without fan control
[    3.589359] [drm] radeon: dpm initialized
[    3.590775] [drm] Found UVD firmware Version: 1.64 Family ID: 9
[    3.595674] [drm] Found VCE firmware/feedback version 40.2.2 / 15!
[    3.595724] [drm] GART: num cpu pages 524288, num gpu pages 524288
[    3.645917] [drm] PCIE GART of 2048M enabled (table at 0x000000000030E000).
[    3.646317] radeon 0000:00:01.0: WB enabled
[    3.646364] radeon 0000:00:01.0: fence driver on ring 0 use gpu addr 0x0000000020000c00 and cpu addr 0x(____ptrval____)
[    3.646380] radeon 0000:00:01.0: fence driver on ring 1 use gpu addr 0x0000000020000c04 and cpu addr 0x(____ptrval____)
[    3.646396] radeon 0000:00:01.0: fence driver on ring 2 use gpu addr 0x0000000020000c08 and cpu addr 0x(____ptrval____)
[    3.646410] radeon 0000:00:01.0: fence driver on ring 3 use gpu addr 0x0000000020000c0c and cpu addr 0x(____ptrval____)
[    3.646423] radeon 0000:00:01.0: fence driver on ring 4 use gpu addr 0x0000000020000c10 and cpu addr 0x(____ptrval____)
[    3.647335] radeon 0000:00:01.0: fence driver on ring 5 use gpu addr 0x0000000000078d30 and cpu addr 0x(____ptrval____)
[    3.648068] radeon 0000:00:01.0: fence driver on ring 6 use gpu addr 0x0000000020000c18 and cpu addr 0x(____ptrval____)
[    3.648085] radeon 0000:00:01.0: fence driver on ring 7 use gpu addr 0x0000000020000c1c and cpu addr 0x(____ptrval____)
[    3.648099] [drm] Supports vblank timestamp caching Rev 2 (21.10.2013).
[    3.648106] [drm] Driver supports precise vblank timestamp query.
[    3.648212] radeon 0000:00:01.0: radeon: using MSI.
[    3.648275] [drm] radeon: irq initialized.
[    3.665453] [drm] ring test on 0 succeeded in 3 usecs
[    3.665605] [drm] ring test on 1 succeeded in 3 usecs
[    3.665645] [drm] ring test on 2 succeeded in 4 usecs
[    3.665984] [drm] ring test on 3 succeeded in 6 usecs
[    3.666003] [drm] ring test on 4 succeeded in 6 usecs
[    3.732624] [drm] ring test on 5 succeeded in 2 usecs
[    3.744662] usb 2-3: new high-speed USB device number 4 using ehci-pci
[    3.785083] [drm] UVD initialized successfully.
[    3.896630] [drm] ring test on 6 succeeded in 20 usecs
[    3.896661] [drm] ring test on 7 succeeded in 3 usecs
[    3.896668] [drm] VCE initialized successfully.
[    3.899155] [drm] ib test on ring 0 succeeded in 0 usecs
[    3.899440] [drm] ib test on ring 1 succeeded in 0 usecs
[    3.899713] [drm] ib test on ring 2 succeeded in 0 usecs
[    3.899991] [drm] ib test on ring 3 succeeded in 0 usecs
[    3.900264] [drm] ib test on ring 4 succeeded in 0 usecs
[    3.984150] usb 2-3: New USB device found, idVendor=04f2, idProduct=b404, bcdDevice=69.63
[    3.984176] usb 2-3: New USB device strings: Mfr=3, Product=1, SerialNumber=2
[    3.984187] usb 2-3: Product: USB2.0 HD UVC WebCam
[    3.984197] usb 2-3: Manufacturer: Chicony Electronics Co.,Ltd.
[    3.984206] usb 2-3: SerialNumber: 0x0001
[    4.428711] [drm] ib test on ring 5 succeeded
[    4.449942] [drm] ib test on ring 6 succeeded
[    4.450918] [drm] ib test on ring 7 succeeded
[    4.498540] [drm] radeon atom DIG backlight initialized
[    4.498567] [drm] Radeon Display Connectors
[    4.498575] [drm] Connector 0:
[    4.498582] [drm]   LVDS-1
[    4.498587] [drm]   HPD1
[    4.498596] [drm]   DDC: 0x6530 0x6530 0x6534 0x6534 0x6538 0x6538 0x653c 0x653c
[    4.498605] [drm]   Encoders:
[    4.498611] [drm]     LCD1: INTERNAL_UNIPHY
[    4.498617] [drm] Connector 1:
[    4.498624] [drm]   HDMI-A-1
[    4.498629] [drm]   HPD2
[    4.498637] [drm]   DDC: 0x6540 0x6540 0x6544 0x6544 0x6548 0x6548 0x654c 0x654c
[    4.498645] [drm]   Encoders:
[    4.498651] [drm]     DFP1: INTERNAL_UNIPHY
[    4.498656] [drm] Connector 2:
[    4.498662] [drm]   VGA-1
[    4.498669] [drm]   DDC: 0x65c0 0x65c0 0x65c4 0x65c4 0x65c8 0x65c8 0x65cc 0x65cc
[    4.498678] [drm]   Encoders:
[    4.498683] [drm]     CRT1: INTERNAL_KLDSCP_DAC1
[    5.550705] [drm] fb mappable at 0xC0722000
[    5.550723] [drm] vram apper at 0xC0000000
[    5.550730] [drm] size 4325376
[    5.550736] [drm] fb depth is 24
[    5.550742] [drm]    pitch is 5632
[    5.551139] fbcon: radeondrmfb (fb0) is primary device
[    5.658845] Console: switching to colour frame buffer device 170x48
[    5.669183] radeon 0000:00:01.0: fb0: radeondrmfb frame buffer device
[    5.717443] [drm] Initialized radeon 2.50.0 20080528 for 0000:00:01.0 on minor 0
[    5.796506] Adding 3608572k swap on /dev/sda4.  Priority:1 extents:1 across:3608572k SS
[    5.846656] EXT4-fs (sda2): re-mounted. Opts: (null)
[    5.942523] EXT4-fs (sda2): re-mounted. Opts: (null)
[    8.381021] urandom_read: 6 callbacks suppressed
[    8.381025] random: wpa_supplicant: uninitialized urandom read (32 bytes read)
[    9.729744] wlp1s0: authenticate with 64:66:b3:cd:9a:3a
[    9.750178] wlp1s0: send auth to 64:66:b3:cd:9a:3a (try 1/3)
[    9.756967] wlp1s0: authenticated
[    9.768553] wlp1s0: associate with 64:66:b3:cd:9a:3a (try 1/3)
[    9.773177] wlp1s0: RX AssocResp from 64:66:b3:cd:9a:3a (capab=0x431 status=0 aid=1)
[    9.776820] wlp1s0: associated
[    9.808151] IPv6: ADDRCONF(NETDEV_CHANGE): wlp1s0: link becomes ready
[   11.374603] udevd (1985) used greatest stack depth: 12176 bytes left
[   64.995009] random: crng init done
