[    0.000000] Linux version 5.2.0-rc6+ (root@(none)) (gcc version 9.0.1 20190416 (experimental) (GCC)) #155 SMP Sat Jun 29 19:04:06 +05 2019
[    0.000000] Command line: BOOT_IMAGE=/boot/bzImage root=/dev/sda2 ro
[    0.000000] x86/fpu: Supporting XSAVE feature 0x001: 'x87 floating point registers'
[    0.000000] x86/fpu: Supporting XSAVE feature 0x002: 'SSE registers'
[    0.000000] x86/fpu: Supporting XSAVE feature 0x004: 'AVX registers'
[    0.000000] x86/fpu: xstate_offset[2]:  576, xstate_sizes[2]:  256
[    0.000000] x86/fpu: Enabled xstate features 0x7, context size is 832 bytes, using 'standard' format.
[    0.000000] BIOS-provided physical RAM map:
[    0.000000] BIOS-e820: [mem 0x0000000000000000-0x000000000009ffff] usable
[    0.000000] BIOS-e820: [mem 0x0000000000100000-0x000000009d0f7fff] usable
[    0.000000] BIOS-e820: [mem 0x000000009d0f8000-0x000000009d127fff] reserved
[    0.000000] BIOS-e820: [mem 0x000000009d128000-0x000000009d370fff] usable
[    0.000000] BIOS-e820: [mem 0x000000009d371000-0x000000009dc56fff] ACPI NVS
[    0.000000] BIOS-e820: [mem 0x000000009dc57000-0x000000009e959fff] reserved
[    0.000000] BIOS-e820: [mem 0x000000009e95a000-0x000000009e9cafff] type 20
[    0.000000] BIOS-e820: [mem 0x000000009e9cb000-0x000000009e9cbfff] usable
[    0.000000] BIOS-e820: [mem 0x000000009e9cc000-0x000000009e9d3fff] ACPI NVS
[    0.000000] BIOS-e820: [mem 0x000000009e9d4000-0x000000009eb24fff] usable
[    0.000000] BIOS-e820: [mem 0x000000009eb25000-0x000000009f041fff] reserved
[    0.000000] BIOS-e820: [mem 0x000000009f042000-0x000000009f080fff] usable
[    0.000000] BIOS-e820: [mem 0x000000009f081000-0x000000009f3f1fff] reserved
[    0.000000] BIOS-e820: [mem 0x000000009f3f2000-0x000000009f3fffff] usable
[    0.000000] BIOS-e820: [mem 0x00000000fec00000-0x00000000fec01fff] reserved
[    0.000000] BIOS-e820: [mem 0x00000000fec10000-0x00000000fec10fff] reserved
[    0.000000] BIOS-e820: [mem 0x00000000fed00000-0x00000000fed00fff] reserved
[    0.000000] BIOS-e820: [mem 0x00000000fed80000-0x00000000fed8ffff] reserved
[    0.000000] BIOS-e820: [mem 0x00000000ff000000-0x00000000ffffffff] reserved
[    0.000000] BIOS-e820: [mem 0x0000000100001000-0x000000013effffff] usable
[    0.000000] NX (Execute Disable) protection: active
[    0.000000] efi: EFI v2.31 by American Megatrends
[    0.000000] efi:  ACPI=0x9d3f3000  ACPI 2.0=0x9d3f3000  SMBIOS=0x9e958998 
[    0.000000] SMBIOS 2.7 present.
[    0.000000] DMI: ASUSTeK COMPUTER INC. X102BA/X102BA, BIOS X102BA.212 08/30/2013
[    0.000000] tsc: Fast TSC calibration using PIT
[    0.000000] tsc: Detected 998.147 MHz processor
[    0.000214] e820: update [mem 0x00000000-0x00000fff] usable ==> reserved
[    0.000219] e820: remove [mem 0x000a0000-0x000fffff] usable
[    0.000241] last_pfn = 0x13f000 max_arch_pfn = 0x400000000
[    0.000251] MTRR default type: uncachable
[    0.000252] MTRR fixed ranges enabled:
[    0.000256]   00000-9FFFF write-back
[    0.000259]   A0000-BFFFF write-through
[    0.000261]   C0000-DFFFF uncachable
[    0.000264]   E0000-FFFFF write-protect
[    0.000266] MTRR variable ranges enabled:
[    0.000270]   0 base 0000000000 mask FF80000000 write-back
[    0.000274]   1 base 0080000000 mask FFE0000000 write-back
[    0.000277]   2 base 009F400000 mask FFFFC00000 uncachable
[    0.000281]   3 base 009F800000 mask FFFF800000 uncachable
[    0.000282]   4 disabled
[    0.000283]   5 disabled
[    0.000284]   6 disabled
[    0.000285]   7 disabled
[    0.000288] TOM2: 000000013f000000 aka 5104M
[    0.000811] x86/PAT: Configuration [0-7]: WB  WC  UC- UC  WB  WP  UC- WT  
[    0.001069] e820: update [mem 0x9f400000-0xffffffff] usable ==> reserved
[    0.001083] last_pfn = 0x9f400 max_arch_pfn = 0x400000000
[    0.014801] check: Scanning 1 areas for low memory corruption
[    0.014815] Using GB pages for direct mapping
[    0.014822] BRK [0x11be01000, 0x11be01fff] PGTABLE
[    0.014828] BRK [0x11be02000, 0x11be02fff] PGTABLE
[    0.014832] BRK [0x11be03000, 0x11be03fff] PGTABLE
[    0.014982] BRK [0x11be04000, 0x11be04fff] PGTABLE
[    0.014986] BRK [0x11be05000, 0x11be05fff] PGTABLE
[    0.015931] BRK [0x11be06000, 0x11be06fff] PGTABLE
[    0.016131] BRK [0x11be07000, 0x11be07fff] PGTABLE
[    0.016360] BRK [0x11be08000, 0x11be08fff] PGTABLE
[    0.016600] BRK [0x11be09000, 0x11be09fff] PGTABLE
[    0.016798] BRK [0x11be0a000, 0x11be0afff] PGTABLE
[    0.017056] BRK [0x11be0b000, 0x11be0bfff] PGTABLE
[    0.017357] BRK [0x11be0c000, 0x11be0cfff] PGTABLE
[    0.017558] Secure boot could not be determined
[    0.017573] ACPI: Early table checksum verification disabled
[    0.017584] ACPI: RSDP 0x000000009D3F3000 000024 (v02 _ASUS_)
[    0.017596] ACPI: XSDT 0x000000009D3F3088 000094 (v01 _ASUS_ Notebook 01072009 AMI  00010013)
[    0.017613] ACPI: FACP 0x000000009D400748 00010C (v05 _ASUS_ Notebook 01072009 AMI  00010013)
[    0.017629] ACPI BIOS Warning (bug): Optional FADT field Pm2ControlBlock has valid Length but zero Address: 0x0000000000000000/0x1 (20190509/tbfadt-615)
[    0.017644] ACPI: DSDT 0x000000009D3F31A8 00D59D (v02 _ASUS_ Notebook 00000000 INTL 20091112)
[    0.017656] ACPI: FACS 0x000000009DC4B080 000040
[    0.017665] ACPI: APIC 0x000000009D400858 00007E (v03 _ASUS_ Notebook 01072009 AMI  00010013)
[    0.017676] ACPI: FPDT 0x000000009D4008D8 000044 (v01 _ASUS_ Notebook 01072009 AMI  00010013)
[    0.017687] ACPI: ECDT 0x000000009D400920 0000C1 (v01 _ASUS_ Notebook 01072009 AMI. 00000005)
[    0.017697] ACPI: MCFG 0x000000009D4009E8 00003C (v01 _ASUS_ Notebook 01072009 MSFT 00010013)
[    0.017708] ACPI: HPET 0x000000009D400A28 000038 (v01 _ASUS_ Notebook 01072009 AMI  00000005)
[    0.017718] ACPI: VFCT 0x000000009D400A60 004684 (v01 _ASUS_ Notebook 00000001 AMD  31504F47)
[    0.017730] ACPI: BGRT 0x000000009D4050E8 000038 (v00 _ASUS_ Notebook 01072009 ASUS 00010013)
[    0.017741] ACPI: SSDT 0x000000009D405120 0005E0 (v01 AMD    AGESA    00000001 AMD  00000001)
[    0.017751] ACPI: SSDT 0x000000009D405700 0046D1 (v02 AMD    AGESA    00000002 MSFT 04000000)
[    0.017762] ACPI: CRAT 0x000000009D409DD8 000228 (v01 AMD    AGESA    00000001 AMD  00000001)
[    0.017773] ACPI: SSDT 0x000000009D40A000 001411 (v01 AMD    CPMDFIGP 00000001 INTL 20051117)
[    0.017783] ACPI: SSDT 0x000000009D40B418 0010E8 (v01 AMD    CPMCMN   00000001 INTL 20051117)
[    0.017794] ACPI: MSDM 0x000000009D127F98 000055 (v03 _ASUS_ Notebook 00000000 ASUS 00000001)
[    0.017823] ACPI: Local APIC address 0xfee00000
[    0.018083] No NUMA configuration found
[    0.018087] Faking a node at [mem 0x0000000000000000-0x000000013effffff]
[    0.018101] NODE_DATA(0) allocated [mem 0x13effb000-0x13effefff]
[    0.018154] Zone ranges:
[    0.018158]   DMA      [mem 0x0000000000001000-0x0000000000ffffff]
[    0.018162]   DMA32    [mem 0x0000000001000000-0x00000000ffffffff]
[    0.018166]   Normal   [mem 0x0000000100000000-0x000000013effffff]
[    0.018171] Movable zone start for each node
[    0.018173] Early memory node ranges
[    0.018177]   node   0: [mem 0x0000000000001000-0x000000000009ffff]
[    0.018180]   node   0: [mem 0x0000000000100000-0x000000009d0f7fff]
[    0.018184]   node   0: [mem 0x000000009d128000-0x000000009d370fff]
[    0.018187]   node   0: [mem 0x000000009e9cb000-0x000000009e9cbfff]
[    0.018190]   node   0: [mem 0x000000009e9d4000-0x000000009eb24fff]
[    0.018193]   node   0: [mem 0x000000009f042000-0x000000009f080fff]
[    0.018196]   node   0: [mem 0x000000009f3f2000-0x000000009f3fffff]
[    0.018199]   node   0: [mem 0x0000000100001000-0x000000013effffff]
[    0.018521] Zeroed struct page in unavailable ranges: 11138 pages
[    0.018529] Initmem setup node 0 [mem 0x0000000000001000-0x000000013effffff]
[    0.018537] On node 0 totalpages: 902270
[    0.018540]   DMA zone: 64 pages used for memmap
[    0.018542]   DMA zone: 23 pages reserved
[    0.018545]   DMA zone: 3999 pages, LIFO batch:0
[    0.018758]   DMA32 zone: 10004 pages used for memmap
[    0.018761]   DMA32 zone: 640224 pages, LIFO batch:63
[    0.058243]   Normal zone: 4032 pages used for memmap
[    0.058250]   Normal zone: 258047 pages, LIFO batch:63
[    0.071344] ACPI: PM-Timer IO Port: 0x808
[    0.071355] ACPI: Local APIC address 0xfee00000
[    0.071373] ACPI: LAPIC_NMI (acpi_id[0xff] high edge lint[0x1])
[    0.071389] IOAPIC[0]: apic_id 3, version 33, address 0xfec00000, GSI 0-23
[    0.071399] IOAPIC[1]: apic_id 4, version 33, address 0xfec01000, GSI 24-55
[    0.071406] ACPI: INT_SRC_OVR (bus 0 bus_irq 0 global_irq 2 dfl dfl)
[    0.071412] ACPI: INT_SRC_OVR (bus 0 bus_irq 9 global_irq 9 low level)
[    0.071417] ACPI: IRQ0 used by override.
[    0.071419] ACPI: IRQ9 used by override.
[    0.071424] Using ACPI (MADT) for SMP configuration information
[    0.071429] ACPI: HPET id: 0x10228210 base: 0xfed00000
[    0.071444] smpboot: Allowing 4 CPUs, 2 hotplug CPUs
[    0.071518] PM: Registered nosave memory: [mem 0x00000000-0x00000fff]
[    0.071524] PM: Registered nosave memory: [mem 0x000a0000-0x000fffff]
[    0.071531] PM: Registered nosave memory: [mem 0x9d0f8000-0x9d127fff]
[    0.071538] PM: Registered nosave memory: [mem 0x9d371000-0x9dc56fff]
[    0.071541] PM: Registered nosave memory: [mem 0x9dc57000-0x9e959fff]
[    0.071544] PM: Registered nosave memory: [mem 0x9e95a000-0x9e9cafff]
[    0.071550] PM: Registered nosave memory: [mem 0x9e9cc000-0x9e9d3fff]
[    0.071556] PM: Registered nosave memory: [mem 0x9eb25000-0x9f041fff]
[    0.071563] PM: Registered nosave memory: [mem 0x9f081000-0x9f3f1fff]
[    0.071569] PM: Registered nosave memory: [mem 0x9f400000-0xfebfffff]
[    0.071572] PM: Registered nosave memory: [mem 0xfec00000-0xfec01fff]
[    0.071575] PM: Registered nosave memory: [mem 0xfec02000-0xfec0ffff]
[    0.071578] PM: Registered nosave memory: [mem 0xfec10000-0xfec10fff]
[    0.071581] PM: Registered nosave memory: [mem 0xfec11000-0xfecfffff]
[    0.071583] PM: Registered nosave memory: [mem 0xfed00000-0xfed00fff]
[    0.071586] PM: Registered nosave memory: [mem 0xfed01000-0xfed7ffff]
[    0.071589] PM: Registered nosave memory: [mem 0xfed80000-0xfed8ffff]
[    0.071591] PM: Registered nosave memory: [mem 0xfed90000-0xfeffffff]
[    0.071594] PM: Registered nosave memory: [mem 0xff000000-0xffffffff]
[    0.071597] PM: Registered nosave memory: [mem 0x100000000-0x100000fff]
[    0.071604] [mem 0x9f400000-0xfebfffff] available for PCI devices
[    0.071616] clocksource: refined-jiffies: mask: 0xffffffff max_cycles: 0xffffffff, max_idle_ns: 19112604462750000 ns
[    0.500514] setup_percpu: NR_CPUS:64 nr_cpumask_bits:64 nr_cpu_ids:4 nr_node_ids:1
[    0.501691] percpu: Embedded 51 pages/cpu s170008 r8192 d30696 u524288
[    0.501729] pcpu-alloc: s170008 r8192 d30696 u524288 alloc=1*2097152
[    0.501733] pcpu-alloc: [0] 0 1 2 3 
[    0.501812] Built 1 zonelists, mobility grouping on.  Total pages: 888147
[    0.501816] Policy zone: Normal
[    0.501822] Kernel command line: BOOT_IMAGE=/boot/bzImage root=/dev/sda2 ro
[    0.565954] Memory: 3432176K/3609080K available (14357K kernel code, 1433K rwdata, 4456K rodata, 1296K init, 856K bss, 176904K reserved, 0K cma-reserved)
[    0.566176] SLUB: HWalign=64, Order=0-3, MinObjects=0, CPUs=4, Nodes=1
[    0.566412] rcu: Hierarchical RCU implementation.
[    0.566416] rcu: 	RCU event tracing is enabled.
[    0.566420] rcu: 	RCU restricting CPUs from NR_CPUS=64 to nr_cpu_ids=4.
[    0.566425] rcu: RCU calculated value of scheduler-enlistment delay is 10 jiffies.
[    0.566428] rcu: Adjusting geometry for rcu_fanout_leaf=16, nr_cpu_ids=4
[    0.567016] NR_IRQS: 4352, nr_irqs: 1000, preallocated irqs: 16
[    0.567490] random: get_random_bytes called from start_kernel+0x2c6/0x493 with crng_init=0
[    0.567574] Console: colour dummy device 80x25
[    0.568256] printk: console [tty0] enabled
[    0.568301] ACPI: Core revision 20190509
[    0.568991] clocksource: hpet: mask: 0xffffffff max_cycles: 0xffffffff, max_idle_ns: 133484873504 ns
[    0.569020] hpet clockevent registered
[    0.569032] APIC: Switch to symmetric I/O mode setup
[    0.569777] ..TIMER: vector=0x30 apic1=0 pin1=2 apic2=-1 pin2=-1
[    0.619031] clocksource: tsc-early: mask: 0xffffffffffffffff max_cycles: 0x1cc681607fb, max_idle_ns: 881590597507 ns
[    0.619048] Calibrating delay loop (skipped), value calculated using timer frequency.. 1996.29 BogoMIPS (lpj=9981470)
[    0.619064] pid_max: default: 32768 minimum: 301
[    0.621749] LSM: Security Framework initializing
[    0.621783] SELinux:  Initializing.
[    0.621821] *** VALIDATE SELinux ***
[    0.624054] Dentry cache hash table entries: 524288 (order: 10, 4194304 bytes)
[    0.625229] Inode-cache hash table entries: 262144 (order: 9, 2097152 bytes)
[    0.625330] Mount-cache hash table entries: 8192 (order: 4, 65536 bytes)
[    0.625377] Mountpoint-cache hash table entries: 8192 (order: 4, 65536 bytes)
[    0.625770] *** VALIDATE proc ***
[    0.625860] *** VALIDATE cgroup1 ***
[    0.625871] *** VALIDATE cgroup2 ***
[    0.625977] LVT offset 1 assigned for vector 0xf9
[    0.625994] Last level iTLB entries: 4KB 512, 2MB 8, 4MB 4
[    0.626002] Last level dTLB entries: 4KB 512, 2MB 256, 4MB 128, 1GB 0
[    0.626012] Spectre V2 : Mitigation: Full AMD retpoline
[    0.626018] Spectre V2 : Spectre v2 / SpectreRSB mitigation: Filling RSB on context switch
[    0.626029] Speculative Store Bypass: Mitigation: Speculative Store Bypass disabled via prctl and seccomp
[    0.626603] Freeing SMP alternatives memory: 40K
[    0.639046] smpboot: CPU0: AMD A4-1200 APU with Radeon(TM) HD Graphics (family: 0x16, model: 0x0, stepping: 0x1)
[    0.639046] Performance Events: AMD PMU driver.
[    0.639046] ... version:                0
[    0.639046] ... bit width:              48
[    0.639046] ... generic registers:      4
[    0.639046] ... value mask:             0000ffffffffffff
[    0.639046] ... max period:             00007fffffffffff
[    0.639046] ... fixed-purpose events:   0
[    0.639046] ... event mask:             000000000000000f
[    0.639046] rcu: Hierarchical SRCU implementation.
[    0.639046] MCE: In-kernel MCE decoding enabled.
[    0.639046] smp: Bringing up secondary CPUs ...
[    0.639046] x86: Booting SMP configuration:
[    0.639046] .... node  #0, CPUs:      #1
[    0.639046] smp: Brought up 1 node, 2 CPUs
[    0.639046] smpboot: Max logical packages: 2
[    0.639046] smpboot: Total of 2 processors activated (3992.58 BogoMIPS)
[    0.639046] devtmpfs: initialized
[    0.639046] PM: Registering ACPI NVS region [mem 0x9d371000-0x9dc56fff] (9330688 bytes)
[    0.639046] PM: Registering ACPI NVS region [mem 0x9e9cc000-0x9e9d3fff] (32768 bytes)
[    0.639046] clocksource: jiffies: mask: 0xffffffff max_cycles: 0xffffffff, max_idle_ns: 19112604462750000 ns
[    0.639046] futex hash table entries: 1024 (order: 4, 65536 bytes)
[    0.639046] kworker/u8:0 (22) used greatest stack depth: 14624 bytes left
[    0.639046] NET: Registered protocol family 16
[    0.639046] audit: initializing netlink subsys (disabled)
[    0.639046] audit: type=2000 audit(1561883499.060:1): state=initialized audit_enabled=0 res=1
[    0.639046] cpuidle: using governor ladder
[    0.639046] cpuidle: using governor menu
[    0.639046] ACPI FADT declares the system doesn't support PCIe ASPM, so disable it
[    0.639046] ACPI: bus type PCI registered
[    0.639046] PCI: MMCONFIG for domain 0000 [bus 00-ff] at [mem 0xe0000000-0xefffffff] (base 0xe0000000)
[    0.639046] PCI: not using MMCONFIG
[    0.639046] PCI: Using configuration type 1 for base access
[    0.639046] PCI: Using configuration type 1 for extended access
[    0.639080] rq->curr == THREAD(this messg)
[    0.639085] color, tsk->comm, weight, vruntime: -128987631627879 kworker/u8:1 1048576 47834115
[    0.639096] color, tsk->comm, weight, vruntime: -128987631638248 kworker/u8:1 1048576 47834115
[    0.639107] color, tsk->comm, weight, vruntime: -128987631627879 kworker/u8:1 1048576 47834115
[    0.639118] color, tsk->comm, weight, vruntime: 1 kworker/u8:1 1048576 48048402
[    0.639129] color, tsk->comm, weight, vruntime: -128987623854951 kworker/u8:1 1048576 48334116
[    0.639139] color, tsk->comm, weight, vruntime: -128987631638248 kworker/u8:1 1048576 48734115
[    0.639150] color, tsk->comm, weight, vruntime: -128987623854951 kworker/u8:1 1048576 49334115
[    0.639159] proc in rq 7
[    0.639170] rq->nr_running rq->cfs.nr_running : 8 8
[    0.639180] rq->load.weight, rq->cfs.load.weight : 8388608 8388608
[    0.639181] ----------------^^^^CPU0^^^^^-----------------------
[    0.639189] rq->curr->pid == 1
[    0.639197] color, tsk->comm, weight, vruntime: -128987631648616 kworker/u8:0 1048576 28351403
[    0.639204] color, tsk->comm, weight, vruntime: -128987623858407 kworker/u8:1 1048576 34351403
[    0.639215] color, tsk->comm, weight, vruntime: 1 kworker/u8:1 1048576 34951403
[    0.639226] color, tsk->comm, weight, vruntime: -128987623858407 kthreadd 1048576 37351400
[    0.639235] proc in rq 4
[    0.639245] rq->nr_running rq->cfs.nr_running : 5 5
[    0.639255] rq->load.weight, rq->cfs.load.weight : 5242880 5242880
[    0.639256] ----------------^^^^CPU1^^^^^-----------------------
[    0.639264] rq->curr->pid == 0
[    0.639271] proc in rq 0
[    0.639277] rq->nr_running rq->cfs.nr_running : 0 0
[    0.639287] rq->load.weight, rq->cfs.load.weight : 0 0
[    0.639288] ----------------^^^^CPU2^^^^^-----------------------
[    0.639295] rq->curr->pid == 0
[    0.639302] proc in rq 0
[    0.639308] rq->nr_running rq->cfs.nr_running : 0 0
[    0.639318] rq->load.weight, rq->cfs.load.weight : 0 0
[    0.639319] ----------------^^^^CPU3^^^^^-----------------------
[    0.657955] kworker/u8:0 (116) used greatest stack depth: 14160 bytes left
[    0.682562] HugeTLB registered 2.00 MiB page size, pre-allocated 0 pages
[    0.696630] ACPI: Added _OSI(Module Device)
[    0.696630] ACPI: Added _OSI(Processor Device)
[    0.696630] ACPI: Added _OSI(3.0 _SCP Extensions)
[    0.696630] ACPI: Added _OSI(Processor Aggregator Device)
[    0.696630] ACPI: Added _OSI(Linux-Dell-Video)
[    0.696630] ACPI: Added _OSI(Linux-Lenovo-NV-HDMI-Audio)
[    0.696630] ACPI: Added _OSI(Linux-HPI-Hybrid-Graphics)
[    0.732087] ACPI: 5 ACPI AML tables successfully acquired and loaded
[    0.735492] ACPI: EC: EC started
[    0.735501] ACPI: EC: interrupt blocked
[    0.737758] ACPI: \: Used as first EC
[    0.737771] ACPI: \: GPE=0x3, EC_CMD/EC_SC=0x66, EC_DATA=0x62
[    0.737778] ACPI: EC: Boot ECDT EC used to handle transactions
[    0.743104] ACPI: [Firmware Bug]: BIOS _OSI(Linux) query ignored
[    0.747871] ACPI: Interpreter enabled
[    0.747958] ACPI: (supports S0 S3 S4 S5)
[    0.747969] ACPI: Using IOAPIC for interrupt routing
[    0.749046] PCI: MMCONFIG for domain 0000 [bus 00-ff] at [mem 0xe0000000-0xefffffff] (base 0xe0000000)
[    0.749046] PCI: MMCONFIG at [mem 0xe0000000-0xefffffff] reserved in ACPI motherboard resources
[    0.749046] PCI: Using host bridge windows from ACPI; if necessary, use "pci=nocrs" and report a bug
[    0.749227] ACPI: Enabled 3 GPEs in block 00 to 1F
[    0.802196] ACPI: PCI Root Bridge [PCI0] (domain 0000 [bus 00-ff])
[    0.802228] acpi PNP0A08:00: _OSC: OS supports [ExtendedConfig ASPM ClockPM Segments MSI HPX-Type3]
[    0.802870] acpi PNP0A08:00: _OSC: platform does not support [LTR]
[    0.803471] acpi PNP0A08:00: _OSC: OS now controls [PME AER PCIeCapability]
[    0.803484] acpi PNP0A08:00: FADT indicates ASPM is unsupported, using BIOS configuration
[    0.804053] PCI host bridge to bus 0000:00
[    0.804067] pci_bus 0000:00: root bus resource [io  0x0000-0x03af window]
[    0.804078] pci_bus 0000:00: root bus resource [io  0x03e0-0x0cf7 window]
[    0.804089] pci_bus 0000:00: root bus resource [io  0x03b0-0x03df window]
[    0.804100] pci_bus 0000:00: root bus resource [io  0x0d00-0xffff window]
[    0.804110] pci_bus 0000:00: root bus resource [mem 0x000a0000-0x000bffff window]
[    0.804123] pci_bus 0000:00: root bus resource [mem 0x000c0000-0x000dffff window]
[    0.804135] pci_bus 0000:00: root bus resource [mem 0xc0000000-0xffffffff window]
[    0.804148] pci_bus 0000:00: root bus resource [bus 00-ff]
[    0.804177] pci 0000:00:00.0: [1022:1536] type 00 class 0x060000
[    0.804474] pci 0000:00:01.0: [1002:9839] type 00 class 0x030000
[    0.804515] pci 0000:00:01.0: reg 0x10: [mem 0xc0000000-0xcfffffff 64bit pref]
[    0.804539] pci 0000:00:01.0: reg 0x18: [mem 0xd0000000-0xd07fffff 64bit pref]
[    0.804559] pci 0000:00:01.0: reg 0x20: [io  0xf000-0xf0ff]
[    0.804576] pci 0000:00:01.0: reg 0x24: [mem 0xfeb00000-0xfeb3ffff]
[    0.804594] pci 0000:00:01.0: reg 0x30: [mem 0xfeb40000-0xfeb5ffff pref]
[    0.804609] pci 0000:00:01.0: enabling Extended Tags
[    0.804639] pci 0000:00:01.0: BAR 0: assigned to efifb
[    0.804696] pci 0000:00:01.0: supports D1 D2
[    0.804707] pci 0000:00:01.0: PME# supported from D1 D2 D3hot
[    0.804946] pci 0000:00:01.1: [1002:9840] type 00 class 0x040300
[    0.804982] pci 0000:00:01.1: reg 0x10: [mem 0xfeb64000-0xfeb67fff 64bit]
[    0.805021] pci 0000:00:01.1: enabling Extended Tags
[    0.805090] pci 0000:00:01.1: supports D1 D2
[    0.805295] pci 0000:00:02.0: [1022:1538] type 00 class 0x060000
[    0.805545] pci 0000:00:02.2: [1022:1439] type 01 class 0x060400
[    0.805614] pci 0000:00:02.2: enabling Extended Tags
[    0.805697] pci 0000:00:02.2: PME# supported from D0 D3hot D3cold
[    0.805945] pci 0000:00:02.3: [1022:1439] type 01 class 0x060400
[    0.806013] pci 0000:00:02.3: enabling Extended Tags
[    0.806092] pci 0000:00:02.3: PME# supported from D0 D3hot D3cold
[    0.806365] pci 0000:00:10.0: [1022:7814] type 00 class 0x0c0330
[    0.806409] pci 0000:00:10.0: reg 0x10: [mem 0xfeb68000-0xfeb69fff 64bit]
[    0.806549] pci 0000:00:10.0: PME# supported from D0 D3hot D3cold
[    0.806803] pci 0000:00:11.0: [1022:7801] type 00 class 0x010601
[    0.806841] pci 0000:00:11.0: reg 0x10: [io  0xf140-0xf147]
[    0.806860] pci 0000:00:11.0: reg 0x14: [io  0xf130-0xf133]
[    0.806878] pci 0000:00:11.0: reg 0x18: [io  0xf120-0xf127]
[    0.806897] pci 0000:00:11.0: reg 0x1c: [io  0xf110-0xf113]
[    0.806915] pci 0000:00:11.0: reg 0x20: [io  0xf100-0xf10f]
[    0.806934] pci 0000:00:11.0: reg 0x24: [mem 0xfeb6f000-0xfeb6f3ff]
[    0.807011] pci 0000:00:11.0: PME# supported from D3hot
[    0.807233] pci 0000:00:12.0: [1022:7807] type 00 class 0x0c0310
[    0.807262] pci 0000:00:12.0: reg 0x10: [mem 0xfeb6e000-0xfeb6efff]
[    0.807530] pci 0000:00:12.2: [1022:7808] type 00 class 0x0c0320
[    0.807566] pci 0000:00:12.2: reg 0x10: [mem 0xfeb6d000-0xfeb6d0ff]
[    0.807670] pci 0000:00:12.2: supports D1 D2
[    0.807680] pci 0000:00:12.2: PME# supported from D0 D1 D2 D3hot D3cold
[    0.807904] pci 0000:00:13.0: [1022:7807] type 00 class 0x0c0310
[    0.807934] pci 0000:00:13.0: reg 0x10: [mem 0xfeb6c000-0xfeb6cfff]
[    0.808200] pci 0000:00:13.2: [1022:7808] type 00 class 0x0c0320
[    0.808235] pci 0000:00:13.2: reg 0x10: [mem 0xfeb6b000-0xfeb6b0ff]
[    0.808339] pci 0000:00:13.2: supports D1 D2
[    0.808349] pci 0000:00:13.2: PME# supported from D0 D1 D2 D3hot D3cold
[    0.808571] pci 0000:00:14.0: [1022:780b] type 00 class 0x0c0500
[    0.808839] pci 0000:00:14.2: [1022:780d] type 00 class 0x040300
[    0.808878] pci 0000:00:14.2: reg 0x10: [mem 0xfeb60000-0xfeb63fff 64bit]
[    0.808969] pci 0000:00:14.2: PME# supported from D0 D3hot D3cold
[    0.811994] pci 0000:00:14.3: [1022:780e] type 00 class 0x060100
[    0.812359] pci 0000:00:14.7: [1022:7813] type 00 class 0x080501
[    0.812398] pci 0000:00:14.7: reg 0x10: [mem 0xfeb6a000-0xfeb6a0ff 64bit]
[    0.812684] pci 0000:00:18.0: [1022:1530] type 00 class 0x060000
[    0.812952] pci 0000:00:18.1: [1022:1531] type 00 class 0x060000
[    0.813213] pci 0000:00:18.2: [1022:1532] type 00 class 0x060000
[    0.813474] pci 0000:00:18.3: [1022:1533] type 00 class 0x060000
[    0.813750] pci 0000:00:18.4: [1022:1534] type 00 class 0x060000
[    0.814008] pci 0000:00:18.5: [1022:1535] type 00 class 0x060000
[    0.814477] pci 0000:01:00.0: [168c:0032] type 00 class 0x028000
[    0.814556] pci 0000:01:00.0: reg 0x10: [mem 0xfea00000-0xfea7ffff 64bit]
[    0.814619] pci 0000:01:00.0: reg 0x30: [mem 0xfea80000-0xfea8ffff pref]
[    0.814755] pci 0000:01:00.0: supports D1 D2
[    0.814766] pci 0000:01:00.0: PME# supported from D0 D1 D2 D3hot D3cold
[    0.815086] pci 0000:00:02.2: PCI bridge to [bus 01]
[    0.815107] pci 0000:00:02.2:   bridge window [mem 0xfea00000-0xfeafffff]
[    0.815298] pci 0000:02:00.0: [10ec:8136] type 00 class 0x020000
[    0.815361] pci 0000:02:00.0: reg 0x10: [io  0xe000-0xe0ff]
[    0.815407] pci 0000:02:00.0: reg 0x18: [mem 0xd0804000-0xd0804fff 64bit pref]
[    0.815442] pci 0000:02:00.0: reg 0x20: [mem 0xd0800000-0xd0803fff 64bit pref]
[    0.815631] pci 0000:02:00.0: supports D1 D2
[    0.815641] pci 0000:02:00.0: PME# supported from D0 D1 D2 D3hot D3cold
[    0.816023] pci 0000:00:02.3: PCI bridge to [bus 02]
[    0.816041] pci 0000:00:02.3:   bridge window [io  0xe000-0xefff]
[    0.816059] pci 0000:00:02.3:   bridge window [mem 0xd0800000-0xd08fffff 64bit pref]
[    0.839576] ACPI: PCI Interrupt Link [LNKA] (IRQs 4 7 10 11 14 15) *0
[    0.839819] ACPI: PCI Interrupt Link [LNKB] (IRQs 4 7 10 11 14 15) *0
[    0.840056] ACPI: PCI Interrupt Link [LNKC] (IRQs 4 7 10 11 14 15) *0
[    0.840289] ACPI: PCI Interrupt Link [LNKD] (IRQs 4 7 10 11 14 15) *0
[    0.840485] ACPI: PCI Interrupt Link [LNKE] (IRQs 4 7 10 11 14 15) *0
[    0.840646] ACPI: PCI Interrupt Link [LNKF] (IRQs 4 7 10 11 14 15) *0
[    0.840806] ACPI: PCI Interrupt Link [LNKG] (IRQs 4 7 10 11 14 15) *0
[    0.840966] ACPI: PCI Interrupt Link [LNKH] (IRQs 4 7 10 11 14 15) *0
[    0.842309] ACPI: EC: interrupt unblocked
[    0.842331] ACPI: EC: event unblocked
[    0.842349] ACPI: \_SB_.PCI0.SBRG.EC0_: GPE=0x3, EC_CMD/EC_SC=0x66, EC_DATA=0x62
[    0.842362] ACPI: \_SB_.PCI0.SBRG.EC0_: Boot DSDT EC used to handle transactions and events
[    0.842684] pci 0000:00:01.0: vgaarb: setting as boot VGA device
[    0.842684] pci 0000:00:01.0: vgaarb: VGA device added: decodes=io+mem,owns=io+mem,locks=none
[    0.842684] pci 0000:00:01.0: vgaarb: bridge control possible
[    0.842684] vgaarb: loaded
[    0.842684] SCSI subsystem initialized
[    0.843818] libata version 3.00 loaded.
[    0.843818] ACPI: bus type USB registered
[    0.843818] usbcore: registered new interface driver usbfs
[    0.843818] usbcore: registered new interface driver hub
[    0.844715] usbcore: registered new device driver usb
[    0.845053] pps_core: LinuxPPS API ver. 1 registered
[    0.845053] pps_core: Software ver. 5.3.6 - Copyright 2005-2007 Rodolfo Giometti <giometti@linux.it>
[    0.845106] PTP clock support registered
[    0.845335] EDAC MC: Ver: 3.0.0
[    0.846591] Registered efivars operations
[    0.849097] Advanced Linux Sound Architecture Driver Initialized.
[    0.849097] PCI: Using ACPI for IRQ routing
[    0.856517] PCI: pci_cache_line_size set to 64 bytes
[    0.856632] e820: reserve RAM buffer [mem 0x9d0f8000-0x9fffffff]
[    0.856638] e820: reserve RAM buffer [mem 0x9d371000-0x9fffffff]
[    0.856643] e820: reserve RAM buffer [mem 0x9e9cc000-0x9fffffff]
[    0.856647] e820: reserve RAM buffer [mem 0x9eb25000-0x9fffffff]
[    0.856650] e820: reserve RAM buffer [mem 0x9f081000-0x9fffffff]
[    0.856653] e820: reserve RAM buffer [mem 0x9f400000-0x9fffffff]
[    0.856656] e820: reserve RAM buffer [mem 0x13f000000-0x13fffffff]
[    0.857000] NetLabel: Initializing
[    0.857010] NetLabel:  domain hash size = 128
[    0.857016] NetLabel:  protocols = UNLABELED CIPSOv4 CALIPSO
[    0.857070] NetLabel:  unlabeled traffic allowed by default
[    0.859127] hpet0: at MMIO 0xfed00000, IRQs 2, 8, 0
[    0.859127] hpet0: 3 comparators, 32-bit 14.318180 MHz counter
[    0.864578] clocksource: Switched to clocksource tsc-early
[    0.918433] VFS: Disk quotas dquot_6.6.0
[    0.918503] VFS: Dquot-cache hash table entries: 512 (order 0, 4096 bytes)
[    0.918600] *** VALIDATE hugetlbfs ***
[    0.918713] pnp: PnP ACPI init
[    0.919215] system 00:00: [mem 0xe0000000-0xefffffff] has been reserved
[    0.919311] system 00:00: Plug and Play ACPI device, IDs PNP0c01 (active)
[    0.919573] system 00:01: [mem 0xa0000000-0xbfffffff] has been reserved
[    0.919648] system 00:01: Plug and Play ACPI device, IDs PNP0c02 (active)
[    0.919914] system 00:02: Plug and Play ACPI device, IDs PNP0c02 (active)
[    0.920067] pnp 00:03: Plug and Play ACPI device, IDs PNP0b00 (active)
[    0.920304] system 00:04: [io  0x04d0-0x04d1] has been reserved
[    0.920376] system 00:04: Plug and Play ACPI device, IDs PNP0c02 (active)
[    0.920645] pnp 00:05: Plug and Play ACPI device, IDs ETD0108 SYN0a00 SYN0002 PNP0f03 PNP0f13 PNP0f12 (active)
[    0.920828] pnp 00:06: Plug and Play ACPI device, IDs ATK3001 PNP030b (active)
[    0.921683] system 00:07: [io  0x04d0-0x04d1] has been reserved
[    0.921696] system 00:07: [io  0x040b] has been reserved
[    0.921707] system 00:07: [io  0x04d6] has been reserved
[    0.921718] system 00:07: [io  0x0c00-0x0c01] has been reserved
[    0.921728] system 00:07: [io  0x0c14] has been reserved
[    0.921739] system 00:07: [io  0x0c50-0x0c51] has been reserved
[    0.921749] system 00:07: [io  0x0c52] has been reserved
[    0.921760] system 00:07: [io  0x0c6c] has been reserved
[    0.921770] system 00:07: [io  0x0c6f] has been reserved
[    0.921780] system 00:07: [io  0x0cd0-0x0cd1] has been reserved
[    0.921791] system 00:07: [io  0x0cd2-0x0cd3] has been reserved
[    0.921802] system 00:07: [io  0x0cd4-0x0cd5] has been reserved
[    0.921812] system 00:07: [io  0x0cd6-0x0cd7] has been reserved
[    0.921823] system 00:07: [io  0x0cd8-0x0cdf] has been reserved
[    0.921834] system 00:07: [io  0x0800-0x089f] has been reserved
[    0.921844] system 00:07: [io  0x0900-0x090f] has been reserved
[    0.921855] system 00:07: [io  0x0910-0x091f] has been reserved
[    0.921866] system 00:07: [io  0xfe00-0xfefe] has been reserved
[    0.921880] system 00:07: [mem 0xfec00000-0xfec00fff] could not be reserved
[    0.921892] system 00:07: [mem 0xfee00000-0xfee00fff] has been reserved
[    0.921904] system 00:07: [mem 0xfed80000-0xfed8ffff] has been reserved
[    0.921915] system 00:07: [mem 0xfed61000-0xfed70fff] has been reserved
[    0.921927] system 00:07: [mem 0xfec10000-0xfec10fff] has been reserved
[    0.921939] system 00:07: [mem 0xfed00000-0xfed00fff] could not be reserved
[    0.921950] system 00:07: [mem 0xff000000-0xffffffff] has been reserved
[    0.922021] system 00:07: Plug and Play ACPI device, IDs PNP0c02 (active)
[    0.922912] pnp: PnP ACPI: found 8 devices
[    0.937927] clocksource: acpi_pm: mask: 0xffffff max_cycles: 0xffffff, max_idle_ns: 2085701024 ns
[    0.937993] pci 0000:00:02.2: PCI bridge to [bus 01]
[    0.938014] pci 0000:00:02.2:   bridge window [mem 0xfea00000-0xfeafffff]
[    0.938032] pci 0000:00:02.3: PCI bridge to [bus 02]
[    0.938044] pci 0000:00:02.3:   bridge window [io  0xe000-0xefff]
[    0.938061] pci 0000:00:02.3:   bridge window [mem 0xd0800000-0xd08fffff 64bit pref]
[    0.938085] pci_bus 0000:00: resource 4 [io  0x0000-0x03af window]
[    0.938096] pci_bus 0000:00: resource 5 [io  0x03e0-0x0cf7 window]
[    0.938106] pci_bus 0000:00: resource 6 [io  0x03b0-0x03df window]
[    0.938117] pci_bus 0000:00: resource 7 [io  0x0d00-0xffff window]
[    0.938127] pci_bus 0000:00: resource 8 [mem 0x000a0000-0x000bffff window]
[    0.938138] pci_bus 0000:00: resource 9 [mem 0x000c0000-0x000dffff window]
[    0.938149] pci_bus 0000:00: resource 10 [mem 0xc0000000-0xffffffff window]
[    0.938160] pci_bus 0000:01: resource 1 [mem 0xfea00000-0xfeafffff]
[    0.938171] pci_bus 0000:02: resource 0 [io  0xe000-0xefff]
[    0.938181] pci_bus 0000:02: resource 2 [mem 0xd0800000-0xd08fffff 64bit pref]
[    0.938442] NET: Registered protocol family 2
[    0.949157] tcp_listen_portaddr_hash hash table entries: 2048 (order: 3, 32768 bytes)
[    0.949222] TCP established hash table entries: 32768 (order: 6, 262144 bytes)
[    0.949436] TCP bind hash table entries: 32768 (order: 7, 524288 bytes)
[    0.949669] TCP: Hash tables configured (established 32768 bind 32768)
[    0.949831] UDP hash table entries: 2048 (order: 4, 65536 bytes)
[    0.949897] UDP-Lite hash table entries: 2048 (order: 4, 65536 bytes)
[    0.950076] NET: Registered protocol family 1
[    0.950464] RPC: Registered named UNIX socket transport module.
[    0.950474] RPC: Registered udp transport module.
[    0.950481] RPC: Registered tcp transport module.
[    0.950488] RPC: Registered tcp NFSv4.1 backchannel transport module.
[    0.951063] pci 0000:00:01.0: Video device with shadowed ROM at [mem 0x000c0000-0x000dffff]
[    0.951584] pci 0000:00:12.0: enabling device (0000 -> 0002)
[    0.952221] pci 0000:00:12.2: PME# does not work under D3, disabling it
[    0.952245] pci 0000:00:13.0: enabling device (0000 -> 0002)
[    0.952907] pci 0000:00:13.2: PME# does not work under D3, disabling it
[    0.953003] PCI: CLS 64 bytes, default 64
[    0.953146] PCI-DMA: Using software bounce buffering for IO (SWIOTLB)
[    0.953159] software IO TLB: mapped [mem 0x97989000-0x9b989000] (64MB)
[    0.953352] amd_uncore: AMD NB counters detected
[    0.953368] amd_uncore: AMD LLC counters detected
[    0.953483] LVT offset 0 assigned for vector 0x400
[    0.953541] perf: AMD IBS detected (0x000000ff)
[    0.953562] kvm: no hardware support
[    0.953666] kvm: Nested Virtualization enabled
[    0.953679] kvm: Nested Paging enabled
[    0.954586] check: Scanning for low memory corruption every 60 seconds
[    0.958190] Initialise system trusted keyrings
[    0.962879] workingset: timestamp_bits=56 max_order=20 bucket_order=0
[    0.976825] fuse: init (API version 7.31)
[    0.978482] Key type asymmetric registered
[    0.978494] Asymmetric key parser 'x509' registered
[    0.978533] Block layer SCSI generic (bsg) driver version 0.4 loaded (major 249)
[    0.978545] io scheduler mq-deadline registered
[    0.978553] io scheduler kyber registered
[    0.979273] pcieport 0000:00:02.2: PME: Signaling with IRQ 25
[    0.979748] pcieport 0000:00:02.3: PME: Signaling with IRQ 27
[    0.981484] uvesafb: failed to execute /sbin/v86d
[    0.981501] uvesafb: make sure that the v86d helper is installed and executable
[    0.981514] uvesafb: Getting VBE info block failed (eax=0x4f00, err=-2)
[    0.981523] uvesafb: vbe_init() failed with -22
[    0.981546] uvesafb: probe of uvesafb.0 failed with error -22
[    0.981648] efifb: probing for efifb
[    0.981701] efifb: framebuffer at 0xc0000000, using 4224k, total 4224k
[    0.981711] efifb: mode is 1366x768x32, linelength=5632, pages=1
[    0.981717] efifb: scrolling: redraw
[    0.981726] efifb: Truecolor: size=8:8:8:8, shift=24:16:8:0
[    0.992305] Console: switching to colour frame buffer device 170x48
[    1.001789] fb0: EFI VGA frame buffer device
[    1.009261] ACPI: AC Adapter [AC0] (on-line)
[    1.009557] input: Power Button as /devices/LNXSYSTM:00/LNXSYBUS:00/PNP0C0C:00/input/input0
[    1.009717] ACPI: Power Button [PWRB]
[    1.009908] input: Lid Switch as /devices/LNXSYSTM:00/LNXSYBUS:00/PNP0C0D:00/input/input1
[    1.010054] ACPI: Lid Switch [LID]
[    1.010228] input: Sleep Button as /devices/LNXSYSTM:00/LNXSYBUS:00/PNP0C0E:00/input/input2
[    1.010653] ACPI: Sleep Button [SLPB]
[    1.010838] input: Power Button as /devices/LNXSYSTM:00/LNXPWRBN:00/input/input3
[    1.011066] ACPI: Power Button [PWRF]
[    1.014819] thermal LNXTHERM:00: registered as thermal_zone0
[    1.014923] ACPI: Thermal Zone [THRM] (42 C)
[    1.017615] Serial: 8250/16550 driver, 4 ports, IRQ sharing enabled
[    1.023114] Non-volatile memory driver v1.3
[    1.023318] Linux agpgart interface v0.103
[    1.030722] loop: module loaded
[    1.031598] ahci 0000:00:11.0: version 3.0
[    1.032059] ahci 0000:00:11.0: AHCI 0001.0300 32 slots 2 ports 6 Gbps 0x3 impl SATA mode
[    1.032199] ahci 0000:00:11.0: flags: 64bit ncq sntf ilck pm led clo pmp pio slum part 
[    1.037227] scsi host0: ahci
[    1.041104] scsi host1: ahci
[    1.044517] ata1: SATA max UDMA/133 abar m1024@0xfeb6f000 port 0xfeb6f100 irq 28
[    1.047676] ata2: SATA max UDMA/133 abar m1024@0xfeb6f000 port 0xfeb6f180 irq 28
[    1.051363] tun: Universal TUN/TAP device driver, 1.6
[    1.054719] e1000: Intel(R) PRO/1000 Network Driver - version 7.3.21-k8-NAPI
[    1.057879] e1000: Copyright (c) 1999-2006 Intel Corporation.
[    1.061755] e1000e: Intel(R) PRO/1000 Network Driver - 3.2.6-k
[    1.064904] e1000e: Copyright(c) 1999 - 2015 Intel Corporation.
[    1.068743] sky2: driver version 1.30
[    1.072044] r8169 0000:02:00.0: can't disable ASPM; OS doesn't have ASPM control
[    1.076357] libphy: r8169: probed
[    1.080066] r8169 0000:02:00.0 eth0: RTL8105e, 74:d0:2b:a3:a6:42, XID 40a, IRQ 30
[    1.083707] ath9k 0000:01:00.0: enabling device (0000 -> 0002)
[    1.087269] ath: phy0: Disable PLL PowerSave
[    1.098008] ath: phy0: ASPM enabled: 0x42
[    1.101176] ath: EEPROM regdomain: 0x60
[    1.101178] ath: EEPROM indicates we should expect a direct regpair map
[    1.101184] ath: Country alpha2 being used: 00
[    1.101185] ath: Regpair used: 0x60
[    1.104068] ieee80211 phy0: Selected rate control algorithm 'minstrel_ht'
[    1.104820] ieee80211 phy0: Atheros AR9485 Rev:1 mem=0xffffaa4d82f00000, irq=31
[    1.108725] ehci_hcd: USB 2.0 'Enhanced' Host Controller (EHCI) Driver
[    1.111990] ehci-pci: EHCI PCI platform driver
[    1.115755] ehci-pci 0000:00:12.2: EHCI Host Controller
[    1.119171] ehci-pci 0000:00:12.2: new USB bus registered, assigned bus number 1
[    1.122445] ehci-pci 0000:00:12.2: applying AMD SB700/SB800/Hudson-2/3 EHCI dummy qh workaround
[    1.125783] ehci-pci 0000:00:12.2: debug port 1
[    1.130095] ehci-pci 0000:00:12.2: irq 17, io mem 0xfeb6d000
[    1.162631] ehci-pci 0000:00:12.2: USB 2.0 started, EHCI 1.00
[    1.165952] usb usb1: New USB device found, idVendor=1d6b, idProduct=0002, bcdDevice= 5.02
[    1.169257] usb usb1: New USB device strings: Mfr=3, Product=2, SerialNumber=1
[    1.172512] usb usb1: Product: EHCI Host Controller
[    1.175721] usb usb1: Manufacturer: Linux 5.2.0-rc6+ ehci_hcd
[    1.178885] usb usb1: SerialNumber: 0000:00:12.2
[    1.183203] hub 1-0:1.0: USB hub found
[    1.186257] hub 1-0:1.0: 4 ports detected
[    1.191847] ehci-pci 0000:00:13.2: EHCI Host Controller
[    1.195041] ehci-pci 0000:00:13.2: new USB bus registered, assigned bus number 2
[    1.198000] ehci-pci 0000:00:13.2: applying AMD SB700/SB800/Hudson-2/3 EHCI dummy qh workaround
[    1.200989] ehci-pci 0000:00:13.2: debug port 1
[    1.204056] ehci-pci 0000:00:13.2: irq 17, io mem 0xfeb6b000
[    1.232635] ehci-pci 0000:00:13.2: USB 2.0 started, EHCI 1.00
[    1.235620] usb usb2: New USB device found, idVendor=1d6b, idProduct=0002, bcdDevice= 5.02
[    1.238602] usb usb2: New USB device strings: Mfr=3, Product=2, SerialNumber=1
[    1.241592] usb usb2: Product: EHCI Host Controller
[    1.244541] usb usb2: Manufacturer: Linux 5.2.0-rc6+ ehci_hcd
[    1.247471] usb usb2: SerialNumber: 0000:00:13.2
[    1.251651] hub 2-0:1.0: USB hub found
[    1.254589] hub 2-0:1.0: 4 ports detected
[    1.259840] ohci_hcd: USB 1.1 'Open' Host Controller (OHCI) Driver
[    1.262849] ohci-pci: OHCI PCI platform driver
[    1.266016] ohci-pci 0000:00:12.0: OHCI PCI host controller
[    1.269147] ohci-pci 0000:00:12.0: new USB bus registered, assigned bus number 3
[    1.272107] ohci-pci 0000:00:12.0: irq 18, io mem 0xfeb6e000
[    1.314497] battery: ACPI: Battery Slot [BAT0] (battery present)
[    1.346761] usb usb3: New USB device found, idVendor=1d6b, idProduct=0001, bcdDevice= 5.02
[    1.349709] usb usb3: New USB device strings: Mfr=3, Product=2, SerialNumber=1
[    1.352636] usb usb3: Product: OHCI PCI host controller
[    1.355509] usb usb3: Manufacturer: Linux 5.2.0-rc6+ ohci_hcd
[    1.358353] usb usb3: SerialNumber: 0000:00:12.0
[    1.361566] hub 3-0:1.0: USB hub found
[    1.364387] hub 3-0:1.0: 4 ports detected
[    1.369704] ohci-pci 0000:00:13.0: OHCI PCI host controller
[    1.372803] ohci-pci 0000:00:13.0: new USB bus registered, assigned bus number 4
[    1.375631] ohci-pci 0000:00:13.0: irq 18, io mem 0xfeb6c000
[    1.382644] ata2: SATA link down (SStatus 0 SControl 300)
[    1.446736] usb usb4: New USB device found, idVendor=1d6b, idProduct=0001, bcdDevice= 5.02
[    1.449575] usb usb4: New USB device strings: Mfr=3, Product=2, SerialNumber=1
[    1.452384] usb usb4: Product: OHCI PCI host controller
[    1.455169] usb usb4: Manufacturer: Linux 5.2.0-rc6+ ohci_hcd
[    1.457971] usb usb4: SerialNumber: 0000:00:13.0
[    1.461157] hub 4-0:1.0: USB hub found
[    1.463929] hub 4-0:1.0: 4 ports detected
[    1.468984] uhci_hcd: USB Universal Host Controller Interface driver
[    1.471960] usbcore: registered new interface driver usblp
[    1.474899] usbcore: registered new interface driver usb-storage
[    1.477755] usbcore: registered new interface driver ch341
[    1.480530] usbserial: USB Serial support registered for ch341-uart
[    1.483796] i8042: PNP: PS/2 Controller [PNP030b:PS2K,PNP0f03:PS2M] at 0x60,0x64 irq 1,12
[    1.488402] i8042: Detected active multiplexing controller, rev 1.1
[    1.491934] serio: i8042 KBD port at 0x60,0x64 irq 1
[    1.494806] serio: i8042 AUX0 port at 0x60,0x64 irq 12
[    1.497669] serio: i8042 AUX1 port at 0x60,0x64 irq 12
[    1.500506] serio: i8042 AUX2 port at 0x60,0x64 irq 12
[    1.503398] serio: i8042 AUX3 port at 0x60,0x64 irq 12
[    1.506648] mousedev: PS/2 mouse device common for all mice
[    1.510273] rtc_cmos 00:03: RTC can wake from S4
[    1.513282] rtc_cmos 00:03: registered as rtc0
[    1.515917] rtc_cmos 00:03: alarms up to one month, y3k, 114 bytes nvram, hpet irqs
[    1.519189] device-mapper: ioctl: 4.40.0-ioctl (2019-01-18) initialised: dm-devel@redhat.com
[    1.522151] EFI Variables Facility v0.08 2004-May-17
[    1.535036] hidraw: raw HID events driver (C) Jiri Kosina
[    1.541135] usbcore: registered new interface driver usbhid
[    1.543900] usbhid: USB HID core driver
[    1.549557] input: AT Translated Set 2 keyboard as /devices/platform/i8042/serio0/input/input4
[    1.556091] snd_hda_intel 0000:00:01.1: enabling device (0000 -> 0002)
[    1.559198] snd_hda_intel 0000:00:01.1: Force to non-snoop mode
[    1.567813] Initializing XFRM netlink socket
[    1.571737] NET: Registered protocol family 10
[    1.574545] ata1: SATA link up 6.0 Gbps (SStatus 133 SControl 300)
[    1.578307] Segment Routing with IPv6
[    1.581265] sit: IPv6, IPv4 and MPLS over IPv4 tunneling driver
[    1.584777] snd_hda_codec_generic hdaudioC0D0: autoconfig for Generic: line_outs=0 (0x0/0x0/0x0/0x0/0x0) type:line
[    1.584872] ata1.00: ATA-8: KINGSTON SV300S37A120G, 603ABBF0, max UDMA/133
[    1.587676] snd_hda_codec_generic hdaudioC0D0:    speaker_outs=0 (0x0/0x0/0x0/0x0/0x0)
[    1.590729] ata1.00: 234441648 sectors, multi 1: LBA48 NCQ (depth 32), AA
[    1.593625] snd_hda_codec_generic hdaudioC0D0:    hp_outs=0 (0x0/0x0/0x0/0x0/0x0)
[    1.599677] snd_hda_codec_generic hdaudioC0D0:    mono: mono_out=0x0
[    1.602057] ata1.00: configured for UDMA/133
[    1.602696] snd_hda_codec_generic hdaudioC0D0:    dig-out=0x3/0x0
[    1.608614] snd_hda_codec_generic hdaudioC0D0:    inputs:
[    1.612169] scsi 0:0:0:0: Direct-Access     ATA      KINGSTON SV300S3 BBF0 PQ: 0 ANSI: 5
[    1.615938] sd 0:0:0:0: [sda] 234441648 512-byte logical blocks: (120 GB/112 GiB)
[    1.618995] sd 0:0:0:0: [sda] Write Protect is off
[    1.621997] sd 0:0:0:0: [sda] Mode Sense: 00 3a 00 00
[    1.622229] sd 0:0:0:0: Attached scsi generic sg0 type 0
[    1.626090] random: fast init done
[    1.632348] snd_hda_codec_realtek hdaudioC1D0: autoconfig for ALC3229: line_outs=1 (0x14/0x0/0x0/0x0/0x0) type:speaker
[    1.635516] snd_hda_codec_realtek hdaudioC1D0:    speaker_outs=0 (0x0/0x0/0x0/0x0/0x0)
[    1.638700] snd_hda_codec_realtek hdaudioC1D0:    hp_outs=1 (0x21/0x0/0x0/0x0/0x0)
[    1.639131] sd 0:0:0:0: [sda] Write cache: enabled, read cache: enabled, doesn't support DPO or FUA
[    1.641888] snd_hda_codec_realtek hdaudioC1D0:    mono: mono_out=0x0
[    1.641892] snd_hda_codec_realtek hdaudioC1D0:    inputs:
[    1.641897] snd_hda_codec_realtek hdaudioC1D0:      Mic=0x19
[    1.642869] NET: Registered protocol family 17
[    1.645254] rq->curr == THREAD(this messg)
[    1.645260] color, tsk->comm, weight, vruntime: -128987644735079 kworker/u8:1 1048576 969831641
[    1.660896] color, tsk->comm, weight, vruntime: 1 kworker/u8:3 1048576 815910026
[    1.664185] color, tsk->comm, weight, vruntime: 1 kworker/u8:0 1048576 971719090
[    1.667512] color, tsk->comm, weight, vruntime: -128987644735079 kworker/u8:0 1048576 972119089
[    1.670822] proc in rq 4
[    1.674154] rq->nr_running rq->cfs.nr_running : 5 5
[    1.678326] input: HDA ATI HDMI HDMI as /devices/pci0000:00/0000:00:01.1/sound/card0/input7
[    1.680777] rq->load.weight, rq->cfs.load.weight : 5242880 5242880
[    1.680779] ----------------^^^^CPU0^^^^^-----------------------
[    1.687440] rq->curr->pid == 1615
[    1.690784] color, tsk->comm, weight, vruntime: -128987644538472 kworker/1:0 1048576 824664083
[    1.694087] color, tsk->comm, weight, vruntime: -128987644559207 kworker/u8:2 1048576 830694483
[    1.697510] color, tsk->comm, weight, vruntime: -128987644555751 kworker/u8:2 1048576 830883628
[    1.700879] color, tsk->comm, weight, vruntime: 1 kworker/u8:2 1048576 831232855
[    1.704151] proc in rq 4
[    1.707427] rq->nr_running rq->cfs.nr_running : 5 5
[    1.713897] rq->load.weight, rq->cfs.load.weight : 5242880 5242880
[    1.713899] ----------------^^^^CPU1^^^^^-----------------------
[    1.717163] rq->curr->pid == 0
[    1.720433] proc in rq 0
[    1.723654] rq->nr_running rq->cfs.nr_running : 0 0
[    1.729846] rq->load.weight, rq->cfs.load.weight : 0 0
[    1.729847] ----------------^^^^CPU2^^^^^-----------------------
[    1.732880] rq->curr->pid == 0
[    1.735904] proc in rq 0
[    1.738865] rq->nr_running rq->cfs.nr_running : 0 0
[    1.744770] rq->load.weight, rq->cfs.load.weight : 0 0
[    1.744771] ----------------^^^^CPU3^^^^^-----------------------
[    1.748229] mce: Using 6 MCE banks
[    1.754443] microcode: CPU0: patch_level=0x0700010b
[    1.757365] microcode: CPU1: patch_level=0x0700010b
[    1.758207]  sda: sda1 sda2 sda3 sda4 sda5 sda6
[    1.766229] microcode: Microcode Update Driver: v2.2.
[    1.766270] sched_clock: Marking stable (1758567764, 1660617)->(1880236142, -120007761)
[    1.773987] registered taskstats version 1
[    1.774077] sd 0:0:0:0: [sda] Attached SCSI disk
[    1.776817] Loading compiled-in X.509 certificates
[    1.789311] input: HD-Audio Generic Headphone as /devices/pci0000:00/0000:00:14.2/sound/card1/input14
[    1.793498] acpi_cpufreq: overriding BIOS provided _PSD data
[    1.796715] cfg80211: Loading compiled-in X.509 certificates for regulatory database
[    1.801408] cfg80211: Loaded X.509 cert 'sforshee: 00b28ddf47aef9cea7'
[    1.804415] ALSA device list:
[    1.807386]   #0: HDA ATI HDMI at 0xfeb64000 irq 33
[    1.810407] platform regulatory.0: Direct firmware load for regulatory.db failed with error -2
[    1.813452] cfg80211: failed to load regulatory.db
[    1.816650]   #1: HD-Audio Generic at 0xfeb60000 irq 16
[    1.999111] usb 4-2: new full-speed USB device number 2 using ohci-pci
[    2.009065] tsc: Refined TSC clocksource calibration: 998.127 MHz
[    2.012163] clocksource: tsc: mask: 0xffffffffffffffff max_cycles: 0x1cc65b93289, max_idle_ns: 881590487074 ns
[    2.019105] clocksource: Switched to clocksource tsc
[    2.271699] usb 4-2: New USB device found, idVendor=13d3, idProduct=3362, bcdDevice= 0.01
[    2.274890] usb 4-2: New USB device strings: Mfr=1, Product=2, SerialNumber=3
[    2.278047] usb 4-2: Product: Bluetooth USB Host Controller
[    2.281159] usb 4-2: Manufacturer: Atheros Communications
[    2.284270] usb 4-2: SerialNumber: Alaska Day 2006
[    2.423172] input: PS/2 Logitech Wheel Mouse as /devices/platform/i8042/serio4/input/input13
[    2.429258] md: Waiting for all devices to be available before autodetect
[    2.432474] md: If you don't use raid, use raid=noautodetect
[    2.436161] md: Autodetecting RAID arrays.
[    2.439446] md: autorun ...
[    2.442584] md: ... autorun DONE.
[    2.450109] EXT4-fs (sda2): mounted filesystem with ordered data mode. Opts: (null)
[    2.453388] VFS: Mounted root (ext4 filesystem) readonly on device 8:2.
[    2.457925] devtmpfs: mounted
[    2.462071] Freeing unused kernel image memory: 1296K
[    2.509104] Write protecting the kernel read-only data: 22528k
[    2.514018] Freeing unused kernel image memory: 1984K
[    2.518508] Freeing unused kernel image memory: 1688K
[    2.521843] Run /sbin/init as init process
[    2.573572] stty (1759) used greatest stack depth: 13792 bytes left
[    2.599118] usb 2-3: new high-speed USB device number 3 using ehci-pci
[    2.649114] rq->curr == THREAD(this messg)
[    2.649120] proc in rq 0
[    2.652498] rq->nr_running rq->cfs.nr_running : 1 1
[    2.659181] rq->load.weight, rq->cfs.load.weight : 1048576 1048576
[    2.659184] ----------------^^^^CPU0^^^^^-----------------------
[    2.662485] rq->curr->pid == 0
[    2.665746] proc in rq 0
[    2.668985] rq->nr_running rq->cfs.nr_running : 0 0
[    2.675379] rq->load.weight, rq->cfs.load.weight : 0 0
[    2.675381] ----------------^^^^CPU1^^^^^-----------------------
[    2.678501] rq->curr->pid == 0
[    2.681617] proc in rq 0
[    2.684673] rq->nr_running rq->cfs.nr_running : 0 0
[    2.690712] rq->load.weight, rq->cfs.load.weight : 0 0
[    2.690714] ----------------^^^^CPU2^^^^^-----------------------
[    2.693701] rq->curr->pid == 0
[    2.696664] proc in rq 0
[    2.699605] rq->nr_running rq->cfs.nr_running : 0 0
[    2.705358] rq->load.weight, rq->cfs.load.weight : 0 0
[    2.705359] ----------------^^^^CPU3^^^^^-----------------------
[    2.729983] sed (1773) used greatest stack depth: 13592 bytes left
[    2.832280] usb 2-3: New USB device found, idVendor=04f2, idProduct=b404, bcdDevice=69.63
[    2.835476] usb 2-3: New USB device strings: Mfr=3, Product=1, SerialNumber=2
[    2.838644] usb 2-3: Product: USB2.0 HD UVC WebCam
[    2.841833] usb 2-3: Manufacturer: Chicony Electronics Co.,Ltd.
[    2.844978] usb 2-3: SerialNumber: 0x0001
[    2.911077] ip (1821) used greatest stack depth: 12552 bytes left
[    3.001654] udevd[1851]: starting version 3.2.1
[    3.010369] random: udevd: uninitialized urandom read (16 bytes read)
[    3.014077] random: udevd: uninitialized urandom read (16 bytes read)
[    3.017608] random: udevd: uninitialized urandom read (16 bytes read)
[    3.049630] udevd[1852]: starting eudev-3.2.1
[    3.394104] ath9k 0000:01:00.0 wlp1s0: renamed from wlan0
[    3.465636] r8169 0000:02:00.0 enp2s0: renamed from eth0
[    3.488680] [drm] radeon kernel modesetting enabled.
[    3.498031] radeon 0000:00:01.0: remove_conflicting_pci_framebuffers: bar 0: 0xc0000000 -> 0xcfffffff
[    3.501469] radeon 0000:00:01.0: remove_conflicting_pci_framebuffers: bar 2: 0xd0000000 -> 0xd07fffff
[    3.504814] radeon 0000:00:01.0: remove_conflicting_pci_framebuffers: bar 5: 0xfeb00000 -> 0xfeb3ffff
[    3.509391] checking generic (c0000000 420000) vs hw (c0000000 10000000)
[    3.509395] fb0: switching to radeondrmfb from EFI VGA
[    3.512700] Console: switching to colour dummy device 80x25
[    3.519583] radeon 0000:00:01.0: vgaarb: deactivate vga console
[    3.520353] [drm] initializing kernel modesetting (KABINI 0x1002:0x9839 0x1043:0x141D 0x00).
[    3.520419] [drm] doorbell mmio base: 0xD0000000
[    3.520426] [drm] doorbell mmio size: 8388608
[    3.520463] ATOM BIOS: AMD
[    3.520540] [drm] Changing default dispclk from 400Mhz to 600Mhz
[    3.520603] radeon 0000:00:01.0: VRAM: 512M 0x0000000000000000 - 0x000000001FFFFFFF (512M used)
[    3.520619] radeon 0000:00:01.0: GTT: 2048M 0x0000000020000000 - 0x000000009FFFFFFF
[    3.520642] [drm] Detected VRAM RAM=512M, BAR=256M
[    3.520649] [drm] RAM width 128bits DDR
[    3.520894] [TTM] Zone  kernel: Available graphics memory: 1729514 KiB
[    3.520904] [TTM] Initializing pool allocator
[    3.520923] [TTM] Initializing DMA pool allocator
[    3.520979] [drm] radeon: 512M of VRAM memory ready
[    3.520989] [drm] radeon: 2048M of GTT memory ready.
[    3.521036] [drm] Loading kabini Microcode
[    3.541919] [drm] Internal thermal controller without fan control
[    3.542733] [drm] radeon: dpm initialized
[    3.543963] [drm] Found UVD firmware Version: 1.64 Family ID: 9
[    3.548749] [drm] Found VCE firmware/feedback version 40.2.2 / 15!
[    3.548814] [drm] GART: num cpu pages 524288, num gpu pages 524288
[    3.601194] [drm] PCIE GART of 2048M enabled (table at 0x000000000030E000).
[    3.602848] radeon 0000:00:01.0: WB enabled
[    3.602904] radeon 0000:00:01.0: fence driver on ring 0 use gpu addr 0x0000000020000c00 and cpu addr 0x(____ptrval____)
[    3.602922] radeon 0000:00:01.0: fence driver on ring 1 use gpu addr 0x0000000020000c04 and cpu addr 0x(____ptrval____)
[    3.602937] radeon 0000:00:01.0: fence driver on ring 2 use gpu addr 0x0000000020000c08 and cpu addr 0x(____ptrval____)
[    3.602952] radeon 0000:00:01.0: fence driver on ring 3 use gpu addr 0x0000000020000c0c and cpu addr 0x(____ptrval____)
[    3.602966] radeon 0000:00:01.0: fence driver on ring 4 use gpu addr 0x0000000020000c10 and cpu addr 0x(____ptrval____)
[    3.603894] radeon 0000:00:01.0: fence driver on ring 5 use gpu addr 0x0000000000078d30 and cpu addr 0x(____ptrval____)
[    3.605479] radeon 0000:00:01.0: fence driver on ring 6 use gpu addr 0x0000000020000c18 and cpu addr 0x(____ptrval____)
[    3.605496] radeon 0000:00:01.0: fence driver on ring 7 use gpu addr 0x0000000020000c1c and cpu addr 0x(____ptrval____)
[    3.605512] [drm] Supports vblank timestamp caching Rev 2 (21.10.2013).
[    3.605520] [drm] Driver supports precise vblank timestamp query.
[    3.605637] radeon 0000:00:01.0: radeon: using MSI.
[    3.605700] [drm] radeon: irq initialized.
[    3.612323] [drm] ring test on 0 succeeded in 3 usecs
[    3.612446] [drm] ring test on 1 succeeded in 4 usecs
[    3.612487] [drm] ring test on 2 succeeded in 4 usecs
[    3.612809] [drm] ring test on 3 succeeded in 6 usecs
[    3.612827] [drm] ring test on 4 succeeded in 6 usecs
[    3.639174] rq->curr->pid == 2029
[    3.639181] color, tsk->comm, weight, vruntime: -128987624870759 udevd 1048576 2452670533
[    3.639199] color, tsk->comm, weight, vruntime: -128987651073128 ksoftirqd/0 1048576 2452670533
[    3.639211] color, tsk->comm, weight, vruntime: -128987624870759 udevd 1048576 2457884526
[    3.639222] color, tsk->comm, weight, vruntime: 1 udevd 1048576 2458806662
[    3.639233] color, tsk->comm, weight, vruntime: -128987651073127 setclock 1048576 2461022775
[    3.639241] proc in rq 5
[    3.639251] rq->nr_running rq->cfs.nr_running : 6 6
[    3.639261] rq->load.weight, rq->cfs.load.weight : 6291456 6291456
[    3.639263] ----------------^^^^CPU0^^^^^-----------------------
[    3.639270] rq->curr == THREAD(this messg)
[    3.639279] color, tsk->comm, weight, vruntime: 1 udevd 1048576 2165654725
[    3.639285] proc in rq 1
[    3.639293] rq->nr_running rq->cfs.nr_running : 2 2
[    3.639303] rq->load.weight, rq->cfs.load.weight : 2097152 2097152
[    3.639304] ----------------^^^^CPU1^^^^^-----------------------
[    3.639312] rq->curr->pid == 0
[    3.639319] proc in rq 0
[    3.639325] rq->nr_running rq->cfs.nr_running : 0 0
[    3.639334] rq->load.weight, rq->cfs.load.weight : 0 0
[    3.639336] ----------------^^^^CPU2^^^^^-----------------------
[    3.639343] rq->curr->pid == 0
[    3.639350] proc in rq 0
[    3.639356] rq->nr_running rq->cfs.nr_running : 0 0
[    3.639366] rq->load.weight, rq->cfs.load.weight : 0 0
[    3.639367] ----------------^^^^CPU3^^^^^-----------------------
[    3.769115] [drm] ring test on 5 succeeded in 2 usecs
[    3.799138] [drm] UVD initialized successfully.
[    3.926899] [drm] ring test on 6 succeeded in 18 usecs
[    3.927609] [drm] ring test on 7 succeeded in 4 usecs
[    3.927622] [drm] VCE initialized successfully.
[    3.933444] [drm] ib test on ring 0 succeeded in 0 usecs
[    3.933730] [drm] ib test on ring 1 succeeded in 0 usecs
[    3.934003] [drm] ib test on ring 2 succeeded in 0 usecs
[    3.934631] [drm] ib test on ring 3 succeeded in 0 usecs
[    3.935124] [drm] ib test on ring 4 succeeded in 0 usecs
[    4.479234] [drm] ib test on ring 5 succeeded
[    4.500457] [drm] ib test on ring 6 succeeded
[    4.501429] [drm] ib test on ring 7 succeeded
[    4.549113] [drm] radeon atom DIG backlight initialized
[    4.549136] [drm] Radeon Display Connectors
[    4.549143] [drm] Connector 0:
[    4.549149] [drm]   LVDS-1
[    4.549155] [drm]   HPD1
[    4.549163] [drm]   DDC: 0x6530 0x6530 0x6534 0x6534 0x6538 0x6538 0x653c 0x653c
[    4.549172] [drm]   Encoders:
[    4.549179] [drm]     LCD1: INTERNAL_UNIPHY
[    4.549186] [drm] Connector 1:
[    4.549191] [drm]   HDMI-A-1
[    4.549196] [drm]   HPD2
[    4.549204] [drm]   DDC: 0x6540 0x6540 0x6544 0x6544 0x6548 0x6548 0x654c 0x654c
[    4.549213] [drm]   Encoders:
[    4.549218] [drm]     DFP1: INTERNAL_UNIPHY
[    4.549224] [drm] Connector 2:
[    4.549230] [drm]   VGA-1
[    4.549238] [drm]   DDC: 0x65c0 0x65c0 0x65c4 0x65c4 0x65c8 0x65c8 0x65cc 0x65cc
[    4.549246] [drm]   Encoders:
[    4.549252] [drm]     CRT1: INTERNAL_KLDSCP_DAC1
[    4.649075] rq->curr == THREAD(this messg)
[    4.649077] proc in rq 0
[    4.649087] rq->nr_running rq->cfs.nr_running : 1 1
[    4.649099] rq->load.weight, rq->cfs.load.weight : 1048576 1048576
[    4.649101] ----------------^^^^CPU0^^^^^-----------------------
[    4.649108] rq->curr->pid == 10
[    4.649116] proc in rq 0
[    4.649122] rq->nr_running rq->cfs.nr_running : 0 0
[    4.649132] rq->load.weight, rq->cfs.load.weight : 0 0
[    4.649134] ----------------^^^^CPU1^^^^^-----------------------
[    4.649141] rq->curr->pid == 0
[    4.649149] proc in rq 0
[    4.649155] rq->nr_running rq->cfs.nr_running : 0 0
[    4.649165] rq->load.weight, rq->cfs.load.weight : 0 0
[    4.649166] ----------------^^^^CPU2^^^^^-----------------------
[    4.649173] rq->curr->pid == 0
[    4.649180] proc in rq 0
[    4.649186] rq->nr_running rq->cfs.nr_running : 0 0
[    4.649196] rq->load.weight, rq->cfs.load.weight : 0 0
[    4.649197] ----------------^^^^CPU3^^^^^-----------------------
[    5.631242] [drm] fb mappable at 0xC0722000
[    5.631263] [drm] vram apper at 0xC0000000
[    5.631269] [drm] size 4325376
[    5.631275] [drm] fb depth is 24
[    5.631280] [drm]    pitch is 5632
[    5.631656] fbcon: radeondrmfb (fb0) is primary device
[    5.689075] rq->curr == THREAD(this messg)
[    5.689079] proc in rq 0
[    5.689082] rq->nr_running rq->cfs.nr_running : 1 1
[    5.689084] rq->load.weight, rq->cfs.load.weight : 1048576 1048576
[    5.689085] ----------------^^^^CPU0^^^^^-----------------------
[    5.689087] rq->curr->pid == 0
[    5.689092] color, tsk->comm, weight, vruntime: 1 udevd 1048576 2451173497
[    5.689094] proc in rq 1
[    5.689096] rq->nr_running rq->cfs.nr_running : 1 1
[    5.689097] rq->load.weight, rq->cfs.load.weight : 1048576 1048576
[    5.689099] ----------------^^^^CPU1^^^^^-----------------------
[    5.689101] rq->curr->pid == 0
[    5.689102] proc in rq 0
[    5.689104] rq->nr_running rq->cfs.nr_running : 0 0
[    5.689105] rq->load.weight, rq->cfs.load.weight : 0 0
[    5.689107] ----------------^^^^CPU2^^^^^-----------------------
[    5.689109] rq->curr->pid == 0
[    5.689110] proc in rq 0
[    5.689112] rq->nr_running rq->cfs.nr_running : 0 0
[    5.689114] rq->load.weight, rq->cfs.load.weight : 0 0
[    5.689115] ----------------^^^^CPU3^^^^^-----------------------
[    5.739348] Console: switching to colour frame buffer device 170x48
[    5.751159] radeon 0000:00:01.0: fb0: radeondrmfb frame buffer device
[    6.649067] rq->curr == THREAD(this messg)
[    6.649069] proc in rq 0
[    6.651846] rq->nr_running rq->cfs.nr_running : 1 1
[    6.657292] rq->load.weight, rq->cfs.load.weight : 1048576 1048576
[    6.657294] ----------------^^^^CPU0^^^^^-----------------------
[    6.660061] rq->curr->pid == 0
[    6.662854] proc in rq 0
[    6.665624] rq->nr_running rq->cfs.nr_running : 0 0
[    6.671133] rq->load.weight, rq->cfs.load.weight : 0 0
[    6.671135] ----------------^^^^CPU1^^^^^-----------------------
[    6.673886] rq->curr->pid == 0
[    6.676691] proc in rq 0
[    6.679483] rq->nr_running rq->cfs.nr_running : 0 0
[    6.685009] rq->load.weight, rq->cfs.load.weight : 0 0
[    6.685010] ----------------^^^^CPU2^^^^^-----------------------
[    6.687773] rq->curr->pid == 0
[    6.690601] proc in rq 0
[    6.693400] rq->nr_running rq->cfs.nr_running : 0 0
[    6.698955] rq->load.weight, rq->cfs.load.weight : 0 0
[    6.698956] ----------------^^^^CPU3^^^^^-----------------------
[    7.689068] rq->curr == THREAD(this messg)
[    7.691890] proc in rq 0
[    7.694722] rq->nr_running rq->cfs.nr_running : 1 1
[    7.700465] rq->load.weight, rq->cfs.load.weight : 1048576 1048576
[    7.700467] ----------------^^^^CPU0^^^^^-----------------------
[    7.703401] rq->curr->pid == 0
[    7.706342] proc in rq 0
[    7.709280] rq->nr_running rq->cfs.nr_running : 0 0
[    7.715096] rq->load.weight, rq->cfs.load.weight : 0 0
[    7.715098] ----------------^^^^CPU1^^^^^-----------------------
[    7.717598] [drm] Initialized radeon 2.50.0 20080528 for 0000:00:01.0 on minor 0
[    7.718010] rq->curr->pid == 0
[    7.718012] proc in rq 0
[    7.726855] rq->nr_running rq->cfs.nr_running : 0 0
[    7.732703] rq->load.weight, rq->cfs.load.weight : 0 0
[    7.732706] ----------------^^^^CPU2^^^^^-----------------------
[    7.735630] rq->curr->pid == 0
[    7.738527] proc in rq 0
[    7.741439] rq->nr_running rq->cfs.nr_running : 0 0
[    7.747206] rq->load.weight, rq->cfs.load.weight : 0 0
[    7.747208] ----------------^^^^CPU3^^^^^-----------------------
[    7.830419] Adding 3608572k swap on /dev/sda4.  Priority:1 extents:1 across:3608572k SS
[    7.896458] EXT4-fs (sda2): re-mounted. Opts: (null)
[    8.016427] EXT4-fs (sda2): re-mounted. Opts: (null)
[    8.649090] rq->curr == THREAD(this messg)
[    8.649095] proc in rq 0
[    8.652685] rq->nr_running rq->cfs.nr_running : 1 1
[    8.659923] rq->load.weight, rq->cfs.load.weight : 1048576 1048576
[    8.659925] ----------------^^^^CPU0^^^^^-----------------------
[    8.663561] rq->curr->pid == 0
[    8.667192] proc in rq 0
[    8.670833] rq->nr_running rq->cfs.nr_running : 0 0
[    8.678086] rq->load.weight, rq->cfs.load.weight : 0 0
[    8.678087] ----------------^^^^CPU1^^^^^-----------------------
[    8.681716] rq->curr->pid == 0
[    8.685346] proc in rq 0
[    8.688996] rq->nr_running rq->cfs.nr_running : 0 0
[    8.696226] rq->load.weight, rq->cfs.load.weight : 0 0
[    8.696228] ----------------^^^^CPU2^^^^^-----------------------
[    8.699855] rq->curr->pid == 0
[    8.703501] proc in rq 0
[    8.707108] rq->nr_running rq->cfs.nr_running : 0 0
[    8.714286] rq->load.weight, rq->cfs.load.weight : 0 0
[    8.714288] ----------------^^^^CPU3^^^^^-----------------------
[    9.649645] rq->curr == THREAD(this messg)
[    9.653335] color, tsk->comm, weight, vruntime: 1 kworker/0:0 1048576 8199406478
[    9.656991] proc in rq 1
[    9.660727] rq->nr_running rq->cfs.nr_running : 2 2
[    9.668161] rq->load.weight, rq->cfs.load.weight : 2097152 2097152
[    9.668163] ----------------^^^^CPU0^^^^^-----------------------
[    9.671953] rq->curr->pid == 3452
[    9.675722] proc in rq 0
[    9.679459] rq->nr_running rq->cfs.nr_running : 1 1
[    9.686932] rq->load.weight, rq->cfs.load.weight : 1048576 1048576
[    9.686934] ----------------^^^^CPU1^^^^^-----------------------
[    9.690741] rq->curr->pid == 0
[    9.694437] proc in rq 0
[    9.697991] rq->nr_running rq->cfs.nr_running : 0 0
[    9.704825] rq->load.weight, rq->cfs.load.weight : 0 0
[    9.704827] ----------------^^^^CPU2^^^^^-----------------------
[    9.708157] rq->curr->pid == 0
[    9.711445] proc in rq 0
[    9.714619] rq->nr_running rq->cfs.nr_running : 0 0
[    9.720908] rq->load.weight, rq->cfs.load.weight : 0 0
[    9.720910] ----------------^^^^CPU3^^^^^-----------------------
[   10.502176] urandom_read: 6 callbacks suppressed
[   10.502181] random: wpa_supplicant: uninitialized urandom read (32 bytes read)
[   10.641180] rq->curr == THREAD(this messg)
[   10.641189] color, tsk->comm, weight, vruntime: -128987653349608 kworker/0:2 1048576 8773329127
[   10.644512] color, tsk->comm, weight, vruntime: -128987638464359 dhclient 1048576 8780060991
[   10.647934] color, tsk->comm, weight, vruntime: -128987653349608 syslogd 1048576 8780224245
[   10.651433] color, tsk->comm, weight, vruntime: 1 syslogd 1048576 8780429808
[   10.654821] color, tsk->comm, weight, vruntime: -128987638464360 syslogd 1048576 8780989399
[   10.658254] proc in rq 5
[   10.661734] rq->nr_running rq->cfs.nr_running : 6 6
[   10.668489] rq->load.weight, rq->cfs.load.weight : 6291456 6291456
[   10.668494] ----------------^^^^CPU0^^^^^-----------------------
[   10.672032] rq->curr->pid == 3429
[   10.675529] color, tsk->comm, weight, vruntime: -128987707866983 syslogd 1048576 5267630028
[   10.678967] color, tsk->comm, weight, vruntime: -128987707866983 syslogd 1048576 5268085133
[   10.682523] color, tsk->comm, weight, vruntime: -128987624448231 syslogd 1048576 5268198063
[   10.686076] color, tsk->comm, weight, vruntime: -128987624448231 syslogd 1048576 5268186465
[   10.689614] color, tsk->comm, weight, vruntime: -128987624455143 syslogd 1048576 5268425229
[   10.693070] color, tsk->comm, weight, vruntime: -128987624455143 syslogd 1048576 5268529469
[   10.696451] color, tsk->comm, weight, vruntime: -128987707846247 syslogd 1048576 5268569624
[   10.699861] color, tsk->comm, weight, vruntime: -128987707846247 syslogd 1048576 5268863558
[   10.703241] color, tsk->comm, weight, vruntime: -128987707842791 syslogd 1048576 5269208260
[   10.706559] color, tsk->comm, weight, vruntime: -128987707823848 syslogd 1048576 5269408140
[   10.709790] color, tsk->comm, weight, vruntime: -128987707816935 syslogd 1048576 5269436593
[   10.712893] color, tsk->comm, weight, vruntime: -128987707834215 syslogd 1048576 5269431111
[   10.715971] color, tsk->comm, weight, vruntime: -128987707842791 syslogd 1048576 5269410049
[   10.718987] color, tsk->comm, weight, vruntime: -128987707816935 syslogd 1048576 5269553084
[   10.721984] color, tsk->comm, weight, vruntime: -128987732458472 syslogd 1048576 5288365703
[   10.724864] proc in rq 15
[   10.727708] rq->nr_running rq->cfs.nr_running : 16 16
[   10.733448] rq->load.weight, rq->cfs.load.weight : 16777216 16777216
[   10.733451] ----------------^^^^CPU1^^^^^-----------------------
[   10.736363] rq->curr->pid == 0
[   10.739274] proc in rq 0
[   10.742114] rq->nr_running rq->cfs.nr_running : 0 0
[   10.747796] rq->load.weight, rq->cfs.load.weight : 0 0
[   10.747800] ----------------^^^^CPU2^^^^^-----------------------
[   10.750730] rq->curr->pid == 0
[   10.753625] proc in rq 0
[   10.756465] rq->nr_running rq->cfs.nr_running : 0 0
[   10.762150] rq->load.weight, rq->cfs.load.weight : 0 0
[   10.762154] ----------------^^^^CPU3^^^^^-----------------------
[   11.689083] rq->curr == THREAD(this messg)
[   11.692002] proc in rq 0
[   11.694959] rq->nr_running rq->cfs.nr_running : 1 1
[   11.700774] rq->load.weight, rq->cfs.load.weight : 1048576 1048576
[   11.700776] ----------------^^^^CPU0^^^^^-----------------------
[   11.703650] rq->curr->pid == 4576
[   11.706475] proc in rq 0
[   11.709237] rq->nr_running rq->cfs.nr_running : 0 0
[   11.714639] rq->load.weight, rq->cfs.load.weight : 0 0
[   11.714642] ----------------^^^^CPU1^^^^^-----------------------
[   11.717309] rq->curr->pid == 0
[   11.720034] proc in rq 0
[   11.722736] rq->nr_running rq->cfs.nr_running : 0 0
[   11.727976] rq->load.weight, rq->cfs.load.weight : 0 0
[   11.727979] ----------------^^^^CPU2^^^^^-----------------------
[   11.730621] rq->curr->pid == 0
[   11.733291] proc in rq 0
[   11.735888] rq->nr_running rq->cfs.nr_running : 0 0
[   11.740973] rq->load.weight, rq->cfs.load.weight : 0 0
[   11.740975] ----------------^^^^CPU3^^^^^-----------------------
[   11.857238] wlp1s0: authenticate with 64:66:b3:cd:9a:3a
[   11.878540] wlp1s0: send auth to 64:66:b3:cd:9a:3a (try 1/3)
[   11.884367] wlp1s0: authenticated
[   11.890015] wlp1s0: associate with 64:66:b3:cd:9a:3a (try 1/3)
[   11.897283] wlp1s0: RX AssocResp from 64:66:b3:cd:9a:3a (capab=0x431 status=0 aid=1)
[   11.903154] wlp1s0: associated
[   12.649089] rq->curr == THREAD(this messg)
[   12.649093] proc in rq 0
[   12.652035] rq->nr_running rq->cfs.nr_running : 1 1
[   12.657917] rq->load.weight, rq->cfs.load.weight : 1048576 1048576
[   12.657919] ----------------^^^^CPU0^^^^^-----------------------
[   12.660986] rq->curr->pid == 0
[   12.664128] proc in rq 0
[   12.667236] rq->nr_running rq->cfs.nr_running : 1 1
[   12.673366] rq->load.weight, rq->cfs.load.weight : 1048576 1048576
[   12.673370] ----------------^^^^CPU1^^^^^-----------------------
[   12.676437] rq->curr->pid == 0
[   12.679519] proc in rq 0
[   12.682575] rq->nr_running rq->cfs.nr_running : 0 0
[   12.688621] rq->load.weight, rq->cfs.load.weight : 0 0
[   12.688624] ----------------^^^^CPU2^^^^^-----------------------
[   12.691693] rq->curr->pid == 0
[   12.694794] proc in rq 0
[   12.697814] rq->nr_running rq->cfs.nr_running : 0 0
[   12.703918] rq->load.weight, rq->cfs.load.weight : 0 0
[   12.703922] ----------------^^^^CPU3^^^^^-----------------------
[   13.689091] rq->curr == THREAD(this messg)
[   13.689343] IPv6: ADDRCONF(NETDEV_CHANGE): wlp1s0: link becomes ready
[   13.692174] proc in rq 0
[   13.692176] rq->nr_running rq->cfs.nr_running : 1 1
[   13.704153] rq->load.weight, rq->cfs.load.weight : 1048576 1048576
[   13.704156] ----------------^^^^CPU0^^^^^-----------------------
[   13.707176] rq->curr->pid == 0
[   13.710183] proc in rq 0
[   13.713148] rq->nr_running rq->cfs.nr_running : 1 1
[   13.719004] rq->load.weight, rq->cfs.load.weight : 1048576 1048576
[   13.719006] ----------------^^^^CPU1^^^^^-----------------------
[   13.722011] rq->curr->pid == 0
[   13.725039] proc in rq 0
[   13.727982] rq->nr_running rq->cfs.nr_running : 0 0
[   13.733942] rq->load.weight, rq->cfs.load.weight : 0 0
[   13.733946] ----------------^^^^CPU2^^^^^-----------------------
[   13.736914] rq->curr->pid == 0
[   13.739913] proc in rq 0
[   13.742884] rq->nr_running rq->cfs.nr_running : 0 0
[   13.748762] rq->load.weight, rq->cfs.load.weight : 0 0
[   13.748764] ----------------^^^^CPU3^^^^^-----------------------
[   14.376419] udevd (2037) used greatest stack depth: 11784 bytes left
[   14.649085] rq->curr == THREAD(this messg)
[   14.649089] proc in rq 0
[   14.652090] rq->nr_running rq->cfs.nr_running : 1 1
[   14.657979] rq->load.weight, rq->cfs.load.weight : 1048576 1048576
[   14.657981] ----------------^^^^CPU0^^^^^-----------------------
[   14.660974] rq->curr->pid == 0
[   14.663977] proc in rq 0
[   14.666928] rq->nr_running rq->cfs.nr_running : 1 1
[   14.672862] rq->load.weight, rq->cfs.load.weight : 1048576 1048576
[   14.672866] ----------------^^^^CPU1^^^^^-----------------------
[   14.675837] rq->curr->pid == 0
[   14.678794] proc in rq 0
[   14.681736] rq->nr_running rq->cfs.nr_running : 0 0
[   14.687648] rq->load.weight, rq->cfs.load.weight : 0 0
[   14.687651] ----------------^^^^CPU2^^^^^-----------------------
[   14.690614] rq->curr->pid == 0
[   14.693585] proc in rq 0
[   14.696487] rq->nr_running rq->cfs.nr_running : 0 0
[   14.702364] rq->load.weight, rq->cfs.load.weight : 0 0
[   14.702368] ----------------^^^^CPU3^^^^^-----------------------
[   15.689084] rq->curr == THREAD(this messg)
[   15.692044] proc in rq 0
[   15.694961] rq->nr_running rq->cfs.nr_running : 1 1
[   15.700833] rq->load.weight, rq->cfs.load.weight : 1048576 1048576
[   15.700835] ----------------^^^^CPU0^^^^^-----------------------
[   15.703866] rq->curr->pid == 4680
[   15.706871] proc in rq 0
[   15.709844] rq->nr_running rq->cfs.nr_running : 0 0
[   15.715666] rq->load.weight, rq->cfs.load.weight : 0 0
[   15.715669] ----------------^^^^CPU1^^^^^-----------------------
[   15.718570] rq->curr->pid == 0
[   15.721507] proc in rq 0
[   15.724415] rq->nr_running rq->cfs.nr_running : 0 0
[   15.730142] rq->load.weight, rq->cfs.load.weight : 0 0
[   15.730144] ----------------^^^^CPU2^^^^^-----------------------
[   15.733066] rq->curr->pid == 0
[   15.735966] proc in rq 0
[   15.738819] rq->nr_running rq->cfs.nr_running : 0 0
[   15.744555] rq->load.weight, rq->cfs.load.weight : 0 0
[   15.744559] ----------------^^^^CPU3^^^^^-----------------------
[   16.649086] rq->curr == THREAD(this messg)
[   16.651999] proc in rq 0
[   16.654871] rq->nr_running rq->cfs.nr_running : 1 1
[   16.660603] rq->load.weight, rq->cfs.load.weight : 1048576 1048576
[   16.660604] ----------------^^^^CPU0^^^^^-----------------------
[   16.663577] rq->curr->pid == 4700
[   16.666527] proc in rq 0
[   16.669464] rq->nr_running rq->cfs.nr_running : 0 0
[   16.675197] rq->load.weight, rq->cfs.load.weight : 0 0
[   16.675200] ----------------^^^^CPU1^^^^^-----------------------
[   16.678065] rq->curr->pid == 0
[   16.680988] proc in rq 0
[   16.683879] rq->nr_running rq->cfs.nr_running : 0 0
[   16.689531] rq->load.weight, rq->cfs.load.weight : 0 0
[   16.689534] ----------------^^^^CPU2^^^^^-----------------------
[   16.692421] rq->curr->pid == 0
[   16.695305] proc in rq 0
[   16.698141] rq->nr_running rq->cfs.nr_running : 0 0
[   16.703805] rq->load.weight, rq->cfs.load.weight : 0 0
[   16.703809] ----------------^^^^CPU3^^^^^-----------------------
[   17.689085] rq->curr == THREAD(this messg)
[   17.691969] proc in rq 0
[   17.694827] rq->nr_running rq->cfs.nr_running : 1 1
[   17.700487] rq->load.weight, rq->cfs.load.weight : 1048576 1048576
[   17.700489] ----------------^^^^CPU0^^^^^-----------------------
[   17.703425] rq->curr->pid == 3429
[   17.706345] proc in rq 0
[   17.709256] rq->nr_running rq->cfs.nr_running : 0 0
[   17.714981] rq->load.weight, rq->cfs.load.weight : 0 0
[   17.714985] ----------------^^^^CPU1^^^^^-----------------------
[   17.717842] rq->curr->pid == 0
[   17.720755] proc in rq 0
[   17.723638] rq->nr_running rq->cfs.nr_running : 0 0
[   17.729269] rq->load.weight, rq->cfs.load.weight : 0 0
[   17.729271] ----------------^^^^CPU2^^^^^-----------------------
[   17.732148] rq->curr->pid == 0
[   17.735019] proc in rq 0
[   17.737857] rq->nr_running rq->cfs.nr_running : 0 0
[   17.743530] rq->load.weight, rq->cfs.load.weight : 0 0
[   17.743534] ----------------^^^^CPU3^^^^^-----------------------
[   18.649082] rq->curr == THREAD(this messg)
[   18.651969] proc in rq 0
[   18.654825] rq->nr_running rq->cfs.nr_running : 1 1
[   18.660488] rq->load.weight, rq->cfs.load.weight : 1048576 1048576
[   18.660490] ----------------^^^^CPU0^^^^^-----------------------
[   18.663430] rq->curr->pid == 4743
[   18.666358] proc in rq 0
[   18.669272] rq->nr_running rq->cfs.nr_running : 0 0
[   18.675015] rq->load.weight, rq->cfs.load.weight : 0 0
[   18.675018] ----------------^^^^CPU1^^^^^-----------------------
[   18.677886] rq->curr->pid == 0
[   18.680802] proc in rq 0
[   18.683694] rq->nr_running rq->cfs.nr_running : 0 0
[   18.689338] rq->load.weight, rq->cfs.load.weight : 0 0
[   18.689340] ----------------^^^^CPU2^^^^^-----------------------
[   18.692225] rq->curr->pid == 0
[   18.695100] proc in rq 0
[   18.697944] rq->nr_running rq->cfs.nr_running : 0 0
[   18.703620] rq->load.weight, rq->cfs.load.weight : 0 0
[   18.703623] ----------------^^^^CPU3^^^^^-----------------------
[   19.689123] rq->curr == THREAD(this messg)
[   19.689139] proc in rq 0
[   19.689144] rq->nr_running rq->cfs.nr_running : 1 1
[   19.689149] rq->load.weight, rq->cfs.load.weight : 1048576 1048576
[   19.689150] ----------------^^^^CPU0^^^^^-----------------------
[   19.689154] rq->curr->pid == 4826
[   19.689157] proc in rq 0
[   19.689160] rq->nr_running rq->cfs.nr_running : 1 1
[   19.689164] rq->load.weight, rq->cfs.load.weight : 1307648 1307648
[   19.689166] ----------------^^^^CPU1^^^^^-----------------------
[   19.689169] rq->curr->pid == 0
[   19.689172] proc in rq 0
[   19.689175] rq->nr_running rq->cfs.nr_running : 0 0
[   19.689179] rq->load.weight, rq->cfs.load.weight : 0 0
[   19.689181] ----------------^^^^CPU2^^^^^-----------------------
[   19.689184] rq->curr->pid == 0
[   19.689187] proc in rq 0
[   19.689190] rq->nr_running rq->cfs.nr_running : 0 0
[   19.689194] rq->load.weight, rq->cfs.load.weight : 0 0
[   19.689196] ----------------^^^^CPU3^^^^^-----------------------
[   20.649091] rq->curr == THREAD(this messg)
[   20.649101] proc in rq 0
[   20.649106] rq->nr_running rq->cfs.nr_running : 1 1
[   20.649112] rq->load.weight, rq->cfs.load.weight : 1048576 1048576
[   20.649113] ----------------^^^^CPU0^^^^^-----------------------
[   20.649117] rq->curr->pid == 10
[   20.649120] proc in rq 0
[   20.649123] rq->nr_running rq->cfs.nr_running : 0 0
[   20.649128] rq->load.weight, rq->cfs.load.weight : 0 0
[   20.649129] ----------------^^^^CPU1^^^^^-----------------------
[   20.649133] rq->curr->pid == 0
[   20.649136] proc in rq 0
[   20.649139] rq->nr_running rq->cfs.nr_running : 0 0
[   20.649143] rq->load.weight, rq->cfs.load.weight : 0 0
[   20.649145] ----------------^^^^CPU2^^^^^-----------------------
[   20.649148] rq->curr->pid == 0
[   20.649151] proc in rq 0
[   20.649154] rq->nr_running rq->cfs.nr_running : 0 0
[   20.649158] rq->load.weight, rq->cfs.load.weight : 0 0
[   20.649159] ----------------^^^^CPU3^^^^^-----------------------
[   26.449441] random: crng init done
