[    0.000000] Linux version 5.2.0+ (root@(none)) (gcc version 9.0.1 20190416 (experimental) (GCC)) #200 SMP Mon Jul 15 18:30:31 +05 2019
[    0.000000] Command line: BOOT_IMAGE=/boot/bzImage root=/dev/sda2 ro
[    0.000000] x86/fpu: Supporting XSAVE feature 0x001: 'x87 floating point registers'
[    0.000000] x86/fpu: Supporting XSAVE feature 0x002: 'SSE registers'
[    0.000000] x86/fpu: Supporting XSAVE feature 0x004: 'AVX registers'
[    0.000000] x86/fpu: xstate_offset[2]:  576, xstate_sizes[2]:  256
[    0.000000] x86/fpu: Enabled xstate features 0x7, context size is 832 bytes, using 'standard' format.
[    0.000000] BIOS-provided physical RAM map:
[    0.000000] BIOS-e820: [mem 0x0000000000000000-0x000000000009ffff] usable
[    0.000000] BIOS-e820: [mem 0x0000000000100000-0x000000009d0f7fff] usable
[    0.000000] BIOS-e820: [mem 0x000000009d0f8000-0x000000009d127fff] reserved
[    0.000000] BIOS-e820: [mem 0x000000009d128000-0x000000009d370fff] usable
[    0.000000] BIOS-e820: [mem 0x000000009d371000-0x000000009dc56fff] ACPI NVS
[    0.000000] BIOS-e820: [mem 0x000000009dc57000-0x000000009e959fff] reserved
[    0.000000] BIOS-e820: [mem 0x000000009e95a000-0x000000009e9cafff] type 20
[    0.000000] BIOS-e820: [mem 0x000000009e9cb000-0x000000009e9cbfff] usable
[    0.000000] BIOS-e820: [mem 0x000000009e9cc000-0x000000009e9d3fff] ACPI NVS
[    0.000000] BIOS-e820: [mem 0x000000009e9d4000-0x000000009eb24fff] usable
[    0.000000] BIOS-e820: [mem 0x000000009eb25000-0x000000009f041fff] reserved
[    0.000000] BIOS-e820: [mem 0x000000009f042000-0x000000009f080fff] usable
[    0.000000] BIOS-e820: [mem 0x000000009f081000-0x000000009f3f1fff] reserved
[    0.000000] BIOS-e820: [mem 0x000000009f3f2000-0x000000009f3fffff] usable
[    0.000000] BIOS-e820: [mem 0x00000000fec00000-0x00000000fec01fff] reserved
[    0.000000] BIOS-e820: [mem 0x00000000fec10000-0x00000000fec10fff] reserved
[    0.000000] BIOS-e820: [mem 0x00000000fed00000-0x00000000fed00fff] reserved
[    0.000000] BIOS-e820: [mem 0x00000000fed80000-0x00000000fed8ffff] reserved
[    0.000000] BIOS-e820: [mem 0x00000000ff000000-0x00000000ffffffff] reserved
[    0.000000] BIOS-e820: [mem 0x0000000100001000-0x000000013effffff] usable
[    0.000000] NX (Execute Disable) protection: active
[    0.000000] efi: EFI v2.31 by American Megatrends
[    0.000000] efi:  ACPI=0x9d3f3000  ACPI 2.0=0x9d3f3000  SMBIOS=0x9e958998 
[    0.000000] SMBIOS 2.7 present.
[    0.000000] DMI: ASUSTeK COMPUTER INC. X102BA/X102BA, BIOS X102BA.212 08/30/2013
[    0.000000] tsc: Fast TSC calibration using PIT
[    0.000000] tsc: Detected 998.116 MHz processor
[    0.000214] e820: update [mem 0x00000000-0x00000fff] usable ==> reserved
[    0.000219] e820: remove [mem 0x000a0000-0x000fffff] usable
[    0.000242] last_pfn = 0x13f000 max_arch_pfn = 0x400000000
[    0.000252] MTRR default type: uncachable
[    0.000253] MTRR fixed ranges enabled:
[    0.000257]   00000-9FFFF write-back
[    0.000259]   A0000-BFFFF write-through
[    0.000262]   C0000-DFFFF uncachable
[    0.000264]   E0000-FFFFF write-protect
[    0.000266] MTRR variable ranges enabled:
[    0.000270]   0 base 0000000000 mask FF80000000 write-back
[    0.000274]   1 base 0080000000 mask FFE0000000 write-back
[    0.000277]   2 base 009F400000 mask FFFFC00000 uncachable
[    0.000280]   3 base 009F800000 mask FFFF800000 uncachable
[    0.000281]   4 disabled
[    0.000283]   5 disabled
[    0.000284]   6 disabled
[    0.000285]   7 disabled
[    0.000287] TOM2: 000000013f000000 aka 5104M
[    0.000811] x86/PAT: Configuration [0-7]: WB  WC  UC- UC  WB  WP  UC- WT  
[    0.001081] e820: update [mem 0x9f400000-0xffffffff] usable ==> reserved
[    0.001095] last_pfn = 0x9f400 max_arch_pfn = 0x400000000
[    0.014456] check: Scanning 1 areas for low memory corruption
[    0.014468] Using GB pages for direct mapping
[    0.014475] BRK [0x133e01000, 0x133e01fff] PGTABLE
[    0.014482] BRK [0x133e02000, 0x133e02fff] PGTABLE
[    0.014485] BRK [0x133e03000, 0x133e03fff] PGTABLE
[    0.014553] BRK [0x133e04000, 0x133e04fff] PGTABLE
[    0.014558] BRK [0x133e05000, 0x133e05fff] PGTABLE
[    0.014620] BRK [0x133e06000, 0x133e06fff] PGTABLE
[    0.014929] BRK [0x133e07000, 0x133e07fff] PGTABLE
[    0.015047] BRK [0x133e08000, 0x133e08fff] PGTABLE
[    0.015194] BRK [0x133e09000, 0x133e09fff] PGTABLE
[    0.015354] BRK [0x133e0a000, 0x133e0afff] PGTABLE
[    0.015470] BRK [0x133e0b000, 0x133e0bfff] PGTABLE
[    0.015650] BRK [0x133e0c000, 0x133e0cfff] PGTABLE
[    0.015988] Secure boot could not be determined
[    0.016003] ACPI: Early table checksum verification disabled
[    0.016014] ACPI: RSDP 0x000000009D3F3000 000024 (v02 _ASUS_)
[    0.016024] ACPI: XSDT 0x000000009D3F3088 000094 (v01 _ASUS_ Notebook 01072009 AMI  00010013)
[    0.016041] ACPI: FACP 0x000000009D400748 00010C (v05 _ASUS_ Notebook 01072009 AMI  00010013)
[    0.016055] ACPI BIOS Warning (bug): Optional FADT field Pm2ControlBlock has valid Length but zero Address: 0x0000000000000000/0x1 (20190703/tbfadt-615)
[    0.016068] ACPI: DSDT 0x000000009D3F31A8 00D59D (v02 _ASUS_ Notebook 00000000 INTL 20091112)
[    0.016078] ACPI: FACS 0x000000009DC4B080 000040
[    0.016086] ACPI: APIC 0x000000009D400858 00007E (v03 _ASUS_ Notebook 01072009 AMI  00010013)
[    0.016095] ACPI: FPDT 0x000000009D4008D8 000044 (v01 _ASUS_ Notebook 01072009 AMI  00010013)
[    0.016104] ACPI: ECDT 0x000000009D400920 0000C1 (v01 _ASUS_ Notebook 01072009 AMI. 00000005)
[    0.016113] ACPI: MCFG 0x000000009D4009E8 00003C (v01 _ASUS_ Notebook 01072009 MSFT 00010013)
[    0.016122] ACPI: HPET 0x000000009D400A28 000038 (v01 _ASUS_ Notebook 01072009 AMI  00000005)
[    0.016131] ACPI: VFCT 0x000000009D400A60 004684 (v01 _ASUS_ Notebook 00000001 AMD  31504F47)
[    0.016140] ACPI: BGRT 0x000000009D4050E8 000038 (v00 _ASUS_ Notebook 01072009 ASUS 00010013)
[    0.016150] ACPI: SSDT 0x000000009D405120 0005E0 (v01 AMD    AGESA    00000001 AMD  00000001)
[    0.016159] ACPI: SSDT 0x000000009D405700 0046D1 (v02 AMD    AGESA    00000002 MSFT 04000000)
[    0.016168] ACPI: CRAT 0x000000009D409DD8 000228 (v01 AMD    AGESA    00000001 AMD  00000001)
[    0.016177] ACPI: SSDT 0x000000009D40A000 001411 (v01 AMD    CPMDFIGP 00000001 INTL 20051117)
[    0.016186] ACPI: SSDT 0x000000009D40B418 0010E8 (v01 AMD    CPMCMN   00000001 INTL 20051117)
[    0.016195] ACPI: MSDM 0x000000009D127F98 000055 (v03 _ASUS_ Notebook 00000000 ASUS 00000001)
[    0.016223] ACPI: Local APIC address 0xfee00000
[    0.016576] No NUMA configuration found
[    0.016581] Faking a node at [mem 0x0000000000000000-0x000000013effffff]
[    0.016595] NODE_DATA(0) allocated [mem 0x13effb000-0x13effefff]
[    0.016647] Zone ranges:
[    0.016651]   DMA      [mem 0x0000000000001000-0x0000000000ffffff]
[    0.016655]   DMA32    [mem 0x0000000001000000-0x00000000ffffffff]
[    0.016659]   Normal   [mem 0x0000000100000000-0x000000013effffff]
[    0.016663] Movable zone start for each node
[    0.016666] Early memory node ranges
[    0.016669]   node   0: [mem 0x0000000000001000-0x000000000009ffff]
[    0.016673]   node   0: [mem 0x0000000000100000-0x000000009d0f7fff]
[    0.016676]   node   0: [mem 0x000000009d128000-0x000000009d370fff]
[    0.016679]   node   0: [mem 0x000000009e9cb000-0x000000009e9cbfff]
[    0.016682]   node   0: [mem 0x000000009e9d4000-0x000000009eb24fff]
[    0.016685]   node   0: [mem 0x000000009f042000-0x000000009f080fff]
[    0.016688]   node   0: [mem 0x000000009f3f2000-0x000000009f3fffff]
[    0.016691]   node   0: [mem 0x0000000100001000-0x000000013effffff]
[    0.017030] Zeroed struct page in unavailable ranges: 11138 pages
[    0.017037] Initmem setup node 0 [mem 0x0000000000001000-0x000000013effffff]
[    0.017047] On node 0 totalpages: 902270
[    0.017050]   DMA zone: 64 pages used for memmap
[    0.017052]   DMA zone: 23 pages reserved
[    0.017055]   DMA zone: 3999 pages, LIFO batch:0
[    0.017270]   DMA32 zone: 10004 pages used for memmap
[    0.017272]   DMA32 zone: 640224 pages, LIFO batch:63
[    0.057263]   Normal zone: 4032 pages used for memmap
[    0.057269]   Normal zone: 258047 pages, LIFO batch:63
[    0.070408] ACPI: PM-Timer IO Port: 0x808
[    0.070419] ACPI: Local APIC address 0xfee00000
[    0.070436] ACPI: LAPIC_NMI (acpi_id[0xff] high edge lint[0x1])
[    0.070452] IOAPIC[0]: apic_id 3, version 33, address 0xfec00000, GSI 0-23
[    0.070462] IOAPIC[1]: apic_id 4, version 33, address 0xfec01000, GSI 24-55
[    0.070469] ACPI: INT_SRC_OVR (bus 0 bus_irq 0 global_irq 2 dfl dfl)
[    0.070475] ACPI: INT_SRC_OVR (bus 0 bus_irq 9 global_irq 9 low level)
[    0.070479] ACPI: IRQ0 used by override.
[    0.070482] ACPI: IRQ9 used by override.
[    0.070487] Using ACPI (MADT) for SMP configuration information
[    0.070492] ACPI: HPET id: 0x10228210 base: 0xfed00000
[    0.070507] smpboot: Allowing 4 CPUs, 2 hotplug CPUs
[    0.070578] PM: Registered nosave memory: [mem 0x00000000-0x00000fff]
[    0.070585] PM: Registered nosave memory: [mem 0x000a0000-0x000fffff]
[    0.070592] PM: Registered nosave memory: [mem 0x9d0f8000-0x9d127fff]
[    0.070598] PM: Registered nosave memory: [mem 0x9d371000-0x9dc56fff]
[    0.070601] PM: Registered nosave memory: [mem 0x9dc57000-0x9e959fff]
[    0.070604] PM: Registered nosave memory: [mem 0x9e95a000-0x9e9cafff]
[    0.070611] PM: Registered nosave memory: [mem 0x9e9cc000-0x9e9d3fff]
[    0.070617] PM: Registered nosave memory: [mem 0x9eb25000-0x9f041fff]
[    0.070624] PM: Registered nosave memory: [mem 0x9f081000-0x9f3f1fff]
[    0.070631] PM: Registered nosave memory: [mem 0x9f400000-0xfebfffff]
[    0.070634] PM: Registered nosave memory: [mem 0xfec00000-0xfec01fff]
[    0.070636] PM: Registered nosave memory: [mem 0xfec02000-0xfec0ffff]
[    0.070639] PM: Registered nosave memory: [mem 0xfec10000-0xfec10fff]
[    0.070642] PM: Registered nosave memory: [mem 0xfec11000-0xfecfffff]
[    0.070645] PM: Registered nosave memory: [mem 0xfed00000-0xfed00fff]
[    0.070647] PM: Registered nosave memory: [mem 0xfed01000-0xfed7ffff]
[    0.070650] PM: Registered nosave memory: [mem 0xfed80000-0xfed8ffff]
[    0.070653] PM: Registered nosave memory: [mem 0xfed90000-0xfeffffff]
[    0.070655] PM: Registered nosave memory: [mem 0xff000000-0xffffffff]
[    0.070658] PM: Registered nosave memory: [mem 0x100000000-0x100000fff]
[    0.070664] [mem 0x9f400000-0xfebfffff] available for PCI devices
[    0.070676] clocksource: refined-jiffies: mask: 0xffffffff max_cycles: 0xffffffff, max_idle_ns: 19112604462750000 ns
[    0.497046] setup_percpu: NR_CPUS:64 nr_cpumask_bits:64 nr_cpu_ids:4 nr_node_ids:1
[    0.498228] percpu: Embedded 51 pages/cpu s169944 r8192 d30760 u524288
[    0.498266] pcpu-alloc: s169944 r8192 d30760 u524288 alloc=1*2097152
[    0.498269] pcpu-alloc: [0] 0 1 2 3 
[    0.498346] Built 1 zonelists, mobility grouping on.  Total pages: 888147
[    0.498350] Policy zone: Normal
[    0.498357] Kernel command line: BOOT_IMAGE=/boot/bzImage root=/dev/sda2 ro
[    0.500301] Dentry cache hash table entries: 524288 (order: 10, 4194304 bytes, linear)
[    0.501228] Inode-cache hash table entries: 262144 (order: 9, 2097152 bytes, linear)
[    0.501307] mem auto-init: stack:off, heap alloc:off, heap free:off
[    0.565042] Memory: 3426032K/3609080K available (14356K kernel code, 1439K rwdata, 4484K rodata, 1300K init, 820K bss, 183048K reserved, 0K cma-reserved)
[    0.565253] SLUB: HWalign=64, Order=0-3, MinObjects=0, CPUs=4, Nodes=1
[    0.565489] rcu: Hierarchical RCU implementation.
[    0.565493] rcu: 	RCU event tracing is enabled.
[    0.565497] rcu: 	RCU restricting CPUs from NR_CPUS=64 to nr_cpu_ids=4.
[    0.565501] rcu: RCU calculated value of scheduler-enlistment delay is 10 jiffies.
[    0.565505] rcu: Adjusting geometry for rcu_fanout_leaf=16, nr_cpu_ids=4
[    0.566101] NR_IRQS: 4352, nr_irqs: 1000, preallocated irqs: 16
[    0.566698] random: get_random_bytes called from start_kernel+0x314/0x4e1 with crng_init=0
[    0.566782] Console: colour dummy device 80x25
[    0.567497] printk: console [tty0] enabled
[    0.567545] ACPI: Core revision 20190703
[    0.568060] clocksource: hpet: mask: 0xffffffff max_cycles: 0xffffffff, max_idle_ns: 133484873504 ns
[    0.568098] APIC: Switch to symmetric I/O mode setup
[    0.568957] ..TIMER: vector=0x30 apic1=0 pin1=2 apic2=-1 pin2=-1
[    0.618101] clocksource: tsc-early: mask: 0xffffffffffffffff max_cycles: 0x1cc646c1064, max_idle_ns: 881590535916 ns
[    0.618118] Calibrating delay loop (skipped), value calculated using timer frequency.. 1996.23 BogoMIPS (lpj=9981160)
[    0.618134] pid_max: default: 32768 minimum: 301
[    0.620803] LSM: Security Framework initializing
[    0.620835] SELinux:  Initializing.
[    0.620873] *** VALIDATE SELinux ***
[    0.620937] Mount-cache hash table entries: 8192 (order: 4, 65536 bytes, linear)
[    0.620975] Mountpoint-cache hash table entries: 8192 (order: 4, 65536 bytes, linear)
[    0.621362] *** VALIDATE proc ***
[    0.621451] *** VALIDATE cgroup1 ***
[    0.621462] *** VALIDATE cgroup2 ***
[    0.621569] LVT offset 1 assigned for vector 0xf9
[    0.621587] Last level iTLB entries: 4KB 512, 2MB 8, 4MB 4
[    0.621595] Last level dTLB entries: 4KB 512, 2MB 256, 4MB 128, 1GB 0
[    0.621605] Spectre V2 : Mitigation: Full AMD retpoline
[    0.621613] Spectre V2 : Spectre v2 / SpectreRSB mitigation: Filling RSB on context switch
[    0.621624] Speculative Store Bypass: Mitigation: Speculative Store Bypass disabled via prctl and seccomp
[    0.622201] Freeing SMP alternatives memory: 40K
[    0.628115] smpboot: CPU0: AMD A4-1200 APU with Radeon(TM) HD Graphics (family: 0x16, model: 0x0, stepping: 0x1)
[    0.628115] Performance Events: AMD PMU driver.
[    0.628115] ... version:                0
[    0.628115] ... bit width:              48
[    0.628115] ... generic registers:      4
[    0.628115] ... value mask:             0000ffffffffffff
[    0.628115] ... max period:             00007fffffffffff
[    0.628115] ... fixed-purpose events:   0
[    0.628115] ... event mask:             000000000000000f
[    0.628115] rcu: Hierarchical SRCU implementation.
[    0.628115] MCE: In-kernel MCE decoding enabled.
[    0.628115] smp: Bringing up secondary CPUs ...
[    0.628115] x86: Booting SMP configuration:
[    0.628115] .... node  #0, CPUs:      #1
[    0.628115] smp: Brought up 1 node, 2 CPUs
[    0.628115] smpboot: Max logical packages: 2
[    0.628115] smpboot: Total of 2 processors activated (3992.46 BogoMIPS)
[    0.628115] devtmpfs: initialized
[    0.628115] PM: Registering ACPI NVS region [mem 0x9d371000-0x9dc56fff] (9330688 bytes)
[    0.628115] PM: Registering ACPI NVS region [mem 0x9e9cc000-0x9e9d3fff] (32768 bytes)
[    0.628115] clocksource: jiffies: mask: 0xffffffff max_cycles: 0xffffffff, max_idle_ns: 19112604462750000 ns
[    0.628115] futex hash table entries: 1024 (order: 4, 65536 bytes, linear)
[    0.628115] kworker/u8:0 (22) used greatest stack depth: 14616 bytes left
[    0.628115] NET: Registered protocol family 16
[    0.628115] audit: initializing netlink subsys (disabled)
[    0.628115] audit: type=2000 audit(1563264268.050:1): state=initialized audit_enabled=0 res=1
[    0.628115] cpuidle: using governor ladder
[    0.628115] cpuidle: using governor menu
[    0.628115] ACPI FADT declares the system doesn't support PCIe ASPM, so disable it
[    0.628115] ACPI: bus type PCI registered
[    0.628115] PCI: MMCONFIG for domain 0000 [bus 00-ff] at [mem 0xe0000000-0xefffffff] (base 0xe0000000)
[    0.628115] PCI: not using MMCONFIG
[    0.628115] PCI: Using configuration type 1 for base access
[    0.628115] PCI: Using configuration type 1 for extended access
[    0.628150] rq->curr == THREAD(this messg)
[    0.628151] state TASK_RUNNING
[    0.628164] color, tsk->comm, weight, vruntime, state: -116606304169575 kworker/u8:1 1048576 48034048 0
[    0.628172] color, tsk->comm, weight, vruntime, state: -116606304179944 kworker/u8:1 1048576 48034048 0
[    0.628185] color, tsk->comm, weight, vruntime, state: -116606304169575 kworker/u8:1 1048576 48034048 0
[    0.628197] color, tsk->comm, weight, vruntime, state: 1 kworker/u8:1 1048576 48248335 0
[    0.628209] color, tsk->comm, weight, vruntime, state: -116606304818023 kworker/u8:1 1048576 48534049 0
[    0.628220] color, tsk->comm, weight, vruntime, state: -116606304179944 kworker/u8:1 1048576 48934048 0
[    0.628232] color, tsk->comm, weight, vruntime, state: -116606304818023 kworker/u8:1 1048576 49534048 0
[    0.628243] comm swapper/0 pid 1 state 0
[    0.628259] comm kthreadd pid 2 state 1
[    0.628266] comm rcu_gp pid 3 state 1026
[    0.628274] comm rcu_par_gp pid 4 state 1026
[    0.628281] comm kworker/0:0 pid 5 state 1026
[    0.628288] comm kworker/0:0H pid 6 state 1026
[    0.628296] comm kworker/u8:0 pid 7 state 0
[    0.628303] comm mm_percpu_wq pid 8 state 1026
[    0.628310] comm ksoftirqd/0 pid 9 state 1
[    0.628317] comm rcu_sched pid 10 state 1026
[    0.628325] comm migration/0 pid 11 state 1
[    0.628333] comm cpuhp/0 pid 12 state 1
[    0.628339] comm cpuhp/1 pid 13 state 1
[    0.628346] comm migration/1 pid 14 state 1
[    0.628354] comm ksoftirqd/1 pid 15 state 1
[    0.628361] comm kworker/1:0 pid 16 state 258
[    0.628369] comm kworker/1:0H pid 17 state 1026
[    0.628376] comm THREAD pid 18 state 0
[    0.628383] comm kdevtmpfs pid 19 state 1
[    0.628390] comm netns pid 20 state 1026
[    0.628397] comm kworker/u8:1 pid 21 state 1026
[    0.628404] comm kauditd pid 24 state 1
[    0.628411] comm kworker/u8:1 pid 25 state 0
[    0.628418] comm kworker/u8:1 pid 26 state 0
[    0.628425] comm kworker/u8:1 pid 27 state 0
[    0.628432] comm kworker/u8:1 pid 28 state 0
[    0.628439] comm kworker/u8:1 pid 29 state 0
[    0.628446] comm kworker/u8:1 pid 31 state 0
[    0.628453] comm kworker/u8:1 pid 33 state 0
[    0.628460] comm kworker/u8:1 pid 34 state 0
[    0.628466] comm kworker/u8:1 pid 35 state 0
[    0.628473] comm kworker/0:1 pid 37 state 1026
[    0.628481] comm kthreadd pid 38 state 0
[    0.628487] proc in rq 7
[    0.628489] rq->nr_running rq->cfs.nr_running : 8 8
[    0.628500] rq->rt.rt_nr_running  rq->cfs.load.weight : 0  8388608
[    0.628501] ----------------^^^^CPU0^^^^^-----------------------
[    0.628509] rq->curr->pid == 1
[    0.628516] state TASK_RUNNING
[    0.628524] color, tsk->comm, weight, vruntime, state: -116606304190312 kworker/u8:0 1048576 28351403 0
[    0.628531] color, tsk->comm, weight, vruntime, state: -116606304821479 kworker/u8:1 1048576 34351403 0
[    0.628543] color, tsk->comm, weight, vruntime, state: 1 kworker/u8:1 1048576 34951403 0
[    0.628554] color, tsk->comm, weight, vruntime, state: -116606304821479 kthreadd 1048576 37351400 0
[    0.628565] comm swapper/0 pid 1 state 0
[    0.628579] comm kthreadd pid 2 state 1
[    0.628586] comm rcu_gp pid 3 state 1026
[    0.628593] comm rcu_par_gp pid 4 state 1026
[    0.628600] comm kworker/0:0 pid 5 state 1026
[    0.628607] comm kworker/0:0H pid 6 state 1026
[    0.628613] comm kworker/u8:0 pid 7 state 0
[    0.628620] comm mm_percpu_wq pid 8 state 1026
[    0.628627] comm ksoftirqd/0 pid 9 state 1
[    0.628634] comm rcu_sched pid 10 state 1026
[    0.628641] comm migration/0 pid 11 state 1
[    0.628648] comm cpuhp/0 pid 12 state 1
[    0.628654] comm cpuhp/1 pid 13 state 1
[    0.628661] comm migration/1 pid 14 state 1
[    0.628668] comm ksoftirqd/1 pid 15 state 1
[    0.628675] comm kworker/1:0 pid 16 state 258
[    0.628682] comm kworker/1:0H pid 17 state 1026
[    0.628689] comm THREAD pid 18 state 0
[    0.628695] comm kdevtmpfs pid 19 state 1
[    0.628702] comm netns pid 20 state 1026
[    0.628709] comm kworker/u8:1 pid 21 state 1026
[    0.628716] comm kauditd pid 24 state 1
[    0.628722] comm kworker/u8:1 pid 25 state 0
[    0.628729] comm kworker/u8:1 pid 26 state 0
[    0.628736] comm kworker/u8:1 pid 27 state 0
[    0.628743] comm kworker/u8:1 pid 28 state 0
[    0.628750] comm kworker/u8:1 pid 29 state 0
[    0.628756] comm kworker/u8:1 pid 31 state 0
[    0.628763] comm kworker/u8:1 pid 33 state 0
[    0.628770] comm kworker/u8:1 pid 34 state 0
[    0.628777] comm kworker/u8:1 pid 35 state 0
[    0.628784] comm kworker/0:1 pid 37 state 1026
[    0.628791] comm kthreadd pid 38 state 0
[    0.628797] proc in rq 4
[    0.628799] rq->nr_running rq->cfs.nr_running : 5 5
[    0.628809] rq->rt.rt_nr_running  rq->cfs.load.weight : 0  5242880
[    0.628811] ----------------^^^^CPU1^^^^^-----------------------
[    0.628819] rq->curr->pid == 0
[    0.628825] state TASK_RUNNING
[    0.628833] comm swapper/0 pid 1 state 0
[    0.628843] comm kthreadd pid 2 state 1
[    0.628850] comm rcu_gp pid 3 state 1026
[    0.628857] comm rcu_par_gp pid 4 state 1026
[    0.628864] comm kworker/0:0 pid 5 state 1026
[    0.628870] comm kworker/0:0H pid 6 state 1026
[    0.628877] comm kworker/u8:0 pid 7 state 0
[    0.628884] comm mm_percpu_wq pid 8 state 1026
[    0.628891] comm ksoftirqd/0 pid 9 state 1
[    0.628898] comm rcu_sched pid 10 state 1026
[    0.628905] comm migration/0 pid 11 state 1
[    0.628912] comm cpuhp/0 pid 12 state 1
[    0.628919] comm cpuhp/1 pid 13 state 1
[    0.628925] comm migration/1 pid 14 state 1
[    0.628932] comm ksoftirqd/1 pid 15 state 1
[    0.628939] comm kworker/1:0 pid 16 state 258
[    0.628946] comm kworker/1:0H pid 17 state 1026
[    0.628953] comm THREAD pid 18 state 0
[    0.628959] comm kdevtmpfs pid 19 state 1
[    0.628966] comm netns pid 20 state 1026
[    0.628973] comm kworker/u8:1 pid 21 state 1026
[    0.628980] comm kauditd pid 24 state 1
[    0.628987] comm kworker/u8:1 pid 25 state 0
[    0.628994] comm kworker/u8:1 pid 26 state 0
[    0.629000] comm kworker/u8:1 pid 27 state 0
[    0.629007] comm kworker/u8:1 pid 28 state 0
[    0.629014] comm kworker/u8:1 pid 29 state 0
[    0.629021] comm kworker/u8:1 pid 31 state 0
[    0.629028] comm kworker/u8:1 pid 33 state 0
[    0.629034] comm kworker/u8:1 pid 34 state 0
[    0.629041] comm kworker/u8:1 pid 35 state 0
[    0.629048] comm kworker/0:1 pid 37 state 1026
[    0.629055] comm kthreadd pid 38 state 0
[    0.629061] proc in rq 0
[    0.629063] rq->nr_running rq->cfs.nr_running : 0 0
[    0.629073] rq->rt.rt_nr_running  rq->cfs.load.weight : 0  0
[    0.629075] ----------------^^^^CPU2^^^^^-----------------------
[    0.629082] rq->curr->pid == 0
[    0.629089] state TASK_RUNNING
[    0.629097] comm swapper/0 pid 1 state 0
[    0.629107] comm kthreadd pid 2 state 1
[    0.629114] comm rcu_gp pid 3 state 1026
[    0.629120] comm rcu_par_gp pid 4 state 1026
[    0.629127] comm kworker/0:0 pid 5 state 1026
[    0.629134] comm kworker/0:0H pid 6 state 1026
[    0.629141] comm kworker/u8:0 pid 7 state 0
[    0.629148] comm mm_percpu_wq pid 8 state 1026
[    0.629155] comm ksoftirqd/0 pid 9 state 1
[    0.629162] comm rcu_sched pid 10 state 1026
[    0.629169] comm migration/0 pid 11 state 1
[    0.629176] comm cpuhp/0 pid 12 state 1
[    0.629183] comm cpuhp/1 pid 13 state 1
[    0.629189] comm migration/1 pid 14 state 1
[    0.629196] comm ksoftirqd/1 pid 15 state 1
[    0.629203] comm kworker/1:0 pid 16 state 258
[    0.629210] comm kworker/1:0H pid 17 state 1026
[    0.629217] comm THREAD pid 18 state 0
[    0.629224] comm kdevtmpfs pid 19 state 1
[    0.629230] comm netns pid 20 state 1026
[    0.629238] comm kworker/u8:1 pid 21 state 1026
[    0.629245] comm kauditd pid 24 state 1
[    0.629251] comm kworker/u8:1 pid 25 state 0
[    0.629258] comm kworker/u8:1 pid 26 state 0
[    0.629265] comm kworker/u8:1 pid 27 state 0
[    0.629272] comm kworker/u8:1 pid 28 state 0
[    0.629278] comm kworker/u8:1 pid 29 state 0
[    0.629285] comm kworker/u8:1 pid 31 state 0
[    0.629292] comm kworker/u8:1 pid 33 state 0
[    0.629299] comm kworker/u8:1 pid 34 state 0
[    0.629305] comm kworker/u8:1 pid 35 state 0
[    0.629312] comm kworker/0:1 pid 37 state 1026
[    0.629319] comm kthreadd pid 38 state 0
[    0.629325] proc in rq 0
[    0.629327] rq->nr_running rq->cfs.nr_running : 0 0
[    0.629338] rq->rt.rt_nr_running  rq->cfs.load.weight : 0  0
[    0.629339] ----------------^^^^CPU3^^^^^-----------------------
[    0.643869] kworker/u8:0 (47) used greatest stack depth: 14152 bytes left
[    0.675195] HugeTLB registered 2.00 MiB page size, pre-allocated 0 pages
[    0.683331] ACPI: Added _OSI(Module Device)
[    0.683331] ACPI: Added _OSI(Processor Device)
[    0.683331] ACPI: Added _OSI(3.0 _SCP Extensions)
[    0.683331] ACPI: Added _OSI(Processor Aggregator Device)
[    0.683331] ACPI: Added _OSI(Linux-Dell-Video)
[    0.683331] ACPI: Added _OSI(Linux-Lenovo-NV-HDMI-Audio)
[    0.683331] ACPI: Added _OSI(Linux-HPI-Hybrid-Graphics)
[    0.717159] ACPI: 5 ACPI AML tables successfully acquired and loaded
[    0.720850] ACPI: EC: EC started
[    0.720862] ACPI: EC: interrupt blocked
[    0.722983] ACPI: \: Used as first EC
[    0.722996] ACPI: \: GPE=0x3, EC_CMD/EC_SC=0x66, EC_DATA=0x62
[    0.723003] ACPI: EC: Boot ECDT EC used to handle transactions
[    0.725227] ACPI: [Firmware Bug]: BIOS _OSI(Linux) query ignored
[    0.729722] ACPI: Interpreter enabled
[    0.729798] ACPI: (supports S0 S3 S4 S5)
[    0.729809] ACPI: Using IOAPIC for interrupt routing
[    0.729927] PCI: MMCONFIG for domain 0000 [bus 00-ff] at [mem 0xe0000000-0xefffffff] (base 0xe0000000)
[    0.733556] PCI: MMCONFIG at [mem 0xe0000000-0xefffffff] reserved in ACPI motherboard resources
[    0.733556] PCI: Using host bridge windows from ACPI; if necessary, use "pci=nocrs" and report a bug
[    0.733556] ACPI: Enabled 3 GPEs in block 00 to 1F
[    1.694161] ACPI: PCI Root Bridge [PCI0] (domain 0000 [bus 00-ff])
[    1.694161] acpi PNP0A08:00: _OSC: OS supports [ExtendedConfig ASPM ClockPM Segments MSI HPX-Type3]
[    1.694161] acpi PNP0A08:00: _OSC: platform does not support [LTR]
[    1.694161] acpi PNP0A08:00: _OSC: OS now controls [PME AER PCIeCapability]
[    1.694161] acpi PNP0A08:00: FADT indicates ASPM is unsupported, using BIOS configuration
[    1.694216] PCI host bridge to bus 0000:00
[    1.694216] pci_bus 0000:00: root bus resource [io  0x0000-0x03af window]
[    1.694216] pci_bus 0000:00: root bus resource [io  0x03e0-0x0cf7 window]
[    1.694216] pci_bus 0000:00: root bus resource [io  0x03b0-0x03df window]
[    1.694216] pci_bus 0000:00: root bus resource [io  0x0d00-0xffff window]
[    1.694216] pci_bus 0000:00: root bus resource [mem 0x000a0000-0x000bffff window]
[    1.694216] pci_bus 0000:00: root bus resource [mem 0x000c0000-0x000dffff window]
[    1.694216] pci_bus 0000:00: root bus resource [mem 0xc0000000-0xffffffff window]
[    1.694216] pci_bus 0000:00: root bus resource [bus 00-ff]
[    1.694216] pci 0000:00:00.0: [1022:1536] type 00 class 0x060000
[    1.697170] pci 0000:00:01.0: [1002:9839] type 00 class 0x030000
[    1.697170] pci 0000:00:01.0: reg 0x10: [mem 0xc0000000-0xcfffffff 64bit pref]
[    1.697170] pci 0000:00:01.0: reg 0x18: [mem 0xd0000000-0xd07fffff 64bit pref]
[    1.697170] pci 0000:00:01.0: reg 0x20: [io  0xf000-0xf0ff]
[    1.697170] pci 0000:00:01.0: reg 0x24: [mem 0xfeb00000-0xfeb3ffff]
[    1.697170] pci 0000:00:01.0: reg 0x30: [mem 0xfeb40000-0xfeb5ffff pref]
[    1.697170] pci 0000:00:01.0: enabling Extended Tags
[    1.697170] pci 0000:00:01.0: BAR 0: assigned to efifb
[    1.697170] pci 0000:00:01.0: supports D1 D2
[    1.697170] pci 0000:00:01.0: PME# supported from D1 D2 D3hot
[    1.697293] pci 0000:00:01.1: [1002:9840] type 00 class 0x040300
[    1.697293] pci 0000:00:01.1: reg 0x10: [mem 0xfeb64000-0xfeb67fff 64bit]
[    1.697293] pci 0000:00:01.1: enabling Extended Tags
[    1.697293] pci 0000:00:01.1: supports D1 D2
[    1.697685] pci 0000:00:02.0: [1022:1538] type 00 class 0x060000
[    1.698147] pci 0000:00:02.2: [1022:1439] type 01 class 0x060400
[    1.698147] pci 0000:00:02.2: enabling Extended Tags
[    1.698147] pci 0000:00:02.2: PME# supported from D0 D3hot D3cold
[    1.698272] pci 0000:00:02.3: [1022:1439] type 01 class 0x060400
[    1.698272] pci 0000:00:02.3: enabling Extended Tags
[    1.698272] pci 0000:00:02.3: PME# supported from D0 D3hot D3cold
[    1.698697] pci 0000:00:10.0: [1022:7814] type 00 class 0x0c0330
[    1.698697] pci 0000:00:10.0: reg 0x10: [mem 0xfeb68000-0xfeb69fff 64bit]
[    1.698697] pci 0000:00:10.0: PME# supported from D0 D3hot D3cold
[    1.699035] pci 0000:00:11.0: [1022:7801] type 00 class 0x010601
[    1.699035] pci 0000:00:11.0: reg 0x10: [io  0xf140-0xf147]
[    1.699035] pci 0000:00:11.0: reg 0x14: [io  0xf130-0xf133]
[    1.699035] pci 0000:00:11.0: reg 0x18: [io  0xf120-0xf127]
[    1.699035] pci 0000:00:11.0: reg 0x1c: [io  0xf110-0xf113]
[    1.699035] pci 0000:00:11.0: reg 0x20: [io  0xf100-0xf10f]
[    1.699035] pci 0000:00:11.0: reg 0x24: [mem 0xfeb6f000-0xfeb6f3ff]
[    1.699035] pci 0000:00:11.0: PME# supported from D3hot
[    1.699495] pci 0000:00:12.0: [1022:7807] type 00 class 0x0c0310
[    1.699495] pci 0000:00:12.0: reg 0x10: [mem 0xfeb6e000-0xfeb6efff]
[    1.699931] pci 0000:00:12.2: [1022:7808] type 00 class 0x0c0320
[    1.699931] pci 0000:00:12.2: reg 0x10: [mem 0xfeb6d000-0xfeb6d0ff]
[    1.699931] pci 0000:00:12.2: supports D1 D2
[    1.699931] pci 0000:00:12.2: PME# supported from D0 D1 D2 D3hot D3cold
[    1.700255] pci 0000:00:13.0: [1022:7807] type 00 class 0x0c0310
[    1.700255] pci 0000:00:13.0: reg 0x10: [mem 0xfeb6c000-0xfeb6cfff]
[    1.700640] pci 0000:00:13.2: [1022:7808] type 00 class 0x0c0320
[    1.700640] pci 0000:00:13.2: reg 0x10: [mem 0xfeb6b000-0xfeb6b0ff]
[    1.700640] pci 0000:00:13.2: supports D1 D2
[    1.700640] pci 0000:00:13.2: PME# supported from D0 D1 D2 D3hot D3cold
[    1.700979] pci 0000:00:14.0: [1022:780b] type 00 class 0x0c0500
[    1.701232] pci 0000:00:14.2: [1022:780d] type 00 class 0x040300
[    1.701232] pci 0000:00:14.2: reg 0x10: [mem 0xfeb60000-0xfeb63fff 64bit]
[    1.701232] pci 0000:00:14.2: PME# supported from D0 D3hot D3cold
[    1.701526] pci 0000:00:14.3: [1022:780e] type 00 class 0x060100
[    1.702775] pci 0000:00:14.7: [1022:7813] type 00 class 0x080501
[    1.702775] pci 0000:00:14.7: reg 0x10: [mem 0xfeb6a000-0xfeb6a0ff 64bit]
[    1.702777] pci 0000:00:18.0: [1022:1530] type 00 class 0x060000
[    1.703107] pci 0000:00:18.1: [1022:1531] type 00 class 0x060000
[    1.703265] pci 0000:00:18.2: [1022:1532] type 00 class 0x060000
[    1.703470] pci 0000:00:18.3: [1022:1533] type 00 class 0x060000
[    1.703694] pci 0000:00:18.4: [1022:1534] type 00 class 0x060000
[    1.703906] pci 0000:00:18.5: [1022:1535] type 00 class 0x060000
[    1.704330] pci 0000:01:00.0: [168c:0032] type 00 class 0x028000
[    1.704330] pci 0000:01:00.0: reg 0x10: [mem 0xfea00000-0xfea7ffff 64bit]
[    1.704330] pci 0000:01:00.0: reg 0x30: [mem 0xfea80000-0xfea8ffff pref]
[    1.704330] pci 0000:01:00.0: supports D1 D2
[    1.704330] pci 0000:01:00.0: PME# supported from D0 D1 D2 D3hot D3cold
[    1.704958] pci 0000:00:02.2: PCI bridge to [bus 01]
[    1.704958] pci 0000:00:02.2:   bridge window [mem 0xfea00000-0xfeafffff]
[    1.704961] pci 0000:02:00.0: [10ec:8136] type 00 class 0x020000
[    1.704961] pci 0000:02:00.0: reg 0x10: [io  0xe000-0xe0ff]
[    1.704961] pci 0000:02:00.0: reg 0x18: [mem 0xd0804000-0xd0804fff 64bit pref]
[    1.704961] pci 0000:02:00.0: reg 0x20: [mem 0xd0800000-0xd0803fff 64bit pref]
[    1.704961] pci 0000:02:00.0: supports D1 D2
[    1.704961] pci 0000:02:00.0: PME# supported from D0 D1 D2 D3hot D3cold
[    1.705726] pci 0000:00:02.3: PCI bridge to [bus 02]
[    1.705726] pci 0000:00:02.3:   bridge window [io  0xe000-0xefff]
[    1.705726] pci 0000:00:02.3:   bridge window [mem 0xd0800000-0xd08fffff 64bit pref]
[    1.707673] ACPI: PCI Interrupt Link [LNKA] (IRQs 4 7 10 11 14 15) *0
[    1.707673] ACPI: PCI Interrupt Link [LNKB] (IRQs 4 7 10 11 14 15) *0
[    1.707673] ACPI: PCI Interrupt Link [LNKC] (IRQs 4 7 10 11 14 15) *0
[    1.707673] ACPI: PCI Interrupt Link [LNKD] (IRQs 4 7 10 11 14 15) *0
[    1.707673] ACPI: PCI Interrupt Link [LNKE] (IRQs 4 7 10 11 14 15) *0
[    1.707673] ACPI: PCI Interrupt Link [LNKF] (IRQs 4 7 10 11 14 15) *0
[    1.707673] ACPI: PCI Interrupt Link [LNKG] (IRQs 4 7 10 11 14 15) *0
[    1.707673] ACPI: PCI Interrupt Link [LNKH] (IRQs 4 7 10 11 14 15) *0
[    1.710004] ACPI: EC: interrupt unblocked
[    1.710004] ACPI: EC: event unblocked
[    1.710004] ACPI: \_SB_.PCI0.SBRG.EC0_: GPE=0x3, EC_CMD/EC_SC=0x66, EC_DATA=0x62
[    1.710004] ACPI: \_SB_.PCI0.SBRG.EC0_: Boot DSDT EC used to handle transactions and events
[    1.710606] pci 0000:00:01.0: vgaarb: setting as boot VGA device
[    1.710606] pci 0000:00:01.0: vgaarb: VGA device added: decodes=io+mem,owns=io+mem,locks=none
[    1.710606] pci 0000:00:01.0: vgaarb: bridge control possible
[    1.710606] vgaarb: loaded
[    1.710606] SCSI subsystem initialized
[    1.711082] libata version 3.00 loaded.
[    1.711082] ACPI: bus type USB registered
[    1.711082] usbcore: registered new interface driver usbfs
[    1.711082] usbcore: registered new interface driver hub
[    1.711082] usbcore: registered new device driver usb
[    1.711082] pps_core: LinuxPPS API ver. 1 registered
[    1.711082] pps_core: Software ver. 5.3.6 - Copyright 2005-2007 Rodolfo Giometti <giometti@linux.it>
[    1.711082] PTP clock support registered
[    1.712572] EDAC MC: Ver: 3.0.0
[    1.713306] Registered efivars operations
[    1.714514] Advanced Linux Sound Architecture Driver Initialized.
[    1.714591] PCI: Using ACPI for IRQ routing
[    1.723788] PCI: pci_cache_line_size set to 64 bytes
[    1.723902] e820: reserve RAM buffer [mem 0x9d0f8000-0x9fffffff]
[    1.723908] e820: reserve RAM buffer [mem 0x9d371000-0x9fffffff]
[    1.723913] e820: reserve RAM buffer [mem 0x9e9cc000-0x9fffffff]
[    1.723917] e820: reserve RAM buffer [mem 0x9eb25000-0x9fffffff]
[    1.723920] e820: reserve RAM buffer [mem 0x9f081000-0x9fffffff]
[    1.723923] e820: reserve RAM buffer [mem 0x9f400000-0x9fffffff]
[    1.723926] e820: reserve RAM buffer [mem 0x13f000000-0x13fffffff]
[    1.724284] NetLabel: Initializing
[    1.724295] NetLabel:  domain hash size = 128
[    1.724301] NetLabel:  protocols = UNLABELED CIPSOv4 CALIPSO
[    1.724357] NetLabel:  unlabeled traffic allowed by default
[    1.728346] hpet0: at MMIO 0xfed00000, IRQs 2, 8, 0
[    1.728346] hpet0: 3 comparators, 32-bit 14.318180 MHz counter
[    1.734547] clocksource: Switched to clocksource tsc-early
[    1.792141] VFS: Disk quotas dquot_6.6.0
[    1.792211] VFS: Dquot-cache hash table entries: 512 (order 0, 4096 bytes)
[    1.792306] *** VALIDATE hugetlbfs ***
[    1.792413] pnp: PnP ACPI init
[    1.792899] system 00:00: [mem 0xe0000000-0xefffffff] has been reserved
[    1.792992] system 00:00: Plug and Play ACPI device, IDs PNP0c01 (active)
[    1.793258] system 00:01: [mem 0xa0000000-0xbfffffff] has been reserved
[    1.793333] system 00:01: Plug and Play ACPI device, IDs PNP0c02 (active)
[    1.793601] system 00:02: Plug and Play ACPI device, IDs PNP0c02 (active)
[    1.793748] pnp 00:03: Plug and Play ACPI device, IDs PNP0b00 (active)
[    1.793981] system 00:04: [io  0x04d0-0x04d1] has been reserved
[    1.794054] system 00:04: Plug and Play ACPI device, IDs PNP0c02 (active)
[    1.794309] pnp 00:05: Plug and Play ACPI device, IDs ETD0108 SYN0a00 SYN0002 PNP0f03 PNP0f13 PNP0f12 (active)
[    1.794484] pnp 00:06: Plug and Play ACPI device, IDs ATK3001 PNP030b (active)
[    1.795280] system 00:07: [io  0x04d0-0x04d1] has been reserved
[    1.795294] system 00:07: [io  0x040b] has been reserved
[    1.795305] system 00:07: [io  0x04d6] has been reserved
[    1.795316] system 00:07: [io  0x0c00-0x0c01] has been reserved
[    1.795327] system 00:07: [io  0x0c14] has been reserved
[    1.795338] system 00:07: [io  0x0c50-0x0c51] has been reserved
[    1.795349] system 00:07: [io  0x0c52] has been reserved
[    1.795359] system 00:07: [io  0x0c6c] has been reserved
[    1.795370] system 00:07: [io  0x0c6f] has been reserved
[    1.795380] system 00:07: [io  0x0cd0-0x0cd1] has been reserved
[    1.795391] system 00:07: [io  0x0cd2-0x0cd3] has been reserved
[    1.795402] system 00:07: [io  0x0cd4-0x0cd5] has been reserved
[    1.795413] system 00:07: [io  0x0cd6-0x0cd7] has been reserved
[    1.795424] system 00:07: [io  0x0cd8-0x0cdf] has been reserved
[    1.795435] system 00:07: [io  0x0800-0x089f] has been reserved
[    1.795446] system 00:07: [io  0x0900-0x090f] has been reserved
[    1.795456] system 00:07: [io  0x0910-0x091f] has been reserved
[    1.795468] system 00:07: [io  0xfe00-0xfefe] has been reserved
[    1.795482] system 00:07: [mem 0xfec00000-0xfec00fff] could not be reserved
[    1.795494] system 00:07: [mem 0xfee00000-0xfee00fff] has been reserved
[    1.795506] system 00:07: [mem 0xfed80000-0xfed8ffff] has been reserved
[    1.795517] system 00:07: [mem 0xfed61000-0xfed70fff] has been reserved
[    1.795529] system 00:07: [mem 0xfec10000-0xfec10fff] has been reserved
[    1.795542] system 00:07: [mem 0xfed00000-0xfed00fff] could not be reserved
[    1.795554] system 00:07: [mem 0xff000000-0xffffffff] has been reserved
[    1.795624] system 00:07: Plug and Play ACPI device, IDs PNP0c02 (active)
[    1.796482] pnp: PnP ACPI: found 8 devices
[    1.811764] clocksource: acpi_pm: mask: 0xffffff max_cycles: 0xffffff, max_idle_ns: 2085701024 ns
[    1.811830] pci 0000:00:02.2: PCI bridge to [bus 01]
[    1.811850] pci 0000:00:02.2:   bridge window [mem 0xfea00000-0xfeafffff]
[    1.811869] pci 0000:00:02.3: PCI bridge to [bus 02]
[    1.811881] pci 0000:00:02.3:   bridge window [io  0xe000-0xefff]
[    1.811898] pci 0000:00:02.3:   bridge window [mem 0xd0800000-0xd08fffff 64bit pref]
[    1.811921] pci_bus 0000:00: resource 4 [io  0x0000-0x03af window]
[    1.811932] pci_bus 0000:00: resource 5 [io  0x03e0-0x0cf7 window]
[    1.811943] pci_bus 0000:00: resource 6 [io  0x03b0-0x03df window]
[    1.811953] pci_bus 0000:00: resource 7 [io  0x0d00-0xffff window]
[    1.811964] pci_bus 0000:00: resource 8 [mem 0x000a0000-0x000bffff window]
[    1.811975] pci_bus 0000:00: resource 9 [mem 0x000c0000-0x000dffff window]
[    1.811986] pci_bus 0000:00: resource 10 [mem 0xc0000000-0xffffffff window]
[    1.811997] pci_bus 0000:01: resource 1 [mem 0xfea00000-0xfeafffff]
[    1.812008] pci_bus 0000:02: resource 0 [io  0xe000-0xefff]
[    1.812018] pci_bus 0000:02: resource 2 [mem 0xd0800000-0xd08fffff 64bit pref]
[    1.812286] NET: Registered protocol family 2
[    1.813415] tcp_listen_portaddr_hash hash table entries: 2048 (order: 3, 32768 bytes, linear)
[    1.813455] TCP established hash table entries: 32768 (order: 6, 262144 bytes, linear)
[    1.813614] TCP bind hash table entries: 32768 (order: 7, 524288 bytes, linear)
[    1.813830] TCP: Hash tables configured (established 32768 bind 32768)
[    1.813977] UDP hash table entries: 2048 (order: 4, 65536 bytes, linear)
[    1.814027] UDP-Lite hash table entries: 2048 (order: 4, 65536 bytes, linear)
[    1.814209] NET: Registered protocol family 1
[    1.814596] RPC: Registered named UNIX socket transport module.
[    1.814606] RPC: Registered udp transport module.
[    1.814614] RPC: Registered tcp transport module.
[    1.814621] RPC: Registered tcp NFSv4.1 backchannel transport module.
[    1.815210] pci 0000:00:01.0: Video device with shadowed ROM at [mem 0x000c0000-0x000dffff]
[    1.815714] pci 0000:00:12.0: enabling device (0000 -> 0002)
[    1.816324] pci 0000:00:12.2: PME# does not work under D3, disabling it
[    1.816349] pci 0000:00:13.0: enabling device (0000 -> 0002)
[    1.816943] pci 0000:00:13.2: PME# does not work under D3, disabling it
[    1.817031] PCI: CLS 64 bytes, default 64
[    1.817172] PCI-DMA: Using software bounce buffering for IO (SWIOTLB)
[    1.817184] software IO TLB: mapped [mem 0x97989000-0x9b989000] (64MB)
[    1.817390] amd_uncore: AMD NB counters detected
[    1.817408] amd_uncore: AMD LLC counters detected
[    1.817520] LVT offset 0 assigned for vector 0x400
[    1.817611] perf: AMD IBS detected (0x000000ff)
[    1.817635] kvm: no hardware support
[    1.817742] kvm: Nested Virtualization enabled
[    1.817755] kvm: Nested Paging enabled
[    1.818826] check: Scanning for low memory corruption every 60 seconds
[    1.821334] Initialise system trusted keyrings
[    1.822906] workingset: timestamp_bits=56 max_order=20 bucket_order=0
[    1.836619] fuse: init (API version 7.31)
[    1.853646] Key type asymmetric registered
[    1.853662] Asymmetric key parser 'x509' registered
[    1.853717] Block layer SCSI generic (bsg) driver version 0.4 loaded (major 249)
[    1.853730] io scheduler mq-deadline registered
[    1.853738] io scheduler kyber registered
[    1.854427] pcieport 0000:00:02.2: PME: Signaling with IRQ 25
[    1.854868] pcieport 0000:00:02.3: PME: Signaling with IRQ 27
[    1.856001] uvesafb: failed to execute /sbin/v86d
[    1.856014] uvesafb: make sure that the v86d helper is installed and executable
[    1.856026] uvesafb: Getting VBE info block failed (eax=0x4f00, err=-2)
[    1.856034] uvesafb: vbe_init() failed with -22
[    1.856052] uvesafb: probe of uvesafb.0 failed with error -22
[    1.856120] efifb: probing for efifb
[    1.856166] efifb: framebuffer at 0xc0000000, using 4224k, total 4224k
[    1.856175] efifb: mode is 1366x768x32, linelength=5632, pages=1
[    1.856182] efifb: scrolling: redraw
[    1.856192] efifb: Truecolor: size=8:8:8:8, shift=24:16:8:0
[    1.866746] Console: switching to colour frame buffer device 170x48
[    1.876752] fb0: EFI VGA frame buffer device
[    2.638339] ACPI: AC Adapter [AC0] (on-line)
[    2.638732] input: Power Button as /devices/LNXSYSTM:00/LNXSYBUS:00/PNP0C0C:00/input/input0
[    2.638888] ACPI: Power Button [PWRB]
[    2.639177] input: Lid Switch as /devices/LNXSYSTM:00/LNXSYBUS:00/PNP0C0D:00/input/input1
[    2.639325] ACPI: Lid Switch [LID]
[    2.639585] input: Sleep Button as /devices/LNXSYSTM:00/LNXSYBUS:00/PNP0C0E:00/input/input2
[    2.639750] ACPI: Sleep Button [SLPB]
[    2.640023] input: Power Button as /devices/LNXSYSTM:00/LNXPWRBN:00/input/input3
[    2.640162] ACPI: Power Button [PWRF]
[    2.644129] thermal LNXTHERM:00: registered as thermal_zone0
[    2.644238] ACPI: Thermal Zone [THRM] (45 C)
[    2.646887] Serial: 8250/16550 driver, 4 ports, IRQ sharing enabled
[    2.652276] Non-volatile memory driver v1.3
[    2.652491] Linux agpgart interface v0.103
[    2.660692] loop: module loaded
[    2.661346] ahci 0000:00:11.0: version 3.0
[    2.661809] ahci 0000:00:11.0: AHCI 0001.0300 32 slots 2 ports 6 Gbps 0x3 impl SATA mode
[    2.661949] ahci 0000:00:11.0: flags: 64bit ncq sntf ilck pm led clo pmp pio slum part 
[    2.666614] scsi host0: ahci
[    2.670625] scsi host1: ahci
[    2.673957] ata1: SATA max UDMA/133 abar m1024@0xfeb6f000 port 0xfeb6f100 irq 28
[    2.677127] ata2: SATA max UDMA/133 abar m1024@0xfeb6f000 port 0xfeb6f180 irq 28
[    2.681725] tun: Universal TUN/TAP device driver, 1.6
[    2.685167] e1000: Intel(R) PRO/1000 Network Driver - version 7.3.21-k8-NAPI
[    2.688374] e1000: Copyright (c) 1999-2006 Intel Corporation.
[    2.692129] e1000e: Intel(R) PRO/1000 Network Driver - 3.2.6-k
[    2.695248] e1000e: Copyright(c) 1999 - 2015 Intel Corporation.
[    2.698534] sky2: driver version 1.30
[    2.701831] r8169 0000:02:00.0: can't disable ASPM; OS doesn't have ASPM control
[    2.706009] libphy: r8169: probed
[    2.711332] r8169 0000:02:00.0 eth0: RTL8105e, 74:d0:2b:a3:a6:42, XID 40a, IRQ 30
[    2.715493] ath9k 0000:01:00.0: enabling device (0000 -> 0002)
[    2.720749] ath: phy0: Disable PLL PowerSave
[    2.731562] ath: phy0: ASPM enabled: 0x42
[    2.734741] ath: EEPROM regdomain: 0x60
[    2.734743] ath: EEPROM indicates we should expect a direct regpair map
[    2.734748] ath: Country alpha2 being used: 00
[    2.734750] ath: Regpair used: 0x60
[    2.743236] ieee80211 phy0: Selected rate control algorithm 'minstrel_ht'
[    2.743979] ieee80211 phy0: Atheros AR9485 Rev:1 mem=0xffffb1ffc2580000, irq=31
[    2.747876] ehci_hcd: USB 2.0 'Enhanced' Host Controller (EHCI) Driver
[    2.751187] ehci-pci: EHCI PCI platform driver
[    2.754976] ehci-pci 0000:00:12.2: EHCI Host Controller
[    2.758414] ehci-pci 0000:00:12.2: new USB bus registered, assigned bus number 1
[    2.761701] ehci-pci 0000:00:12.2: applying AMD SB700/SB800/Hudson-2/3 EHCI dummy qh workaround
[    2.765025] ehci-pci 0000:00:12.2: debug port 1
[    2.769252] ehci-pci 0000:00:12.2: irq 17, io mem 0xfeb6d000
[    2.799884] battery: ACPI: Battery Slot [BAT0] (battery present)
[    2.803367] ehci-pci 0000:00:12.2: USB 2.0 started, EHCI 1.00
[    2.806831] usb usb1: New USB device found, idVendor=1d6b, idProduct=0002, bcdDevice= 5.02
[    2.810168] usb usb1: New USB device strings: Mfr=3, Product=2, SerialNumber=1
[    2.813443] usb usb1: Product: EHCI Host Controller
[    2.816656] usb usb1: Manufacturer: Linux 5.2.0+ ehci_hcd
[    2.819840] usb usb1: SerialNumber: 0000:00:12.2
[    2.823471] hub 1-0:1.0: USB hub found
[    2.826538] hub 1-0:1.0: 4 ports detected
[    2.831860] ehci-pci 0000:00:13.2: EHCI Host Controller
[    2.835027] ehci-pci 0000:00:13.2: new USB bus registered, assigned bus number 2
[    2.838034] ehci-pci 0000:00:13.2: applying AMD SB700/SB800/Hudson-2/3 EHCI dummy qh workaround
[    2.841085] ehci-pci 0000:00:13.2: debug port 1
[    2.844202] ehci-pci 0000:00:13.2: irq 17, io mem 0xfeb6b000
[    2.868183] ehci-pci 0000:00:13.2: USB 2.0 started, EHCI 1.00
[    2.871260] usb usb2: New USB device found, idVendor=1d6b, idProduct=0002, bcdDevice= 5.02
[    2.874311] usb usb2: New USB device strings: Mfr=3, Product=2, SerialNumber=1
[    2.877320] usb usb2: Product: EHCI Host Controller
[    2.880312] usb usb2: Manufacturer: Linux 5.2.0+ ehci_hcd
[    2.883257] usb usb2: SerialNumber: 0000:00:13.2
[    2.886243] tsc: Refined TSC clocksource calibration: 998.128 MHz
[    2.889245] clocksource: tsc: mask: 0xffffffffffffffff max_cycles: 0x1cc65d64e77, max_idle_ns: 881590512558 ns
[    3.028153] clocksource: Switched to clocksource tsc
[    3.031890] hub 2-0:1.0: USB hub found
[    3.034963] hub 2-0:1.0: 4 ports detected
[    3.040211] ohci_hcd: USB 1.1 'Open' Host Controller (OHCI) Driver
[    3.043322] ohci-pci: OHCI PCI platform driver
[    3.046613] ohci-pci 0000:00:12.0: OHCI PCI host controller
[    3.049916] ohci-pci 0000:00:12.0: new USB bus registered, assigned bus number 3
[    3.053022] ohci-pci 0000:00:12.0: irq 18, io mem 0xfeb6e000
[    3.122329] usb usb3: New USB device found, idVendor=1d6b, idProduct=0001, bcdDevice= 5.02
[    3.125365] usb usb3: New USB device strings: Mfr=3, Product=2, SerialNumber=1
[    3.128392] usb usb3: Product: OHCI PCI host controller
[    3.131382] usb usb3: Manufacturer: Linux 5.2.0+ ohci_hcd
[    3.134387] usb usb3: SerialNumber: 0000:00:12.0
[    3.137732] hub 3-0:1.0: USB hub found
[    3.140669] hub 3-0:1.0: 4 ports detected
[    3.143563] ata2: SATA link down (SStatus 0 SControl 300)
[    3.149024] ohci-pci 0000:00:13.0: OHCI PCI host controller
[    3.152149] ohci-pci 0000:00:13.0: new USB bus registered, assigned bus number 4
[    3.155106] ohci-pci 0000:00:13.0: irq 18, io mem 0xfeb6c000
[    3.222321] usb usb4: New USB device found, idVendor=1d6b, idProduct=0001, bcdDevice= 5.02
[    3.225292] usb usb4: New USB device strings: Mfr=3, Product=2, SerialNumber=1
[    3.228254] usb usb4: Product: OHCI PCI host controller
[    3.231178] usb usb4: Manufacturer: Linux 5.2.0+ ohci_hcd
[    3.234053] usb usb4: SerialNumber: 0000:00:13.0
[    3.237257] hub 4-0:1.0: USB hub found
[    3.240099] hub 4-0:1.0: 4 ports detected
[    3.245096] uhci_hcd: USB Universal Host Controller Interface driver
[    3.248202] usbcore: registered new interface driver usblp
[    3.251255] usbcore: registered new interface driver usb-storage
[    3.254270] usbcore: registered new interface driver ch341
[    3.257133] usbserial: USB Serial support registered for ch341-uart
[    3.260491] i8042: PNP: PS/2 Controller [PNP030b:PS2K,PNP0f03:PS2M] at 0x60,0x64 irq 1,12
[    3.265221] i8042: Detected active multiplexing controller, rev 1.1
[    3.268931] serio: i8042 KBD port at 0x60,0x64 irq 1
[    3.271815] serio: i8042 AUX0 port at 0x60,0x64 irq 12
[    3.274811] serio: i8042 AUX1 port at 0x60,0x64 irq 12
[    3.277706] serio: i8042 AUX2 port at 0x60,0x64 irq 12
[    3.280460] serio: i8042 AUX3 port at 0x60,0x64 irq 12
[    3.283927] mousedev: PS/2 mouse device common for all mice
[    3.287601] rtc_cmos 00:03: RTC can wake from S4
[    3.290810] rtc_cmos 00:03: registered as rtc0
[    3.293553] rtc_cmos 00:03: alarms up to one month, y3k, 114 bytes nvram, hpet irqs
[    3.296869] device-mapper: ioctl: 4.40.0-ioctl (2019-01-18) initialised: dm-devel@redhat.com
[    3.299841] EFI Variables Facility v0.08 2004-May-17
[    3.312381] hidraw: raw HID events driver (C) Jiri Kosina
[    3.317658] usbcore: registered new interface driver usbhid
[    3.320404] usbhid: USB HID core driver
[    3.323117] ata1: SATA link up 6.0 Gbps (SStatus 133 SControl 300)
[    3.328846] input: AT Translated Set 2 keyboard as /devices/platform/i8042/serio0/input/input4
[    3.333191] ata1.00: ATA-8: KINGSTON SV300S37A120G, 603ABBF0, max UDMA/133
[    3.336050] ata1.00: 234441648 sectors, multi 1: LBA48 NCQ (depth 32), AA
[    3.336852] snd_hda_intel 0000:00:01.1: enabling device (0000 -> 0002)
[    3.343401] snd_hda_intel 0000:00:01.1: Force to non-snoop mode
[    3.344356] ata1.00: configured for UDMA/133
[    3.349705] scsi 0:0:0:0: Direct-Access     ATA      KINGSTON SV300S3 BBF0 PQ: 0 ANSI: 5
[    3.353255] sd 0:0:0:0: [sda] 234441648 512-byte logical blocks: (120 GB/112 GiB)
[    3.355663] Initializing XFRM netlink socket
[    3.356252] sd 0:0:0:0: [sda] Write Protect is off
[    3.361993] sd 0:0:0:0: [sda] Mode Sense: 00 3a 00 00
[    3.362705] random: fast init done
[    3.368422] sd 0:0:0:0: [sda] Write cache: enabled, read cache: enabled, doesn't support DPO or FUA
[    3.369109] snd_hda_codec_generic hdaudioC0D0: autoconfig for Generic: line_outs=0 (0x0/0x0/0x0/0x0/0x0) type:line
[    3.374463] snd_hda_codec_generic hdaudioC0D0:    speaker_outs=0 (0x0/0x0/0x0/0x0/0x0)
[    3.377474] snd_hda_codec_generic hdaudioC0D0:    hp_outs=0 (0x0/0x0/0x0/0x0/0x0)
[    3.380468] snd_hda_codec_generic hdaudioC0D0:    mono: mono_out=0x0
[    3.383400] snd_hda_codec_generic hdaudioC0D0:    dig-out=0x3/0x0
[    3.386304] snd_hda_codec_generic hdaudioC0D0:    inputs:
[    3.389409] sd 0:0:0:0: Attached scsi generic sg0 type 0
[    3.392471] NET: Registered protocol family 10
[    3.393859]  sda: sda1 sda2 sda3 sda4 sda5 sda6
[    3.399365] snd_hda_codec_realtek hdaudioC1D0: autoconfig for ALC3229: line_outs=1 (0x14/0x0/0x0/0x0/0x0) type:speaker
[    3.402412] snd_hda_codec_realtek hdaudioC1D0:    speaker_outs=0 (0x0/0x0/0x0/0x0/0x0)
[    3.405482] snd_hda_codec_realtek hdaudioC1D0:    hp_outs=1 (0x21/0x0/0x0/0x0/0x0)
[    3.408585] snd_hda_codec_realtek hdaudioC1D0:    mono: mono_out=0x0
[    3.411619] snd_hda_codec_realtek hdaudioC1D0:    inputs:
[    3.414570] snd_hda_codec_realtek hdaudioC1D0:      Mic=0x19
[    3.417952] Segment Routing with IPv6
[    3.419416] sd 0:0:0:0: [sda] Attached SCSI disk
[    3.421373] sit: IPv6, IPv4 and MPLS over IPv4 tunneling driver
[    3.427412] NET: Registered protocol family 17
[    3.438621] microcode: CPU0: patch_level=0x0700010b
[    3.441682] microcode: CPU1: patch_level=0x0700010b
[    3.445612] microcode: Microcode Update Driver: v2.2.
[    3.445645] sched_clock: Marking stable (3436602417, 1522311)->(3558110905, -119986177)
[    3.451882] input: HDA ATI HDMI HDMI as /devices/pci0000:00/0000:00:01.1/sound/card0/input6
[    3.461900] input: HD-Audio Generic Headphone as /devices/pci0000:00/0000:00:14.2/sound/card1/input10
[    3.465672] registered taskstats version 1
[    3.468752] Loading compiled-in X.509 certificates
[    3.473860] acpi_cpufreq: overriding BIOS provided _PSD data
[    3.477273] cfg80211: Loading compiled-in X.509 certificates for regulatory database
[    3.481923] cfg80211: Loaded X.509 cert 'sforshee: 00b28ddf47aef9cea7'
[    3.485048] ALSA device list:
[    3.488287] platform regulatory.0: Direct firmware load for regulatory.db failed with error -2
[    3.491401] cfg80211: failed to load regulatory.db
[    3.502835]   #0: HDA ATI HDMI at 0xfeb64000 irq 33
[    3.505996]   #1: HD-Audio Generic at 0xfeb60000 irq 16
[    3.678140] rq->curr == THREAD(this messg)
[    3.678142] state TASK_RUNNING
[    3.681202] comm swapper/0 pid 1 state 2
[    3.687143] comm kthreadd pid 2 state 1
[    3.690064] comm rcu_gp pid 3 state 1026
[    3.692951] comm rcu_par_gp pid 4 state 1026
[    3.695823] comm kworker/0:0 pid 5 state 1026
[    3.698641] comm kworker/0:0H pid 6 state 1026
[    3.701351] comm kworker/u8:0 pid 7 state 1026
[    3.703987] comm mm_percpu_wq pid 8 state 1026
[    3.706595] comm ksoftirqd/0 pid 9 state 1
[    3.709208] comm rcu_sched pid 10 state 1026
[    3.711827] comm migration/0 pid 11 state 1
[    3.714460] comm cpuhp/0 pid 12 state 1
[    3.717066] comm cpuhp/1 pid 13 state 1
[    3.719630] comm migration/1 pid 14 state 1
[    3.722180] comm ksoftirqd/1 pid 15 state 1
[    3.724616] comm kworker/1:0 pid 16 state 1026
[    3.726985] comm kworker/1:0H pid 17 state 1026
[    3.729363] comm THREAD pid 18 state 0
[    3.731722] comm kdevtmpfs pid 19 state 1
[    3.734089] comm netns pid 20 state 1026
[    3.736471] comm kworker/u8:1 pid 21 state 1026
[    3.738855] comm kauditd pid 24 state 1
[    3.741213] comm kworker/0:1 pid 37 state 1026
[    3.743553] comm kworker/1:1 pid 38 state 2
[    3.745838] comm kworker/u8:2 pid 312 state 1026
[    3.748109] comm kworker/u8:3 pid 532 state 1026
[    3.750390] comm kworker/u8:4 pid 582 state 1026
[    3.752635] comm oom_reaper pid 736 state 1
[    3.754822] comm writeback pid 737 state 1026
[    3.756950] comm kcompactd0 pid 739 state 1
[    3.759025] comm kblockd pid 787 state 1026
[    3.761015] comm kworker/1:2 pid 873 state 2
[    3.762991] comm ata_sff pid 957 state 1026
[    3.764940] comm md pid 977 state 1026
[    3.766827] comm edac-poller pid 980 state 1026
[    3.768699] comm rpciod pid 1091 state 1026
[    3.770527] comm kworker/u9:0 pid 1092 state 1026
[    3.772307] comm xprtiod pid 1093 state 1026
[    3.774023] comm cfg80211 pid 1096 state 1026
[    3.775724] comm kswapd0 pid 1106 state 1
[    3.777409] comm nfsiod pid 1245 state 1026
[    3.779083] comm acpi_thermal_pm pid 1294 state 1026
[    3.780770] comm scsi_eh_0 pid 1352 state 1
[    3.782451] comm scsi_tmf_0 pid 1353 state 1026
[    3.784139] comm scsi_eh_1 pid 1357 state 1
[    3.785824] comm scsi_tmf_1 pid 1358 state 1026
[    3.787517] comm kworker/1:3 pid 1457 state 1026
[    3.788195] usb 4-2: new full-speed USB device number 2 using ohci-pci
[    3.789224] comm dm_bufio_cache pid 1467 state 1026
[    3.792801] comm kworker/1:4 pid 1607 state 2
[    3.794625] comm kworker/1:5 pid 1679 state 1026
[    3.796427] comm kworker/0:1H pid 1689 state 1026
[    3.798235] comm ipv6_addrconf pid 1693 state 1026
[    3.800043] proc in rq 0
[    3.800045] rq->nr_running rq->cfs.nr_running : 1 1
[    3.803691] rq->rt.rt_nr_running  rq->cfs.load.weight : 0  1048576
[    3.803693] ----------------^^^^CPU0^^^^^-----------------------
[    3.805599] rq->curr->pid == 0
[    3.807550] state TASK_RUNNING
[    3.809513] comm swapper/0 pid 1 state 2
[    3.813424] comm kthreadd pid 2 state 1
[    3.815383] comm rcu_gp pid 3 state 1026
[    3.817342] comm rcu_par_gp pid 4 state 1026
[    3.819310] comm kworker/0:0 pid 5 state 1026
[    3.821266] comm kworker/0:0H pid 6 state 1026
[    3.823211] comm kworker/u8:0 pid 7 state 1026
[    3.825155] comm mm_percpu_wq pid 8 state 1026
[    3.827087] comm ksoftirqd/0 pid 9 state 1
[    3.829055] comm rcu_sched pid 10 state 1026
[    3.831045] comm migration/0 pid 11 state 1
[    3.833028] comm cpuhp/0 pid 12 state 1
[    3.835002] comm cpuhp/1 pid 13 state 1
[    3.836944] comm migration/1 pid 14 state 1
[    3.838900] comm ksoftirqd/1 pid 15 state 1
[    3.840842] comm kworker/1:0 pid 16 state 1026
[    3.842762] comm kworker/1:0H pid 17 state 1026
[    3.844684] comm THREAD pid 18 state 0
[    3.846586] comm kdevtmpfs pid 19 state 1
[    3.848502] comm netns pid 20 state 1026
[    3.850387] comm kworker/u8:1 pid 21 state 1026
[    3.852290] comm kauditd pid 24 state 1
[    3.854175] comm kworker/0:1 pid 37 state 1026
[    3.856078] comm kworker/1:1 pid 38 state 2
[    3.857945] comm kworker/u8:2 pid 312 state 1026
[    3.859833] comm kworker/u8:3 pid 532 state 1026
[    3.861659] comm kworker/u8:4 pid 582 state 1026
[    3.863472] comm oom_reaper pid 736 state 1
[    3.865283] comm writeback pid 737 state 1026
[    3.867093] comm kcompactd0 pid 739 state 1
[    3.868897] comm kblockd pid 787 state 1026
[    3.870665] comm kworker/1:2 pid 873 state 0
[    3.872391] comm ata_sff pid 957 state 1026
[    3.874113] comm md pid 977 state 1026
[    3.875843] comm edac-poller pid 980 state 1026
[    3.877597] comm rpciod pid 1091 state 1026
[    3.879343] comm kworker/u9:0 pid 1092 state 1026
[    3.881091] comm xprtiod pid 1093 state 1026
[    3.882821] comm cfg80211 pid 1096 state 1026
[    3.884538] comm kswapd0 pid 1106 state 1
[    3.886212] comm nfsiod pid 1245 state 1026
[    3.887867] comm acpi_thermal_pm pid 1294 state 1026
[    3.889553] comm scsi_eh_0 pid 1352 state 1
[    3.891236] comm scsi_tmf_0 pid 1353 state 1026
[    3.892926] comm scsi_eh_1 pid 1357 state 1
[    3.894610] comm scsi_tmf_1 pid 1358 state 1026
[    3.896304] comm kworker/1:3 pid 1457 state 1026
[    3.897996] comm dm_bufio_cache pid 1467 state 1026
[    3.899726] comm kworker/1:4 pid 1607 state 2
[    3.901467] comm kworker/1:5 pid 1679 state 1026
[    3.903218] comm kworker/0:1H pid 1689 state 1026
[    3.904952] comm ipv6_addrconf pid 1693 state 1026
[    3.906703] proc in rq 0
[    3.906705] rq->nr_running rq->cfs.nr_running : 0 0
[    3.910208] rq->rt.rt_nr_running  rq->cfs.load.weight : 0  0
[    3.910210] ----------------^^^^CPU1^^^^^-----------------------
[    3.912035] rq->curr->pid == 0
[    3.913904] state TASK_RUNNING
[    3.915773] comm swapper/0 pid 1 state 2
[    3.919561] comm kthreadd pid 2 state 1
[    3.921454] comm rcu_gp pid 3 state 1026
[    3.923350] comm rcu_par_gp pid 4 state 1026
[    3.925242] comm kworker/0:0 pid 5 state 1026
[    3.927140] comm kworker/0:0H pid 6 state 1026
[    3.929026] comm kworker/u8:0 pid 7 state 1026
[    3.930887] comm mm_percpu_wq pid 8 state 1026
[    3.932748] comm ksoftirqd/0 pid 9 state 0
[    3.934620] comm rcu_sched pid 10 state 1026
[    3.936515] comm migration/0 pid 11 state 0
[    3.938455] comm cpuhp/0 pid 12 state 1
[    3.940366] comm cpuhp/1 pid 13 state 1
[    3.942254] comm migration/1 pid 14 state 1
[    3.944137] comm ksoftirqd/1 pid 15 state 1
[    3.946011] comm kworker/1:0 pid 16 state 1026
[    3.947865] comm kworker/1:0H pid 17 state 1026
[    3.949729] comm THREAD pid 18 state 0
[    3.951570] comm kdevtmpfs pid 19 state 1
[    3.953418] comm netns pid 20 state 1026
[    3.955249] comm kworker/u8:1 pid 21 state 1026
[    3.957095] comm kauditd pid 24 state 1
[    3.958927] comm kworker/0:1 pid 37 state 1026
[    3.960769] comm kworker/1:1 pid 38 state 2
[    3.962575] comm kworker/u8:2 pid 312 state 1026
[    3.964391] comm kworker/u8:3 pid 532 state 1026
[    3.966168] comm kworker/u8:4 pid 582 state 1026
[    3.967912] comm oom_reaper pid 736 state 1
[    3.969654] comm writeback pid 737 state 1026
[    3.971406] comm kcompactd0 pid 739 state 1
[    3.973149] comm kblockd pid 787 state 1026
[    3.974893] comm kworker/1:2 pid 873 state 0
[    3.976619] comm ata_sff pid 957 state 1026
[    3.978354] comm md pid 977 state 1026
[    3.980085] comm edac-poller pid 980 state 1026
[    3.981843] comm rpciod pid 1091 state 1026
[    3.983584] comm kworker/u9:0 pid 1092 state 1026
[    3.985336] comm xprtiod pid 1093 state 1026
[    3.987070] comm cfg80211 pid 1096 state 1026
[    3.988807] comm kswapd0 pid 1106 state 1
[    3.990495] comm nfsiod pid 1245 state 1026
[    3.992164] comm acpi_thermal_pm pid 1294 state 1026
[    3.993854] comm scsi_eh_0 pid 1352 state 1
[    3.995547] comm scsi_tmf_0 pid 1353 state 1026
[    3.997238] comm scsi_eh_1 pid 1357 state 1
[    3.998943] comm scsi_tmf_1 pid 1358 state 1026
[    4.000640] comm kworker/1:3 pid 1457 state 1026
[    4.002354] comm dm_bufio_cache pid 1467 state 1026
[    4.004093] comm kworker/1:4 pid 1607 state 2
[    4.005855] comm kworker/1:5 pid 1679 state 1026
[    4.007616] comm kworker/0:1H pid 1689 state 1026
[    4.009371] comm ipv6_addrconf pid 1693 state 1026
[    4.011137] proc in rq 0
[    4.011139] rq->nr_running rq->cfs.nr_running : 0 0
[    4.014659] rq->rt.rt_nr_running  rq->cfs.load.weight : 0  0
[    4.014661] ----------------^^^^CPU2^^^^^-----------------------
[    4.016496] rq->curr->pid == 0
[    4.018383] state TASK_RUNNING
[    4.020261] comm swapper/0 pid 1 state 2
[    4.024052] comm kthreadd pid 2 state 1
[    4.025946] comm rcu_gp pid 3 state 1026
[    4.027839] comm rcu_par_gp pid 4 state 1026
[    4.029745] comm kworker/0:0 pid 5 state 1026
[    4.031643] comm kworker/0:0H pid 6 state 1026
[    4.033529] comm kworker/u8:0 pid 7 state 1026
[    4.035389] comm mm_percpu_wq pid 8 state 1026
[    4.037253] comm ksoftirqd/0 pid 9 state 0
[    4.039129] comm rcu_sched pid 10 state 1026
[    4.041028] comm migration/0 pid 11 state 0
[    4.042955] comm cpuhp/0 pid 12 state 1
[    4.044870] comm cpuhp/1 pid 13 state 1
[    4.046755] comm migration/1 pid 14 state 1
[    4.048649] comm ksoftirqd/1 pid 15 state 1
[    4.050518] comm kworker/1:0 pid 16 state 1026
[    4.052376] comm kworker/1:0H pid 17 state 1026
[    4.054228] comm THREAD pid 18 state 0
[    4.056073] comm kdevtmpfs pid 19 state 1
[    4.057913] comm netns pid 20 state 1026
[    4.059752] comm kworker/u8:1 pid 21 state 1026
[    4.061590] comm kauditd pid 24 state 1
[    4.063415] comm kworker/0:1 pid 37 state 1026
[    4.065248] comm kworker/1:1 pid 38 state 2
[    4.067053] comm kworker/u8:2 pid 312 state 1026
[    4.068868] comm kworker/u8:3 pid 532 state 1026
[    4.070638] comm kworker/u8:4 pid 582 state 1026
[    4.071216] usb 4-2: New USB device found, idVendor=13d3, idProduct=3362, bcdDevice= 0.01
[    4.072373] comm oom_reaper pid 736 state 1
[    4.072375] comm writeback pid 737 state 1026
[    4.072377] comm kcompactd0 pid 739 state 1
[    4.072379] comm kblockd pid 787 state 1026
[    4.072381] comm kworker/1:2 pid 873 state 2
[    4.072385] comm ata_sff pid 957 state 1026
[    4.074240] usb 4-2: New USB device strings: Mfr=1, Product=2, SerialNumber=3
[    4.076086] comm md pid 977 state 1026
[    4.076090] comm edac-poller pid 980 state 1026
[    4.077943] usb 4-2: Product: Bluetooth USB Host Controller
[    4.079787] comm rpciod pid 1091 state 1026
[    4.079789] comm kworker/u9:0 pid 1092 state 1026
[    4.079791] comm xprtiod pid 1093 state 1026
[    4.079793] comm cfg80211 pid 1096 state 1026
[    4.079795] comm kswapd0 pid 1106 state 1
[    4.079799] comm nfsiod pid 1245 state 1026
[    4.081625] usb 4-2: Manufacturer: Atheros Communications
[    4.083436] comm acpi_thermal_pm pid 1294 state 1026
[    4.083440] comm scsi_eh_0 pid 1352 state 1
[    4.085270] usb 4-2: SerialNumber: Alaska Day 2006
[    4.087189] comm scsi_tmf_0 pid 1353 state 1026
[    4.114041] comm scsi_eh_1 pid 1357 state 1
[    4.116053] comm scsi_tmf_1 pid 1358 state 1026
[    4.118064] comm kworker/1:3 pid 1457 state 1026
[    4.120090] comm dm_bufio_cache pid 1467 state 1026
[    4.122137] comm kworker/1:4 pid 1607 state 1026
[    4.124188] comm kworker/1:5 pid 1679 state 1026
[    4.126227] comm kworker/0:1H pid 1689 state 1026
[    4.128285] comm ipv6_addrconf pid 1693 state 1026
[    4.130351] proc in rq 0
[    4.130354] rq->nr_running rq->cfs.nr_running : 0 0
[    4.134527] rq->rt.rt_nr_running  rq->cfs.load.weight : 0  0
[    4.134529] ----------------^^^^CPU3^^^^^-----------------------
[    4.202472] input: PS/2 Logitech Wheel Mouse as /devices/platform/i8042/serio4/input/input14
[    4.209613] md: Waiting for all devices to be available before autodetect
[    4.211934] md: If you don't use raid, use raid=noautodetect
[    4.214684] md: Autodetecting RAID arrays.
[    4.217013] md: autorun ...
[    4.219357] md: ... autorun DONE.
[    4.230180] EXT4-fs (sda2): mounted filesystem with ordered data mode. Opts: (null)
[    4.232706] VFS: Mounted root (ext4 filesystem) readonly on device 8:2.
[    4.236465] devtmpfs: mounted
[    4.239867] Freeing unused kernel image memory: 1300K
[    4.368199] usb 2-3: new high-speed USB device number 3 using ehci-pci
[    4.600958] usb 2-3: New USB device found, idVendor=04f2, idProduct=b404, bcdDevice=69.63
[    4.603533] usb 2-3: New USB device strings: Mfr=3, Product=1, SerialNumber=2
[    4.606122] usb 2-3: Product: USB2.0 HD UVC WebCam
[    4.608733] usb 2-3: Manufacturer: Chicony Electronics Co.,Ltd.
[    4.611366] usb 2-3: SerialNumber: 0x0001
[    4.616248] kworker/u8:2 (1754) used greatest stack depth: 14080 bytes left
[    5.698184] Write protecting the kernel read-only data: 22528k
[    5.702436] Freeing unused kernel image memory: 1984K
[    5.706293] Freeing unused kernel image memory: 1660K
[    5.709049] Run /sbin/init as init process
[    5.771931] stty (1761) used greatest stack depth: 13672 bytes left
[    5.870788] sed (1775) used greatest stack depth: 13576 bytes left
[    6.039455] ip (1819) used greatest stack depth: 12496 bytes left
[    6.127936] udevd[1849]: starting version 3.2.1
[    6.136968] random: udevd: uninitialized urandom read (16 bytes read)
[    6.140679] random: udevd: uninitialized urandom read (16 bytes read)
[    6.144284] random: udevd: uninitialized urandom read (16 bytes read)
[    6.162999] udevd[1850]: starting eudev-3.2.1
[    6.541981] ath9k 0000:01:00.0 wlp1s0: renamed from wlan0
[    6.579273] [drm] radeon kernel modesetting enabled.
[    6.580219] r8169 0000:02:00.0 enp2s0: renamed from eth0
[    6.582663] radeon 0000:00:01.0: remove_conflicting_pci_framebuffers: bar 0: 0xc0000000 -> 0xcfffffff
[    6.589415] radeon 0000:00:01.0: remove_conflicting_pci_framebuffers: bar 2: 0xd0000000 -> 0xd07fffff
[    6.592863] radeon 0000:00:01.0: remove_conflicting_pci_framebuffers: bar 5: 0xfeb00000 -> 0xfeb3ffff
[    6.609928] checking generic (c0000000 420000) vs hw (c0000000 10000000)
[    6.609934] fb0: switching to radeondrmfb from EFI VGA
[    6.613661] Console: switching to colour dummy device 80x25
[    6.613721] radeon 0000:00:01.0: vgaarb: deactivate vga console
[    6.618552] [drm] initializing kernel modesetting (KABINI 0x1002:0x9839 0x1043:0x141D 0x00).
[    6.618624] [drm] doorbell mmio base: 0xD0000000
[    6.618632] [drm] doorbell mmio size: 8388608
[    6.618667] ATOM BIOS: AMD
[    6.618742] [drm] Changing default dispclk from 400Mhz to 600Mhz
[    6.618779] radeon 0000:00:01.0: VRAM: 512M 0x0000000000000000 - 0x000000001FFFFFFF (512M used)
[    6.618794] radeon 0000:00:01.0: GTT: 2048M 0x0000000020000000 - 0x000000009FFFFFFF
[    6.618815] [drm] Detected VRAM RAM=512M, BAR=256M
[    6.618823] [drm] RAM width 128bits DDR
[    6.619143] [TTM] Zone  kernel: Available graphics memory: 1726430 KiB
[    6.619154] [TTM] Initializing pool allocator
[    6.619174] [TTM] Initializing DMA pool allocator
[    6.619226] [drm] radeon: 512M of VRAM memory ready
[    6.619236] [drm] radeon: 2048M of GTT memory ready.
[    6.619267] [drm] Loading kabini Microcode
[    6.619582] rq->curr->pid == 1850
[    6.619583] state TASK_RUNNING
[    6.619596] color, tsk->comm, weight, vruntime, state: -116606303838439 alsactl 1048576 5891406977 0
[    6.619604] color, tsk->comm, weight, vruntime, state: -116606313722343 udevd 1048576 5891406977 0
[    6.619617] color, tsk->comm, weight, vruntime, state: -116606303838439 udevd 1048576 5891406977 0
[    6.619629] color, tsk->comm, weight, vruntime, state: 1 modprobe 1048576 5891406977 0
[    6.619640] color, tsk->comm, weight, vruntime, state: -116606303852263 udevd 1048576 5891406977 0
[    6.619652] color, tsk->comm, weight, vruntime, state: -116606313722343 udevd 1048576 5891406977 0
[    6.619663] color, tsk->comm, weight, vruntime, state: -116606304999143 udevd 1048576 5891406977 0
[    6.619675] color, tsk->comm, weight, vruntime, state: -116606303852264 udevd 1048576 5891406977 0
[    6.619686] color, tsk->comm, weight, vruntime, state: -116606313701608 udevd 1048576 5891406977 0
[    6.619698] color, tsk->comm, weight, vruntime, state: -116606304999143 kworker/u8:2 1048576 5899406975 0
[    6.619709] comm init pid 1 state 1
[    6.619724] comm kthreadd pid 2 state 1
[    6.619732] comm rcu_gp pid 3 state 1026
[    6.619739] comm rcu_par_gp pid 4 state 1026
[    6.619746] comm kworker/0:0 pid 5 state 1026
[    6.619753] comm kworker/0:0H pid 6 state 1026
[    6.619761] comm kworker/u8:0 pid 7 state 1026
[    6.619768] comm mm_percpu_wq pid 8 state 1026
[    6.619776] comm ksoftirqd/0 pid 9 state 1
[    6.619783] comm rcu_sched pid 10 state 1026
[    6.619790] comm migration/0 pid 11 state 1
[    6.619798] comm cpuhp/0 pid 12 state 1
[    6.619805] comm cpuhp/1 pid 13 state 1
[    6.619812] comm migration/1 pid 14 state 1
[    6.619819] comm ksoftirqd/1 pid 15 state 1
[    6.619826] comm kworker/1:0 pid 16 state 1026
[    6.619834] comm kworker/1:0H pid 17 state 1026
[    6.619841] comm THREAD pid 18 state 0
[    6.619848] comm kdevtmpfs pid 19 state 1
[    6.619855] comm netns pid 20 state 1026
[    6.619862] comm kworker/u8:1 pid 21 state 1026
[    6.619870] comm kauditd pid 24 state 1
[    6.619877] comm kworker/0:1 pid 37 state 1026
[    6.619884] comm kworker/1:1 pid 38 state 1026
[    6.619891] comm kworker/u8:2 pid 312 state 1026
[    6.619898] comm kworker/u8:3 pid 532 state 1026
[    6.619906] comm kworker/u8:4 pid 582 state 1
[    6.619913] comm oom_reaper pid 736 state 1
[    6.619921] comm writeback pid 737 state 1026
[    6.619928] comm kcompactd0 pid 739 state 1
[    6.619935] comm kblockd pid 787 state 1026
[    6.619943] comm kworker/1:2 pid 873 state 1026
[    6.619950] comm ata_sff pid 957 state 1026
[    6.619957] comm md pid 977 state 1026
[    6.619964] comm edac-poller pid 980 state 1026
[    6.619972] comm rpciod pid 1091 state 1026
[    6.619979] comm kworker/u9:0 pid 1092 state 1026
[    6.619986] comm xprtiod pid 1093 state 1026
[    6.619994] comm cfg80211 pid 1096 state 1026
[    6.620001] comm kswapd0 pid 1106 state 1
[    6.620009] comm nfsiod pid 1245 state 1026
[    6.620016] comm acpi_thermal_pm pid 1294 state 1026
[    6.620024] comm scsi_eh_0 pid 1352 state 1
[    6.620032] comm scsi_tmf_0 pid 1353 state 1026
[    6.620039] comm scsi_eh_1 pid 1357 state 1
[    6.620046] comm scsi_tmf_1 pid 1358 state 1026
[    6.620054] comm kworker/1:3 pid 1457 state 1026
[    6.620061] comm dm_bufio_cache pid 1467 state 1026
[    6.620069] comm kworker/1:4 pid 1607 state 1026
[    6.620077] comm kworker/1:5 pid 1679 state 1026
[    6.620084] comm kworker/0:1H pid 1689 state 1026
[    6.620091] comm ipv6_addrconf pid 1693 state 1026
[    6.620099] comm kworker/1:1H pid 1750 state 1026
[    6.620106] comm jbd2/sda2-8 pid 1751 state 1
[    6.620114] comm ext4-rsv-conver pid 1752 state 1026
[    6.620121] comm init pid 1758 state 1
[    6.620128] comm rc pid 1759 state 1
[    6.620135] comm S10udev pid 1835 state 1
[    6.620142] comm udevd pid 1850 state 0
[    6.620149] comm udevd pid 1943 state 0
[    6.620156] comm udevd pid 1944 state 0
[    6.620163] comm udevd pid 1945 state 0
[    6.620169] comm udevd pid 1946 state 1
[    6.620176] comm udevd pid 1947 state 258
[    6.620183] comm udevd pid 1948 state 0
[    6.620190] comm udevd pid 1949 state 2
[    6.620197] comm udevd pid 1950 state 2
[    6.620204] comm udevd pid 1951 state 0
[    6.620210] comm udevd pid 1952 state 0
[    6.620217] comm udevd pid 1953 state 0
[    6.620224] comm udevd pid 1954 state 0
[    6.620231] comm udevadm pid 3117 state 1
[    6.620238] comm alsactl pid 3122 state 0
[    6.620245] comm modprobe pid 3126 state 0
[    6.620252] comm kworker/u8:2 pid 3130 state 0
[    6.620259] comm ttm_swap pid 3132 state 1026
[    6.620265] proc in rq 10
[    6.620267] rq->nr_running rq->cfs.nr_running : 11 11
[    6.620278] rq->rt.rt_nr_running  rq->cfs.load.weight : 0  11534336
[    6.620280] ----------------^^^^CPU0^^^^^-----------------------
[    6.620287] rq->curr == THREAD(this messg)
[    6.620294] state TASK_RUNNING
[    6.620302] color, tsk->comm, weight, vruntime, state: 1 udevd 1048576 1685453242 0
[    6.620309] comm init pid 1 state 1
[    6.620323] comm kthreadd pid 2 state 1
[    6.620329] comm rcu_gp pid 3 state 1026
[    6.620336] comm rcu_par_gp pid 4 state 1026
[    6.620343] comm kworker/0:0 pid 5 state 1026
[    6.620349] comm kworker/0:0H pid 6 state 1026
[    6.620356] comm kworker/u8:0 pid 7 state 1026
[    6.620363] comm mm_percpu_wq pid 8 state 1026
[    6.620370] comm ksoftirqd/0 pid 9 state 1
[    6.620377] comm rcu_sched pid 10 state 1026
[    6.620383] comm migration/0 pid 11 state 1
[    6.620390] comm cpuhp/0 pid 12 state 1
[    6.620397] comm cpuhp/1 pid 13 state 1
[    6.620403] comm migration/1 pid 14 state 1
[    6.620410] comm ksoftirqd/1 pid 15 state 1
[    6.620417] comm kworker/1:0 pid 16 state 1026
[    6.620424] comm kworker/1:0H pid 17 state 1026
[    6.620430] comm THREAD pid 18 state 0
[    6.620437] comm kdevtmpfs pid 19 state 1
[    6.620444] comm netns pid 20 state 1026
[    6.620450] comm kworker/u8:1 pid 21 state 1026
[    6.620457] comm kauditd pid 24 state 1
[    6.620464] comm kworker/0:1 pid 37 state 1026
[    6.620471] comm kworker/1:1 pid 38 state 1026
[    6.620477] comm kworker/u8:2 pid 312 state 1026
[    6.620484] comm kworker/u8:3 pid 532 state 1026
[    6.620491] comm kworker/u8:4 pid 582 state 1
[    6.620498] comm oom_reaper pid 736 state 1
[    6.620505] comm writeback pid 737 state 1026
[    6.620512] comm kcompactd0 pid 739 state 1
[    6.620519] comm kblockd pid 787 state 1026
[    6.620525] comm kworker/1:2 pid 873 state 1026
[    6.620532] comm ata_sff pid 957 state 1026
[    6.620539] comm md pid 977 state 1026
[    6.620545] comm edac-poller pid 980 state 1026
[    6.620552] comm rpciod pid 1091 state 1026
[    6.620559] comm kworker/u9:0 pid 1092 state 1026
[    6.620566] comm xprtiod pid 1093 state 1026
[    6.620573] comm cfg80211 pid 1096 state 1026
[    6.620580] comm kswapd0 pid 1106 state 1
[    6.620586] comm nfsiod pid 1245 state 1026
[    6.620593] comm acpi_thermal_pm pid 1294 state 1026
[    6.620600] comm scsi_eh_0 pid 1352 state 1
[    6.620607] comm scsi_tmf_0 pid 1353 state 1026
[    6.620614] comm scsi_eh_1 pid 1357 state 1
[    6.620621] comm scsi_tmf_1 pid 1358 state 1026
[    6.620628] comm kworker/1:3 pid 1457 state 1026
[    6.620635] comm dm_bufio_cache pid 1467 state 1026
[    6.620642] comm kworker/1:4 pid 1607 state 1026
[    6.620649] comm kworker/1:5 pid 1679 state 1026
[    6.620656] comm kworker/0:1H pid 1689 state 1026
[    6.620663] comm ipv6_addrconf pid 1693 state 1026
[    6.620670] comm kworker/1:1H pid 1750 state 1026
[    6.620677] comm jbd2/sda2-8 pid 1751 state 1
[    6.620684] comm ext4-rsv-conver pid 1752 state 1026
[    6.620691] comm init pid 1758 state 1
[    6.620697] comm rc pid 1759 state 1
[    6.620704] comm S10udev pid 1835 state 1
[    6.620710] comm udevd pid 1850 state 0
[    6.620717] comm udevd pid 1943 state 0
[    6.620723] comm udevd pid 1944 state 0
[    6.620730] comm udevd pid 1945 state 0
[    6.620736] comm udevd pid 1946 state 1
[    6.620743] comm udevd pid 1947 state 258
[    6.620749] comm udevd pid 1948 state 0
[    6.620756] comm udevd pid 1949 state 2
[    6.620762] comm udevd pid 1950 state 2
[    6.620769] comm udevd pid 1951 state 0
[    6.620775] comm udevd pid 1952 state 0
[    6.620782] comm udevd pid 1953 state 0
[    6.620788] comm udevd pid 1954 state 0
[    6.620795] comm udevadm pid 3117 state 1
[    6.620801] comm alsactl pid 3122 state 0
[    6.620808] comm modprobe pid 3126 state 0
[    6.620815] comm kworker/u8:2 pid 3130 state 0
[    6.620822] comm ttm_swap pid 3132 state 1026
[    6.620828] proc in rq 1
[    6.620830] rq->nr_running rq->cfs.nr_running : 2 2
[    6.620840] rq->rt.rt_nr_running  rq->cfs.load.weight : 0  2097152
[    6.620841] ----------------^^^^CPU1^^^^^-----------------------
[    6.620849] rq->curr->pid == 0
[    6.620856] state TASK_RUNNING
[    6.620863] comm init pid 1 state 1
[    6.620873] comm kthreadd pid 2 state 1
[    6.620880] comm rcu_gp pid 3 state 1026
[    6.620887] comm rcu_par_gp pid 4 state 1026
[    6.620893] comm kworker/0:0 pid 5 state 1026
[    6.620900] comm kworker/0:0H pid 6 state 1026
[    6.620907] comm kworker/u8:0 pid 7 state 1026
[    6.620914] comm mm_percpu_wq pid 8 state 1026
[    6.620921] comm ksoftirqd/0 pid 9 state 1
[    6.620927] comm rcu_sched pid 10 state 1026
[    6.620934] comm migration/0 pid 11 state 1
[    6.620941] comm cpuhp/0 pid 12 state 1
[    6.620947] comm cpuhp/1 pid 13 state 1
[    6.620954] comm migration/1 pid 14 state 1
[    6.620961] comm ksoftirqd/1 pid 15 state 1
[    6.620967] comm kworker/1:0 pid 16 state 1026
[    6.620974] comm kworker/1:0H pid 17 state 1026
[    6.620981] comm THREAD pid 18 state 0
[    6.620987] comm kdevtmpfs pid 19 state 1
[    6.620994] comm netns pid 20 state 1026
[    6.621001] comm kworker/u8:1 pid 21 state 1026
[    6.621008] comm kauditd pid 24 state 1
[    6.621014] comm kworker/0:1 pid 37 state 1026
[    6.621021] comm kworker/1:1 pid 38 state 1026
[    6.621028] comm kworker/u8:2 pid 312 state 1026
[    6.621035] comm kworker/u8:3 pid 532 state 1026
[    6.621042] comm kworker/u8:4 pid 582 state 1
[    6.621049] comm oom_reaper pid 736 state 1
[    6.621056] comm writeback pid 737 state 1026
[    6.621062] comm kcompactd0 pid 739 state 1
[    6.621069] comm kblockd pid 787 state 1026
[    6.621076] comm kworker/1:2 pid 873 state 1026
[    6.621083] comm ata_sff pid 957 state 1026
[    6.621089] comm md pid 977 state 1026
[    6.621096] comm edac-poller pid 980 state 1026
[    6.621103] comm rpciod pid 1091 state 1026
[    6.621110] comm kworker/u9:0 pid 1092 state 1026
[    6.621117] comm xprtiod pid 1093 state 1026
[    6.621123] comm cfg80211 pid 1096 state 1026
[    6.621130] comm kswapd0 pid 1106 state 1
[    6.621137] comm nfsiod pid 1245 state 1026
[    6.621144] comm acpi_thermal_pm pid 1294 state 1026
[    6.621151] comm scsi_eh_0 pid 1352 state 1
[    6.621158] comm scsi_tmf_0 pid 1353 state 1026
[    6.621164] comm scsi_eh_1 pid 1357 state 1
[    6.621171] comm scsi_tmf_1 pid 1358 state 1026
[    6.621178] comm kworker/1:3 pid 1457 state 1026
[    6.621185] comm dm_bufio_cache pid 1467 state 1026
[    6.621192] comm kworker/1:4 pid 1607 state 1026
[    6.621199] comm kworker/1:5 pid 1679 state 1026
[    6.621206] comm kworker/0:1H pid 1689 state 1026
[    6.621213] comm ipv6_addrconf pid 1693 state 1026
[    6.621221] comm kworker/1:1H pid 1750 state 1026
[    6.621228] comm jbd2/sda2-8 pid 1751 state 1
[    6.621234] comm ext4-rsv-conver pid 1752 state 1026
[    6.621242] comm init pid 1758 state 1
[    6.621248] comm rc pid 1759 state 1
[    6.621255] comm S10udev pid 1835 state 1
[    6.621261] comm udevd pid 1850 state 0
[    6.621268] comm udevd pid 1943 state 0
[    6.621274] comm udevd pid 1944 state 0
[    6.621281] comm udevd pid 1945 state 0
[    6.621287] comm udevd pid 1946 state 1
[    6.621294] comm udevd pid 1947 state 258
[    6.621300] comm udevd pid 1948 state 0
[    6.621307] comm udevd pid 1949 state 2
[    6.621313] comm udevd pid 1950 state 2
[    6.621320] comm udevd pid 1951 state 0
[    6.621326] comm udevd pid 1952 state 0
[    6.621333] comm udevd pid 1953 state 0
[    6.621339] comm udevd pid 1954 state 0
[    6.621346] comm udevadm pid 3117 state 1
[    6.621352] comm alsactl pid 3122 state 0
[    6.621359] comm modprobe pid 3126 state 0
[    6.621366] comm kworker/u8:2 pid 3130 state 0
[    6.621372] comm ttm_swap pid 3132 state 1026
[    6.621378] proc in rq 0
[    6.621380] rq->nr_running rq->cfs.nr_running : 0 0
[    6.621391] rq->rt.rt_nr_running  rq->cfs.load.weight : 0  0
[    6.621392] ----------------^^^^CPU2^^^^^-----------------------
[    6.621399] rq->curr->pid == 0
[    6.621406] state TASK_RUNNING
[    6.621413] comm init pid 1 state 1
[    6.621424] comm kthreadd pid 2 state 1
[    6.621430] comm rcu_gp pid 3 state 1026
[    6.621437] comm rcu_par_gp pid 4 state 1026
[    6.621444] comm kworker/0:0 pid 5 state 1026
[    6.621450] comm kworker/0:0H pid 6 state 1026
[    6.621457] comm kworker/u8:0 pid 7 state 1026
[    6.621464] comm mm_percpu_wq pid 8 state 1026
[    6.621471] comm ksoftirqd/0 pid 9 state 1
[    6.621478] comm rcu_sched pid 10 state 1026
[    6.621484] comm migration/0 pid 11 state 1
[    6.621491] comm cpuhp/0 pid 12 state 1
[    6.621498] comm cpuhp/1 pid 13 state 1
[    6.621504] comm migration/1 pid 14 state 1
[    6.621511] comm ksoftirqd/1 pid 15 state 1
[    6.621518] comm kworker/1:0 pid 16 state 1026
[    6.621525] comm kworker/1:0H pid 17 state 1026
[    6.621532] comm THREAD pid 18 state 0
[    6.621538] comm kdevtmpfs pid 19 state 1
[    6.621545] comm netns pid 20 state 1026
[    6.621551] comm kworker/u8:1 pid 21 state 1026
[    6.621558] comm kauditd pid 24 state 1
[    6.621565] comm kworker/0:1 pid 37 state 1026
[    6.621572] comm kworker/1:1 pid 38 state 1026
[    6.621579] comm kworker/u8:2 pid 312 state 1026
[    6.621586] comm kworker/u8:3 pid 532 state 1026
[    6.621593] comm kworker/u8:4 pid 582 state 1
[    6.621600] comm oom_reaper pid 736 state 1
[    6.621606] comm writeback pid 737 state 1026
[    6.621613] comm kcompactd0 pid 739 state 1
[    6.621620] comm kblockd pid 787 state 1026
[    6.621627] comm kworker/1:2 pid 873 state 1026
[    6.621633] comm ata_sff pid 957 state 1026
[    6.621640] comm md pid 977 state 1026
[    6.621647] comm edac-poller pid 980 state 1026
[    6.621654] comm rpciod pid 1091 state 1026
[    6.621660] comm kworker/u9:0 pid 1092 state 1026
[    6.621667] comm xprtiod pid 1093 state 1026
[    6.621674] comm cfg80211 pid 1096 state 1026
[    6.621681] comm kswapd0 pid 1106 state 1
[    6.621688] comm nfsiod pid 1245 state 1026
[    6.621695] comm acpi_thermal_pm pid 1294 state 1026
[    6.621702] comm scsi_eh_0 pid 1352 state 1
[    6.621709] comm scsi_tmf_0 pid 1353 state 1026
[    6.621716] comm scsi_eh_1 pid 1357 state 1
[    6.621722] comm scsi_tmf_1 pid 1358 state 1026
[    6.621729] comm kworker/1:3 pid 1457 state 1026
[    6.621736] comm dm_bufio_cache pid 1467 state 1026
[    6.621743] comm kworker/1:4 pid 1607 state 1026
[    6.621750] comm kworker/1:5 pid 1679 state 1026
[    6.621757] comm kworker/0:1H pid 1689 state 1026
[    6.621764] comm ipv6_addrconf pid 1693 state 1026
[    6.621771] comm kworker/1:1H pid 1750 state 1026
[    6.621779] comm jbd2/sda2-8 pid 1751 state 1
[    6.621785] comm ext4-rsv-conver pid 1752 state 1026
[    6.621792] comm init pid 1758 state 1
[    6.621799] comm rc pid 1759 state 1
[    6.621805] comm S10udev pid 1835 state 1
[    6.621812] comm udevd pid 1850 state 0
[    6.621819] comm udevd pid 1943 state 0
[    6.621825] comm udevd pid 1944 state 0
[    6.621832] comm udevd pid 1945 state 0
[    6.621838] comm udevd pid 1946 state 1
[    6.621845] comm udevd pid 1947 state 258
[    6.621851] comm udevd pid 1948 state 0
[    6.621858] comm udevd pid 1949 state 2
[    6.621864] comm udevd pid 1950 state 2
[    6.621871] comm udevd pid 1951 state 0
[    6.621877] comm udevd pid 1952 state 0
[    6.621884] comm udevd pid 1953 state 0
[    6.621890] comm udevd pid 1954 state 0
[    6.621897] comm udevadm pid 3117 state 1
[    6.621903] comm alsactl pid 3122 state 0
[    6.621910] comm modprobe pid 3126 state 0
[    6.621917] comm kworker/u8:2 pid 3130 state 0
[    6.621924] comm ttm_swap pid 3132 state 1026
[    6.621930] proc in rq 0
[    6.621931] rq->nr_running rq->cfs.nr_running : 0 0
[    6.621942] rq->rt.rt_nr_running  rq->cfs.load.weight : 0  0
[    6.621943] ----------------^^^^CPU3^^^^^-----------------------
[    6.625245] [drm] Internal thermal controller without fan control
[    6.626043] [drm] radeon: dpm initialized
[    6.627194] [drm] Found UVD firmware Version: 1.64 Family ID: 9
[    6.631940] [drm] Found VCE firmware/feedback version 40.2.2 / 15!
[    6.632000] [drm] GART: num cpu pages 524288, num gpu pages 524288
[    6.687006] [drm] PCIE GART of 2048M enabled (table at 0x000000000030E000).
[    6.687290] radeon 0000:00:01.0: WB enabled
[    6.687343] radeon 0000:00:01.0: fence driver on ring 0 use gpu addr 0x0000000020000c00 and cpu addr 0x(____ptrval____)
[    6.687361] radeon 0000:00:01.0: fence driver on ring 1 use gpu addr 0x0000000020000c04 and cpu addr 0x(____ptrval____)
[    6.687376] radeon 0000:00:01.0: fence driver on ring 2 use gpu addr 0x0000000020000c08 and cpu addr 0x(____ptrval____)
[    6.687390] radeon 0000:00:01.0: fence driver on ring 3 use gpu addr 0x0000000020000c0c and cpu addr 0x(____ptrval____)
[    6.687404] radeon 0000:00:01.0: fence driver on ring 4 use gpu addr 0x0000000020000c10 and cpu addr 0x(____ptrval____)
[    6.688400] radeon 0000:00:01.0: fence driver on ring 5 use gpu addr 0x0000000000078d30 and cpu addr 0x(____ptrval____)
[    6.688803] radeon 0000:00:01.0: fence driver on ring 6 use gpu addr 0x0000000020000c18 and cpu addr 0x(____ptrval____)
[    6.688820] radeon 0000:00:01.0: fence driver on ring 7 use gpu addr 0x0000000020000c1c and cpu addr 0x(____ptrval____)
[    6.688835] [drm] Supports vblank timestamp caching Rev 2 (21.10.2013).
[    6.688843] [drm] Driver supports precise vblank timestamp query.
[    6.688974] radeon 0000:00:01.0: radeon: using MSI.
[    6.689038] [drm] radeon: irq initialized.
[    6.692984] [drm] ring test on 0 succeeded in 3 usecs
[    6.693091] [drm] ring test on 1 succeeded in 4 usecs
[    6.693130] [drm] ring test on 2 succeeded in 4 usecs
[    6.693451] [drm] ring test on 3 succeeded in 6 usecs
[    6.693469] [drm] ring test on 4 succeeded in 6 usecs
[    6.834191] [drm] ring test on 5 succeeded in 2 usecs
[    6.869813] [drm] UVD initialized successfully.
[    7.252271] [drm] ring test on 6 succeeded in 19 usecs
[    7.252303] [drm] ring test on 7 succeeded in 3 usecs
[    7.252311] [drm] VCE initialized successfully.
[    7.254259] [drm] ib test on ring 0 succeeded in 0 usecs
[    7.254547] [drm] ib test on ring 1 succeeded in 0 usecs
[    7.254821] [drm] ib test on ring 2 succeeded in 0 usecs
[    7.255098] [drm] ib test on ring 3 succeeded in 0 usecs
[    7.255374] [drm] ib test on ring 4 succeeded in 0 usecs
[    7.778319] [drm] ib test on ring 5 succeeded
[    7.799569] [drm] ib test on ring 6 succeeded
[    7.800572] [drm] ib test on ring 7 succeeded
[    7.848182] [drm] radeon atom DIG backlight initialized
[    7.848205] [drm] Radeon Display Connectors
[    7.848212] [drm] Connector 0:
[    7.848219] [drm]   LVDS-1
[    7.848225] [drm]   HPD1
[    7.848233] [drm]   DDC: 0x6530 0x6530 0x6534 0x6534 0x6538 0x6538 0x653c 0x653c
[    7.848242] [drm]   Encoders:
[    7.848248] [drm]     LCD1: INTERNAL_UNIPHY
[    7.848255] [drm] Connector 1:
[    7.848261] [drm]   HDMI-A-1
[    7.848266] [drm]   HPD2
[    7.848274] [drm]   DDC: 0x6540 0x6540 0x6544 0x6544 0x6548 0x6548 0x654c 0x654c
[    7.848282] [drm]   Encoders:
[    7.848288] [drm]     DFP1: INTERNAL_UNIPHY
[    7.848294] [drm] Connector 2:
[    7.848299] [drm]   VGA-1
[    7.848307] [drm]   DDC: 0x65c0 0x65c0 0x65c4 0x65c4 0x65c8 0x65c8 0x65cc 0x65cc
[    7.848315] [drm]   Encoders:
[    7.848321] [drm]     CRT1: INTERNAL_KLDSCP_DAC1
[    8.930297] [drm] fb mappable at 0xC0722000
[    8.930309] [drm] vram apper at 0xC0000000
[    8.930316] [drm] size 4325376
[    8.930322] [drm] fb depth is 24
[    8.930327] [drm]    pitch is 5632
[    8.930539] fbcon: radeondrmfb (fb0) is primary device
[    9.038388] Console: switching to colour frame buffer device 170x48
[    9.048732] radeon 0000:00:01.0: fb0: radeondrmfb frame buffer device
[    9.247207] [drm] Initialized radeon 2.50.0 20080528 for 0000:00:01.0 on minor 0
[    9.498412] Adding 3608572k swap on /dev/sda4.  Priority:1 extents:1 across:3608572k SS
[    9.550893] EXT4-fs (sda2): re-mounted. Opts: (null)
[    9.654931] EXT4-fs (sda2): re-mounted. Opts: (null)
[    9.679037] rq->curr->pid == 3252
[    9.679040] state TASK_RUNNING
[    9.679121] color, tsk->comm, weight, vruntime, state: 1 S40mountfs 1048576 6896753866 0
[    9.679176] color, tsk->comm, weight, vruntime, state: -116606305385448 S40mountfs 1048576 6896753866 0
[    9.679303] comm init pid 1 state 1
[    9.679505] comm kthreadd pid 2 state 1
[    9.679568] comm rcu_gp pid 3 state 1026
[    9.679633] comm rcu_par_gp pid 4 state 1026
[    9.679703] comm kworker/0:0 pid 5 state 1026
[    9.679776] comm kworker/0:0H pid 6 state 1026
[    9.679849] comm kworker/u8:0 pid 7 state 1026
[    9.683276] comm mm_percpu_wq pid 8 state 1026
[    9.686716] comm ksoftirqd/0 pid 9 state 1
[    9.690154] comm rcu_sched pid 10 state 0
[    9.693490] comm migration/0 pid 11 state 1
[    9.696837] comm cpuhp/0 pid 12 state 1
[    9.700224] comm cpuhp/1 pid 13 state 1
[    9.703537] comm migration/1 pid 14 state 1
[    9.706854] comm ksoftirqd/1 pid 15 state 0
[    9.710225] comm kworker/1:0 pid 16 state 1026
[    9.713517] comm kworker/1:0H pid 17 state 1026
[    9.716781] comm THREAD pid 18 state 0
[    9.720043] comm kdevtmpfs pid 19 state 1
[    9.723279] comm netns pid 20 state 1026
[    9.726513] comm kworker/u8:1 pid 21 state 1026
[    9.729795] comm kauditd pid 24 state 1
[    9.733025] comm kworker/0:1 pid 37 state 1026
[    9.736227] comm kworker/1:1 pid 38 state 1026
[    9.739453] comm kworker/u8:2 pid 312 state 1026
[    9.742660] comm kworker/u8:3 pid 532 state 1026
[    9.742663] comm kworker/u8:4 pid 582 state 0
[    9.742666] comm oom_reaper pid 736 state 1
[    9.742668] comm writeback pid 737 state 1026
[    9.742671] comm kcompactd0 pid 739 state 1
[    9.742673] comm kblockd pid 787 state 1026
[    9.742676] comm kworker/1:2 pid 873 state 1026
[    9.742679] comm ata_sff pid 957 state 1026
[    9.742681] comm md pid 977 state 1026
[    9.742688] comm edac-poller pid 980 state 1026
[    9.774297] comm rpciod pid 1091 state 1026
[    9.774300] comm kworker/u9:0 pid 1092 state 1026
[    9.774303] comm xprtiod pid 1093 state 1026
[    9.774305] comm cfg80211 pid 1096 state 1026
[    9.774308] comm kswapd0 pid 1106 state 1
[    9.774310] comm nfsiod pid 1245 state 1026
[    9.774313] comm acpi_thermal_pm pid 1294 state 1026
[    9.774315] comm scsi_eh_0 pid 1352 state 1
[    9.774318] comm scsi_tmf_0 pid 1353 state 1026
[    9.774320] comm scsi_eh_1 pid 1357 state 1
[    9.774322] comm scsi_tmf_1 pid 1358 state 1026
[    9.774325] comm kworker/1:3 pid 1457 state 1026
[    9.774328] comm dm_bufio_cache pid 1467 state 1026
[    9.774330] comm kworker/1:4 pid 1607 state 1026
[    9.774333] comm kworker/1:5 pid 1679 state 1026
[    9.774338] comm kworker/0:1H pid 1689 state 1026
[    9.810780] comm ipv6_addrconf pid 1693 state 1026
[    9.810783] comm kworker/1:1H pid 1750 state 1026
[    9.810785] comm jbd2/sda2-8 pid 1751 state 1
[    9.810788] comm ext4-rsv-conver pid 1752 state 1026
[    9.810790] comm init pid 1758 state 1
[    9.810792] comm rc pid 1759 state 1
[    9.810795] comm udevd pid 1850 state 1
[    9.810797] comm udevd pid 1943 state 1
[    9.810799] comm udevd pid 1944 state 1
[    9.810801] comm udevd pid 1945 state 1
[    9.810803] comm udevd pid 1946 state 1
[    9.810806] comm udevd pid 1947 state 1
[    9.810808] comm udevd pid 1948 state 1
[    9.810810] comm udevd pid 1949 state 1
[    9.810812] comm udevd pid 1950 state 1
[    9.810814] comm udevd pid 1951 state 1
[    9.810816] comm udevd pid 1952 state 1
[    9.810821] comm udevd pid 1953 state 1
[    9.845009] comm udevd pid 1954 state 1
[    9.845012] comm ttm_swap pid 3132 state 1026
[    9.845015] comm kworker/0:2 pid 3180 state 1026
[    9.845017] comm S40mountfs pid 3231 state 1
[    9.845019] comm mount.ntfs-3g pid 3261 state 1
[    9.845021] comm echo pid 3264 state 0
[    9.845023] proc in rq 2
[    9.845025] rq->nr_running rq->cfs.nr_running : 3 3
[    9.845027] rq->rt.rt_nr_running  rq->cfs.load.weight : 0  3145728
[    9.845028] ----------------^^^^CPU0^^^^^-----------------------
[    9.845030] rq->curr == THREAD(this messg)
[    9.845032] state TASK_RUNNING
[    9.845036] color, tsk->comm, weight, vruntime, state: 1 ksoftirqd/1 1048576 4273203804 0
[    9.845039] comm init pid 1 state 1
[    9.845041] comm kthreadd pid 2 state 1
[    9.845043] comm rcu_gp pid 3 state 1026
[    9.845046] comm rcu_par_gp pid 4 state 1026
[    9.845048] comm kworker/0:0 pid 5 state 1026
[    9.845050] comm kworker/0:0H pid 6 state 1026
[    9.845053] comm kworker/u8:0 pid 7 state 1026
[    9.845055] comm mm_percpu_wq pid 8 state 1026
[    9.845057] comm ksoftirqd/0 pid 9 state 1
[    9.845059] comm rcu_sched pid 10 state 1026
[    9.845061] comm migration/0 pid 11 state 1
[    9.845064] comm cpuhp/0 pid 12 state 1
[    9.845066] comm cpuhp/1 pid 13 state 1
[    9.845068] comm migration/1 pid 14 state 0
[    9.845070] comm ksoftirqd/1 pid 15 state 0
[    9.845073] comm kworker/1:0 pid 16 state 1026
[    9.845075] comm kworker/1:0H pid 17 state 1026
[    9.845077] comm THREAD pid 18 state 0
[    9.845079] comm kdevtmpfs pid 19 state 1
[    9.845084] comm netns pid 20 state 1026
[    9.908082] comm kworker/u8:1 pid 21 state 1026
[    9.908084] comm kauditd pid 24 state 1
[    9.908087] comm kworker/0:1 pid 37 state 1026
[    9.908089] comm kworker/1:1 pid 38 state 1026
[    9.908092] comm kworker/u8:2 pid 312 state 1026
[    9.908094] comm kworker/u8:3 pid 532 state 1026
[    9.908097] comm kworker/u8:4 pid 582 state 1026
[    9.908100] comm oom_reaper pid 736 state 1
[    9.908102] comm writeback pid 737 state 1026
[    9.908104] comm kcompactd0 pid 739 state 1
[    9.908107] comm kblockd pid 787 state 1026
[    9.908109] comm kworker/1:2 pid 873 state 1026
[    9.908112] comm ata_sff pid 957 state 1026
[    9.908114] comm md pid 977 state 1026
[    9.908116] comm edac-poller pid 980 state 1026
[    9.908128] comm rpciod pid 1091 state 1026
[    9.908131] comm kworker/u9:0 pid 1092 state 1026
[    9.908136] comm xprtiod pid 1093 state 1026
[    9.942927] comm cfg80211 pid 1096 state 1026
[    9.942930] comm kswapd0 pid 1106 state 1
[    9.942932] comm nfsiod pid 1245 state 1026
[    9.942935] comm acpi_thermal_pm pid 1294 state 1026
[    9.942937] comm scsi_eh_0 pid 1352 state 1
[    9.942940] comm scsi_tmf_0 pid 1353 state 1026
[    9.942942] comm scsi_eh_1 pid 1357 state 1
[    9.942944] comm scsi_tmf_1 pid 1358 state 1026
[    9.942947] comm kworker/1:3 pid 1457 state 1026
[    9.942949] comm dm_bufio_cache pid 1467 state 1026
[    9.942952] comm kworker/1:4 pid 1607 state 1026
[    9.942954] comm kworker/1:5 pid 1679 state 1026
[    9.942956] comm kworker/0:1H pid 1689 state 1026
[    9.942959] comm ipv6_addrconf pid 1693 state 1026
[    9.942961] comm kworker/1:1H pid 1750 state 1026
[    9.942964] comm jbd2/sda2-8 pid 1751 state 1
[    9.942966] comm ext4-rsv-conver pid 1752 state 1026
[    9.942968] comm init pid 1758 state 1
[    9.942971] comm rc pid 1759 state 1
[    9.942973] comm udevd pid 1850 state 1
[    9.942975] comm udevd pid 1943 state 1
[    9.942977] comm udevd pid 1944 state 1
[    9.942980] comm udevd pid 1945 state 1
[    9.942982] comm udevd pid 1946 state 1
[    9.942984] comm udevd pid 1947 state 1
[    9.942986] comm udevd pid 1948 state 1
[    9.942988] comm udevd pid 1949 state 1
[    9.942991] comm udevd pid 1950 state 1
[    9.942993] comm udevd pid 1951 state 1
[    9.942995] comm udevd pid 1952 state 1
[    9.942997] comm udevd pid 1953 state 1
[    9.942999] comm udevd pid 1954 state 1
[    9.943001] comm ttm_swap pid 3132 state 1026
[    9.943003] comm kworker/0:2 pid 3180 state 1026
[    9.943005] comm S40mountfs pid 3231 state 1
[    9.943006] comm mount.ntfs-3g pid 3261 state 1
[    9.943008] comm echo pid 3264 state 0
[    9.943009] proc in rq 1
[    9.943012] rq->nr_running rq->cfs.nr_running : 3 2
[    9.943013] rq->rt.rt_nr_running  rq->cfs.load.weight : 0  2097152
[    9.943015] ----------------^^^^CPU1^^^^^-----------------------
[    9.943017] rq->curr->pid == 0
[    9.943018] state TASK_RUNNING
[    9.943020] comm init pid 1 state 1
[    9.943022] comm kthreadd pid 2 state 1
[    9.943024] comm rcu_gp pid 3 state 1026
[    9.943026] comm rcu_par_gp pid 4 state 1026
[    9.943028] comm kworker/0:0 pid 5 state 1026
[    9.943029] comm kworker/0:0H pid 6 state 1026
[    9.943031] comm kworker/u8:0 pid 7 state 1026
[    9.943033] comm mm_percpu_wq pid 8 state 1026
[    9.943035] comm ksoftirqd/0 pid 9 state 1
[    9.943037] comm rcu_sched pid 10 state 1026
[    9.943039] comm migration/0 pid 11 state 1
[    9.943040] comm cpuhp/0 pid 12 state 1
[    9.943042] comm cpuhp/1 pid 13 state 1
[    9.943044] comm migration/1 pid 14 state 0
[    9.943046] comm ksoftirqd/1 pid 15 state 0
[    9.943048] comm kworker/1:0 pid 16 state 1026
[    9.943050] comm kworker/1:0H pid 17 state 1026
[    9.943051] comm THREAD pid 18 state 0
[    9.943053] comm kdevtmpfs pid 19 state 1
[    9.943055] comm netns pid 20 state 1026
[    9.943057] comm kworker/u8:1 pid 21 state 1026
[    9.943059] comm kauditd pid 24 state 1
[    9.943060] comm kworker/0:1 pid 37 state 1026
[    9.943062] comm kworker/1:1 pid 38 state 1026
[    9.943064] comm kworker/u8:2 pid 312 state 1026
[    9.943066] comm kworker/u8:3 pid 532 state 1026
[    9.943068] comm kworker/u8:4 pid 582 state 1026
[    9.943070] comm oom_reaper pid 736 state 1
[    9.943072] comm writeback pid 737 state 1026
[    9.943074] comm kcompactd0 pid 739 state 1
[    9.943076] comm kblockd pid 787 state 1026
[    9.943077] comm kworker/1:2 pid 873 state 1026
[    9.943079] comm ata_sff pid 957 state 1026
[    9.943081] comm md pid 977 state 1026
[    9.943083] comm edac-poller pid 980 state 1026
[    9.943085] comm rpciod pid 1091 state 1026
[    9.943087] comm kworker/u9:0 pid 1092 state 1026
[    9.943088] comm xprtiod pid 1093 state 1026
[    9.943090] comm cfg80211 pid 1096 state 1026
[    9.943092] comm kswapd0 pid 1106 state 1
[    9.943094] comm nfsiod pid 1245 state 1026
[    9.943096] comm acpi_thermal_pm pid 1294 state 1026
[    9.943098] comm scsi_eh_0 pid 1352 state 1
[    9.943100] comm scsi_tmf_0 pid 1353 state 1026
[    9.943101] comm scsi_eh_1 pid 1357 state 1
[    9.943103] comm scsi_tmf_1 pid 1358 state 1026
[    9.943105] comm kworker/1:3 pid 1457 state 1026
[    9.943107] comm dm_bufio_cache pid 1467 state 1026
[    9.943109] comm kworker/1:4 pid 1607 state 1026
[    9.943111] comm kworker/1:5 pid 1679 state 1026
[    9.943113] comm kworker/0:1H pid 1689 state 1026
[    9.943115] comm ipv6_addrconf pid 1693 state 1026
[    9.943116] comm kworker/1:1H pid 1750 state 1026
[    9.943118] comm jbd2/sda2-8 pid 1751 state 1
[    9.943120] comm ext4-rsv-conver pid 1752 state 1026
[    9.943122] comm init pid 1758 state 1
[    9.943124] comm rc pid 1759 state 1
[    9.943125] comm udevd pid 1850 state 1
[    9.943127] comm udevd pid 1943 state 1
[    9.943129] comm udevd pid 1944 state 1
[    9.943131] comm udevd pid 1945 state 1
[    9.943133] comm udevd pid 1946 state 1
[    9.943134] comm udevd pid 1947 state 1
[    9.943136] comm udevd pid 1948 state 1
[    9.943138] comm udevd pid 1949 state 1
[    9.943139] comm udevd pid 1950 state 1
[    9.943141] comm udevd pid 1951 state 1
[    9.943143] comm udevd pid 1952 state 1
[    9.943145] comm udevd pid 1953 state 1
[    9.943146] comm udevd pid 1954 state 1
[    9.943148] comm ttm_swap pid 3132 state 1026
[    9.943150] comm kworker/0:2 pid 3180 state 1026
[    9.943152] comm S40mountfs pid 3231 state 1
