[    0.000000] Linux version 5.2.0-rc6+ (root@(none)) (gcc version 9.0.1 20190416 (experimental) (GCC)) #124 SMP Sun Jun 23 20:49:21 +05 2019
[    0.000000] Command line: BOOT_IMAGE=/boot/bzImage root=/dev/sda2 ro
[    0.000000] x86/fpu: Supporting XSAVE feature 0x001: 'x87 floating point registers'
[    0.000000] x86/fpu: Supporting XSAVE feature 0x002: 'SSE registers'
[    0.000000] x86/fpu: Supporting XSAVE feature 0x004: 'AVX registers'
[    0.000000] x86/fpu: xstate_offset[2]:  576, xstate_sizes[2]:  256
[    0.000000] x86/fpu: Enabled xstate features 0x7, context size is 832 bytes, using 'standard' format.
[    0.000000] BIOS-provided physical RAM map:
[    0.000000] BIOS-e820: [mem 0x0000000000000000-0x000000000009ffff] usable
[    0.000000] BIOS-e820: [mem 0x0000000000100000-0x000000009d0f7fff] usable
[    0.000000] BIOS-e820: [mem 0x000000009d0f8000-0x000000009d127fff] reserved
[    0.000000] BIOS-e820: [mem 0x000000009d128000-0x000000009d370fff] usable
[    0.000000] BIOS-e820: [mem 0x000000009d371000-0x000000009dc56fff] ACPI NVS
[    0.000000] BIOS-e820: [mem 0x000000009dc57000-0x000000009e959fff] reserved
[    0.000000] BIOS-e820: [mem 0x000000009e95a000-0x000000009e9cafff] type 20
[    0.000000] BIOS-e820: [mem 0x000000009e9cb000-0x000000009e9cbfff] usable
[    0.000000] BIOS-e820: [mem 0x000000009e9cc000-0x000000009e9d3fff] ACPI NVS
[    0.000000] BIOS-e820: [mem 0x000000009e9d4000-0x000000009eb24fff] usable
[    0.000000] BIOS-e820: [mem 0x000000009eb25000-0x000000009f041fff] reserved
[    0.000000] BIOS-e820: [mem 0x000000009f042000-0x000000009f080fff] usable
[    0.000000] BIOS-e820: [mem 0x000000009f081000-0x000000009f3f1fff] reserved
[    0.000000] BIOS-e820: [mem 0x000000009f3f2000-0x000000009f3fffff] usable
[    0.000000] BIOS-e820: [mem 0x00000000fec00000-0x00000000fec01fff] reserved
[    0.000000] BIOS-e820: [mem 0x00000000fec10000-0x00000000fec10fff] reserved
[    0.000000] BIOS-e820: [mem 0x00000000fed00000-0x00000000fed00fff] reserved
[    0.000000] BIOS-e820: [mem 0x00000000fed80000-0x00000000fed8ffff] reserved
[    0.000000] BIOS-e820: [mem 0x00000000ff000000-0x00000000ffffffff] reserved
[    0.000000] BIOS-e820: [mem 0x0000000100001000-0x000000013effffff] usable
[    0.000000] NX (Execute Disable) protection: active
[    0.000000] efi: EFI v2.31 by American Megatrends
[    0.000000] efi:  ACPI=0x9d3f3000  ACPI 2.0=0x9d3f3000  SMBIOS=0x9e958998 
[    0.000000] SMBIOS 2.7 present.
[    0.000000] DMI: ASUSTeK COMPUTER INC. X102BA/X102BA, BIOS X102BA.212 08/30/2013
[    0.000000] tsc: Fast TSC calibration using PIT
[    0.000000] tsc: Detected 998.060 MHz processor
[    0.000214] e820: update [mem 0x00000000-0x00000fff] usable ==> reserved
[    0.000219] e820: remove [mem 0x000a0000-0x000fffff] usable
[    0.000240] last_pfn = 0x13f000 max_arch_pfn = 0x400000000
[    0.000250] MTRR default type: uncachable
[    0.000252] MTRR fixed ranges enabled:
[    0.000255]   00000-9FFFF write-back
[    0.000257]   A0000-BFFFF write-through
[    0.000260]   C0000-DFFFF uncachable
[    0.000263]   E0000-FFFFF write-protect
[    0.000264] MTRR variable ranges enabled:
[    0.000269]   0 base 0000000000 mask FF80000000 write-back
[    0.000273]   1 base 0080000000 mask FFE0000000 write-back
[    0.000276]   2 base 009F400000 mask FFFFC00000 uncachable
[    0.000279]   3 base 009F800000 mask FFFF800000 uncachable
[    0.000281]   4 disabled
[    0.000282]   5 disabled
[    0.000283]   6 disabled
[    0.000284]   7 disabled
[    0.000287] TOM2: 000000013f000000 aka 5104M
[    0.000796] x86/PAT: Configuration [0-7]: WB  WC  UC- UC  WB  WP  UC- WT  
[    0.001067] e820: update [mem 0x9f400000-0xffffffff] usable ==> reserved
[    0.001082] last_pfn = 0x9f400 max_arch_pfn = 0x400000000
[    0.014814] check: Scanning 1 areas for low memory corruption
[    0.014828] Using GB pages for direct mapping
[    0.014836] BRK [0x47e01000, 0x47e01fff] PGTABLE
[    0.014842] BRK [0x47e02000, 0x47e02fff] PGTABLE
[    0.014846] BRK [0x47e03000, 0x47e03fff] PGTABLE
[    0.015001] BRK [0x47e04000, 0x47e04fff] PGTABLE
[    0.015005] BRK [0x47e05000, 0x47e05fff] PGTABLE
[    0.015245] BRK [0x47e06000, 0x47e06fff] PGTABLE
[    0.016425] BRK [0x47e07000, 0x47e07fff] PGTABLE
[    0.016672] BRK [0x47e08000, 0x47e08fff] PGTABLE
[    0.016874] BRK [0x47e09000, 0x47e09fff] PGTABLE
[    0.017138] BRK [0x47e0a000, 0x47e0afff] PGTABLE
[    0.017444] BRK [0x47e0b000, 0x47e0bfff] PGTABLE
[    0.017642] Secure boot could not be determined
[    0.017657] ACPI: Early table checksum verification disabled
[    0.017667] ACPI: RSDP 0x000000009D3F3000 000024 (v02 _ASUS_)
[    0.017679] ACPI: XSDT 0x000000009D3F3088 000094 (v01 _ASUS_ Notebook 01072009 AMI  00010013)
[    0.017696] ACPI: FACP 0x000000009D400748 00010C (v05 _ASUS_ Notebook 01072009 AMI  00010013)
[    0.017713] ACPI BIOS Warning (bug): Optional FADT field Pm2ControlBlock has valid Length but zero Address: 0x0000000000000000/0x1 (20190509/tbfadt-615)
[    0.017727] ACPI: DSDT 0x000000009D3F31A8 00D59D (v02 _ASUS_ Notebook 00000000 INTL 20091112)
[    0.017738] ACPI: FACS 0x000000009DC4B080 000040
[    0.017746] ACPI: APIC 0x000000009D400858 00007E (v03 _ASUS_ Notebook 01072009 AMI  00010013)
[    0.017757] ACPI: FPDT 0x000000009D4008D8 000044 (v01 _ASUS_ Notebook 01072009 AMI  00010013)
[    0.017767] ACPI: ECDT 0x000000009D400920 0000C1 (v01 _ASUS_ Notebook 01072009 AMI. 00000005)
[    0.017778] ACPI: MCFG 0x000000009D4009E8 00003C (v01 _ASUS_ Notebook 01072009 MSFT 00010013)
[    0.017788] ACPI: HPET 0x000000009D400A28 000038 (v01 _ASUS_ Notebook 01072009 AMI  00000005)
[    0.017798] ACPI: VFCT 0x000000009D400A60 004684 (v01 _ASUS_ Notebook 00000001 AMD  31504F47)
[    0.017808] ACPI: BGRT 0x000000009D4050E8 000038 (v00 _ASUS_ Notebook 01072009 ASUS 00010013)
[    0.017818] ACPI: SSDT 0x000000009D405120 0005E0 (v01 AMD    AGESA    00000001 AMD  00000001)
[    0.017829] ACPI: SSDT 0x000000009D405700 0046D1 (v02 AMD    AGESA    00000002 MSFT 04000000)
[    0.017839] ACPI: CRAT 0x000000009D409DD8 000228 (v01 AMD    AGESA    00000001 AMD  00000001)
[    0.017849] ACPI: SSDT 0x000000009D40A000 001411 (v01 AMD    CPMDFIGP 00000001 INTL 20051117)
[    0.017859] ACPI: SSDT 0x000000009D40B418 0010E8 (v01 AMD    CPMCMN   00000001 INTL 20051117)
[    0.017869] ACPI: MSDM 0x000000009D127F98 000055 (v03 _ASUS_ Notebook 00000000 ASUS 00000001)
[    0.017897] ACPI: Local APIC address 0xfee00000
[    0.018158] No NUMA configuration found
[    0.018162] Faking a node at [mem 0x0000000000000000-0x000000013effffff]
[    0.018176] NODE_DATA(0) allocated [mem 0x13effa000-0x13effdfff]
[    0.018230] Zone ranges:
[    0.018234]   DMA      [mem 0x0000000000001000-0x0000000000ffffff]
[    0.018239]   DMA32    [mem 0x0000000001000000-0x00000000ffffffff]
[    0.018243]   Normal   [mem 0x0000000100000000-0x000000013effffff]
[    0.018247] Movable zone start for each node
[    0.018250] Early memory node ranges
[    0.018253]   node   0: [mem 0x0000000000001000-0x000000000009ffff]
[    0.018257]   node   0: [mem 0x0000000000100000-0x000000009d0f7fff]
[    0.018260]   node   0: [mem 0x000000009d128000-0x000000009d370fff]
[    0.018263]   node   0: [mem 0x000000009e9cb000-0x000000009e9cbfff]
[    0.018267]   node   0: [mem 0x000000009e9d4000-0x000000009eb24fff]
[    0.018270]   node   0: [mem 0x000000009f042000-0x000000009f080fff]
[    0.018273]   node   0: [mem 0x000000009f3f2000-0x000000009f3fffff]
[    0.018276]   node   0: [mem 0x0000000100001000-0x000000013effffff]
[    0.018597] Zeroed struct page in unavailable ranges: 11138 pages
[    0.018604] Initmem setup node 0 [mem 0x0000000000001000-0x000000013effffff]
[    0.018613] On node 0 totalpages: 902270
[    0.018616]   DMA zone: 64 pages used for memmap
[    0.018618]   DMA zone: 23 pages reserved
[    0.018621]   DMA zone: 3999 pages, LIFO batch:0
[    0.018833]   DMA32 zone: 10004 pages used for memmap
[    0.018836]   DMA32 zone: 640224 pages, LIFO batch:63
[    0.058418]   Normal zone: 4032 pages used for memmap
[    0.058425]   Normal zone: 258047 pages, LIFO batch:63
[    0.071552] ACPI: PM-Timer IO Port: 0x808
[    0.071563] ACPI: Local APIC address 0xfee00000
[    0.071580] ACPI: LAPIC_NMI (acpi_id[0xff] high edge lint[0x1])
[    0.071597] IOAPIC[0]: apic_id 3, version 33, address 0xfec00000, GSI 0-23
[    0.071608] IOAPIC[1]: apic_id 4, version 33, address 0xfec01000, GSI 24-55
[    0.071615] ACPI: INT_SRC_OVR (bus 0 bus_irq 0 global_irq 2 dfl dfl)
[    0.071621] ACPI: INT_SRC_OVR (bus 0 bus_irq 9 global_irq 9 low level)
[    0.071627] ACPI: IRQ0 used by override.
[    0.071629] ACPI: IRQ9 used by override.
[    0.071634] Using ACPI (MADT) for SMP configuration information
[    0.071639] ACPI: HPET id: 0x10228210 base: 0xfed00000
[    0.071654] smpboot: Allowing 4 CPUs, 2 hotplug CPUs
[    0.071728] PM: Registered nosave memory: [mem 0x00000000-0x00000fff]
[    0.071735] PM: Registered nosave memory: [mem 0x000a0000-0x000fffff]
[    0.071742] PM: Registered nosave memory: [mem 0x9d0f8000-0x9d127fff]
[    0.071749] PM: Registered nosave memory: [mem 0x9d371000-0x9dc56fff]
[    0.071752] PM: Registered nosave memory: [mem 0x9dc57000-0x9e959fff]
[    0.071755] PM: Registered nosave memory: [mem 0x9e95a000-0x9e9cafff]
[    0.071761] PM: Registered nosave memory: [mem 0x9e9cc000-0x9e9d3fff]
[    0.071768] PM: Registered nosave memory: [mem 0x9eb25000-0x9f041fff]
[    0.071774] PM: Registered nosave memory: [mem 0x9f081000-0x9f3f1fff]
[    0.071781] PM: Registered nosave memory: [mem 0x9f400000-0xfebfffff]
[    0.071784] PM: Registered nosave memory: [mem 0xfec00000-0xfec01fff]
[    0.071787] PM: Registered nosave memory: [mem 0xfec02000-0xfec0ffff]
[    0.071789] PM: Registered nosave memory: [mem 0xfec10000-0xfec10fff]
[    0.071792] PM: Registered nosave memory: [mem 0xfec11000-0xfecfffff]
[    0.071795] PM: Registered nosave memory: [mem 0xfed00000-0xfed00fff]
[    0.071798] PM: Registered nosave memory: [mem 0xfed01000-0xfed7ffff]
[    0.071800] PM: Registered nosave memory: [mem 0xfed80000-0xfed8ffff]
[    0.071803] PM: Registered nosave memory: [mem 0xfed90000-0xfeffffff]
[    0.071806] PM: Registered nosave memory: [mem 0xff000000-0xffffffff]
[    0.071809] PM: Registered nosave memory: [mem 0x100000000-0x100000fff]
[    0.071816] [mem 0x9f400000-0xfebfffff] available for PCI devices
[    0.071828] clocksource: refined-jiffies: mask: 0xffffffff max_cycles: 0xffffffff, max_idle_ns: 19112604462750000 ns
[    0.490110] setup_percpu: NR_CPUS:64 nr_cpumask_bits:64 nr_cpu_ids:4 nr_node_ids:1
[    0.491303] percpu: Embedded 51 pages/cpu s170008 r8192 d30696 u524288
[    0.491342] pcpu-alloc: s170008 r8192 d30696 u524288 alloc=1*2097152
[    0.491345] pcpu-alloc: [0] 0 1 2 3 
[    0.491423] Built 1 zonelists, mobility grouping on.  Total pages: 888147
[    0.491428] Policy zone: Normal
[    0.491435] Kernel command line: BOOT_IMAGE=/boot/bzImage root=/dev/sda2 ro
[    0.556174] Memory: 3432168K/3609080K available (14357K kernel code, 1433K rwdata, 4456K rodata, 1296K init, 856K bss, 176912K reserved, 0K cma-reserved)
[    0.556398] SLUB: HWalign=64, Order=0-3, MinObjects=0, CPUs=4, Nodes=1
[    0.556638] rcu: Hierarchical RCU implementation.
[    0.556642] rcu: 	RCU event tracing is enabled.
[    0.556646] rcu: 	RCU restricting CPUs from NR_CPUS=64 to nr_cpu_ids=4.
[    0.556650] rcu: RCU calculated value of scheduler-enlistment delay is 10 jiffies.
[    0.556654] rcu: Adjusting geometry for rcu_fanout_leaf=16, nr_cpu_ids=4
[    0.557246] NR_IRQS: 4352, nr_irqs: 1000, preallocated irqs: 16
[    0.557841] random: get_random_bytes called from start_kernel+0x2c6/0x493 with crng_init=0
[    0.557923] Console: colour dummy device 80x25
[    0.558596] printk: console [tty0] enabled
[    0.558643] ACPI: Core revision 20190509
[    0.559440] clocksource: hpet: mask: 0xffffffff max_cycles: 0xffffffff, max_idle_ns: 133484873504 ns
[    0.559471] hpet clockevent registered
[    0.559482] APIC: Switch to symmetric I/O mode setup
[    0.560344] ..TIMER: vector=0x30 apic1=0 pin1=2 apic2=-1 pin2=-1
[    0.609486] clocksource: tsc-early: mask: 0xffffffffffffffff max_cycles: 0x1cc5dcd66ff, max_idle_ns: 881590518921 ns
[    0.609503] Calibrating delay loop (skipped), value calculated using timer frequency.. 1996.12 BogoMIPS (lpj=9980600)
[    0.609519] pid_max: default: 32768 minimum: 301
[    0.612125] LSM: Security Framework initializing
[    0.612160] SELinux:  Initializing.
[    0.612198] *** VALIDATE SELinux ***
[    0.614449] Dentry cache hash table entries: 524288 (order: 10, 4194304 bytes)
[    0.615630] Inode-cache hash table entries: 262144 (order: 9, 2097152 bytes)
[    0.615734] Mount-cache hash table entries: 8192 (order: 4, 65536 bytes)
[    0.615781] Mountpoint-cache hash table entries: 8192 (order: 4, 65536 bytes)
[    0.616189] *** VALIDATE proc ***
[    0.616281] *** VALIDATE cgroup1 ***
[    0.616292] *** VALIDATE cgroup2 ***
[    0.616398] LVT offset 1 assigned for vector 0xf9
[    0.616414] Last level iTLB entries: 4KB 512, 2MB 8, 4MB 4
[    0.616421] Last level dTLB entries: 4KB 512, 2MB 256, 4MB 128, 1GB 0
[    0.616431] Spectre V2 : Mitigation: Full AMD retpoline
[    0.616438] Spectre V2 : Spectre v2 / SpectreRSB mitigation: Filling RSB on context switch
[    0.616449] Speculative Store Bypass: Mitigation: Speculative Store Bypass disabled via prctl and seccomp
[    0.617026] Freeing SMP alternatives memory: 40K
[    0.629501] smpboot: CPU0: AMD A4-1200 APU with Radeon(TM) HD Graphics (family: 0x16, model: 0x0, stepping: 0x1)
[    0.629501] Performance Events: AMD PMU driver.
[    0.629501] ... version:                0
[    0.629501] ... bit width:              48
[    0.629501] ... generic registers:      4
[    0.629501] ... value mask:             0000ffffffffffff
[    0.629501] ... max period:             00007fffffffffff
[    0.629501] ... fixed-purpose events:   0
[    0.629501] ... event mask:             000000000000000f
[    0.629501] rcu: Hierarchical SRCU implementation.
[    0.629501] MCE: In-kernel MCE decoding enabled.
[    0.629501] smp: Bringing up secondary CPUs ...
[    0.629501] x86: Booting SMP configuration:
[    0.629501] .... node  #0, CPUs:      #1
[    0.629501] smp: Brought up 1 node, 2 CPUs
[    0.629501] smpboot: Max logical packages: 2
[    0.629501] smpboot: Total of 2 processors activated (3992.24 BogoMIPS)
[    0.629501] devtmpfs: initialized
[    0.629501] PM: Registering ACPI NVS region [mem 0x9d371000-0x9dc56fff] (9330688 bytes)
[    0.629501] PM: Registering ACPI NVS region [mem 0x9e9cc000-0x9e9d3fff] (32768 bytes)
[    0.629501] clocksource: jiffies: mask: 0xffffffff max_cycles: 0xffffffff, max_idle_ns: 19112604462750000 ns
[    0.629501] futex hash table entries: 1024 (order: 4, 65536 bytes)
[    0.629501] kworker/u8:0 (22) used greatest stack depth: 14624 bytes left
[    0.629501] NET: Registered protocol family 16
[    0.629501] audit: initializing netlink subsys (disabled)
[    0.629501] audit: type=2000 audit(1561454696.060:1): state=initialized audit_enabled=0 res=1
[    0.629501] cpuidle: using governor ladder
[    0.629501] cpuidle: using governor menu
[    0.629501] ACPI FADT declares the system doesn't support PCIe ASPM, so disable it
[    0.629501] ACPI: bus type PCI registered
[    0.629501] PCI: MMCONFIG for domain 0000 [bus 00-ff] at [mem 0xe0000000-0xefffffff] (base 0xe0000000)
[    0.629501] PCI: not using MMCONFIG
[    0.629501] PCI: Using configuration type 1 for base access
[    0.629501] PCI: Using configuration type 1 for extended access
[    0.629533] rq->curr == THREAD(this messg)
[    0.629538] color, tsk->comm, weight, vruntime: -121308230102631 kworker/u8:1 1048576 47832114
[    0.629549] color, tsk->comm, weight, vruntime: -121308230113000 kworker/u8:1 1048576 47832114
[    0.629560] color, tsk->comm, weight, vruntime: -121308230102631 kworker/u8:1 1048576 47832114
[    0.629571] color, tsk->comm, weight, vruntime: 1 kworker/u8:1 1048576 48046401
[    0.629582] color, tsk->comm, weight, vruntime: -121308222329703 kworker/u8:1 1048576 48332115
[    0.629592] color, tsk->comm, weight, vruntime: -121308230113000 kworker/u8:1 1048576 48732114
[    0.629602] color, tsk->comm, weight, vruntime: -121308222329703 kworker/u8:1 1048576 49332114
[    0.629612] proc in rq 7
[    0.629622] rq->nr_running rq->cfs.nr_running : 8 8
[    0.629632] rq->load.weight, rq->cfs.load.weight : 8388608 8388608
[    0.629634] ----------------^^^^TUX0^^^^^-----------------------
[    0.629641] rq->curr->pid == 1
[    0.629650] color, tsk->comm, weight, vruntime: -121308230123368 kworker/u8:0 1048576 28351403
[    0.629657] color, tsk->comm, weight, vruntime: -121308222333159 kworker/u8:1 1048576 34351403
[    0.629667] color, tsk->comm, weight, vruntime: 1 kworker/u8:1 1048576 34951403
[    0.629678] color, tsk->comm, weight, vruntime: -121308222333159 kthreadd 1048576 37351400
[    0.629686] proc in rq 4
[    0.629696] rq->nr_running rq->cfs.nr_running : 5 5
[    0.629706] rq->load.weight, rq->cfs.load.weight : 5242880 5242880
[    0.629708] ----------------^^^^TUX1^^^^^-----------------------
[    0.645112] kworker/u8:0 (45) used greatest stack depth: 14160 bytes left
[    0.677015] HugeTLB registered 2.00 MiB page size, pre-allocated 0 pages
[    0.686459] ACPI: Added _OSI(Module Device)
[    0.686459] ACPI: Added _OSI(Processor Device)
[    0.686459] ACPI: Added _OSI(3.0 _SCP Extensions)
[    0.686459] ACPI: Added _OSI(Processor Aggregator Device)
[    0.686459] ACPI: Added _OSI(Linux-Dell-Video)
[    0.686459] ACPI: Added _OSI(Linux-Lenovo-NV-HDMI-Audio)
[    0.686459] ACPI: Added _OSI(Linux-HPI-Hybrid-Graphics)
[    0.719597] ACPI: 5 ACPI AML tables successfully acquired and loaded
[    0.723063] ACPI: EC: EC started
[    0.723072] ACPI: EC: interrupt blocked
[    0.725496] ACPI: \: Used as first EC
[    0.725509] ACPI: \: GPE=0x3, EC_CMD/EC_SC=0x66, EC_DATA=0x62
[    0.725517] ACPI: EC: Boot ECDT EC used to handle transactions
[    0.730879] ACPI: [Firmware Bug]: BIOS _OSI(Linux) query ignored
[    0.763232] ACPI: Interpreter enabled
[    0.763308] ACPI: (supports S0 S3 S4 S5)
[    0.763318] ACPI: Using IOAPIC for interrupt routing
[    0.763519] PCI: MMCONFIG for domain 0000 [bus 00-ff] at [mem 0xe0000000-0xefffffff] (base 0xe0000000)
[    0.763677] PCI: MMCONFIG at [mem 0xe0000000-0xefffffff] reserved in ACPI motherboard resources
[    0.763734] PCI: Using host bridge windows from ACPI; if necessary, use "pci=nocrs" and report a bug
[    0.764474] ACPI: Enabled 3 GPEs in block 00 to 1F
[    0.793079] ACPI: PCI Root Bridge [PCI0] (domain 0000 [bus 00-ff])
[    0.793079] acpi PNP0A08:00: _OSC: OS supports [ExtendedConfig ASPM ClockPM Segments MSI HPX-Type3]
[    0.793079] acpi PNP0A08:00: _OSC: platform does not support [LTR]
[    0.793079] acpi PNP0A08:00: _OSC: OS now controls [PME AER PCIeCapability]
[    0.793079] acpi PNP0A08:00: FADT indicates ASPM is unsupported, using BIOS configuration
[    0.793079] PCI host bridge to bus 0000:00
[    0.793079] pci_bus 0000:00: root bus resource [io  0x0000-0x03af window]
[    0.793079] pci_bus 0000:00: root bus resource [io  0x03e0-0x0cf7 window]
[    0.793079] pci_bus 0000:00: root bus resource [io  0x03b0-0x03df window]
[    0.793079] pci_bus 0000:00: root bus resource [io  0x0d00-0xffff window]
[    0.793079] pci_bus 0000:00: root bus resource [mem 0x000a0000-0x000bffff window]
[    0.793079] pci_bus 0000:00: root bus resource [mem 0x000c0000-0x000dffff window]
[    0.793079] pci_bus 0000:00: root bus resource [mem 0xc0000000-0xffffffff window]
[    0.793079] pci_bus 0000:00: root bus resource [bus 00-ff]
[    0.793079] pci 0000:00:00.0: [1022:1536] type 00 class 0x060000
[    0.793300] pci 0000:00:01.0: [1002:9839] type 00 class 0x030000
[    0.793342] pci 0000:00:01.0: reg 0x10: [mem 0xc0000000-0xcfffffff 64bit pref]
[    0.793367] pci 0000:00:01.0: reg 0x18: [mem 0xd0000000-0xd07fffff 64bit pref]
[    0.793388] pci 0000:00:01.0: reg 0x20: [io  0xf000-0xf0ff]
[    0.793406] pci 0000:00:01.0: reg 0x24: [mem 0xfeb00000-0xfeb3ffff]
[    0.793425] pci 0000:00:01.0: reg 0x30: [mem 0xfeb40000-0xfeb5ffff pref]
[    0.793440] pci 0000:00:01.0: enabling Extended Tags
[    0.793472] pci 0000:00:01.0: BAR 0: assigned to efifb
[    0.793531] pci 0000:00:01.0: supports D1 D2
[    0.793542] pci 0000:00:01.0: PME# supported from D1 D2 D3hot
[    0.793777] pci 0000:00:01.1: [1002:9840] type 00 class 0x040300
[    0.793816] pci 0000:00:01.1: reg 0x10: [mem 0xfeb64000-0xfeb67fff 64bit]
[    0.793856] pci 0000:00:01.1: enabling Extended Tags
[    0.793925] pci 0000:00:01.1: supports D1 D2
[    0.794126] pci 0000:00:02.0: [1022:1538] type 00 class 0x060000
[    0.794374] pci 0000:00:02.2: [1022:1439] type 01 class 0x060400
[    0.794445] pci 0000:00:02.2: enabling Extended Tags
[    0.794528] pci 0000:00:02.2: PME# supported from D0 D3hot D3cold
[    0.794770] pci 0000:00:02.3: [1022:1439] type 01 class 0x060400
[    0.794840] pci 0000:00:02.3: enabling Extended Tags
[    0.794919] pci 0000:00:02.3: PME# supported from D0 D3hot D3cold
[    0.795184] pci 0000:00:10.0: [1022:7814] type 00 class 0x0c0330
[    0.795229] pci 0000:00:10.0: reg 0x10: [mem 0xfeb68000-0xfeb69fff 64bit]
[    0.795372] pci 0000:00:10.0: PME# supported from D0 D3hot D3cold
[    0.795620] pci 0000:00:11.0: [1022:7801] type 00 class 0x010601
[    0.795658] pci 0000:00:11.0: reg 0x10: [io  0xf140-0xf147]
[    0.795678] pci 0000:00:11.0: reg 0x14: [io  0xf130-0xf133]
[    0.795697] pci 0000:00:11.0: reg 0x18: [io  0xf120-0xf127]
[    0.795716] pci 0000:00:11.0: reg 0x1c: [io  0xf110-0xf113]
[    0.795735] pci 0000:00:11.0: reg 0x20: [io  0xf100-0xf10f]
[    0.795755] pci 0000:00:11.0: reg 0x24: [mem 0xfeb6f000-0xfeb6f3ff]
[    0.795832] pci 0000:00:11.0: PME# supported from D3hot
[    0.796052] pci 0000:00:12.0: [1022:7807] type 00 class 0x0c0310
[    0.796082] pci 0000:00:12.0: reg 0x10: [mem 0xfeb6e000-0xfeb6efff]
[    0.796340] pci 0000:00:12.2: [1022:7808] type 00 class 0x0c0320
[    0.796376] pci 0000:00:12.2: reg 0x10: [mem 0xfeb6d000-0xfeb6d0ff]
[    0.796482] pci 0000:00:12.2: supports D1 D2
[    0.796493] pci 0000:00:12.2: PME# supported from D0 D1 D2 D3hot D3cold
[    0.796710] pci 0000:00:13.0: [1022:7807] type 00 class 0x0c0310
[    0.796739] pci 0000:00:13.0: reg 0x10: [mem 0xfeb6c000-0xfeb6cfff]
[    0.796995] pci 0000:00:13.2: [1022:7808] type 00 class 0x0c0320
[    0.797031] pci 0000:00:13.2: reg 0x10: [mem 0xfeb6b000-0xfeb6b0ff]
[    0.797137] pci 0000:00:13.2: supports D1 D2
[    0.797148] pci 0000:00:13.2: PME# supported from D0 D1 D2 D3hot D3cold
[    0.797361] pci 0000:00:14.0: [1022:780b] type 00 class 0x0c0500
[    0.797625] pci 0000:00:14.2: [1022:780d] type 00 class 0x040300
[    0.797664] pci 0000:00:14.2: reg 0x10: [mem 0xfeb60000-0xfeb63fff 64bit]
[    0.797757] pci 0000:00:14.2: PME# supported from D0 D3hot D3cold
[    0.797962] pci 0000:00:14.3: [1022:780e] type 00 class 0x060100
[    0.798242] pci 0000:00:14.7: [1022:7813] type 00 class 0x080501
[    0.798277] pci 0000:00:14.7: reg 0x10: [mem 0xfeb6a000-0xfeb6a0ff 64bit]
[    0.798502] pci 0000:00:18.0: [1022:1530] type 00 class 0x060000
[    0.798717] pci 0000:00:18.1: [1022:1531] type 00 class 0x060000
[    0.798927] pci 0000:00:18.2: [1022:1532] type 00 class 0x060000
[    0.799138] pci 0000:00:18.3: [1022:1533] type 00 class 0x060000
[    0.799363] pci 0000:00:18.4: [1022:1534] type 00 class 0x060000
[    0.804312] pci 0000:00:18.5: [1022:1535] type 00 class 0x060000
[    0.804312] pci 0000:01:00.0: [168c:0032] type 00 class 0x028000
[    0.804312] pci 0000:01:00.0: reg 0x10: [mem 0xfea00000-0xfea7ffff 64bit]
[    0.804312] pci 0000:01:00.0: reg 0x30: [mem 0xfea80000-0xfea8ffff pref]
[    0.804312] pci 0000:01:00.0: supports D1 D2
[    0.804312] pci 0000:01:00.0: PME# supported from D0 D1 D2 D3hot D3cold
[    0.806843] pci 0000:00:02.2: PCI bridge to [bus 01]
[    0.806843] pci 0000:00:02.2:   bridge window [mem 0xfea00000-0xfeafffff]
[    0.807104] pci 0000:02:00.0: [10ec:8136] type 00 class 0x020000
[    0.807104] pci 0000:02:00.0: reg 0x10: [io  0xe000-0xe0ff]
[    0.807104] pci 0000:02:00.0: reg 0x18: [mem 0xd0804000-0xd0804fff 64bit pref]
[    0.807104] pci 0000:02:00.0: reg 0x20: [mem 0xd0800000-0xd0803fff 64bit pref]
[    0.807104] pci 0000:02:00.0: supports D1 D2
[    0.807104] pci 0000:02:00.0: PME# supported from D0 D1 D2 D3hot D3cold
[    0.807811] pci 0000:00:02.3: PCI bridge to [bus 02]
[    0.807811] pci 0000:00:02.3:   bridge window [io  0xe000-0xefff]
[    0.807811] pci 0000:00:02.3:   bridge window [mem 0xd0800000-0xd08fffff 64bit pref]
[    0.809341] ACPI: PCI Interrupt Link [LNKA] (IRQs 4 7 10 11 14 15) *0
[    0.809341] ACPI: PCI Interrupt Link [LNKB] (IRQs 4 7 10 11 14 15) *0
[    0.809341] ACPI: PCI Interrupt Link [LNKC] (IRQs 4 7 10 11 14 15) *0
[    0.809341] ACPI: PCI Interrupt Link [LNKD] (IRQs 4 7 10 11 14 15) *0
[    0.809341] ACPI: PCI Interrupt Link [LNKE] (IRQs 4 7 10 11 14 15) *0
[    0.809341] ACPI: PCI Interrupt Link [LNKF] (IRQs 4 7 10 11 14 15) *0
[    0.809341] ACPI: PCI Interrupt Link [LNKG] (IRQs 4 7 10 11 14 15) *0
[    0.809341] ACPI: PCI Interrupt Link [LNKH] (IRQs 4 7 10 11 14 15) *0
[    0.812108] ACPI: EC: interrupt unblocked
[    0.812108] ACPI: EC: event unblocked
[    0.812108] ACPI: \_SB_.PCI0.SBRG.EC0_: GPE=0x3, EC_CMD/EC_SC=0x66, EC_DATA=0x62
[    0.812108] ACPI: \_SB_.PCI0.SBRG.EC0_: Boot DSDT EC used to handle transactions and events
[    0.813157] pci 0000:00:01.0: vgaarb: setting as boot VGA device
[    0.813157] pci 0000:00:01.0: vgaarb: VGA device added: decodes=io+mem,owns=io+mem,locks=none
[    0.813157] pci 0000:00:01.0: vgaarb: bridge control possible
[    0.813157] vgaarb: loaded
[    0.813572] SCSI subsystem initialized
[    0.814352] libata version 3.00 loaded.
[    0.814352] ACPI: bus type USB registered
[    0.814352] usbcore: registered new interface driver usbfs
[    0.814352] usbcore: registered new interface driver hub
[    0.814658] usbcore: registered new device driver usb
[    0.814658] pps_core: LinuxPPS API ver. 1 registered
[    0.814658] pps_core: Software ver. 5.3.6 - Copyright 2005-2007 Rodolfo Giometti <giometti@linux.it>
[    0.814658] PTP clock support registered
[    0.815576] EDAC MC: Ver: 3.0.0
[    0.815877] Registered efivars operations
[    0.816282] Advanced Linux Sound Architecture Driver Initialized.
[    0.816365] PCI: Using ACPI for IRQ routing
[    0.826091] PCI: pci_cache_line_size set to 64 bytes
[    0.826206] e820: reserve RAM buffer [mem 0x9d0f8000-0x9fffffff]
[    0.826212] e820: reserve RAM buffer [mem 0x9d371000-0x9fffffff]
[    0.826217] e820: reserve RAM buffer [mem 0x9e9cc000-0x9fffffff]
[    0.826220] e820: reserve RAM buffer [mem 0x9eb25000-0x9fffffff]
[    0.826223] e820: reserve RAM buffer [mem 0x9f081000-0x9fffffff]
[    0.826226] e820: reserve RAM buffer [mem 0x9f400000-0x9fffffff]
[    0.826229] e820: reserve RAM buffer [mem 0x13f000000-0x13fffffff]
[    0.830217] NetLabel: Initializing
[    0.830217] NetLabel:  domain hash size = 128
[    0.830217] NetLabel:  protocols = UNLABELED CIPSOv4 CALIPSO
[    0.830217] NetLabel:  unlabeled traffic allowed by default
[    0.830562] hpet0: at MMIO 0xfed00000, IRQs 2, 8, 0
[    0.830562] hpet0: 3 comparators, 32-bit 14.318180 MHz counter
[    0.833021] clocksource: Switched to clocksource tsc-early
[    0.879809] VFS: Disk quotas dquot_6.6.0
[    0.879881] VFS: Dquot-cache hash table entries: 512 (order 0, 4096 bytes)
[    0.879979] *** VALIDATE hugetlbfs ***
[    0.880092] pnp: PnP ACPI init
[    0.880591] system 00:00: [mem 0xe0000000-0xefffffff] has been reserved
[    0.880688] system 00:00: Plug and Play ACPI device, IDs PNP0c01 (active)
[    0.880944] system 00:01: [mem 0xa0000000-0xbfffffff] has been reserved
[    0.881022] system 00:01: Plug and Play ACPI device, IDs PNP0c02 (active)
[    0.881285] system 00:02: Plug and Play ACPI device, IDs PNP0c02 (active)
[    0.881437] pnp 00:03: Plug and Play ACPI device, IDs PNP0b00 (active)
[    0.881668] system 00:04: [io  0x04d0-0x04d1] has been reserved
[    0.881744] system 00:04: Plug and Play ACPI device, IDs PNP0c02 (active)
[    0.881999] pnp 00:05: Plug and Play ACPI device, IDs ETD0108 SYN0a00 SYN0002 PNP0f03 PNP0f13 PNP0f12 (active)
[    0.882175] pnp 00:06: Plug and Play ACPI device, IDs ATK3001 PNP030b (active)
[    0.882985] system 00:07: [io  0x04d0-0x04d1] has been reserved
[    0.883000] system 00:07: [io  0x040b] has been reserved
[    0.883011] system 00:07: [io  0x04d6] has been reserved
[    0.883023] system 00:07: [io  0x0c00-0x0c01] has been reserved
[    0.883034] system 00:07: [io  0x0c14] has been reserved
[    0.883045] system 00:07: [io  0x0c50-0x0c51] has been reserved
[    0.883055] system 00:07: [io  0x0c52] has been reserved
[    0.883066] system 00:07: [io  0x0c6c] has been reserved
[    0.883076] system 00:07: [io  0x0c6f] has been reserved
[    0.883087] system 00:07: [io  0x0cd0-0x0cd1] has been reserved
[    0.883098] system 00:07: [io  0x0cd2-0x0cd3] has been reserved
[    0.883108] system 00:07: [io  0x0cd4-0x0cd5] has been reserved
[    0.883119] system 00:07: [io  0x0cd6-0x0cd7] has been reserved
[    0.883129] system 00:07: [io  0x0cd8-0x0cdf] has been reserved
[    0.883140] system 00:07: [io  0x0800-0x089f] has been reserved
[    0.883151] system 00:07: [io  0x0900-0x090f] has been reserved
[    0.883161] system 00:07: [io  0x0910-0x091f] has been reserved
[    0.883172] system 00:07: [io  0xfe00-0xfefe] has been reserved
[    0.883187] system 00:07: [mem 0xfec00000-0xfec00fff] could not be reserved
[    0.883199] system 00:07: [mem 0xfee00000-0xfee00fff] has been reserved
[    0.883211] system 00:07: [mem 0xfed80000-0xfed8ffff] has been reserved
[    0.883222] system 00:07: [mem 0xfed61000-0xfed70fff] has been reserved
[    0.883234] system 00:07: [mem 0xfec10000-0xfec10fff] has been reserved
[    0.883246] system 00:07: [mem 0xfed00000-0xfed00fff] could not be reserved
[    0.883258] system 00:07: [mem 0xff000000-0xffffffff] has been reserved
[    0.883336] system 00:07: Plug and Play ACPI device, IDs PNP0c02 (active)
[    0.884162] pnp: PnP ACPI: found 8 devices
[    0.899287] clocksource: acpi_pm: mask: 0xffffff max_cycles: 0xffffff, max_idle_ns: 2085701024 ns
[    0.899353] pci 0000:00:02.2: PCI bridge to [bus 01]
[    0.899373] pci 0000:00:02.2:   bridge window [mem 0xfea00000-0xfeafffff]
[    0.899392] pci 0000:00:02.3: PCI bridge to [bus 02]
[    0.899405] pci 0000:00:02.3:   bridge window [io  0xe000-0xefff]
[    0.899421] pci 0000:00:02.3:   bridge window [mem 0xd0800000-0xd08fffff 64bit pref]
[    0.899445] pci_bus 0000:00: resource 4 [io  0x0000-0x03af window]
[    0.899456] pci_bus 0000:00: resource 5 [io  0x03e0-0x0cf7 window]
[    0.899467] pci_bus 0000:00: resource 6 [io  0x03b0-0x03df window]
[    0.899478] pci_bus 0000:00: resource 7 [io  0x0d00-0xffff window]
[    0.899489] pci_bus 0000:00: resource 8 [mem 0x000a0000-0x000bffff window]
[    0.899500] pci_bus 0000:00: resource 9 [mem 0x000c0000-0x000dffff window]
[    0.899511] pci_bus 0000:00: resource 10 [mem 0xc0000000-0xffffffff window]
[    0.899522] pci_bus 0000:01: resource 1 [mem 0xfea00000-0xfeafffff]
[    0.899533] pci_bus 0000:02: resource 0 [io  0xe000-0xefff]
[    0.899556] pci_bus 0000:02: resource 2 [mem 0xd0800000-0xd08fffff 64bit pref]
[    0.900380] NET: Registered protocol family 2
[    0.900846] tcp_listen_portaddr_hash hash table entries: 2048 (order: 3, 32768 bytes)
[    0.900910] TCP established hash table entries: 32768 (order: 6, 262144 bytes)
[    0.901127] TCP bind hash table entries: 32768 (order: 7, 524288 bytes)
[    0.901363] TCP: Hash tables configured (established 32768 bind 32768)
[    0.901527] UDP hash table entries: 2048 (order: 4, 65536 bytes)
[    0.901587] UDP-Lite hash table entries: 2048 (order: 4, 65536 bytes)
[    0.901763] NET: Registered protocol family 1
[    0.902146] RPC: Registered named UNIX socket transport module.
[    0.902156] RPC: Registered udp transport module.
[    0.902163] RPC: Registered tcp transport module.
[    0.902170] RPC: Registered tcp NFSv4.1 backchannel transport module.
[    0.902763] pci 0000:00:01.0: Video device with shadowed ROM at [mem 0x000c0000-0x000dffff]
[    0.903273] pci 0000:00:12.0: enabling device (0000 -> 0002)
[    0.903879] pci 0000:00:12.2: PME# does not work under D3, disabling it
[    0.903903] pci 0000:00:13.0: enabling device (0000 -> 0002)
[    0.904497] pci 0000:00:13.2: PME# does not work under D3, disabling it
[    0.904597] PCI: CLS 64 bytes, default 64
[    0.904742] PCI-DMA: Using software bounce buffering for IO (SWIOTLB)
[    0.904754] software IO TLB: mapped [mem 0x97989000-0x9b989000] (64MB)
[    0.904964] amd_uncore: AMD NB counters detected
[    0.904982] amd_uncore: AMD LLC counters detected
[    0.905101] LVT offset 0 assigned for vector 0x400
[    0.905190] perf: AMD IBS detected (0x000000ff)
[    0.905211] kvm: no hardware support
[    0.905319] kvm: Nested Virtualization enabled
[    0.905332] kvm: Nested Paging enabled
[    0.906370] check: Scanning for low memory corruption every 60 seconds
[    0.908857] Initialise system trusted keyrings
[    0.909318] workingset: timestamp_bits=56 max_order=20 bucket_order=0
[    0.926114] fuse: init (API version 7.31)
[    0.929313] Key type asymmetric registered
[    0.929325] Asymmetric key parser 'x509' registered
[    0.929368] Block layer SCSI generic (bsg) driver version 0.4 loaded (major 249)
[    0.929380] io scheduler mq-deadline registered
[    0.929388] io scheduler kyber registered
[    0.930224] pcieport 0000:00:02.2: PME: Signaling with IRQ 25
[    0.930867] pcieport 0000:00:02.3: PME: Signaling with IRQ 27
[    0.932564] uvesafb: failed to execute /sbin/v86d
[    0.932577] uvesafb: make sure that the v86d helper is installed and executable
[    0.932588] uvesafb: Getting VBE info block failed (eax=0x4f00, err=-2)
[    0.932597] uvesafb: vbe_init() failed with -22
[    0.932614] uvesafb: probe of uvesafb.0 failed with error -22
[    0.932681] efifb: probing for efifb
[    0.932729] efifb: framebuffer at 0xc0000000, using 4224k, total 4224k
[    0.932738] efifb: mode is 1366x768x32, linelength=5632, pages=1
[    0.932745] efifb: scrolling: redraw
[    0.932754] efifb: Truecolor: size=8:8:8:8, shift=24:16:8:0
[    0.943276] Console: switching to colour frame buffer device 170x48
[    0.952863] fb0: EFI VGA frame buffer device
[    0.953452] ACPI: AC Adapter [AC0] (on-line)
[    0.953851] input: Power Button as /devices/LNXSYSTM:00/LNXSYBUS:00/PNP0C0C:00/input/input0
[    0.954012] ACPI: Power Button [PWRB]
[    0.954302] input: Lid Switch as /devices/LNXSYSTM:00/LNXSYBUS:00/PNP0C0D:00/input/input1
[    0.954449] ACPI: Lid Switch [LID]
[    0.954720] input: Sleep Button as /devices/LNXSYSTM:00/LNXSYBUS:00/PNP0C0E:00/input/input2
[    0.954883] ACPI: Sleep Button [SLPB]
[    0.955154] input: Power Button as /devices/LNXSYSTM:00/LNXPWRBN:00/input/input3
[    0.955292] ACPI: Power Button [PWRF]
[    0.959909] thermal LNXTHERM:00: registered as thermal_zone0
[    0.960018] ACPI: Thermal Zone [THRM] (41 C)
[    0.962689] Serial: 8250/16550 driver, 4 ports, IRQ sharing enabled
[    0.968041] Non-volatile memory driver v1.3
[    0.968311] Linux agpgart interface v0.103
[    0.976037] loop: module loaded
[    0.976722] ahci 0000:00:11.0: version 3.0
[    0.977173] ahci 0000:00:11.0: AHCI 0001.0300 32 slots 2 ports 6 Gbps 0x3 impl SATA mode
[    0.977313] ahci 0000:00:11.0: flags: 64bit ncq sntf ilck pm led clo pmp pio slum part 
[    0.982272] scsi host0: ahci
[    0.986128] scsi host1: ahci
[    0.989517] ata1: SATA max UDMA/133 abar m1024@0xfeb6f000 port 0xfeb6f100 irq 28
[    0.992702] ata2: SATA max UDMA/133 abar m1024@0xfeb6f000 port 0xfeb6f180 irq 28
[    0.996416] tun: Universal TUN/TAP device driver, 1.6
[    0.999765] e1000: Intel(R) PRO/1000 Network Driver - version 7.3.21-k8-NAPI
[    1.002932] e1000: Copyright (c) 1999-2006 Intel Corporation.
[    1.006256] e1000e: Intel(R) PRO/1000 Network Driver - 3.2.6-k
[    1.009375] e1000e: Copyright(c) 1999 - 2015 Intel Corporation.
[    1.013412] sky2: driver version 1.30
[    1.016727] r8169 0000:02:00.0: can't disable ASPM; OS doesn't have ASPM control
[    1.020938] libphy: r8169: probed
[    1.024470] r8169 0000:02:00.0 eth0: RTL8105e, 74:d0:2b:a3:a6:42, XID 40a, IRQ 30
[    1.027904] ath9k 0000:01:00.0: enabling device (0000 -> 0002)
[    1.031802] ath: phy0: Disable PLL PowerSave
[    1.042490] ath: phy0: ASPM enabled: 0x42
[    1.045670] ath: EEPROM regdomain: 0x60
[    1.045672] ath: EEPROM indicates we should expect a direct regpair map
[    1.045677] ath: Country alpha2 being used: 00
[    1.045679] ath: Regpair used: 0x60
[    1.048152] ieee80211 phy0: Selected rate control algorithm 'minstrel_ht'
[    1.048658] ieee80211 phy0: Atheros AR9485 Rev:1 mem=0xffff939d02f00000, irq=31
[    1.052907] ehci_hcd: USB 2.0 'Enhanced' Host Controller (EHCI) Driver
[    1.056187] ehci-pci: EHCI PCI platform driver
[    1.059914] ehci-pci 0000:00:12.2: EHCI Host Controller
[    1.063280] ehci-pci 0000:00:12.2: new USB bus registered, assigned bus number 1
[    1.066564] ehci-pci 0000:00:12.2: applying AMD SB700/SB800/Hudson-2/3 EHCI dummy qh workaround
[    1.069900] ehci-pci 0000:00:12.2: debug port 1
[    1.074201] ehci-pci 0000:00:12.2: irq 17, io mem 0xfeb6d000
[    1.109608] ehci-pci 0000:00:12.2: USB 2.0 started, EHCI 1.00
[    1.112946] usb usb1: New USB device found, idVendor=1d6b, idProduct=0002, bcdDevice= 5.02
[    1.116264] usb usb1: New USB device strings: Mfr=3, Product=2, SerialNumber=1
[    1.119534] usb usb1: Product: EHCI Host Controller
[    1.122755] usb usb1: Manufacturer: Linux 5.2.0-rc6+ ehci_hcd
[    1.125932] usb usb1: SerialNumber: 0000:00:12.2
[    1.129516] hub 1-0:1.0: USB hub found
[    1.132598] hub 1-0:1.0: 4 ports detected
[    1.137889] ehci-pci 0000:00:13.2: EHCI Host Controller
[    1.141091] ehci-pci 0000:00:13.2: new USB bus registered, assigned bus number 2
[    1.144067] ehci-pci 0000:00:13.2: applying AMD SB700/SB800/Hudson-2/3 EHCI dummy qh workaround
[    1.147076] ehci-pci 0000:00:13.2: debug port 1
[    1.150126] ehci-pci 0000:00:13.2: irq 17, io mem 0xfeb6b000
[    1.161396] battery: ACPI: Battery Slot [BAT0] (battery present)
[    1.179619] ehci-pci 0000:00:13.2: USB 2.0 started, EHCI 1.00
[    1.182791] usb usb2: New USB device found, idVendor=1d6b, idProduct=0002, bcdDevice= 5.02
[    1.185846] usb usb2: New USB device strings: Mfr=3, Product=2, SerialNumber=1
[    1.188860] usb usb2: Product: EHCI Host Controller
[    1.191850] usb usb2: Manufacturer: Linux 5.2.0-rc6+ ehci_hcd
[    1.194805] usb usb2: SerialNumber: 0000:00:13.2
[    1.198197] hub 2-0:1.0: USB hub found
[    1.201164] hub 2-0:1.0: 4 ports detected
[    1.206270] ohci_hcd: USB 1.1 'Open' Host Controller (OHCI) Driver
[    1.209301] ohci-pci: OHCI PCI platform driver
[    1.212513] ohci-pci 0000:00:12.0: OHCI PCI host controller
[    1.215671] ohci-pci 0000:00:12.0: new USB bus registered, assigned bus number 3
[    1.218693] ohci-pci 0000:00:12.0: irq 18, io mem 0xfeb6e000
[    1.293738] usb usb3: New USB device found, idVendor=1d6b, idProduct=0001, bcdDevice= 5.02
[    1.296732] usb usb3: New USB device strings: Mfr=3, Product=2, SerialNumber=1
[    1.299701] usb usb3: Product: OHCI PCI host controller
[    1.302613] usb usb3: Manufacturer: Linux 5.2.0-rc6+ ohci_hcd
[    1.305502] usb usb3: SerialNumber: 0000:00:12.0
[    1.308762] hub 3-0:1.0: USB hub found
[    1.311690] hub 3-0:1.0: 4 ports detected
[    1.316795] ohci-pci 0000:00:13.0: OHCI PCI host controller
[    1.319842] ohci-pci 0000:00:13.0: new USB bus registered, assigned bus number 4
[    1.322706] ohci-pci 0000:00:13.0: irq 18, io mem 0xfeb6c000
[    1.329652] ata2: SATA link down (SStatus 0 SControl 300)
[    1.393728] usb usb4: New USB device found, idVendor=1d6b, idProduct=0001, bcdDevice= 5.02
[    1.396610] usb usb4: New USB device strings: Mfr=3, Product=2, SerialNumber=1
[    1.399461] usb usb4: Product: OHCI PCI host controller
[    1.402289] usb usb4: Manufacturer: Linux 5.2.0-rc6+ ohci_hcd
[    1.405135] usb usb4: SerialNumber: 0000:00:13.0
[    1.408362] hub 4-0:1.0: USB hub found
[    1.411167] hub 4-0:1.0: 4 ports detected
[    1.416062] uhci_hcd: USB Universal Host Controller Interface driver
[    1.419080] usbcore: registered new interface driver usblp
[    1.422064] usbcore: registered new interface driver usb-storage
[    1.425015] usbcore: registered new interface driver ch341
[    1.427796] usbserial: USB Serial support registered for ch341-uart
[    1.430998] i8042: PNP: PS/2 Controller [PNP030b:PS2K,PNP0f03:PS2M] at 0x60,0x64 irq 1,12
[    1.435637] i8042: Detected active multiplexing controller, rev 1.1
[    1.439156] serio: i8042 KBD port at 0x60,0x64 irq 1
[    1.442062] serio: i8042 AUX0 port at 0x60,0x64 irq 12
[    1.444977] serio: i8042 AUX1 port at 0x60,0x64 irq 12
[    1.447845] serio: i8042 AUX2 port at 0x60,0x64 irq 12
[    1.450572] serio: i8042 AUX3 port at 0x60,0x64 irq 12
[    1.454031] mousedev: PS/2 mouse device common for all mice
[    1.457649] rtc_cmos 00:03: RTC can wake from S4
[    1.460726] rtc_cmos 00:03: registered as rtc0
[    1.463357] rtc_cmos 00:03: alarms up to one month, y3k, 114 bytes nvram, hpet irqs
[    1.466582] device-mapper: ioctl: 4.40.0-ioctl (2019-01-18) initialised: dm-devel@redhat.com
[    1.469479] EFI Variables Facility v0.08 2004-May-17
[    1.482050] hidraw: raw HID events driver (C) Jiri Kosina
[    1.488160] usbcore: registered new interface driver usbhid
[    1.490948] usbhid: USB HID core driver
[    1.499320] input: AT Translated Set 2 keyboard as /devices/platform/i8042/serio0/input/input4
[    1.504978] snd_hda_intel 0000:00:01.1: enabling device (0000 -> 0002)
[    1.508120] snd_hda_intel 0000:00:01.1: Force to non-snoop mode
[    1.516524] Initializing XFRM netlink socket
[    1.519663] ata1: SATA link up 6.0 Gbps (SStatus 133 SControl 300)
[    1.523492] NET: Registered protocol family 10
[    1.527137] Segment Routing with IPv6
[    1.529755] ata1.00: ATA-8: KINGSTON SV300S37A120G, 603ABBF0, max UDMA/133
[    1.530631] snd_hda_codec_generic hdaudioC0D0: autoconfig for Generic: line_outs=0 (0x0/0x0/0x0/0x0/0x0) type:line
[    1.532661] ata1.00: 234441648 sectors, multi 1: LBA48 NCQ (depth 32), AA
[    1.535576] snd_hda_codec_generic hdaudioC0D0:    speaker_outs=0 (0x0/0x0/0x0/0x0/0x0)
[    1.541559] snd_hda_codec_generic hdaudioC0D0:    hp_outs=0 (0x0/0x0/0x0/0x0/0x0)
[    1.544559] snd_hda_codec_generic hdaudioC0D0:    mono: mono_out=0x0
[    1.546797] ata1.00: configured for UDMA/133
[    1.547520] snd_hda_codec_generic hdaudioC0D0:    dig-out=0x3/0x0
[    1.553386] snd_hda_codec_generic hdaudioC0D0:    inputs:
[    1.556907] scsi 0:0:0:0: Direct-Access     ATA      KINGSTON SV300S3 BBF0 PQ: 0 ANSI: 5
[    1.560540] sd 0:0:0:0: [sda] 234441648 512-byte logical blocks: (120 GB/112 GiB)
[    1.563532] sd 0:0:0:0: [sda] Write Protect is off
[    1.566468] sd 0:0:0:0: [sda] Mode Sense: 00 3a 00 00
[    1.566827] sd 0:0:0:0: Attached scsi generic sg0 type 0
[    1.570040] sit: IPv6, IPv4 and MPLS over IPv4 tunneling driver
[    1.574058] random: fast init done
[    1.579657] sd 0:0:0:0: [sda] Write cache: enabled, read cache: enabled, doesn't support DPO or FUA
[    1.583585] NET: Registered protocol family 17
[    1.588013] mce: Using 6 MCE banks
[    1.591968] snd_hda_codec_realtek hdaudioC1D0: autoconfig for ALC3229: line_outs=1 (0x14/0x0/0x0/0x0/0x0) type:speaker
[    1.595240] snd_hda_codec_realtek hdaudioC1D0:    speaker_outs=0 (0x0/0x0/0x0/0x0/0x0)
[    1.595598]  sda: sda1 sda2 sda3 sda4 sda5 sda6
[    1.598458] snd_hda_codec_realtek hdaudioC1D0:    hp_outs=1 (0x21/0x0/0x0/0x0/0x0)
[    1.598462] snd_hda_codec_realtek hdaudioC1D0:    mono: mono_out=0x0
[    1.598465] snd_hda_codec_realtek hdaudioC1D0:    inputs:
[    1.598470] snd_hda_codec_realtek hdaudioC1D0:      Mic=0x19
[    1.601656] microcode: CPU0: patch_level=0x0700010b
[    1.601666] microcode: CPU1: patch_level=0x0700010b
[    1.601826] microcode: Microcode Update Driver: v2.2.
[    1.601861] sched_clock: Marking stable (1597802301, 1764443)->(1723113687, -123546943)
[    1.626023] rq->curr == THREAD(this messg)
[    1.626025] proc in rq 0
[    1.630829] rq->nr_running rq->cfs.nr_running : 1 1
[    1.637183] rq->load.weight, rq->cfs.load.weight : 1048576 1048576
[    1.637184] ----------------^^^^TUX0^^^^^-----------------------
[    1.640395] rq->curr->pid == 1640
[    1.643596] color, tsk->comm, weight, vruntime: 1 kworker/1:3 1048576 859683800
[    1.646766] color, tsk->comm, weight, vruntime: -121308229490408 swapper/0 1048576 863543314
[    1.649984] proc in rq 2
[    1.650756] input: HDA ATI HDMI HDMI as /devices/pci0000:00/0000:00:01.1/sound/card0/input6
[    1.653155] rq->nr_running rq->cfs.nr_running : 3 3
[    1.653159] rq->load.weight, rq->cfs.load.weight : 3145728 3145728
[    1.653160] ----------------^^^^TUX1^^^^^-----------------------
[    1.663525] registered taskstats version 1
[    1.672634] Loading compiled-in X.509 certificates
[    1.677359] sd 0:0:0:0: [sda] Attached SCSI disk
[    1.692293] input: HD-Audio Generic Headphone as /devices/pci0000:00/0000:00:14.2/sound/card1/input11
[    1.696756] acpi_cpufreq: overriding BIOS provided _PSD data
[    1.700337] cfg80211: Loading compiled-in X.509 certificates for regulatory database
[    1.705219] cfg80211: Loaded X.509 cert 'sforshee: 00b28ddf47aef9cea7'
[    1.708552] platform regulatory.0: Direct firmware load for regulatory.db failed with error -2
[    1.712028] cfg80211: failed to load regulatory.db
[    1.715516] ALSA device list:
[    1.718805]   #0: HDA ATI HDMI at 0xfeb64000 irq 33
[    1.725804]   #1: HD-Audio Generic at 0xfeb60000 irq 16
[    1.899565] usb 4-2: new full-speed USB device number 2 using ohci-pci
[    1.919521] tsc: Refined TSC clocksource calibration: 998.127 MHz
[    1.922853] clocksource: tsc: mask: 0xffffffffffffffff max_cycles: 0x1cc65b93289, max_idle_ns: 881590487074 ns
[    1.927115] clocksource: Switched to clocksource tsc
[    2.171700] usb 4-2: New USB device found, idVendor=13d3, idProduct=3362, bcdDevice= 0.01
[    2.175120] usb 4-2: New USB device strings: Mfr=1, Product=2, SerialNumber=3
[    2.178531] usb 4-2: Product: Bluetooth USB Host Controller
[    2.181872] usb 4-2: Manufacturer: Atheros Communications
[    2.185159] usb 4-2: SerialNumber: Alaska Day 2006
[    2.383852] input: PS/2 Logitech Wheel Mouse as /devices/platform/i8042/serio4/input/input14
[    2.389966] md: Waiting for all devices to be available before autodetect
[    2.393306] md: If you don't use raid, use raid=noautodetect
[    2.397112] md: Autodetecting RAID arrays.
[    2.400611] md: autorun ...
[    2.403950] md: ... autorun DONE.
[    2.414965] EXT4-fs (sda2): mounted filesystem with ordered data mode. Opts: (null)
[    2.418496] VFS: Mounted root (ext4 filesystem) readonly on device 8:2.
[    2.423343] devtmpfs: mounted
[    2.427576] Freeing unused kernel image memory: 1296K
[    2.459667] Write protecting the kernel read-only data: 22528k
[    2.464780] Freeing unused kernel image memory: 1984K
[    2.469422] Freeing unused kernel image memory: 1688K
[    2.472895] Run /sbin/init as init process
[    2.529581] usb 2-3: new high-speed USB device number 3 using ehci-pci
[    2.533398] stty (1759) used greatest stack depth: 13792 bytes left
[    2.629553] rq->curr == THREAD(this messg)
[    2.629563] color, tsk->comm, weight, vruntime: 1 S00mountvirtfs 1048576 1692260076
[    2.632959] proc in rq 1
[    2.636473] rq->nr_running rq->cfs.nr_running : 2 2
[    2.643417] rq->load.weight, rq->cfs.load.weight : 2097152 2097152
[    2.643419] ----------------^^^^TUX0^^^^^-----------------------
[    2.646895] rq->curr->pid == 0
[    2.650394] proc in rq 0
[    2.653857] rq->nr_running rq->cfs.nr_running : 0 0
[    2.660576] rq->load.weight, rq->cfs.load.weight : 0 0
[    2.660577] ----------------^^^^TUX1^^^^^-----------------------
[    2.665077] sed (1773) used greatest stack depth: 13288 bytes left
[    2.762812] usb 2-3: New USB device found, idVendor=04f2, idProduct=b404, bcdDevice=69.63
[    2.766312] usb 2-3: New USB device strings: Mfr=3, Product=1, SerialNumber=2
[    2.769798] usb 2-3: Product: USB2.0 HD UVC WebCam
[    2.773259] usb 2-3: Manufacturer: Chicony Electronics Co.,Ltd.
[    2.776715] usb 2-3: SerialNumber: 0x0001
[    2.840969] ip (1821) used greatest stack depth: 12552 bytes left
[    2.932868] udevd[1851]: starting version 3.2.1
[    2.941541] random: udevd: uninitialized urandom read (16 bytes read)
[    2.945396] random: udevd: uninitialized urandom read (16 bytes read)
[    2.949110] random: udevd: uninitialized urandom read (16 bytes read)
[    2.972903] udevd[1852]: starting eudev-3.2.1
[    3.284458] ath9k 0000:01:00.0 wlp1s0: renamed from wlan0
[    3.321790] r8169 0000:02:00.0 enp2s0: renamed from eth0
[    3.380731] [drm] radeon kernel modesetting enabled.
[    3.384163] radeon 0000:00:01.0: remove_conflicting_pci_framebuffers: bar 0: 0xc0000000 -> 0xcfffffff
[    3.387587] radeon 0000:00:01.0: remove_conflicting_pci_framebuffers: bar 2: 0xd0000000 -> 0xd07fffff
[    3.391020] radeon 0000:00:01.0: remove_conflicting_pci_framebuffers: bar 5: 0xfeb00000 -> 0xfeb3ffff
[    3.421552] checking generic (c0000000 420000) vs hw (c0000000 10000000)
[    3.421559] fb0: switching to radeondrmfb from EFI VGA
[    3.424984] Console: switching to colour dummy device 80x25
[    3.429589] radeon 0000:00:01.0: vgaarb: deactivate vga console
[    3.430300] [drm] initializing kernel modesetting (KABINI 0x1002:0x9839 0x1043:0x141D 0x00).
[    3.430384] [drm] doorbell mmio base: 0xD0000000
[    3.430393] [drm] doorbell mmio size: 8388608
[    3.430428] ATOM BIOS: AMD
[    3.430510] [drm] Changing default dispclk from 400Mhz to 600Mhz
[    3.430554] radeon 0000:00:01.0: VRAM: 512M 0x0000000000000000 - 0x000000001FFFFFFF (512M used)
[    3.430570] radeon 0000:00:01.0: GTT: 2048M 0x0000000020000000 - 0x000000009FFFFFFF
[    3.430592] [drm] Detected VRAM RAM=512M, BAR=256M
[    3.430600] [drm] RAM width 128bits DDR
[    3.473780] [TTM] Zone  kernel: Available graphics memory: 1729510 KiB
[    3.473799] [TTM] Initializing pool allocator
[    3.473819] [TTM] Initializing DMA pool allocator
[    3.473891] [drm] radeon: 512M of VRAM memory ready
[    3.473900] [drm] radeon: 2048M of GTT memory ready.
[    3.473943] [drm] Loading kabini Microcode
[    3.479066] [drm] Internal thermal controller without fan control
[    3.480537] [drm] radeon: dpm initialized
[    3.481699] [drm] Found UVD firmware Version: 1.64 Family ID: 9
[    3.486425] [drm] Found VCE firmware/feedback version 40.2.2 / 15!
[    3.486470] [drm] GART: num cpu pages 524288, num gpu pages 524288
[    3.528000] [drm] PCIE GART of 2048M enabled (table at 0x000000000030E000).
[    3.528461] radeon 0000:00:01.0: WB enabled
[    3.528505] radeon 0000:00:01.0: fence driver on ring 0 use gpu addr 0x0000000020000c00 and cpu addr 0x(____ptrval____)
[    3.528522] radeon 0000:00:01.0: fence driver on ring 1 use gpu addr 0x0000000020000c04 and cpu addr 0x(____ptrval____)
[    3.528538] radeon 0000:00:01.0: fence driver on ring 2 use gpu addr 0x0000000020000c08 and cpu addr 0x(____ptrval____)
[    3.528553] radeon 0000:00:01.0: fence driver on ring 3 use gpu addr 0x0000000020000c0c and cpu addr 0x(____ptrval____)
[    3.528567] radeon 0000:00:01.0: fence driver on ring 4 use gpu addr 0x0000000020000c10 and cpu addr 0x(____ptrval____)
[    3.529485] radeon 0000:00:01.0: fence driver on ring 5 use gpu addr 0x0000000000078d30 and cpu addr 0x(____ptrval____)
[    3.529884] radeon 0000:00:01.0: fence driver on ring 6 use gpu addr 0x0000000020000c18 and cpu addr 0x(____ptrval____)
[    3.529901] radeon 0000:00:01.0: fence driver on ring 7 use gpu addr 0x0000000020000c1c and cpu addr 0x(____ptrval____)
[    3.529914] [drm] Supports vblank timestamp caching Rev 2 (21.10.2013).
[    3.529922] [drm] Driver supports precise vblank timestamp query.
[    3.530042] radeon 0000:00:01.0: radeon: using MSI.
[    3.530104] [drm] radeon: irq initialized.
[    3.545434] [drm] ring test on 0 succeeded in 3 usecs
[    3.545550] [drm] ring test on 1 succeeded in 3 usecs
[    3.545588] [drm] ring test on 2 succeeded in 4 usecs
[    3.545917] [drm] ring test on 3 succeeded in 6 usecs
[    3.545936] [drm] ring test on 4 succeeded in 6 usecs
[    3.602949] [drm] ring test on 5 succeeded in 2 usecs
[    3.629546] rq->curr->pid == 2234
[    3.629549] proc in rq 0
[    3.629567] rq->nr_running rq->cfs.nr_running : 1 1
[    3.629579] rq->load.weight, rq->cfs.load.weight : 1048576 1048576
[    3.629580] ----------------^^^^TUX0^^^^^-----------------------
[    3.629588] rq->curr == THREAD(this messg)
[    3.629598] color, tsk->comm, weight, vruntime: 1 udevd 1048576 2265639857
[    3.629605] proc in rq 1
[    3.629613] rq->nr_running rq->cfs.nr_running : 2 2
[    3.629624] rq->load.weight, rq->cfs.load.weight : 2097152 2097152
[    3.629626] ----------------^^^^TUX1^^^^^-----------------------
[    3.632808] [drm] UVD initialized successfully.
[    3.753261] [drm] ring test on 6 succeeded in 20 usecs
[    3.753297] [drm] ring test on 7 succeeded in 4 usecs
[    3.753305] [drm] VCE initialized successfully.
[    3.755798] [drm] ib test on ring 0 succeeded in 0 usecs
[    3.756091] [drm] ib test on ring 1 succeeded in 0 usecs
[    3.756370] [drm] ib test on ring 2 succeeded in 0 usecs
[    3.756931] [drm] ib test on ring 3 succeeded in 0 usecs
[    3.757209] [drm] ib test on ring 4 succeeded in 0 usecs
[    4.289701] [drm] ib test on ring 5 succeeded
[    4.310918] [drm] ib test on ring 6 succeeded
[    4.311895] [drm] ib test on ring 7 succeeded
[    4.359566] [drm] radeon atom DIG backlight initialized
[    4.359586] [drm] Radeon Display Connectors
[    4.359594] [drm] Connector 0:
[    4.359600] [drm]   LVDS-1
[    4.359606] [drm]   HPD1
[    4.359614] [drm]   DDC: 0x6530 0x6530 0x6534 0x6534 0x6538 0x6538 0x653c 0x653c
[    4.359623] [drm]   Encoders:
[    4.359629] [drm]     LCD1: INTERNAL_UNIPHY
[    4.359636] [drm] Connector 1:
[    4.359642] [drm]   HDMI-A-1
[    4.359647] [drm]   HPD2
[    4.359654] [drm]   DDC: 0x6540 0x6540 0x6544 0x6544 0x6548 0x6548 0x654c 0x654c
[    4.359663] [drm]   Encoders:
[    4.359668] [drm]     DFP1: INTERNAL_UNIPHY
[    4.359674] [drm] Connector 2:
[    4.359679] [drm]   VGA-1
[    4.359687] [drm]   DDC: 0x65c0 0x65c0 0x65c4 0x65c4 0x65c8 0x65c8 0x65cc 0x65cc
[    4.359695] [drm]   Encoders:
[    4.359701] [drm]     CRT1: INTERNAL_KLDSCP_DAC1
[    4.629509] rq->curr == THREAD(this messg)
[    4.629511] proc in rq 0
[    4.629521] rq->nr_running rq->cfs.nr_running : 1 1
[    4.629533] rq->load.weight, rq->cfs.load.weight : 1048576 1048576
[    4.629534] ----------------^^^^TUX0^^^^^-----------------------
[    4.629542] rq->curr->pid == 0
[    4.629549] proc in rq 0
[    4.629555] rq->nr_running rq->cfs.nr_running : 0 0
[    4.629565] rq->load.weight, rq->cfs.load.weight : 0 0
[    4.629567] ----------------^^^^TUX1^^^^^-----------------------
[    5.411680] [drm] fb mappable at 0xC0722000
[    5.411701] [drm] vram apper at 0xC0000000
[    5.411707] [drm] size 4325376
[    5.411713] [drm] fb depth is 24
[    5.411719] [drm]    pitch is 5632
[    5.412037] fbcon: radeondrmfb (fb0) is primary device
[    5.519769] Console: switching to colour frame buffer device 170x48
[    5.530106] radeon 0000:00:01.0: fb0: radeondrmfb frame buffer device
[    5.578316] [drm] Initialized radeon 2.50.0 20080528 for 0000:00:01.0 on minor 0
[    5.629591] rq->curr == THREAD(this messg)
[    5.629595] proc in rq 0
[    5.629686] rq->nr_running rq->cfs.nr_running : 1 1
[    5.629806] rq->load.weight, rq->cfs.load.weight : 1048576 1048576
[    5.629808] ----------------^^^^TUX0^^^^^-----------------------
[    5.629904] rq->curr->pid == 3196
[    5.629998] proc in rq 0
[    5.630053] rq->nr_running rq->cfs.nr_running : 1 1
[    5.630171] rq->load.weight, rq->cfs.load.weight : 1048576 1048576
[    5.630172] ----------------^^^^TUX1^^^^^-----------------------
[    5.664305] Adding 3608572k swap on /dev/sda4.  Priority:1 extents:1 across:3608572k SS
[    5.723173] EXT4-fs (sda2): re-mounted. Opts: (null)
[    5.826721] EXT4-fs (sda2): re-mounted. Opts: (null)
[    6.629515] rq->curr == THREAD(this messg)
[    6.629521] proc in rq 0
[    6.633006] rq->nr_running rq->cfs.nr_running : 1 1
[    6.640077] rq->load.weight, rq->cfs.load.weight : 1048576 1048576
[    6.640079] ----------------^^^^TUX0^^^^^-----------------------
[    6.643605] rq->curr->pid == 38
[    6.647165] proc in rq 0
[    6.650751] rq->nr_running rq->cfs.nr_running : 0 0
[    6.657814] rq->load.weight, rq->cfs.load.weight : 0 0
[    6.657816] ----------------^^^^TUX1^^^^^-----------------------
[    7.629523] rq->curr->pid == 3462
[    7.633181] proc in rq 0
[    7.636833] rq->nr_running rq->cfs.nr_running : 1 1
[    7.644071] rq->load.weight, rq->cfs.load.weight : 1048576 1048576
[    7.644073] ----------------^^^^TUX0^^^^^-----------------------
[    7.647745] rq->curr == THREAD(this messg)
[    7.651463] proc in rq 0
[    7.655196] rq->nr_running rq->cfs.nr_running : 1 1
[    7.662711] rq->load.weight, rq->cfs.load.weight : 1048576 1048576
[    7.662713] ----------------^^^^TUX1^^^^^-----------------------
[    8.281777] urandom_read: 6 callbacks suppressed
[    8.281782] random: wpa_supplicant: uninitialized urandom read (32 bytes read)
[    8.629513] rq->curr == THREAD(this messg)
[    8.629519] proc in rq 0
[    8.633291] rq->nr_running rq->cfs.nr_running : 1 1
[    8.640890] rq->load.weight, rq->cfs.load.weight : 1048576 1048576
[    8.640892] ----------------^^^^TUX0^^^^^-----------------------
[    8.644789] rq->curr->pid == 0
[    8.648644] proc in rq 0
[    8.652423] rq->nr_running rq->cfs.nr_running : 0 0
[    8.659737] rq->load.weight, rq->cfs.load.weight : 0 0
[    8.659739] ----------------^^^^TUX1^^^^^-----------------------
[    9.629512] rq->curr == THREAD(this messg)
[    9.630379] wlp1s0: authenticate with 64:66:b3:cd:9a:3a
[    9.633011] proc in rq 0
[    9.633014] rq->nr_running rq->cfs.nr_running : 1 1
[    9.646679] rq->load.weight, rq->cfs.load.weight : 1048576 1048576
[    9.646683] ----------------^^^^TUX0^^^^^-----------------------
[    9.650156] rq->curr->pid == 4306
[    9.653612] color, tsk->comm, weight, vruntime: -121308271157479 klogd 1048576 5224013177
[    9.657030] color, tsk->comm, weight, vruntime: -121308271157479 kworker/u8:5 1048576 5225486275
[    9.660533] color, tsk->comm, weight, vruntime: -121308271164391 syslogd 1048576 5227608944
[    9.663985] color, tsk->comm, weight, vruntime: -121308271164391 syslogd 1048576 5227842238
[    9.665160] wlp1s0: send auth to 64:66:b3:cd:9a:3a (try 1/3)
[    9.667430] color, tsk->comm, weight, vruntime: 1 syslogd 1048576 5228254506
[    9.667433] color, tsk->comm, weight, vruntime: 1 wpa_supplicant 1048576 5237812087
[    9.673941] wlp1s0: authenticated
[    9.674239] proc in rq 6
[    9.674242] rq->nr_running rq->cfs.nr_running : 7 7
[    9.689584] wlp1s0: associate with 64:66:b3:cd:9a:3a (try 1/3)
[    9.691429] rq->load.weight, rq->cfs.load.weight : 7340032 7340032
[    9.691432] ----------------^^^^TUX1^^^^^-----------------------
[    9.699312] wlp1s0: RX AssocResp from 64:66:b3:cd:9a:3a (capab=0x431 status=0 aid=1)
[    9.709143] wlp1s0: associated
[    9.740510] IPv6: ADDRCONF(NETDEV_CHANGE): wlp1s0: link becomes ready
[   10.629511] rq->curr == THREAD(this messg)
[   10.629515] proc in rq 0
[   10.632988] rq->nr_running rq->cfs.nr_running : 1 1
[   10.639824] rq->load.weight, rq->cfs.load.weight : 1048576 1048576
[   10.639826] ----------------^^^^TUX0^^^^^-----------------------
[   10.643333] rq->curr->pid == 4462
[   10.646816] proc in rq 0
[   10.650284] rq->nr_running rq->cfs.nr_running : 0 0
[   10.657109] rq->load.weight, rq->cfs.load.weight : 0 0
[   10.657112] ----------------^^^^TUX1^^^^^-----------------------
[   11.089333] udevd (2234) used greatest stack depth: 11736 bytes left
[   11.629511] rq->curr == THREAD(this messg)
[   11.629515] proc in rq 0
[   11.632792] rq->nr_running rq->cfs.nr_running : 1 1
[   11.639188] rq->load.weight, rq->cfs.load.weight : 1048576 1048576
[   11.639190] ----------------^^^^TUX0^^^^^-----------------------
[   11.642426] rq->curr->pid == 0
[   11.645659] proc in rq 0
[   11.648836] rq->nr_running rq->cfs.nr_running : 1 1
[   11.655143] rq->load.weight, rq->cfs.load.weight : 1048576 1048576
[   11.655146] ----------------^^^^TUX1^^^^^-----------------------
[   12.629513] rq->curr == THREAD(this messg)
[   12.632720] proc in rq 0
[   12.635897] rq->nr_running rq->cfs.nr_running : 1 1
[   12.642230] rq->load.weight, rq->cfs.load.weight : 1048576 1048576
[   12.642231] ----------------^^^^TUX0^^^^^-----------------------
[   12.645463] rq->curr->pid == 4482
[   12.648667] proc in rq 0
[   12.651868] rq->nr_running rq->cfs.nr_running : 0 0
[   12.658199] rq->load.weight, rq->cfs.load.weight : 0 0
[   12.658202] ----------------^^^^TUX1^^^^^-----------------------
[   13.629512] rq->curr == THREAD(this messg)
[   13.632675] proc in rq 0
[   13.635767] rq->nr_running rq->cfs.nr_running : 1 1
[   13.641954] rq->load.weight, rq->cfs.load.weight : 1048576 1048576
[   13.641956] ----------------^^^^TUX0^^^^^-----------------------
[   13.645177] rq->curr->pid == 4492
[   13.648338] proc in rq 0
[   13.651467] rq->nr_running rq->cfs.nr_running : 0 0
[   13.657650] rq->load.weight, rq->cfs.load.weight : 0 0
[   13.657652] ----------------^^^^TUX1^^^^^-----------------------
[   14.629513] rq->curr == THREAD(this messg)
[   14.632659] proc in rq 0
[   14.635754] rq->nr_running rq->cfs.nr_running : 1 1
[   14.641877] rq->load.weight, rq->cfs.load.weight : 1048576 1048576
[   14.641879] ----------------^^^^TUX0^^^^^-----------------------
[   14.644981] rq->curr->pid == 4504
[   14.648036] proc in rq 0
[   14.651064] rq->nr_running rq->cfs.nr_running : 0 0
[   14.657035] rq->load.weight, rq->cfs.load.weight : 0 0
[   14.657038] ----------------^^^^TUX1^^^^^-----------------------
[   15.629515] rq->curr == THREAD(this messg)
[   15.632528] proc in rq 0
[   15.635499] rq->nr_running rq->cfs.nr_running : 1 1
[   15.641414] rq->load.weight, rq->cfs.load.weight : 1048576 1048576
[   15.641415] ----------------^^^^TUX0^^^^^-----------------------
[   15.644472] rq->curr->pid == 4514
[   15.647516] proc in rq 0
[   15.650537] rq->nr_running rq->cfs.nr_running : 0 0
[   15.656450] rq->load.weight, rq->cfs.load.weight : 0 0
[   15.656454] ----------------^^^^TUX1^^^^^-----------------------
[   16.629512] rq->curr == THREAD(this messg)
[   16.632510] proc in rq 0
[   16.635468] rq->nr_running rq->cfs.nr_running : 1 1
[   16.641317] rq->load.weight, rq->cfs.load.weight : 1048576 1048576
[   16.641319] ----------------^^^^TUX0^^^^^-----------------------
[   16.644355] rq->curr->pid == 4525
[   16.647373] proc in rq 0
[   16.650395] rq->nr_running rq->cfs.nr_running : 0 0
[   16.656239] rq->load.weight, rq->cfs.load.weight : 0 0
[   16.656242] ----------------^^^^TUX1^^^^^-----------------------
[   17.629512] rq->curr == THREAD(this messg)
[   17.632496] proc in rq 0
[   17.635434] rq->nr_running rq->cfs.nr_running : 1 1
[   17.641250] rq->load.weight, rq->cfs.load.weight : 1048576 1048576
[   17.641252] ----------------^^^^TUX0^^^^^-----------------------
[   17.644266] rq->curr->pid == 4534
[   17.647265] proc in rq 0
[   17.650256] rq->nr_running rq->cfs.nr_running : 0 0
[   17.656137] rq->load.weight, rq->cfs.load.weight : 0 0
[   17.656141] ----------------^^^^TUX1^^^^^-----------------------
[   18.629516] rq->curr == THREAD(this messg)
[   18.632497] proc in rq 0
[   18.635432] rq->nr_running rq->cfs.nr_running : 1 1
[   18.641247] rq->load.weight, rq->cfs.load.weight : 1048576 1048576
[   18.641249] ----------------^^^^TUX0^^^^^-----------------------
[   18.644260] rq->curr->pid == 4546
[   18.647259] proc in rq 0
[   18.650250] rq->nr_running rq->cfs.nr_running : 0 0
[   18.656127] rq->load.weight, rq->cfs.load.weight : 0 0
[   18.656130] ----------------^^^^TUX1^^^^^-----------------------
[   19.629511] rq->curr == THREAD(this messg)
[   19.632487] proc in rq 0
[   19.635421] rq->nr_running rq->cfs.nr_running : 1 1
[   19.641225] rq->load.weight, rq->cfs.load.weight : 1048576 1048576
[   19.641227] ----------------^^^^TUX0^^^^^-----------------------
[   19.644233] rq->curr->pid == 4556
[   19.647225] proc in rq 0
[   19.650208] rq->nr_running rq->cfs.nr_running : 0 0
[   19.656087] rq->load.weight, rq->cfs.load.weight : 0 0
[   19.656090] ----------------^^^^TUX1^^^^^-----------------------
[   20.629512] rq->curr == THREAD(this messg)
[   20.632489] proc in rq 0
[   20.635426] rq->nr_running rq->cfs.nr_running : 1 1
[   20.641238] rq->load.weight, rq->cfs.load.weight : 1048576 1048576
[   20.641240] ----------------^^^^TUX0^^^^^-----------------------
[   20.644246] rq->curr->pid == 4566
[   20.647240] proc in rq 0
[   20.650229] rq->nr_running rq->cfs.nr_running : 0 0
[   20.656104] rq->load.weight, rq->cfs.load.weight : 0 0
