[    0.000000] Linux version 5.1.0-rc3 (root@(none)) (gcc version 9.0.1 20190318 (experimental) (GCC)) #48 SMP Mon Apr 1 16:43:37 +05 2019
[    0.000000] Command line: BOOT_IMAGE=/boot/bzImage root=/dev/sda2 ro
[    0.000000] x86/fpu: Supporting XSAVE feature 0x001: 'x87 floating point registers'
[    0.000000] x86/fpu: Supporting XSAVE feature 0x002: 'SSE registers'
[    0.000000] x86/fpu: Supporting XSAVE feature 0x004: 'AVX registers'
[    0.000000] x86/fpu: xstate_offset[2]:  576, xstate_sizes[2]:  256
[    0.000000] x86/fpu: Enabled xstate features 0x7, context size is 832 bytes, using 'standard' format.
[    0.000000] BIOS-provided physical RAM map:
[    0.000000] BIOS-e820: [mem 0x0000000000000000-0x000000000009ffff] usable
[    0.000000] BIOS-e820: [mem 0x0000000000100000-0x000000009d0f7fff] usable
[    0.000000] BIOS-e820: [mem 0x000000009d0f8000-0x000000009d127fff] reserved
[    0.000000] BIOS-e820: [mem 0x000000009d128000-0x000000009d370fff] usable
[    0.000000] BIOS-e820: [mem 0x000000009d371000-0x000000009dc56fff] ACPI NVS
[    0.000000] BIOS-e820: [mem 0x000000009dc57000-0x000000009e959fff] reserved
[    0.000000] BIOS-e820: [mem 0x000000009e95a000-0x000000009e9cafff] type 20
[    0.000000] BIOS-e820: [mem 0x000000009e9cb000-0x000000009e9cbfff] usable
[    0.000000] BIOS-e820: [mem 0x000000009e9cc000-0x000000009e9d3fff] ACPI NVS
[    0.000000] BIOS-e820: [mem 0x000000009e9d4000-0x000000009eb24fff] usable
[    0.000000] BIOS-e820: [mem 0x000000009eb25000-0x000000009f041fff] reserved
[    0.000000] BIOS-e820: [mem 0x000000009f042000-0x000000009f080fff] usable
[    0.000000] BIOS-e820: [mem 0x000000009f081000-0x000000009f3f1fff] reserved
[    0.000000] BIOS-e820: [mem 0x000000009f3f2000-0x000000009f3fffff] usable
[    0.000000] BIOS-e820: [mem 0x00000000fec00000-0x00000000fec01fff] reserved
[    0.000000] BIOS-e820: [mem 0x00000000fec10000-0x00000000fec10fff] reserved
[    0.000000] BIOS-e820: [mem 0x00000000fed00000-0x00000000fed00fff] reserved
[    0.000000] BIOS-e820: [mem 0x00000000fed80000-0x00000000fed8ffff] reserved
[    0.000000] BIOS-e820: [mem 0x00000000ff000000-0x00000000ffffffff] reserved
[    0.000000] BIOS-e820: [mem 0x0000000100001000-0x000000013effffff] usable
[    0.000000] NX (Execute Disable) protection: active
[    0.000000] efi: EFI v2.31 by American Megatrends
[    0.000000] efi:  ACPI=0x9d3f3000  ACPI 2.0=0x9d3f3000  SMBIOS=0x9e958998 
[    0.000000] SMBIOS 2.7 present.
[    0.000000] DMI: ASUSTeK COMPUTER INC. X102BA/X102BA, BIOS X102BA.212 08/30/2013
[    0.000000] tsc: Fast TSC calibration using PIT
[    0.000000] tsc: Detected 998.039 MHz processor
[    0.000214] e820: update [mem 0x00000000-0x00000fff] usable ==> reserved
[    0.000219] e820: remove [mem 0x000a0000-0x000fffff] usable
[    0.000243] last_pfn = 0x13f000 max_arch_pfn = 0x400000000
[    0.000253] MTRR default type: uncachable
[    0.000255] MTRR fixed ranges enabled:
[    0.000258]   00000-9FFFF write-back
[    0.000260]   A0000-BFFFF write-through
[    0.000263]   C0000-DFFFF uncachable
[    0.000266]   E0000-FFFFF write-protect
[    0.000267] MTRR variable ranges enabled:
[    0.000272]   0 base 0000000000 mask FF80000000 write-back
[    0.000276]   1 base 0080000000 mask FFE0000000 write-back
[    0.000279]   2 base 009F400000 mask FFFFC00000 uncachable
[    0.000282]   3 base 009F800000 mask FFFF800000 uncachable
[    0.000283]   4 disabled
[    0.000285]   5 disabled
[    0.000286]   6 disabled
[    0.000287]   7 disabled
[    0.000289] TOM2: 000000013f000000 aka 5104M
[    0.000815] x86/PAT: Configuration [0-7]: WB  WC  UC- UC  WB  WP  UC- WT  
[    0.001081] e820: update [mem 0x9f400000-0xffffffff] usable ==> reserved
[    0.001094] last_pfn = 0x9f400 max_arch_pfn = 0x400000000
[    0.014372] check: Scanning 1 areas for low memory corruption
[    0.014385] Using GB pages for direct mapping
[    0.014392] BRK [0x57e01000, 0x57e01fff] PGTABLE
[    0.014399] BRK [0x57e02000, 0x57e02fff] PGTABLE
[    0.014403] BRK [0x57e03000, 0x57e03fff] PGTABLE
[    0.014566] BRK [0x57e04000, 0x57e04fff] PGTABLE
[    0.014574] BRK [0x57e05000, 0x57e05fff] PGTABLE
[    0.014835] BRK [0x57e06000, 0x57e06fff] PGTABLE
[    0.016060] BRK [0x57e07000, 0x57e07fff] PGTABLE
[    0.016307] BRK [0x57e08000, 0x57e08fff] PGTABLE
[    0.016515] BRK [0x57e09000, 0x57e09fff] PGTABLE
[    0.016780] BRK [0x57e0a000, 0x57e0afff] PGTABLE
[    0.017088] BRK [0x57e0b000, 0x57e0bfff] PGTABLE
[    0.017292] Secure boot could not be determined
[    0.017307] ACPI: Early table checksum verification disabled
[    0.017317] ACPI: RSDP 0x000000009D3F3000 000024 (v02 _ASUS_)
[    0.017327] ACPI: XSDT 0x000000009D3F3088 000094 (v01 _ASUS_ Notebook 01072009 AMI  00010013)
[    0.017344] ACPI: FACP 0x000000009D400748 00010C (v05 _ASUS_ Notebook 01072009 AMI  00010013)
[    0.017359] ACPI BIOS Warning (bug): Optional FADT field Pm2ControlBlock has valid Length but zero Address: 0x0000000000000000/0x1 (20190215/tbfadt-615)
[    0.017372] ACPI: DSDT 0x000000009D3F31A8 00D59D (v02 _ASUS_ Notebook 00000000 INTL 20091112)
[    0.017382] ACPI: FACS 0x000000009DC4B080 000040
[    0.017389] ACPI: APIC 0x000000009D400858 00007E (v03 _ASUS_ Notebook 01072009 AMI  00010013)
[    0.017399] ACPI: FPDT 0x000000009D4008D8 000044 (v01 _ASUS_ Notebook 01072009 AMI  00010013)
[    0.017408] ACPI: ECDT 0x000000009D400920 0000C1 (v01 _ASUS_ Notebook 01072009 AMI. 00000005)
[    0.017417] ACPI: MCFG 0x000000009D4009E8 00003C (v01 _ASUS_ Notebook 01072009 MSFT 00010013)
[    0.017426] ACPI: HPET 0x000000009D400A28 000038 (v01 _ASUS_ Notebook 01072009 AMI  00000005)
[    0.017435] ACPI: VFCT 0x000000009D400A60 004684 (v01 _ASUS_ Notebook 00000001 AMD  31504F47)
[    0.017445] ACPI: BGRT 0x000000009D4050E8 000038 (v00 _ASUS_ Notebook 01072009 ASUS 00010013)
[    0.017454] ACPI: SSDT 0x000000009D405120 0005E0 (v01 AMD    AGESA    00000001 AMD  00000001)
[    0.017463] ACPI: SSDT 0x000000009D405700 0046D1 (v02 AMD    AGESA    00000002 MSFT 04000000)
[    0.017472] ACPI: CRAT 0x000000009D409DD8 000228 (v01 AMD    AGESA    00000001 AMD  00000001)
[    0.017481] ACPI: SSDT 0x000000009D40A000 001411 (v01 AMD    CPMDFIGP 00000001 INTL 20051117)
[    0.017491] ACPI: SSDT 0x000000009D40B418 0010E8 (v01 AMD    CPMCMN   00000001 INTL 20051117)
[    0.017500] ACPI: MSDM 0x000000009D127F98 000055 (v03 _ASUS_ Notebook 00000000 ASUS 00000001)
[    0.017529] ACPI: Local APIC address 0xfee00000
[    0.017791] No NUMA configuration found
[    0.017795] Faking a node at [mem 0x0000000000000000-0x000000013effffff]
[    0.017807] NODE_DATA(0) allocated [mem 0x13effa000-0x13effdfff]
[    0.017860] Zone ranges:
[    0.017864]   DMA      [mem 0x0000000000001000-0x0000000000ffffff]
[    0.017868]   DMA32    [mem 0x0000000001000000-0x00000000ffffffff]
[    0.017872]   Normal   [mem 0x0000000100000000-0x000000013effffff]
[    0.017877] Movable zone start for each node
[    0.017879] Early memory node ranges
[    0.017883]   node   0: [mem 0x0000000000001000-0x000000000009ffff]
[    0.017886]   node   0: [mem 0x0000000000100000-0x000000009d0f7fff]
[    0.017889]   node   0: [mem 0x000000009d128000-0x000000009d370fff]
[    0.017892]   node   0: [mem 0x000000009e9cb000-0x000000009e9cbfff]
[    0.017895]   node   0: [mem 0x000000009e9d4000-0x000000009eb24fff]
[    0.017898]   node   0: [mem 0x000000009f042000-0x000000009f080fff]
[    0.017901]   node   0: [mem 0x000000009f3f2000-0x000000009f3fffff]
[    0.017904]   node   0: [mem 0x0000000100001000-0x000000013effffff]
[    0.018740] Zeroed struct page in unavailable ranges: 11138 pages
[    0.018747] Initmem setup node 0 [mem 0x0000000000001000-0x000000013effffff]
[    0.018756] On node 0 totalpages: 902270
[    0.018759]   DMA zone: 64 pages used for memmap
[    0.018760]   DMA zone: 23 pages reserved
[    0.018763]   DMA zone: 3999 pages, LIFO batch:0
[    0.019155]   DMA32 zone: 10004 pages used for memmap
[    0.019158]   DMA32 zone: 640224 pages, LIFO batch:63
[    0.086986]   Normal zone: 4032 pages used for memmap
[    0.086992]   Normal zone: 258047 pages, LIFO batch:63
[    0.111316] ACPI: PM-Timer IO Port: 0x808
[    0.111327] ACPI: Local APIC address 0xfee00000
[    0.111343] ACPI: LAPIC_NMI (acpi_id[0xff] high edge lint[0x1])
[    0.111358] IOAPIC[0]: apic_id 3, version 33, address 0xfec00000, GSI 0-23
[    0.111369] IOAPIC[1]: apic_id 4, version 33, address 0xfec01000, GSI 24-55
[    0.111376] ACPI: INT_SRC_OVR (bus 0 bus_irq 0 global_irq 2 dfl dfl)
[    0.111382] ACPI: INT_SRC_OVR (bus 0 bus_irq 9 global_irq 9 low level)
[    0.111386] ACPI: IRQ0 used by override.
[    0.111389] ACPI: IRQ9 used by override.
[    0.111393] Using ACPI (MADT) for SMP configuration information
[    0.111397] ACPI: HPET id: 0x10228210 base: 0xfed00000
[    0.111415] smpboot: Allowing 4 CPUs, 2 hotplug CPUs
[    0.111487] PM: Registered nosave memory: [mem 0x00000000-0x00000fff]
[    0.111493] PM: Registered nosave memory: [mem 0x000a0000-0x000fffff]
[    0.111500] PM: Registered nosave memory: [mem 0x9d0f8000-0x9d127fff]
[    0.111506] PM: Registered nosave memory: [mem 0x9d371000-0x9dc56fff]
[    0.111509] PM: Registered nosave memory: [mem 0x9dc57000-0x9e959fff]
[    0.111512] PM: Registered nosave memory: [mem 0x9e95a000-0x9e9cafff]
[    0.111518] PM: Registered nosave memory: [mem 0x9e9cc000-0x9e9d3fff]
[    0.111524] PM: Registered nosave memory: [mem 0x9eb25000-0x9f041fff]
[    0.111530] PM: Registered nosave memory: [mem 0x9f081000-0x9f3f1fff]
[    0.111537] PM: Registered nosave memory: [mem 0x9f400000-0xfebfffff]
[    0.111539] PM: Registered nosave memory: [mem 0xfec00000-0xfec01fff]
[    0.111542] PM: Registered nosave memory: [mem 0xfec02000-0xfec0ffff]
[    0.111545] PM: Registered nosave memory: [mem 0xfec10000-0xfec10fff]
[    0.111547] PM: Registered nosave memory: [mem 0xfec11000-0xfecfffff]
[    0.111550] PM: Registered nosave memory: [mem 0xfed00000-0xfed00fff]
[    0.111553] PM: Registered nosave memory: [mem 0xfed01000-0xfed7ffff]
[    0.111555] PM: Registered nosave memory: [mem 0xfed80000-0xfed8ffff]
[    0.111558] PM: Registered nosave memory: [mem 0xfed90000-0xfeffffff]
[    0.111560] PM: Registered nosave memory: [mem 0xff000000-0xffffffff]
[    0.111563] PM: Registered nosave memory: [mem 0x100000000-0x100000fff]
[    0.111570] [mem 0x9f400000-0xfebfffff] available for PCI devices
[    0.111582] clocksource: refined-jiffies: mask: 0xffffffff max_cycles: 0xffffffff, max_idle_ns: 19112604462750000 ns
[    0.599064] random: get_random_bytes called from start_kernel+0x8b/0x48f with crng_init=0
[    0.599100] setup_percpu: NR_CPUS:64 nr_cpumask_bits:64 nr_cpu_ids:4 nr_node_ids:1
[    0.600202] percpu: Embedded 43 pages/cpu @(____ptrval____) s137240 r8192 d30696 u524288
[    0.600242] pcpu-alloc: s137240 r8192 d30696 u524288 alloc=1*2097152
[    0.600245] pcpu-alloc: [0] 0 1 2 3 
[    0.600322] Built 1 zonelists, mobility grouping on.  Total pages: 888147
[    0.600326] Policy zone: Normal
[    0.600332] Kernel command line: BOOT_IMAGE=/boot/bzImage root=/dev/sda2 ro
[    0.664775] Memory: 3432296K/3609080K available (14357K kernel code, 1434K rwdata, 4404K rodata, 1256K init, 928K bss, 176784K reserved, 0K cma-reserved)
[    0.664988] SLUB: HWalign=64, Order=0-3, MinObjects=0, CPUs=4, Nodes=1
[    0.665216] rcu: Hierarchical RCU implementation.
[    0.665220] rcu: 	RCU event tracing is enabled.
[    0.665224] rcu: 	RCU restricting CPUs from NR_CPUS=64 to nr_cpu_ids=4.
[    0.665228] rcu: RCU calculated value of scheduler-enlistment delay is 10 jiffies.
[    0.665232] rcu: Adjusting geometry for rcu_fanout_leaf=16, nr_cpu_ids=4
[    0.665817] NR_IRQS: 4352, nr_irqs: 1000, preallocated irqs: 16
[    0.666261] Console: colour dummy device 80x25
[    0.666940] printk: console [tty0] enabled
[    0.666987] ACPI: Core revision 20190215
[    0.667697] clocksource: hpet: mask: 0xffffffff max_cycles: 0xffffffff, max_idle_ns: 133484873504 ns
[    0.667727] hpet clockevent registered
[    0.667739] APIC: Switch to symmetric I/O mode setup
[    0.668482] ..TIMER: vector=0x30 apic1=0 pin1=2 apic2=-1 pin2=-1
[    0.717743] clocksource: tsc-early: mask: 0xffffffffffffffff max_cycles: 0x1cc5b56cdcd, max_idle_ns: 881590595362 ns
[    0.717761] Calibrating delay loop (skipped), value calculated using timer frequency.. 1996.07 BogoMIPS (lpj=9980390)
[    0.717777] pid_max: default: 32768 minimum: 301
[    0.720297] LSM: Security Framework initializing
[    0.720331] SELinux:  Initializing.
[    0.720367] *** VALIDATE SELinux ***
[    0.722597] Dentry cache hash table entries: 524288 (order: 10, 4194304 bytes)
[    0.723769] Inode-cache hash table entries: 262144 (order: 9, 2097152 bytes)
[    0.723870] Mount-cache hash table entries: 8192 (order: 4, 65536 bytes)
[    0.723916] Mountpoint-cache hash table entries: 8192 (order: 4, 65536 bytes)
[    0.724311] *** VALIDATE proc ***
[    0.724402] *** VALIDATE cgroup1 ***
[    0.724413] *** VALIDATE cgroup2 ***
[    0.724473] mce: CPU supports 6 MCE banks
[    0.724502] LVT offset 1 assigned for vector 0xf9
[    0.724518] Last level iTLB entries: 4KB 512, 2MB 8, 4MB 4
[    0.724526] Last level dTLB entries: 4KB 512, 2MB 256, 4MB 128, 1GB 0
[    0.724536] Spectre V2 : Mitigation: Full AMD retpoline
[    0.724543] Spectre V2 : Spectre v2 / SpectreRSB mitigation: Filling RSB on context switch
[    0.724555] Speculative Store Bypass: Mitigation: Speculative Store Bypass disabled via prctl and seccomp
[    0.725135] Freeing SMP alternatives memory: 40K
[    0.737758] smpboot: CPU0: AMD A4-1200 APU with Radeon(TM) HD Graphics (family: 0x16, model: 0x0, stepping: 0x1)
[    0.737758] Performance Events: AMD PMU driver.
[    0.737758] ... version:                0
[    0.737758] ... bit width:              48
[    0.737758] ... generic registers:      4
[    0.737758] ... value mask:             0000ffffffffffff
[    0.737758] ... max period:             00007fffffffffff
[    0.737758] ... fixed-purpose events:   0
[    0.737758] ... event mask:             000000000000000f
[    0.737758] rcu: Hierarchical SRCU implementation.
[    0.737758] MCE: In-kernel MCE decoding enabled.
[    0.737758] smp: Bringing up secondary CPUs ...
[    0.737758] x86: Booting SMP configuration:
[    0.737758] .... node  #0, CPUs:      #1
[    0.737758] smp: Brought up 1 node, 2 CPUs
[    0.737758] smpboot: Max logical packages: 2
[    0.737758] smpboot: Total of 2 processors activated (3992.15 BogoMIPS)
[    0.737758] devtmpfs: initialized
[    0.737758] PM: Registering ACPI NVS region [mem 0x9d371000-0x9dc56fff] (9330688 bytes)
[    0.737758] PM: Registering ACPI NVS region [mem 0x9e9cc000-0x9e9d3fff] (32768 bytes)
[    0.737758] clocksource: jiffies: mask: 0xffffffff max_cycles: 0xffffffff, max_idle_ns: 19112604462750000 ns
[    0.737758] futex hash table entries: 1024 (order: 4, 65536 bytes)
[    0.737758] NET: Registered protocol family 16
[    0.737758] audit: initializing netlink subsys (disabled)
[    0.737758] audit: type=2000 audit(1554179399.060:1): state=initialized audit_enabled=0 res=1
[    0.737758] kworker/u8:1 (35) used greatest stack depth: 14800 bytes left
[    0.737758] cpuidle: using governor ladder
[    0.737758] kworker/u8:1 (30) used greatest stack depth: 14608 bytes left
[    0.737758] cpuidle: using governor menu
[    0.737758] ACPI FADT declares the system doesn't support PCIe ASPM, so disable it
[    0.737758] ACPI: bus type PCI registered
[    0.737758] PCI: MMCONFIG for domain 0000 [bus 00-ff] at [mem 0xe0000000-0xefffffff] (base 0xe0000000)
[    0.737758] PCI: not using MMCONFIG
[    0.737758] PCI: Using configuration type 1 for base access
[    0.737758] PCI: Using configuration type 1 for extended access
[    0.748648] kworker/u8:2 (44) used greatest stack depth: 14144 bytes left
[    0.776245] HugeTLB registered 2.00 MiB page size, pre-allocated 0 pages
[    0.776245] ACPI: Added _OSI(Module Device)
[    0.776245] ACPI: Added _OSI(Processor Device)
[    0.776245] ACPI: Added _OSI(3.0 _SCP Extensions)
[    0.776245] ACPI: Added _OSI(Processor Aggregator Device)
[    0.776245] ACPI: Added _OSI(Linux-Dell-Video)
[    0.776245] ACPI: Added _OSI(Linux-Lenovo-NV-HDMI-Audio)
[    0.776245] ACPI: Added _OSI(Linux-HPI-Hybrid-Graphics)
[    0.814061] ACPI: 5 ACPI AML tables successfully acquired and loaded
[    0.817324] ACPI: EC: EC started
[    0.817333] ACPI: EC: interrupt blocked
[    0.819340] ACPI: \: Used as first EC
[    0.819352] ACPI: \: GPE=0x3, EC_CMD/EC_SC=0x66, EC_DATA=0x62
[    0.819360] ACPI: EC: Boot ECDT EC used to handle transactions
[    0.824321] ACPI: [Firmware Bug]: BIOS _OSI(Linux) query ignored
[    0.829078] ACPI: Interpreter enabled
[    0.829156] ACPI: (supports S0 S3 S4 S5)
[    0.829166] ACPI: Using IOAPIC for interrupt routing
[    0.829292] PCI: MMCONFIG for domain 0000 [bus 00-ff] at [mem 0xe0000000-0xefffffff] (base 0xe0000000)
[    0.829462] PCI: MMCONFIG at [mem 0xe0000000-0xefffffff] reserved in ACPI motherboard resources
[    0.829547] PCI: Using host bridge windows from ACPI; if necessary, use "pci=nocrs" and report a bug
[    0.830347] ACPI: Enabled 3 GPEs in block 00 to 1F
[    0.851566] ACPI: PCI Root Bridge [PCI0] (domain 0000 [bus 00-ff])
[    0.851598] acpi PNP0A08:00: _OSC: OS supports [ExtendedConfig ASPM ClockPM Segments MSI]
[    0.852257] acpi PNP0A08:00: _OSC: platform does not support [LTR]
[    0.852879] acpi PNP0A08:00: _OSC: OS now controls [PME AER PCIeCapability]
[    0.852892] acpi PNP0A08:00: FADT indicates ASPM is unsupported, using BIOS configuration
[    0.853498] PCI host bridge to bus 0000:00
[    0.853513] pci_bus 0000:00: root bus resource [io  0x0000-0x03af window]
[    0.853524] pci_bus 0000:00: root bus resource [io  0x03e0-0x0cf7 window]
[    0.853535] pci_bus 0000:00: root bus resource [io  0x03b0-0x03df window]
[    0.853547] pci_bus 0000:00: root bus resource [io  0x0d00-0xffff window]
[    0.853558] pci_bus 0000:00: root bus resource [mem 0x000a0000-0x000bffff window]
[    0.853571] pci_bus 0000:00: root bus resource [mem 0x000c0000-0x000dffff window]
[    0.853583] pci_bus 0000:00: root bus resource [mem 0xc0000000-0xffffffff window]
[    0.853597] pci_bus 0000:00: root bus resource [bus 00-ff]
[    0.853625] pci 0000:00:00.0: [1022:1536] type 00 class 0x060000
[    0.853906] pci 0000:00:01.0: [1002:9839] type 00 class 0x030000
[    0.853939] pci 0000:00:01.0: reg 0x10: [mem 0xc0000000-0xcfffffff 64bit pref]
[    0.853956] pci 0000:00:01.0: reg 0x18: [mem 0xd0000000-0xd07fffff 64bit pref]
[    0.853968] pci 0000:00:01.0: reg 0x20: [io  0xf000-0xf0ff]
[    0.853981] pci 0000:00:01.0: reg 0x24: [mem 0xfeb00000-0xfeb3ffff]
[    0.853993] pci 0000:00:01.0: reg 0x30: [mem 0xfeb40000-0xfeb5ffff pref]
[    0.854003] pci 0000:00:01.0: enabling Extended Tags
[    0.854035] pci 0000:00:01.0: BAR 0: assigned to efifb
[    0.854092] pci 0000:00:01.0: supports D1 D2
[    0.854097] pci 0000:00:01.0: PME# supported from D1 D2 D3hot
[    0.854319] pci 0000:00:01.1: [1002:9840] type 00 class 0x040300
[    0.854348] pci 0000:00:01.1: reg 0x10: [mem 0xfeb64000-0xfeb67fff 64bit]
[    0.854381] pci 0000:00:01.1: enabling Extended Tags
[    0.854451] pci 0000:00:01.1: supports D1 D2
[    0.854648] pci 0000:00:02.0: [1022:1538] type 00 class 0x060000
[    0.854883] pci 0000:00:02.2: [1022:1439] type 01 class 0x060400
[    0.854945] pci 0000:00:02.2: enabling Extended Tags
[    0.855029] pci 0000:00:02.2: PME# supported from D0 D3hot D3cold
[    0.855257] pci 0000:00:02.3: [1022:1439] type 01 class 0x060400
[    0.855318] pci 0000:00:02.3: enabling Extended Tags
[    0.855399] pci 0000:00:02.3: PME# supported from D0 D3hot D3cold
[    0.855670] pci 0000:00:10.0: [1022:7814] type 00 class 0x0c0330
[    0.855707] pci 0000:00:10.0: reg 0x10: [mem 0xfeb68000-0xfeb69fff 64bit]
[    0.855841] pci 0000:00:10.0: PME# supported from D0 D3hot D3cold
[    0.856076] pci 0000:00:11.0: [1022:7801] type 00 class 0x010601
[    0.856107] pci 0000:00:11.0: reg 0x10: [io  0xf140-0xf147]
[    0.856120] pci 0000:00:11.0: reg 0x14: [io  0xf130-0xf133]
[    0.856134] pci 0000:00:11.0: reg 0x18: [io  0xf120-0xf127]
[    0.856147] pci 0000:00:11.0: reg 0x1c: [io  0xf110-0xf113]
[    0.856160] pci 0000:00:11.0: reg 0x20: [io  0xf100-0xf10f]
[    0.856173] pci 0000:00:11.0: reg 0x24: [mem 0xfeb6f000-0xfeb6f3ff]
[    0.856245] pci 0000:00:11.0: PME# supported from D3hot
[    0.856449] pci 0000:00:12.0: [1022:7807] type 00 class 0x0c0310
[    0.856471] pci 0000:00:12.0: reg 0x10: [mem 0xfeb6e000-0xfeb6efff]
[    0.856726] pci 0000:00:12.2: [1022:7808] type 00 class 0x0c0320
[    0.856754] pci 0000:00:12.2: reg 0x10: [mem 0xfeb6d000-0xfeb6d0ff]
[    0.856854] pci 0000:00:12.2: supports D1 D2
[    0.856858] pci 0000:00:12.2: PME# supported from D0 D1 D2 D3hot D3cold
[    0.857068] pci 0000:00:13.0: [1022:7807] type 00 class 0x0c0310
[    0.857091] pci 0000:00:13.0: reg 0x10: [mem 0xfeb6c000-0xfeb6cfff]
[    0.857341] pci 0000:00:13.2: [1022:7808] type 00 class 0x0c0320
[    0.857369] pci 0000:00:13.2: reg 0x10: [mem 0xfeb6b000-0xfeb6b0ff]
[    0.857468] pci 0000:00:13.2: supports D1 D2
[    0.857472] pci 0000:00:13.2: PME# supported from D0 D1 D2 D3hot D3cold
[    0.857678] pci 0000:00:14.0: [1022:780b] type 00 class 0x0c0500
[    0.858166] pci 0000:00:14.2: [1022:780d] type 00 class 0x040300
[    0.858199] pci 0000:00:14.2: reg 0x10: [mem 0xfeb60000-0xfeb63fff 64bit]
[    0.858284] pci 0000:00:14.2: PME# supported from D0 D3hot D3cold
[    0.858477] pci 0000:00:14.3: [1022:780e] type 00 class 0x060100
[    0.858746] pci 0000:00:14.7: [1022:7813] type 00 class 0x080501
[    0.858773] pci 0000:00:14.7: reg 0x10: [mem 0xfeb6a000-0xfeb6a0ff 64bit]
[    0.858987] pci 0000:00:18.0: [1022:1530] type 00 class 0x060000
[    0.859196] pci 0000:00:18.1: [1022:1531] type 00 class 0x060000
[    0.859394] pci 0000:00:18.2: [1022:1532] type 00 class 0x060000
[    0.859595] pci 0000:00:18.3: [1022:1533] type 00 class 0x060000
[    0.859802] pci 0000:00:18.4: [1022:1534] type 00 class 0x060000
[    0.860001] pci 0000:00:18.5: [1022:1535] type 00 class 0x060000
[    0.860347] pci 0000:01:00.0: [168c:0032] type 00 class 0x028000
[    0.860404] pci 0000:01:00.0: reg 0x10: [mem 0xfea00000-0xfea7ffff 64bit]
[    0.860469] pci 0000:01:00.0: reg 0x30: [mem 0xfea80000-0xfea8ffff pref]
[    0.860652] pci 0000:01:00.0: supports D1 D2
[    0.860657] pci 0000:01:00.0: PME# supported from D0 D1 D2 D3hot D3cold
[    0.860922] pci 0000:00:02.2: PCI bridge to [bus 01]
[    0.860945] pci 0000:00:02.2:   bridge window [mem 0xfea00000-0xfeafffff]
[    0.861081] pci 0000:02:00.0: [10ec:8136] type 00 class 0x020000
[    0.861134] pci 0000:02:00.0: reg 0x10: [io  0xe000-0xe0ff]
[    0.861173] pci 0000:02:00.0: reg 0x18: [mem 0xd0804000-0xd0804fff 64bit pref]
[    0.861201] pci 0000:02:00.0: reg 0x20: [mem 0xd0800000-0xd0803fff 64bit pref]
[    0.861361] pci 0000:02:00.0: supports D1 D2
[    0.861365] pci 0000:02:00.0: PME# supported from D0 D1 D2 D3hot D3cold
[    0.861652] pci 0000:00:02.3: PCI bridge to [bus 02]
[    0.861669] pci 0000:00:02.3:   bridge window [io  0xe000-0xefff]
[    0.861681] pci 0000:00:02.3:   bridge window [mem 0xd0800000-0xd08fffff 64bit pref]
[    0.863471] ACPI: PCI Interrupt Link [LNKA] (IRQs 4 7 10 11 14 15) *0
[    0.863721] ACPI: PCI Interrupt Link [LNKB] (IRQs 4 7 10 11 14 15) *0
[    0.863969] ACPI: PCI Interrupt Link [LNKC] (IRQs 4 7 10 11 14 15) *0
[    0.864215] ACPI: PCI Interrupt Link [LNKD] (IRQs 4 7 10 11 14 15) *0
[    0.864422] ACPI: PCI Interrupt Link [LNKE] (IRQs 4 7 10 11 14 15) *0
[    0.864591] ACPI: PCI Interrupt Link [LNKF] (IRQs 4 7 10 11 14 15) *0
[    0.864760] ACPI: PCI Interrupt Link [LNKG] (IRQs 4 7 10 11 14 15) *0
[    0.864927] ACPI: PCI Interrupt Link [LNKH] (IRQs 4 7 10 11 14 15) *0
[    0.865977] ACPI: EC: interrupt unblocked
[    0.865999] ACPI: EC: event unblocked
[    0.866018] ACPI: \_SB_.PCI0.SBRG.EC0_: GPE=0x3, EC_CMD/EC_SC=0x66, EC_DATA=0x62
[    0.866031] ACPI: \_SB_.PCI0.SBRG.EC0_: Boot DSDT EC used to handle transactions and events
[    0.866329] pci 0000:00:01.0: vgaarb: setting as boot VGA device
[    0.866345] pci 0000:00:01.0: vgaarb: VGA device added: decodes=io+mem,owns=io+mem,locks=none
[    0.866371] pci 0000:00:01.0: vgaarb: bridge control possible
[    0.866380] vgaarb: loaded
[    0.866694] SCSI subsystem initialized
[    0.866879] libata version 3.00 loaded.
[    0.866968] ACPI: bus type USB registered
[    0.867041] usbcore: registered new interface driver usbfs
[    0.867079] usbcore: registered new interface driver hub
[    0.867136] usbcore: registered new device driver usb
[    0.867208] pps_core: LinuxPPS API ver. 1 registered
[    0.867217] pps_core: Software ver. 5.3.6 - Copyright 2005-2007 Rodolfo Giometti <giometti@linux.it>
[    0.867239] PTP clock support registered
[    0.867642] EDAC MC: Ver: 3.0.0
[    0.867901] Registered efivars operations
[    0.868227] Advanced Linux Sound Architecture Driver Initialized.
[    0.868227] PCI: Using ACPI for IRQ routing
[    0.878032] PCI: pci_cache_line_size set to 64 bytes
[    0.878141] e820: reserve RAM buffer [mem 0x9d0f8000-0x9fffffff]
[    0.878147] e820: reserve RAM buffer [mem 0x9d371000-0x9fffffff]
[    0.878152] e820: reserve RAM buffer [mem 0x9e9cc000-0x9fffffff]
[    0.878156] e820: reserve RAM buffer [mem 0x9eb25000-0x9fffffff]
[    0.878160] e820: reserve RAM buffer [mem 0x9f081000-0x9fffffff]
[    0.878163] e820: reserve RAM buffer [mem 0x9f400000-0x9fffffff]
[    0.878166] e820: reserve RAM buffer [mem 0x13f000000-0x13fffffff]
[    0.878548] NetLabel: Initializing
[    0.878558] NetLabel:  domain hash size = 128
[    0.878565] NetLabel:  protocols = UNLABELED CIPSOv4 CALIPSO
[    0.878619] NetLabel:  unlabeled traffic allowed by default
[    0.878955] hpet0: at MMIO 0xfed00000, IRQs 2, 8, 0
[    0.878972] hpet0: 3 comparators, 32-bit 14.318180 MHz counter
[    0.881111] clocksource: Switched to clocksource tsc-early
[    0.928185] VFS: Disk quotas dquot_6.6.0
[    0.928251] VFS: Dquot-cache hash table entries: 512 (order 0, 4096 bytes)
[    0.928339] *** VALIDATE hugetlbfs ***
[    0.928447] pnp: PnP ACPI init
[    0.928863] system 00:00: [mem 0xe0000000-0xefffffff] has been reserved
[    0.928901] system 00:00: Plug and Play ACPI device, IDs PNP0c01 (active)
[    0.929122] system 00:01: [mem 0xa0000000-0xbfffffff] has been reserved
[    0.929154] system 00:01: Plug and Play ACPI device, IDs PNP0c02 (active)
[    0.929328] system 00:02: Plug and Play ACPI device, IDs PNP0c02 (active)
[    0.929429] pnp 00:03: Plug and Play ACPI device, IDs PNP0b00 (active)
[    0.929617] system 00:04: [io  0x04d0-0x04d1] has been reserved
[    0.929649] system 00:04: Plug and Play ACPI device, IDs PNP0c02 (active)
[    0.929862] pnp 00:05: Plug and Play ACPI device, IDs ETD0108 SYN0a00 SYN0002 PNP0f03 PNP0f13 PNP0f12 (active)
[    0.929992] pnp 00:06: Plug and Play ACPI device, IDs ATK3001 PNP030b (active)
[    0.930763] system 00:07: [io  0x04d0-0x04d1] has been reserved
[    0.930777] system 00:07: [io  0x040b] has been reserved
[    0.930788] system 00:07: [io  0x04d6] has been reserved
[    0.930798] system 00:07: [io  0x0c00-0x0c01] has been reserved
[    0.930809] system 00:07: [io  0x0c14] has been reserved
[    0.930820] system 00:07: [io  0x0c50-0x0c51] has been reserved
[    0.930830] system 00:07: [io  0x0c52] has been reserved
[    0.930841] system 00:07: [io  0x0c6c] has been reserved
[    0.930851] system 00:07: [io  0x0c6f] has been reserved
[    0.930861] system 00:07: [io  0x0cd0-0x0cd1] has been reserved
[    0.930872] system 00:07: [io  0x0cd2-0x0cd3] has been reserved
[    0.930882] system 00:07: [io  0x0cd4-0x0cd5] has been reserved
[    0.930893] system 00:07: [io  0x0cd6-0x0cd7] has been reserved
[    0.930904] system 00:07: [io  0x0cd8-0x0cdf] has been reserved
[    0.930914] system 00:07: [io  0x0800-0x089f] has been reserved
[    0.930925] system 00:07: [io  0x0900-0x090f] has been reserved
[    0.930935] system 00:07: [io  0x0910-0x091f] has been reserved
[    0.930946] system 00:07: [io  0xfe00-0xfefe] has been reserved
[    0.930960] system 00:07: [mem 0xfec00000-0xfec00fff] could not be reserved
[    0.930972] system 00:07: [mem 0xfee00000-0xfee00fff] has been reserved
[    0.930984] system 00:07: [mem 0xfed80000-0xfed8ffff] has been reserved
[    0.930995] system 00:07: [mem 0xfed61000-0xfed70fff] has been reserved
[    0.931007] system 00:07: [mem 0xfec10000-0xfec10fff] has been reserved
[    0.931019] system 00:07: [mem 0xfed00000-0xfed00fff] could not be reserved
[    0.931031] system 00:07: [mem 0xff000000-0xffffffff] has been reserved
[    0.931057] system 00:07: Plug and Play ACPI device, IDs PNP0c02 (active)
[    0.931903] pnp: PnP ACPI: found 8 devices
[    0.941989] clocksource: acpi_pm: mask: 0xffffff max_cycles: 0xffffff, max_idle_ns: 2085701024 ns
[    0.942055] pci 0000:00:02.2: PCI bridge to [bus 01]
[    0.942075] pci 0000:00:02.2:   bridge window [mem 0xfea00000-0xfeafffff]
[    0.942094] pci 0000:00:02.3: PCI bridge to [bus 02]
[    0.942107] pci 0000:00:02.3:   bridge window [io  0xe000-0xefff]
[    0.942124] pci 0000:00:02.3:   bridge window [mem 0xd0800000-0xd08fffff 64bit pref]
[    0.942147] pci_bus 0000:00: resource 4 [io  0x0000-0x03af window]
[    0.942152] pci_bus 0000:00: resource 5 [io  0x03e0-0x0cf7 window]
[    0.942157] pci_bus 0000:00: resource 6 [io  0x03b0-0x03df window]
[    0.942162] pci_bus 0000:00: resource 7 [io  0x0d00-0xffff window]
[    0.942167] pci_bus 0000:00: resource 8 [mem 0x000a0000-0x000bffff window]
[    0.942171] pci_bus 0000:00: resource 9 [mem 0x000c0000-0x000dffff window]
[    0.942176] pci_bus 0000:00: resource 10 [mem 0xc0000000-0xffffffff window]
[    0.942181] pci_bus 0000:01: resource 1 [mem 0xfea00000-0xfeafffff]
[    0.942185] pci_bus 0000:02: resource 0 [io  0xe000-0xefff]
[    0.942190] pci_bus 0000:02: resource 2 [mem 0xd0800000-0xd08fffff 64bit pref]
[    0.942446] NET: Registered protocol family 2
[    0.942922] tcp_listen_portaddr_hash hash table entries: 2048 (order: 3, 32768 bytes)
[    0.942981] TCP established hash table entries: 32768 (order: 6, 262144 bytes)
[    0.943210] TCP bind hash table entries: 32768 (order: 7, 524288 bytes)
[    0.943460] TCP: Hash tables configured (established 32768 bind 32768)
[    0.943613] UDP hash table entries: 2048 (order: 4, 65536 bytes)
[    0.943678] UDP-Lite hash table entries: 2048 (order: 4, 65536 bytes)
[    0.943855] NET: Registered protocol family 1
[    0.944287] RPC: Registered named UNIX socket transport module.
[    0.944298] RPC: Registered udp transport module.
[    0.944305] RPC: Registered tcp transport module.
[    0.944312] RPC: Registered tcp NFSv4.1 backchannel transport module.
[    0.945027] pci 0000:00:01.0: Video device with shadowed ROM at [mem 0x000c0000-0x000dffff]
[    0.945614] pci 0000:00:12.0: enabling device (0000 -> 0002)
[    0.946229] pci 0000:00:12.2: PME# does not work under D3, disabling it
[    0.946253] pci 0000:00:13.0: enabling device (0000 -> 0002)
[    0.946860] pci 0000:00:13.2: PME# does not work under D3, disabling it
[    0.946947] PCI: CLS 64 bytes, default 64
[    0.947071] PCI-DMA: Using software bounce buffering for IO (SWIOTLB)
[    0.947084] software IO TLB: mapped [mem 0x97989000-0x9b989000] (64MB)
[    0.947278] amd_uncore: AMD NB counters detected
[    0.947295] amd_uncore: AMD LLC counters detected
[    0.947413] LVT offset 0 assigned for vector 0x400
[    0.947471] perf: AMD IBS detected (0x000000ff)
[    0.947490] kvm: no hardware support
[    0.947599] kvm: Nested Virtualization enabled
[    0.947611] kvm: Nested Paging enabled
[    0.948665] check: Scanning for low memory corruption every 60 seconds
[    0.951045] Initialise system trusted keyrings
[    0.951954] workingset: timestamp_bits=56 max_order=20 bucket_order=0
[    0.960747] fuse init (API version 7.29)
[    0.966172] Key type asymmetric registered
[    0.966190] Asymmetric key parser 'x509' registered
[    0.966241] Block layer SCSI generic (bsg) driver version 0.4 loaded (major 249)
[    0.966255] io scheduler mq-deadline registered
[    0.966263] io scheduler kyber registered
[    0.967084] pcieport 0000:00:02.2: Signaling PME with IRQ 25
[    0.967701] pcieport 0000:00:02.3: Signaling PME with IRQ 27
[    0.968352] uvesafb: failed to execute /sbin/v86d
[    0.968362] uvesafb: make sure that the v86d helper is installed and executable
[    0.968374] uvesafb: Getting VBE info block failed (eax=0x4f00, err=-2)
[    0.968382] uvesafb: vbe_init() failed with -22
[    0.968397] uvesafb: probe of uvesafb.0 failed with error -22
[    0.968451] efifb: probing for efifb
[    0.968496] efifb: framebuffer at 0xc0000000, using 4224k, total 4224k
[    0.968506] efifb: mode is 1366x768x32, linelength=5632, pages=1
[    0.968513] efifb: scrolling: redraw
[    0.968522] efifb: Truecolor: size=8:8:8:8, shift=24:16:8:0
[    0.979109] Console: switching to colour frame buffer device 170x48
[    0.988435] fb0: EFI VGA frame buffer device
[    0.988903] ACPI: AC Adapter [AC0] (on-line)
[    0.989166] input: Power Button as /devices/LNXSYSTM:00/LNXSYBUS:00/PNP0C0C:00/input/input0
[    0.989320] ACPI: Power Button [PWRB]
[    0.989511] input: Lid Switch as /devices/LNXSYSTM:00/LNXSYBUS:00/PNP0C0D:00/input/input1
[    0.989654] ACPI: Lid Switch [LID]
[    0.989824] input: Sleep Button as /devices/LNXSYSTM:00/LNXSYBUS:00/PNP0C0E:00/input/input2
[    0.989989] ACPI: Sleep Button [SLPB]
[    0.990172] input: Power Button as /devices/LNXSYSTM:00/LNXPWRBN:00/input/input3
[    0.990316] ACPI: Power Button [PWRF]
[    0.994157] thermal LNXTHERM:00: registered as thermal_zone0
[    0.994265] ACPI: Thermal Zone [THRM] (50 C)
[    0.995522] Serial: 8250/16550 driver, 4 ports, IRQ sharing enabled
[    0.998087] Non-volatile memory driver v1.3
[    0.998292] Linux agpgart interface v0.103
[    1.005631] loop: module loaded
[    1.005949] ahci 0000:00:11.0: version 3.0
[    1.006398] ahci 0000:00:11.0: AHCI 0001.0300 32 slots 2 ports 6 Gbps 0x3 impl SATA mode
[    1.006536] ahci 0000:00:11.0: flags: 64bit ncq sntf ilck pm led clo pmp pio slum part 
[    1.010685] scsi host0: ahci
[    1.014375] scsi host1: ahci
[    1.017973] ata1: SATA max UDMA/133 abar m1024@0xfeb6f000 port 0xfeb6f100 irq 28
[    1.021170] ata2: SATA max UDMA/133 abar m1024@0xfeb6f000 port 0xfeb6f180 irq 28
[    1.024977] tun: Universal TUN/TAP device driver, 1.6
[    1.028393] e1000: Intel(R) PRO/1000 Network Driver - version 7.3.21-k8-NAPI
[    1.031581] e1000: Copyright (c) 1999-2006 Intel Corporation.
[    1.034829] e1000e: Intel(R) PRO/1000 Network Driver - 3.2.6-k
[    1.037964] e1000e: Copyright(c) 1999 - 2015 Intel Corporation.
[    1.041152] sky2: driver version 1.30
[    1.045454] libphy: r8169: probed
[    1.048890] r8169 0000:02:00.0 eth0: RTL8105e, 74:d0:2b:a3:a6:42, XID 40a, IRQ 30
[    1.052299] ath9k 0000:01:00.0: enabling device (0000 -> 0002)
[    1.055835] ath: phy0: Disable PLL PowerSave
[    1.066032] ath: phy0: ASPM enabled: 0x442
[    1.069183] ath: EEPROM regdomain: 0x60
[    1.069185] ath: EEPROM indicates we should expect a direct regpair map
[    1.069190] ath: Country alpha2 being used: 00
[    1.069192] ath: Regpair used: 0x60
[    1.071599] ieee80211 phy0: Selected rate control algorithm 'minstrel_ht'
[    1.072196] ieee80211 phy0: Atheros AR9485 Rev:1 mem=0xffffb24382380000, irq=31
[    1.075826] ehci_hcd: USB 2.0 'Enhanced' Host Controller (EHCI) Driver
[    1.079040] ehci-pci: EHCI PCI platform driver
[    1.082573] ehci-pci 0000:00:12.2: EHCI Host Controller
[    1.086012] ehci-pci 0000:00:12.2: new USB bus registered, assigned bus number 1
[    1.089248] ehci-pci 0000:00:12.2: applying AMD SB700/SB800/Hudson-2/3 EHCI dummy qh workaround
[    1.092513] ehci-pci 0000:00:12.2: debug port 1
[    1.095818] ehci-pci 0000:00:12.2: irq 17, io mem 0xfeb6d000
[    1.124611] ehci-pci 0000:00:12.2: USB 2.0 started, EHCI 1.00
[    1.127950] usb usb1: New USB device found, idVendor=1d6b, idProduct=0002, bcdDevice= 5.01
[    1.131200] usb usb1: New USB device strings: Mfr=3, Product=2, SerialNumber=1
[    1.134470] usb usb1: Product: EHCI Host Controller
[    1.137665] usb usb1: Manufacturer: Linux 5.1.0-rc3 ehci_hcd
[    1.140820] usb usb1: SerialNumber: 0000:00:12.2
[    1.144396] hub 1-0:1.0: USB hub found
[    1.147468] hub 1-0:1.0: 4 ports detected
[    1.152626] ehci-pci 0000:00:13.2: EHCI Host Controller
[    1.155759] ehci-pci 0000:00:13.2: new USB bus registered, assigned bus number 2
[    1.158707] ehci-pci 0000:00:13.2: applying AMD SB700/SB800/Hudson-2/3 EHCI dummy qh workaround
[    1.161662] ehci-pci 0000:00:13.2: debug port 1
[    1.164629] ehci-pci 0000:00:13.2: irq 17, io mem 0xfeb6b000
[    1.194624] ehci-pci 0000:00:13.2: USB 2.0 started, EHCI 1.00
[    1.197654] usb usb2: New USB device found, idVendor=1d6b, idProduct=0002, bcdDevice= 5.01
[    1.200572] usb usb2: New USB device strings: Mfr=3, Product=2, SerialNumber=1
[    1.203501] usb usb2: Product: EHCI Host Controller
[    1.206435] usb usb2: Manufacturer: Linux 5.1.0-rc3 ehci_hcd
[    1.209327] usb usb2: SerialNumber: 0000:00:13.2
[    1.212600] hub 2-0:1.0: USB hub found
[    1.215438] hub 2-0:1.0: 4 ports detected
[    1.220282] ohci_hcd: USB 1.1 'Open' Host Controller (OHCI) Driver
[    1.223144] ohci-pci: OHCI PCI platform driver
[    1.226301] ohci-pci 0000:00:12.0: OHCI PCI host controller
[    1.229338] ohci-pci 0000:00:12.0: new USB bus registered, assigned bus number 3
[    1.232279] ohci-pci 0000:00:12.0: irq 18, io mem 0xfeb6e000
[    1.308811] usb usb3: New USB device found, idVendor=1d6b, idProduct=0001, bcdDevice= 5.01
[    1.311773] usb usb3: New USB device strings: Mfr=3, Product=2, SerialNumber=1
[    1.314670] usb usb3: Product: OHCI PCI host controller
[    1.317541] usb usb3: Manufacturer: Linux 5.1.0-rc3 ohci_hcd
[    1.320434] usb usb3: SerialNumber: 0000:00:12.0
[    1.324091] hub 3-0:1.0: USB hub found
[    1.326922] hub 3-0:1.0: 4 ports detected
[    1.331949] ohci-pci 0000:00:13.0: OHCI PCI host controller
[    1.334937] ohci-pci 0000:00:13.0: new USB bus registered, assigned bus number 4
[    1.337823] ohci-pci 0000:00:13.0: irq 18, io mem 0xfeb6c000
[    1.356396] battery: ACPI: Battery Slot [BAT0] (battery present)
[    1.359481] kworker/u8:1 (1429) used greatest stack depth: 13936 bytes left
[    1.360933] ata2: SATA link down (SStatus 0 SControl 300)
[    1.405184] usb usb4: New USB device found, idVendor=1d6b, idProduct=0001, bcdDevice= 5.01
[    1.408099] usb usb4: New USB device strings: Mfr=3, Product=2, SerialNumber=1
[    1.410997] usb usb4: Product: OHCI PCI host controller
[    1.413872] usb usb4: Manufacturer: Linux 5.1.0-rc3 ohci_hcd
[    1.416766] usb usb4: SerialNumber: 0000:00:13.0
[    1.420161] hub 4-0:1.0: USB hub found
[    1.423002] hub 4-0:1.0: 4 ports detected
[    1.427816] uhci_hcd: USB Universal Host Controller Interface driver
[    1.430728] usbcore: registered new interface driver usblp
[    1.433638] usbcore: registered new interface driver usb-storage
[    1.436512] usbcore: registered new interface driver ch341
[    1.439317] usbserial: USB Serial support registered for ch341-uart
[    1.442346] i8042: PNP: PS/2 Controller [PNP030b:PS2K,PNP0f03:PS2M] at 0x60,0x64 irq 1,12
[    1.448643] i8042: Detected active multiplexing controller, rev 1.1
[    1.452190] serio: i8042 KBD port at 0x60,0x64 irq 1
[    1.455026] serio: i8042 AUX0 port at 0x60,0x64 irq 12
[    1.457943] serio: i8042 AUX1 port at 0x60,0x64 irq 12
[    1.460829] serio: i8042 AUX2 port at 0x60,0x64 irq 12
[    1.463567] serio: i8042 AUX3 port at 0x60,0x64 irq 12
[    1.466746] mousedev: PS/2 mouse device common for all mice
[    1.470038] rtc_cmos 00:03: RTC can wake from S4
[    1.472967] rtc_cmos 00:03: registered as rtc0
[    1.475670] rtc_cmos 00:03: alarms up to one month, y3k, 114 bytes nvram, hpet irqs
[    1.478723] device-mapper: ioctl: 4.40.0-ioctl (2019-01-18) initialised: dm-devel@redhat.com
[    1.481661] intel_pstate: CPU ID not supported
[    1.484420] EFI Variables Facility v0.08 2004-May-17
[    1.495138] hidraw: raw HID events driver (C) Jiri Kosina
[    1.498830] usbcore: registered new interface driver usbhid
[    1.501670] usbhid: USB HID core driver
[    1.507992] snd_hda_intel 0000:00:01.1: enabling device (0000 -> 0002)
[    1.511057] input: AT Translated Set 2 keyboard as /devices/platform/i8042/serio0/input/input4
[    1.511090] snd_hda_intel 0000:00:01.1: Force to non-snoop mode
[    1.520712] Initializing XFRM netlink socket
[    1.524058] NET: Registered protocol family 10
[    1.527699] Segment Routing with IPv6
[    1.530665] sit: IPv6, IPv4 and MPLS over IPv4 tunneling driver
[    1.533934] NET: Registered protocol family 17
[    1.537446] snd_hda_codec_generic hdaudioC0D0: autoconfig for Generic: line_outs=0 (0x0/0x0/0x0/0x0/0x0) type:line
[    1.540456] snd_hda_codec_generic hdaudioC0D0:    speaker_outs=0 (0x0/0x0/0x0/0x0/0x0)
[    1.543457] snd_hda_codec_generic hdaudioC0D0:    hp_outs=0 (0x0/0x0/0x0/0x0/0x0)
[    1.546454] snd_hda_codec_generic hdaudioC0D0:    mono: mono_out=0x0
[    1.549364] snd_hda_codec_generic hdaudioC0D0:    dig-out=0x3/0x0
[    1.552212] snd_hda_codec_generic hdaudioC0D0:    inputs:
[    1.555208] ata1: SATA link up 6.0 Gbps (SStatus 133 SControl 300)
[    1.555363] microcode: CPU0: patch_level=0x0700010b
[    1.560759] microcode: CPU1: patch_level=0x0700010b
[    1.563709] microcode: Microcode Update Driver: v2.2.
[    1.563742] sched_clock: Marking stable (1559284079, 1578570)->(1687848639, -126985990)
[    1.570076] input: HDA ATI HDMI HDMI as /devices/pci0000:00/0000:00:01.1/sound/card0/input6
[    1.570277] registered taskstats version 1
[    1.573030] ata1.00: ATA-8: KINGSTON SV300S37A120G, 603ABBF0, max UDMA/133
[    1.575849] Loading compiled-in X.509 certificates
[    1.577199] acpi_cpufreq: overriding BIOS provided _PSD data
[    1.578752] ata1.00: 234441648 sectors, multi 1: LBA48 NCQ (depth 32), AA
[    1.584798] cfg80211: Loading compiled-in X.509 certificates for regulatory database
[    1.591259] random: fast init done
[    1.595770] cfg80211: Loaded X.509 cert 'sforshee: 00b28ddf47aef9cea7'
[    1.598981] platform regulatory.0: Direct firmware load for regulatory.db failed with error -2
[    1.602147] ata1.00: configured for UDMA/133
[    1.602178] cfg80211: failed to load regulatory.db
[    1.608955] scsi 0:0:0:0: Direct-Access     ATA      KINGSTON SV300S3 BBF0 PQ: 0 ANSI: 5
[    1.612412] ALSA device list:
[    1.615665]   #0: HDA ATI HDMI at 0xfeb64000 irq 33
[    1.619670] snd_hda_codec_realtek hdaudioC1D0: autoconfig for ALC3229: line_outs=1 (0x14/0x0/0x0/0x0/0x0) type:speaker
[    1.619976] sd 0:0:0:0: [sda] 234441648 512-byte logical blocks: (120 GB/112 GiB)
[    1.623126] snd_hda_codec_realtek hdaudioC1D0:    speaker_outs=0 (0x0/0x0/0x0/0x0/0x0)
[    1.623131] snd_hda_codec_realtek hdaudioC1D0:    hp_outs=1 (0x21/0x0/0x0/0x0/0x0)
[    1.623135] snd_hda_codec_realtek hdaudioC1D0:    mono: mono_out=0x0
[    1.623138] snd_hda_codec_realtek hdaudioC1D0:    inputs:
[    1.623144] snd_hda_codec_realtek hdaudioC1D0:      Mic=0x19
[    1.644542] sd 0:0:0:0: Attached scsi generic sg0 type 0
[    1.648751] sd 0:0:0:0: [sda] Write Protect is off
[    1.652012] sd 0:0:0:0: [sda] Mode Sense: 00 3a 00 00
[    1.652106] sd 0:0:0:0: [sda] Write cache: enabled, read cache: enabled, doesn't support DPO or FUA
[    1.658005]  sda: sda1 sda2 sda3 sda4 sda5 sda6
[    1.663737] sd 0:0:0:0: [sda] Attached SCSI disk
[    1.673325] input: HD-Audio Generic Headphone as /devices/pci0000:00/0000:00:14.2/sound/card1/input11
[    1.857980] usb 4-1: new full-speed USB device number 2 using ohci-pci
[    2.027864] tsc: Refined TSC clocksource calibration: 998.127 MHz
[    2.031238] clocksource: tsc: mask: 0xffffffffffffffff max_cycles: 0x1cc65b93289, max_idle_ns: 881590487074 ns
[    2.034721] clocksource: Switched to clocksource tsc
[    2.143935] usb 4-1: New USB device found, idVendor=03eb, idProduct=843d, bcdDevice=20.01
[    2.147411] usb 4-1: New USB device strings: Mfr=1, Product=2, SerialNumber=0
[    2.150888] usb 4-1: Product: Atmel maXTouch Digitizer
[    2.154325] usb 4-1: Manufacturer: Atmel
[    2.174043] input: Atmel Atmel maXTouch Digitizer Touchscreen as /devices/pci0000:00/0000:00:13.0/usb4/4-1/4-1:1.0/0003:03EB:843D.0001/input/input15
[    2.178146] input: Atmel Atmel maXTouch Digitizer as /devices/pci0000:00/0000:00:13.0/usb4/4-1/4-1:1.0/0003:03EB:843D.0001/input/input16
[    2.182321] hid-generic 0003:03EB:843D.0001: input,hiddev96,hidraw0: USB HID v1.11 Device [Atmel Atmel maXTouch Digitizer] on usb-0000:00:13.0-1/input0
[    2.194927] hid-generic 0003:03EB:843D.0002: hiddev97,hidraw1: USB HID v1.11 Device [Atmel Atmel maXTouch Digitizer] on usb-0000:00:13.0-1/input1
[    2.321581] input: PS/2 Logitech Wheel Mouse as /devices/platform/i8042/serio4/input/input14
[    2.328619] md: Waiting for all devices to be available before autodetect
[    2.332672] md: If you don't use raid, use raid=noautodetect
[    2.337071] md: Autodetecting RAID arrays.
[    2.341029] md: autorun ...
[    2.344883] md: ... autorun DONE.
[    2.353825] EXT4-fs (sda2): mounted filesystem with ordered data mode. Opts: (null)
[    2.357827] VFS: Mounted root (ext4 filesystem) readonly on device 8:2.
[    2.362964] devtmpfs: mounted
[    2.367597] Freeing unused kernel image memory: 1256K
[    2.398066] Write protecting the kernel read-only data: 22528k
[    2.403517] Freeing unused kernel image memory: 1984K
[    2.408601] Freeing unused kernel image memory: 1740K
[    2.412314] Run /sbin/init as init process
[    2.460736] stty (1784) used greatest stack depth: 13824 bytes left
[    2.526568] mountpoint (1791) used greatest stack depth: 13792 bytes left
[    2.551793] sed (1798) used greatest stack depth: 13608 bytes left
[    2.692378] ip (1842) used greatest stack depth: 12792 bytes left
[    2.780658] udevd[1872]: starting version 3.2.1
[    2.789898] random: udevd: uninitialized urandom read (16 bytes read)
[    2.794656] random: udevd: uninitialized urandom read (16 bytes read)
[    2.799217] random: udevd: uninitialized urandom read (16 bytes read)
[    2.818080] udevd[1873]: starting eudev-3.2.1
[    2.887845] usb 4-2: new full-speed USB device number 3 using ohci-pci
[    3.103236] r8169 0000:02:00.0 enp2s0: renamed from eth0
[    3.128929] ath9k 0000:01:00.0 wlp1s0: renamed from wlan0
[    3.166412] [drm] radeon kernel modesetting enabled.
[    3.173773] usb 4-2: New USB device found, idVendor=13d3, idProduct=3362, bcdDevice= 0.01
[    3.177825] usb 4-2: New USB device strings: Mfr=1, Product=2, SerialNumber=3
[    3.181762] usb 4-2: Product: Bluetooth USB Host Controller
[    3.185629] usb 4-2: Manufacturer: Atheros Communications
[    3.189463] usb 4-2: SerialNumber: Alaska Day 2006
[    3.222507] checking generic (c0000000 420000) vs hw (c0000000 10000000)
[    3.222512] fb0: switching to radeondrmfb from EFI VGA
[    3.226415] Console: switching to colour dummy device 80x25
[    3.229171] radeon 0000:00:01.0: vgaarb: deactivate vga console
[    3.230544] [drm] initializing kernel modesetting (KABINI 0x1002:0x9839 0x1043:0x141D 0x00).
[    3.230614] [drm] doorbell mmio base: 0xD0000000
[    3.230622] [drm] doorbell mmio size: 8388608
[    3.230655] ATOM BIOS: AMD
[    3.230743] [drm] Changing default dispclk from 400Mhz to 600Mhz
[    3.230782] radeon 0000:00:01.0: VRAM: 512M 0x0000000000000000 - 0x000000001FFFFFFF (512M used)
[    3.230797] radeon 0000:00:01.0: GTT: 2048M 0x0000000020000000 - 0x000000009FFFFFFF
[    3.230819] [drm] Detected VRAM RAM=512M, BAR=256M
[    3.230826] [drm] RAM width 128bits DDR
[    3.231028] [TTM] Zone  kernel: Available graphics memory: 1729580 kiB
[    3.231039] [TTM] Initializing pool allocator
[    3.231058] [TTM] Initializing DMA pool allocator
[    3.231110] [drm] radeon: 512M of VRAM memory ready
[    3.231119] [drm] radeon: 2048M of GTT memory ready.
[    3.231176] [drm] Loading kabini Microcode
[    3.241680] [drm] Internal thermal controller without fan control
[    3.242996] [drm] radeon: dpm initialized
[    3.244675] [drm] Found UVD firmware Version: 1.64 Family ID: 9
[    3.251416] [drm] Found VCE firmware/feedback version 40.2.2 / 15!
[    3.252686] [drm] GART: num cpu pages 524288, num gpu pages 524288
[    3.347925] [drm] PCIE GART of 2048M enabled (table at 0x000000000030E000).
[    3.348212] radeon 0000:00:01.0: WB enabled
[    3.348258] radeon 0000:00:01.0: fence driver on ring 0 use gpu addr 0x0000000020000c00 and cpu addr 0x(____ptrval____)
[    3.348276] radeon 0000:00:01.0: fence driver on ring 1 use gpu addr 0x0000000020000c04 and cpu addr 0x(____ptrval____)
[    3.348291] radeon 0000:00:01.0: fence driver on ring 2 use gpu addr 0x0000000020000c08 and cpu addr 0x(____ptrval____)
[    3.348306] radeon 0000:00:01.0: fence driver on ring 3 use gpu addr 0x0000000020000c0c and cpu addr 0x(____ptrval____)
[    3.348320] radeon 0000:00:01.0: fence driver on ring 4 use gpu addr 0x0000000020000c10 and cpu addr 0x(____ptrval____)
[    3.349249] radeon 0000:00:01.0: fence driver on ring 5 use gpu addr 0x0000000000078d30 and cpu addr 0x(____ptrval____)
[    3.349631] radeon 0000:00:01.0: fence driver on ring 6 use gpu addr 0x0000000020000c18 and cpu addr 0x(____ptrval____)
[    3.349648] radeon 0000:00:01.0: fence driver on ring 7 use gpu addr 0x0000000020000c1c and cpu addr 0x(____ptrval____)
[    3.349663] [drm] Supports vblank timestamp caching Rev 2 (21.10.2013).
[    3.349671] [drm] Driver supports precise vblank timestamp query.
[    3.349777] radeon 0000:00:01.0: radeon: using MSI.
[    3.349840] [drm] radeon: irq initialized.
[    3.353668] [drm] ring test on 0 succeeded in 4 usecs
[    3.353770] [drm] ring test on 1 succeeded in 3 usecs
[    3.353860] [drm] ring test on 2 succeeded in 4 usecs
[    3.354181] [drm] ring test on 3 succeeded in 6 usecs
[    3.354199] [drm] ring test on 4 succeeded in 6 usecs
[    3.406050] [drm] ring test on 5 succeeded in 2 usecs
[    3.426138] [drm] UVD initialized successfully.
[    3.528080] usb 2-3: new high-speed USB device number 4 using ehci-pci
[    3.557660] [drm] ring test on 6 succeeded in 19 usecs
[    3.557695] [drm] ring test on 7 succeeded in 4 usecs
[    3.557702] [drm] VCE initialized successfully.
[    3.561392] [drm] ib test on ring 0 succeeded in 0 usecs
[    3.561820] [drm] ib test on ring 1 succeeded in 0 usecs
[    3.562304] [drm] ib test on ring 2 succeeded in 0 usecs
[    3.562767] [drm] ib test on ring 3 succeeded in 0 usecs
[    3.563173] [drm] ib test on ring 4 succeeded in 0 usecs
[    3.761093] usb 2-3: New USB device found, idVendor=04f2, idProduct=b404, bcdDevice=69.63
[    3.761117] usb 2-3: New USB device strings: Mfr=3, Product=1, SerialNumber=2
[    3.761129] usb 2-3: Product: USB2.0 HD UVC WebCam
[    3.761139] usb 2-3: Manufacturer: Chicony Electronics Co.,Ltd.
[    3.761148] usb 2-3: SerialNumber: 0x0001
[    4.118095] [drm] ib test on ring 5 succeeded
[    4.139307] [drm] ib test on ring 6 succeeded
[    4.140320] [drm] ib test on ring 7 succeeded
[    4.187946] [drm] radeon atom DIG backlight initialized
[    4.187972] [drm] Radeon Display Connectors
[    4.187981] [drm] Connector 0:
[    4.187988] [drm]   LVDS-1
[    4.187994] [drm]   HPD1
[    4.188003] [drm]   DDC: 0x6530 0x6530 0x6534 0x6534 0x6538 0x6538 0x653c 0x653c
[    4.188012] [drm]   Encoders:
[    4.188018] [drm]     LCD1: INTERNAL_UNIPHY
[    4.188024] [drm] Connector 1:
[    4.188030] [drm]   HDMI-A-1
[    4.188035] [drm]   HPD2
[    4.188043] [drm]   DDC: 0x6540 0x6540 0x6544 0x6544 0x6548 0x6548 0x654c 0x654c
[    4.188052] [drm]   Encoders:
[    4.188057] [drm]     DFP1: INTERNAL_UNIPHY
[    4.188063] [drm] Connector 2:
[    4.188069] [drm]   VGA-1
[    4.188076] [drm]   DDC: 0x65c0 0x65c0 0x65c4 0x65c4 0x65c8 0x65c8 0x65cc 0x65cc
[    4.188085] [drm]   Encoders:
[    4.188090] [drm]     CRT1: INTERNAL_KLDSCP_DAC1
[    5.240113] [drm] fb mappable at 0xC0722000
[    5.240129] [drm] vram apper at 0xC0000000
[    5.240136] [drm] size 4325376
[    5.240143] [drm] fb depth is 24
[    5.240149] [drm]    pitch is 5632
[    5.240471] fbcon: radeondrmfb (fb0) is primary device
[    5.348245] Console: switching to colour frame buffer device 170x48
[    5.358587] radeon 0000:00:01.0: fb0: radeondrmfb frame buffer device
[    5.406203] ACPI Debug:  "=== ALIB 0 - true ==="
[    5.406961] [drm] Initialized radeon 2.50.0 20080528 for 0000:00:01.0 on minor 0
[    5.486108] Adding 3608572k swap on /dev/sda4.  Priority:1 extents:1 across:3608572k SS
[    5.535943] EXT4-fs (sda2): re-mounted. Opts: (null)
[    5.629808] EXT4-fs (sda2): re-mounted. Opts: (null)
[    7.399208] urandom_read: 6 callbacks suppressed
[    7.399213] random: wpa_supplicant: uninitialized urandom read (32 bytes read)
[    8.749125] wlp1s0: authenticate with 64:66:b3:cd:9a:3a
[    8.769513] wlp1s0: send auth to 64:66:b3:cd:9a:3a (try 1/3)
[    8.776130] wlp1s0: authenticated
[    8.787945] wlp1s0: associate with 64:66:b3:cd:9a:3a (try 1/3)
[    8.795990] wlp1s0: RX AssocResp from 64:66:b3:cd:9a:3a (capab=0x431 status=0 aid=1)
[    8.799830] wlp1s0: associated
[    8.834281] IPv6: ADDRCONF(NETDEV_CHANGE): wlp1s0: link becomes ready
[   11.032763] udevd (2930) used greatest stack depth: 12176 bytes left
[   96.973626] random: crng init done
