[    0.000000] Linux version 5.2.0-rc6+ (root@(none)) (gcc version 9.0.1 20190416 (experimental) (GCC)) #163 SMP Mon Jul 1 20:30:13 +05 2019
[    0.000000] Command line: BOOT_IMAGE=/boot/bzImage root=/dev/sda2 ro
[    0.000000] x86/fpu: Supporting XSAVE feature 0x001: 'x87 floating point registers'
[    0.000000] x86/fpu: Supporting XSAVE feature 0x002: 'SSE registers'
[    0.000000] x86/fpu: Supporting XSAVE feature 0x004: 'AVX registers'
[    0.000000] x86/fpu: xstate_offset[2]:  576, xstate_sizes[2]:  256
[    0.000000] x86/fpu: Enabled xstate features 0x7, context size is 832 bytes, using 'standard' format.
[    0.000000] BIOS-provided physical RAM map:
[    0.000000] BIOS-e820: [mem 0x0000000000000000-0x000000000009ffff] usable
[    0.000000] BIOS-e820: [mem 0x0000000000100000-0x000000009d0f7fff] usable
[    0.000000] BIOS-e820: [mem 0x000000009d0f8000-0x000000009d127fff] reserved
[    0.000000] BIOS-e820: [mem 0x000000009d128000-0x000000009d370fff] usable
[    0.000000] BIOS-e820: [mem 0x000000009d371000-0x000000009dc56fff] ACPI NVS
[    0.000000] BIOS-e820: [mem 0x000000009dc57000-0x000000009e959fff] reserved
[    0.000000] BIOS-e820: [mem 0x000000009e95a000-0x000000009e9cafff] type 20
[    0.000000] BIOS-e820: [mem 0x000000009e9cb000-0x000000009e9cbfff] usable
[    0.000000] BIOS-e820: [mem 0x000000009e9cc000-0x000000009e9d3fff] ACPI NVS
[    0.000000] BIOS-e820: [mem 0x000000009e9d4000-0x000000009eb24fff] usable
[    0.000000] BIOS-e820: [mem 0x000000009eb25000-0x000000009f041fff] reserved
[    0.000000] BIOS-e820: [mem 0x000000009f042000-0x000000009f080fff] usable
[    0.000000] BIOS-e820: [mem 0x000000009f081000-0x000000009f3f1fff] reserved
[    0.000000] BIOS-e820: [mem 0x000000009f3f2000-0x000000009f3fffff] usable
[    0.000000] BIOS-e820: [mem 0x00000000fec00000-0x00000000fec01fff] reserved
[    0.000000] BIOS-e820: [mem 0x00000000fec10000-0x00000000fec10fff] reserved
[    0.000000] BIOS-e820: [mem 0x00000000fed00000-0x00000000fed00fff] reserved
[    0.000000] BIOS-e820: [mem 0x00000000fed80000-0x00000000fed8ffff] reserved
[    0.000000] BIOS-e820: [mem 0x00000000ff000000-0x00000000ffffffff] reserved
[    0.000000] BIOS-e820: [mem 0x0000000100001000-0x000000013effffff] usable
[    0.000000] NX (Execute Disable) protection: active
[    0.000000] efi: EFI v2.31 by American Megatrends
[    0.000000] efi:  ACPI=0x9d3f3000  ACPI 2.0=0x9d3f3000  SMBIOS=0x9e958998 
[    0.000000] SMBIOS 2.7 present.
[    0.000000] DMI: ASUSTeK COMPUTER INC. X102BA/X102BA, BIOS X102BA.212 08/30/2013
[    0.000000] tsc: Fast TSC calibration using PIT
[    0.000000] tsc: Detected 998.042 MHz processor
[    0.000213] e820: update [mem 0x00000000-0x00000fff] usable ==> reserved
[    0.000218] e820: remove [mem 0x000a0000-0x000fffff] usable
[    0.000239] last_pfn = 0x13f000 max_arch_pfn = 0x400000000
[    0.000248] MTRR default type: uncachable
[    0.000250] MTRR fixed ranges enabled:
[    0.000254]   00000-9FFFF write-back
[    0.000256]   A0000-BFFFF write-through
[    0.000259]   C0000-DFFFF uncachable
[    0.000262]   E0000-FFFFF write-protect
[    0.000264] MTRR variable ranges enabled:
[    0.000268]   0 base 0000000000 mask FF80000000 write-back
[    0.000272]   1 base 0080000000 mask FFE0000000 write-back
[    0.000275]   2 base 009F400000 mask FFFFC00000 uncachable
[    0.000278]   3 base 009F800000 mask FFFF800000 uncachable
[    0.000280]   4 disabled
[    0.000281]   5 disabled
[    0.000282]   6 disabled
[    0.000283]   7 disabled
[    0.000286] TOM2: 000000013f000000 aka 5104M
[    0.000813] x86/PAT: Configuration [0-7]: WB  WC  UC- UC  WB  WP  UC- WT  
[    0.001076] e820: update [mem 0x9f400000-0xffffffff] usable ==> reserved
[    0.001091] last_pfn = 0x9f400 max_arch_pfn = 0x400000000
[    0.014811] check: Scanning 1 areas for low memory corruption
[    0.014824] Using GB pages for direct mapping
[    0.014831] BRK [0x57e01000, 0x57e01fff] PGTABLE
[    0.014838] BRK [0x57e02000, 0x57e02fff] PGTABLE
[    0.014841] BRK [0x57e03000, 0x57e03fff] PGTABLE
[    0.015033] BRK [0x57e04000, 0x57e04fff] PGTABLE
[    0.015038] BRK [0x57e05000, 0x57e05fff] PGTABLE
[    0.015351] BRK [0x57e06000, 0x57e06fff] PGTABLE
[    0.016792] BRK [0x57e07000, 0x57e07fff] PGTABLE
[    0.017074] BRK [0x57e08000, 0x57e08fff] PGTABLE
[    0.017312] BRK [0x57e09000, 0x57e09fff] PGTABLE
[    0.017612] BRK [0x57e0a000, 0x57e0afff] PGTABLE
[    0.017954] BRK [0x57e0b000, 0x57e0bfff] PGTABLE
[    0.018191] Secure boot could not be determined
[    0.018206] ACPI: Early table checksum verification disabled
[    0.018217] ACPI: RSDP 0x000000009D3F3000 000024 (v02 _ASUS_)
[    0.018229] ACPI: XSDT 0x000000009D3F3088 000094 (v01 _ASUS_ Notebook 01072009 AMI  00010013)
[    0.018246] ACPI: FACP 0x000000009D400748 00010C (v05 _ASUS_ Notebook 01072009 AMI  00010013)
[    0.018262] ACPI BIOS Warning (bug): Optional FADT field Pm2ControlBlock has valid Length but zero Address: 0x0000000000000000/0x1 (20190509/tbfadt-615)
[    0.018276] ACPI: DSDT 0x000000009D3F31A8 00D59D (v02 _ASUS_ Notebook 00000000 INTL 20091112)
[    0.018287] ACPI: FACS 0x000000009DC4B080 000040
[    0.018296] ACPI: APIC 0x000000009D400858 00007E (v03 _ASUS_ Notebook 01072009 AMI  00010013)
[    0.018307] ACPI: FPDT 0x000000009D4008D8 000044 (v01 _ASUS_ Notebook 01072009 AMI  00010013)
[    0.018318] ACPI: ECDT 0x000000009D400920 0000C1 (v01 _ASUS_ Notebook 01072009 AMI. 00000005)
[    0.018328] ACPI: MCFG 0x000000009D4009E8 00003C (v01 _ASUS_ Notebook 01072009 MSFT 00010013)
[    0.018338] ACPI: HPET 0x000000009D400A28 000038 (v01 _ASUS_ Notebook 01072009 AMI  00000005)
[    0.018349] ACPI: VFCT 0x000000009D400A60 004684 (v01 _ASUS_ Notebook 00000001 AMD  31504F47)
[    0.018360] ACPI: BGRT 0x000000009D4050E8 000038 (v00 _ASUS_ Notebook 01072009 ASUS 00010013)
[    0.018370] ACPI: SSDT 0x000000009D405120 0005E0 (v01 AMD    AGESA    00000001 AMD  00000001)
[    0.018381] ACPI: SSDT 0x000000009D405700 0046D1 (v02 AMD    AGESA    00000002 MSFT 04000000)
[    0.018391] ACPI: CRAT 0x000000009D409DD8 000228 (v01 AMD    AGESA    00000001 AMD  00000001)
[    0.018402] ACPI: SSDT 0x000000009D40A000 001411 (v01 AMD    CPMDFIGP 00000001 INTL 20051117)
[    0.018412] ACPI: SSDT 0x000000009D40B418 0010E8 (v01 AMD    CPMCMN   00000001 INTL 20051117)
[    0.018423] ACPI: MSDM 0x000000009D127F98 000055 (v03 _ASUS_ Notebook 00000000 ASUS 00000001)
[    0.018450] ACPI: Local APIC address 0xfee00000
[    0.018711] No NUMA configuration found
[    0.018715] Faking a node at [mem 0x0000000000000000-0x000000013effffff]
[    0.018728] NODE_DATA(0) allocated [mem 0x13effa000-0x13effdfff]
[    0.018781] Zone ranges:
[    0.018785]   DMA      [mem 0x0000000000001000-0x0000000000ffffff]
[    0.018790]   DMA32    [mem 0x0000000001000000-0x00000000ffffffff]
[    0.018794]   Normal   [mem 0x0000000100000000-0x000000013effffff]
[    0.018798] Movable zone start for each node
[    0.018801] Early memory node ranges
[    0.018804]   node   0: [mem 0x0000000000001000-0x000000000009ffff]
[    0.018808]   node   0: [mem 0x0000000000100000-0x000000009d0f7fff]
[    0.018811]   node   0: [mem 0x000000009d128000-0x000000009d370fff]
[    0.018814]   node   0: [mem 0x000000009e9cb000-0x000000009e9cbfff]
[    0.018818]   node   0: [mem 0x000000009e9d4000-0x000000009eb24fff]
[    0.018821]   node   0: [mem 0x000000009f042000-0x000000009f080fff]
[    0.018824]   node   0: [mem 0x000000009f3f2000-0x000000009f3fffff]
[    0.018827]   node   0: [mem 0x0000000100001000-0x000000013effffff]
[    0.019149] Zeroed struct page in unavailable ranges: 11138 pages
[    0.019157] Initmem setup node 0 [mem 0x0000000000001000-0x000000013effffff]
[    0.019165] On node 0 totalpages: 902270
[    0.019168]   DMA zone: 64 pages used for memmap
[    0.019170]   DMA zone: 23 pages reserved
[    0.019173]   DMA zone: 3999 pages, LIFO batch:0
[    0.019389]   DMA32 zone: 10004 pages used for memmap
[    0.019391]   DMA32 zone: 640224 pages, LIFO batch:63
[    0.058967]   Normal zone: 4032 pages used for memmap
[    0.058974]   Normal zone: 258047 pages, LIFO batch:63
[    0.072093] ACPI: PM-Timer IO Port: 0x808
[    0.072105] ACPI: Local APIC address 0xfee00000
[    0.072123] ACPI: LAPIC_NMI (acpi_id[0xff] high edge lint[0x1])
[    0.072140] IOAPIC[0]: apic_id 3, version 33, address 0xfec00000, GSI 0-23
[    0.072151] IOAPIC[1]: apic_id 4, version 33, address 0xfec01000, GSI 24-55
[    0.072158] ACPI: INT_SRC_OVR (bus 0 bus_irq 0 global_irq 2 dfl dfl)
[    0.072164] ACPI: INT_SRC_OVR (bus 0 bus_irq 9 global_irq 9 low level)
[    0.072169] ACPI: IRQ0 used by override.
[    0.072171] ACPI: IRQ9 used by override.
[    0.072176] Using ACPI (MADT) for SMP configuration information
[    0.072181] ACPI: HPET id: 0x10228210 base: 0xfed00000
[    0.072197] smpboot: Allowing 4 CPUs, 2 hotplug CPUs
[    0.072270] PM: Registered nosave memory: [mem 0x00000000-0x00000fff]
[    0.072277] PM: Registered nosave memory: [mem 0x000a0000-0x000fffff]
[    0.072284] PM: Registered nosave memory: [mem 0x9d0f8000-0x9d127fff]
[    0.072290] PM: Registered nosave memory: [mem 0x9d371000-0x9dc56fff]
[    0.072293] PM: Registered nosave memory: [mem 0x9dc57000-0x9e959fff]
[    0.072296] PM: Registered nosave memory: [mem 0x9e95a000-0x9e9cafff]
[    0.072302] PM: Registered nosave memory: [mem 0x9e9cc000-0x9e9d3fff]
[    0.072309] PM: Registered nosave memory: [mem 0x9eb25000-0x9f041fff]
[    0.072315] PM: Registered nosave memory: [mem 0x9f081000-0x9f3f1fff]
[    0.072322] PM: Registered nosave memory: [mem 0x9f400000-0xfebfffff]
[    0.072325] PM: Registered nosave memory: [mem 0xfec00000-0xfec01fff]
[    0.072327] PM: Registered nosave memory: [mem 0xfec02000-0xfec0ffff]
[    0.072330] PM: Registered nosave memory: [mem 0xfec10000-0xfec10fff]
[    0.072333] PM: Registered nosave memory: [mem 0xfec11000-0xfecfffff]
[    0.072335] PM: Registered nosave memory: [mem 0xfed00000-0xfed00fff]
[    0.072338] PM: Registered nosave memory: [mem 0xfed01000-0xfed7ffff]
[    0.072341] PM: Registered nosave memory: [mem 0xfed80000-0xfed8ffff]
[    0.072344] PM: Registered nosave memory: [mem 0xfed90000-0xfeffffff]
[    0.072346] PM: Registered nosave memory: [mem 0xff000000-0xffffffff]
[    0.072349] PM: Registered nosave memory: [mem 0x100000000-0x100000fff]
[    0.072356] [mem 0x9f400000-0xfebfffff] available for PCI devices
[    0.072367] clocksource: refined-jiffies: mask: 0xffffffff max_cycles: 0xffffffff, max_idle_ns: 19112604462750000 ns
[    0.492305] setup_percpu: NR_CPUS:64 nr_cpumask_bits:64 nr_cpu_ids:4 nr_node_ids:1
[    0.493501] percpu: Embedded 51 pages/cpu s170008 r8192 d30696 u524288
[    0.493540] pcpu-alloc: s170008 r8192 d30696 u524288 alloc=1*2097152
[    0.493543] pcpu-alloc: [0] 0 1 2 3 
[    0.493622] Built 1 zonelists, mobility grouping on.  Total pages: 888147
[    0.493627] Policy zone: Normal
[    0.493634] Kernel command line: BOOT_IMAGE=/boot/bzImage root=/dev/sda2 ro
[    0.558469] Memory: 3432168K/3609080K available (14357K kernel code, 1433K rwdata, 4456K rodata, 1296K init, 856K bss, 176912K reserved, 0K cma-reserved)
[    0.558696] SLUB: HWalign=64, Order=0-3, MinObjects=0, CPUs=4, Nodes=1
[    0.558931] rcu: Hierarchical RCU implementation.
[    0.558935] rcu: 	RCU event tracing is enabled.
[    0.558939] rcu: 	RCU restricting CPUs from NR_CPUS=64 to nr_cpu_ids=4.
[    0.558944] rcu: RCU calculated value of scheduler-enlistment delay is 10 jiffies.
[    0.558948] rcu: Adjusting geometry for rcu_fanout_leaf=16, nr_cpu_ids=4
[    0.559540] NR_IRQS: 4352, nr_irqs: 1000, preallocated irqs: 16
[    0.560017] random: get_random_bytes called from start_kernel+0x2c6/0x493 with crng_init=0
[    0.560101] Console: colour dummy device 80x25
[    0.560779] printk: console [tty0] enabled
[    0.560827] ACPI: Core revision 20190509
[    0.561516] clocksource: hpet: mask: 0xffffffff max_cycles: 0xffffffff, max_idle_ns: 133484873504 ns
[    0.561545] hpet clockevent registered
[    0.561557] APIC: Switch to symmetric I/O mode setup
[    0.562304] ..TIMER: vector=0x30 apic1=0 pin1=2 apic2=-1 pin2=-1
[    0.611562] clocksource: tsc-early: mask: 0xffffffffffffffff max_cycles: 0x1cc5bae1db0, max_idle_ns: 881590436104 ns
[    0.611578] Calibrating delay loop (skipped), value calculated using timer frequency.. 1996.08 BogoMIPS (lpj=9980420)
[    0.611594] pid_max: default: 32768 minimum: 301
[    0.614197] LSM: Security Framework initializing
[    0.614233] SELinux:  Initializing.
[    0.614267] *** VALIDATE SELinux ***
[    0.616518] Dentry cache hash table entries: 524288 (order: 10, 4194304 bytes)
[    0.617703] Inode-cache hash table entries: 262144 (order: 9, 2097152 bytes)
[    0.617805] Mount-cache hash table entries: 8192 (order: 4, 65536 bytes)
[    0.617851] Mountpoint-cache hash table entries: 8192 (order: 4, 65536 bytes)
[    0.618248] *** VALIDATE proc ***
[    0.618337] *** VALIDATE cgroup1 ***
[    0.618347] *** VALIDATE cgroup2 ***
[    0.618452] LVT offset 1 assigned for vector 0xf9
[    0.618469] Last level iTLB entries: 4KB 512, 2MB 8, 4MB 4
[    0.618477] Last level dTLB entries: 4KB 512, 2MB 256, 4MB 128, 1GB 0
[    0.618487] Spectre V2 : Mitigation: Full AMD retpoline
[    0.618493] Spectre V2 : Spectre v2 / SpectreRSB mitigation: Filling RSB on context switch
[    0.618504] Speculative Store Bypass: Mitigation: Speculative Store Bypass disabled via prctl and seccomp
[    0.619081] Freeing SMP alternatives memory: 40K
[    0.631576] smpboot: CPU0: AMD A4-1200 APU with Radeon(TM) HD Graphics (family: 0x16, model: 0x0, stepping: 0x1)
[    0.631576] Performance Events: AMD PMU driver.
[    0.631576] ... version:                0
[    0.631576] ... bit width:              48
[    0.631576] ... generic registers:      4
[    0.631576] ... value mask:             0000ffffffffffff
[    0.631576] ... max period:             00007fffffffffff
[    0.631576] ... fixed-purpose events:   0
[    0.631576] ... event mask:             000000000000000f
[    0.631576] rcu: Hierarchical SRCU implementation.
[    0.631576] MCE: In-kernel MCE decoding enabled.
[    0.631576] smp: Bringing up secondary CPUs ...
[    0.631576] x86: Booting SMP configuration:
[    0.631576] .... node  #0, CPUs:      #1
[    0.631576] smp: Brought up 1 node, 2 CPUs
[    0.631576] smpboot: Max logical packages: 2
[    0.631576] smpboot: Total of 2 processors activated (3992.16 BogoMIPS)
[    0.631576] devtmpfs: initialized
[    0.631576] PM: Registering ACPI NVS region [mem 0x9d371000-0x9dc56fff] (9330688 bytes)
[    0.631576] PM: Registering ACPI NVS region [mem 0x9e9cc000-0x9e9d3fff] (32768 bytes)
[    0.631576] clocksource: jiffies: mask: 0xffffffff max_cycles: 0xffffffff, max_idle_ns: 19112604462750000 ns
[    0.631576] futex hash table entries: 1024 (order: 4, 65536 bytes)
[    0.631576] kworker/u8:0 (22) used greatest stack depth: 14624 bytes left
[    0.631576] NET: Registered protocol family 16
[    0.631576] audit: initializing netlink subsys (disabled)
[    0.631576] audit: type=2000 audit(1562054276.060:1): state=initialized audit_enabled=0 res=1
[    0.631576] cpuidle: using governor ladder
[    0.631576] cpuidle: using governor menu
[    0.631576] ACPI FADT declares the system doesn't support PCIe ASPM, so disable it
[    0.631576] ACPI: bus type PCI registered
[    0.631576] PCI: MMCONFIG for domain 0000 [bus 00-ff] at [mem 0xe0000000-0xefffffff] (base 0xe0000000)
[    0.631576] PCI: not using MMCONFIG
[    0.631576] PCI: Using configuration type 1 for base access
[    0.631576] PCI: Using configuration type 1 for extended access
[    0.631611] rq->curr == THREAD(this messg)
[    0.631612] state TASK_RUNNING
[    0.631625] color, tsk->comm, weight, vruntime, state: -121432784154215 kworker/u8:1 1048576 47833273 0
[    0.631632] color, tsk->comm, weight, vruntime, state: -121432784164584 kworker/u8:1 1048576 47833273 0
[    0.631644] color, tsk->comm, weight, vruntime, state: -121432784154215 kworker/u8:1 1048576 47833273 0
[    0.631656] color, tsk->comm, weight, vruntime, state: 1 kworker/u8:1 1048576 48047560 0
[    0.631668] color, tsk->comm, weight, vruntime, state: -121432776381287 kworker/u8:1 1048576 48333274 0
[    0.631678] color, tsk->comm, weight, vruntime, state: -121432784164584 kworker/u8:1 1048576 48733273 0
[    0.631690] color, tsk->comm, weight, vruntime, state: -121432776381287 kworker/u8:1 1048576 49333273 0
[    0.631699] proc in rq 7
[    0.631710] rq->nr_running rq->cfs.nr_running : 8 8
[    0.631720] rq->load.weight, rq->cfs.load.weight : 8388608 8388608
[    0.631721] ----------------^^^^CPU0^^^^^-----------------------
[    0.631728] rq->curr->pid == 1
[    0.631735] state TASK_RUNNING
[    0.631743] color, tsk->comm, weight, vruntime, state: -121432784174952 kworker/u8:0 1048576 28351403 0
[    0.631750] color, tsk->comm, weight, vruntime, state: -121432776384743 kworker/u8:1 1048576 34351403 0
[    0.631761] color, tsk->comm, weight, vruntime, state: 1 kworker/u8:1 1048576 34951403 0
[    0.631773] color, tsk->comm, weight, vruntime, state: -121432776384743 kthreadd 1048576 37351400 0
[    0.631781] proc in rq 4
[    0.631791] rq->nr_running rq->cfs.nr_running : 5 5
[    0.631801] rq->load.weight, rq->cfs.load.weight : 5242880 5242880
[    0.631803] ----------------^^^^CPU1^^^^^-----------------------
[    0.631810] rq->curr->pid == 0
[    0.631816] state TASK_RUNNING
[    0.631822] proc in rq 0
[    0.631828] rq->nr_running rq->cfs.nr_running : 0 0
[    0.631838] rq->load.weight, rq->cfs.load.weight : 0 0
[    0.631839] ----------------^^^^CPU2^^^^^-----------------------
[    0.631846] rq->curr->pid == 0
[    0.631852] state TASK_RUNNING
[    0.631858] proc in rq 0
[    0.631863] rq->nr_running rq->cfs.nr_running : 0 0
[    0.631873] rq->load.weight, rq->cfs.load.weight : 0 0
[    0.631875] ----------------^^^^CPU3^^^^^-----------------------
[    0.647386] kworker/u8:0 (47) used greatest stack depth: 14160 bytes left
[    0.691627] HugeTLB registered 2.00 MiB page size, pre-allocated 0 pages
[    0.696680] ACPI: Added _OSI(Module Device)
[    0.696680] ACPI: Added _OSI(Processor Device)
[    0.696680] ACPI: Added _OSI(3.0 _SCP Extensions)
[    0.696680] ACPI: Added _OSI(Processor Aggregator Device)
[    0.696680] ACPI: Added _OSI(Linux-Dell-Video)
[    0.696680] ACPI: Added _OSI(Linux-Lenovo-NV-HDMI-Audio)
[    0.696680] ACPI: Added _OSI(Linux-HPI-Hybrid-Graphics)
[    0.731678] ACPI: 5 ACPI AML tables successfully acquired and loaded
[    0.735263] ACPI: EC: EC started
[    0.735273] ACPI: EC: interrupt blocked
[    0.737718] ACPI: \: Used as first EC
[    0.737731] ACPI: \: GPE=0x3, EC_CMD/EC_SC=0x66, EC_DATA=0x62
[    0.737738] ACPI: EC: Boot ECDT EC used to handle transactions
[    0.743262] ACPI: [Firmware Bug]: BIOS _OSI(Linux) query ignored
[    0.747908] ACPI: Interpreter enabled
[    0.747991] ACPI: (supports S0 S3 S4 S5)
[    0.748001] ACPI: Using IOAPIC for interrupt routing
[    0.751593] PCI: MMCONFIG for domain 0000 [bus 00-ff] at [mem 0xe0000000-0xefffffff] (base 0xe0000000)
[    0.751593] PCI: MMCONFIG at [mem 0xe0000000-0xefffffff] reserved in ACPI motherboard resources
[    0.751593] PCI: Using host bridge windows from ACPI; if necessary, use "pci=nocrs" and report a bug
[    0.751593] ACPI: Enabled 3 GPEs in block 00 to 1F
[    0.784718] ACPI: PCI Root Bridge [PCI0] (domain 0000 [bus 00-ff])
[    0.784752] acpi PNP0A08:00: _OSC: OS supports [ExtendedConfig ASPM ClockPM Segments MSI HPX-Type3]
[    0.785386] acpi PNP0A08:00: _OSC: platform does not support [LTR]
[    0.785978] acpi PNP0A08:00: _OSC: OS now controls [PME AER PCIeCapability]
[    0.785991] acpi PNP0A08:00: FADT indicates ASPM is unsupported, using BIOS configuration
[    0.786551] PCI host bridge to bus 0000:00
[    0.786566] pci_bus 0000:00: root bus resource [io  0x0000-0x03af window]
[    0.786577] pci_bus 0000:00: root bus resource [io  0x03e0-0x0cf7 window]
[    0.786588] pci_bus 0000:00: root bus resource [io  0x03b0-0x03df window]
[    0.786599] pci_bus 0000:00: root bus resource [io  0x0d00-0xffff window]
[    0.786610] pci_bus 0000:00: root bus resource [mem 0x000a0000-0x000bffff window]
[    0.786622] pci_bus 0000:00: root bus resource [mem 0x000c0000-0x000dffff window]
[    0.786634] pci_bus 0000:00: root bus resource [mem 0xc0000000-0xffffffff window]
[    0.786647] pci_bus 0000:00: root bus resource [bus 00-ff]
[    0.786676] pci 0000:00:00.0: [1022:1536] type 00 class 0x060000
[    0.786965] pci 0000:00:01.0: [1002:9839] type 00 class 0x030000
[    0.787006] pci 0000:00:01.0: reg 0x10: [mem 0xc0000000-0xcfffffff 64bit pref]
[    0.787030] pci 0000:00:01.0: reg 0x18: [mem 0xd0000000-0xd07fffff 64bit pref]
[    0.787050] pci 0000:00:01.0: reg 0x20: [io  0xf000-0xf0ff]
[    0.787068] pci 0000:00:01.0: reg 0x24: [mem 0xfeb00000-0xfeb3ffff]
[    0.787086] pci 0000:00:01.0: reg 0x30: [mem 0xfeb40000-0xfeb5ffff pref]
[    0.787100] pci 0000:00:01.0: enabling Extended Tags
[    0.787130] pci 0000:00:01.0: BAR 0: assigned to efifb
[    0.787186] pci 0000:00:01.0: supports D1 D2
[    0.787197] pci 0000:00:01.0: PME# supported from D1 D2 D3hot
[    0.787429] pci 0000:00:01.1: [1002:9840] type 00 class 0x040300
[    0.787464] pci 0000:00:01.1: reg 0x10: [mem 0xfeb64000-0xfeb67fff 64bit]
[    0.787503] pci 0000:00:01.1: enabling Extended Tags
[    0.787570] pci 0000:00:01.1: supports D1 D2
[    0.787770] pci 0000:00:02.0: [1022:1538] type 00 class 0x060000
[    0.788015] pci 0000:00:02.2: [1022:1439] type 01 class 0x060400
[    0.788085] pci 0000:00:02.2: enabling Extended Tags
[    0.788166] pci 0000:00:02.2: PME# supported from D0 D3hot D3cold
[    0.788407] pci 0000:00:02.3: [1022:1439] type 01 class 0x060400
[    0.788475] pci 0000:00:02.3: enabling Extended Tags
[    0.788553] pci 0000:00:02.3: PME# supported from D0 D3hot D3cold
[    0.788818] pci 0000:00:10.0: [1022:7814] type 00 class 0x0c0330
[    0.788862] pci 0000:00:10.0: reg 0x10: [mem 0xfeb68000-0xfeb69fff 64bit]
[    0.789002] pci 0000:00:10.0: PME# supported from D0 D3hot D3cold
[    0.789247] pci 0000:00:11.0: [1022:7801] type 00 class 0x010601
[    0.789284] pci 0000:00:11.0: reg 0x10: [io  0xf140-0xf147]
[    0.789303] pci 0000:00:11.0: reg 0x14: [io  0xf130-0xf133]
[    0.789322] pci 0000:00:11.0: reg 0x18: [io  0xf120-0xf127]
[    0.789340] pci 0000:00:11.0: reg 0x1c: [io  0xf110-0xf113]
[    0.789358] pci 0000:00:11.0: reg 0x20: [io  0xf100-0xf10f]
[    0.789377] pci 0000:00:11.0: reg 0x24: [mem 0xfeb6f000-0xfeb6f3ff]
[    0.789454] pci 0000:00:11.0: PME# supported from D3hot
[    0.789671] pci 0000:00:12.0: [1022:7807] type 00 class 0x0c0310
[    0.789699] pci 0000:00:12.0: reg 0x10: [mem 0xfeb6e000-0xfeb6efff]
[    0.789959] pci 0000:00:12.2: [1022:7808] type 00 class 0x0c0320
[    0.789994] pci 0000:00:12.2: reg 0x10: [mem 0xfeb6d000-0xfeb6d0ff]
[    0.790097] pci 0000:00:12.2: supports D1 D2
[    0.790108] pci 0000:00:12.2: PME# supported from D0 D1 D2 D3hot D3cold
[    0.790325] pci 0000:00:13.0: [1022:7807] type 00 class 0x0c0310
[    0.790353] pci 0000:00:13.0: reg 0x10: [mem 0xfeb6c000-0xfeb6cfff]
[    0.790611] pci 0000:00:13.2: [1022:7808] type 00 class 0x0c0320
[    0.790646] pci 0000:00:13.2: reg 0x10: [mem 0xfeb6b000-0xfeb6b0ff]
[    0.790749] pci 0000:00:13.2: supports D1 D2
[    0.790759] pci 0000:00:13.2: PME# supported from D0 D1 D2 D3hot D3cold
[    0.790973] pci 0000:00:14.0: [1022:780b] type 00 class 0x0c0500
[    0.791237] pci 0000:00:14.2: [1022:780d] type 00 class 0x040300
[    0.791275] pci 0000:00:14.2: reg 0x10: [mem 0xfeb60000-0xfeb63fff 64bit]
[    0.791365] pci 0000:00:14.2: PME# supported from D0 D3hot D3cold
[    0.791571] pci 0000:00:14.3: [1022:780e] type 00 class 0x060100
[    0.794790] pci 0000:00:14.7: [1022:7813] type 00 class 0x080501
[    0.794839] pci 0000:00:14.7: reg 0x10: [mem 0xfeb6a000-0xfeb6a0ff 64bit]
[    0.795107] pci 0000:00:18.0: [1022:1530] type 00 class 0x060000
[    0.795376] pci 0000:00:18.1: [1022:1531] type 00 class 0x060000
[    0.795631] pci 0000:00:18.2: [1022:1532] type 00 class 0x060000
[    0.795887] pci 0000:00:18.3: [1022:1533] type 00 class 0x060000
[    0.796156] pci 0000:00:18.4: [1022:1534] type 00 class 0x060000
[    0.796407] pci 0000:00:18.5: [1022:1535] type 00 class 0x060000
[    0.796867] pci 0000:01:00.0: [168c:0032] type 00 class 0x028000
[    0.796924] pci 0000:01:00.0: reg 0x10: [mem 0xfea00000-0xfea7ffff 64bit]
[    0.796988] pci 0000:01:00.0: reg 0x30: [mem 0xfea80000-0xfea8ffff pref]
[    0.797123] pci 0000:01:00.0: supports D1 D2
[    0.797134] pci 0000:01:00.0: PME# supported from D0 D1 D2 D3hot D3cold
[    0.797471] pci 0000:00:02.2: PCI bridge to [bus 01]
[    0.797492] pci 0000:00:02.2:   bridge window [mem 0xfea00000-0xfeafffff]
[    0.797680] pci 0000:02:00.0: [10ec:8136] type 00 class 0x020000
[    0.797749] pci 0000:02:00.0: reg 0x10: [io  0xe000-0xe0ff]
[    0.797794] pci 0000:02:00.0: reg 0x18: [mem 0xd0804000-0xd0804fff 64bit pref]
[    0.797829] pci 0000:02:00.0: reg 0x20: [mem 0xd0800000-0xd0803fff 64bit pref]
[    0.798000] pci 0000:02:00.0: supports D1 D2
[    0.798011] pci 0000:02:00.0: PME# supported from D0 D1 D2 D3hot D3cold
[    0.798368] pci 0000:00:02.3: PCI bridge to [bus 02]
[    0.798389] pci 0000:00:02.3:   bridge window [io  0xe000-0xefff]
[    0.798407] pci 0000:00:02.3:   bridge window [mem 0xd0800000-0xd08fffff 64bit pref]
[    0.805181] ACPI: PCI Interrupt Link [LNKA] (IRQs 4 7 10 11 14 15) *0
[    0.805181] ACPI: PCI Interrupt Link [LNKB] (IRQs 4 7 10 11 14 15) *0
[    0.805181] ACPI: PCI Interrupt Link [LNKC] (IRQs 4 7 10 11 14 15) *0
[    0.805181] ACPI: PCI Interrupt Link [LNKD] (IRQs 4 7 10 11 14 15) *0
[    0.805181] ACPI: PCI Interrupt Link [LNKE] (IRQs 4 7 10 11 14 15) *0
[    0.805181] ACPI: PCI Interrupt Link [LNKF] (IRQs 4 7 10 11 14 15) *0
[    0.805181] ACPI: PCI Interrupt Link [LNKG] (IRQs 4 7 10 11 14 15) *0
[    0.805181] ACPI: PCI Interrupt Link [LNKH] (IRQs 4 7 10 11 14 15) *0
[    0.805189] ACPI: EC: interrupt unblocked
[    0.805189] ACPI: EC: event unblocked
[    0.805189] ACPI: \_SB_.PCI0.SBRG.EC0_: GPE=0x3, EC_CMD/EC_SC=0x66, EC_DATA=0x62
[    0.805189] ACPI: \_SB_.PCI0.SBRG.EC0_: Boot DSDT EC used to handle transactions and events
[    0.807794] pci 0000:00:01.0: vgaarb: setting as boot VGA device
[    0.807794] pci 0000:00:01.0: vgaarb: VGA device added: decodes=io+mem,owns=io+mem,locks=none
[    0.807794] pci 0000:00:01.0: vgaarb: bridge control possible
[    0.807794] vgaarb: loaded
[    0.807794] SCSI subsystem initialized
[    0.809142] libata version 3.00 loaded.
[    0.809142] ACPI: bus type USB registered
[    0.809142] usbcore: registered new interface driver usbfs
[    0.809142] usbcore: registered new interface driver hub
[    0.809142] usbcore: registered new device driver usb
[    0.809142] pps_core: LinuxPPS API ver. 1 registered
[    0.809142] pps_core: Software ver. 5.3.6 - Copyright 2005-2007 Rodolfo Giometti <giometti@linux.it>
[    0.809142] PTP clock support registered
[    0.810315] EDAC MC: Ver: 3.0.0
[    0.810315] Registered efivars operations
[    0.812186] Advanced Linux Sound Architecture Driver Initialized.
[    0.812263] PCI: Using ACPI for IRQ routing
[    0.821436] PCI: pci_cache_line_size set to 64 bytes
[    0.821552] e820: reserve RAM buffer [mem 0x9d0f8000-0x9fffffff]
[    0.821558] e820: reserve RAM buffer [mem 0x9d371000-0x9fffffff]
[    0.821564] e820: reserve RAM buffer [mem 0x9e9cc000-0x9fffffff]
[    0.821567] e820: reserve RAM buffer [mem 0x9eb25000-0x9fffffff]
[    0.821571] e820: reserve RAM buffer [mem 0x9f081000-0x9fffffff]
[    0.821604] e820: reserve RAM buffer [mem 0x9f400000-0x9fffffff]
[    0.821607] e820: reserve RAM buffer [mem 0x13f000000-0x13fffffff]
[    0.822776] NetLabel: Initializing
[    0.822788] NetLabel:  domain hash size = 128
[    0.822795] NetLabel:  protocols = UNLABELED CIPSOv4 CALIPSO
[    0.822847] NetLabel:  unlabeled traffic allowed by default
[    0.823263] hpet0: at MMIO 0xfed00000, IRQs 2, 8, 0
[    0.823280] hpet0: 3 comparators, 32-bit 14.318180 MHz counter
[    0.831628] clocksource: Switched to clocksource tsc-early
[    0.882425] VFS: Disk quotas dquot_6.6.0
[    0.882495] VFS: Dquot-cache hash table entries: 512 (order 0, 4096 bytes)
[    0.882589] *** VALIDATE hugetlbfs ***
[    0.882706] pnp: PnP ACPI init
[    0.883209] system 00:00: [mem 0xe0000000-0xefffffff] has been reserved
[    0.883304] system 00:00: Plug and Play ACPI device, IDs PNP0c01 (active)
[    0.883568] system 00:01: [mem 0xa0000000-0xbfffffff] has been reserved
[    0.883643] system 00:01: Plug and Play ACPI device, IDs PNP0c02 (active)
[    0.883908] system 00:02: Plug and Play ACPI device, IDs PNP0c02 (active)
[    0.884054] pnp 00:03: Plug and Play ACPI device, IDs PNP0b00 (active)
[    0.884286] system 00:04: [io  0x04d0-0x04d1] has been reserved
[    0.884359] system 00:04: Plug and Play ACPI device, IDs PNP0c02 (active)
[    0.884622] pnp 00:05: Plug and Play ACPI device, IDs ETD0108 SYN0a00 SYN0002 PNP0f03 PNP0f13 PNP0f12 (active)
[    0.884801] pnp 00:06: Plug and Play ACPI device, IDs ATK3001 PNP030b (active)
[    0.885658] system 00:07: [io  0x04d0-0x04d1] has been reserved
[    0.885672] system 00:07: [io  0x040b] has been reserved
[    0.885683] system 00:07: [io  0x04d6] has been reserved
[    0.885693] system 00:07: [io  0x0c00-0x0c01] has been reserved
[    0.885704] system 00:07: [io  0x0c14] has been reserved
[    0.885714] system 00:07: [io  0x0c50-0x0c51] has been reserved
[    0.885725] system 00:07: [io  0x0c52] has been reserved
[    0.885735] system 00:07: [io  0x0c6c] has been reserved
[    0.885745] system 00:07: [io  0x0c6f] has been reserved
[    0.885755] system 00:07: [io  0x0cd0-0x0cd1] has been reserved
[    0.885766] system 00:07: [io  0x0cd2-0x0cd3] has been reserved
[    0.885776] system 00:07: [io  0x0cd4-0x0cd5] has been reserved
[    0.885787] system 00:07: [io  0x0cd6-0x0cd7] has been reserved
[    0.885797] system 00:07: [io  0x0cd8-0x0cdf] has been reserved
[    0.885808] system 00:07: [io  0x0800-0x089f] has been reserved
[    0.885818] system 00:07: [io  0x0900-0x090f] has been reserved
[    0.885829] system 00:07: [io  0x0910-0x091f] has been reserved
[    0.885840] system 00:07: [io  0xfe00-0xfefe] has been reserved
[    0.885854] system 00:07: [mem 0xfec00000-0xfec00fff] could not be reserved
[    0.885866] system 00:07: [mem 0xfee00000-0xfee00fff] has been reserved
[    0.885877] system 00:07: [mem 0xfed80000-0xfed8ffff] has been reserved
[    0.885889] system 00:07: [mem 0xfed61000-0xfed70fff] has been reserved
[    0.885900] system 00:07: [mem 0xfec10000-0xfec10fff] has been reserved
[    0.885912] system 00:07: [mem 0xfed00000-0xfed00fff] could not be reserved
[    0.885924] system 00:07: [mem 0xff000000-0xffffffff] has been reserved
[    0.886006] system 00:07: Plug and Play ACPI device, IDs PNP0c02 (active)
[    0.886860] pnp: PnP ACPI: found 8 devices
[    0.901973] clocksource: acpi_pm: mask: 0xffffff max_cycles: 0xffffff, max_idle_ns: 2085701024 ns
[    0.902039] pci 0000:00:02.2: PCI bridge to [bus 01]
[    0.902059] pci 0000:00:02.2:   bridge window [mem 0xfea00000-0xfeafffff]
[    0.902078] pci 0000:00:02.3: PCI bridge to [bus 02]
[    0.902091] pci 0000:00:02.3:   bridge window [io  0xe000-0xefff]
[    0.902107] pci 0000:00:02.3:   bridge window [mem 0xd0800000-0xd08fffff 64bit pref]
[    0.902130] pci_bus 0000:00: resource 4 [io  0x0000-0x03af window]
[    0.902141] pci_bus 0000:00: resource 5 [io  0x03e0-0x0cf7 window]
[    0.902152] pci_bus 0000:00: resource 6 [io  0x03b0-0x03df window]
[    0.902162] pci_bus 0000:00: resource 7 [io  0x0d00-0xffff window]
[    0.902172] pci_bus 0000:00: resource 8 [mem 0x000a0000-0x000bffff window]
[    0.902183] pci_bus 0000:00: resource 9 [mem 0x000c0000-0x000dffff window]
[    0.902194] pci_bus 0000:00: resource 10 [mem 0xc0000000-0xffffffff window]
[    0.902205] pci_bus 0000:01: resource 1 [mem 0xfea00000-0xfeafffff]
[    0.902216] pci_bus 0000:02: resource 0 [io  0xe000-0xefff]
[    0.902226] pci_bus 0000:02: resource 2 [mem 0xd0800000-0xd08fffff 64bit pref]
[    0.902499] NET: Registered protocol family 2
[    0.911692] tcp_listen_portaddr_hash hash table entries: 2048 (order: 3, 32768 bytes)
[    0.911764] TCP established hash table entries: 32768 (order: 6, 262144 bytes)
[    0.911984] TCP bind hash table entries: 32768 (order: 7, 524288 bytes)
[    0.912218] TCP: Hash tables configured (established 32768 bind 32768)
[    0.912379] UDP hash table entries: 2048 (order: 4, 65536 bytes)
[    0.912438] UDP-Lite hash table entries: 2048 (order: 4, 65536 bytes)
[    0.912611] NET: Registered protocol family 1
[    0.921944] RPC: Registered named UNIX socket transport module.
[    0.921956] RPC: Registered udp transport module.
[    0.921963] RPC: Registered tcp transport module.
[    0.921970] RPC: Registered tcp NFSv4.1 backchannel transport module.
[    0.922512] pci 0000:00:01.0: Video device with shadowed ROM at [mem 0x000c0000-0x000dffff]
[    0.923026] pci 0000:00:12.0: enabling device (0000 -> 0002)
[    0.923652] pci 0000:00:12.2: PME# does not work under D3, disabling it
[    0.923676] pci 0000:00:13.0: enabling device (0000 -> 0002)
[    0.924287] pci 0000:00:13.2: PME# does not work under D3, disabling it
[    0.924374] PCI: CLS 64 bytes, default 64
[    0.924507] PCI-DMA: Using software bounce buffering for IO (SWIOTLB)
[    0.924519] software IO TLB: mapped [mem 0x97989000-0x9b989000] (64MB)
[    0.924711] amd_uncore: AMD NB counters detected
[    0.924728] amd_uncore: AMD LLC counters detected
[    0.924846] LVT offset 0 assigned for vector 0x400
[    0.924951] perf: AMD IBS detected (0x000000ff)
[    0.924972] kvm: no hardware support
[    0.925066] kvm: Nested Virtualization enabled
[    0.925078] kvm: Nested Paging enabled
[    0.926229] check: Scanning for low memory corruption every 60 seconds
[    0.928633] Initialise system trusted keyrings
[    0.929837] workingset: timestamp_bits=56 max_order=20 bucket_order=0
[    0.946198] fuse: init (API version 7.31)
[    0.947670] Key type asymmetric registered
[    0.947681] Asymmetric key parser 'x509' registered
[    0.947722] Block layer SCSI generic (bsg) driver version 0.4 loaded (major 249)
[    0.947735] io scheduler mq-deadline registered
[    0.947742] io scheduler kyber registered
[    0.948431] pcieport 0000:00:02.2: PME: Signaling with IRQ 25
[    0.948870] pcieport 0000:00:02.3: PME: Signaling with IRQ 27
[    0.949988] uvesafb: failed to execute /sbin/v86d
[    0.950002] uvesafb: make sure that the v86d helper is installed and executable
[    0.950013] uvesafb: Getting VBE info block failed (eax=0x4f00, err=-2)
[    0.950022] uvesafb: vbe_init() failed with -22
[    0.950039] uvesafb: probe of uvesafb.0 failed with error -22
[    0.950110] efifb: probing for efifb
[    0.950159] efifb: framebuffer at 0xc0000000, using 4224k, total 4224k
[    0.950169] efifb: mode is 1366x768x32, linelength=5632, pages=1
[    0.950175] efifb: scrolling: redraw
[    0.950184] efifb: Truecolor: size=8:8:8:8, shift=24:16:8:0
[    0.960823] Console: switching to colour frame buffer device 170x48
[    0.971021] fb0: EFI VGA frame buffer device
[    0.981759] ACPI: AC Adapter [AC0] (on-line)
[    0.982150] input: Power Button as /devices/LNXSYSTM:00/LNXSYBUS:00/PNP0C0C:00/input/input0
[    0.982311] ACPI: Power Button [PWRB]
[    0.982592] input: Lid Switch as /devices/LNXSYSTM:00/LNXSYBUS:00/PNP0C0D:00/input/input1
[    0.982740] ACPI: Lid Switch [LID]
[    0.983011] input: Sleep Button as /devices/LNXSYSTM:00/LNXSYBUS:00/PNP0C0E:00/input/input2
[    0.983175] ACPI: Sleep Button [SLPB]
[    0.983446] input: Power Button as /devices/LNXSYSTM:00/LNXPWRBN:00/input/input3
[    0.983586] ACPI: Power Button [PWRF]
[    0.994391] thermal LNXTHERM:00: registered as thermal_zone0
[    0.994501] ACPI: Thermal Zone [THRM] (42 C)
[    0.996829] Serial: 8250/16550 driver, 4 ports, IRQ sharing enabled
[    1.002833] Non-volatile memory driver v1.3
[    1.003046] Linux agpgart interface v0.103
[    1.010936] loop: module loaded
[    1.011565] ahci 0000:00:11.0: version 3.0
[    1.012031] ahci 0000:00:11.0: AHCI 0001.0300 32 slots 2 ports 6 Gbps 0x3 impl SATA mode
[    1.012172] ahci 0000:00:11.0: flags: 64bit ncq sntf ilck pm led clo pmp pio slum part 
[    1.017049] scsi host0: ahci
[    1.020888] scsi host1: ahci
[    1.024326] ata1: SATA max UDMA/133 abar m1024@0xfeb6f000 port 0xfeb6f100 irq 28
[    1.027556] ata2: SATA max UDMA/133 abar m1024@0xfeb6f000 port 0xfeb6f180 irq 28
[    1.031430] tun: Universal TUN/TAP device driver, 1.6
[    1.034777] e1000: Intel(R) PRO/1000 Network Driver - version 7.3.21-k8-NAPI
[    1.038008] e1000: Copyright (c) 1999-2006 Intel Corporation.
[    1.042260] e1000e: Intel(R) PRO/1000 Network Driver - 3.2.6-k
[    1.045489] e1000e: Copyright(c) 1999 - 2015 Intel Corporation.
[    1.049170] sky2: driver version 1.30
[    1.052517] r8169 0000:02:00.0: can't disable ASPM; OS doesn't have ASPM control
[    1.056711] libphy: r8169: probed
[    1.060454] r8169 0000:02:00.0 eth0: RTL8105e, 74:d0:2b:a3:a6:42, XID 40a, IRQ 30
[    1.064090] ath9k 0000:01:00.0: enabling device (0000 -> 0002)
[    1.067912] ath: phy0: Disable PLL PowerSave
[    1.078675] ath: phy0: ASPM enabled: 0x42
[    1.081896] ath: EEPROM regdomain: 0x60
[    1.081898] ath: EEPROM indicates we should expect a direct regpair map
[    1.081903] ath: Country alpha2 being used: 00
[    1.081905] ath: Regpair used: 0x60
[    1.084482] ieee80211 phy0: Selected rate control algorithm 'minstrel_ht'
[    1.085842] ieee80211 phy0: Atheros AR9485 Rev:1 mem=0xffffad37c2f00000, irq=31
[    1.092279] ehci_hcd: USB 2.0 'Enhanced' Host Controller (EHCI) Driver
[    1.095643] ehci-pci: EHCI PCI platform driver
[    1.108274] battery: ACPI: Battery Slot [BAT0] (battery present)
[    1.111878] ehci-pci 0000:00:12.2: EHCI Host Controller
[    1.115480] ehci-pci 0000:00:12.2: new USB bus registered, assigned bus number 1
[    1.118837] ehci-pci 0000:00:12.2: applying AMD SB700/SB800/Hudson-2/3 EHCI dummy qh workaround
[    1.122238] ehci-pci 0000:00:12.2: debug port 1
[    1.125862] ehci-pci 0000:00:12.2: irq 17, io mem 0xfeb6d000
[    1.155189] ehci-pci 0000:00:12.2: USB 2.0 started, EHCI 1.00
[    1.158603] usb usb1: New USB device found, idVendor=1d6b, idProduct=0002, bcdDevice= 5.02
[    1.161950] usb usb1: New USB device strings: Mfr=3, Product=2, SerialNumber=1
[    1.165260] usb usb1: Product: EHCI Host Controller
[    1.168499] usb usb1: Manufacturer: Linux 5.2.0-rc6+ ehci_hcd
[    1.171704] usb usb1: SerialNumber: 0000:00:12.2
[    1.175271] hub 1-0:1.0: USB hub found
[    1.178368] hub 1-0:1.0: 4 ports detected
[    1.183879] ehci-pci 0000:00:13.2: EHCI Host Controller
[    1.187087] ehci-pci 0000:00:13.2: new USB bus registered, assigned bus number 2
[    1.190128] ehci-pci 0000:00:13.2: applying AMD SB700/SB800/Hudson-2/3 EHCI dummy qh workaround
[    1.193206] ehci-pci 0000:00:13.2: debug port 1
[    1.196366] ehci-pci 0000:00:13.2: irq 17, io mem 0xfeb6b000
[    1.225172] ehci-pci 0000:00:13.2: USB 2.0 started, EHCI 1.00
[    1.228262] usb usb2: New USB device found, idVendor=1d6b, idProduct=0002, bcdDevice= 5.02
[    1.231345] usb usb2: New USB device strings: Mfr=3, Product=2, SerialNumber=1
[    1.234388] usb usb2: Product: EHCI Host Controller
[    1.237409] usb usb2: Manufacturer: Linux 5.2.0-rc6+ ehci_hcd
[    1.240394] usb usb2: SerialNumber: 0000:00:13.2
[    1.243790] hub 2-0:1.0: USB hub found
[    1.246779] hub 2-0:1.0: 4 ports detected
[    1.252034] ohci_hcd: USB 1.1 'Open' Host Controller (OHCI) Driver
[    1.255106] ohci-pci: OHCI PCI platform driver
[    1.258408] ohci-pci 0000:00:12.0: OHCI PCI host controller
[    1.261555] ohci-pci 0000:00:12.0: new USB bus registered, assigned bus number 3
[    1.264635] ohci-pci 0000:00:12.0: irq 18, io mem 0xfeb6e000
[    1.339303] usb usb3: New USB device found, idVendor=1d6b, idProduct=0001, bcdDevice= 5.02
[    1.342332] usb usb3: New USB device strings: Mfr=3, Product=2, SerialNumber=1
[    1.345339] usb usb3: Product: OHCI PCI host controller
[    1.348288] usb usb3: Manufacturer: Linux 5.2.0-rc6+ ohci_hcd
[    1.351210] usb usb3: SerialNumber: 0000:00:12.0
[    1.354497] hub 3-0:1.0: USB hub found
[    1.357381] hub 3-0:1.0: 4 ports detected
[    1.362684] ohci-pci 0000:00:13.0: OHCI PCI host controller
[    1.365592] ata2: SATA link down (SStatus 0 SControl 300)
[    1.368745] ohci-pci 0000:00:13.0: new USB bus registered, assigned bus number 4
[    1.371667] ohci-pci 0000:00:13.0: irq 18, io mem 0xfeb6c000
[    1.449311] usb usb4: New USB device found, idVendor=1d6b, idProduct=0001, bcdDevice= 5.02
[    1.452221] usb usb4: New USB device strings: Mfr=3, Product=2, SerialNumber=1
[    1.455123] usb usb4: Product: OHCI PCI host controller
[    1.457999] usb usb4: Manufacturer: Linux 5.2.0-rc6+ ohci_hcd
[    1.460850] usb usb4: SerialNumber: 0000:00:13.0
[    1.464079] hub 4-0:1.0: USB hub found
[    1.466967] hub 4-0:1.0: 4 ports detected
[    1.472037] uhci_hcd: USB Universal Host Controller Interface driver
[    1.475094] usbcore: registered new interface driver usblp
[    1.478240] usbcore: registered new interface driver usb-storage
[    1.481191] usbcore: registered new interface driver ch341
[    1.484024] usbserial: USB Serial support registered for ch341-uart
[    1.487156] i8042: PNP: PS/2 Controller [PNP030b:PS2K,PNP0f03:PS2M] at 0x60,0x64 irq 1,12
[    1.491819] i8042: Detected active multiplexing controller, rev 1.1
[    1.495815] serio: i8042 KBD port at 0x60,0x64 irq 1
[    1.498685] serio: i8042 AUX0 port at 0x60,0x64 irq 12
[    1.501652] serio: i8042 AUX1 port at 0x60,0x64 irq 12
[    1.504520] serio: i8042 AUX2 port at 0x60,0x64 irq 12
[    1.507282] serio: i8042 AUX3 port at 0x60,0x64 irq 12
[    1.510780] mousedev: PS/2 mouse device common for all mice
[    1.514443] rtc_cmos 00:03: RTC can wake from S4
[    1.517561] rtc_cmos 00:03: registered as rtc0
[    1.520252] rtc_cmos 00:03: alarms up to one month, y3k, 114 bytes nvram, hpet irqs
[    1.523605] device-mapper: ioctl: 4.40.0-ioctl (2019-01-18) initialised: dm-devel@redhat.com
[    1.526627] EFI Variables Facility v0.08 2004-May-17
[    1.539421] hidraw: raw HID events driver (C) Jiri Kosina
[    1.545687] usbcore: registered new interface driver usbhid
[    1.548488] usbhid: USB HID core driver
[    1.554158] input: AT Translated Set 2 keyboard as /devices/platform/i8042/serio0/input/input4
[    1.561594] snd_hda_intel 0000:00:01.1: enabling device (0000 -> 0002)
[    1.564754] snd_hda_intel 0000:00:01.1: Force to non-snoop mode
[    1.567656] ata1: SATA link up 6.0 Gbps (SStatus 133 SControl 300)
[    1.576543] Initializing XFRM netlink socket
[    1.577654] ata1.00: ATA-8: KINGSTON SV300S37A120G, 603ABBF0, max UDMA/133
[    1.580537] NET: Registered protocol family 10
[    1.582258] ata1.00: 234441648 sectors, multi 1: LBA48 NCQ (depth 32), AA
[    1.585885] snd_hda_codec_generic hdaudioC0D0: autoconfig for Generic: line_outs=0 (0x0/0x0/0x0/0x0/0x0) type:line
[    1.590972] snd_hda_codec_generic hdaudioC0D0:    speaker_outs=0 (0x0/0x0/0x0/0x0/0x0)
[    1.593773] ata1.00: configured for UDMA/133
[    1.594026] snd_hda_codec_generic hdaudioC0D0:    hp_outs=0 (0x0/0x0/0x0/0x0/0x0)
[    1.600160] snd_hda_codec_generic hdaudioC0D0:    mono: mono_out=0x0
[    1.603194] snd_hda_codec_generic hdaudioC0D0:    dig-out=0x3/0x0
[    1.606199] snd_hda_codec_generic hdaudioC0D0:    inputs:
[    1.609598] scsi 0:0:0:0: Direct-Access     ATA      KINGSTON SV300S3 BBF0 PQ: 0 ANSI: 5
[    1.613376] sd 0:0:0:0: [sda] 234441648 512-byte logical blocks: (120 GB/112 GiB)
[    1.617195] random: fast init done
[    1.623431] sd 0:0:0:0: Attached scsi generic sg0 type 0
[    1.626483] sd 0:0:0:0: [sda] Write Protect is off
[    1.629460] sd 0:0:0:0: [sda] Mode Sense: 00 3a 00 00
[    1.629519] sd 0:0:0:0: [sda] Write cache: enabled, read cache: enabled, doesn't support DPO or FUA
[    1.632031] rq->curr == THREAD(this messg)
[    1.632033] state TASK_RUNNING
[    1.635675] color, tsk->comm, weight, vruntime, state: 1 kworker/0:0 1048576 967106673 0
[    1.638683] color, tsk->comm, weight, vruntime, state: -121432777410920 kworker/u8:4 1048576 974606670 0
[    1.641873] proc in rq 2
[    1.645139] rq->nr_running rq->cfs.nr_running : 3 3
[    1.651501] rq->load.weight, rq->cfs.load.weight : 3145728 3145728
[    1.651503] ----------------^^^^CPU0^^^^^-----------------------
[    1.654711] rq->curr->pid == 1591
[    1.657860] state TASK_RUNNING
[    1.660998] color, tsk->comm, weight, vruntime, state: 1 kworker/1:3 1048576 772746963 0
[    1.664162] proc in rq 1
[    1.667484] rq->nr_running rq->cfs.nr_running : 2 2
[    1.674185] rq->load.weight, rq->cfs.load.weight : 2097152 2097152
[    1.674187] ----------------^^^^CPU1^^^^^-----------------------
[    1.677569] rq->curr->pid == 0
[    1.677579] snd_hda_codec_realtek hdaudioC1D0: autoconfig for ALC3229: line_outs=1 (0x14/0x0/0x0/0x0/0x0) type:speaker
[    1.680969] state TASK_RUNNING
[    1.680970] proc in rq 0
[    1.684343] snd_hda_codec_realtek hdaudioC1D0:    speaker_outs=0 (0x0/0x0/0x0/0x0/0x0)
[    1.687822] rq->nr_running rq->cfs.nr_running : 0 0
[    1.687826] rq->load.weight, rq->cfs.load.weight : 0 0
[    1.687827] ----------------^^^^CPU2^^^^^-----------------------
[    1.691238] snd_hda_codec_realtek hdaudioC1D0:    hp_outs=1 (0x21/0x0/0x0/0x0/0x0)
[    1.694609] rq->curr->pid == 0
[    1.694610] state TASK_RUNNING
[    1.698084] snd_hda_codec_realtek hdaudioC1D0:    mono: mono_out=0x0
[    1.701548] proc in rq 0
[    1.701550] rq->nr_running rq->cfs.nr_running : 0 0
[    1.704988] snd_hda_codec_realtek hdaudioC1D0:    inputs:
[    1.708352] rq->load.weight, rq->cfs.load.weight : 0 0
[    1.708354] ----------------^^^^CPU3^^^^^-----------------------
[    1.711823] snd_hda_codec_realtek hdaudioC1D0:      Mic=0x19
[    1.715784] Segment Routing with IPv6
[    1.719606] input: HDA ATI HDMI HDMI as /devices/pci0000:00/0000:00:01.1/sound/card0/input7
[    1.722425] sit: IPv6, IPv4 and MPLS over IPv4 tunneling driver
[    1.752707]  sda: sda1 sda2 sda3 sda4 sda5 sda6
[    1.756697] NET: Registered protocol family 17
[    1.758003] sd 0:0:0:0: [sda] Attached SCSI disk
[    1.763692] mce: Using 6 MCE banks
[    1.767070] microcode: CPU0: patch_level=0x0700010b
[    1.770364] microcode: CPU1: patch_level=0x0700010b
[    1.781950] microcode: Microcode Update Driver: v2.2.
[    1.782005] sched_clock: Marking stable (1779919962, 1662995)->(1901645123, -120062166)
[    1.791916] registered taskstats version 1
[    1.793311] input: HD-Audio Generic Headphone as /devices/pci0000:00/0000:00:14.2/sound/card1/input14
[    1.795126] Loading compiled-in X.509 certificates
[    1.802975] acpi_cpufreq: overriding BIOS provided _PSD data
[    1.806832] cfg80211: Loading compiled-in X.509 certificates for regulatory database
[    1.811672] cfg80211: Loaded X.509 cert 'sforshee: 00b28ddf47aef9cea7'
[    1.815009] ALSA device list:
[    1.818291]   #0: HDA ATI HDMI at 0xfeb64000 irq 33
[    1.821704] platform regulatory.0: Direct firmware load for regulatory.db failed with error -2
[    1.825100] cfg80211: failed to load regulatory.db
[    1.828562]   #1: HD-Audio Generic at 0xfeb60000 irq 16
[    2.001601] tsc: Refined TSC clocksource calibration: 998.128 MHz
[    2.004981] clocksource: tsc: mask: 0xffffffffffffffff max_cycles: 0x1cc65d64e77, max_idle_ns: 881590512558 ns
[    2.011592] clocksource: Switched to clocksource tsc
[    2.111606] usb 4-2: new full-speed USB device number 2 using ohci-pci
[    2.384411] usb 4-2: New USB device found, idVendor=13d3, idProduct=3362, bcdDevice= 0.01
[    2.387815] usb 4-2: New USB device strings: Mfr=1, Product=2, SerialNumber=3
[    2.391234] usb 4-2: Product: Bluetooth USB Host Controller
[    2.394623] usb 4-2: Manufacturer: Atheros Communications
[    2.397955] usb 4-2: SerialNumber: Alaska Day 2006
[    2.449504] input: PS/2 Logitech Wheel Mouse as /devices/platform/i8042/serio4/input/input13
[    2.455589] md: Waiting for all devices to be available before autodetect
[    2.458990] md: If you don't use raid, use raid=noautodetect
[    2.462830] md: Autodetecting RAID arrays.
[    2.466211] md: autorun ...
[    2.469533] md: ... autorun DONE.
[    2.477458] EXT4-fs (sda2): mounted filesystem with ordered data mode. Opts: (null)
[    2.480899] VFS: Mounted root (ext4 filesystem) readonly on device 8:2.
[    2.485793] devtmpfs: mounted
[    2.490065] Freeing unused kernel image memory: 1296K
[    2.531627] Write protecting the kernel read-only data: 22528k
[    2.536667] Freeing unused kernel image memory: 1984K
[    2.541250] Freeing unused kernel image memory: 1688K
[    2.544636] Run /sbin/init as init process
[    2.581640] usb 2-3: new high-speed USB device number 3 using ehci-pci
[    2.596103] stty (1758) used greatest stack depth: 13792 bytes left
[    2.641668] rq->curr->pid == 9
[    2.641671] state TASK_RUNNING
[    2.645012] proc in rq 0
[    2.648327] rq->nr_running rq->cfs.nr_running : 1 1
[    2.654957] rq->load.weight, rq->cfs.load.weight : 1048576 1048576
[    2.654959] ----------------^^^^CPU0^^^^^-----------------------
[    2.658264] rq->curr == THREAD(this messg)
[    2.661577] state TASK_RUNNING
[    2.664830] color, tsk->comm, weight, vruntime, state: 1 kworker/1:2 1048576 1649496816 0
[    2.667996] proc in rq 1
[    2.671266] rq->nr_running rq->cfs.nr_running : 2 2
[    2.677696] rq->load.weight, rq->cfs.load.weight : 2097152 2097152
[    2.677699] ----------------^^^^CPU1^^^^^-----------------------
[    2.680929] rq->curr->pid == 0
[    2.680931] state TASK_RUNNING
[    2.680933] proc in rq 0
[    2.680935] rq->nr_running rq->cfs.nr_running : 0 0
[    2.680937] rq->load.weight, rq->cfs.load.weight : 0 0
[    2.680938] ----------------^^^^CPU2^^^^^-----------------------
[    2.680940] rq->curr->pid == 0
[    2.680941] state TASK_RUNNING
[    2.680943] proc in rq 0
[    2.680945] rq->nr_running rq->cfs.nr_running : 0 0
[    2.680946] rq->load.weight, rq->cfs.load.weight : 0 0
[    2.680948] ----------------^^^^CPU3^^^^^-----------------------
[    2.732773] sed (1772) used greatest stack depth: 13592 bytes left
[    2.832376] usb 2-3: New USB device found, idVendor=04f2, idProduct=b404, bcdDevice=69.63
[    2.835518] usb 2-3: New USB device strings: Mfr=3, Product=1, SerialNumber=2
[    2.838662] usb 2-3: Product: USB2.0 HD UVC WebCam
[    2.841835] usb 2-3: Manufacturer: Chicony Electronics Co.,Ltd.
[    2.845032] usb 2-3: SerialNumber: 0x0001
[    2.946918] ip (1820) used greatest stack depth: 12552 bytes left
[    3.088257] udevd[1850]: starting version 3.2.1
[    3.096707] random: udevd: uninitialized urandom read (16 bytes read)
[    3.100415] random: udevd: uninitialized urandom read (16 bytes read)
[    3.104072] random: udevd: uninitialized urandom read (16 bytes read)
[    3.122559] udevd[1851]: starting eudev-3.2.1
[    3.432683] r8169 0000:02:00.0 enp2s0: renamed from eth0
[    3.483593] ath9k 0000:01:00.0 wlp1s0: renamed from wlan0
[    3.569315] [drm] radeon kernel modesetting enabled.
[    3.601707] radeon 0000:00:01.0: remove_conflicting_pci_framebuffers: bar 0: 0xc0000000 -> 0xcfffffff
[    3.605110] radeon 0000:00:01.0: remove_conflicting_pci_framebuffers: bar 2: 0xd0000000 -> 0xd07fffff
[    3.608478] radeon 0000:00:01.0: remove_conflicting_pci_framebuffers: bar 5: 0xfeb00000 -> 0xfeb3ffff
[    3.631775] checking generic (c0000000 420000) vs hw (c0000000 10000000)
[    3.631781] fb0: switching to radeondrmfb from EFI VGA
[    3.635174] Console: switching to colour dummy device 80x25
[    3.635265] rq->curr == THREAD(this messg)
[    3.635266] state TASK_RUNNING
[    3.635272] color, tsk->comm, weight, vruntime, state: 1 udevd 1048576 1953869619 0
[    3.635273] proc in rq 1
[    3.635276] rq->nr_running rq->cfs.nr_running : 2 2
[    3.635277] rq->load.weight, rq->cfs.load.weight : 2097152 2097152
[    3.635279] ----------------^^^^CPU0^^^^^-----------------------
[    3.635281] rq->curr->pid == 1912
[    3.635282] state TASK_RUNNING
[    3.635285] color, tsk->comm, weight, vruntime, state: 1 udevd 1048576 2470755261 0
[    3.635289] color, tsk->comm, weight, vruntime, state: -121432805080936 setclock 1048576 2472289092 0
[    3.635291] proc in rq 2
[    3.635293] rq->nr_running rq->cfs.nr_running : 3 3
[    3.635294] rq->load.weight, rq->cfs.load.weight : 3145728 3145728
[    3.635296] ----------------^^^^CPU1^^^^^-----------------------
[    3.635298] rq->curr->pid == 0
[    3.635299] state TASK_RUNNING
[    3.635300] proc in rq 0
[    3.635302] rq->nr_running rq->cfs.nr_running : 0 0
[    3.635304] rq->load.weight, rq->cfs.load.weight : 0 0
[    3.635305] ----------------^^^^CPU2^^^^^-----------------------
[    3.635307] rq->curr->pid == 0
[    3.635308] state TASK_RUNNING
[    3.635309] proc in rq 0
[    3.635311] rq->nr_running rq->cfs.nr_running : 0 0
[    3.635312] rq->load.weight, rq->cfs.load.weight : 0 0
[    3.635314] ----------------^^^^CPU3^^^^^-----------------------
[    3.643709] radeon 0000:00:01.0: vgaarb: deactivate vga console
[    3.656959] [drm] initializing kernel modesetting (KABINI 0x1002:0x9839 0x1043:0x141D 0x00).
[    3.657039] [drm] doorbell mmio base: 0xD0000000
[    3.657047] [drm] doorbell mmio size: 8388608
[    3.657079] ATOM BIOS: AMD
[    3.657154] [drm] Changing default dispclk from 400Mhz to 600Mhz
[    3.657192] radeon 0000:00:01.0: VRAM: 512M 0x0000000000000000 - 0x000000001FFFFFFF (512M used)
[    3.657208] radeon 0000:00:01.0: GTT: 2048M 0x0000000020000000 - 0x000000009FFFFFFF
[    3.657229] [drm] Detected VRAM RAM=512M, BAR=256M
[    3.657236] [drm] RAM width 128bits DDR
[    3.666410] [TTM] Zone  kernel: Available graphics memory: 1729510 KiB
[    3.666428] [TTM] Initializing pool allocator
[    3.666448] [TTM] Initializing DMA pool allocator
[    3.666517] [drm] radeon: 512M of VRAM memory ready
[    3.666527] [drm] radeon: 2048M of GTT memory ready.
[    3.666566] [drm] Loading kabini Microcode
[    3.672693] [drm] Internal thermal controller without fan control
[    3.674362] [drm] radeon: dpm initialized
[    3.675928] [drm] Found UVD firmware Version: 1.64 Family ID: 9
[    3.680725] [drm] Found VCE firmware/feedback version 40.2.2 / 15!
[    3.680784] [drm] GART: num cpu pages 524288, num gpu pages 524288
[    3.751711] [drm] PCIE GART of 2048M enabled (table at 0x000000000030E000).
[    3.751993] radeon 0000:00:01.0: WB enabled
[    3.752041] radeon 0000:00:01.0: fence driver on ring 0 use gpu addr 0x0000000020000c00 and cpu addr 0x(____ptrval____)
[    3.752058] radeon 0000:00:01.0: fence driver on ring 1 use gpu addr 0x0000000020000c04 and cpu addr 0x(____ptrval____)
[    3.752073] radeon 0000:00:01.0: fence driver on ring 2 use gpu addr 0x0000000020000c08 and cpu addr 0x(____ptrval____)
[    3.752088] radeon 0000:00:01.0: fence driver on ring 3 use gpu addr 0x0000000020000c0c and cpu addr 0x(____ptrval____)
[    3.752102] radeon 0000:00:01.0: fence driver on ring 4 use gpu addr 0x0000000020000c10 and cpu addr 0x(____ptrval____)
[    3.753033] radeon 0000:00:01.0: fence driver on ring 5 use gpu addr 0x0000000000078d30 and cpu addr 0x(____ptrval____)
[    3.753424] radeon 0000:00:01.0: fence driver on ring 6 use gpu addr 0x0000000020000c18 and cpu addr 0x(____ptrval____)
[    3.753441] radeon 0000:00:01.0: fence driver on ring 7 use gpu addr 0x0000000020000c1c and cpu addr 0x(____ptrval____)
[    3.753456] [drm] Supports vblank timestamp caching Rev 2 (21.10.2013).
[    3.753464] [drm] Driver supports precise vblank timestamp query.
[    3.753585] radeon 0000:00:01.0: radeon: using MSI.
[    3.753647] [drm] radeon: irq initialized.
[    3.770337] [drm] ring test on 0 succeeded in 3 usecs
[    3.770476] [drm] ring test on 1 succeeded in 4 usecs
[    3.770516] [drm] ring test on 2 succeeded in 4 usecs
[    3.770847] [drm] ring test on 3 succeeded in 6 usecs
[    3.770866] [drm] ring test on 4 succeeded in 6 usecs
[    3.851008] [drm] ring test on 5 succeeded in 2 usecs
[    3.872921] [drm] UVD initialized successfully.
[    3.988977] [drm] ring test on 6 succeeded in 19 usecs
[    3.989010] [drm] ring test on 7 succeeded in 3 usecs
[    3.989017] [drm] VCE initialized successfully.
[    3.991378] [drm] ib test on ring 0 succeeded in 0 usecs
[    3.991701] [drm] ib test on ring 1 succeeded in 0 usecs
[    3.991975] [drm] ib test on ring 2 succeeded in 0 usecs
[    3.992253] [drm] ib test on ring 3 succeeded in 0 usecs
[    3.992527] [drm] ib test on ring 4 succeeded in 0 usecs
[    4.521780] [drm] ib test on ring 5 succeeded
[    4.543001] [drm] ib test on ring 6 succeeded
[    4.543976] [drm] ib test on ring 7 succeeded
[    4.591643] [drm] radeon atom DIG backlight initialized
[    4.591665] [drm] Radeon Display Connectors
[    4.591672] [drm] Connector 0:
[    4.591678] [drm]   LVDS-1
[    4.591684] [drm]   HPD1
[    4.591693] [drm]   DDC: 0x6530 0x6530 0x6534 0x6534 0x6538 0x6538 0x653c 0x653c
[    4.591702] [drm]   Encoders:
[    4.591708] [drm]     LCD1: INTERNAL_UNIPHY
[    4.591715] [drm] Connector 1:
[    4.591720] [drm]   HDMI-A-1
[    4.591726] [drm]   HPD2
[    4.591733] [drm]   DDC: 0x6540 0x6540 0x6544 0x6544 0x6548 0x6548 0x654c 0x654c
[    4.591742] [drm]   Encoders:
[    4.591747] [drm]     DFP1: INTERNAL_UNIPHY
[    4.591753] [drm] Connector 2:
[    4.591758] [drm]   VGA-1
[    4.591766] [drm]   DDC: 0x65c0 0x65c0 0x65c4 0x65c4 0x65c8 0x65c8 0x65cc 0x65cc
[    4.591775] [drm]   Encoders:
[    4.591780] [drm]     CRT1: INTERNAL_KLDSCP_DAC1
[    4.641600] rq->curr == idle (init_task)
[    4.641602] state TASK_RUNNING
[    4.641612] proc in rq 0
[    4.641619] rq->nr_running rq->cfs.nr_running : 0 0
[    4.641630] rq->load.weight, rq->cfs.load.weight : 0 0
[    4.641632] ----------------^^^^CPU0^^^^^-----------------------
[    4.641639] rq->curr == THREAD(this messg)
[    4.641645] state TASK_RUNNING
[    4.641651] proc in rq 0
[    4.641657] rq->nr_running rq->cfs.nr_running : 1 1
[    4.641668] rq->load.weight, rq->cfs.load.weight : 1048576 1048576
[    4.641669] ----------------^^^^CPU1^^^^^-----------------------
[    4.641676] rq->curr->pid == 0
[    4.641683] state TASK_RUNNING
[    4.641688] proc in rq 0
[    4.641694] rq->nr_running rq->cfs.nr_running : 0 0
[    4.641704] rq->load.weight, rq->cfs.load.weight : 0 0
[    4.641706] ----------------^^^^CPU2^^^^^-----------------------
[    4.641712] rq->curr->pid == 0
[    4.641719] state TASK_RUNNING
[    4.641724] proc in rq 0
[    4.641730] rq->nr_running rq->cfs.nr_running : 0 0
[    4.641739] rq->load.weight, rq->cfs.load.weight : 0 0
[    4.641741] ----------------^^^^CPU3^^^^^-----------------------
[    5.631597] rq->curr == idle (init_task)
[    5.631612] state TASK_RUNNING
[    5.631621] color, tsk->comm, weight, vruntime, state: 1 rcu_sched 1048576 2248011073 0
[    5.631627] proc in rq 1
[    5.631637] rq->nr_running rq->cfs.nr_running : 1 1
[    5.631648] rq->load.weight, rq->cfs.load.weight : 1048576 1048576
[    5.631649] ----------------^^^^CPU0^^^^^-----------------------
[    5.631656] rq->curr == THREAD(this messg)
[    5.631662] state TASK_RUNNING
[    5.631668] proc in rq 0
[    5.631674] rq->nr_running rq->cfs.nr_running : 1 1
[    5.631684] rq->load.weight, rq->cfs.load.weight : 1048576 1048576
[    5.631685] ----------------^^^^CPU1^^^^^-----------------------
[    5.631692] rq->curr->pid == 0
[    5.631699] state TASK_RUNNING
[    5.631704] proc in rq 0
[    5.631710] rq->nr_running rq->cfs.nr_running : 0 0
[    5.631720] rq->load.weight, rq->cfs.load.weight : 0 0
[    5.631721] ----------------^^^^CPU2^^^^^-----------------------
[    5.631728] rq->curr->pid == 0
[    5.631735] state TASK_RUNNING
[    5.631740] proc in rq 0
[    5.631746] rq->nr_running rq->cfs.nr_running : 0 0
[    5.631756] rq->load.weight, rq->cfs.load.weight : 0 0
[    5.631757] ----------------^^^^CPU3^^^^^-----------------------
[    5.643757] [drm] fb mappable at 0xC0722000
[    5.643774] [drm] vram apper at 0xC0000000
[    5.643780] [drm] size 4325376
[    5.643786] [drm] fb depth is 24
[    5.643791] [drm]    pitch is 5632
[    5.644073] fbcon: radeondrmfb (fb0) is primary device
[    5.751855] Console: switching to colour frame buffer device 170x48
[    5.762281] radeon 0000:00:01.0: fb0: radeondrmfb frame buffer device
[    5.920659] [drm] Initialized radeon 2.50.0 20080528 for 0000:00:01.0 on minor 0
[    6.047670] Adding 3608572k swap on /dev/sda4.  Priority:1 extents:1 across:3608572k SS
[    6.098830] EXT4-fs (sda2): re-mounted. Opts: (null)
[    6.208705] EXT4-fs (sda2): re-mounted. Opts: (null)
[    6.641660] rq->curr == idle (init_task)
[    6.641663] state TASK_RUNNING
[    6.641751] proc in rq 0
[    6.641804] rq->nr_running rq->cfs.nr_running : 0 0
[    6.641923] rq->load.weight, rq->cfs.load.weight : 0 0
[    6.641925] ----------------^^^^CPU0^^^^^-----------------------
[    6.642006] rq->curr == THREAD(this messg)
[    6.642100] state TASK_RUNNING
[    6.642165] proc in rq 0
[    6.645611] rq->nr_running rq->cfs.nr_running : 1 1
[    6.652485] rq->load.weight, rq->cfs.load.weight : 1048576 1048576
[    6.652487] ----------------^^^^CPU1^^^^^-----------------------
[    6.656004] rq->curr->pid == 0
[    6.659535] state TASK_RUNNING
[    6.663039] proc in rq 0
[    6.666495] rq->nr_running rq->cfs.nr_running : 0 0
[    6.673384] rq->load.weight, rq->cfs.load.weight : 0 0
[    6.673386] ----------------^^^^CPU2^^^^^-----------------------
[    6.676889] rq->curr->pid == 0
[    6.680417] state TASK_RUNNING
[    6.683933] proc in rq 0
[    6.687406] rq->nr_running rq->cfs.nr_running : 0 0
[    6.694326] rq->load.weight, rq->cfs.load.weight : 0 0
[    6.694328] ----------------^^^^CPU3^^^^^-----------------------
[    7.694817] rq->curr->pid == 3452
[    7.698439] state TASK_RUNNING
[    7.702148] color, tsk->comm, weight, vruntime, state: 1 klogd 1048576 4149855160 0
[    7.705816] proc in rq 1
[    7.709610] rq->nr_running rq->cfs.nr_running : 2 2
[    7.717169] rq->load.weight, rq->cfs.load.weight : 2097152 2097152
[    7.717173] ----------------^^^^CPU0^^^^^-----------------------
[    7.720941] rq->curr == THREAD(this messg)
[    7.724721] state TASK_RUNNING
[    7.728367] color, tsk->comm, weight, vruntime, state: 1 syslogd 1048576 6233026850 0
[    7.731892] proc in rq 1
[    7.735396] rq->nr_running rq->cfs.nr_running : 2 2
[    7.742058] rq->load.weight, rq->cfs.load.weight : 2097152 2097152
[    7.742062] ----------------^^^^CPU1^^^^^-----------------------
[    7.745310] rq->curr->pid == 0
[    7.748598] state TASK_RUNNING
[    7.751795] proc in rq 0
[    7.754865] rq->nr_running rq->cfs.nr_running : 0 0
[    7.761006] rq->load.weight, rq->cfs.load.weight : 0 0
[    7.761009] ----------------^^^^CPU2^^^^^-----------------------
[    7.764161] rq->curr->pid == 0
[    7.767241] state TASK_RUNNING
[    7.770286] proc in rq 0
[    7.773357] rq->nr_running rq->cfs.nr_running : 0 0
[    7.779414] rq->load.weight, rq->cfs.load.weight : 0 0
[    7.779417] ----------------^^^^CPU3^^^^^-----------------------
[    8.634123] rq->curr->pid == 3428
[    8.637362] state TASK_RUNNING
[    8.640624] color, tsk->comm, weight, vruntime, state: -121432786520423 syslogd 1048576 4878395214 0
[    8.643860] color, tsk->comm, weight, vruntime, state: -121432786520423 syslogd 1048576 4879116426 128
[    8.647181] color, tsk->comm, weight, vruntime, state: -121432791301095 syslogd 1048576 4879364259 128
[    8.650551] color, tsk->comm, weight, vruntime, state: -121432791301095 syslogd 1048576 4879424134 128
[    8.653960] color, tsk->comm, weight, vruntime, state: -121432796921703 syslogd 1048576 4879837041 128
[    8.657234] color, tsk->comm, weight, vruntime, state: -121432796897511 syslogd 1048576 4880239628 128
[    8.660500] color, tsk->comm, weight, vruntime, state: -121432796914791 syslogd 1048576 4880241329 128
[    8.663777] color, tsk->comm, weight, vruntime, state: -121432796914791 syslogd 1048576 4880234616 128
[    8.666960] color, tsk->comm, weight, vruntime, state: -121432796918247 syslogd 1048576 4880814229 128
[    8.670105] color, tsk->comm, weight, vruntime, state: -121432796918247 syslogd 1048576 4880931616 128
[    8.673266] color, tsk->comm, weight, vruntime, state: -121432796963048 syslogd 1048576 4893162747 0
[    8.676382] proc in rq 11
[    8.679491] rq->nr_running rq->cfs.nr_running : 12 12
[    8.685570] rq->load.weight, rq->cfs.load.weight : 12582912 12582912
[    8.685573] ----------------^^^^CPU0^^^^^-----------------------
[    8.688669] rq->curr == THREAD(this messg)
[    8.691810] state TASK_RUNNING
[    8.694879] color, tsk->comm, weight, vruntime, state: -121432781758695 kworker/1:2 1048576 6935688598 0
[    8.697846] color, tsk->comm, weight, vruntime, state: -121432794895208 ksoftirqd/1 1048576 6935688598 0
[    8.700971] color, tsk->comm, weight, vruntime, state: -121432791294183 syslogd 1048576 6942147196 0
[    8.704034] color, tsk->comm, weight, vruntime, state: -121432796987240 sed 1048576 6942187361 0
[    8.707081] color, tsk->comm, weight, vruntime, state: -121432781758695 syslogd 1048576 6943188593 0
[    8.710122] color, tsk->comm, weight, vruntime, state: -121432796987240 syslogd 1048576 6943188594 0
[    8.713146] color, tsk->comm, weight, vruntime, state: 1 syslogd 1048576 6943188595 0
[    8.716072] color, tsk->comm, weight, vruntime, state: -121432796911335 syslogd 1048576 6943188595 0
[    8.719005] color, tsk->comm, weight, vruntime, state: -121432791308008 syslogd 1048576 6943188596 0
[    8.722013] color, tsk->comm, weight, vruntime, state: -121432804720488 syslogd 1048576 6943188596 0
[    8.724921] color, tsk->comm, weight, vruntime, state: -121432796911335 syslogd 1048576 6943188596 0
[    8.727727] color, tsk->comm, weight, vruntime, state: -121432804720488 syslogd 1048576 6943188597 0
[    8.730499] color, tsk->comm, weight, vruntime, state: -121432791294183 syslogd 1048576 6943402882 0
[    8.733253] color, tsk->comm, weight, vruntime, state: -121432786523879 syslogd 1048576 6943458463 0
[    8.735947] color, tsk->comm, weight, vruntime, state: -121432791308008 syslogd 1048576 6943688596 0
[    8.738624] color, tsk->comm, weight, vruntime, state: -121432804713576 syslogd 1048576 6943753792 0
[    8.741291] color, tsk->comm, weight, vruntime, state: -121432786523879 syslogd 1048576 6943773908 0
[    8.743943] color, tsk->comm, weight, vruntime, state: -121432804713576 syslogd 1048576 6944088595 0
[    8.746547] proc in rq 18
[    8.749130] rq->nr_running rq->cfs.nr_running : 19 19
[    8.754246] rq->load.weight, rq->cfs.load.weight : 19922944 19922944
[    8.754251] ----------------^^^^CPU1^^^^^-----------------------
[    8.756860] rq->curr->pid == 0
[    8.759514] state TASK_RUNNING
[    8.762136] proc in rq 0
[    8.764737] rq->nr_running rq->cfs.nr_running : 0 0
[    8.769850] rq->load.weight, rq->cfs.load.weight : 0 0
[    8.769854] ----------------^^^^CPU2^^^^^-----------------------
[    8.772448] rq->curr->pid == 0
[    8.774922] state TASK_RUNNING
[    8.777306] proc in rq 0
[    8.779690] rq->nr_running rq->cfs.nr_running : 0 0
[    8.784363] rq->load.weight, rq->cfs.load.weight : 0 0
[    8.784367] ----------------^^^^CPU3^^^^^-----------------------
[    8.924193] urandom_read: 6 callbacks suppressed
[    8.924199] random: wpa_supplicant: uninitialized urandom read (32 bytes read)
[    9.691599] rq->curr == idle (init_task)
[    9.691601] state TASK_RUNNING
[    9.694285] proc in rq 0
[    9.697050] rq->nr_running rq->cfs.nr_running : 0 0
[    9.702561] rq->load.weight, rq->cfs.load.weight : 0 0
[    9.702563] ----------------^^^^CPU0^^^^^-----------------------
[    9.705353] rq->curr == THREAD(this messg)
[    9.708090] state TASK_RUNNING
[    9.710811] proc in rq 0
[    9.713550] rq->nr_running rq->cfs.nr_running : 1 1
[    9.718905] rq->load.weight, rq->cfs.load.weight : 1048576 1048576
[    9.718909] ----------------^^^^CPU1^^^^^-----------------------
[    9.721662] rq->curr->pid == 0
[    9.724389] state TASK_RUNNING
[    9.727066] proc in rq 0
[    9.729718] rq->nr_running rq->cfs.nr_running : 0 0
[    9.735132] rq->load.weight, rq->cfs.load.weight : 0 0
[    9.735136] ----------------^^^^CPU2^^^^^-----------------------
[    9.737830] rq->curr->pid == 0
[    9.740567] state TASK_RUNNING
[    9.743449] proc in rq 0
[    9.746240] rq->nr_running rq->cfs.nr_running : 0 0
[    9.751843] rq->load.weight, rq->cfs.load.weight : 0 0
[    9.751846] ----------------^^^^CPU3^^^^^-----------------------
[   10.272558] wlp1s0: authenticate with 64:66:b3:cd:9a:3a
[   10.301442] wlp1s0: send auth to 64:66:b3:cd:9a:3a (try 1/3)
[   10.307594] wlp1s0: authenticated
[   10.312551] wlp1s0: associate with 64:66:b3:cd:9a:3a (try 1/3)
[   10.319942] wlp1s0: RX AssocResp from 64:66:b3:cd:9a:3a (capab=0x431 status=0 aid=1)
[   10.324021] wlp1s0: associated
[   10.601771] IPv6: ADDRCONF(NETDEV_CHANGE): wlp1s0: link becomes ready
[   10.641617] rq->curr == idle (init_task)
[   10.641620] state TASK_RUNNING
[   10.644608] proc in rq 0
[   10.647583] rq->nr_running rq->cfs.nr_running : 0 0
[   10.653580] rq->load.weight, rq->cfs.load.weight : 0 0
[   10.653582] ----------------^^^^CPU0^^^^^-----------------------
[   10.656653] rq->curr == THREAD(this messg)
[   10.659796] state TASK_RUNNING
[   10.662831] proc in rq 0
[   10.665861] rq->nr_running rq->cfs.nr_running : 1 1
[   10.671885] rq->load.weight, rq->cfs.load.weight : 1048576 1048576
[   10.671887] ----------------^^^^CPU1^^^^^-----------------------
[   10.674987] rq->curr->pid == 0
[   10.678049] state TASK_RUNNING
[   10.681055] proc in rq 0
[   10.684039] rq->nr_running rq->cfs.nr_running : 0 0
[   10.689918] rq->load.weight, rq->cfs.load.weight : 0 0
[   10.689921] ----------------^^^^CPU2^^^^^-----------------------
[   10.692847] rq->curr->pid == 0
[   10.695748] state TASK_RUNNING
[   10.698621] proc in rq 0
[   10.701464] rq->nr_running rq->cfs.nr_running : 0 0
[   10.707180] rq->load.weight, rq->cfs.load.weight : 0 0
[   10.707184] ----------------^^^^CPU3^^^^^-----------------------
[   11.247963] udevd (1856) used greatest stack depth: 11784 bytes left
[   11.641597] rq->curr == idle (init_task)
[   11.641599] state TASK_RUNNING
[   11.644483] proc in rq 0
[   11.647299] rq->nr_running rq->cfs.nr_running : 0 0
[   11.652868] rq->load.weight, rq->cfs.load.weight : 0 0
[   11.652870] ----------------^^^^CPU0^^^^^-----------------------
[   11.655733] rq->curr == THREAD(this messg)
[   11.658621] state TASK_RUNNING
[   11.661476] proc in rq 0
[   11.664338] rq->nr_running rq->cfs.nr_running : 1 1
[   11.669999] rq->load.weight, rq->cfs.load.weight : 1048576 1048576
[   11.670002] ----------------^^^^CPU1^^^^^-----------------------
[   11.672894] rq->curr->pid == 0
[   11.675824] state TASK_RUNNING
[   11.678704] proc in rq 0
[   11.681554] rq->nr_running rq->cfs.nr_running : 0 0
[   11.687271] rq->load.weight, rq->cfs.load.weight : 0 0
[   11.687275] ----------------^^^^CPU2^^^^^-----------------------
[   11.690103] rq->curr->pid == 0
[   11.693052] state TASK_RUNNING
[   11.695901] proc in rq 0
[   11.698664] rq->nr_running rq->cfs.nr_running : 0 0
[   11.704160] rq->load.weight, rq->cfs.load.weight : 0 0
[   11.704162] ----------------^^^^CPU3^^^^^-----------------------
[   12.641605] rq->curr == idle (init_task)
[   12.644354] state TASK_RUNNING
[   12.647097] proc in rq 0
[   12.649816] rq->nr_running rq->cfs.nr_running : 0 0
[   12.655282] rq->load.weight, rq->cfs.load.weight : 0 0
[   12.655285] ----------------^^^^CPU0^^^^^-----------------------
[   12.658007] rq->curr == THREAD(this messg)
[   12.660742] state TASK_RUNNING
[   12.663529] proc in rq 0
[   12.666305] rq->nr_running rq->cfs.nr_running : 1 1
[   12.671723] rq->load.weight, rq->cfs.load.weight : 1048576 1048576
[   12.671725] ----------------^^^^CPU1^^^^^-----------------------
[   12.674485] rq->curr->pid == 0
[   12.677244] state TASK_RUNNING
[   12.679993] proc in rq 0
[   12.682754] rq->nr_running rq->cfs.nr_running : 0 0
[   12.688238] rq->load.weight, rq->cfs.load.weight : 0 0
[   12.688241] ----------------^^^^CPU2^^^^^-----------------------
[   12.690947] rq->curr->pid == 0
[   12.693732] state TASK_RUNNING
[   12.696530] proc in rq 0
[   12.699262] rq->nr_running rq->cfs.nr_running : 0 0
[   12.704734] rq->load.weight, rq->cfs.load.weight : 0 0
[   12.704738] ----------------^^^^CPU3^^^^^-----------------------
[   13.741600] rq->curr == idle (init_task)
[   13.744319] state TASK_RUNNING
[   13.747021] proc in rq 0
[   13.749721] rq->nr_running rq->cfs.nr_running : 0 0
[   13.755154] rq->load.weight, rq->cfs.load.weight : 0 0
[   13.755157] ----------------^^^^CPU0^^^^^-----------------------
[   13.757869] rq->curr == THREAD(this messg)
[   13.760571] state TASK_RUNNING
[   13.763303] proc in rq 0
[   13.766050] rq->nr_running rq->cfs.nr_running : 1 1
[   13.771417] rq->load.weight, rq->cfs.load.weight : 1048576 1048576
[   13.771418] ----------------^^^^CPU1^^^^^-----------------------
[   13.774152] rq->curr->pid == 0
[   13.776898] state TASK_RUNNING
[   13.779607] proc in rq 0
[   13.782337] rq->nr_running rq->cfs.nr_running : 0 0
[   13.787764] rq->load.weight, rq->cfs.load.weight : 0 0
[   13.787767] ----------------^^^^CPU2^^^^^-----------------------
[   13.790459] rq->curr->pid == 0
[   13.793194] state TASK_RUNNING
[   13.795937] proc in rq 0
[   13.798639] rq->nr_running rq->cfs.nr_running : 0 0
[   13.804028] rq->load.weight, rq->cfs.load.weight : 0 0
[   13.804030] ----------------^^^^CPU3^^^^^-----------------------
[   14.641604] rq->curr == idle (init_task)
[   14.644354] state TASK_RUNNING
[   14.647062] proc in rq 0
[   14.649759] rq->nr_running rq->cfs.nr_running : 0 0
[   14.655250] rq->load.weight, rq->cfs.load.weight : 0 0
[   14.655253] ----------------^^^^CPU0^^^^^-----------------------
[   14.657964] rq->curr == THREAD(this messg)
[   14.660665] state TASK_RUNNING
[   14.663464] color, tsk->comm, weight, vruntime, state: -121432777036648 kworker/1:2 1048576 12767601147 0
[   14.666209] color, tsk->comm, weight, vruntime, state: 1 ksoftirqd/1 1048576 12767601147 0
[   14.669078] proc in rq 2
[   14.671944] rq->nr_running rq->cfs.nr_running : 3 3
[   14.677580] rq->load.weight, rq->cfs.load.weight : 3145728 3145728
[   14.677584] ----------------^^^^CPU1^^^^^-----------------------
[   14.680442] rq->curr->pid == 0
[   14.683366] state TASK_RUNNING
[   14.686279] proc in rq 0
[   14.689131] rq->nr_running rq->cfs.nr_running : 0 0
[   14.694811] rq->load.weight, rq->cfs.load.weight : 0 0
[   14.694814] ----------------^^^^CPU2^^^^^-----------------------
[   14.697664] rq->curr->pid == 0
[   14.700556] state TASK_RUNNING
[   14.703450] proc in rq 0
[   14.706344] rq->nr_running rq->cfs.nr_running : 0 0
[   14.711988] rq->load.weight, rq->cfs.load.weight : 0 0
[   14.711990] ----------------^^^^CPU3^^^^^-----------------------
[   15.751602] rq->curr == idle (init_task)
[   15.754492] state TASK_RUNNING
[   15.757361] proc in rq 0
[   15.760203] rq->nr_running rq->cfs.nr_running : 0 0
[   15.765879] rq->load.weight, rq->cfs.load.weight : 0 0
[   15.765882] ----------------^^^^CPU0^^^^^-----------------------
[   15.768731] rq->curr == THREAD(this messg)
[   15.771645] state TASK_RUNNING
[   15.774561] proc in rq 0
[   15.777398] rq->nr_running rq->cfs.nr_running : 1 1
[   15.783103] rq->load.weight, rq->cfs.load.weight : 1048576 1048576
[   15.783105] ----------------^^^^CPU1^^^^^-----------------------
[   15.786011] rq->curr->pid == 0
[   15.788914] state TASK_RUNNING
[   15.791816] proc in rq 0
[   15.794707] rq->nr_running rq->cfs.nr_running : 0 0
[   15.800327] rq->load.weight, rq->cfs.load.weight : 0 0
[   15.800329] ----------------^^^^CPU2^^^^^-----------------------
[   15.803202] rq->curr->pid == 0
[   15.806142] state TASK_RUNNING
[   15.809024] proc in rq 0
[   15.811897] rq->nr_running rq->cfs.nr_running : 0 0
[   15.817559] rq->load.weight, rq->cfs.load.weight : 0 0
[   15.817563] ----------------^^^^CPU3^^^^^-----------------------
[   16.641617] rq->curr == idle (init_task)
[   16.644513] state TASK_RUNNING
[   16.647381] proc in rq 0
[   16.650224] rq->nr_running rq->cfs.nr_running : 0 0
[   16.655905] rq->load.weight, rq->cfs.load.weight : 0 0
[   16.655909] ----------------^^^^CPU0^^^^^-----------------------
[   16.658762] rq->curr == THREAD(this messg)
[   16.661559] state TASK_RUNNING
[   16.664372] color, tsk->comm, weight, vruntime, state: 1 kworker/1:2 1048576 14779283371 0
[   16.667125] proc in rq 1
[   16.669958] rq->nr_running rq->cfs.nr_running : 2 2
[   16.675581] rq->load.weight, rq->cfs.load.weight : 2097152 2097152
[   16.675584] ----------------^^^^CPU1^^^^^-----------------------
[   16.678392] rq->curr->pid == 0
[   16.681228] state TASK_RUNNING
[   16.684094] proc in rq 0
[   16.686958] rq->nr_running rq->cfs.nr_running : 0 0
[   16.692582] rq->load.weight, rq->cfs.load.weight : 0 0
[   16.692584] ----------------^^^^CPU2^^^^^-----------------------
[   16.695423] rq->curr->pid == 0
[   16.698267] state TASK_RUNNING
[   16.701201] proc in rq 0
[   16.704047] rq->nr_running rq->cfs.nr_running : 0 0
[   16.709700] rq->load.weight, rq->cfs.load.weight : 0 0
[   16.709704] ----------------^^^^CPU3^^^^^-----------------------
[   17.631632] rq->curr->pid == 4827
[   17.631747] state TASK_RUNNING
[   17.631803] proc in rq 0
[   17.631854] rq->nr_running rq->cfs.nr_running : 1 1
[   17.631972] rq->load.weight, rq->cfs.load.weight : 1048576 1048576
[   17.631974] ----------------^^^^CPU0^^^^^-----------------------
[   17.632070] rq->curr == THREAD(this messg)
[   17.632163] state TASK_RUNNING
[   17.632228] proc in rq 0
[   17.632279] rq->nr_running rq->cfs.nr_running : 1 1
[   17.632397] rq->load.weight, rq->cfs.load.weight : 1048576 1048576
[   17.632398] ----------------^^^^CPU1^^^^^-----------------------
[   17.632495] rq->curr->pid == 0
[   17.632588] state TASK_RUNNING
[   17.632639] proc in rq 0
[   17.632689] rq->nr_running rq->cfs.nr_running : 0 0
[   17.632807] rq->load.weight, rq->cfs.load.weight : 0 0
[   17.632809] ----------------^^^^CPU2^^^^^-----------------------
[   17.632890] rq->curr->pid == 0
[   17.632983] state TASK_RUNNING
[   17.633033] proc in rq 0
[   17.633083] rq->nr_running rq->cfs.nr_running : 0 0
[   17.633201] rq->load.weight, rq->cfs.load.weight : 0 0
[   17.633203] ----------------^^^^CPU3^^^^^-----------------------
[   18.641643] rq->curr == idle (init_task)
[   18.641653] state TASK_RUNNING
[   18.641657] proc in rq 0
[   18.641661] rq->nr_running rq->cfs.nr_running : 0 0
[   18.641666] rq->load.weight, rq->cfs.load.weight : 0 0
[   18.641668] ----------------^^^^CPU0^^^^^-----------------------
[   18.641671] rq->curr == THREAD(this messg)
[   18.641673] state TASK_RUNNING
[   18.641676] proc in rq 0
[   18.641680] rq->nr_running rq->cfs.nr_running : 1 1
[   18.641684] rq->load.weight, rq->cfs.load.weight : 1048576 1048576
[   18.641686] ----------------^^^^CPU1^^^^^-----------------------
[   18.641689] rq->curr->pid == 0
[   18.641692] state TASK_RUNNING
[   18.641694] proc in rq 0
[   18.641698] rq->nr_running rq->cfs.nr_running : 0 0
[   18.641702] rq->load.weight, rq->cfs.load.weight : 0 0
[   18.641703] ----------------^^^^CPU2^^^^^-----------------------
[   18.641706] rq->curr->pid == 0
[   18.641709] state TASK_RUNNING
[   18.641712] proc in rq 0
[   18.641716] rq->nr_running rq->cfs.nr_running : 0 0
[   18.641719] rq->load.weight, rq->cfs.load.weight : 0 0
[   18.641721] ----------------^^^^CPU3^^^^^-----------------------
[   19.701600] rq->curr == idle (init_task)
[   19.701609] state TASK_RUNNING
[   19.701613] proc in rq 0
[   19.701617] rq->nr_running rq->cfs.nr_running : 0 0
[   19.701622] rq->load.weight, rq->cfs.load.weight : 0 0
[   19.701624] ----------------^^^^CPU0^^^^^-----------------------
[   19.701627] rq->curr == THREAD(this messg)
[   19.701629] state TASK_RUNNING
[   19.701632] proc in rq 0
[   19.701636] rq->nr_running rq->cfs.nr_running : 1 1
[   19.701640] rq->load.weight, rq->cfs.load.weight : 1048576 1048576
[   19.701642] ----------------^^^^CPU1^^^^^-----------------------
[   19.701645] rq->curr->pid == 0
[   19.701648] state TASK_RUNNING
[   19.701651] proc in rq 0
[   19.701654] rq->nr_running rq->cfs.nr_running : 0 0
[   19.701658] rq->load.weight, rq->cfs.load.weight : 0 0
[   19.701660] ----------------^^^^CPU2^^^^^-----------------------
[   19.701663] rq->curr->pid == 0
[   19.701666] state TASK_RUNNING
[   19.701669] proc in rq 0
[   19.701672] rq->nr_running rq->cfs.nr_running : 0 0
[   19.701676] rq->load.weight, rq->cfs.load.weight : 0 0
[   19.701677] ----------------^^^^CPU3^^^^^-----------------------
[   20.641605] rq->curr == idle (init_task)
[   20.641613] state TASK_RUNNING
[   20.641620] color, tsk->comm, weight, vruntime, state: 1 rcu_sched 1048576 7005088825 0
[   20.641623] proc in rq 1
[   20.641627] rq->nr_running rq->cfs.nr_running : 1 1
[   20.641632] rq->load.weight, rq->cfs.load.weight : 1048576 1048576
[   20.641634] ----------------^^^^CPU0^^^^^-----------------------
[   20.641637] rq->curr == THREAD(this messg)
[   20.641640] state TASK_RUNNING
[   20.641642] proc in rq 0
[   20.641646] rq->nr_running rq->cfs.nr_running : 1 1
[   20.641650] rq->load.weight, rq->cfs.load.weight : 1048576 1048576
[   20.641652] ----------------^^^^CPU1^^^^^-----------------------
[   20.641655] rq->curr->pid == 0
[   20.641657] state TASK_RUNNING
[   20.641660] proc in rq 0
[   20.641663] rq->nr_running rq->cfs.nr_running : 0 0
[   20.641667] rq->load.weight, rq->cfs.load.weight : 0 0
[   20.641669] ----------------^^^^CPU2^^^^^-----------------------
[   20.641672] rq->curr->pid == 0
[   20.641675] state TASK_RUNNING
[   20.641677] proc in rq 0
[   20.641681] rq->nr_running rq->cfs.nr_running : 0 0
[   20.641685] rq->load.weight, rq->cfs.load.weight : 0 0
[   20.641686] ----------------^^^^CPU3^^^^^-----------------------
[   24.884225] random: crng init done
