[    0.000000] Linux version 5.1.0-rc4 (root@(none)) (gcc version 9.0.1 20190402 (experimental) (GCC)) #55 SMP Mon Apr 8 10:04:45 +05 2019
[    0.000000] Command line: BOOT_IMAGE=/boot/bzImage root=/dev/sda2 ro
[    0.000000] x86/fpu: Supporting XSAVE feature 0x001: 'x87 floating point registers'
[    0.000000] x86/fpu: Supporting XSAVE feature 0x002: 'SSE registers'
[    0.000000] x86/fpu: Supporting XSAVE feature 0x004: 'AVX registers'
[    0.000000] x86/fpu: xstate_offset[2]:  576, xstate_sizes[2]:  256
[    0.000000] x86/fpu: Enabled xstate features 0x7, context size is 832 bytes, using 'standard' format.
[    0.000000] BIOS-provided physical RAM map:
[    0.000000] BIOS-e820: [mem 0x0000000000000000-0x000000000009ffff] usable
[    0.000000] BIOS-e820: [mem 0x0000000000100000-0x000000009d0f7fff] usable
[    0.000000] BIOS-e820: [mem 0x000000009d0f8000-0x000000009d127fff] reserved
[    0.000000] BIOS-e820: [mem 0x000000009d128000-0x000000009d370fff] usable
[    0.000000] BIOS-e820: [mem 0x000000009d371000-0x000000009dc56fff] ACPI NVS
[    0.000000] BIOS-e820: [mem 0x000000009dc57000-0x000000009e959fff] reserved
[    0.000000] BIOS-e820: [mem 0x000000009e95a000-0x000000009e9cafff] type 20
[    0.000000] BIOS-e820: [mem 0x000000009e9cb000-0x000000009e9cbfff] usable
[    0.000000] BIOS-e820: [mem 0x000000009e9cc000-0x000000009e9d3fff] ACPI NVS
[    0.000000] BIOS-e820: [mem 0x000000009e9d4000-0x000000009eb24fff] usable
[    0.000000] BIOS-e820: [mem 0x000000009eb25000-0x000000009f041fff] reserved
[    0.000000] BIOS-e820: [mem 0x000000009f042000-0x000000009f080fff] usable
[    0.000000] BIOS-e820: [mem 0x000000009f081000-0x000000009f3f1fff] reserved
[    0.000000] BIOS-e820: [mem 0x000000009f3f2000-0x000000009f3fffff] usable
[    0.000000] BIOS-e820: [mem 0x00000000fec00000-0x00000000fec01fff] reserved
[    0.000000] BIOS-e820: [mem 0x00000000fec10000-0x00000000fec10fff] reserved
[    0.000000] BIOS-e820: [mem 0x00000000fed00000-0x00000000fed00fff] reserved
[    0.000000] BIOS-e820: [mem 0x00000000fed80000-0x00000000fed8ffff] reserved
[    0.000000] BIOS-e820: [mem 0x00000000ff000000-0x00000000ffffffff] reserved
[    0.000000] BIOS-e820: [mem 0x0000000100001000-0x000000013effffff] usable
[    0.000000] NX (Execute Disable) protection: active
[    0.000000] efi: EFI v2.31 by American Megatrends
[    0.000000] efi:  ACPI=0x9d3f3000  ACPI 2.0=0x9d3f3000  SMBIOS=0x9e958998 
[    0.000000] SMBIOS 2.7 present.
[    0.000000] DMI: ASUSTeK COMPUTER INC. X102BA/X102BA, BIOS X102BA.212 08/30/2013
[    0.000000] tsc: Fast TSC calibration using PIT
[    0.000000] tsc: Detected 998.107 MHz processor
[    0.000213] e820: update [mem 0x00000000-0x00000fff] usable ==> reserved
[    0.000218] e820: remove [mem 0x000a0000-0x000fffff] usable
[    0.000242] last_pfn = 0x13f000 max_arch_pfn = 0x400000000
[    0.000252] MTRR default type: uncachable
[    0.000254] MTRR fixed ranges enabled:
[    0.000257]   00000-9FFFF write-back
[    0.000260]   A0000-BFFFF write-through
[    0.000263]   C0000-DFFFF uncachable
[    0.000265]   E0000-FFFFF write-protect
[    0.000267] MTRR variable ranges enabled:
[    0.000271]   0 base 0000000000 mask FF80000000 write-back
[    0.000275]   1 base 0080000000 mask FFE0000000 write-back
[    0.000279]   2 base 009F400000 mask FFFFC00000 uncachable
[    0.000282]   3 base 009F800000 mask FFFF800000 uncachable
[    0.000283]   4 disabled
[    0.000285]   5 disabled
[    0.000286]   6 disabled
[    0.000287]   7 disabled
[    0.000289] TOM2: 000000013f000000 aka 5104M
[    0.000811] x86/PAT: Configuration [0-7]: WB  WC  UC- UC  WB  WP  UC- WT  
[    0.001079] e820: update [mem 0x9f400000-0xffffffff] usable ==> reserved
[    0.001093] last_pfn = 0x9f400 max_arch_pfn = 0x400000000
[    0.014296] check: Scanning 1 areas for low memory corruption
[    0.014308] Using GB pages for direct mapping
[    0.014315] BRK [0x110e01000, 0x110e01fff] PGTABLE
[    0.014322] BRK [0x110e02000, 0x110e02fff] PGTABLE
[    0.014327] BRK [0x110e03000, 0x110e03fff] PGTABLE
[    0.014475] BRK [0x110e04000, 0x110e04fff] PGTABLE
[    0.014483] BRK [0x110e05000, 0x110e05fff] PGTABLE
[    0.015435] BRK [0x110e06000, 0x110e06fff] PGTABLE
[    0.015636] BRK [0x110e07000, 0x110e07fff] PGTABLE
[    0.015865] BRK [0x110e08000, 0x110e08fff] PGTABLE
[    0.016104] BRK [0x110e09000, 0x110e09fff] PGTABLE
[    0.016306] BRK [0x110e0a000, 0x110e0afff] PGTABLE
[    0.016566] BRK [0x110e0b000, 0x110e0bfff] PGTABLE
[    0.016867] BRK [0x110e0c000, 0x110e0cfff] PGTABLE
[    0.017063] Secure boot could not be determined
[    0.017080] ACPI: Early table checksum verification disabled
[    0.017089] ACPI: RSDP 0x000000009D3F3000 000024 (v02 _ASUS_)
[    0.017099] ACPI: XSDT 0x000000009D3F3088 000094 (v01 _ASUS_ Notebook 01072009 AMI  00010013)
[    0.017116] ACPI: FACP 0x000000009D400748 00010C (v05 _ASUS_ Notebook 01072009 AMI  00010013)
[    0.017130] ACPI BIOS Warning (bug): Optional FADT field Pm2ControlBlock has valid Length but zero Address: 0x0000000000000000/0x1 (20190215/tbfadt-615)
[    0.017144] ACPI: DSDT 0x000000009D3F31A8 00D59D (v02 _ASUS_ Notebook 00000000 INTL 20091112)
[    0.017154] ACPI: FACS 0x000000009DC4B080 000040
[    0.017162] ACPI: APIC 0x000000009D400858 00007E (v03 _ASUS_ Notebook 01072009 AMI  00010013)
[    0.017171] ACPI: FPDT 0x000000009D4008D8 000044 (v01 _ASUS_ Notebook 01072009 AMI  00010013)
[    0.017180] ACPI: ECDT 0x000000009D400920 0000C1 (v01 _ASUS_ Notebook 01072009 AMI. 00000005)
[    0.017189] ACPI: MCFG 0x000000009D4009E8 00003C (v01 _ASUS_ Notebook 01072009 MSFT 00010013)
[    0.017198] ACPI: HPET 0x000000009D400A28 000038 (v01 _ASUS_ Notebook 01072009 AMI  00000005)
[    0.017207] ACPI: VFCT 0x000000009D400A60 004684 (v01 _ASUS_ Notebook 00000001 AMD  31504F47)
[    0.017217] ACPI: BGRT 0x000000009D4050E8 000038 (v00 _ASUS_ Notebook 01072009 ASUS 00010013)
[    0.017226] ACPI: SSDT 0x000000009D405120 0005E0 (v01 AMD    AGESA    00000001 AMD  00000001)
[    0.017235] ACPI: SSDT 0x000000009D405700 0046D1 (v02 AMD    AGESA    00000002 MSFT 04000000)
[    0.017244] ACPI: CRAT 0x000000009D409DD8 000228 (v01 AMD    AGESA    00000001 AMD  00000001)
[    0.017253] ACPI: SSDT 0x000000009D40A000 001411 (v01 AMD    CPMDFIGP 00000001 INTL 20051117)
[    0.017262] ACPI: SSDT 0x000000009D40B418 0010E8 (v01 AMD    CPMCMN   00000001 INTL 20051117)
[    0.017271] ACPI: MSDM 0x000000009D127F98 000055 (v03 _ASUS_ Notebook 00000000 ASUS 00000001)
[    0.017298] ACPI: Local APIC address 0xfee00000
[    0.017557] No NUMA configuration found
[    0.017562] Faking a node at [mem 0x0000000000000000-0x000000013effffff]
[    0.017575] NODE_DATA(0) allocated [mem 0x13effb000-0x13effefff]
[    0.017627] Zone ranges:
[    0.017631]   DMA      [mem 0x0000000000001000-0x0000000000ffffff]
[    0.017635]   DMA32    [mem 0x0000000001000000-0x00000000ffffffff]
[    0.017640]   Normal   [mem 0x0000000100000000-0x000000013effffff]
[    0.017644] Movable zone start for each node
[    0.017647] Early memory node ranges
[    0.017651]   node   0: [mem 0x0000000000001000-0x000000000009ffff]
[    0.017654]   node   0: [mem 0x0000000000100000-0x000000009d0f7fff]
[    0.017658]   node   0: [mem 0x000000009d128000-0x000000009d370fff]
[    0.017661]   node   0: [mem 0x000000009e9cb000-0x000000009e9cbfff]
[    0.017664]   node   0: [mem 0x000000009e9d4000-0x000000009eb24fff]
[    0.017667]   node   0: [mem 0x000000009f042000-0x000000009f080fff]
[    0.017670]   node   0: [mem 0x000000009f3f2000-0x000000009f3fffff]
[    0.017673]   node   0: [mem 0x0000000100001000-0x000000013effffff]
[    0.018509] Zeroed struct page in unavailable ranges: 11138 pages
[    0.018516] Initmem setup node 0 [mem 0x0000000000001000-0x000000013effffff]
[    0.018525] On node 0 totalpages: 902270
[    0.018528]   DMA zone: 64 pages used for memmap
[    0.018530]   DMA zone: 23 pages reserved
[    0.018532]   DMA zone: 3999 pages, LIFO batch:0
[    0.018930]   DMA32 zone: 10004 pages used for memmap
[    0.018932]   DMA32 zone: 640224 pages, LIFO batch:63
[    0.087838]   Normal zone: 4032 pages used for memmap
[    0.087845]   Normal zone: 258047 pages, LIFO batch:63
[    0.112394] ACPI: PM-Timer IO Port: 0x808
[    0.112407] ACPI: Local APIC address 0xfee00000
[    0.112422] ACPI: LAPIC_NMI (acpi_id[0xff] high edge lint[0x1])
[    0.112438] IOAPIC[0]: apic_id 3, version 33, address 0xfec00000, GSI 0-23
[    0.112449] IOAPIC[1]: apic_id 4, version 33, address 0xfec01000, GSI 24-55
[    0.112456] ACPI: INT_SRC_OVR (bus 0 bus_irq 0 global_irq 2 dfl dfl)
[    0.112462] ACPI: INT_SRC_OVR (bus 0 bus_irq 9 global_irq 9 low level)
[    0.112466] ACPI: IRQ0 used by override.
[    0.112469] ACPI: IRQ9 used by override.
[    0.112474] Using ACPI (MADT) for SMP configuration information
[    0.112479] ACPI: HPET id: 0x10228210 base: 0xfed00000
[    0.112493] smpboot: Allowing 4 CPUs, 2 hotplug CPUs
[    0.112564] PM: Registered nosave memory: [mem 0x00000000-0x00000fff]
[    0.112571] PM: Registered nosave memory: [mem 0x000a0000-0x000fffff]
[    0.112578] PM: Registered nosave memory: [mem 0x9d0f8000-0x9d127fff]
[    0.112585] PM: Registered nosave memory: [mem 0x9d371000-0x9dc56fff]
[    0.112588] PM: Registered nosave memory: [mem 0x9dc57000-0x9e959fff]
[    0.112591] PM: Registered nosave memory: [mem 0x9e95a000-0x9e9cafff]
[    0.112598] PM: Registered nosave memory: [mem 0x9e9cc000-0x9e9d3fff]
[    0.112604] PM: Registered nosave memory: [mem 0x9eb25000-0x9f041fff]
[    0.112611] PM: Registered nosave memory: [mem 0x9f081000-0x9f3f1fff]
[    0.112617] PM: Registered nosave memory: [mem 0x9f400000-0xfebfffff]
[    0.112620] PM: Registered nosave memory: [mem 0xfec00000-0xfec01fff]
[    0.112623] PM: Registered nosave memory: [mem 0xfec02000-0xfec0ffff]
[    0.112626] PM: Registered nosave memory: [mem 0xfec10000-0xfec10fff]
[    0.112629] PM: Registered nosave memory: [mem 0xfec11000-0xfecfffff]
[    0.112631] PM: Registered nosave memory: [mem 0xfed00000-0xfed00fff]
[    0.112634] PM: Registered nosave memory: [mem 0xfed01000-0xfed7ffff]
[    0.112637] PM: Registered nosave memory: [mem 0xfed80000-0xfed8ffff]
[    0.112640] PM: Registered nosave memory: [mem 0xfed90000-0xfeffffff]
[    0.112643] PM: Registered nosave memory: [mem 0xff000000-0xffffffff]
[    0.112646] PM: Registered nosave memory: [mem 0x100000000-0x100000fff]
[    0.112653] [mem 0x9f400000-0xfebfffff] available for PCI devices
[    0.112665] clocksource: refined-jiffies: mask: 0xffffffff max_cycles: 0xffffffff, max_idle_ns: 19112604462750000 ns
[    0.598190] random: get_random_bytes called from start_kernel+0x8b/0x48b with crng_init=0
[    0.598226] setup_percpu: NR_CPUS:64 nr_cpumask_bits:64 nr_cpu_ids:4 nr_node_ids:1
[    0.599315] percpu: Embedded 43 pages/cpu @(____ptrval____) s137240 r8192 d30696 u524288
[    0.599353] pcpu-alloc: s137240 r8192 d30696 u524288 alloc=1*2097152
[    0.599356] pcpu-alloc: [0] 0 1 2 3 
[    0.599432] Built 1 zonelists, mobility grouping on.  Total pages: 888147
[    0.599436] Policy zone: Normal
[    0.599443] Kernel command line: BOOT_IMAGE=/boot/bzImage root=/dev/sda2 ro
[    0.663335] Memory: 3432304K/3609080K available (14357K kernel code, 1434K rwdata, 4404K rodata, 1256K init, 928K bss, 176776K reserved, 0K cma-reserved)
[    0.663539] SLUB: HWalign=64, Order=0-3, MinObjects=0, CPUs=4, Nodes=1
[    0.663764] rcu: Hierarchical RCU implementation.
[    0.663769] rcu: 	RCU event tracing is enabled.
[    0.663773] rcu: 	RCU restricting CPUs from NR_CPUS=64 to nr_cpu_ids=4.
[    0.663777] rcu: RCU calculated value of scheduler-enlistment delay is 10 jiffies.
[    0.663781] rcu: Adjusting geometry for rcu_fanout_leaf=16, nr_cpu_ids=4
[    0.664363] NR_IRQS: 4352, nr_irqs: 1000, preallocated irqs: 16
[    0.664806] Console: colour dummy device 80x25
[    0.665486] printk: console [tty0] enabled
[    0.665532] ACPI: Core revision 20190215
[    0.666181] clocksource: hpet: mask: 0xffffffff max_cycles: 0xffffffff, max_idle_ns: 133484873504 ns
[    0.666210] hpet clockevent registered
[    0.666222] APIC: Switch to symmetric I/O mode setup
[    0.666971] ..TIMER: vector=0x30 apic1=0 pin1=2 apic2=-1 pin2=-1
[    0.716224] clocksource: tsc-early: mask: 0xffffffffffffffff max_cycles: 0x1cc635c634d, max_idle_ns: 881590612364 ns
[    0.716241] Calibrating delay loop (skipped), value calculated using timer frequency.. 1996.21 BogoMIPS (lpj=9981070)
[    0.716257] pid_max: default: 32768 minimum: 301
[    0.718766] LSM: Security Framework initializing
[    0.718800] SELinux:  Initializing.
[    0.718837] *** VALIDATE SELinux ***
[    0.721047] Dentry cache hash table entries: 524288 (order: 10, 4194304 bytes)
[    0.722213] Inode-cache hash table entries: 262144 (order: 9, 2097152 bytes)
[    0.722311] Mount-cache hash table entries: 8192 (order: 4, 65536 bytes)
[    0.722357] Mountpoint-cache hash table entries: 8192 (order: 4, 65536 bytes)
[    0.722762] *** VALIDATE proc ***
[    0.722852] *** VALIDATE cgroup1 ***
[    0.722863] *** VALIDATE cgroup2 ***
[    0.722923] mce: CPU supports 6 MCE banks
[    0.722953] LVT offset 1 assigned for vector 0xf9
[    0.722968] Last level iTLB entries: 4KB 512, 2MB 8, 4MB 4
[    0.722976] Last level dTLB entries: 4KB 512, 2MB 256, 4MB 128, 1GB 0
[    0.722986] Spectre V2 : Mitigation: Full AMD retpoline
[    0.722993] Spectre V2 : Spectre v2 / SpectreRSB mitigation: Filling RSB on context switch
[    0.723005] Speculative Store Bypass: Mitigation: Speculative Store Bypass disabled via prctl and seccomp
[    0.723581] Freeing SMP alternatives memory: 40K
[    0.736238] smpboot: CPU0: AMD A4-1200 APU with Radeon(TM) HD Graphics (family: 0x16, model: 0x0, stepping: 0x1)
[    0.736238] Performance Events: AMD PMU driver.
[    0.736238] ... version:                0
[    0.736238] ... bit width:              48
[    0.736238] ... generic registers:      4
[    0.736238] ... value mask:             0000ffffffffffff
[    0.736238] ... max period:             00007fffffffffff
[    0.736238] ... fixed-purpose events:   0
[    0.736238] ... event mask:             000000000000000f
[    0.736238] rcu: Hierarchical SRCU implementation.
[    0.736238] MCE: In-kernel MCE decoding enabled.
[    0.736238] smp: Bringing up secondary CPUs ...
[    0.736238] x86: Booting SMP configuration:
[    0.736238] .... node  #0, CPUs:      #1
[    0.736238] smp: Brought up 1 node, 2 CPUs
[    0.736238] smpboot: Max logical packages: 2
[    0.736238] smpboot: Total of 2 processors activated (3992.42 BogoMIPS)
[    0.736238] devtmpfs: initialized
[    0.736238] PM: Registering ACPI NVS region [mem 0x9d371000-0x9dc56fff] (9330688 bytes)
[    0.736238] PM: Registering ACPI NVS region [mem 0x9e9cc000-0x9e9d3fff] (32768 bytes)
[    0.736238] clocksource: jiffies: mask: 0xffffffff max_cycles: 0xffffffff, max_idle_ns: 19112604462750000 ns
[    0.736238] futex hash table entries: 1024 (order: 4, 65536 bytes)
[    0.736238] NET: Registered protocol family 16
[    0.736238] audit: initializing netlink subsys (disabled)
[    0.736238] audit: type=2000 audit(1554788417.060:1): state=initialized audit_enabled=0 res=1
[    0.736238] cpuidle: using governor ladder
[    0.736238] cpuidle: using governor menu
[    0.736238] kworker/u8:1 (34) used greatest stack depth: 14624 bytes left
[    0.736238] ACPI FADT declares the system doesn't support PCIe ASPM, so disable it
[    0.736238] ACPI: bus type PCI registered
[    0.736238] PCI: MMCONFIG for domain 0000 [bus 00-ff] at [mem 0xe0000000-0xefffffff] (base 0xe0000000)
[    0.736238] PCI: not using MMCONFIG
[    0.736238] PCI: Using configuration type 1 for base access
[    0.736238] PCI: Using configuration type 1 for extended access
[    0.746948] kworker/u8:2 (291) used greatest stack depth: 14160 bytes left
[    0.774381] HugeTLB registered 2.00 MiB page size, pre-allocated 0 pages
[    0.774381] ACPI: Added _OSI(Module Device)
[    0.774381] ACPI: Added _OSI(Processor Device)
[    0.774381] ACPI: Added _OSI(3.0 _SCP Extensions)
[    0.774381] ACPI: Added _OSI(Processor Aggregator Device)
[    0.774381] ACPI: Added _OSI(Linux-Dell-Video)
[    0.774381] ACPI: Added _OSI(Linux-Lenovo-NV-HDMI-Audio)
[    0.774381] ACPI: Added _OSI(Linux-HPI-Hybrid-Graphics)
[    0.817735] ACPI: 5 ACPI AML tables successfully acquired and loaded
[    0.821187] ACPI: EC: EC started
[    0.821197] ACPI: EC: interrupt blocked
[    0.823254] ACPI: \: Used as first EC
[    0.823266] ACPI: \: GPE=0x3, EC_CMD/EC_SC=0x66, EC_DATA=0x62
[    0.823274] ACPI: EC: Boot ECDT EC used to handle transactions
[    0.828516] ACPI: [Firmware Bug]: BIOS _OSI(Linux) query ignored
[    0.833476] ACPI: Interpreter enabled
[    0.833565] ACPI: (supports S0 S3 S4 S5)
[    0.833575] ACPI: Using IOAPIC for interrupt routing
[    0.833694] PCI: MMCONFIG for domain 0000 [bus 00-ff] at [mem 0xe0000000-0xefffffff] (base 0xe0000000)
[    0.833875] PCI: MMCONFIG at [mem 0xe0000000-0xefffffff] reserved in ACPI motherboard resources
[    0.833959] PCI: Using host bridge windows from ACPI; if necessary, use "pci=nocrs" and report a bug
[    0.834782] ACPI: Enabled 3 GPEs in block 00 to 1F
[    0.856501] ACPI: PCI Root Bridge [PCI0] (domain 0000 [bus 00-ff])
[    0.856533] acpi PNP0A08:00: _OSC: OS supports [ExtendedConfig ASPM ClockPM Segments MSI]
[    0.857215] acpi PNP0A08:00: _OSC: platform does not support [LTR]
[    0.857857] acpi PNP0A08:00: _OSC: OS now controls [PME AER PCIeCapability]
[    0.857870] acpi PNP0A08:00: FADT indicates ASPM is unsupported, using BIOS configuration
[    0.858471] PCI host bridge to bus 0000:00
[    0.858485] pci_bus 0000:00: root bus resource [io  0x0000-0x03af window]
[    0.858497] pci_bus 0000:00: root bus resource [io  0x03e0-0x0cf7 window]
[    0.858508] pci_bus 0000:00: root bus resource [io  0x03b0-0x03df window]
[    0.858518] pci_bus 0000:00: root bus resource [io  0x0d00-0xffff window]
[    0.858529] pci_bus 0000:00: root bus resource [mem 0x000a0000-0x000bffff window]
[    0.858542] pci_bus 0000:00: root bus resource [mem 0x000c0000-0x000dffff window]
[    0.858554] pci_bus 0000:00: root bus resource [mem 0xc0000000-0xffffffff window]
[    0.858567] pci_bus 0000:00: root bus resource [bus 00-ff]
[    0.858596] pci 0000:00:00.0: [1022:1536] type 00 class 0x060000
[    0.858886] pci 0000:00:01.0: [1002:9839] type 00 class 0x030000
[    0.858919] pci 0000:00:01.0: reg 0x10: [mem 0xc0000000-0xcfffffff 64bit pref]
[    0.858935] pci 0000:00:01.0: reg 0x18: [mem 0xd0000000-0xd07fffff 64bit pref]
[    0.858947] pci 0000:00:01.0: reg 0x20: [io  0xf000-0xf0ff]
[    0.858959] pci 0000:00:01.0: reg 0x24: [mem 0xfeb00000-0xfeb3ffff]
[    0.858971] pci 0000:00:01.0: reg 0x30: [mem 0xfeb40000-0xfeb5ffff pref]
[    0.858979] pci 0000:00:01.0: enabling Extended Tags
[    0.859012] pci 0000:00:01.0: BAR 0: assigned to efifb
[    0.859069] pci 0000:00:01.0: supports D1 D2
[    0.859073] pci 0000:00:01.0: PME# supported from D1 D2 D3hot
[    0.859308] pci 0000:00:01.1: [1002:9840] type 00 class 0x040300
[    0.859336] pci 0000:00:01.1: reg 0x10: [mem 0xfeb64000-0xfeb67fff 64bit]
[    0.859369] pci 0000:00:01.1: enabling Extended Tags
[    0.859439] pci 0000:00:01.1: supports D1 D2
[    0.859635] pci 0000:00:02.0: [1022:1538] type 00 class 0x060000
[    0.859874] pci 0000:00:02.2: [1022:1439] type 01 class 0x060400
[    0.859937] pci 0000:00:02.2: enabling Extended Tags
[    0.860020] pci 0000:00:02.2: PME# supported from D0 D3hot D3cold
[    0.860256] pci 0000:00:02.3: [1022:1439] type 01 class 0x060400
[    0.860317] pci 0000:00:02.3: enabling Extended Tags
[    0.860398] pci 0000:00:02.3: PME# supported from D0 D3hot D3cold
[    0.860668] pci 0000:00:10.0: [1022:7814] type 00 class 0x0c0330
[    0.860705] pci 0000:00:10.0: reg 0x10: [mem 0xfeb68000-0xfeb69fff 64bit]
[    0.860838] pci 0000:00:10.0: PME# supported from D0 D3hot D3cold
[    0.861078] pci 0000:00:11.0: [1022:7801] type 00 class 0x010601
[    0.861108] pci 0000:00:11.0: reg 0x10: [io  0xf140-0xf147]
[    0.861121] pci 0000:00:11.0: reg 0x14: [io  0xf130-0xf133]
[    0.861135] pci 0000:00:11.0: reg 0x18: [io  0xf120-0xf127]
[    0.861147] pci 0000:00:11.0: reg 0x1c: [io  0xf110-0xf113]
[    0.861160] pci 0000:00:11.0: reg 0x20: [io  0xf100-0xf10f]
[    0.861173] pci 0000:00:11.0: reg 0x24: [mem 0xfeb6f000-0xfeb6f3ff]
[    0.861244] pci 0000:00:11.0: PME# supported from D3hot
[    0.861453] pci 0000:00:12.0: [1022:7807] type 00 class 0x0c0310
[    0.861475] pci 0000:00:12.0: reg 0x10: [mem 0xfeb6e000-0xfeb6efff]
[    0.861735] pci 0000:00:12.2: [1022:7808] type 00 class 0x0c0320
[    0.861763] pci 0000:00:12.2: reg 0x10: [mem 0xfeb6d000-0xfeb6d0ff]
[    0.861861] pci 0000:00:12.2: supports D1 D2
[    0.861866] pci 0000:00:12.2: PME# supported from D0 D1 D2 D3hot D3cold
[    0.862077] pci 0000:00:13.0: [1022:7807] type 00 class 0x0c0310
[    0.862099] pci 0000:00:13.0: reg 0x10: [mem 0xfeb6c000-0xfeb6cfff]
[    0.862355] pci 0000:00:13.2: [1022:7808] type 00 class 0x0c0320
[    0.862382] pci 0000:00:13.2: reg 0x10: [mem 0xfeb6b000-0xfeb6b0ff]
[    0.862480] pci 0000:00:13.2: supports D1 D2
[    0.862484] pci 0000:00:13.2: PME# supported from D0 D1 D2 D3hot D3cold
[    0.862694] pci 0000:00:14.0: [1022:780b] type 00 class 0x0c0500
[    0.862950] pci 0000:00:14.2: [1022:780d] type 00 class 0x040300
[    0.862981] pci 0000:00:14.2: reg 0x10: [mem 0xfeb60000-0xfeb63fff 64bit]
[    0.863066] pci 0000:00:14.2: PME# supported from D0 D3hot D3cold
[    0.863274] pci 0000:00:14.3: [1022:780e] type 00 class 0x060100
[    0.863550] pci 0000:00:14.7: [1022:7813] type 00 class 0x080501
[    0.863577] pci 0000:00:14.7: reg 0x10: [mem 0xfeb6a000-0xfeb6a0ff 64bit]
[    0.863799] pci 0000:00:18.0: [1022:1530] type 00 class 0x060000
[    0.864013] pci 0000:00:18.1: [1022:1531] type 00 class 0x060000
[    0.864226] pci 0000:00:18.2: [1022:1532] type 00 class 0x060000
[    0.864432] pci 0000:00:18.3: [1022:1533] type 00 class 0x060000
[    0.864648] pci 0000:00:18.4: [1022:1534] type 00 class 0x060000
[    0.864855] pci 0000:00:18.5: [1022:1535] type 00 class 0x060000
[    0.865211] pci 0000:01:00.0: [168c:0032] type 00 class 0x028000
[    0.865273] pci 0000:01:00.0: reg 0x10: [mem 0xfea00000-0xfea7ffff 64bit]
[    0.865337] pci 0000:01:00.0: reg 0x30: [mem 0xfea80000-0xfea8ffff pref]
[    0.865508] pci 0000:01:00.0: supports D1 D2
[    0.865512] pci 0000:01:00.0: PME# supported from D0 D1 D2 D3hot D3cold
[    0.865775] pci 0000:00:02.2: PCI bridge to [bus 01]
[    0.865797] pci 0000:00:02.2:   bridge window [mem 0xfea00000-0xfeafffff]
[    0.865929] pci 0000:02:00.0: [10ec:8136] type 00 class 0x020000
[    0.865980] pci 0000:02:00.0: reg 0x10: [io  0xe000-0xe0ff]
[    0.866019] pci 0000:02:00.0: reg 0x18: [mem 0xd0804000-0xd0804fff 64bit pref]
[    0.866046] pci 0000:02:00.0: reg 0x20: [mem 0xd0800000-0xd0803fff 64bit pref]
[    0.866210] pci 0000:02:00.0: supports D1 D2
[    0.866214] pci 0000:02:00.0: PME# supported from D0 D1 D2 D3hot D3cold
[    0.866546] pci 0000:00:02.3: PCI bridge to [bus 02]
[    0.866563] pci 0000:00:02.3:   bridge window [io  0xe000-0xefff]
[    0.866574] pci 0000:00:02.3:   bridge window [mem 0xd0800000-0xd08fffff 64bit pref]
[    0.868237] ACPI: PCI Interrupt Link [LNKA] (IRQs 4 7 10 11 14 15) *0
[    0.868487] ACPI: PCI Interrupt Link [LNKB] (IRQs 4 7 10 11 14 15) *0
[    0.868739] ACPI: PCI Interrupt Link [LNKC] (IRQs 4 7 10 11 14 15) *0
[    0.868989] ACPI: PCI Interrupt Link [LNKD] (IRQs 4 7 10 11 14 15) *0
[    0.869200] ACPI: PCI Interrupt Link [LNKE] (IRQs 4 7 10 11 14 15) *0
[    0.869371] ACPI: PCI Interrupt Link [LNKF] (IRQs 4 7 10 11 14 15) *0
[    0.869541] ACPI: PCI Interrupt Link [LNKG] (IRQs 4 7 10 11 14 15) *0
[    0.869712] ACPI: PCI Interrupt Link [LNKH] (IRQs 4 7 10 11 14 15) *0
[    0.870783] ACPI: EC: interrupt unblocked
[    0.870807] ACPI: EC: event unblocked
[    0.870826] ACPI: \_SB_.PCI0.SBRG.EC0_: GPE=0x3, EC_CMD/EC_SC=0x66, EC_DATA=0x62
[    0.870840] ACPI: \_SB_.PCI0.SBRG.EC0_: Boot DSDT EC used to handle transactions and events
[    0.871137] pci 0000:00:01.0: vgaarb: setting as boot VGA device
[    0.871153] pci 0000:00:01.0: vgaarb: VGA device added: decodes=io+mem,owns=io+mem,locks=none
[    0.871180] pci 0000:00:01.0: vgaarb: bridge control possible
[    0.871188] vgaarb: loaded
[    0.871504] SCSI subsystem initialized
[    0.871694] libata version 3.00 loaded.
[    0.871785] ACPI: bus type USB registered
[    0.871858] usbcore: registered new interface driver usbfs
[    0.871896] usbcore: registered new interface driver hub
[    0.871951] usbcore: registered new device driver usb
[    0.872029] pps_core: LinuxPPS API ver. 1 registered
[    0.872038] pps_core: Software ver. 5.3.6 - Copyright 2005-2007 Rodolfo Giometti <giometti@linux.it>
[    0.872062] PTP clock support registered
[    0.872492] EDAC MC: Ver: 3.0.0
[    0.872931] Registered efivars operations
[    0.876437] Advanced Linux Sound Architecture Driver Initialized.
[    0.876524] PCI: Using ACPI for IRQ routing
[    0.886693] PCI: pci_cache_line_size set to 64 bytes
[    0.886810] e820: reserve RAM buffer [mem 0x9d0f8000-0x9fffffff]
[    0.886817] e820: reserve RAM buffer [mem 0x9d371000-0x9fffffff]
[    0.886822] e820: reserve RAM buffer [mem 0x9e9cc000-0x9fffffff]
[    0.886826] e820: reserve RAM buffer [mem 0x9eb25000-0x9fffffff]
[    0.886830] e820: reserve RAM buffer [mem 0x9f081000-0x9fffffff]
[    0.886833] e820: reserve RAM buffer [mem 0x9f400000-0x9fffffff]
[    0.886836] e820: reserve RAM buffer [mem 0x13f000000-0x13fffffff]
[    0.887243] NetLabel: Initializing
[    0.887256] NetLabel:  domain hash size = 128
[    0.887262] NetLabel:  protocols = UNLABELED CIPSOv4 CALIPSO
[    0.887317] NetLabel:  unlabeled traffic allowed by default
[    0.887667] hpet0: at MMIO 0xfed00000, IRQs 2, 8, 0
[    0.887684] hpet0: 3 comparators, 32-bit 14.318180 MHz counter
[    0.889826] clocksource: Switched to clocksource tsc-early
[    0.935552] VFS: Disk quotas dquot_6.6.0
[    0.935618] VFS: Dquot-cache hash table entries: 512 (order 0, 4096 bytes)
[    0.935704] *** VALIDATE hugetlbfs ***
[    0.935811] pnp: PnP ACPI init
[    0.936215] system 00:00: [mem 0xe0000000-0xefffffff] has been reserved
[    0.936298] system 00:00: Plug and Play ACPI device, IDs PNP0c01 (active)
[    0.936513] system 00:01: [mem 0xa0000000-0xbfffffff] has been reserved
[    0.936588] system 00:01: Plug and Play ACPI device, IDs PNP0c02 (active)
[    0.936773] system 00:02: Plug and Play ACPI device, IDs PNP0c02 (active)
[    0.936869] pnp 00:03: Plug and Play ACPI device, IDs PNP0b00 (active)
[    0.937065] system 00:04: [io  0x04d0-0x04d1] has been reserved
[    0.937097] system 00:04: Plug and Play ACPI device, IDs PNP0c02 (active)
[    0.937316] pnp 00:05: Plug and Play ACPI device, IDs ETD0108 SYN0a00 SYN0002 PNP0f03 PNP0f13 PNP0f12 (active)
[    0.937460] pnp 00:06: Plug and Play ACPI device, IDs ATK3001 PNP030b (active)
[    0.938285] system 00:07: [io  0x04d0-0x04d1] has been reserved
[    0.938299] system 00:07: [io  0x040b] has been reserved
[    0.938310] system 00:07: [io  0x04d6] has been reserved
[    0.938321] system 00:07: [io  0x0c00-0x0c01] has been reserved
[    0.938332] system 00:07: [io  0x0c14] has been reserved
[    0.938342] system 00:07: [io  0x0c50-0x0c51] has been reserved
[    0.938353] system 00:07: [io  0x0c52] has been reserved
[    0.938363] system 00:07: [io  0x0c6c] has been reserved
[    0.938373] system 00:07: [io  0x0c6f] has been reserved
[    0.938383] system 00:07: [io  0x0cd0-0x0cd1] has been reserved
[    0.938393] system 00:07: [io  0x0cd2-0x0cd3] has been reserved
[    0.938404] system 00:07: [io  0x0cd4-0x0cd5] has been reserved
[    0.938414] system 00:07: [io  0x0cd6-0x0cd7] has been reserved
[    0.938425] system 00:07: [io  0x0cd8-0x0cdf] has been reserved
[    0.938435] system 00:07: [io  0x0800-0x089f] has been reserved
[    0.938445] system 00:07: [io  0x0900-0x090f] has been reserved
[    0.938456] system 00:07: [io  0x0910-0x091f] has been reserved
[    0.938471] system 00:07: [io  0xfe00-0xfefe] has been reserved
[    0.938485] system 00:07: [mem 0xfec00000-0xfec00fff] could not be reserved
[    0.938497] system 00:07: [mem 0xfee00000-0xfee00fff] has been reserved
[    0.938508] system 00:07: [mem 0xfed80000-0xfed8ffff] has been reserved
[    0.938520] system 00:07: [mem 0xfed61000-0xfed70fff] has been reserved
[    0.938532] system 00:07: [mem 0xfec10000-0xfec10fff] has been reserved
[    0.938544] system 00:07: [mem 0xfed00000-0xfed00fff] could not be reserved
[    0.938555] system 00:07: [mem 0xff000000-0xffffffff] has been reserved
[    0.938582] system 00:07: Plug and Play ACPI device, IDs PNP0c02 (active)
[    0.939457] pnp: PnP ACPI: found 8 devices
[    0.951070] clocksource: acpi_pm: mask: 0xffffff max_cycles: 0xffffff, max_idle_ns: 2085701024 ns
[    0.951136] pci 0000:00:02.2: PCI bridge to [bus 01]
[    0.951156] pci 0000:00:02.2:   bridge window [mem 0xfea00000-0xfeafffff]
[    0.951174] pci 0000:00:02.3: PCI bridge to [bus 02]
[    0.951187] pci 0000:00:02.3:   bridge window [io  0xe000-0xefff]
[    0.951203] pci 0000:00:02.3:   bridge window [mem 0xd0800000-0xd08fffff 64bit pref]
[    0.951226] pci_bus 0000:00: resource 4 [io  0x0000-0x03af window]
[    0.951231] pci_bus 0000:00: resource 5 [io  0x03e0-0x0cf7 window]
[    0.951236] pci_bus 0000:00: resource 6 [io  0x03b0-0x03df window]
[    0.951240] pci_bus 0000:00: resource 7 [io  0x0d00-0xffff window]
[    0.951245] pci_bus 0000:00: resource 8 [mem 0x000a0000-0x000bffff window]
[    0.951250] pci_bus 0000:00: resource 9 [mem 0x000c0000-0x000dffff window]
[    0.951255] pci_bus 0000:00: resource 10 [mem 0xc0000000-0xffffffff window]
[    0.951260] pci_bus 0000:01: resource 1 [mem 0xfea00000-0xfeafffff]
[    0.951265] pci_bus 0000:02: resource 0 [io  0xe000-0xefff]
[    0.951269] pci_bus 0000:02: resource 2 [mem 0xd0800000-0xd08fffff 64bit pref]
[    0.951530] NET: Registered protocol family 2
[    0.952025] tcp_listen_portaddr_hash hash table entries: 2048 (order: 3, 32768 bytes)
[    0.952092] TCP established hash table entries: 32768 (order: 6, 262144 bytes)
[    0.952338] TCP bind hash table entries: 32768 (order: 7, 524288 bytes)
[    0.952564] TCP: Hash tables configured (established 32768 bind 32768)
[    0.952772] UDP hash table entries: 2048 (order: 4, 65536 bytes)
[    0.952827] UDP-Lite hash table entries: 2048 (order: 4, 65536 bytes)
[    0.953009] NET: Registered protocol family 1
[    0.953427] RPC: Registered named UNIX socket transport module.
[    0.953438] RPC: Registered udp transport module.
[    0.953445] RPC: Registered tcp transport module.
[    0.953452] RPC: Registered tcp NFSv4.1 backchannel transport module.
[    0.953820] pci 0000:00:01.0: Video device with shadowed ROM at [mem 0x000c0000-0x000dffff]
[    0.954410] pci 0000:00:12.0: enabling device (0000 -> 0002)
[    0.955039] pci 0000:00:12.2: PME# does not work under D3, disabling it
[    0.955064] pci 0000:00:13.0: enabling device (0000 -> 0002)
[    0.955681] pci 0000:00:13.2: PME# does not work under D3, disabling it
[    0.955768] PCI: CLS 64 bytes, default 64
[    0.955930] PCI-DMA: Using software bounce buffering for IO (SWIOTLB)
[    0.955943] software IO TLB: mapped [mem 0x97989000-0x9b989000] (64MB)
[    0.956156] amd_uncore: AMD NB counters detected
[    0.956172] amd_uncore: AMD LLC counters detected
[    0.956328] LVT offset 0 assigned for vector 0x400
[    0.956384] perf: AMD IBS detected (0x000000ff)
[    0.956404] kvm: no hardware support
[    0.956503] kvm: Nested Virtualization enabled
[    0.956515] kvm: Nested Paging enabled
[    0.957536] check: Scanning for low memory corruption every 60 seconds
[    0.960056] Initialise system trusted keyrings
[    0.960363] workingset: timestamp_bits=56 max_order=20 bucket_order=0
[    0.969586] fuse init (API version 7.29)
[    0.975348] Key type asymmetric registered
[    0.975369] Asymmetric key parser 'x509' registered
[    0.975424] Block layer SCSI generic (bsg) driver version 0.4 loaded (major 249)
[    0.975437] io scheduler mq-deadline registered
[    0.975446] io scheduler kyber registered
[    0.976182] pcieport 0000:00:02.2: Signaling PME with IRQ 25
[    0.976827] pcieport 0000:00:02.3: Signaling PME with IRQ 27
[    0.977545] uvesafb: failed to execute /sbin/v86d
[    0.977556] uvesafb: make sure that the v86d helper is installed and executable
[    0.977568] uvesafb: Getting VBE info block failed (eax=0x4f00, err=-2)
[    0.977577] uvesafb: vbe_init() failed with -22
[    0.977593] uvesafb: probe of uvesafb.0 failed with error -22
[    0.977646] efifb: probing for efifb
[    0.977691] efifb: framebuffer at 0xc0000000, using 4224k, total 4224k
[    0.977701] efifb: mode is 1366x768x32, linelength=5632, pages=1
[    0.977708] efifb: scrolling: redraw
[    0.977717] efifb: Truecolor: size=8:8:8:8, shift=24:16:8:0
[    0.988325] Console: switching to colour frame buffer device 170x48
[    0.997873] fb0: EFI VGA frame buffer device
[    0.998465] ACPI: AC Adapter [AC0] (off-line)
[    0.998781] input: Power Button as /devices/LNXSYSTM:00/LNXSYBUS:00/PNP0C0C:00/input/input0
[    0.998939] ACPI: Power Button [PWRB]
[    0.999128] input: Lid Switch as /devices/LNXSYSTM:00/LNXSYBUS:00/PNP0C0D:00/input/input1
[    0.999275] ACPI: Lid Switch [LID]
[    0.999443] input: Sleep Button as /devices/LNXSYSTM:00/LNXSYBUS:00/PNP0C0E:00/input/input2
[    0.999605] ACPI: Sleep Button [SLPB]
[    0.999782] input: Power Button as /devices/LNXSYSTM:00/LNXPWRBN:00/input/input3
[    0.999919] ACPI: Power Button [PWRF]
[    1.003026] thermal LNXTHERM:00: registered as thermal_zone0
[    1.003129] ACPI: Thermal Zone [THRM] (40 C)
[    1.003652] Serial: 8250/16550 driver, 4 ports, IRQ sharing enabled
[    1.006059] Non-volatile memory driver v1.3
[    1.006249] Linux agpgart interface v0.103
[    1.012938] loop: module loaded
[    1.013264] ahci 0000:00:11.0: version 3.0
[    1.013695] ahci 0000:00:11.0: AHCI 0001.0300 32 slots 2 ports 6 Gbps 0x3 impl SATA mode
[    1.013833] ahci 0000:00:11.0: flags: 64bit ncq sntf ilck pm led clo pmp pio slum part 
[    1.017818] scsi host0: ahci
[    1.021502] scsi host1: ahci
[    1.024816] ata1: SATA max UDMA/133 abar m1024@0xfeb6f000 port 0xfeb6f100 irq 28
[    1.027987] ata2: SATA max UDMA/133 abar m1024@0xfeb6f000 port 0xfeb6f180 irq 28
[    1.031532] tun: Universal TUN/TAP device driver, 1.6
[    1.034908] e1000: Intel(R) PRO/1000 Network Driver - version 7.3.21-k8-NAPI
[    1.038116] e1000: Copyright (c) 1999-2006 Intel Corporation.
[    1.041414] e1000e: Intel(R) PRO/1000 Network Driver - 3.2.6-k
[    1.044517] e1000e: Copyright(c) 1999 - 2015 Intel Corporation.
[    1.047710] sky2: driver version 1.30
[    1.051882] libphy: r8169: probed
[    1.055264] r8169 0000:02:00.0 eth0: RTL8105e, 74:d0:2b:a3:a6:42, XID 40a, IRQ 30
[    1.058659] ath9k 0000:01:00.0: enabling device (0000 -> 0002)
[    1.062129] ath: phy0: Disable PLL PowerSave
[    1.072693] ath: phy0: ASPM enabled: 0x442
[    1.075806] ath: EEPROM regdomain: 0x60
[    1.075808] ath: EEPROM indicates we should expect a direct regpair map
[    1.075814] ath: Country alpha2 being used: 00
[    1.075816] ath: Regpair used: 0x60
[    1.078258] ieee80211 phy0: Selected rate control algorithm 'minstrel_ht'
[    1.078852] ieee80211 phy0: Atheros AR9485 Rev:1 mem=0xffffa5d202580000, irq=31
[    1.082395] ehci_hcd: USB 2.0 'Enhanced' Host Controller (EHCI) Driver
[    1.085573] ehci-pci: EHCI PCI platform driver
[    1.089095] ehci-pci 0000:00:12.2: EHCI Host Controller
[    1.092421] ehci-pci 0000:00:12.2: new USB bus registered, assigned bus number 1
[    1.095643] ehci-pci 0000:00:12.2: applying AMD SB700/SB800/Hudson-2/3 EHCI dummy qh workaround
[    1.098888] ehci-pci 0000:00:12.2: debug port 1
[    1.102143] ehci-pci 0000:00:12.2: irq 17, io mem 0xfeb6d000
[    1.136463] ehci-pci 0000:00:12.2: USB 2.0 started, EHCI 1.00
[    1.139762] usb usb1: New USB device found, idVendor=1d6b, idProduct=0002, bcdDevice= 5.01
[    1.142978] usb usb1: New USB device strings: Mfr=3, Product=2, SerialNumber=1
[    1.146201] usb usb1: Product: EHCI Host Controller
[    1.149375] usb usb1: Manufacturer: Linux 5.1.0-rc4 ehci_hcd
[    1.152499] usb usb1: SerialNumber: 0000:00:12.2
[    1.155982] hub 1-0:1.0: USB hub found
[    1.159015] hub 1-0:1.0: 4 ports detected
[    1.164317] ehci-pci 0000:00:13.2: EHCI Host Controller
[    1.167414] ehci-pci 0000:00:13.2: new USB bus registered, assigned bus number 2
[    1.170326] ehci-pci 0000:00:13.2: applying AMD SB700/SB800/Hudson-2/3 EHCI dummy qh workaround
[    1.173248] ehci-pci 0000:00:13.2: debug port 1
[    1.176160] ehci-pci 0000:00:13.2: irq 17, io mem 0xfeb6b000
[    1.206491] ehci-pci 0000:00:13.2: USB 2.0 started, EHCI 1.00
[    1.209470] usb usb2: New USB device found, idVendor=1d6b, idProduct=0002, bcdDevice= 5.01
[    1.212360] usb usb2: New USB device strings: Mfr=3, Product=2, SerialNumber=1
[    1.215259] usb usb2: Product: EHCI Host Controller
[    1.218167] usb usb2: Manufacturer: Linux 5.1.0-rc4 ehci_hcd
[    1.221034] usb usb2: SerialNumber: 0000:00:13.2
[    1.224262] hub 2-0:1.0: USB hub found
[    1.227078] hub 2-0:1.0: 4 ports detected
[    1.232074] ohci_hcd: USB 1.1 'Open' Host Controller (OHCI) Driver
[    1.234904] ohci-pci: OHCI PCI platform driver
[    1.238030] ohci-pci 0000:00:12.0: OHCI PCI host controller
[    1.241043] ohci-pci 0000:00:12.0: new USB bus registered, assigned bus number 3
[    1.243950] ohci-pci 0000:00:12.0: irq 18, io mem 0xfeb6e000
[    1.320642] usb usb3: New USB device found, idVendor=1d6b, idProduct=0001, bcdDevice= 5.01
[    1.323579] usb usb3: New USB device strings: Mfr=3, Product=2, SerialNumber=1
[    1.326442] usb usb3: Product: OHCI PCI host controller
[    1.329282] usb usb3: Manufacturer: Linux 5.1.0-rc4 ohci_hcd
[    1.332139] usb usb3: SerialNumber: 0000:00:12.0
[    1.335782] hub 3-0:1.0: USB hub found
[    1.338578] hub 3-0:1.0: 4 ports detected
[    1.343868] ohci-pci 0000:00:13.0: OHCI PCI host controller
[    1.346855] ohci-pci 0000:00:13.0: new USB bus registered, assigned bus number 4
[    1.349707] ohci-pci 0000:00:13.0: irq 18, io mem 0xfeb6c000
[    1.366505] ata2: SATA link down (SStatus 0 SControl 300)
[    1.368353] battery: ACPI: Battery Slot [BAT0] (battery present)
[    1.416997] usb usb4: New USB device found, idVendor=1d6b, idProduct=0001, bcdDevice= 5.01
[    1.419858] usb usb4: New USB device strings: Mfr=3, Product=2, SerialNumber=1
[    1.422694] usb usb4: Product: OHCI PCI host controller
[    1.425472] usb usb4: Manufacturer: Linux 5.1.0-rc4 ohci_hcd
[    1.428267] usb usb4: SerialNumber: 0000:00:13.0
[    1.431582] hub 4-0:1.0: USB hub found
[    1.434355] hub 4-0:1.0: 4 ports detected
[    1.439290] uhci_hcd: USB Universal Host Controller Interface driver
[    1.442122] usbcore: registered new interface driver usblp
[    1.444937] usbcore: registered new interface driver usb-storage
[    1.447717] usbcore: registered new interface driver ch341
[    1.450413] usbserial: USB Serial support registered for ch341-uart
[    1.453366] i8042: PNP: PS/2 Controller [PNP030b:PS2K,PNP0f03:PS2M] at 0x60,0x64 irq 1,12
[    1.457867] i8042: Detected active multiplexing controller, rev 1.1
[    1.461557] serio: i8042 KBD port at 0x60,0x64 irq 1
[    1.464357] serio: i8042 AUX0 port at 0x60,0x64 irq 12
[    1.467179] serio: i8042 AUX1 port at 0x60,0x64 irq 12
[    1.469961] serio: i8042 AUX2 port at 0x60,0x64 irq 12
[    1.472722] serio: i8042 AUX3 port at 0x60,0x64 irq 12
[    1.475674] mousedev: PS/2 mouse device common for all mice
[    1.478970] rtc_cmos 00:03: RTC can wake from S4
[    1.481778] rtc_cmos 00:03: registered as rtc0
[    1.484396] rtc_cmos 00:03: alarms up to one month, y3k, 114 bytes nvram, hpet irqs
[    1.487353] device-mapper: ioctl: 4.40.0-ioctl (2019-01-18) initialised: dm-devel@redhat.com
[    1.490169] EFI Variables Facility v0.08 2004-May-17
[    1.500484] hidraw: raw HID events driver (C) Jiri Kosina
[    1.504054] usbcore: registered new interface driver usbhid
[    1.506858] usbhid: USB HID core driver
[    1.513144] snd_hda_intel 0000:00:01.1: enabling device (0000 -> 0002)
[    1.516344] snd_hda_intel 0000:00:01.1: Force to non-snoop mode
[    1.519203] input: AT Translated Set 2 keyboard as /devices/platform/i8042/serio0/input/input4
[    1.525468] Initializing XFRM netlink socket
[    1.528707] NET: Registered protocol family 10
[    1.532170] Segment Routing with IPv6
[    1.535025] sit: IPv6, IPv4 and MPLS over IPv4 tunneling driver
[    1.538936] NET: Registered protocol family 17
[    1.542222] microcode: CPU0: patch_level=0x0700010b
[    1.544998] microcode: CPU1: patch_level=0x0700010b
[    1.548012] microcode: Microcode Update Driver: v2.2.
[    1.548055] sched_clock: Marking stable (1546193605, 1514415)->(1671282649, -123574629)
[    1.550833] snd_hda_codec_generic hdaudioC0D0: autoconfig for Generic: line_outs=0 (0x0/0x0/0x0/0x0/0x0) type:line
[    1.554113] registered taskstats version 1
[    1.556405] snd_hda_codec_generic hdaudioC0D0:    speaker_outs=0 (0x0/0x0/0x0/0x0/0x0)
[    1.556411] snd_hda_codec_generic hdaudioC0D0:    hp_outs=0 (0x0/0x0/0x0/0x0/0x0)
[    1.556415] snd_hda_codec_generic hdaudioC0D0:    mono: mono_out=0x0
[    1.556419] snd_hda_codec_generic hdaudioC0D0:    dig-out=0x3/0x0
[    1.556422] snd_hda_codec_generic hdaudioC0D0:    inputs:
[    1.556460] ata1: SATA link up 6.0 Gbps (SStatus 133 SControl 300)
[    1.559277] Loading compiled-in X.509 certificates
[    1.563616] random: fast init done
[    1.566172] acpi_cpufreq: overriding BIOS provided _PSD data
[    1.570651] snd_hda_codec_realtek hdaudioC1D0: autoconfig for ALC3229: line_outs=1 (0x14/0x0/0x0/0x0/0x0) type:speaker
[    1.579126] cfg80211: Loading compiled-in X.509 certificates for regulatory database
[    1.581607] snd_hda_codec_realtek hdaudioC1D0:    speaker_outs=0 (0x0/0x0/0x0/0x0/0x0)
[    1.585828] cfg80211: Loaded X.509 cert 'sforshee: 00b28ddf47aef9cea7'
[    1.587326] snd_hda_codec_realtek hdaudioC1D0:    hp_outs=1 (0x21/0x0/0x0/0x0/0x0)
[    1.587332] snd_hda_codec_realtek hdaudioC1D0:    mono: mono_out=0x0
[    1.590361] ALSA device list:
[    1.593412] snd_hda_codec_realtek hdaudioC1D0:    inputs:
[    1.596457]   No soundcards found.
[    1.599482] snd_hda_codec_realtek hdaudioC1D0:      Mic=0x19
[    1.602538] platform regulatory.0: Direct firmware load for regulatory.db failed with error -2
[    1.612712] ata1.00: ATA-8: KINGSTON SV300S37A120G, 603ABBF0, max UDMA/133
[    1.614930] cfg80211: failed to load regulatory.db
[    1.618060] ata1.00: 234441648 sectors, multi 1: LBA48 NCQ (depth 32), AA
[    1.623511] ata1.00: configured for UDMA/133
[    1.631699] scsi 0:0:0:0: Direct-Access     ATA      KINGSTON SV300S3 BBF0 PQ: 0 ANSI: 5
[    1.635921] sd 0:0:0:0: [sda] 234441648 512-byte logical blocks: (120 GB/112 GiB)
[    1.636035] input: HDA ATI HDMI HDMI as /devices/pci0000:00/0000:00:01.1/sound/card0/input6
[    1.639464] sd 0:0:0:0: [sda] Write Protect is off
[    1.645976] sd 0:0:0:0: [sda] Mode Sense: 00 3a 00 00
[    1.646203] sd 0:0:0:0: [sda] Write cache: enabled, read cache: enabled, doesn't support DPO or FUA
[    1.649697] sd 0:0:0:0: Attached scsi generic sg0 type 0
[    1.655499]  sda: sda1 sda2 sda3 sda4 sda5 sda6
[    1.657243] input: HD-Audio Generic Headphone as /devices/pci0000:00/0000:00:14.2/sound/card1/input7
[    1.664373] sd 0:0:0:0: [sda] Attached SCSI disk
[    1.667911] md: Waiting for all devices to be available before autodetect
[    1.671407] md: If you don't use raid, use raid=noautodetect
[    1.986446] usb 4-1: new full-speed USB device number 2 using ohci-pci
[    2.026436] tsc: Refined TSC clocksource calibration: 998.127 MHz
[    2.026450] clocksource: tsc: mask: 0xffffffffffffffff max_cycles: 0x1cc65b93289, max_idle_ns: 881590487074 ns
[    2.033746] clocksource: Switched to clocksource tsc
[    2.271733] usb 4-1: New USB device found, idVendor=03eb, idProduct=843d, bcdDevice=20.01
[    2.275528] usb 4-1: New USB device strings: Mfr=1, Product=2, SerialNumber=0
[    2.279246] usb 4-1: Product: Atmel maXTouch Digitizer
[    2.282830] usb 4-1: Manufacturer: Atmel
[    2.303302] input: Atmel Atmel maXTouch Digitizer Touchscreen as /devices/pci0000:00/0000:00:13.0/usb4/4-1/4-1:1.0/0003:03EB:843D.0001/input/input15
[    2.307561] input: Atmel Atmel maXTouch Digitizer as /devices/pci0000:00/0000:00:13.0/usb4/4-1/4-1:1.0/0003:03EB:843D.0001/input/input16
[    2.312027] hid-generic 0003:03EB:843D.0001: input,hiddev96,hidraw0: USB HID v1.11 Device [Atmel Atmel maXTouch Digitizer] on usb-0000:00:13.0-1/input0
[    2.324746] hid-generic 0003:03EB:843D.0002: hiddev97,hidraw1: USB HID v1.11 Device [Atmel Atmel maXTouch Digitizer] on usb-0000:00:13.0-1/input1
[    2.369483] input: PS/2 Logitech Wheel Mouse as /devices/platform/i8042/serio4/input/input14
[    2.376995] md: Autodetecting RAID arrays.
[    2.381139] md: autorun ...
[    2.385217] md: ... autorun DONE.
[    2.394023] EXT4-fs (sda2): mounted filesystem with ordered data mode. Opts: (null)
[    2.398173] VFS: Mounted root (ext4 filesystem) readonly on device 8:2.
[    2.404125] devtmpfs: mounted
[    2.408975] Freeing unused kernel image memory: 1256K
[    2.456444] Write protecting the kernel read-only data: 22528k
[    2.461969] Freeing unused kernel image memory: 1984K
[    2.467219] Freeing unused kernel image memory: 1740K
[    2.471128] Run /sbin/init as init process
[    2.522052] stty (1782) used greatest stack depth: 13832 bytes left
[    2.584463] mountpoint (1789) used greatest stack depth: 13792 bytes left
[    2.607071] sed (1797) used greatest stack depth: 13624 bytes left
[    2.749196] ip (1841) used greatest stack depth: 12792 bytes left
[    2.838786] udevd[1871]: starting version 3.2.1
[    2.850206] random: udevd: uninitialized urandom read (16 bytes read)
[    2.854816] random: udevd: uninitialized urandom read (16 bytes read)
[    2.859392] random: udevd: uninitialized urandom read (16 bytes read)
[    2.877254] udevd[1872]: starting eudev-3.2.1
[    2.926371] usb 4-2: new full-speed USB device number 3 using ohci-pci
[    3.164817] ath9k 0000:01:00.0 wlp1s0: renamed from wlan0
[    3.198568] usb 4-2: New USB device found, idVendor=13d3, idProduct=3362, bcdDevice= 0.01
[    3.202630] usb 4-2: New USB device strings: Mfr=1, Product=2, SerialNumber=3
[    3.206657] usb 4-2: Product: Bluetooth USB Host Controller
[    3.210634] usb 4-2: Manufacturer: Atheros Communications
[    3.214581] usb 4-2: SerialNumber: Alaska Day 2006
[    3.227258] r8169 0000:02:00.0 enp2s0: renamed from eth0
[    3.233778] [drm] radeon kernel modesetting enabled.
[    3.238740] checking generic (c0000000 420000) vs hw (c0000000 10000000)
[    3.238745] fb0: switching to radeondrmfb from EFI VGA
[    3.243785] Console: switching to colour dummy device 80x25
[    3.244092] radeon 0000:00:01.0: vgaarb: deactivate vga console
[    3.245975] [drm] initializing kernel modesetting (KABINI 0x1002:0x9839 0x1043:0x141D 0x00).
[    3.246043] [drm] doorbell mmio base: 0xD0000000
[    3.246051] [drm] doorbell mmio size: 8388608
[    3.246194] ATOM BIOS: AMD
[    3.246382] [drm] Changing default dispclk from 400Mhz to 600Mhz
[    3.246450] radeon 0000:00:01.0: VRAM: 512M 0x0000000000000000 - 0x000000001FFFFFFF (512M used)
[    3.246465] radeon 0000:00:01.0: GTT: 2048M 0x0000000020000000 - 0x000000009FFFFFFF
[    3.246487] [drm] Detected VRAM RAM=512M, BAR=256M
[    3.246495] [drm] RAM width 128bits DDR
[    3.246766] [TTM] Zone  kernel: Available graphics memory: 1729584 kiB
[    3.246777] [TTM] Initializing pool allocator
[    3.246798] [TTM] Initializing DMA pool allocator
[    3.246854] [drm] radeon: 512M of VRAM memory ready
[    3.246863] [drm] radeon: 2048M of GTT memory ready.
[    3.246911] [drm] Loading kabini Microcode
[    3.270357] [drm] Internal thermal controller without fan control
[    3.271860] [drm] radeon: dpm initialized
[    3.273087] [drm] Found UVD firmware Version: 1.64 Family ID: 9
[    3.278097] [drm] Found VCE firmware/feedback version 40.2.2 / 15!
[    3.286202] [drm] GART: num cpu pages 524288, num gpu pages 524288
[    3.363823] [drm] PCIE GART of 2048M enabled (table at 0x000000000030E000).
[    3.364110] radeon 0000:00:01.0: WB enabled
[    3.364158] radeon 0000:00:01.0: fence driver on ring 0 use gpu addr 0x0000000020000c00 and cpu addr 0x(____ptrval____)
[    3.364175] radeon 0000:00:01.0: fence driver on ring 1 use gpu addr 0x0000000020000c04 and cpu addr 0x(____ptrval____)
[    3.364190] radeon 0000:00:01.0: fence driver on ring 2 use gpu addr 0x0000000020000c08 and cpu addr 0x(____ptrval____)
[    3.364204] radeon 0000:00:01.0: fence driver on ring 3 use gpu addr 0x0000000020000c0c and cpu addr 0x(____ptrval____)
[    3.364219] radeon 0000:00:01.0: fence driver on ring 4 use gpu addr 0x0000000020000c10 and cpu addr 0x(____ptrval____)
[    3.365177] radeon 0000:00:01.0: fence driver on ring 5 use gpu addr 0x0000000000078d30 and cpu addr 0x(____ptrval____)
[    3.365583] radeon 0000:00:01.0: fence driver on ring 6 use gpu addr 0x0000000020000c18 and cpu addr 0x(____ptrval____)
[    3.365602] radeon 0000:00:01.0: fence driver on ring 7 use gpu addr 0x0000000020000c1c and cpu addr 0x(____ptrval____)
[    3.365617] [drm] Supports vblank timestamp caching Rev 2 (21.10.2013).
[    3.365625] [drm] Driver supports precise vblank timestamp query.
[    3.365739] radeon 0000:00:01.0: radeon: using MSI.
[    3.365804] [drm] radeon: irq initialized.
[    3.374583] [drm] ring test on 0 succeeded in 4 usecs
[    3.374698] [drm] ring test on 1 succeeded in 3 usecs
[    3.374737] [drm] ring test on 2 succeeded in 4 usecs
[    3.375057] [drm] ring test on 3 succeeded in 6 usecs
[    3.375076] [drm] ring test on 4 succeeded in 6 usecs
[    3.427997] [drm] ring test on 5 succeeded in 2 usecs
[    3.448591] [drm] UVD initialized successfully.
[    3.570746] [drm] ring test on 6 succeeded in 20 usecs
[    3.570782] [drm] ring test on 7 succeeded in 4 usecs
[    3.570790] [drm] VCE initialized successfully.
[    3.577116] [drm] ib test on ring 0 succeeded in 0 usecs
[    3.577407] [drm] ib test on ring 1 succeeded in 0 usecs
[    3.581489] [drm] ib test on ring 2 succeeded in 0 usecs
[    3.581782] [drm] ib test on ring 3 succeeded in 0 usecs
[    3.582056] [drm] ib test on ring 4 succeeded in 0 usecs
[    3.636308] usb 2-3: new high-speed USB device number 4 using ehci-pci
[    3.869535] usb 2-3: New USB device found, idVendor=04f2, idProduct=b404, bcdDevice=69.63
[    3.869559] usb 2-3: New USB device strings: Mfr=3, Product=1, SerialNumber=2
[    3.869570] usb 2-3: Product: USB2.0 HD UVC WebCam
[    3.869579] usb 2-3: Manufacturer: Chicony Electronics Co.,Ltd.
[    3.869588] usb 2-3: SerialNumber: 0x0001
[    4.146619] [drm] ib test on ring 5 succeeded
[    4.167832] [drm] ib test on ring 6 succeeded
[    4.168844] [drm] ib test on ring 7 succeeded
[    4.216424] [drm] radeon atom DIG backlight initialized
[    4.216451] [drm] Radeon Display Connectors
[    4.216458] [drm] Connector 0:
[    4.216465] [drm]   LVDS-1
[    4.216471] [drm]   HPD1
[    4.216480] [drm]   DDC: 0x6530 0x6530 0x6534 0x6534 0x6538 0x6538 0x653c 0x653c
[    4.216489] [drm]   Encoders:
[    4.216494] [drm]     LCD1: INTERNAL_UNIPHY
[    4.216501] [drm] Connector 1:
[    4.216506] [drm]   HDMI-A-1
[    4.216511] [drm]   HPD2
[    4.216519] [drm]   DDC: 0x6540 0x6540 0x6544 0x6544 0x6548 0x6548 0x654c 0x654c
[    4.216528] [drm]   Encoders:
[    4.216533] [drm]     DFP1: INTERNAL_UNIPHY
[    4.216539] [drm] Connector 2:
[    4.216544] [drm]   VGA-1
[    4.216552] [drm]   DDC: 0x65c0 0x65c0 0x65c4 0x65c4 0x65c8 0x65c8 0x65cc 0x65cc
[    4.216560] [drm]   Encoders:
[    4.216566] [drm]     CRT1: INTERNAL_KLDSCP_DAC1
[    5.278600] [drm] fb mappable at 0xC0722000
[    5.278617] [drm] vram apper at 0xC0000000
[    5.278624] [drm] size 4325376
[    5.278630] [drm] fb depth is 24
[    5.278636] [drm]    pitch is 5632
[    5.278949] fbcon: radeondrmfb (fb0) is primary device
[    5.386743] Console: switching to colour frame buffer device 170x48
[    5.397093] radeon 0000:00:01.0: fb0: radeondrmfb frame buffer device
[    5.451412] ACPI Debug:  "=== ALIB 0 - true ==="
[    5.452212] [drm] Initialized radeon 2.50.0 20080528 for 0000:00:01.0 on minor 0
[    5.534844] Adding 3608572k swap on /dev/sda4.  Priority:1 extents:1 across:3608572k SS
[    5.584944] EXT4-fs (sda2): re-mounted. Opts: (null)
[    5.679178] EXT4-fs (sda2): re-mounted. Opts: (null)
[    7.807184] urandom_read: 6 callbacks suppressed
[    7.807189] random: wpa_supplicant: uninitialized urandom read (32 bytes read)
[    9.147586] wlp1s0: authenticate with 64:66:b3:cd:9a:3a
[    9.168016] wlp1s0: send auth to 64:66:b3:cd:9a:3a (try 1/3)
[    9.174822] wlp1s0: authenticated
[    9.186423] wlp1s0: associate with 64:66:b3:cd:9a:3a (try 1/3)
[    9.194155] wlp1s0: RX AssocResp from 64:66:b3:cd:9a:3a (capab=0x431 status=0 aid=1)
[    9.197961] wlp1s0: associated
[    9.229097] IPv6: ADDRCONF(NETDEV_CHANGE): wlp1s0: link becomes ready
[   11.032813] udevd (2715) used greatest stack depth: 11760 bytes left
[   50.632458] random: crng init done
