[    0.000000] Linux version 5.1.0-rc1 (root@(none)) (gcc version 9.0.1 20190317 (experimental) (GCC)) #36 SMP Mon Mar 18 18:25:03 +05 2019
[    0.000000] Command line: BOOT_IMAGE=/boot/bzImage root=/dev/sda2 ro
[    0.000000] x86/fpu: Supporting XSAVE feature 0x001: 'x87 floating point registers'
[    0.000000] x86/fpu: Supporting XSAVE feature 0x002: 'SSE registers'
[    0.000000] x86/fpu: Supporting XSAVE feature 0x004: 'AVX registers'
[    0.000000] x86/fpu: xstate_offset[2]:  576, xstate_sizes[2]:  256
[    0.000000] x86/fpu: Enabled xstate features 0x7, context size is 832 bytes, using 'standard' format.
[    0.000000] BIOS-provided physical RAM map:
[    0.000000] BIOS-e820: [mem 0x0000000000000000-0x000000000009ffff] usable
[    0.000000] BIOS-e820: [mem 0x0000000000100000-0x000000009d0f7fff] usable
[    0.000000] BIOS-e820: [mem 0x000000009d0f8000-0x000000009d127fff] reserved
[    0.000000] BIOS-e820: [mem 0x000000009d128000-0x000000009d370fff] usable
[    0.000000] BIOS-e820: [mem 0x000000009d371000-0x000000009dc56fff] ACPI NVS
[    0.000000] BIOS-e820: [mem 0x000000009dc57000-0x000000009e959fff] reserved
[    0.000000] BIOS-e820: [mem 0x000000009e95a000-0x000000009e9cafff] type 20
[    0.000000] BIOS-e820: [mem 0x000000009e9cb000-0x000000009e9cbfff] usable
[    0.000000] BIOS-e820: [mem 0x000000009e9cc000-0x000000009e9d3fff] ACPI NVS
[    0.000000] BIOS-e820: [mem 0x000000009e9d4000-0x000000009eb24fff] usable
[    0.000000] BIOS-e820: [mem 0x000000009eb25000-0x000000009f041fff] reserved
[    0.000000] BIOS-e820: [mem 0x000000009f042000-0x000000009f080fff] usable
[    0.000000] BIOS-e820: [mem 0x000000009f081000-0x000000009f3f1fff] reserved
[    0.000000] BIOS-e820: [mem 0x000000009f3f2000-0x000000009f3fffff] usable
[    0.000000] BIOS-e820: [mem 0x00000000fec00000-0x00000000fec01fff] reserved
[    0.000000] BIOS-e820: [mem 0x00000000fec10000-0x00000000fec10fff] reserved
[    0.000000] BIOS-e820: [mem 0x00000000fed00000-0x00000000fed00fff] reserved
[    0.000000] BIOS-e820: [mem 0x00000000fed80000-0x00000000fed8ffff] reserved
[    0.000000] BIOS-e820: [mem 0x00000000ff000000-0x00000000ffffffff] reserved
[    0.000000] BIOS-e820: [mem 0x0000000100001000-0x000000013effffff] usable
[    0.000000] NX (Execute Disable) protection: active
[    0.000000] efi: EFI v2.31 by American Megatrends
[    0.000000] efi:  ACPI=0x9d3f3000  ACPI 2.0=0x9d3f3000  SMBIOS=0x9e958998 
[    0.000000] SMBIOS 2.7 present.
[    0.000000] DMI: ASUSTeK COMPUTER INC. X102BA/X102BA, BIOS X102BA.212 08/30/2013
[    0.000000] tsc: Fast TSC calibration using PIT
[    0.000000] tsc: Detected 998.047 MHz processor
[    0.000214] e820: update [mem 0x00000000-0x00000fff] usable ==> reserved
[    0.000219] e820: remove [mem 0x000a0000-0x000fffff] usable
[    0.000243] last_pfn = 0x13f000 max_arch_pfn = 0x400000000
[    0.000253] MTRR default type: uncachable
[    0.000255] MTRR fixed ranges enabled:
[    0.000258]   00000-9FFFF write-back
[    0.000260]   A0000-BFFFF write-through
[    0.000263]   C0000-DFFFF uncachable
[    0.000265]   E0000-FFFFF write-protect
[    0.000267] MTRR variable ranges enabled:
[    0.000271]   0 base 0000000000 mask FF80000000 write-back
[    0.000275]   1 base 0080000000 mask FFE0000000 write-back
[    0.000278]   2 base 009F400000 mask FFFFC00000 uncachable
[    0.000281]   3 base 009F800000 mask FFFF800000 uncachable
[    0.000283]   4 disabled
[    0.000284]   5 disabled
[    0.000285]   6 disabled
[    0.000286]   7 disabled
[    0.000289] TOM2: 000000013f000000 aka 5104M
[    0.000813] x86/PAT: Configuration [0-7]: WB  WC  UC- UC  WB  WP  UC- WT  
[    0.001081] e820: update [mem 0x9f400000-0xffffffff] usable ==> reserved
[    0.001095] last_pfn = 0x9f400 max_arch_pfn = 0x400000000
[    0.014322] check: Scanning 1 areas for low memory corruption
[    0.014333] Base memory trampoline at [(____ptrval____)] 99000 size 24576
[    0.014340] Using GB pages for direct mapping
[    0.014347] BRK [0x106e01000, 0x106e01fff] PGTABLE
[    0.014353] BRK [0x106e02000, 0x106e02fff] PGTABLE
[    0.014357] BRK [0x106e03000, 0x106e03fff] PGTABLE
[    0.014554] BRK [0x106e04000, 0x106e04fff] PGTABLE
[    0.014563] BRK [0x106e05000, 0x106e05fff] PGTABLE
[    0.015856] BRK [0x106e06000, 0x106e06fff] PGTABLE
[    0.016112] BRK [0x106e07000, 0x106e07fff] PGTABLE
[    0.016393] BRK [0x106e08000, 0x106e08fff] PGTABLE
[    0.016686] BRK [0x106e09000, 0x106e09fff] PGTABLE
[    0.016940] BRK [0x106e0a000, 0x106e0afff] PGTABLE
[    0.017246] BRK [0x106e0b000, 0x106e0bfff] PGTABLE
[    0.017598] BRK [0x106e0c000, 0x106e0cfff] PGTABLE
[    0.017847] Secure boot could not be determined
[    0.017862] ACPI: Early table checksum verification disabled
[    0.017871] ACPI: RSDP 0x000000009D3F3000 000024 (v02 _ASUS_)
[    0.017882] ACPI: XSDT 0x000000009D3F3088 000094 (v01 _ASUS_ Notebook 01072009 AMI  00010013)
[    0.017899] ACPI: FACP 0x000000009D400748 00010C (v05 _ASUS_ Notebook 01072009 AMI  00010013)
[    0.017914] ACPI BIOS Warning (bug): Optional FADT field Pm2ControlBlock has valid Length but zero Address: 0x0000000000000000/0x1 (20190215/tbfadt-615)
[    0.017928] ACPI: DSDT 0x000000009D3F31A8 00D59D (v02 _ASUS_ Notebook 00000000 INTL 20091112)
[    0.017938] ACPI: FACS 0x000000009DC4B080 000040
[    0.017946] ACPI: APIC 0x000000009D400858 00007E (v03 _ASUS_ Notebook 01072009 AMI  00010013)
[    0.017956] ACPI: FPDT 0x000000009D4008D8 000044 (v01 _ASUS_ Notebook 01072009 AMI  00010013)
[    0.017965] ACPI: ECDT 0x000000009D400920 0000C1 (v01 _ASUS_ Notebook 01072009 AMI. 00000005)
[    0.017975] ACPI: MCFG 0x000000009D4009E8 00003C (v01 _ASUS_ Notebook 01072009 MSFT 00010013)
[    0.017984] ACPI: HPET 0x000000009D400A28 000038 (v01 _ASUS_ Notebook 01072009 AMI  00000005)
[    0.017993] ACPI: VFCT 0x000000009D400A60 004684 (v01 _ASUS_ Notebook 00000001 AMD  31504F47)
[    0.018003] ACPI: BGRT 0x000000009D4050E8 000038 (v00 _ASUS_ Notebook 01072009 ASUS 00010013)
[    0.018012] ACPI: SSDT 0x000000009D405120 0005E0 (v01 AMD    AGESA    00000001 AMD  00000001)
[    0.018021] ACPI: SSDT 0x000000009D405700 0046D1 (v02 AMD    AGESA    00000002 MSFT 04000000)
[    0.018031] ACPI: CRAT 0x000000009D409DD8 000228 (v01 AMD    AGESA    00000001 AMD  00000001)
[    0.018040] ACPI: SSDT 0x000000009D40A000 001411 (v01 AMD    CPMDFIGP 00000001 INTL 20051117)
[    0.018049] ACPI: SSDT 0x000000009D40B418 0010E8 (v01 AMD    CPMCMN   00000001 INTL 20051117)
[    0.018059] ACPI: MSDM 0x000000009D127F98 000055 (v03 _ASUS_ Notebook 00000000 ASUS 00000001)
[    0.018086] ACPI: Local APIC address 0xfee00000
[    0.018345] No NUMA configuration found
[    0.018349] Faking a node at [mem 0x0000000000000000-0x000000013effffff]
[    0.018362] NODE_DATA(0) allocated [mem 0x13effb000-0x13effefff]
[    0.018415] Zone ranges:
[    0.018419]   DMA      [mem 0x0000000000001000-0x0000000000ffffff]
[    0.018424]   DMA32    [mem 0x0000000001000000-0x00000000ffffffff]
[    0.018428]   Normal   [mem 0x0000000100000000-0x000000013effffff]
[    0.018432] Movable zone start for each node
[    0.018435] Early memory node ranges
[    0.018438]   node   0: [mem 0x0000000000001000-0x000000000009ffff]
[    0.018442]   node   0: [mem 0x0000000000100000-0x000000009d0f7fff]
[    0.018445]   node   0: [mem 0x000000009d128000-0x000000009d370fff]
[    0.018448]   node   0: [mem 0x000000009e9cb000-0x000000009e9cbfff]
[    0.018451]   node   0: [mem 0x000000009e9d4000-0x000000009eb24fff]
[    0.018454]   node   0: [mem 0x000000009f042000-0x000000009f080fff]
[    0.018457]   node   0: [mem 0x000000009f3f2000-0x000000009f3fffff]
[    0.018460]   node   0: [mem 0x0000000100001000-0x000000013effffff]
[    0.019303] Zeroed struct page in unavailable ranges: 11138 pages
[    0.019310] Initmem setup node 0 [mem 0x0000000000001000-0x000000013effffff]
[    0.019318] On node 0 totalpages: 902270
[    0.019321]   DMA zone: 64 pages used for memmap
[    0.019323]   DMA zone: 23 pages reserved
[    0.019326]   DMA zone: 3999 pages, LIFO batch:0
[    0.019722]   DMA32 zone: 10004 pages used for memmap
[    0.019725]   DMA32 zone: 640224 pages, LIFO batch:63
[    0.088313]   Normal zone: 4032 pages used for memmap
[    0.088320]   Normal zone: 258047 pages, LIFO batch:63
[    0.112924] ACPI: PM-Timer IO Port: 0x808
[    0.112936] ACPI: Local APIC address 0xfee00000
[    0.112951] ACPI: LAPIC_NMI (acpi_id[0xff] high edge lint[0x1])
[    0.112968] IOAPIC[0]: apic_id 3, version 33, address 0xfec00000, GSI 0-23
[    0.112978] IOAPIC[1]: apic_id 4, version 33, address 0xfec01000, GSI 24-55
[    0.112984] ACPI: INT_SRC_OVR (bus 0 bus_irq 0 global_irq 2 dfl dfl)
[    0.112990] ACPI: INT_SRC_OVR (bus 0 bus_irq 9 global_irq 9 low level)
[    0.112994] ACPI: IRQ0 used by override.
[    0.112997] ACPI: IRQ9 used by override.
[    0.113002] Using ACPI (MADT) for SMP configuration information
[    0.113006] ACPI: HPET id: 0x10228210 base: 0xfed00000
[    0.113021] smpboot: Allowing 4 CPUs, 2 hotplug CPUs
[    0.113094] PM: Registered nosave memory: [mem 0x00000000-0x00000fff]
[    0.113101] PM: Registered nosave memory: [mem 0x000a0000-0x000fffff]
[    0.113108] PM: Registered nosave memory: [mem 0x9d0f8000-0x9d127fff]
[    0.113115] PM: Registered nosave memory: [mem 0x9d371000-0x9dc56fff]
[    0.113118] PM: Registered nosave memory: [mem 0x9dc57000-0x9e959fff]
[    0.113121] PM: Registered nosave memory: [mem 0x9e95a000-0x9e9cafff]
[    0.113128] PM: Registered nosave memory: [mem 0x9e9cc000-0x9e9d3fff]
[    0.113134] PM: Registered nosave memory: [mem 0x9eb25000-0x9f041fff]
[    0.113141] PM: Registered nosave memory: [mem 0x9f081000-0x9f3f1fff]
[    0.113148] PM: Registered nosave memory: [mem 0x9f400000-0xfebfffff]
[    0.113151] PM: Registered nosave memory: [mem 0xfec00000-0xfec01fff]
[    0.113154] PM: Registered nosave memory: [mem 0xfec02000-0xfec0ffff]
[    0.113156] PM: Registered nosave memory: [mem 0xfec10000-0xfec10fff]
[    0.113159] PM: Registered nosave memory: [mem 0xfec11000-0xfecfffff]
[    0.113162] PM: Registered nosave memory: [mem 0xfed00000-0xfed00fff]
[    0.113164] PM: Registered nosave memory: [mem 0xfed01000-0xfed7ffff]
[    0.113167] PM: Registered nosave memory: [mem 0xfed80000-0xfed8ffff]
[    0.113170] PM: Registered nosave memory: [mem 0xfed90000-0xfeffffff]
[    0.113173] PM: Registered nosave memory: [mem 0xff000000-0xffffffff]
[    0.113175] PM: Registered nosave memory: [mem 0x100000000-0x100000fff]
[    0.113183] [mem 0x9f400000-0xfebfffff] available for PCI devices
[    0.113194] clocksource: refined-jiffies: mask: 0xffffffff max_cycles: 0xffffffff, max_idle_ns: 19112604462750000 ns
[    0.617669] random: get_random_bytes called from start_kernel+0x8b/0x48f with crng_init=0
[    0.617704] setup_percpu: NR_CPUS:64 nr_cpumask_bits:64 nr_cpu_ids:4 nr_node_ids:1
[    0.618807] percpu: Embedded 43 pages/cpu @(____ptrval____) s137240 r8192 d30696 u524288
[    0.618845] pcpu-alloc: s137240 r8192 d30696 u524288 alloc=1*2097152
[    0.618848] pcpu-alloc: [0] 0 1 2 3 
[    0.618927] Built 1 zonelists, mobility grouping on.  Total pages: 888147
[    0.618931] Policy zone: Normal
[    0.618937] Kernel command line: BOOT_IMAGE=/boot/bzImage root=/dev/sda2 ro
[    0.683325] Memory: 3432304K/3609080K available (14357K kernel code, 1434K rwdata, 4404K rodata, 1256K init, 928K bss, 176776K reserved, 0K cma-reserved)
[    0.683532] SLUB: HWalign=64, Order=0-3, MinObjects=0, CPUs=4, Nodes=1
[    0.683759] rcu: Hierarchical RCU implementation.
[    0.683763] rcu: 	RCU event tracing is enabled.
[    0.683767] rcu: 	RCU restricting CPUs from NR_CPUS=64 to nr_cpu_ids=4.
[    0.683772] rcu: RCU calculated value of scheduler-enlistment delay is 10 jiffies.
[    0.683775] rcu: Adjusting geometry for rcu_fanout_leaf=16, nr_cpu_ids=4
[    0.684362] NR_IRQS: 4352, nr_irqs: 1000, preallocated irqs: 16
[    0.684923] Console: colour dummy device 80x25
[    0.685588] printk: console [tty0] enabled
[    0.685637] ACPI: Core revision 20190215
[    0.686447] clocksource: hpet: mask: 0xffffffff max_cycles: 0xffffffff, max_idle_ns: 133484873504 ns
[    0.686477] hpet clockevent registered
[    0.686488] APIC: Switch to symmetric I/O mode setup
[    0.687352] ..TIMER: vector=0x30 apic1=0 pin1=2 apic2=-1 pin2=-1
[    0.736493] clocksource: tsc-early: mask: 0xffffffffffffffff max_cycles: 0x1cc5c461ad6, max_idle_ns: 881590516796 ns
[    0.736510] Calibrating delay loop (skipped), value calculated using timer frequency.. 1996.09 BogoMIPS (lpj=9980470)
[    0.736526] pid_max: default: 32768 minimum: 301
[    0.739028] LSM: Security Framework initializing
[    0.739062] SELinux:  Initializing.
[    0.739099] *** VALIDATE SELinux ***
[    0.741320] Dentry cache hash table entries: 524288 (order: 10, 4194304 bytes)
[    0.742493] Inode-cache hash table entries: 262144 (order: 9, 2097152 bytes)
[    0.742594] Mount-cache hash table entries: 8192 (order: 4, 65536 bytes)
[    0.742639] Mountpoint-cache hash table entries: 8192 (order: 4, 65536 bytes)
[    0.743024] *** VALIDATE proc ***
[    0.743114] *** VALIDATE cgroup1 ***
[    0.743124] *** VALIDATE cgroup2 ***
[    0.743182] mce: CPU supports 6 MCE banks
[    0.743211] LVT offset 1 assigned for vector 0xf9
[    0.743226] Last level iTLB entries: 4KB 512, 2MB 8, 4MB 4
[    0.743233] Last level dTLB entries: 4KB 512, 2MB 256, 4MB 128, 1GB 0
[    0.743243] Spectre V2 : Mitigation: Full AMD retpoline
[    0.743250] Spectre V2 : Spectre v2 / SpectreRSB mitigation: Filling RSB on context switch
[    0.743261] Speculative Store Bypass: Mitigation: Speculative Store Bypass disabled via prctl and seccomp
[    0.743840] Freeing SMP alternatives memory: 40K
[    0.756507] smpboot: CPU0: AMD A4-1200 APU with Radeon(TM) HD Graphics (family: 0x16, model: 0x0, stepping: 0x1)
[    0.756507] Performance Events: AMD PMU driver.
[    0.756507] ... version:                0
[    0.756507] ... bit width:              48
[    0.756507] ... generic registers:      4
[    0.756507] ... value mask:             0000ffffffffffff
[    0.756507] ... max period:             00007fffffffffff
[    0.756507] ... fixed-purpose events:   0
[    0.756507] ... event mask:             000000000000000f
[    0.756507] rcu: Hierarchical SRCU implementation.
[    0.756507] MCE: In-kernel MCE decoding enabled.
[    0.756507] smp: Bringing up secondary CPUs ...
[    0.756507] x86: Booting SMP configuration:
[    0.756507] .... node  #0, CPUs:      #1
[    0.756507] smp: Brought up 1 node, 2 CPUs
[    0.756507] smpboot: Max logical packages: 2
[    0.756507] smpboot: Total of 2 processors activated (3992.18 BogoMIPS)
[    0.756507] devtmpfs: initialized
[    0.756507] PM: Registering ACPI NVS region [mem 0x9d371000-0x9dc56fff] (9330688 bytes)
[    0.756507] PM: Registering ACPI NVS region [mem 0x9e9cc000-0x9e9d3fff] (32768 bytes)
[    0.756507] clocksource: jiffies: mask: 0xffffffff max_cycles: 0xffffffff, max_idle_ns: 19112604462750000 ns
[    0.756507] futex hash table entries: 1024 (order: 4, 65536 bytes)
[    0.756507] NET: Registered protocol family 16
[    0.756507] audit: initializing netlink subsys (disabled)
[    0.756507] audit: type=2000 audit(1552975741.060:1): state=initialized audit_enabled=0 res=1
[    0.756507] cpuidle: using governor ladder
[    0.756507] cpuidle: using governor menu
[    0.756507] kworker/u8:1 (34) used greatest stack depth: 14608 bytes left
[    0.756507] ACPI FADT declares the system doesn't support PCIe ASPM, so disable it
[    0.756507] ACPI: bus type PCI registered
[    0.756507] PCI: MMCONFIG for domain 0000 [bus 00-ff] at [mem 0xe0000000-0xefffffff] (base 0xe0000000)
[    0.756507] PCI: not using MMCONFIG
[    0.756507] PCI: Using configuration type 1 for base access
[    0.756507] PCI: Using configuration type 1 for extended access
[    0.767224] kworker/u8:0 (291) used greatest stack depth: 14144 bytes left
[    0.794971] HugeTLB registered 2.00 MiB page size, pre-allocated 0 pages
[    0.794971] ACPI: Added _OSI(Module Device)
[    0.794971] ACPI: Added _OSI(Processor Device)
[    0.794971] ACPI: Added _OSI(3.0 _SCP Extensions)
[    0.794971] ACPI: Added _OSI(Processor Aggregator Device)
[    0.794971] ACPI: Added _OSI(Linux-Dell-Video)
[    0.794971] ACPI: Added _OSI(Linux-Lenovo-NV-HDMI-Audio)
[    0.794971] ACPI: Added _OSI(Linux-HPI-Hybrid-Graphics)
[    0.831694] ACPI: 5 ACPI AML tables successfully acquired and loaded
[    0.834967] ACPI: EC: EC started
[    0.834976] ACPI: EC: interrupt blocked
[    0.837121] ACPI: \: Used as first EC
[    0.837133] ACPI: \: GPE=0x3, EC_CMD/EC_SC=0x66, EC_DATA=0x62
[    0.837141] ACPI: EC: Boot ECDT EC used to handle transactions
[    0.842155] ACPI: [Firmware Bug]: BIOS _OSI(Linux) query ignored
[    0.846726] ACPI: Interpreter enabled
[    0.846802] ACPI: (supports S0 S3 S4 S5)
[    0.846813] ACPI: Using IOAPIC for interrupt routing
[    0.846933] PCI: MMCONFIG for domain 0000 [bus 00-ff] at [mem 0xe0000000-0xefffffff] (base 0xe0000000)
[    0.847101] PCI: MMCONFIG at [mem 0xe0000000-0xefffffff] reserved in ACPI motherboard resources
[    0.847184] PCI: Using host bridge windows from ACPI; if necessary, use "pci=nocrs" and report a bug
[    0.848004] ACPI: Enabled 3 GPEs in block 00 to 1F
[    0.868887] ACPI: PCI Root Bridge [PCI0] (domain 0000 [bus 00-ff])
[    0.868920] acpi PNP0A08:00: _OSC: OS supports [ExtendedConfig ASPM ClockPM Segments MSI]
[    0.869551] acpi PNP0A08:00: _OSC: platform does not support [LTR]
[    0.870135] acpi PNP0A08:00: _OSC: OS now controls [PME AER PCIeCapability]
[    0.870148] acpi PNP0A08:00: FADT indicates ASPM is unsupported, using BIOS configuration
[    0.870739] PCI host bridge to bus 0000:00
[    0.870754] pci_bus 0000:00: root bus resource [io  0x0000-0x03af window]
[    0.870766] pci_bus 0000:00: root bus resource [io  0x03e0-0x0cf7 window]
[    0.870777] pci_bus 0000:00: root bus resource [io  0x03b0-0x03df window]
[    0.870787] pci_bus 0000:00: root bus resource [io  0x0d00-0xffff window]
[    0.870798] pci_bus 0000:00: root bus resource [mem 0x000a0000-0x000bffff window]
[    0.870811] pci_bus 0000:00: root bus resource [mem 0x000c0000-0x000dffff window]
[    0.870823] pci_bus 0000:00: root bus resource [mem 0xc0000000-0xffffffff window]
[    0.870835] pci_bus 0000:00: root bus resource [bus 00-ff]
[    0.870863] pci 0000:00:00.0: [1022:1536] type 00 class 0x060000
[    0.871151] pci 0000:00:01.0: [1002:9839] type 00 class 0x030000
[    0.871185] pci 0000:00:01.0: reg 0x10: [mem 0xc0000000-0xcfffffff 64bit pref]
[    0.871202] pci 0000:00:01.0: reg 0x18: [mem 0xd0000000-0xd07fffff 64bit pref]
[    0.871214] pci 0000:00:01.0: reg 0x20: [io  0xf000-0xf0ff]
[    0.871226] pci 0000:00:01.0: reg 0x24: [mem 0xfeb00000-0xfeb3ffff]
[    0.871238] pci 0000:00:01.0: reg 0x30: [mem 0xfeb40000-0xfeb5ffff pref]
[    0.871246] pci 0000:00:01.0: enabling Extended Tags
[    0.871278] pci 0000:00:01.0: BAR 0: assigned to efifb
[    0.871335] pci 0000:00:01.0: supports D1 D2
[    0.871340] pci 0000:00:01.0: PME# supported from D1 D2 D3hot
[    0.871571] pci 0000:00:01.1: [1002:9840] type 00 class 0x040300
[    0.871601] pci 0000:00:01.1: reg 0x10: [mem 0xfeb64000-0xfeb67fff 64bit]
[    0.871634] pci 0000:00:01.1: enabling Extended Tags
[    0.871705] pci 0000:00:01.1: supports D1 D2
[    0.871901] pci 0000:00:02.0: [1022:1538] type 00 class 0x060000
[    0.872137] pci 0000:00:02.2: [1022:1439] type 01 class 0x060400
[    0.872200] pci 0000:00:02.2: enabling Extended Tags
[    0.872283] pci 0000:00:02.2: PME# supported from D0 D3hot D3cold
[    0.872514] pci 0000:00:02.3: [1022:1439] type 01 class 0x060400
[    0.872577] pci 0000:00:02.3: enabling Extended Tags
[    0.872657] pci 0000:00:02.3: PME# supported from D0 D3hot D3cold
[    0.872914] pci 0000:00:10.0: [1022:7814] type 00 class 0x0c0330
[    0.872951] pci 0000:00:10.0: reg 0x10: [mem 0xfeb68000-0xfeb69fff 64bit]
[    0.873086] pci 0000:00:10.0: PME# supported from D0 D3hot D3cold
[    0.873324] pci 0000:00:11.0: [1022:7801] type 00 class 0x010601
[    0.873355] pci 0000:00:11.0: reg 0x10: [io  0xf140-0xf147]
[    0.873367] pci 0000:00:11.0: reg 0x14: [io  0xf130-0xf133]
[    0.873380] pci 0000:00:11.0: reg 0x18: [io  0xf120-0xf127]
[    0.873393] pci 0000:00:11.0: reg 0x1c: [io  0xf110-0xf113]
[    0.873405] pci 0000:00:11.0: reg 0x20: [io  0xf100-0xf10f]
[    0.873418] pci 0000:00:11.0: reg 0x24: [mem 0xfeb6f000-0xfeb6f3ff]
[    0.873490] pci 0000:00:11.0: PME# supported from D3hot
[    0.873696] pci 0000:00:12.0: [1022:7807] type 00 class 0x0c0310
[    0.873718] pci 0000:00:12.0: reg 0x10: [mem 0xfeb6e000-0xfeb6efff]
[    0.873976] pci 0000:00:12.2: [1022:7808] type 00 class 0x0c0320
[    0.874004] pci 0000:00:12.2: reg 0x10: [mem 0xfeb6d000-0xfeb6d0ff]
[    0.874102] pci 0000:00:12.2: supports D1 D2
[    0.874107] pci 0000:00:12.2: PME# supported from D0 D1 D2 D3hot D3cold
[    0.874315] pci 0000:00:13.0: [1022:7807] type 00 class 0x0c0310
[    0.874337] pci 0000:00:13.0: reg 0x10: [mem 0xfeb6c000-0xfeb6cfff]
[    0.874593] pci 0000:00:13.2: [1022:7808] type 00 class 0x0c0320
[    0.874621] pci 0000:00:13.2: reg 0x10: [mem 0xfeb6b000-0xfeb6b0ff]
[    0.874719] pci 0000:00:13.2: supports D1 D2
[    0.874723] pci 0000:00:13.2: PME# supported from D0 D1 D2 D3hot D3cold
[    0.874930] pci 0000:00:14.0: [1022:780b] type 00 class 0x0c0500
[    0.875187] pci 0000:00:14.2: [1022:780d] type 00 class 0x040300
[    0.875218] pci 0000:00:14.2: reg 0x10: [mem 0xfeb60000-0xfeb63fff 64bit]
[    0.875303] pci 0000:00:14.2: PME# supported from D0 D3hot D3cold
[    0.875509] pci 0000:00:14.3: [1022:780e] type 00 class 0x060100
[    0.875787] pci 0000:00:14.7: [1022:7813] type 00 class 0x080501
[    0.875814] pci 0000:00:14.7: reg 0x10: [mem 0xfeb6a000-0xfeb6a0ff 64bit]
[    0.876037] pci 0000:00:18.0: [1022:1530] type 00 class 0x060000
[    0.876247] pci 0000:00:18.1: [1022:1531] type 00 class 0x060000
[    0.876460] pci 0000:00:18.2: [1022:1532] type 00 class 0x060000
[    0.876706] pci 0000:00:18.3: [1022:1533] type 00 class 0x060000
[    0.876921] pci 0000:00:18.4: [1022:1534] type 00 class 0x060000
[    0.877126] pci 0000:00:18.5: [1022:1535] type 00 class 0x060000
[    0.877479] pci 0000:01:00.0: [168c:0032] type 00 class 0x028000
[    0.877543] pci 0000:01:00.0: reg 0x10: [mem 0xfea00000-0xfea7ffff 64bit]
[    0.877607] pci 0000:01:00.0: reg 0x30: [mem 0xfea80000-0xfea8ffff pref]
[    0.877778] pci 0000:01:00.0: supports D1 D2
[    0.877782] pci 0000:01:00.0: PME# supported from D0 D1 D2 D3hot D3cold
[    0.878042] pci 0000:00:02.2: PCI bridge to [bus 01]
[    0.878062] pci 0000:00:02.2:   bridge window [mem 0xfea00000-0xfeafffff]
[    0.878194] pci 0000:02:00.0: [10ec:8136] type 00 class 0x020000
[    0.878245] pci 0000:02:00.0: reg 0x10: [io  0xe000-0xe0ff]
[    0.878289] pci 0000:02:00.0: reg 0x18: [mem 0xd0804000-0xd0804fff 64bit pref]
[    0.878317] pci 0000:02:00.0: reg 0x20: [mem 0xd0800000-0xd0803fff 64bit pref]
[    0.878483] pci 0000:02:00.0: supports D1 D2
[    0.878487] pci 0000:02:00.0: PME# supported from D0 D1 D2 D3hot D3cold
[    0.878770] pci 0000:00:02.3: PCI bridge to [bus 02]
[    0.878787] pci 0000:00:02.3:   bridge window [io  0xe000-0xefff]
[    0.878798] pci 0000:00:02.3:   bridge window [mem 0xd0800000-0xd08fffff 64bit pref]
[    0.880349] ACPI: PCI Interrupt Link [LNKA] (IRQs 4 7 10 11 14 15) *0
[    0.880590] ACPI: PCI Interrupt Link [LNKB] (IRQs 4 7 10 11 14 15) *0
[    0.880833] ACPI: PCI Interrupt Link [LNKC] (IRQs 4 7 10 11 14 15) *0
[    0.881073] ACPI: PCI Interrupt Link [LNKD] (IRQs 4 7 10 11 14 15) *0
[    0.881279] ACPI: PCI Interrupt Link [LNKE] (IRQs 4 7 10 11 14 15) *0
[    0.881447] ACPI: PCI Interrupt Link [LNKF] (IRQs 4 7 10 11 14 15) *0
[    0.881616] ACPI: PCI Interrupt Link [LNKG] (IRQs 4 7 10 11 14 15) *0
[    0.881782] ACPI: PCI Interrupt Link [LNKH] (IRQs 4 7 10 11 14 15) *0
[    0.882818] ACPI: EC: interrupt unblocked
[    0.882840] ACPI: EC: event unblocked
[    0.882859] ACPI: \_SB_.PCI0.SBRG.EC0_: GPE=0x3, EC_CMD/EC_SC=0x66, EC_DATA=0x62
[    0.882873] ACPI: \_SB_.PCI0.SBRG.EC0_: Boot DSDT EC used to handle transactions and events
[    0.883173] pci 0000:00:01.0: vgaarb: setting as boot VGA device
[    0.883188] pci 0000:00:01.0: vgaarb: VGA device added: decodes=io+mem,owns=io+mem,locks=none
[    0.883216] pci 0000:00:01.0: vgaarb: bridge control possible
[    0.883224] vgaarb: loaded
[    0.883535] SCSI subsystem initialized
[    0.883792] libata version 3.00 loaded.
[    0.884132] ACPI: bus type USB registered
[    0.884261] usbcore: registered new interface driver usbfs
[    0.884305] usbcore: registered new interface driver hub
[    0.884360] usbcore: registered new device driver usb
[    0.884437] pps_core: LinuxPPS API ver. 1 registered
[    0.884446] pps_core: Software ver. 5.3.6 - Copyright 2005-2007 Rodolfo Giometti <giometti@linux.it>
[    0.884468] PTP clock support registered
[    0.884754] EDAC MC: Ver: 3.0.0
[    0.884975] Registered efivars operations
[    0.886692] Advanced Linux Sound Architecture Driver Initialized.
[    0.886780] PCI: Using ACPI for IRQ routing
[    0.896718] PCI: pci_cache_line_size set to 64 bytes
[    0.896718] e820: reserve RAM buffer [mem 0x9d0f8000-0x9fffffff]
[    0.896718] e820: reserve RAM buffer [mem 0x9d371000-0x9fffffff]
[    0.896718] e820: reserve RAM buffer [mem 0x9e9cc000-0x9fffffff]
[    0.896718] e820: reserve RAM buffer [mem 0x9eb25000-0x9fffffff]
[    0.896718] e820: reserve RAM buffer [mem 0x9f081000-0x9fffffff]
[    0.896718] e820: reserve RAM buffer [mem 0x9f400000-0x9fffffff]
[    0.896718] e820: reserve RAM buffer [mem 0x13f000000-0x13fffffff]
[    0.896720] NetLabel: Initializing
[    0.896720] NetLabel:  domain hash size = 128
[    0.896720] NetLabel:  protocols = UNLABELED CIPSOv4 CALIPSO
[    0.896732] NetLabel:  unlabeled traffic allowed by default
[    0.897403] hpet0: at MMIO 0xfed00000, IRQs 2, 8, 0
[    0.897425] hpet0: 3 comparators, 32-bit 14.318180 MHz counter
[    0.899574] clocksource: Switched to clocksource tsc-early
[    0.945292] VFS: Disk quotas dquot_6.6.0
[    0.945357] VFS: Dquot-cache hash table entries: 512 (order 0, 4096 bytes)
[    0.945444] *** VALIDATE hugetlbfs ***
[    0.945551] pnp: PnP ACPI init
[    0.945957] system 00:00: [mem 0xe0000000-0xefffffff] has been reserved
[    0.945995] system 00:00: Plug and Play ACPI device, IDs PNP0c01 (active)
[    0.946211] system 00:01: [mem 0xa0000000-0xbfffffff] has been reserved
[    0.946242] system 00:01: Plug and Play ACPI device, IDs PNP0c02 (active)
[    0.946422] system 00:02: Plug and Play ACPI device, IDs PNP0c02 (active)
[    0.946515] pnp 00:03: Plug and Play ACPI device, IDs PNP0b00 (active)
[    0.946706] system 00:04: [io  0x04d0-0x04d1] has been reserved
[    0.946735] system 00:04: Plug and Play ACPI device, IDs PNP0c02 (active)
[    0.946948] pnp 00:05: Plug and Play ACPI device, IDs ETD0108 SYN0a00 SYN0002 PNP0f03 PNP0f13 PNP0f12 (active)
[    0.947082] pnp 00:06: Plug and Play ACPI device, IDs ATK3001 PNP030b (active)
[    0.947819] system 00:07: [io  0x04d0-0x04d1] has been reserved
[    0.947832] system 00:07: [io  0x040b] has been reserved
[    0.947843] system 00:07: [io  0x04d6] has been reserved
[    0.947854] system 00:07: [io  0x0c00-0x0c01] has been reserved
[    0.947864] system 00:07: [io  0x0c14] has been reserved
[    0.947874] system 00:07: [io  0x0c50-0x0c51] has been reserved
[    0.947885] system 00:07: [io  0x0c52] has been reserved
[    0.947895] system 00:07: [io  0x0c6c] has been reserved
[    0.947905] system 00:07: [io  0x0c6f] has been reserved
[    0.947915] system 00:07: [io  0x0cd0-0x0cd1] has been reserved
[    0.947925] system 00:07: [io  0x0cd2-0x0cd3] has been reserved
[    0.947936] system 00:07: [io  0x0cd4-0x0cd5] has been reserved
[    0.947946] system 00:07: [io  0x0cd6-0x0cd7] has been reserved
[    0.947956] system 00:07: [io  0x0cd8-0x0cdf] has been reserved
[    0.947966] system 00:07: [io  0x0800-0x089f] has been reserved
[    0.947977] system 00:07: [io  0x0900-0x090f] has been reserved
[    0.947987] system 00:07: [io  0x0910-0x091f] has been reserved
[    0.947998] system 00:07: [io  0xfe00-0xfefe] has been reserved
[    0.948011] system 00:07: [mem 0xfec00000-0xfec00fff] could not be reserved
[    0.948023] system 00:07: [mem 0xfee00000-0xfee00fff] has been reserved
[    0.948035] system 00:07: [mem 0xfed80000-0xfed8ffff] has been reserved
[    0.948046] system 00:07: [mem 0xfed61000-0xfed70fff] has been reserved
[    0.948057] system 00:07: [mem 0xfec10000-0xfec10fff] has been reserved
[    0.948069] system 00:07: [mem 0xfed00000-0xfed00fff] could not be reserved
[    0.948081] system 00:07: [mem 0xff000000-0xffffffff] has been reserved
[    0.948107] system 00:07: Plug and Play ACPI device, IDs PNP0c02 (active)
[    0.948970] pnp: PnP ACPI: found 8 devices
[    0.959338] clocksource: acpi_pm: mask: 0xffffff max_cycles: 0xffffff, max_idle_ns: 2085701024 ns
[    0.959402] pci 0000:00:02.2: PCI bridge to [bus 01]
[    0.959422] pci 0000:00:02.2:   bridge window [mem 0xfea00000-0xfeafffff]
[    0.959440] pci 0000:00:02.3: PCI bridge to [bus 02]
[    0.959452] pci 0000:00:02.3:   bridge window [io  0xe000-0xefff]
[    0.959468] pci 0000:00:02.3:   bridge window [mem 0xd0800000-0xd08fffff 64bit pref]
[    0.959492] pci_bus 0000:00: resource 4 [io  0x0000-0x03af window]
[    0.959498] pci_bus 0000:00: resource 5 [io  0x03e0-0x0cf7 window]
[    0.959502] pci_bus 0000:00: resource 6 [io  0x03b0-0x03df window]
[    0.959506] pci_bus 0000:00: resource 7 [io  0x0d00-0xffff window]
[    0.959511] pci_bus 0000:00: resource 8 [mem 0x000a0000-0x000bffff window]
[    0.959516] pci_bus 0000:00: resource 9 [mem 0x000c0000-0x000dffff window]
[    0.959520] pci_bus 0000:00: resource 10 [mem 0xc0000000-0xffffffff window]
[    0.959525] pci_bus 0000:01: resource 1 [mem 0xfea00000-0xfeafffff]
[    0.959530] pci_bus 0000:02: resource 0 [io  0xe000-0xefff]
[    0.959534] pci_bus 0000:02: resource 2 [mem 0xd0800000-0xd08fffff 64bit pref]
[    0.959796] NET: Registered protocol family 2
[    0.960263] tcp_listen_portaddr_hash hash table entries: 2048 (order: 3, 32768 bytes)
[    0.960328] TCP established hash table entries: 32768 (order: 6, 262144 bytes)
[    0.960550] TCP bind hash table entries: 32768 (order: 7, 524288 bytes)
[    0.960801] TCP: Hash tables configured (established 32768 bind 32768)
[    0.960973] UDP hash table entries: 2048 (order: 4, 65536 bytes)
[    0.961029] UDP-Lite hash table entries: 2048 (order: 4, 65536 bytes)
[    0.961212] NET: Registered protocol family 1
[    0.961633] RPC: Registered named UNIX socket transport module.
[    0.961645] RPC: Registered udp transport module.
[    0.961652] RPC: Registered tcp transport module.
[    0.961659] RPC: Registered tcp NFSv4.1 backchannel transport module.
[    0.962048] pci 0000:00:01.0: Video device with shadowed ROM at [mem 0x000c0000-0x000dffff]
[    0.962635] pci 0000:00:12.0: enabling device (0000 -> 0002)
[    0.963233] pci 0000:00:12.2: PME# does not work under D3, disabling it
[    0.963257] pci 0000:00:13.0: enabling device (0000 -> 0002)
[    0.964109] pci 0000:00:13.2: PME# does not work under D3, disabling it
[    0.964205] PCI: CLS 64 bytes, default 64
[    0.964344] PCI-DMA: Using software bounce buffering for IO (SWIOTLB)
[    0.964357] software IO TLB: mapped [mem 0x97989000-0x9b989000] (64MB)
[    0.964543] amd_uncore: AMD NB counters detected
[    0.964560] amd_uncore: AMD LLC counters detected
[    0.964645] LVT offset 0 assigned for vector 0x400
[    0.964700] perf: AMD IBS detected (0x000000ff)
[    0.964720] kvm: no hardware support
[    0.964825] kvm: Nested Virtualization enabled
[    0.964838] kvm: Nested Paging enabled
[    0.965869] check: Scanning for low memory corruption every 60 seconds
[    0.968288] Initialise system trusted keyrings
[    0.968736] workingset: timestamp_bits=56 max_order=20 bucket_order=0
[    0.977686] fuse init (API version 7.29)
[    0.983859] Key type asymmetric registered
[    0.983878] Asymmetric key parser 'x509' registered
[    0.983934] Block layer SCSI generic (bsg) driver version 0.4 loaded (major 249)
[    0.983947] io scheduler mq-deadline registered
[    0.983955] io scheduler kyber registered
[    0.984787] pcieport 0000:00:02.2: Signaling PME with IRQ 25
[    0.985408] pcieport 0000:00:02.3: Signaling PME with IRQ 27
[    0.986055] uvesafb: failed to execute /sbin/v86d
[    0.986068] uvesafb: make sure that the v86d helper is installed and executable
[    0.986079] uvesafb: Getting VBE info block failed (eax=0x4f00, err=-2)
[    0.986087] uvesafb: vbe_init() failed with -22
[    0.986103] uvesafb: probe of uvesafb.0 failed with error -22
[    0.986163] efifb: probing for efifb
[    0.986208] efifb: framebuffer at 0xc0000000, using 4224k, total 4224k
[    0.986218] efifb: mode is 1366x768x32, linelength=5632, pages=1
[    0.986225] efifb: scrolling: redraw
[    0.986234] efifb: Truecolor: size=8:8:8:8, shift=24:16:8:0
[    0.996757] Console: switching to colour frame buffer device 170x48
[    1.006241] fb0: EFI VGA frame buffer device
[    1.006847] ACPI: AC Adapter [AC0] (off-line)
[    1.007227] input: Power Button as /devices/LNXSYSTM:00/LNXSYBUS:00/PNP0C0C:00/input/input0
[    1.007383] ACPI: Power Button [PWRB]
[    1.007572] input: Lid Switch as /devices/LNXSYSTM:00/LNXSYBUS:00/PNP0C0D:00/input/input1
[    1.007721] ACPI: Lid Switch [LID]
[    1.007891] input: Sleep Button as /devices/LNXSYSTM:00/LNXSYBUS:00/PNP0C0E:00/input/input2
[    1.008057] ACPI: Sleep Button [SLPB]
[    1.008235] input: Power Button as /devices/LNXSYSTM:00/LNXPWRBN:00/input/input3
[    1.008373] ACPI: Power Button [PWRF]
[    1.011606] thermal LNXTHERM:00: registered as thermal_zone0
[    1.011711] ACPI: Thermal Zone [THRM] (40 C)
[    1.012799] Serial: 8250/16550 driver, 4 ports, IRQ sharing enabled
[    1.015288] Non-volatile memory driver v1.3
[    1.015507] Linux agpgart interface v0.103
[    1.022321] loop: module loaded
[    1.022707] ahci 0000:00:11.0: version 3.0
[    1.023163] ahci 0000:00:11.0: AHCI 0001.0300 32 slots 2 ports 6 Gbps 0x3 impl SATA mode
[    1.023301] ahci 0000:00:11.0: flags: 64bit ncq sntf ilck pm led clo pmp pio slum part 
[    1.027474] scsi host0: ahci
[    1.031150] scsi host1: ahci
[    1.034507] ata1: SATA max UDMA/133 abar m1024@0xfeb6f000 port 0xfeb6f100 irq 28
[    1.037712] ata2: SATA max UDMA/133 abar m1024@0xfeb6f000 port 0xfeb6f180 irq 28
[    1.041612] tun: Universal TUN/TAP device driver, 1.6
[    1.045007] e1000: Intel(R) PRO/1000 Network Driver - version 7.3.21-k8-NAPI
[    1.048212] e1000: Copyright (c) 1999-2006 Intel Corporation.
[    1.051540] e1000e: Intel(R) PRO/1000 Network Driver - 3.2.6-k
[    1.054689] e1000e: Copyright(c) 1999 - 2015 Intel Corporation.
[    1.057891] sky2: driver version 1.30
[    1.062102] libphy: r8169: probed
[    1.065553] r8169 0000:02:00.0 eth0: RTL8105e, 74:d0:2b:a3:a6:42, XID 40a, IRQ 30
[    1.068961] ath9k 0000:01:00.0: enabling device (0000 -> 0002)
[    1.072513] ath: phy0: Disable PLL PowerSave
[    1.083175] ath: phy0: ASPM enabled: 0x442
[    1.086339] ath: EEPROM regdomain: 0x60
[    1.086341] ath: EEPROM indicates we should expect a direct regpair map
[    1.086346] ath: Country alpha2 being used: 00
[    1.086348] ath: Regpair used: 0x60
[    1.088782] ieee80211 phy0: Selected rate control algorithm 'minstrel_ht'
[    1.089370] ieee80211 phy0: Atheros AR9485 Rev:1 mem=0xffffb538c2400000, irq=31
[    1.093022] ehci_hcd: USB 2.0 'Enhanced' Host Controller (EHCI) Driver
[    1.096253] ehci-pci: EHCI PCI platform driver
[    1.099801] ehci-pci 0000:00:12.2: EHCI Host Controller
[    1.103244] ehci-pci 0000:00:12.2: new USB bus registered, assigned bus number 1
[    1.106496] ehci-pci 0000:00:12.2: applying AMD SB700/SB800/Hudson-2/3 EHCI dummy qh workaround
[    1.109779] ehci-pci 0000:00:12.2: debug port 1
[    1.113103] ehci-pci 0000:00:12.2: irq 17, io mem 0xfeb6d000
[    1.140042] ehci-pci 0000:00:12.2: USB 2.0 started, EHCI 1.00
[    1.143392] usb usb1: New USB device found, idVendor=1d6b, idProduct=0002, bcdDevice= 5.01
[    1.146657] usb usb1: New USB device strings: Mfr=3, Product=2, SerialNumber=1
[    1.149955] usb usb1: Product: EHCI Host Controller
[    1.153169] usb usb1: Manufacturer: Linux 5.1.0-rc1 ehci_hcd
[    1.156344] usb usb1: SerialNumber: 0000:00:12.2
[    1.160667] hub 1-0:1.0: USB hub found
[    1.163742] hub 1-0:1.0: 4 ports detected
[    1.168973] ehci-pci 0000:00:13.2: EHCI Host Controller
[    1.172145] ehci-pci 0000:00:13.2: new USB bus registered, assigned bus number 2
[    1.175114] ehci-pci 0000:00:13.2: applying AMD SB700/SB800/Hudson-2/3 EHCI dummy qh workaround
[    1.178089] ehci-pci 0000:00:13.2: debug port 1
[    1.181073] ehci-pci 0000:00:13.2: irq 17, io mem 0xfeb6b000
[    1.210054] ehci-pci 0000:00:13.2: USB 2.0 started, EHCI 1.00
[    1.213102] usb usb2: New USB device found, idVendor=1d6b, idProduct=0002, bcdDevice= 5.01
[    1.216048] usb usb2: New USB device strings: Mfr=3, Product=2, SerialNumber=1
[    1.219002] usb usb2: Product: EHCI Host Controller
[    1.221977] usb usb2: Manufacturer: Linux 5.1.0-rc1 ehci_hcd
[    1.224901] usb usb2: SerialNumber: 0000:00:13.2
[    1.228208] hub 2-0:1.0: USB hub found
[    1.231081] hub 2-0:1.0: 4 ports detected
[    1.236004] ohci_hcd: USB 1.1 'Open' Host Controller (OHCI) Driver
[    1.238984] ohci-pci: OHCI PCI platform driver
[    1.242188] ohci-pci 0000:00:12.0: OHCI PCI host controller
[    1.245260] ohci-pci 0000:00:12.0: new USB bus registered, assigned bus number 3
[    1.248225] ohci-pci 0000:00:12.0: irq 18, io mem 0xfeb6e000
[    1.324208] usb usb3: New USB device found, idVendor=1d6b, idProduct=0001, bcdDevice= 5.01
[    1.327151] usb usb3: New USB device strings: Mfr=3, Product=2, SerialNumber=1
[    1.330065] usb usb3: Product: OHCI PCI host controller
[    1.332959] usb usb3: Manufacturer: Linux 5.1.0-rc1 ohci_hcd
[    1.335893] usb usb3: SerialNumber: 0000:00:12.0
[    1.339282] hub 3-0:1.0: USB hub found
[    1.341733] battery: ACPI: Battery Slot [BAT0] (battery present)
[    1.342159] hub 3-0:1.0: 4 ports detected
[    1.350025] ohci-pci 0000:00:13.0: OHCI PCI host controller
[    1.353105] ohci-pci 0000:00:13.0: new USB bus registered, assigned bus number 4
[    1.356053] ohci-pci 0000:00:13.0: irq 18, io mem 0xfeb6c000
[    1.373711] ata2: SATA link down (SStatus 0 SControl 300)
[    1.427824] usb usb4: New USB device found, idVendor=1d6b, idProduct=0001, bcdDevice= 5.01
[    1.430777] usb usb4: New USB device strings: Mfr=3, Product=2, SerialNumber=1
[    1.433691] usb usb4: Product: OHCI PCI host controller
[    1.436561] usb usb4: Manufacturer: Linux 5.1.0-rc1 ohci_hcd
[    1.439449] usb usb4: SerialNumber: 0000:00:13.0
[    1.442953] hub 4-0:1.0: USB hub found
[    1.445818] hub 4-0:1.0: 4 ports detected
[    1.450711] uhci_hcd: USB Universal Host Controller Interface driver
[    1.453825] usbcore: registered new interface driver usblp
[    1.456719] usbcore: registered new interface driver usb-storage
[    1.459593] usbcore: registered new interface driver ch341
[    1.462384] usbserial: USB Serial support registered for ch341-uart
[    1.465331] i8042: PNP: PS/2 Controller [PNP030b:PS2K,PNP0f03:PS2M] at 0x60,0x64 irq 1,12
[    1.469928] i8042: Detected active multiplexing controller, rev 1.1
[    1.473554] serio: i8042 KBD port at 0x60,0x64 irq 1
[    1.476429] serio: i8042 AUX0 port at 0x60,0x64 irq 12
[    1.479349] serio: i8042 AUX1 port at 0x60,0x64 irq 12
[    1.482228] serio: i8042 AUX2 port at 0x60,0x64 irq 12
[    1.485022] serio: i8042 AUX3 port at 0x60,0x64 irq 12
[    1.488171] mousedev: PS/2 mouse device common for all mice
[    1.491541] rtc_cmos 00:03: RTC can wake from S4
[    1.494500] rtc_cmos 00:03: registered as rtc0
[    1.497197] rtc_cmos 00:03: alarms up to one month, y3k, 114 bytes nvram, hpet irqs
[    1.500248] device-mapper: ioctl: 4.40.0-ioctl (2019-01-18) initialised: dm-devel@redhat.com
[    1.503194] intel_pstate: CPU ID not supported
[    1.506023] EFI Variables Facility v0.08 2004-May-17
[    1.516813] hidraw: raw HID events driver (C) Jiri Kosina
[    1.520645] usbcore: registered new interface driver usbhid
[    1.523464] usbhid: USB HID core driver
[    1.527984] kworker/u8:5 (1602) used greatest stack depth: 14000 bytes left
[    1.529239] snd_hda_intel 0000:00:01.1: enabling device (0000 -> 0002)
[    1.532287] input: AT Translated Set 2 keyboard as /devices/platform/i8042/serio0/input/input4
[    1.535607] snd_hda_intel 0000:00:01.1: Force to non-snoop mode
[    1.542914] Initializing XFRM netlink socket
[    1.546278] NET: Registered protocol family 10
[    1.550284] Segment Routing with IPv6
[    1.553299] sit: IPv6, IPv4 and MPLS over IPv4 tunneling driver
[    1.556567] NET: Registered protocol family 17
[    1.559968] ata1: SATA link up 6.0 Gbps (SStatus 133 SControl 300)
[    1.563052] microcode: CPU0: patch_level=0x0700010b
[    1.566151] microcode: CPU1: patch_level=0x0700010b
[    1.569177] microcode: Microcode Update Driver: v2.2.
[    1.569217] sched_clock: Marking stable (1561849586, 1667219)->(1690190673, -126673868)
[    1.572043] snd_hda_codec_generic hdaudioC0D0: autoconfig for Generic: line_outs=0 (0x0/0x0/0x0/0x0/0x0) type:line
[    1.575324] registered taskstats version 1
[    1.577800] snd_hda_codec_generic hdaudioC0D0:    speaker_outs=0 (0x0/0x0/0x0/0x0/0x0)
[    1.580672] Loading compiled-in X.509 certificates
[    1.580686] ata1.00: ATA-8: KINGSTON SV300S37A120G, 603ABBF0, max UDMA/133
[    1.580692] ata1.00: 234441648 sectors, multi 1: LBA48 NCQ (depth 32), AA
[    1.583675] snd_hda_codec_generic hdaudioC0D0:    hp_outs=0 (0x0/0x0/0x0/0x0/0x0)
[    1.583679] snd_hda_codec_generic hdaudioC0D0:    mono: mono_out=0x0
[    1.583683] snd_hda_codec_generic hdaudioC0D0:    dig-out=0x3/0x0
[    1.583686] snd_hda_codec_generic hdaudioC0D0:    inputs:
[    1.584690] random: fast init done
[    1.587859] acpi_cpufreq: overriding BIOS provided _PSD data
[    1.592833] snd_hda_codec_realtek hdaudioC1D0: autoconfig for ALC3229: line_outs=1 (0x14/0x0/0x0/0x0/0x0) type:speaker
[    1.602342] cfg80211: Loading compiled-in X.509 certificates for regulatory database
[    1.605147] snd_hda_codec_realtek hdaudioC1D0:    speaker_outs=0 (0x0/0x0/0x0/0x0/0x0)
[    1.609572] cfg80211: Loaded X.509 cert 'sforshee: 00b28ddf47aef9cea7'
[    1.611203] snd_hda_codec_realtek hdaudioC1D0:    hp_outs=1 (0x21/0x0/0x0/0x0/0x0)
[    1.614387] platform regulatory.0: Direct firmware load for regulatory.db failed with error -2
[    1.617449] snd_hda_codec_realtek hdaudioC1D0:    mono: mono_out=0x0
[    1.620655] ata1.00: configured for UDMA/133
[    1.623931] snd_hda_codec_realtek hdaudioC1D0:    inputs:
[    1.623937] snd_hda_codec_realtek hdaudioC1D0:      Mic=0x19
[    1.645383] scsi 0:0:0:0: Direct-Access     ATA      KINGSTON SV300S3 BBF0 PQ: 0 ANSI: 5
[    1.645753] input: HDA ATI HDMI HDMI as /devices/pci0000:00/0000:00:01.1/sound/card0/input6
[    1.648924] cfg80211: failed to load regulatory.db
[    1.656516] sd 0:0:0:0: Attached scsi generic sg0 type 0
[    1.656538] sd 0:0:0:0: [sda] 234441648 512-byte logical blocks: (120 GB/112 GiB)
[    1.660066] ALSA device list:
[    1.667076]   #0: HDA ATI HDMI at 0xfeb64000 irq 33
[    1.669945] sd 0:0:0:0: [sda] Write Protect is off
[    1.674052] sd 0:0:0:0: [sda] Mode Sense: 00 3a 00 00
[    1.674137] sd 0:0:0:0: [sda] Write cache: enabled, read cache: enabled, doesn't support DPO or FUA
[    1.674209] sd 0:0:0:0: [sda] Optimal transfer size 0 bytes < PAGE_SIZE (4096 bytes)
[    1.686036]  sda: sda1 sda2 sda3 sda4 sda5 sda6
[    1.686133] input: HD-Audio Generic Headphone as /devices/pci0000:00/0000:00:14.2/sound/card1/input10
[    1.691424] sd 0:0:0:0: [sda] Attached SCSI disk
[    1.886710] usb 4-1: new full-speed USB device number 2 using ohci-pci
[    2.046706] tsc: Refined TSC clocksource calibration: 998.127 MHz
[    2.050352] clocksource: tsc: mask: 0xffffffffffffffff max_cycles: 0x1cc65b93289, max_idle_ns: 881590487074 ns
[    2.054126] clocksource: Switched to clocksource tsc
[    2.172225] usb 4-1: New USB device found, idVendor=03eb, idProduct=843d, bcdDevice=20.01
[    2.176078] usb 4-1: New USB device strings: Mfr=1, Product=2, SerialNumber=0
[    2.179947] usb 4-1: Product: Atmel maXTouch Digitizer
[    2.183727] usb 4-1: Manufacturer: Atmel
[    2.203513] input: Atmel Atmel maXTouch Digitizer Touchscreen as /devices/pci0000:00/0000:00:13.0/usb4/4-1/4-1:1.0/0003:03EB:843D.0001/input/input15
[    2.207841] input: Atmel Atmel maXTouch Digitizer as /devices/pci0000:00/0000:00:13.0/usb4/4-1/4-1:1.0/0003:03EB:843D.0001/input/input16
[    2.212211] hid-generic 0003:03EB:843D.0001: input,hiddev96,hidraw0: USB HID v1.11 Device [Atmel Atmel maXTouch Digitizer] on usb-0000:00:13.0-1/input0
[    2.225165] hid-generic 0003:03EB:843D.0002: hiddev97,hidraw1: USB HID v1.11 Device [Atmel Atmel maXTouch Digitizer] on usb-0000:00:13.0-1/input1
[    2.386428] input: PS/2 Logitech Wheel Mouse as /devices/platform/i8042/serio4/input/input14
[    2.393596] md: Waiting for all devices to be available before autodetect
[    2.397670] md: If you don't use raid, use raid=noautodetect
[    2.402231] md: Autodetecting RAID arrays.
[    2.406302] md: autorun ...
[    2.410386] md: ... autorun DONE.
[    2.419309] EXT4-fs (sda2): mounted filesystem with ordered data mode. Opts: (null)
[    2.423488] VFS: Mounted root (ext4 filesystem) readonly on device 8:2.
[    2.429318] devtmpfs: mounted
[    2.434167] Freeing unused kernel image memory: 1256K
[    2.466774] Write protecting the kernel read-only data: 22528k
[    2.472285] Freeing unused kernel image memory: 1984K
[    2.477488] Freeing unused kernel image memory: 1740K
[    2.481326] Run /sbin/init as init process
[    2.527791] stty (1783) used greatest stack depth: 13832 bytes left
[    2.592896] mountpoint (1790) used greatest stack depth: 13792 bytes left
[    2.615842] sed (1797) used greatest stack depth: 13608 bytes left
[    2.758723] ip (1841) used greatest stack depth: 12792 bytes left
[    2.847794] udevd[1871]: starting version 3.2.1
[    2.859718] random: udevd: uninitialized urandom read (16 bytes read)
[    2.864336] random: udevd: uninitialized urandom read (16 bytes read)
[    2.868888] random: udevd: uninitialized urandom read (16 bytes read)
[    2.886410] udevd[1872]: starting eudev-3.2.1
[    2.916580] usb 4-2: new full-speed USB device number 3 using ohci-pci
[    3.167183] ath9k 0000:01:00.0 wlp1s0: renamed from wlan0
[    3.189536] usb 4-2: New USB device found, idVendor=13d3, idProduct=3362, bcdDevice= 0.01
[    3.193682] usb 4-2: New USB device strings: Mfr=1, Product=2, SerialNumber=3
[    3.197835] usb 4-2: Product: Bluetooth USB Host Controller
[    3.201877] usb 4-2: Manufacturer: Atheros Communications
[    3.205822] usb 4-2: SerialNumber: Alaska Day 2006
[    3.211356] r8169 0000:02:00.0 enp2s0: renamed from eth0
[    3.233705] [drm] radeon kernel modesetting enabled.
[    3.243871] checking generic (c0000000 420000) vs hw (c0000000 10000000)
[    3.243876] fb0: switching to radeondrmfb from EFI VGA
[    3.284400] Console: switching to colour dummy device 80x25
[    3.287501] radeon 0000:00:01.0: vgaarb: deactivate vga console
[    3.290160] [drm] initializing kernel modesetting (KABINI 0x1002:0x9839 0x1043:0x141D 0x00).
[    3.290312] [drm] doorbell mmio base: 0xD0000000
[    3.290321] [drm] doorbell mmio size: 8388608
[    3.292959] ATOM BIOS: AMD
[    3.293049] [drm] Changing default dispclk from 400Mhz to 600Mhz
[    3.293094] radeon 0000:00:01.0: VRAM: 512M 0x0000000000000000 - 0x000000001FFFFFFF (512M used)
[    3.293109] radeon 0000:00:01.0: GTT: 2048M 0x0000000020000000 - 0x000000009FFFFFFF
[    3.293143] [drm] Detected VRAM RAM=512M, BAR=256M
[    3.293150] [drm] RAM width 128bits DDR
[    3.302891] [TTM] Zone  kernel: Available graphics memory: 1729584 kiB
[    3.302916] [TTM] Initializing pool allocator
[    3.302956] [TTM] Initializing DMA pool allocator
[    3.303021] [drm] radeon: 512M of VRAM memory ready
[    3.303031] [drm] radeon: 2048M of GTT memory ready.
[    3.303094] [drm] Loading kabini Microcode
[    3.325199] [drm] Internal thermal controller without fan control
[    3.326428] [drm] radeon: dpm initialized
[    3.327592] [drm] Found UVD firmware Version: 1.64 Family ID: 9
[    3.332271] [drm] Found VCE firmware/feedback version 40.2.2 / 15!
[    3.332330] [drm] GART: num cpu pages 524288, num gpu pages 524288
[    3.390196] [drm] PCIE GART of 2048M enabled (table at 0x000000000030E000).
[    3.390486] radeon 0000:00:01.0: WB enabled
[    3.390539] radeon 0000:00:01.0: fence driver on ring 0 use gpu addr 0x0000000020000c00 and cpu addr 0x(____ptrval____)
[    3.390556] radeon 0000:00:01.0: fence driver on ring 1 use gpu addr 0x0000000020000c04 and cpu addr 0x(____ptrval____)
[    3.390570] radeon 0000:00:01.0: fence driver on ring 2 use gpu addr 0x0000000020000c08 and cpu addr 0x(____ptrval____)
[    3.390584] radeon 0000:00:01.0: fence driver on ring 3 use gpu addr 0x0000000020000c0c and cpu addr 0x(____ptrval____)
[    3.390598] radeon 0000:00:01.0: fence driver on ring 4 use gpu addr 0x0000000020000c10 and cpu addr 0x(____ptrval____)
[    3.391547] radeon 0000:00:01.0: fence driver on ring 5 use gpu addr 0x0000000000078d30 and cpu addr 0x(____ptrval____)
[    3.391952] radeon 0000:00:01.0: fence driver on ring 6 use gpu addr 0x0000000020000c18 and cpu addr 0x(____ptrval____)
[    3.391971] radeon 0000:00:01.0: fence driver on ring 7 use gpu addr 0x0000000020000c1c and cpu addr 0x(____ptrval____)
[    3.391985] [drm] Supports vblank timestamp caching Rev 2 (21.10.2013).
[    3.391993] [drm] Driver supports precise vblank timestamp query.
[    3.392112] radeon 0000:00:01.0: radeon: using MSI.
[    3.395876] [drm] radeon: irq initialized.
[    3.401260] [drm] ring test on 0 succeeded in 4 usecs
[    3.401371] [drm] ring test on 1 succeeded in 4 usecs
[    3.401410] [drm] ring test on 2 succeeded in 4 usecs
[    3.401738] [drm] ring test on 3 succeeded in 6 usecs
[    3.401757] [drm] ring test on 4 succeeded in 6 usecs
[    3.475353] [drm] ring test on 5 succeeded in 2 usecs
[    3.502085] [drm] UVD initialized successfully.
[    3.526968] usb 2-3: new high-speed USB device number 4 using ehci-pci
[    3.613708] [drm] ring test on 6 succeeded in 19 usecs
[    3.613740] [drm] ring test on 7 succeeded in 3 usecs
[    3.613747] [drm] VCE initialized successfully.
[    3.615974] [drm] ib test on ring 0 succeeded in 0 usecs
[    3.616257] [drm] ib test on ring 1 succeeded in 0 usecs
[    3.617049] [drm] ib test on ring 2 succeeded in 0 usecs
[    3.617331] [drm] ib test on ring 3 succeeded in 0 usecs
[    3.617605] [drm] ib test on ring 4 succeeded in 0 usecs
[    3.761509] usb 2-3: New USB device found, idVendor=04f2, idProduct=b404, bcdDevice=69.63
[    3.761534] usb 2-3: New USB device strings: Mfr=3, Product=1, SerialNumber=2
[    3.761545] usb 2-3: Product: USB2.0 HD UVC WebCam
[    3.761554] usb 2-3: Manufacturer: Chicony Electronics Co.,Ltd.
[    3.761563] usb 2-3: SerialNumber: 0x0001
[    4.146850] [drm] ib test on ring 5 succeeded
[    4.168200] [drm] ib test on ring 6 succeeded
[    4.169216] [drm] ib test on ring 7 succeeded
[    4.216693] [drm] radeon atom DIG backlight initialized
[    4.216720] [drm] Radeon Display Connectors
[    4.216728] [drm] Connector 0:
[    4.216734] [drm]   LVDS-1
[    4.216740] [drm]   HPD1
[    4.216749] [drm]   DDC: 0x6530 0x6530 0x6534 0x6534 0x6538 0x6538 0x653c 0x653c
[    4.216758] [drm]   Encoders:
[    4.216764] [drm]     LCD1: INTERNAL_UNIPHY
[    4.216770] [drm] Connector 1:
[    4.216776] [drm]   HDMI-A-1
[    4.216781] [drm]   HPD2
[    4.216789] [drm]   DDC: 0x6540 0x6540 0x6544 0x6544 0x6548 0x6548 0x654c 0x654c
[    4.216797] [drm]   Encoders:
[    4.216803] [drm]     DFP1: INTERNAL_UNIPHY
[    4.216809] [drm] Connector 2:
[    4.216814] [drm]   VGA-1
[    4.216822] [drm]   DDC: 0x65c0 0x65c0 0x65c4 0x65c4 0x65c8 0x65c8 0x65cc 0x65cc
[    4.216830] [drm]   Encoders:
[    4.216835] [drm]     CRT1: INTERNAL_KLDSCP_DAC1
[    5.308868] [drm] fb mappable at 0xC0722000
[    5.308885] [drm] vram apper at 0xC0000000
[    5.308892] [drm] size 4325376
[    5.308898] [drm] fb depth is 24
[    5.308904] [drm]    pitch is 5632
[    5.309305] fbcon: radeondrmfb (fb0) is primary device
[    5.417012] Console: switching to colour frame buffer device 170x48
[    5.427349] radeon 0000:00:01.0: fb0: radeondrmfb frame buffer device
[    5.481570] [drm] Initialized radeon 2.50.0 20080528 for 0000:00:01.0 on minor 0
[    5.565222] Adding 3608572k swap on /dev/sda4.  Priority:1 extents:1 across:3608572k SS
[    5.615473] EXT4-fs (sda2): re-mounted. Opts: (null)
[    5.709412] EXT4-fs (sda2): re-mounted. Opts: (null)
[    8.209339] urandom_read: 6 callbacks suppressed
[    8.209344] random: wpa_supplicant: uninitialized urandom read (32 bytes read)
[    9.547788] wlp1s0: authenticate with 64:66:b3:cd:9a:3a
[    9.568390] wlp1s0: send auth to 64:66:b3:cd:9a:3a (try 1/3)
[    9.574957] wlp1s0: authenticated
[    9.586710] wlp1s0: associate with 64:66:b3:cd:9a:3a (try 1/3)
[    9.594710] wlp1s0: RX AssocResp from 64:66:b3:cd:9a:3a (capab=0x431 status=0 aid=1)
[    9.599338] wlp1s0: associated
[    9.630823] IPv6: ADDRCONF(NETDEV_CHANGE): wlp1s0: link becomes ready
[   11.054130] udevd (2601) used greatest stack depth: 12176 bytes left
[  292.594580] random: crng init done
