[    0.000000] Linux version 5.1.0+ (root@(none)) (gcc version 9.0.1 20190416 (experimental) (GCC)) #22 SMP Tue May 7 16:12:00 +05 2019
[    0.000000] Command line: BOOT_IMAGE=/boot/1 root=/dev/sda2 ro
[    0.000000] x86/fpu: Supporting XSAVE feature 0x001: 'x87 floating point registers'
[    0.000000] x86/fpu: Supporting XSAVE feature 0x002: 'SSE registers'
[    0.000000] x86/fpu: Supporting XSAVE feature 0x004: 'AVX registers'
[    0.000000] x86/fpu: xstate_offset[2]:  576, xstate_sizes[2]:  256
[    0.000000] x86/fpu: Enabled xstate features 0x7, context size is 832 bytes, using 'standard' format.
[    0.000000] BIOS-provided physical RAM map:
[    0.000000] BIOS-e820: [mem 0x0000000000000000-0x000000000009ffff] usable
[    0.000000] BIOS-e820: [mem 0x0000000000100000-0x000000009d0f7fff] usable
[    0.000000] BIOS-e820: [mem 0x000000009d0f8000-0x000000009d127fff] reserved
[    0.000000] BIOS-e820: [mem 0x000000009d128000-0x000000009d370fff] usable
[    0.000000] BIOS-e820: [mem 0x000000009d371000-0x000000009dc56fff] ACPI NVS
[    0.000000] BIOS-e820: [mem 0x000000009dc57000-0x000000009e959fff] reserved
[    0.000000] BIOS-e820: [mem 0x000000009e95a000-0x000000009e9cafff] type 20
[    0.000000] BIOS-e820: [mem 0x000000009e9cb000-0x000000009e9cbfff] usable
[    0.000000] BIOS-e820: [mem 0x000000009e9cc000-0x000000009e9d3fff] ACPI NVS
[    0.000000] BIOS-e820: [mem 0x000000009e9d4000-0x000000009eb24fff] usable
[    0.000000] BIOS-e820: [mem 0x000000009eb25000-0x000000009f041fff] reserved
[    0.000000] BIOS-e820: [mem 0x000000009f042000-0x000000009f080fff] usable
[    0.000000] BIOS-e820: [mem 0x000000009f081000-0x000000009f3f1fff] reserved
[    0.000000] BIOS-e820: [mem 0x000000009f3f2000-0x000000009f3fffff] usable
[    0.000000] BIOS-e820: [mem 0x00000000fec00000-0x00000000fec01fff] reserved
[    0.000000] BIOS-e820: [mem 0x00000000fec10000-0x00000000fec10fff] reserved
[    0.000000] BIOS-e820: [mem 0x00000000fed00000-0x00000000fed00fff] reserved
[    0.000000] BIOS-e820: [mem 0x00000000fed80000-0x00000000fed8ffff] reserved
[    0.000000] BIOS-e820: [mem 0x00000000ff000000-0x00000000ffffffff] reserved
[    0.000000] BIOS-e820: [mem 0x0000000100001000-0x000000013effffff] usable
[    0.000000] NX (Execute Disable) protection: active
[    0.000000] efi: EFI v2.31 by American Megatrends
[    0.000000] efi:  ACPI=0x9d3f3000  ACPI 2.0=0x9d3f3000  SMBIOS=0x9e958998 
[    0.000000] SMBIOS 2.7 present.
[    0.000000] DMI: ASUSTeK COMPUTER INC. X102BA/X102BA, BIOS X102BA.212 08/30/2013
[    0.000000] tsc: Fast TSC calibration using PIT
[    0.000000] tsc: Detected 998.183 MHz processor
[    0.000215] e820: update [mem 0x00000000-0x00000fff] usable ==> reserved
[    0.000219] e820: remove [mem 0x000a0000-0x000fffff] usable
[    0.000245] last_pfn = 0x13f000 max_arch_pfn = 0x400000000
[    0.000255] MTRR default type: uncachable
[    0.000257] MTRR fixed ranges enabled:
[    0.000260]   00000-9FFFF write-back
[    0.000263]   A0000-BFFFF write-through
[    0.000266]   C0000-DFFFF uncachable
[    0.000268]   E0000-FFFFF write-protect
[    0.000270] MTRR variable ranges enabled:
[    0.000274]   0 base 0000000000 mask FF80000000 write-back
[    0.000278]   1 base 0080000000 mask FFE0000000 write-back
[    0.000281]   2 base 009F400000 mask FFFFC00000 uncachable
[    0.000285]   3 base 009F800000 mask FFFF800000 uncachable
[    0.000286]   4 disabled
[    0.000287]   5 disabled
[    0.000288]   6 disabled
[    0.000290]   7 disabled
[    0.000292] TOM2: 000000013f000000 aka 5104M
[    0.000810] x86/PAT: Configuration [0-7]: WB  WC  UC- UC  WB  WP  UC- WT  
[    0.001080] e820: update [mem 0x9f400000-0xffffffff] usable ==> reserved
[    0.001094] last_pfn = 0x9f400 max_arch_pfn = 0x400000000
[    0.014062] check: Scanning 1 areas for low memory corruption
[    0.014075] Using GB pages for direct mapping
[    0.014082] BRK [0x0de01000, 0x0de01fff] PGTABLE
[    0.014087] BRK [0x0de02000, 0x0de02fff] PGTABLE
[    0.014090] BRK [0x0de03000, 0x0de03fff] PGTABLE
[    0.014298] BRK [0x0de04000, 0x0de04fff] PGTABLE
[    0.014303] BRK [0x0de05000, 0x0de05fff] PGTABLE
[    0.014654] BRK [0x0de06000, 0x0de06fff] PGTABLE
[    0.016212] BRK [0x0de07000, 0x0de07fff] PGTABLE
[    0.016511] BRK [0x0de08000, 0x0de08fff] PGTABLE
[    0.016772] BRK [0x0de09000, 0x0de09fff] PGTABLE
[    0.017092] BRK [0x0de0a000, 0x0de0afff] PGTABLE
[    0.017452] BRK [0x0de0b000, 0x0de0bfff] PGTABLE
[    0.017714] Secure boot could not be determined
[    0.017729] ACPI: Early table checksum verification disabled
[    0.017740] ACPI: RSDP 0x000000009D3F3000 000024 (v02 _ASUS_)
[    0.017751] ACPI: XSDT 0x000000009D3F3088 000094 (v01 _ASUS_ Notebook 01072009 AMI  00010013)
[    0.017769] ACPI: FACP 0x000000009D400748 00010C (v05 _ASUS_ Notebook 01072009 AMI  00010013)
[    0.017783] ACPI BIOS Warning (bug): Optional FADT field Pm2ControlBlock has valid Length but zero Address: 0x0000000000000000/0x1 (20190405/tbfadt-615)
[    0.017796] ACPI: DSDT 0x000000009D3F31A8 00D59D (v02 _ASUS_ Notebook 00000000 INTL 20091112)
[    0.017807] ACPI: FACS 0x000000009DC4B080 000040
[    0.017814] ACPI: APIC 0x000000009D400858 00007E (v03 _ASUS_ Notebook 01072009 AMI  00010013)
[    0.017824] ACPI: FPDT 0x000000009D4008D8 000044 (v01 _ASUS_ Notebook 01072009 AMI  00010013)
[    0.017833] ACPI: ECDT 0x000000009D400920 0000C1 (v01 _ASUS_ Notebook 01072009 AMI. 00000005)
[    0.017843] ACPI: MCFG 0x000000009D4009E8 00003C (v01 _ASUS_ Notebook 01072009 MSFT 00010013)
[    0.017852] ACPI: HPET 0x000000009D400A28 000038 (v01 _ASUS_ Notebook 01072009 AMI  00000005)
[    0.017861] ACPI: VFCT 0x000000009D400A60 004684 (v01 _ASUS_ Notebook 00000001 AMD  31504F47)
[    0.017871] ACPI: BGRT 0x000000009D4050E8 000038 (v00 _ASUS_ Notebook 01072009 ASUS 00010013)
[    0.017881] ACPI: SSDT 0x000000009D405120 0005E0 (v01 AMD    AGESA    00000001 AMD  00000001)
[    0.017890] ACPI: SSDT 0x000000009D405700 0046D1 (v02 AMD    AGESA    00000002 MSFT 04000000)
[    0.017900] ACPI: CRAT 0x000000009D409DD8 000228 (v01 AMD    AGESA    00000001 AMD  00000001)
[    0.017909] ACPI: SSDT 0x000000009D40A000 001411 (v01 AMD    CPMDFIGP 00000001 INTL 20051117)
[    0.017918] ACPI: SSDT 0x000000009D40B418 0010E8 (v01 AMD    CPMCMN   00000001 INTL 20051117)
[    0.017928] ACPI: MSDM 0x000000009D127F98 000055 (v03 _ASUS_ Notebook 00000000 ASUS 00000001)
[    0.017955] ACPI: Local APIC address 0xfee00000
[    0.018214] No NUMA configuration found
[    0.018218] Faking a node at [mem 0x0000000000000000-0x000000013effffff]
[    0.018231] NODE_DATA(0) allocated [mem 0x13effa000-0x13effdfff]
[    0.018285] Zone ranges:
[    0.018289]   DMA      [mem 0x0000000000001000-0x0000000000ffffff]
[    0.018293]   DMA32    [mem 0x0000000001000000-0x00000000ffffffff]
[    0.018297]   Normal   [mem 0x0000000100000000-0x000000013effffff]
[    0.018301] Movable zone start for each node
[    0.018304] Early memory node ranges
[    0.018308]   node   0: [mem 0x0000000000001000-0x000000000009ffff]
[    0.018311]   node   0: [mem 0x0000000000100000-0x000000009d0f7fff]
[    0.018314]   node   0: [mem 0x000000009d128000-0x000000009d370fff]
[    0.018318]   node   0: [mem 0x000000009e9cb000-0x000000009e9cbfff]
[    0.018321]   node   0: [mem 0x000000009e9d4000-0x000000009eb24fff]
[    0.018324]   node   0: [mem 0x000000009f042000-0x000000009f080fff]
[    0.018327]   node   0: [mem 0x000000009f3f2000-0x000000009f3fffff]
[    0.018330]   node   0: [mem 0x0000000100001000-0x000000013effffff]
[    0.019166] Zeroed struct page in unavailable ranges: 11138 pages
[    0.019172] Initmem setup node 0 [mem 0x0000000000001000-0x000000013effffff]
[    0.019182] On node 0 totalpages: 902270
[    0.019184]   DMA zone: 64 pages used for memmap
[    0.019186]   DMA zone: 23 pages reserved
[    0.019189]   DMA zone: 3999 pages, LIFO batch:0
[    0.019586]   DMA32 zone: 10004 pages used for memmap
[    0.019589]   DMA32 zone: 640224 pages, LIFO batch:63
[    0.088958]   Normal zone: 4032 pages used for memmap
[    0.088965]   Normal zone: 258047 pages, LIFO batch:63
[    0.113573] ACPI: PM-Timer IO Port: 0x808
[    0.113585] ACPI: Local APIC address 0xfee00000
[    0.113600] ACPI: LAPIC_NMI (acpi_id[0xff] high edge lint[0x1])
[    0.113617] IOAPIC[0]: apic_id 3, version 33, address 0xfec00000, GSI 0-23
[    0.113627] IOAPIC[1]: apic_id 4, version 33, address 0xfec01000, GSI 24-55
[    0.113634] ACPI: INT_SRC_OVR (bus 0 bus_irq 0 global_irq 2 dfl dfl)
[    0.113640] ACPI: INT_SRC_OVR (bus 0 bus_irq 9 global_irq 9 low level)
[    0.113644] ACPI: IRQ0 used by override.
[    0.113647] ACPI: IRQ9 used by override.
[    0.113652] Using ACPI (MADT) for SMP configuration information
[    0.113657] ACPI: HPET id: 0x10228210 base: 0xfed00000
[    0.113672] smpboot: Allowing 4 CPUs, 2 hotplug CPUs
[    0.113744] PM: Registered nosave memory: [mem 0x00000000-0x00000fff]
[    0.113751] PM: Registered nosave memory: [mem 0x000a0000-0x000fffff]
[    0.113758] PM: Registered nosave memory: [mem 0x9d0f8000-0x9d127fff]
[    0.113765] PM: Registered nosave memory: [mem 0x9d371000-0x9dc56fff]
[    0.113768] PM: Registered nosave memory: [mem 0x9dc57000-0x9e959fff]
[    0.113771] PM: Registered nosave memory: [mem 0x9e95a000-0x9e9cafff]
[    0.113777] PM: Registered nosave memory: [mem 0x9e9cc000-0x9e9d3fff]
[    0.113784] PM: Registered nosave memory: [mem 0x9eb25000-0x9f041fff]
[    0.113791] PM: Registered nosave memory: [mem 0x9f081000-0x9f3f1fff]
[    0.113798] PM: Registered nosave memory: [mem 0x9f400000-0xfebfffff]
[    0.113801] PM: Registered nosave memory: [mem 0xfec00000-0xfec01fff]
[    0.113804] PM: Registered nosave memory: [mem 0xfec02000-0xfec0ffff]
[    0.113806] PM: Registered nosave memory: [mem 0xfec10000-0xfec10fff]
[    0.113809] PM: Registered nosave memory: [mem 0xfec11000-0xfecfffff]
[    0.113812] PM: Registered nosave memory: [mem 0xfed00000-0xfed00fff]
[    0.113815] PM: Registered nosave memory: [mem 0xfed01000-0xfed7ffff]
[    0.113818] PM: Registered nosave memory: [mem 0xfed80000-0xfed8ffff]
[    0.113821] PM: Registered nosave memory: [mem 0xfed90000-0xfeffffff]
[    0.113824] PM: Registered nosave memory: [mem 0xff000000-0xffffffff]
[    0.113827] PM: Registered nosave memory: [mem 0x100000000-0x100000fff]
[    0.113833] [mem 0x9f400000-0xfebfffff] available for PCI devices
[    0.113845] clocksource: refined-jiffies: mask: 0xffffffff max_cycles: 0xffffffff, max_idle_ns: 19112604462750000 ns
[    0.608531] random: get_random_bytes called from start_kernel+0x8b/0x495 with crng_init=0
[    0.608568] setup_percpu: NR_CPUS:64 nr_cpumask_bits:64 nr_cpu_ids:4 nr_node_ids:1
[    0.609747] percpu: Embedded 51 pages/cpu s170072 r8192 d30632 u524288
[    0.609786] pcpu-alloc: s170072 r8192 d30632 u524288 alloc=1*2097152
[    0.609789] pcpu-alloc: [0] 0 1 2 3 
[    0.609865] Built 1 zonelists, mobility grouping on.  Total pages: 888147
[    0.609869] Policy zone: Normal
[    0.609876] Kernel command line: BOOT_IMAGE=/boot/1 root=/dev/sda2 ro
[    0.674274] Memory: 3432168K/3609080K available (14357K kernel code, 1421K rwdata, 4424K rodata, 1288K init, 896K bss, 176912K reserved, 0K cma-reserved)
[    0.674499] SLUB: HWalign=64, Order=0-3, MinObjects=0, CPUs=4, Nodes=1
[    0.674725] rcu: Hierarchical RCU implementation.
[    0.674729] rcu: 	RCU event tracing is enabled.
[    0.674732] rcu: 	RCU restricting CPUs from NR_CPUS=64 to nr_cpu_ids=4.
[    0.674737] rcu: RCU calculated value of scheduler-enlistment delay is 10 jiffies.
[    0.674740] rcu: Adjusting geometry for rcu_fanout_leaf=16, nr_cpu_ids=4
[    0.675328] NR_IRQS: 4352, nr_irqs: 1000, preallocated irqs: 16
[    0.675899] Console: colour dummy device 80x25
[    0.676576] printk: console [tty0] enabled
[    0.676624] ACPI: Core revision 20190405
[    0.677312] clocksource: hpet: mask: 0xffffffff max_cycles: 0xffffffff, max_idle_ns: 133484873504 ns
[    0.677343] hpet clockevent registered
[    0.677354] APIC: Switch to symmetric I/O mode setup
[    0.678212] ..TIMER: vector=0x30 apic1=0 pin1=2 apic2=-1 pin2=-1
[    0.727353] clocksource: tsc-early: mask: 0xffffffffffffffff max_cycles: 0x1cc6c54da2b, max_idle_ns: 881590527430 ns
[    0.727369] Calibrating delay loop (skipped), value calculated using timer frequency.. 1996.36 BogoMIPS (lpj=9981830)
[    0.727385] pid_max: default: 32768 minimum: 301
[    0.729890] LSM: Security Framework initializing
[    0.729923] SELinux:  Initializing.
[    0.729958] *** VALIDATE SELinux ***
[    0.732190] Dentry cache hash table entries: 524288 (order: 10, 4194304 bytes)
[    0.733367] Inode-cache hash table entries: 262144 (order: 9, 2097152 bytes)
[    0.733467] Mount-cache hash table entries: 8192 (order: 4, 65536 bytes)
[    0.733513] Mountpoint-cache hash table entries: 8192 (order: 4, 65536 bytes)
[    0.733912] *** VALIDATE proc ***
[    0.734003] *** VALIDATE cgroup1 ***
[    0.734014] *** VALIDATE cgroup2 ***
[    0.734119] LVT offset 1 assigned for vector 0xf9
[    0.734135] Last level iTLB entries: 4KB 512, 2MB 8, 4MB 4
[    0.734143] Last level dTLB entries: 4KB 512, 2MB 256, 4MB 128, 1GB 0
[    0.734153] Spectre V2 : Mitigation: Full AMD retpoline
[    0.734159] Spectre V2 : Spectre v2 / SpectreRSB mitigation: Filling RSB on context switch
[    0.734171] Speculative Store Bypass: Mitigation: Speculative Store Bypass disabled via prctl and seccomp
[    0.734740] Freeing SMP alternatives memory: 40K
[    0.747367] smpboot: CPU0: AMD A4-1200 APU with Radeon(TM) HD Graphics (family: 0x16, model: 0x0, stepping: 0x1)
[    0.747367] Performance Events: AMD PMU driver.
[    0.747367] ... version:                0
[    0.747367] ... bit width:              48
[    0.747367] ... generic registers:      4
[    0.747367] ... value mask:             0000ffffffffffff
[    0.747367] ... max period:             00007fffffffffff
[    0.747367] ... fixed-purpose events:   0
[    0.747367] ... event mask:             000000000000000f
[    0.747367] rcu: Hierarchical SRCU implementation.
[    0.747367] MCE: In-kernel MCE decoding enabled.
[    0.747367] smp: Bringing up secondary CPUs ...
[    0.747367] x86: Booting SMP configuration:
[    0.747367] .... node  #0, CPUs:      #1
[    0.747367] smp: Brought up 1 node, 2 CPUs
[    0.747367] smpboot: Max logical packages: 2
[    0.747367] smpboot: Total of 2 processors activated (3992.73 BogoMIPS)
[    0.747367] Blablamod: thread_function(): data = 85.
[    0.747367] rq load weight: 1048576
[    0.747367] devtmpfs: initialized
[    0.747367] PM: Registering ACPI NVS region [mem 0x9d371000-0x9dc56fff] (9330688 bytes)
[    0.747367] PM: Registering ACPI NVS region [mem 0x9e9cc000-0x9e9d3fff] (32768 bytes)
[    0.747367] clocksource: jiffies: mask: 0xffffffff max_cycles: 0xffffffff, max_idle_ns: 19112604462750000 ns
[    0.747367] futex hash table entries: 1024 (order: 4, 65536 bytes)
[    0.747367] kworker/u8:0 (22) used greatest stack depth: 14624 bytes left
[    0.747367] NET: Registered protocol family 16
[    0.747367] audit: initializing netlink subsys (disabled)
[    0.747367] audit: type=2000 audit(1557227697.060:1): state=initialized audit_enabled=0 res=1
[    0.747367] cpuidle: using governor ladder
[    0.747367] cpuidle: using governor menu
[    0.747367] ACPI FADT declares the system doesn't support PCIe ASPM, so disable it
[    0.747367] ACPI: bus type PCI registered
[    0.747367] PCI: MMCONFIG for domain 0000 [bus 00-ff] at [mem 0xe0000000-0xefffffff] (base 0xe0000000)
[    0.747367] PCI: not using MMCONFIG
[    0.747367] PCI: Using configuration type 1 for base access
[    0.747367] PCI: Using configuration type 1 for extended access
[    0.762429] kworker/u8:0 (49) used greatest stack depth: 14160 bytes left
[    0.789690] HugeTLB registered 2.00 MiB page size, pre-allocated 0 pages
[    0.802837] ACPI: Added _OSI(Module Device)
[    0.802837] ACPI: Added _OSI(Processor Device)
[    0.802837] ACPI: Added _OSI(3.0 _SCP Extensions)
[    0.802837] ACPI: Added _OSI(Processor Aggregator Device)
[    0.802837] ACPI: Added _OSI(Linux-Dell-Video)
[    0.802837] ACPI: Added _OSI(Linux-Lenovo-NV-HDMI-Audio)
[    0.802837] ACPI: Added _OSI(Linux-HPI-Hybrid-Graphics)
[    0.840862] ACPI: 5 ACPI AML tables successfully acquired and loaded
[    0.847372] ACPI: EC: EC started
[    0.847372] ACPI: EC: interrupt blocked
[    0.847372] ACPI: \: Used as first EC
[    0.847372] ACPI: \: GPE=0x3, EC_CMD/EC_SC=0x66, EC_DATA=0x62
[    0.847372] ACPI: EC: Boot ECDT EC used to handle transactions
[    0.851998] ACPI: [Firmware Bug]: BIOS _OSI(Linux) query ignored
[    0.856892] ACPI: Interpreter enabled
[    0.856985] ACPI: (supports S0 S3 S4 S5)
[    0.856996] ACPI: Using IOAPIC for interrupt routing
[    0.860757] PCI: MMCONFIG for domain 0000 [bus 00-ff] at [mem 0xe0000000-0xefffffff] (base 0xe0000000)
[    0.860757] PCI: MMCONFIG at [mem 0xe0000000-0xefffffff] reserved in ACPI motherboard resources
[    0.860757] PCI: Using host bridge windows from ACPI; if necessary, use "pci=nocrs" and report a bug
[    0.860757] ACPI: Enabled 3 GPEs in block 00 to 1F
[    0.884776] ACPI: PCI Root Bridge [PCI0] (domain 0000 [bus 00-ff])
[    0.884809] acpi PNP0A08:00: _OSC: OS supports [ExtendedConfig ASPM ClockPM Segments MSI]
[    0.885491] acpi PNP0A08:00: _OSC: platform does not support [LTR]
[    0.886132] acpi PNP0A08:00: _OSC: OS now controls [PME AER PCIeCapability]
[    0.886145] acpi PNP0A08:00: FADT indicates ASPM is unsupported, using BIOS configuration
[    0.886733] PCI host bridge to bus 0000:00
[    0.886749] pci_bus 0000:00: root bus resource [io  0x0000-0x03af window]
[    0.886762] pci_bus 0000:00: root bus resource [io  0x03e0-0x0cf7 window]
[    0.886774] pci_bus 0000:00: root bus resource [io  0x03b0-0x03df window]
[    0.886786] pci_bus 0000:00: root bus resource [io  0x0d00-0xffff window]
[    0.886799] pci_bus 0000:00: root bus resource [mem 0x000a0000-0x000bffff window]
[    0.886812] pci_bus 0000:00: root bus resource [mem 0x000c0000-0x000dffff window]
[    0.886826] pci_bus 0000:00: root bus resource [mem 0xc0000000-0xffffffff window]
[    0.886840] pci_bus 0000:00: root bus resource [bus 00-ff]
[    0.886870] pci 0000:00:00.0: [1022:1536] type 00 class 0x060000
[    0.887160] pci 0000:00:01.0: [1002:9839] type 00 class 0x030000
[    0.887193] pci 0000:00:01.0: reg 0x10: [mem 0xc0000000-0xcfffffff 64bit pref]
[    0.887210] pci 0000:00:01.0: reg 0x18: [mem 0xd0000000-0xd07fffff 64bit pref]
[    0.887223] pci 0000:00:01.0: reg 0x20: [io  0xf000-0xf0ff]
[    0.887235] pci 0000:00:01.0: reg 0x24: [mem 0xfeb00000-0xfeb3ffff]
[    0.887248] pci 0000:00:01.0: reg 0x30: [mem 0xfeb40000-0xfeb5ffff pref]
[    0.887257] pci 0000:00:01.0: enabling Extended Tags
[    0.887290] pci 0000:00:01.0: BAR 0: assigned to efifb
[    0.887347] pci 0000:00:01.0: supports D1 D2
[    0.887352] pci 0000:00:01.0: PME# supported from D1 D2 D3hot
[    0.892058] pci 0000:00:01.1: [1002:9840] type 00 class 0x040300
[    0.892058] pci 0000:00:01.1: reg 0x10: [mem 0xfeb64000-0xfeb67fff 64bit]
[    0.892058] pci 0000:00:01.1: enabling Extended Tags
[    0.892058] pci 0000:00:01.1: supports D1 D2
[    0.892058] pci 0000:00:02.0: [1022:1538] type 00 class 0x060000
[    0.892058] pci 0000:00:02.2: [1022:1439] type 01 class 0x060400
[    0.892058] pci 0000:00:02.2: enabling Extended Tags
[    0.892058] pci 0000:00:02.2: PME# supported from D0 D3hot D3cold
[    0.894462] pci 0000:00:02.3: [1022:1439] type 01 class 0x060400
[    0.894462] pci 0000:00:02.3: enabling Extended Tags
[    0.894462] pci 0000:00:02.3: PME# supported from D0 D3hot D3cold
[    0.894877] pci 0000:00:10.0: [1022:7814] type 00 class 0x0c0330
[    0.894877] pci 0000:00:10.0: reg 0x10: [mem 0xfeb68000-0xfeb69fff 64bit]
[    0.894877] pci 0000:00:10.0: PME# supported from D0 D3hot D3cold
[    0.895350] pci 0000:00:11.0: [1022:7801] type 00 class 0x010601
[    0.895350] pci 0000:00:11.0: reg 0x10: [io  0xf140-0xf147]
[    0.895350] pci 0000:00:11.0: reg 0x14: [io  0xf130-0xf133]
[    0.895350] pci 0000:00:11.0: reg 0x18: [io  0xf120-0xf127]
[    0.895350] pci 0000:00:11.0: reg 0x1c: [io  0xf110-0xf113]
[    0.895350] pci 0000:00:11.0: reg 0x20: [io  0xf100-0xf10f]
[    0.895350] pci 0000:00:11.0: reg 0x24: [mem 0xfeb6f000-0xfeb6f3ff]
[    0.895350] pci 0000:00:11.0: PME# supported from D3hot
[    0.895782] pci 0000:00:12.0: [1022:7807] type 00 class 0x0c0310
[    0.895782] pci 0000:00:12.0: reg 0x10: [mem 0xfeb6e000-0xfeb6efff]
[    0.895782] pci 0000:00:12.2: [1022:7808] type 00 class 0x0c0320
[    0.895782] pci 0000:00:12.2: reg 0x10: [mem 0xfeb6d000-0xfeb6d0ff]
[    0.895782] pci 0000:00:12.2: supports D1 D2
[    0.895782] pci 0000:00:12.2: PME# supported from D0 D1 D2 D3hot D3cold
[    0.896463] pci 0000:00:13.0: [1022:7807] type 00 class 0x0c0310
[    0.896463] pci 0000:00:13.0: reg 0x10: [mem 0xfeb6c000-0xfeb6cfff]
[    0.896463] pci 0000:00:13.2: [1022:7808] type 00 class 0x0c0320
[    0.896463] pci 0000:00:13.2: reg 0x10: [mem 0xfeb6b000-0xfeb6b0ff]
[    0.896463] pci 0000:00:13.2: supports D1 D2
[    0.896463] pci 0000:00:13.2: PME# supported from D0 D1 D2 D3hot D3cold
[    0.896463] pci 0000:00:14.0: [1022:780b] type 00 class 0x0c0500
[    0.896463] pci 0000:00:14.2: [1022:780d] type 00 class 0x040300
[    0.896463] pci 0000:00:14.2: reg 0x10: [mem 0xfeb60000-0xfeb63fff 64bit]
[    0.896463] pci 0000:00:14.2: PME# supported from D0 D3hot D3cold
[    0.896463] pci 0000:00:14.3: [1022:780e] type 00 class 0x060100
[    0.896463] pci 0000:00:14.7: [1022:7813] type 00 class 0x080501
[    0.896463] pci 0000:00:14.7: reg 0x10: [mem 0xfeb6a000-0xfeb6a0ff 64bit]
[    0.896463] pci 0000:00:18.0: [1022:1530] type 00 class 0x060000
[    0.896463] pci 0000:00:18.1: [1022:1531] type 00 class 0x060000
[    0.896463] pci 0000:00:18.2: [1022:1532] type 00 class 0x060000
[    0.896463] pci 0000:00:18.3: [1022:1533] type 00 class 0x060000
[    0.896463] pci 0000:00:18.4: [1022:1534] type 00 class 0x060000
[    0.896463] pci 0000:00:18.5: [1022:1535] type 00 class 0x060000
[    0.896463] pci 0000:01:00.0: [168c:0032] type 00 class 0x028000
[    0.896463] pci 0000:01:00.0: reg 0x10: [mem 0xfea00000-0xfea7ffff 64bit]
[    0.896463] pci 0000:01:00.0: reg 0x30: [mem 0xfea80000-0xfea8ffff pref]
[    0.896463] pci 0000:01:00.0: supports D1 D2
[    0.896463] pci 0000:01:00.0: PME# supported from D0 D1 D2 D3hot D3cold
[    0.896500] pci 0000:00:02.2: PCI bridge to [bus 01]
[    0.896524] pci 0000:00:02.2:   bridge window [mem 0xfea00000-0xfeafffff]
[    0.896661] pci 0000:02:00.0: [10ec:8136] type 00 class 0x020000
[    0.896719] pci 0000:02:00.0: reg 0x10: [io  0xe000-0xe0ff]
[    0.896758] pci 0000:02:00.0: reg 0x18: [mem 0xd0804000-0xd0804fff 64bit pref]
[    0.896786] pci 0000:02:00.0: reg 0x20: [mem 0xd0800000-0xd0803fff 64bit pref]
[    0.896955] pci 0000:02:00.0: supports D1 D2
[    0.896959] pci 0000:02:00.0: PME# supported from D0 D1 D2 D3hot D3cold
[    0.897235] pci 0000:00:02.3: PCI bridge to [bus 02]
[    0.897254] pci 0000:00:02.3:   bridge window [io  0xe000-0xefff]
[    0.897266] pci 0000:00:02.3:   bridge window [mem 0xd0800000-0xd08fffff 64bit pref]
[    0.902716] ACPI: PCI Interrupt Link [LNKA] (IRQs 4 7 10 11 14 15) *0
[    0.902716] ACPI: PCI Interrupt Link [LNKB] (IRQs 4 7 10 11 14 15) *0
[    0.902716] ACPI: PCI Interrupt Link [LNKC] (IRQs 4 7 10 11 14 15) *0
[    0.902716] ACPI: PCI Interrupt Link [LNKD] (IRQs 4 7 10 11 14 15) *0
[    0.902716] ACPI: PCI Interrupt Link [LNKE] (IRQs 4 7 10 11 14 15) *0
[    0.902716] ACPI: PCI Interrupt Link [LNKF] (IRQs 4 7 10 11 14 15) *0
[    0.902716] ACPI: PCI Interrupt Link [LNKG] (IRQs 4 7 10 11 14 15) *0
[    0.902716] ACPI: PCI Interrupt Link [LNKH] (IRQs 4 7 10 11 14 15) *0
[    0.905923] ACPI: EC: interrupt unblocked
[    0.905923] ACPI: EC: event unblocked
[    0.905923] ACPI: \_SB_.PCI0.SBRG.EC0_: GPE=0x3, EC_CMD/EC_SC=0x66, EC_DATA=0x62
[    0.905923] ACPI: \_SB_.PCI0.SBRG.EC0_: Boot DSDT EC used to handle transactions and events
[    0.905923] pci 0000:00:01.0: vgaarb: setting as boot VGA device
[    0.905923] pci 0000:00:01.0: vgaarb: VGA device added: decodes=io+mem,owns=io+mem,locks=none
[    0.905923] pci 0000:00:01.0: vgaarb: bridge control possible
[    0.905923] vgaarb: loaded
[    0.907512] SCSI subsystem initialized
[    0.908110] libata version 3.00 loaded.
[    0.908110] ACPI: bus type USB registered
[    0.908110] usbcore: registered new interface driver usbfs
[    0.908110] usbcore: registered new interface driver hub
[    0.908452] usbcore: registered new device driver usb
[    0.908452] pps_core: LinuxPPS API ver. 1 registered
[    0.908452] pps_core: Software ver. 5.3.6 - Copyright 2005-2007 Rodolfo Giometti <giometti@linux.it>
[    0.908452] PTP clock support registered
[    0.909653] EDAC MC: Ver: 3.0.0
[    0.909653] Registered efivars operations
[    0.910040] Advanced Linux Sound Architecture Driver Initialized.
[    0.910110] PCI: Using ACPI for IRQ routing
[    0.921589] PCI: pci_cache_line_size set to 64 bytes
[    0.921589] e820: reserve RAM buffer [mem 0x9d0f8000-0x9fffffff]
[    0.921589] e820: reserve RAM buffer [mem 0x9d371000-0x9fffffff]
[    0.921589] e820: reserve RAM buffer [mem 0x9e9cc000-0x9fffffff]
[    0.921589] e820: reserve RAM buffer [mem 0x9eb25000-0x9fffffff]
[    0.921589] e820: reserve RAM buffer [mem 0x9f081000-0x9fffffff]
[    0.921589] e820: reserve RAM buffer [mem 0x9f400000-0x9fffffff]
[    0.921589] e820: reserve RAM buffer [mem 0x13f000000-0x13fffffff]
[    0.924156] NetLabel: Initializing
[    0.924156] NetLabel:  domain hash size = 128
[    0.924156] NetLabel:  protocols = UNLABELED CIPSOv4 CALIPSO
[    0.924156] NetLabel:  unlabeled traffic allowed by default
[    0.924559] hpet0: at MMIO 0xfed00000, IRQs 2, 8, 0
[    0.924559] hpet0: 3 comparators, 32-bit 14.318180 MHz counter
[    0.926880] clocksource: Switched to clocksource tsc-early
[    0.965311] VFS: Disk quotas dquot_6.6.0
[    0.965376] VFS: Dquot-cache hash table entries: 512 (order 0, 4096 bytes)
[    0.965469] *** VALIDATE hugetlbfs ***
[    0.965576] pnp: PnP ACPI init
[    0.966080] system 00:00: [mem 0xe0000000-0xefffffff] has been reserved
[    0.966165] system 00:00: Plug and Play ACPI device, IDs PNP0c01 (active)
[    0.966427] system 00:01: [mem 0xa0000000-0xbfffffff] has been reserved
[    0.966500] system 00:01: Plug and Play ACPI device, IDs PNP0c02 (active)
[    0.966761] system 00:02: Plug and Play ACPI device, IDs PNP0c02 (active)
[    0.966907] pnp 00:03: Plug and Play ACPI device, IDs PNP0b00 (active)
[    0.967145] system 00:04: [io  0x04d0-0x04d1] has been reserved
[    0.967218] system 00:04: Plug and Play ACPI device, IDs PNP0c02 (active)
[    0.967484] pnp 00:05: Plug and Play ACPI device, IDs ETD0108 SYN0a00 SYN0002 PNP0f03 PNP0f13 PNP0f12 (active)
[    0.967662] pnp 00:06: Plug and Play ACPI device, IDs ATK3001 PNP030b (active)
[    0.968583] system 00:07: [io  0x04d0-0x04d1] has been reserved
[    0.968599] system 00:07: [io  0x040b] has been reserved
[    0.968611] system 00:07: [io  0x04d6] has been reserved
[    0.968623] system 00:07: [io  0x0c00-0x0c01] has been reserved
[    0.968635] system 00:07: [io  0x0c14] has been reserved
[    0.968647] system 00:07: [io  0x0c50-0x0c51] has been reserved
[    0.968659] system 00:07: [io  0x0c52] has been reserved
[    0.968671] system 00:07: [io  0x0c6c] has been reserved
[    0.968682] system 00:07: [io  0x0c6f] has been reserved
[    0.968694] system 00:07: [io  0x0cd0-0x0cd1] has been reserved
[    0.968706] system 00:07: [io  0x0cd2-0x0cd3] has been reserved
[    0.968722] system 00:07: [io  0x0cd4-0x0cd5] has been reserved
[    0.968733] system 00:07: [io  0x0cd6-0x0cd7] has been reserved
[    0.968745] system 00:07: [io  0x0cd8-0x0cdf] has been reserved
[    0.968757] system 00:07: [io  0x0800-0x089f] has been reserved
[    0.968768] system 00:07: [io  0x0900-0x090f] has been reserved
[    0.968780] system 00:07: [io  0x0910-0x091f] has been reserved
[    0.968792] system 00:07: [io  0xfe00-0xfefe] has been reserved
[    0.968807] system 00:07: [mem 0xfec00000-0xfec00fff] could not be reserved
[    0.968820] system 00:07: [mem 0xfee00000-0xfee00fff] has been reserved
[    0.968833] system 00:07: [mem 0xfed80000-0xfed8ffff] has been reserved
[    0.968846] system 00:07: [mem 0xfed61000-0xfed70fff] has been reserved
[    0.968859] system 00:07: [mem 0xfec10000-0xfec10fff] has been reserved
[    0.968872] system 00:07: [mem 0xfed00000-0xfed00fff] could not be reserved
[    0.968885] system 00:07: [mem 0xff000000-0xffffffff] has been reserved
[    0.968960] system 00:07: Plug and Play ACPI device, IDs PNP0c02 (active)
[    0.969833] pnp: PnP ACPI: found 8 devices
[    0.984675] clocksource: acpi_pm: mask: 0xffffff max_cycles: 0xffffff, max_idle_ns: 2085701024 ns
[    0.984741] pci 0000:00:02.2: PCI bridge to [bus 01]
[    0.984760] pci 0000:00:02.2:   bridge window [mem 0xfea00000-0xfeafffff]
[    0.984778] pci 0000:00:02.3: PCI bridge to [bus 02]
[    0.984790] pci 0000:00:02.3:   bridge window [io  0xe000-0xefff]
[    0.984806] pci 0000:00:02.3:   bridge window [mem 0xd0800000-0xd08fffff 64bit pref]
[    0.984830] pci_bus 0000:00: resource 4 [io  0x0000-0x03af window]
[    0.984835] pci_bus 0000:00: resource 5 [io  0x03e0-0x0cf7 window]
[    0.984840] pci_bus 0000:00: resource 6 [io  0x03b0-0x03df window]
[    0.984845] pci_bus 0000:00: resource 7 [io  0x0d00-0xffff window]
[    0.984850] pci_bus 0000:00: resource 8 [mem 0x000a0000-0x000bffff window]
[    0.984854] pci_bus 0000:00: resource 9 [mem 0x000c0000-0x000dffff window]
[    0.984859] pci_bus 0000:00: resource 10 [mem 0xc0000000-0xffffffff window]
[    0.984864] pci_bus 0000:01: resource 1 [mem 0xfea00000-0xfeafffff]
[    0.984869] pci_bus 0000:02: resource 0 [io  0xe000-0xefff]
[    0.984873] pci_bus 0000:02: resource 2 [mem 0xd0800000-0xd08fffff 64bit pref]
[    0.985133] NET: Registered protocol family 2
[    0.986201] tcp_listen_portaddr_hash hash table entries: 2048 (order: 3, 32768 bytes)
[    0.986271] TCP established hash table entries: 32768 (order: 6, 262144 bytes)
[    0.986483] TCP bind hash table entries: 32768 (order: 7, 524288 bytes)
[    0.986734] TCP: Hash tables configured (established 32768 bind 32768)
[    0.986896] UDP hash table entries: 2048 (order: 4, 65536 bytes)
[    0.986962] UDP-Lite hash table entries: 2048 (order: 4, 65536 bytes)
[    0.987140] NET: Registered protocol family 1
[    0.991604] RPC: Registered named UNIX socket transport module.
[    0.991615] RPC: Registered udp transport module.
[    0.991622] RPC: Registered tcp transport module.
[    0.991629] RPC: Registered tcp NFSv4.1 backchannel transport module.
[    0.992121] pci 0000:00:01.0: Video device with shadowed ROM at [mem 0x000c0000-0x000dffff]
[    0.992681] pci 0000:00:12.0: enabling device (0000 -> 0002)
[    0.993325] pci 0000:00:12.2: PME# does not work under D3, disabling it
[    0.993350] pci 0000:00:13.0: enabling device (0000 -> 0002)
[    0.993978] pci 0000:00:13.2: PME# does not work under D3, disabling it
[    0.994074] PCI: CLS 64 bytes, default 64
[    0.994211] PCI-DMA: Using software bounce buffering for IO (SWIOTLB)
[    0.994224] software IO TLB: mapped [mem 0x97989000-0x9b989000] (64MB)
[    0.994431] amd_uncore: AMD NB counters detected
[    0.994447] amd_uncore: AMD LLC counters detected
[    0.994570] LVT offset 0 assigned for vector 0x400
[    0.994637] perf: AMD IBS detected (0x000000ff)
[    0.994657] kvm: no hardware support
[    0.994762] kvm: Nested Virtualization enabled
[    0.994776] kvm: Nested Paging enabled
[    0.995724] check: Scanning for low memory corruption every 60 seconds
[    0.999294] Initialise system trusted keyrings
[    0.999598] workingset: timestamp_bits=56 max_order=20 bucket_order=0
[    1.014151] fuse init (API version 7.29)
[    1.014770] Key type asymmetric registered
[    1.014782] Asymmetric key parser 'x509' registered
[    1.014871] Block layer SCSI generic (bsg) driver version 0.4 loaded (major 249)
[    1.014886] io scheduler mq-deadline registered
[    1.014894] io scheduler kyber registered
[    1.015778] pcieport 0000:00:02.2: Signaling PME with IRQ 25
[    1.016446] pcieport 0000:00:02.3: Signaling PME with IRQ 27
[    1.019868] uvesafb: failed to execute /sbin/v86d
[    1.019885] uvesafb: make sure that the v86d helper is installed and executable
[    1.019898] uvesafb: Getting VBE info block failed (eax=0x4f00, err=-2)
[    1.019906] uvesafb: vbe_init() failed with -22
[    1.019927] uvesafb: probe of uvesafb.0 failed with error -22
[    1.020081] efifb: probing for efifb
[    1.020131] efifb: framebuffer at 0xc0000000, using 4224k, total 4224k
[    1.020140] efifb: mode is 1366x768x32, linelength=5632, pages=1
[    1.020147] efifb: scrolling: redraw
[    1.020156] efifb: Truecolor: size=8:8:8:8, shift=24:16:8:0
[    1.030815] Console: switching to colour frame buffer device 170x48
[    1.040363] fb0: EFI VGA frame buffer device
[    1.041015] ACPI: AC Adapter [AC0] (off-line)
[    1.041470] input: Power Button as /devices/LNXSYSTM:00/LNXSYBUS:00/PNP0C0C:00/input/input0
[    1.041631] ACPI: Power Button [PWRB]
[    1.041910] input: Lid Switch as /devices/LNXSYSTM:00/LNXSYBUS:00/PNP0C0D:00/input/input1
[    1.042056] ACPI: Lid Switch [LID]
[    1.042319] input: Sleep Button as /devices/LNXSYSTM:00/LNXSYBUS:00/PNP0C0E:00/input/input2
[    1.042483] ACPI: Sleep Button [SLPB]
[    1.042748] input: Power Button as /devices/LNXSYSTM:00/LNXPWRBN:00/input/input3
[    1.042886] ACPI: Power Button [PWRF]
[    1.047250] thermal LNXTHERM:00: registered as thermal_zone0
[    1.047358] ACPI: Thermal Zone [THRM] (78 C)
[    1.049016] Serial: 8250/16550 driver, 4 ports, IRQ sharing enabled
[    1.055560] Non-volatile memory driver v1.3
[    1.055770] Linux agpgart interface v0.103
[    1.063551] loop: module loaded
[    1.064165] ahci 0000:00:11.0: version 3.0
[    1.064626] ahci 0000:00:11.0: AHCI 0001.0300 32 slots 2 ports 6 Gbps 0x3 impl SATA mode
[    1.064764] ahci 0000:00:11.0: flags: 64bit ncq sntf ilck pm led clo pmp pio slum part 
[    1.069476] scsi host0: ahci
[    1.073370] scsi host1: ahci
[    1.076735] ata1: SATA max UDMA/133 abar m1024@0xfeb6f000 port 0xfeb6f100 irq 28
[    1.079894] ata2: SATA max UDMA/133 abar m1024@0xfeb6f000 port 0xfeb6f180 irq 28
[    1.084500] tun: Universal TUN/TAP device driver, 1.6
[    1.087923] e1000: Intel(R) PRO/1000 Network Driver - version 7.3.21-k8-NAPI
[    1.091084] e1000: Copyright (c) 1999-2006 Intel Corporation.
[    1.094828] e1000e: Intel(R) PRO/1000 Network Driver - 3.2.6-k
[    1.097934] e1000e: Copyright(c) 1999 - 2015 Intel Corporation.
[    1.101137] sky2: driver version 1.30
[    1.104366] r8169 0000:02:00.0: can't disable ASPM; OS doesn't have ASPM control
[    1.108761] libphy: r8169: probed
[    1.112364] r8169 0000:02:00.0 eth0: RTL8105e, 74:d0:2b:a3:a6:42, XID 40a, IRQ 30
[    1.115818] ath9k 0000:01:00.0: enabling device (0000 -> 0002)
[    1.119374] ath: phy0: Disable PLL PowerSave
[    1.129805] ath: phy0: ASPM enabled: 0x42
[    1.132983] ath: EEPROM regdomain: 0x60
[    1.132986] ath: EEPROM indicates we should expect a direct regpair map
[    1.132991] ath: Country alpha2 being used: 00
[    1.132993] ath: Regpair used: 0x60
[    1.135610] ieee80211 phy0: Selected rate control algorithm 'minstrel_ht'
[    1.136218] ieee80211 phy0: Atheros AR9485 Rev:1 mem=0xffffa82a42f00000, irq=31
[    1.139831] ehci_hcd: USB 2.0 'Enhanced' Host Controller (EHCI) Driver
[    1.143115] ehci-pci: EHCI PCI platform driver
[    1.146943] ehci-pci 0000:00:12.2: EHCI Host Controller
[    1.150305] ehci-pci 0000:00:12.2: new USB bus registered, assigned bus number 1
[    1.153756] ehci-pci 0000:00:12.2: applying AMD SB700/SB800/Hudson-2/3 EHCI dummy qh workaround
[    1.157065] ehci-pci 0000:00:12.2: debug port 1
[    1.160506] ehci-pci 0000:00:12.2: irq 17, io mem 0xfeb6d000
[    1.191495] ehci-pci 0000:00:12.2: USB 2.0 started, EHCI 1.00
[    1.194811] usb usb1: New USB device found, idVendor=1d6b, idProduct=0002, bcdDevice= 5.01
[    1.198117] usb usb1: New USB device strings: Mfr=3, Product=2, SerialNumber=1
[    1.201372] usb usb1: Product: EHCI Host Controller
[    1.204582] usb usb1: Manufacturer: Linux 5.1.0+ ehci_hcd
[    1.207735] usb usb1: SerialNumber: 0000:00:12.2
[    1.212731] battery: ACPI: Battery Slot [BAT0] (battery present)
[    1.216295] hub 1-0:1.0: USB hub found
[    1.219401] hub 1-0:1.0: 4 ports detected
[    1.224965] ehci-pci 0000:00:13.2: EHCI Host Controller
[    1.228154] ehci-pci 0000:00:13.2: new USB bus registered, assigned bus number 2
[    1.231134] ehci-pci 0000:00:13.2: applying AMD SB700/SB800/Hudson-2/3 EHCI dummy qh workaround
[    1.234166] ehci-pci 0000:00:13.2: debug port 1
[    1.237471] ehci-pci 0000:00:13.2: irq 17, io mem 0xfeb6b000
[    1.271454] ehci-pci 0000:00:13.2: USB 2.0 started, EHCI 1.00
[    1.274483] usb usb2: New USB device found, idVendor=1d6b, idProduct=0002, bcdDevice= 5.01
[    1.277499] usb usb2: New USB device strings: Mfr=3, Product=2, SerialNumber=1
[    1.280473] usb usb2: Product: EHCI Host Controller
[    1.283424] usb usb2: Manufacturer: Linux 5.1.0+ ehci_hcd
[    1.286331] usb usb2: SerialNumber: 0000:00:13.2
[    1.289662] hub 2-0:1.0: USB hub found
[    1.292575] hub 2-0:1.0: 4 ports detected
[    1.297915] ohci_hcd: USB 1.1 'Open' Host Controller (OHCI) Driver
[    1.300907] ohci-pci: OHCI PCI platform driver
[    1.304071] ohci-pci 0000:00:12.0: OHCI PCI host controller
[    1.307175] ohci-pci 0000:00:12.0: new USB bus registered, assigned bus number 3
[    1.310147] ohci-pci 0000:00:12.0: irq 18, io mem 0xfeb6e000
[    1.385565] usb usb3: New USB device found, idVendor=1d6b, idProduct=0001, bcdDevice= 5.01
[    1.388513] usb usb3: New USB device strings: Mfr=3, Product=2, SerialNumber=1
[    1.391437] usb usb3: Product: OHCI PCI host controller
[    1.394309] usb usb3: Manufacturer: Linux 5.1.0+ ohci_hcd
[    1.397144] usb usb3: SerialNumber: 0000:00:12.0
[    1.400316] hub 3-0:1.0: USB hub found
[    1.403196] hub 3-0:1.0: 4 ports detected
[    1.408639] ohci-pci 0000:00:13.0: OHCI PCI host controller
[    1.411657] ohci-pci 0000:00:13.0: new USB bus registered, assigned bus number 4
[    1.414477] ohci-pci 0000:00:13.0: irq 18, io mem 0xfeb6c000
[    1.421482] ata2: SATA link down (SStatus 0 SControl 300)
[    1.485547] usb usb4: New USB device found, idVendor=1d6b, idProduct=0001, bcdDevice= 5.01
[    1.488377] usb usb4: New USB device strings: Mfr=3, Product=2, SerialNumber=1
[    1.491174] usb usb4: Product: OHCI PCI host controller
[    1.493947] usb usb4: Manufacturer: Linux 5.1.0+ ohci_hcd
[    1.496726] usb usb4: SerialNumber: 0000:00:13.0
[    1.499926] hub 4-0:1.0: USB hub found
[    1.502667] hub 4-0:1.0: 4 ports detected
[    1.507796] uhci_hcd: USB Universal Host Controller Interface driver
[    1.510736] usbcore: registered new interface driver usblp
[    1.513657] usbcore: registered new interface driver usb-storage
[    1.516561] usbcore: registered new interface driver ch341
[    1.519269] usbserial: USB Serial support registered for ch341-uart
[    1.522346] i8042: PNP: PS/2 Controller [PNP030b:PS2K,PNP0f03:PS2M] at 0x60,0x64 irq 1,12
[    1.526916] i8042: Detected active multiplexing controller, rev 1.1
[    1.530404] serio: i8042 KBD port at 0x60,0x64 irq 1
[    1.533246] serio: i8042 AUX0 port at 0x60,0x64 irq 12
[    1.536084] serio: i8042 AUX1 port at 0x60,0x64 irq 12
[    1.538845] serio: i8042 AUX2 port at 0x60,0x64 irq 12
[    1.541499] serio: i8042 AUX3 port at 0x60,0x64 irq 12
[    1.544905] mousedev: PS/2 mouse device common for all mice
[    1.548443] rtc_cmos 00:03: RTC can wake from S4
[    1.551469] rtc_cmos 00:03: registered as rtc0
[    1.554061] rtc_cmos 00:03: alarms up to one month, y3k, 114 bytes nvram, hpet irqs
[    1.557239] device-mapper: ioctl: 4.40.0-ioctl (2019-01-18) initialised: dm-devel@redhat.com
[    1.560102] EFI Variables Facility v0.08 2004-May-17
[    1.572623] hidraw: raw HID events driver (C) Jiri Kosina
[    1.577820] usbcore: registered new interface driver usbhid
[    1.580549] usbhid: USB HID core driver
[    1.590680] snd_hda_intel 0000:00:01.1: enabling device (0000 -> 0002)
[    1.593707] input: AT Translated Set 2 keyboard as /devices/platform/i8042/serio0/input/input4
[    1.598530] snd_hda_intel 0000:00:01.1: Force to non-snoop mode
[    1.604945] Initializing XFRM netlink socket
[    1.608797] NET: Registered protocol family 10
[    1.611590] ata1: SATA link up 6.0 Gbps (SStatus 133 SControl 300)
[    1.615341] Segment Routing with IPv6
[    1.618224] sit: IPv6, IPv4 and MPLS over IPv4 tunneling driver
[    1.622031] snd_hda_codec_generic hdaudioC0D0: autoconfig for Generic: line_outs=0 (0x0/0x0/0x0/0x0/0x0) type:line
[    1.622036] ata1.00: ATA-8: KINGSTON SV300S37A120G, 603ABBF0, max UDMA/133
[    1.622043] ata1.00: 234441648 sectors, multi 1: LBA48 NCQ (depth 32), AA
[    1.624954] snd_hda_codec_generic hdaudioC0D0:    speaker_outs=0 (0x0/0x0/0x0/0x0/0x0)
[    1.624959] snd_hda_codec_generic hdaudioC0D0:    hp_outs=0 (0x0/0x0/0x0/0x0/0x0)
[    1.624963] snd_hda_codec_generic hdaudioC0D0:    mono: mono_out=0x0
[    1.624970] snd_hda_codec_generic hdaudioC0D0:    dig-out=0x3/0x0
[    1.633701] ata1.00: configured for UDMA/133
[    1.633942] snd_hda_codec_generic hdaudioC0D0:    inputs:
[    1.649619] scsi 0:0:0:0: Direct-Access     ATA      KINGSTON SV300S3 BBF0 PQ: 0 ANSI: 5
[    1.653384] random: fast init done
[    1.658675] sd 0:0:0:0: Attached scsi generic sg0 type 0
[    1.658914] sd 0:0:0:0: [sda] 234441648 512-byte logical blocks: (120 GB/112 GiB)
[    1.664724] sd 0:0:0:0: [sda] Write Protect is off
[    1.667698] sd 0:0:0:0: [sda] Mode Sense: 00 3a 00 00
[    1.667768] sd 0:0:0:0: [sda] Write cache: enabled, read cache: enabled, doesn't support DPO or FUA
[    1.672419] NET: Registered protocol family 17
[    1.676418] snd_hda_codec_realtek hdaudioC1D0: autoconfig for ALC3229: line_outs=1 (0x14/0x0/0x0/0x0/0x0) type:speaker
[    1.679685] snd_hda_codec_realtek hdaudioC1D0:    speaker_outs=0 (0x0/0x0/0x0/0x0/0x0)
[    1.682946] snd_hda_codec_realtek hdaudioC1D0:    hp_outs=1 (0x21/0x0/0x0/0x0/0x0)
[    1.686122] snd_hda_codec_realtek hdaudioC1D0:    mono: mono_out=0x0
[    1.689234] snd_hda_codec_realtek hdaudioC1D0:    inputs:
[    1.692297] snd_hda_codec_realtek hdaudioC1D0:      Mic=0x19
[    1.696172] mce: Using 6 MCE banks
[    1.699332] microcode: CPU0: patch_level=0x0700010b
[    1.703413]  sda: sda1 sda2 sda3 sda4 sda5 sda6
[    1.708281] sd 0:0:0:0: [sda] Attached SCSI disk
[    1.712399] input: HDA ATI HDMI HDMI as /devices/pci0000:00/0000:00:01.1/sound/card0/input6
[    1.715731] microcode: CPU1: patch_level=0x0700010b
[    1.719240] microcode: Microcode Update Driver: v2.2.
[    1.719279] sched_clock: Marking stable (1709893468, 1550174)->(1840945596, -129501954)
[    1.735535] registered taskstats version 1
[    1.737825] rq load weight: 4194304
[    1.738761] Loading compiled-in X.509 certificates
[    1.741942] Blablamod: thread_function(): 4294937403.
[    1.755425] input: HD-Audio Generic Headphone as /devices/pci0000:00/0000:00:14.2/sound/card1/input11
[    1.760972] acpi_cpufreq: overriding BIOS provided _PSD data
[    1.764556] cfg80211: Loading compiled-in X.509 certificates for regulatory database
[    1.769338] cfg80211: Loaded X.509 cert 'sforshee: 00b28ddf47aef9cea7'
[    1.772602] ALSA device list:
[    1.775834]   #0: HDA ATI HDMI at 0xfeb64000 irq 33
[    1.779090]   #1: HD-Audio Generic at 0xfeb60000 irq 16
[    1.782495] platform regulatory.0: Direct firmware load for regulatory.db failed with error -2
[    1.785810] cfg80211: failed to load regulatory.db
[    1.967427] usb 4-2: new full-speed USB device number 2 using ohci-pci
[    2.037385] tsc: Refined TSC clocksource calibration: 998.127 MHz
[    2.040615] clocksource: tsc: mask: 0xffffffffffffffff max_cycles: 0x1cc65b93289, max_idle_ns: 881590487074 ns
[    2.044499] clocksource: Switched to clocksource tsc
[    2.240463] usb 4-2: New USB device found, idVendor=13d3, idProduct=3362, bcdDevice= 0.01
[    2.243871] usb 4-2: New USB device strings: Mfr=1, Product=2, SerialNumber=3
[    2.247288] usb 4-2: Product: Bluetooth USB Host Controller
[    2.250698] usb 4-2: Manufacturer: Atheros Communications
[    2.254090] usb 4-2: SerialNumber: Alaska Day 2006
[    2.443923] input: PS/2 Logitech Wheel Mouse as /devices/platform/i8042/serio4/input/input14
[    2.450079] md: Waiting for all devices to be available before autodetect
[    2.453517] md: If you don't use raid, use raid=noautodetect
[    2.457358] md: Autodetecting RAID arrays.
[    2.460847] md: autorun ...
[    2.464175] md: ... autorun DONE.
[    2.472197] EXT4-fs (sda2): mounted filesystem with ordered data mode. Opts: (null)
[    2.475527] VFS: Mounted root (ext4 filesystem) readonly on device 8:2.
[    2.480312] devtmpfs: mounted
[    2.484374] Freeing unused kernel image memory: 1288K
[    2.527444] Write protecting the kernel read-only data: 22528k
[    2.532420] Freeing unused kernel image memory: 1984K
[    2.537003] Freeing unused kernel image memory: 1720K
[    2.540408] Run /sbin/init as init process
[    2.597759] stty (1762) used greatest stack depth: 13832 bytes left
[    2.627443] usb 2-3: new high-speed USB device number 3 using ehci-pci
[    2.699765] sed (1776) used greatest stack depth: 13592 bytes left
[    2.757434] rq load weight: 1048576
[    2.760994] Blablamod: thread_function(): 4294937504.
[    2.855274] ip (1820) used greatest stack depth: 12792 bytes left
[    2.862309] usb 2-3: New USB device found, idVendor=04f2, idProduct=b404, bcdDevice=69.63
[    2.866094] usb 2-3: New USB device strings: Mfr=3, Product=1, SerialNumber=2
[    2.869936] usb 2-3: Product: USB2.0 HD UVC WebCam
[    2.873668] usb 2-3: Manufacturer: Chicony Electronics Co.,Ltd.
[    2.877356] usb 2-3: SerialNumber: 0x0001
[    2.969171] udevd[1854]: starting version 3.2.1
[    2.977932] random: udevd: uninitialized urandom read (16 bytes read)
[    2.982037] random: udevd: uninitialized urandom read (16 bytes read)
[    2.985946] random: udevd: uninitialized urandom read (16 bytes read)
[    3.004287] udevd[1855]: starting eudev-3.2.1
[    3.288236] ath9k 0000:01:00.0 wlp1s0: renamed from wlan0
[    3.349550] r8169 0000:02:00.0 enp2s0: renamed from eth0
[    3.471994] [drm] radeon kernel modesetting enabled.
[    3.475518] checking generic (c0000000 420000) vs hw (c0000000 10000000)
[    3.475523] fb0: switching to radeondrmfb from EFI VGA
[    3.487240] Console: switching to colour dummy device 80x25
[    3.489548] radeon 0000:00:01.0: vgaarb: deactivate vga console
[    3.490990] [drm] initializing kernel modesetting (KABINI 0x1002:0x9839 0x1043:0x141D 0x00).
[    3.491057] [drm] doorbell mmio base: 0xD0000000
[    3.491065] [drm] doorbell mmio size: 8388608
[    3.491098] ATOM BIOS: AMD
[    3.491174] [drm] Changing default dispclk from 400Mhz to 600Mhz
[    3.491213] radeon 0000:00:01.0: VRAM: 512M 0x0000000000000000 - 0x000000001FFFFFFF (512M used)
[    3.491228] radeon 0000:00:01.0: GTT: 2048M 0x0000000020000000 - 0x000000009FFFFFFF
[    3.491249] [drm] Detected VRAM RAM=512M, BAR=256M
[    3.491257] [drm] RAM width 128bits DDR
[    3.496156] [TTM] Zone  kernel: Available graphics memory: 1729522 kiB
[    3.496176] [TTM] Initializing pool allocator
[    3.496195] [TTM] Initializing DMA pool allocator
[    3.496257] [drm] radeon: 512M of VRAM memory ready
[    3.496268] [drm] radeon: 2048M of GTT memory ready.
[    3.496324] [drm] Loading kabini Microcode
[    3.503199] [drm] Internal thermal controller without fan control
[    3.504347] [drm] radeon: dpm initialized
[    3.505549] [drm] Found UVD firmware Version: 1.64 Family ID: 9
[    3.513612] [drm] Found VCE firmware/feedback version 40.2.2 / 15!
[    3.514280] [drm] GART: num cpu pages 524288, num gpu pages 524288
[    3.584604] [drm] PCIE GART of 2048M enabled (table at 0x000000000030E000).
[    3.585336] radeon 0000:00:01.0: WB enabled
[    3.585384] radeon 0000:00:01.0: fence driver on ring 0 use gpu addr 0x0000000020000c00 and cpu addr 0x(____ptrval____)
[    3.585404] radeon 0000:00:01.0: fence driver on ring 1 use gpu addr 0x0000000020000c04 and cpu addr 0x(____ptrval____)
[    3.585418] radeon 0000:00:01.0: fence driver on ring 2 use gpu addr 0x0000000020000c08 and cpu addr 0x(____ptrval____)
[    3.585432] radeon 0000:00:01.0: fence driver on ring 3 use gpu addr 0x0000000020000c0c and cpu addr 0x(____ptrval____)
[    3.585446] radeon 0000:00:01.0: fence driver on ring 4 use gpu addr 0x0000000020000c10 and cpu addr 0x(____ptrval____)
[    3.586375] radeon 0000:00:01.0: fence driver on ring 5 use gpu addr 0x0000000000078d30 and cpu addr 0x(____ptrval____)
[    3.589334] radeon 0000:00:01.0: fence driver on ring 6 use gpu addr 0x0000000020000c18 and cpu addr 0x(____ptrval____)
[    3.589358] radeon 0000:00:01.0: fence driver on ring 7 use gpu addr 0x0000000020000c1c and cpu addr 0x(____ptrval____)
[    3.589372] [drm] Supports vblank timestamp caching Rev 2 (21.10.2013).
[    3.589380] [drm] Driver supports precise vblank timestamp query.
[    3.589488] radeon 0000:00:01.0: radeon: using MSI.
[    3.590580] [drm] radeon: irq initialized.
[    3.604900] [drm] ring test on 0 succeeded in 3 usecs
[    3.605039] [drm] ring test on 1 succeeded in 4 usecs
[    3.605084] [drm] ring test on 2 succeeded in 4 usecs
[    3.607629] [drm] ring test on 3 succeeded in 5 usecs
[    3.607656] [drm] ring test on 4 succeeded in 6 usecs
[    3.688134] [drm] ring test on 5 succeeded in 2 usecs
[    3.713253] [drm] UVD initialized successfully.
[    3.817623] rq load weight: 3145728
[    3.817640] Blablamod: thread_function(): 4294937610.
[    3.833124] [drm] ring test on 6 succeeded in 20 usecs
[    3.833148] [drm] ring test on 7 succeeded in 3 usecs
[    3.833155] [drm] VCE initialized successfully.
[    3.835042] [drm] ib test on ring 0 succeeded in 0 usecs
[    3.835322] [drm] ib test on ring 1 succeeded in 0 usecs
[    3.835634] [drm] ib test on ring 2 succeeded in 0 usecs
[    3.835994] [drm] ib test on ring 3 succeeded in 0 usecs
[    3.836980] [drm] ib test on ring 4 succeeded in 0 usecs
[    4.377575] [drm] ib test on ring 5 succeeded
[    4.398798] [drm] ib test on ring 6 succeeded
[    4.399778] [drm] ib test on ring 7 succeeded
[    4.447432] [drm] radeon atom DIG backlight initialized
[    4.447454] [drm] Radeon Display Connectors
[    4.447461] [drm] Connector 0:
[    4.447467] [drm]   LVDS-1
[    4.447472] [drm]   HPD1
[    4.447481] [drm]   DDC: 0x6530 0x6530 0x6534 0x6534 0x6538 0x6538 0x653c 0x653c
[    4.447489] [drm]   Encoders:
[    4.447495] [drm]     LCD1: INTERNAL_UNIPHY
[    4.447502] [drm] Connector 1:
[    4.447507] [drm]   HDMI-A-1
[    4.447512] [drm]   HPD2
[    4.447520] [drm]   DDC: 0x6540 0x6540 0x6544 0x6544 0x6548 0x6548 0x654c 0x654c
[    4.447528] [drm]   Encoders:
[    4.447534] [drm]     DFP1: INTERNAL_UNIPHY
[    4.447540] [drm] Connector 2:
[    4.447545] [drm]   VGA-1
[    4.447552] [drm]   DDC: 0x65c0 0x65c0 0x65c4 0x65c4 0x65c8 0x65c8 0x65cc 0x65cc
[    4.447560] [drm]   Encoders:
[    4.447566] [drm]     CRT1: INTERNAL_KLDSCP_DAC1
[    4.827377] rq load weight: 0
[    4.827388] Blablamod: thread_function(): 4294937711.
[    5.539560] [drm] fb mappable at 0xC0722000
[    5.539575] [drm] vram apper at 0xC0000000
[    5.539582] [drm] size 4325376
[    5.539588] [drm] fb depth is 24
[    5.539593] [drm]    pitch is 5632
[    5.539998] fbcon: radeondrmfb (fb0) is primary device
[    5.647650] Console: switching to colour frame buffer device 170x48
[    5.658012] radeon 0000:00:01.0: fb0: radeondrmfb frame buffer device
[    5.708906] ACPI Debug:  "=== ALIB 0 - true ==="
[    5.709680] [drm] Initialized radeon 2.50.0 20080528 for 0000:00:01.0 on minor 0
[    5.800743] Adding 3608572k swap on /dev/sda4.  Priority:1 extents:1 across:3608572k SS
[    5.837415] rq load weight: 1048576
[    5.837497] Blablamod: thread_function(): 4294937812.
[    5.854447] EXT4-fs (sda2): re-mounted. Opts: (null)
[    5.960932] EXT4-fs (sda2): re-mounted. Opts: (null)
[    6.847395] rq load weight: 1048576
[    6.847467] Blablamod: thread_function(): 4294937913.
[    7.857382] rq load weight: 1048576
[    7.860753] Blablamod: thread_function(): 4294938014.
[    8.388992] urandom_read: 6 callbacks suppressed
[    8.388997] random: wpa_supplicant: uninitialized urandom read (32 bytes read)
[    8.867382] rq load weight: 0
[    8.871098] Blablamod: thread_function(): 4294938115.
[    9.728221] wlp1s0: authenticate with 64:66:b3:cd:9a:3a
[    9.754675] wlp1s0: send auth to 64:66:b3:cd:9a:3a (try 1/3)
[    9.761575] wlp1s0: authenticated
[    9.768293] wlp1s0: associate with 64:66:b3:cd:9a:3a (try 1/3)
[    9.776581] wlp1s0: RX AssocResp from 64:66:b3:cd:9a:3a (capab=0x431 status=0 aid=1)
[    9.781562] wlp1s0: associated
[    9.811860] IPv6: ADDRCONF(NETDEV_CHANGE): wlp1s0: link becomes ready
[    9.877385] rq load weight: 0
[    9.881334] Blablamod: thread_function(): 4294938216.
[   10.887380] rq load weight: 0
[   10.891320] Blablamod: thread_function(): 4294938317.
[   11.205210] udevd (1908) used greatest stack depth: 11752 bytes left
[   11.897381] rq load weight: 0
[   11.901440] Blablamod: thread_function(): 4294938418.
[   12.907379] rq load weight: 0
[   12.911340] Blablamod: thread_function(): 4294938519.
[   13.917382] rq load weight: 0
[   13.921210] Blablamod: thread_function(): 4294938620.
[   14.927379] rq load weight: 0
[   14.930996] Blablamod: thread_function(): 4294938721.
[   15.937380] rq load weight: 0
[   15.940832] Blablamod: thread_function(): 4294938822.
[   16.947381] rq load weight: 0
[   16.950788] Blablamod: thread_function(): 4294938923.
[   17.957383] rq load weight: 0
[   17.960847] Blablamod: thread_function(): 4294939024.
[   18.967380] rq load weight: 0
[   18.970636] Blablamod: thread_function(): 4294939125.
[   19.977390] rq load weight: 0
[   19.980677] Blablamod: thread_function(): 4294939226.
[   20.987382] rq load weight: 0
[   20.990664] Blablamod: thread_function(): 4294939327.
[   21.997380] rq load weight: 0
[   22.000610] Blablamod: thread_function(): 4294939428.
[   23.007383] rq load weight: 0
[   23.010642] Blablamod: thread_function(): 4294939529.
[   24.017385] rq load weight: 0
[   24.020641] Blablamod: thread_function(): 4294939630.
[   25.027386] rq load weight: 1307648
[   25.027466] Blablamod: thread_function(): 4294939731.
[   26.037398] rq load weight: 2356224
[   26.037410] Blablamod: thread_function(): 4294939832.
[   27.047396] rq load weight: 0
[   27.047407] Blablamod: thread_function(): 4294939933.
[   28.057384] rq load weight: 0
[   28.057396] Blablamod: thread_function(): 4294940034.
[   29.067383] rq load weight: 0
[   29.067395] Blablamod: thread_function(): 4294940135.
[   30.077383] rq load weight: 0
[   30.077394] Blablamod: thread_function(): 4294940236.
[   31.087381] rq load weight: 0
[   31.087391] Blablamod: thread_function(): 4294940337.
[   32.097385] rq load weight: 0
[   32.097395] Blablamod: thread_function(): 4294940438.
[   33.107397] rq load weight: 0
[   33.107407] Blablamod: thread_function(): 4294940539.
[   34.117383] rq load weight: 0
[   34.117393] Blablamod: thread_function(): 4294940640.
[   35.127382] rq load weight: 0
[   35.127392] Blablamod: thread_function(): 4294940741.
[   36.137383] rq load weight: 0
[   36.137393] Blablamod: thread_function(): 4294940842.
