[    0.000000] Linux version 5.2.0-rc7+ (root@(none)) (gcc version 9.0.1 20190416 (experimental) (GCC)) #171 SMP Sun Jul 7 21:33:55 +05 2019
[    0.000000] Command line: BOOT_IMAGE=/boot/bzImage root=/dev/sda2 ro
[    0.000000] x86/fpu: Supporting XSAVE feature 0x001: 'x87 floating point registers'
[    0.000000] x86/fpu: Supporting XSAVE feature 0x002: 'SSE registers'
[    0.000000] x86/fpu: Supporting XSAVE feature 0x004: 'AVX registers'
[    0.000000] x86/fpu: xstate_offset[2]:  576, xstate_sizes[2]:  256
[    0.000000] x86/fpu: Enabled xstate features 0x7, context size is 832 bytes, using 'standard' format.
[    0.000000] BIOS-provided physical RAM map:
[    0.000000] BIOS-e820: [mem 0x0000000000000000-0x000000000009ffff] usable
[    0.000000] BIOS-e820: [mem 0x0000000000100000-0x000000009d0f7fff] usable
[    0.000000] BIOS-e820: [mem 0x000000009d0f8000-0x000000009d127fff] reserved
[    0.000000] BIOS-e820: [mem 0x000000009d128000-0x000000009d370fff] usable
[    0.000000] BIOS-e820: [mem 0x000000009d371000-0x000000009dc56fff] ACPI NVS
[    0.000000] BIOS-e820: [mem 0x000000009dc57000-0x000000009e959fff] reserved
[    0.000000] BIOS-e820: [mem 0x000000009e95a000-0x000000009e9cafff] type 20
[    0.000000] BIOS-e820: [mem 0x000000009e9cb000-0x000000009e9cbfff] usable
[    0.000000] BIOS-e820: [mem 0x000000009e9cc000-0x000000009e9d3fff] ACPI NVS
[    0.000000] BIOS-e820: [mem 0x000000009e9d4000-0x000000009eb24fff] usable
[    0.000000] BIOS-e820: [mem 0x000000009eb25000-0x000000009f041fff] reserved
[    0.000000] BIOS-e820: [mem 0x000000009f042000-0x000000009f080fff] usable
[    0.000000] BIOS-e820: [mem 0x000000009f081000-0x000000009f3f1fff] reserved
[    0.000000] BIOS-e820: [mem 0x000000009f3f2000-0x000000009f3fffff] usable
[    0.000000] BIOS-e820: [mem 0x00000000fec00000-0x00000000fec01fff] reserved
[    0.000000] BIOS-e820: [mem 0x00000000fec10000-0x00000000fec10fff] reserved
[    0.000000] BIOS-e820: [mem 0x00000000fed00000-0x00000000fed00fff] reserved
[    0.000000] BIOS-e820: [mem 0x00000000fed80000-0x00000000fed8ffff] reserved
[    0.000000] BIOS-e820: [mem 0x00000000ff000000-0x00000000ffffffff] reserved
[    0.000000] BIOS-e820: [mem 0x0000000100001000-0x000000013effffff] usable
[    0.000000] NX (Execute Disable) protection: active
[    0.000000] efi: EFI v2.31 by American Megatrends
[    0.000000] efi:  ACPI=0x9d3f3000  ACPI 2.0=0x9d3f3000  SMBIOS=0x9e958998 
[    0.000000] SMBIOS 2.7 present.
[    0.000000] DMI: ASUSTeK COMPUTER INC. X102BA/X102BA, BIOS X102BA.212 08/30/2013
[    0.000000] tsc: Fast TSC calibration using PIT
[    0.000000] tsc: Detected 998.117 MHz processor
[    0.000213] e820: update [mem 0x00000000-0x00000fff] usable ==> reserved
[    0.000218] e820: remove [mem 0x000a0000-0x000fffff] usable
[    0.000238] last_pfn = 0x13f000 max_arch_pfn = 0x400000000
[    0.000249] MTRR default type: uncachable
[    0.000250] MTRR fixed ranges enabled:
[    0.000254]   00000-9FFFF write-back
[    0.000257]   A0000-BFFFF write-through
[    0.000260]   C0000-DFFFF uncachable
[    0.000263]   E0000-FFFFF write-protect
[    0.000265] MTRR variable ranges enabled:
[    0.000269]   0 base 0000000000 mask FF80000000 write-back
[    0.000273]   1 base 0080000000 mask FFE0000000 write-back
[    0.000276]   2 base 009F400000 mask FFFFC00000 uncachable
[    0.000280]   3 base 009F800000 mask FFFF800000 uncachable
[    0.000281]   4 disabled
[    0.000282]   5 disabled
[    0.000283]   6 disabled
[    0.000284]   7 disabled
[    0.000287] TOM2: 000000013f000000 aka 5104M
[    0.000804] x86/PAT: Configuration [0-7]: WB  WC  UC- UC  WB  WP  UC- WT  
[    0.001074] e820: update [mem 0x9f400000-0xffffffff] usable ==> reserved
[    0.001089] last_pfn = 0x9f400 max_arch_pfn = 0x400000000
[    0.014431] check: Scanning 1 areas for low memory corruption
[    0.014445] Using GB pages for direct mapping
[    0.014452] BRK [0x0fe01000, 0x0fe01fff] PGTABLE
[    0.014457] BRK [0x0fe02000, 0x0fe02fff] PGTABLE
[    0.014461] BRK [0x0fe03000, 0x0fe03fff] PGTABLE
[    0.014660] BRK [0x0fe04000, 0x0fe04fff] PGTABLE
[    0.014664] BRK [0x0fe05000, 0x0fe05fff] PGTABLE
[    0.014994] BRK [0x0fe06000, 0x0fe06fff] PGTABLE
[    0.016518] BRK [0x0fe07000, 0x0fe07fff] PGTABLE
[    0.016819] BRK [0x0fe08000, 0x0fe08fff] PGTABLE
[    0.017071] BRK [0x0fe09000, 0x0fe09fff] PGTABLE
[    0.017395] BRK [0x0fe0a000, 0x0fe0afff] PGTABLE
[    0.017766] BRK [0x0fe0b000, 0x0fe0bfff] PGTABLE
[    0.018018] Secure boot could not be determined
[    0.018034] ACPI: Early table checksum verification disabled
[    0.018044] ACPI: RSDP 0x000000009D3F3000 000024 (v02 _ASUS_)
[    0.018055] ACPI: XSDT 0x000000009D3F3088 000094 (v01 _ASUS_ Notebook 01072009 AMI  00010013)
[    0.018073] ACPI: FACP 0x000000009D400748 00010C (v05 _ASUS_ Notebook 01072009 AMI  00010013)
[    0.018088] ACPI BIOS Warning (bug): Optional FADT field Pm2ControlBlock has valid Length but zero Address: 0x0000000000000000/0x1 (20190509/tbfadt-615)
[    0.018102] ACPI: DSDT 0x000000009D3F31A8 00D59D (v02 _ASUS_ Notebook 00000000 INTL 20091112)
[    0.018113] ACPI: FACS 0x000000009DC4B080 000040
[    0.018122] ACPI: APIC 0x000000009D400858 00007E (v03 _ASUS_ Notebook 01072009 AMI  00010013)
[    0.018133] ACPI: FPDT 0x000000009D4008D8 000044 (v01 _ASUS_ Notebook 01072009 AMI  00010013)
[    0.018143] ACPI: ECDT 0x000000009D400920 0000C1 (v01 _ASUS_ Notebook 01072009 AMI. 00000005)
[    0.018153] ACPI: MCFG 0x000000009D4009E8 00003C (v01 _ASUS_ Notebook 01072009 MSFT 00010013)
[    0.018164] ACPI: HPET 0x000000009D400A28 000038 (v01 _ASUS_ Notebook 01072009 AMI  00000005)
[    0.018174] ACPI: VFCT 0x000000009D400A60 004684 (v01 _ASUS_ Notebook 00000001 AMD  31504F47)
[    0.018185] ACPI: BGRT 0x000000009D4050E8 000038 (v00 _ASUS_ Notebook 01072009 ASUS 00010013)
[    0.018195] ACPI: SSDT 0x000000009D405120 0005E0 (v01 AMD    AGESA    00000001 AMD  00000001)
[    0.018205] ACPI: SSDT 0x000000009D405700 0046D1 (v02 AMD    AGESA    00000002 MSFT 04000000)
[    0.018216] ACPI: CRAT 0x000000009D409DD8 000228 (v01 AMD    AGESA    00000001 AMD  00000001)
[    0.018226] ACPI: SSDT 0x000000009D40A000 001411 (v01 AMD    CPMDFIGP 00000001 INTL 20051117)
[    0.018237] ACPI: SSDT 0x000000009D40B418 0010E8 (v01 AMD    CPMCMN   00000001 INTL 20051117)
[    0.018247] ACPI: MSDM 0x000000009D127F98 000055 (v03 _ASUS_ Notebook 00000000 ASUS 00000001)
[    0.018274] ACPI: Local APIC address 0xfee00000
[    0.018627] No NUMA configuration found
[    0.018631] Faking a node at [mem 0x0000000000000000-0x000000013effffff]
[    0.018645] NODE_DATA(0) allocated [mem 0x13effa000-0x13effdfff]
[    0.018699] Zone ranges:
[    0.018703]   DMA      [mem 0x0000000000001000-0x0000000000ffffff]
[    0.018708]   DMA32    [mem 0x0000000001000000-0x00000000ffffffff]
[    0.018712]   Normal   [mem 0x0000000100000000-0x000000013effffff]
[    0.018716] Movable zone start for each node
[    0.018719] Early memory node ranges
[    0.018722]   node   0: [mem 0x0000000000001000-0x000000000009ffff]
[    0.018726]   node   0: [mem 0x0000000000100000-0x000000009d0f7fff]
[    0.018729]   node   0: [mem 0x000000009d128000-0x000000009d370fff]
[    0.018732]   node   0: [mem 0x000000009e9cb000-0x000000009e9cbfff]
[    0.018735]   node   0: [mem 0x000000009e9d4000-0x000000009eb24fff]
[    0.018738]   node   0: [mem 0x000000009f042000-0x000000009f080fff]
[    0.018741]   node   0: [mem 0x000000009f3f2000-0x000000009f3fffff]
[    0.018744]   node   0: [mem 0x0000000100001000-0x000000013effffff]
[    0.019068] Zeroed struct page in unavailable ranges: 11138 pages
[    0.019076] Initmem setup node 0 [mem 0x0000000000001000-0x000000013effffff]
[    0.019085] On node 0 totalpages: 902270
[    0.019088]   DMA zone: 64 pages used for memmap
[    0.019090]   DMA zone: 23 pages reserved
[    0.019092]   DMA zone: 3999 pages, LIFO batch:0
[    0.019310]   DMA32 zone: 10004 pages used for memmap
[    0.019313]   DMA32 zone: 640224 pages, LIFO batch:63
[    0.059957]   Normal zone: 4032 pages used for memmap
[    0.059964]   Normal zone: 258047 pages, LIFO batch:63
[    0.073338] ACPI: PM-Timer IO Port: 0x808
[    0.073350] ACPI: Local APIC address 0xfee00000
[    0.073367] ACPI: LAPIC_NMI (acpi_id[0xff] high edge lint[0x1])
[    0.073383] IOAPIC[0]: apic_id 3, version 33, address 0xfec00000, GSI 0-23
[    0.073393] IOAPIC[1]: apic_id 4, version 33, address 0xfec01000, GSI 24-55
[    0.073400] ACPI: INT_SRC_OVR (bus 0 bus_irq 0 global_irq 2 dfl dfl)
[    0.073406] ACPI: INT_SRC_OVR (bus 0 bus_irq 9 global_irq 9 low level)
[    0.073411] ACPI: IRQ0 used by override.
[    0.073414] ACPI: IRQ9 used by override.
[    0.073418] Using ACPI (MADT) for SMP configuration information
[    0.073424] ACPI: HPET id: 0x10228210 base: 0xfed00000
[    0.073439] smpboot: Allowing 4 CPUs, 2 hotplug CPUs
[    0.073513] PM: Registered nosave memory: [mem 0x00000000-0x00000fff]
[    0.073520] PM: Registered nosave memory: [mem 0x000a0000-0x000fffff]
[    0.073527] PM: Registered nosave memory: [mem 0x9d0f8000-0x9d127fff]
[    0.073533] PM: Registered nosave memory: [mem 0x9d371000-0x9dc56fff]
[    0.073536] PM: Registered nosave memory: [mem 0x9dc57000-0x9e959fff]
[    0.073539] PM: Registered nosave memory: [mem 0x9e95a000-0x9e9cafff]
[    0.073546] PM: Registered nosave memory: [mem 0x9e9cc000-0x9e9d3fff]
[    0.073552] PM: Registered nosave memory: [mem 0x9eb25000-0x9f041fff]
[    0.073559] PM: Registered nosave memory: [mem 0x9f081000-0x9f3f1fff]
[    0.073566] PM: Registered nosave memory: [mem 0x9f400000-0xfebfffff]
[    0.073568] PM: Registered nosave memory: [mem 0xfec00000-0xfec01fff]
[    0.073571] PM: Registered nosave memory: [mem 0xfec02000-0xfec0ffff]
[    0.073574] PM: Registered nosave memory: [mem 0xfec10000-0xfec10fff]
[    0.073577] PM: Registered nosave memory: [mem 0xfec11000-0xfecfffff]
[    0.073580] PM: Registered nosave memory: [mem 0xfed00000-0xfed00fff]
[    0.073582] PM: Registered nosave memory: [mem 0xfed01000-0xfed7ffff]
[    0.073585] PM: Registered nosave memory: [mem 0xfed80000-0xfed8ffff]
[    0.073588] PM: Registered nosave memory: [mem 0xfed90000-0xfeffffff]
[    0.073590] PM: Registered nosave memory: [mem 0xff000000-0xffffffff]
[    0.073593] PM: Registered nosave memory: [mem 0x100000000-0x100000fff]
[    0.073600] [mem 0x9f400000-0xfebfffff] available for PCI devices
[    0.073611] clocksource: refined-jiffies: mask: 0xffffffff max_cycles: 0xffffffff, max_idle_ns: 19112604462750000 ns
[    0.496283] setup_percpu: NR_CPUS:64 nr_cpumask_bits:64 nr_cpu_ids:4 nr_node_ids:1
[    0.497471] percpu: Embedded 51 pages/cpu s170008 r8192 d30696 u524288
[    0.497511] pcpu-alloc: s170008 r8192 d30696 u524288 alloc=1*2097152
[    0.497514] pcpu-alloc: [0] 0 1 2 3 
[    0.497593] Built 1 zonelists, mobility grouping on.  Total pages: 888147
[    0.497598] Policy zone: Normal
[    0.497605] Kernel command line: BOOT_IMAGE=/boot/bzImage root=/dev/sda2 ro
[    0.561675] Memory: 3432168K/3609080K available (14357K kernel code, 1433K rwdata, 4456K rodata, 1296K init, 856K bss, 176912K reserved, 0K cma-reserved)
[    0.561897] SLUB: HWalign=64, Order=0-3, MinObjects=0, CPUs=4, Nodes=1
[    0.562133] rcu: Hierarchical RCU implementation.
[    0.562137] rcu: 	RCU event tracing is enabled.
[    0.562141] rcu: 	RCU restricting CPUs from NR_CPUS=64 to nr_cpu_ids=4.
[    0.562145] rcu: RCU calculated value of scheduler-enlistment delay is 10 jiffies.
[    0.562149] rcu: Adjusting geometry for rcu_fanout_leaf=16, nr_cpu_ids=4
[    0.562734] NR_IRQS: 4352, nr_irqs: 1000, preallocated irqs: 16
[    0.563327] random: get_random_bytes called from start_kernel+0x2c6/0x493 with crng_init=0
[    0.563410] Console: colour dummy device 80x25
[    0.564094] printk: console [tty0] enabled
[    0.564141] ACPI: Core revision 20190509
[    0.564830] clocksource: hpet: mask: 0xffffffff max_cycles: 0xffffffff, max_idle_ns: 133484873504 ns
[    0.564860] hpet clockevent registered
[    0.564870] APIC: Switch to symmetric I/O mode setup
[    0.565726] ..TIMER: vector=0x30 apic1=0 pin1=2 apic2=-1 pin2=-1
[    0.614871] clocksource: tsc-early: mask: 0xffffffffffffffff max_cycles: 0x1cc64892c28, max_idle_ns: 881590561400 ns
[    0.614888] Calibrating delay loop (skipped), value calculated using timer frequency.. 1996.23 BogoMIPS (lpj=9981170)
[    0.614903] pid_max: default: 32768 minimum: 301
[    0.617519] LSM: Security Framework initializing
[    0.617554] SELinux:  Initializing.
[    0.617591] *** VALIDATE SELinux ***
[    0.619824] Dentry cache hash table entries: 524288 (order: 10, 4194304 bytes)
[    0.620999] Inode-cache hash table entries: 262144 (order: 9, 2097152 bytes)
[    0.621101] Mount-cache hash table entries: 8192 (order: 4, 65536 bytes)
[    0.621147] Mountpoint-cache hash table entries: 8192 (order: 4, 65536 bytes)
[    0.621553] *** VALIDATE proc ***
[    0.621644] *** VALIDATE cgroup1 ***
[    0.621655] *** VALIDATE cgroup2 ***
[    0.621759] LVT offset 1 assigned for vector 0xf9
[    0.621775] Last level iTLB entries: 4KB 512, 2MB 8, 4MB 4
[    0.621782] Last level dTLB entries: 4KB 512, 2MB 256, 4MB 128, 1GB 0
[    0.621792] Spectre V2 : Mitigation: Full AMD retpoline
[    0.621798] Spectre V2 : Spectre v2 / SpectreRSB mitigation: Filling RSB on context switch
[    0.621810] Speculative Store Bypass: Mitigation: Speculative Store Bypass disabled via prctl and seccomp
[    0.622382] Freeing SMP alternatives memory: 40K
[    0.634886] smpboot: CPU0: AMD A4-1200 APU with Radeon(TM) HD Graphics (family: 0x16, model: 0x0, stepping: 0x1)
[    0.634886] Performance Events: AMD PMU driver.
[    0.634886] ... version:                0
[    0.634886] ... bit width:              48
[    0.634886] ... generic registers:      4
[    0.634886] ... value mask:             0000ffffffffffff
[    0.634886] ... max period:             00007fffffffffff
[    0.634886] ... fixed-purpose events:   0
[    0.634886] ... event mask:             000000000000000f
[    0.634886] rcu: Hierarchical SRCU implementation.
[    0.634886] MCE: In-kernel MCE decoding enabled.
[    0.634886] smp: Bringing up secondary CPUs ...
[    0.634886] x86: Booting SMP configuration:
[    0.634886] .... node  #0, CPUs:      #1
[    0.634886] smp: Brought up 1 node, 2 CPUs
[    0.634886] smpboot: Max logical packages: 2
[    0.634886] smpboot: Total of 2 processors activated (3992.46 BogoMIPS)
[    0.634886] devtmpfs: initialized
[    0.634886] PM: Registering ACPI NVS region [mem 0x9d371000-0x9dc56fff] (9330688 bytes)
[    0.634886] PM: Registering ACPI NVS region [mem 0x9e9cc000-0x9e9d3fff] (32768 bytes)
[    0.634886] clocksource: jiffies: mask: 0xffffffff max_cycles: 0xffffffff, max_idle_ns: 19112604462750000 ns
[    0.634886] futex hash table entries: 1024 (order: 4, 65536 bytes)
[    0.634886] kworker/u8:0 (22) used greatest stack depth: 14624 bytes left
[    0.634886] NET: Registered protocol family 16
[    0.634886] audit: initializing netlink subsys (disabled)
[    0.634886] audit: type=2000 audit(1562584831.060:1): state=initialized audit_enabled=0 res=1
[    0.634886] cpuidle: using governor ladder
[    0.634886] cpuidle: using governor menu
[    0.634886] ACPI FADT declares the system doesn't support PCIe ASPM, so disable it
[    0.634886] ACPI: bus type PCI registered
[    0.634886] PCI: MMCONFIG for domain 0000 [bus 00-ff] at [mem 0xe0000000-0xefffffff] (base 0xe0000000)
[    0.634886] PCI: not using MMCONFIG
[    0.634886] PCI: Using configuration type 1 for base access
[    0.634886] PCI: Using configuration type 1 for extended access
[    0.634920] rq->curr == THREAD(this messg)
[    0.634921] state TASK_RUNNING
[    0.634934] color, tsk->comm, weight, vruntime, state: -103871736622695 kworker/u8:1 1048576 47834245 0
[    0.634942] color, tsk->comm, weight, vruntime, state: -103871736633064 kworker/u8:1 1048576 47834245 0
[    0.634954] color, tsk->comm, weight, vruntime, state: -103871736622695 kworker/u8:1 1048576 47834245 0
[    0.634966] color, tsk->comm, weight, vruntime, state: 1 kworker/u8:1 1048576 48048532 0
[    0.634977] color, tsk->comm, weight, vruntime, state: -103871728849767 kworker/u8:1 1048576 48334246 0
[    0.634988] color, tsk->comm, weight, vruntime, state: -103871736633064 kworker/u8:1 1048576 48734245 0
[    0.635000] color, tsk->comm, weight, vruntime, state: -103871728849767 kworker/u8:1 1048576 49334245 0
[    0.635009] proc in rq 7
[    0.635020] rq->nr_running rq->cfs.nr_running : 8 8
[    0.635030] rq->load.weight, rq->cfs.load.weight : 8388608 8388608
[    0.635031] ----------------^^^^CPU0^^^^^-----------------------
[    0.635038] rq->curr->pid == 1
[    0.635044] state TASK_RUNNING
[    0.635052] color, tsk->comm, weight, vruntime, state: -103871736643432 kworker/u8:0 1048576 28351403 0
[    0.635059] color, tsk->comm, weight, vruntime, state: -103871728853223 kworker/u8:1 1048576 34351403 0
[    0.635070] color, tsk->comm, weight, vruntime, state: 1 kworker/u8:1 1048576 34951403 0
[    0.635082] color, tsk->comm, weight, vruntime, state: -103871728853223 kthreadd 1048576 37351400 0
[    0.635091] proc in rq 4
[    0.635101] rq->nr_running rq->cfs.nr_running : 5 5
[    0.635111] rq->load.weight, rq->cfs.load.weight : 5242880 5242880
[    0.635112] ----------------^^^^CPU1^^^^^-----------------------
[    0.635119] rq->curr->pid == 0
[    0.635126] state TASK_RUNNING
[    0.635132] proc in rq 0
[    0.635138] rq->nr_running rq->cfs.nr_running : 0 0
[    0.635147] rq->load.weight, rq->cfs.load.weight : 0 0
[    0.635149] ----------------^^^^CPU2^^^^^-----------------------
[    0.635155] rq->curr->pid == 0
[    0.635162] state TASK_RUNNING
[    0.635167] proc in rq 0
[    0.635173] rq->nr_running rq->cfs.nr_running : 0 0
[    0.635183] rq->load.weight, rq->cfs.load.weight : 0 0
[    0.635184] ----------------^^^^CPU3^^^^^-----------------------
[    0.650709] kworker/u8:0 (47) used greatest stack depth: 14160 bytes left
[    0.685170] HugeTLB registered 2.00 MiB page size, pre-allocated 0 pages
[    0.692555] ACPI: Added _OSI(Module Device)
[    0.692555] ACPI: Added _OSI(Processor Device)
[    0.692555] ACPI: Added _OSI(3.0 _SCP Extensions)
[    0.692555] ACPI: Added _OSI(Processor Aggregator Device)
[    0.692555] ACPI: Added _OSI(Linux-Dell-Video)
[    0.692555] ACPI: Added _OSI(Linux-Lenovo-NV-HDMI-Audio)
[    0.692555] ACPI: Added _OSI(Linux-HPI-Hybrid-Graphics)
[    0.729889] ACPI: 5 ACPI AML tables successfully acquired and loaded
[    0.733466] ACPI: EC: EC started
[    0.733476] ACPI: EC: interrupt blocked
[    0.735894] ACPI: \: Used as first EC
[    0.735907] ACPI: \: GPE=0x3, EC_CMD/EC_SC=0x66, EC_DATA=0x62
[    0.735914] ACPI: EC: Boot ECDT EC used to handle transactions
[    0.741443] ACPI: [Firmware Bug]: BIOS _OSI(Linux) query ignored
[    0.746222] ACPI: Interpreter enabled
[    0.746309] ACPI: (supports S0 S3 S4 S5)
[    0.746320] ACPI: Using IOAPIC for interrupt routing
[    0.746515] PCI: MMCONFIG for domain 0000 [bus 00-ff] at [mem 0xe0000000-0xefffffff] (base 0xe0000000)
[    0.746692] PCI: MMCONFIG at [mem 0xe0000000-0xefffffff] reserved in ACPI motherboard resources
[    0.746757] PCI: Using host bridge windows from ACPI; if necessary, use "pci=nocrs" and report a bug
[    0.747537] ACPI: Enabled 3 GPEs in block 00 to 1F
[    0.782222] ACPI: PCI Root Bridge [PCI0] (domain 0000 [bus 00-ff])
[    0.782222] acpi PNP0A08:00: _OSC: OS supports [ExtendedConfig ASPM ClockPM Segments MSI HPX-Type3]
[    0.782222] acpi PNP0A08:00: _OSC: platform does not support [LTR]
[    0.782222] acpi PNP0A08:00: _OSC: OS now controls [PME AER PCIeCapability]
[    0.782222] acpi PNP0A08:00: FADT indicates ASPM is unsupported, using BIOS configuration
[    0.784921] PCI host bridge to bus 0000:00
[    0.784921] pci_bus 0000:00: root bus resource [io  0x0000-0x03af window]
[    0.784921] pci_bus 0000:00: root bus resource [io  0x03e0-0x0cf7 window]
[    0.784921] pci_bus 0000:00: root bus resource [io  0x03b0-0x03df window]
[    0.784921] pci_bus 0000:00: root bus resource [io  0x0d00-0xffff window]
[    0.784921] pci_bus 0000:00: root bus resource [mem 0x000a0000-0x000bffff window]
[    0.784921] pci_bus 0000:00: root bus resource [mem 0x000c0000-0x000dffff window]
[    0.784921] pci_bus 0000:00: root bus resource [mem 0xc0000000-0xffffffff window]
[    0.784921] pci_bus 0000:00: root bus resource [bus 00-ff]
[    0.784921] pci 0000:00:00.0: [1022:1536] type 00 class 0x060000
[    0.785321] pci 0000:00:01.0: [1002:9839] type 00 class 0x030000
[    0.785321] pci 0000:00:01.0: reg 0x10: [mem 0xc0000000-0xcfffffff 64bit pref]
[    0.785321] pci 0000:00:01.0: reg 0x18: [mem 0xd0000000-0xd07fffff 64bit pref]
[    0.785321] pci 0000:00:01.0: reg 0x20: [io  0xf000-0xf0ff]
[    0.785321] pci 0000:00:01.0: reg 0x24: [mem 0xfeb00000-0xfeb3ffff]
[    0.785321] pci 0000:00:01.0: reg 0x30: [mem 0xfeb40000-0xfeb5ffff pref]
[    0.785321] pci 0000:00:01.0: enabling Extended Tags
[    0.785321] pci 0000:00:01.0: BAR 0: assigned to efifb
[    0.785321] pci 0000:00:01.0: supports D1 D2
[    0.785321] pci 0000:00:01.0: PME# supported from D1 D2 D3hot
[    0.785570] pci 0000:00:01.1: [1002:9840] type 00 class 0x040300
[    0.785570] pci 0000:00:01.1: reg 0x10: [mem 0xfeb64000-0xfeb67fff 64bit]
[    0.785570] pci 0000:00:01.1: enabling Extended Tags
[    0.785570] pci 0000:00:01.1: supports D1 D2
[    0.785869] pci 0000:00:02.0: [1022:1538] type 00 class 0x060000
[    0.786221] pci 0000:00:02.2: [1022:1439] type 01 class 0x060400
[    0.786221] pci 0000:00:02.2: enabling Extended Tags
[    0.786221] pci 0000:00:02.2: PME# supported from D0 D3hot D3cold
[    0.786487] pci 0000:00:02.3: [1022:1439] type 01 class 0x060400
[    0.786487] pci 0000:00:02.3: enabling Extended Tags
[    0.786487] pci 0000:00:02.3: PME# supported from D0 D3hot D3cold
[    0.786892] pci 0000:00:10.0: [1022:7814] type 00 class 0x0c0330
[    0.786892] pci 0000:00:10.0: reg 0x10: [mem 0xfeb68000-0xfeb69fff 64bit]
[    0.786892] pci 0000:00:10.0: PME# supported from D0 D3hot D3cold
[    0.787277] pci 0000:00:11.0: [1022:7801] type 00 class 0x010601
[    0.787277] pci 0000:00:11.0: reg 0x10: [io  0xf140-0xf147]
[    0.787277] pci 0000:00:11.0: reg 0x14: [io  0xf130-0xf133]
[    0.787277] pci 0000:00:11.0: reg 0x18: [io  0xf120-0xf127]
[    0.787277] pci 0000:00:11.0: reg 0x1c: [io  0xf110-0xf113]
[    0.787277] pci 0000:00:11.0: reg 0x20: [io  0xf100-0xf10f]
[    0.787277] pci 0000:00:11.0: reg 0x24: [mem 0xfeb6f000-0xfeb6f3ff]
[    0.787277] pci 0000:00:11.0: PME# supported from D3hot
[    0.787736] pci 0000:00:12.0: [1022:7807] type 00 class 0x0c0310
[    0.787736] pci 0000:00:12.0: reg 0x10: [mem 0xfeb6e000-0xfeb6efff]
[    0.788184] pci 0000:00:12.2: [1022:7808] type 00 class 0x0c0320
[    0.788184] pci 0000:00:12.2: reg 0x10: [mem 0xfeb6d000-0xfeb6d0ff]
[    0.788184] pci 0000:00:12.2: supports D1 D2
[    0.788184] pci 0000:00:12.2: PME# supported from D0 D1 D2 D3hot D3cold
[    0.788478] pci 0000:00:13.0: [1022:7807] type 00 class 0x0c0310
[    0.790062] pci 0000:00:13.0: reg 0x10: [mem 0xfeb6c000-0xfeb6cfff]
[    0.790302] pci 0000:00:13.2: [1022:7808] type 00 class 0x0c0320
[    0.790340] pci 0000:00:13.2: reg 0x10: [mem 0xfeb6b000-0xfeb6b0ff]
[    0.790340] pci 0000:00:13.2: supports D1 D2
[    0.790340] pci 0000:00:13.2: PME# supported from D0 D1 D2 D3hot D3cold
[    0.790466] pci 0000:00:14.0: [1022:780b] type 00 class 0x0c0500
[    0.790707] pci 0000:00:14.2: [1022:780d] type 00 class 0x040300
[    0.790707] pci 0000:00:14.2: reg 0x10: [mem 0xfeb60000-0xfeb63fff 64bit]
[    0.790707] pci 0000:00:14.2: PME# supported from D0 D3hot D3cold
[    0.790985] pci 0000:00:14.3: [1022:780e] type 00 class 0x060100
[    0.791331] pci 0000:00:14.7: [1022:7813] type 00 class 0x080501
[    0.791331] pci 0000:00:14.7: reg 0x10: [mem 0xfeb6a000-0xfeb6a0ff 64bit]
[    0.791607] pci 0000:00:18.0: [1022:1530] type 00 class 0x060000
[    0.791875] pci 0000:00:18.1: [1022:1531] type 00 class 0x060000
[    0.792100] pci 0000:00:18.2: [1022:1532] type 00 class 0x060000
[    0.792318] pci 0000:00:18.3: [1022:1533] type 00 class 0x060000
[    0.792536] pci 0000:00:18.4: [1022:1534] type 00 class 0x060000
[    0.792769] pci 0000:00:18.5: [1022:1535] type 00 class 0x060000
[    0.793208] pci 0000:01:00.0: [168c:0032] type 00 class 0x028000
[    0.793208] pci 0000:01:00.0: reg 0x10: [mem 0xfea00000-0xfea7ffff 64bit]
[    0.793208] pci 0000:01:00.0: reg 0x30: [mem 0xfea80000-0xfea8ffff pref]
[    0.793208] pci 0000:01:00.0: supports D1 D2
[    0.793208] pci 0000:01:00.0: PME# supported from D0 D1 D2 D3hot D3cold
[    0.793815] pci 0000:00:02.2: PCI bridge to [bus 01]
[    0.793815] pci 0000:00:02.2:   bridge window [mem 0xfea00000-0xfeafffff]
[    0.793818] pci 0000:02:00.0: [10ec:8136] type 00 class 0x020000
[    0.793818] pci 0000:02:00.0: reg 0x10: [io  0xe000-0xe0ff]
[    0.793818] pci 0000:02:00.0: reg 0x18: [mem 0xd0804000-0xd0804fff 64bit pref]
[    0.793818] pci 0000:02:00.0: reg 0x20: [mem 0xd0800000-0xd0803fff 64bit pref]
[    0.793818] pci 0000:02:00.0: supports D1 D2
[    0.793818] pci 0000:02:00.0: PME# supported from D0 D1 D2 D3hot D3cold
[    0.794627] pci 0000:00:02.3: PCI bridge to [bus 02]
[    0.794627] pci 0000:00:02.3:   bridge window [io  0xe000-0xefff]
[    0.794627] pci 0000:00:02.3:   bridge window [mem 0xd0800000-0xd08fffff 64bit pref]
[    0.815414] ACPI: PCI Interrupt Link [LNKA] (IRQs 4 7 10 11 14 15) *0
[    0.815661] ACPI: PCI Interrupt Link [LNKB] (IRQs 4 7 10 11 14 15) *0
[    0.815901] ACPI: PCI Interrupt Link [LNKC] (IRQs 4 7 10 11 14 15) *0
[    0.816137] ACPI: PCI Interrupt Link [LNKD] (IRQs 4 7 10 11 14 15) *0
[    0.816338] ACPI: PCI Interrupt Link [LNKE] (IRQs 4 7 10 11 14 15) *0
[    0.816504] ACPI: PCI Interrupt Link [LNKF] (IRQs 4 7 10 11 14 15) *0
[    0.816669] ACPI: PCI Interrupt Link [LNKG] (IRQs 4 7 10 11 14 15) *0
[    0.816833] ACPI: PCI Interrupt Link [LNKH] (IRQs 4 7 10 11 14 15) *0
[    0.818192] ACPI: EC: interrupt unblocked
[    0.818214] ACPI: EC: event unblocked
[    0.818232] ACPI: \_SB_.PCI0.SBRG.EC0_: GPE=0x3, EC_CMD/EC_SC=0x66, EC_DATA=0x62
[    0.818245] ACPI: \_SB_.PCI0.SBRG.EC0_: Boot DSDT EC used to handle transactions and events
[    0.818381] pci 0000:00:01.0: vgaarb: setting as boot VGA device
[    0.818381] pci 0000:00:01.0: vgaarb: VGA device added: decodes=io+mem,owns=io+mem,locks=none
[    0.818381] pci 0000:00:01.0: vgaarb: bridge control possible
[    0.818381] vgaarb: loaded
[    0.818381] SCSI subsystem initialized
[    0.819872] libata version 3.00 loaded.
[    0.819872] ACPI: bus type USB registered
[    0.819872] usbcore: registered new interface driver usbfs
[    0.819872] usbcore: registered new interface driver hub
[    0.820623] usbcore: registered new device driver usb
[    0.820623] pps_core: LinuxPPS API ver. 1 registered
[    0.820623] pps_core: Software ver. 5.3.6 - Copyright 2005-2007 Rodolfo Giometti <giometti@linux.it>
[    0.820623] PTP clock support registered
[    0.821175] EDAC MC: Ver: 3.0.0
[    0.821175] Registered efivars operations
[    0.822339] Advanced Linux Sound Architecture Driver Initialized.
[    0.822415] PCI: Using ACPI for IRQ routing
[    0.834902] PCI: pci_cache_line_size set to 64 bytes
[    0.834902] e820: reserve RAM buffer [mem 0x9d0f8000-0x9fffffff]
[    0.834902] e820: reserve RAM buffer [mem 0x9d371000-0x9fffffff]
[    0.834902] e820: reserve RAM buffer [mem 0x9e9cc000-0x9fffffff]
[    0.834902] e820: reserve RAM buffer [mem 0x9eb25000-0x9fffffff]
[    0.834902] e820: reserve RAM buffer [mem 0x9f081000-0x9fffffff]
[    0.834902] e820: reserve RAM buffer [mem 0x9f400000-0x9fffffff]
[    0.834902] e820: reserve RAM buffer [mem 0x13f000000-0x13fffffff]
[    0.835122] NetLabel: Initializing
[    0.835122] NetLabel:  domain hash size = 128
[    0.835122] NetLabel:  protocols = UNLABELED CIPSOv4 CALIPSO
[    0.835122] NetLabel:  unlabeled traffic allowed by default
[    0.835122] hpet0: at MMIO 0xfed00000, IRQs 2, 8, 0
[    0.835122] hpet0: 3 comparators, 32-bit 14.318180 MHz counter
[    0.844925] clocksource: Switched to clocksource tsc-early
[    0.896158] VFS: Disk quotas dquot_6.6.0
[    0.896225] VFS: Dquot-cache hash table entries: 512 (order 0, 4096 bytes)
[    0.896319] *** VALIDATE hugetlbfs ***
[    0.896433] pnp: PnP ACPI init
[    0.896948] system 00:00: [mem 0xe0000000-0xefffffff] has been reserved
[    0.897041] system 00:00: Plug and Play ACPI device, IDs PNP0c01 (active)
[    0.897305] system 00:01: [mem 0xa0000000-0xbfffffff] has been reserved
[    0.897380] system 00:01: Plug and Play ACPI device, IDs PNP0c02 (active)
[    0.897649] system 00:02: Plug and Play ACPI device, IDs PNP0c02 (active)
[    0.897793] pnp 00:03: Plug and Play ACPI device, IDs PNP0b00 (active)
[    0.898030] system 00:04: [io  0x04d0-0x04d1] has been reserved
[    0.898105] system 00:04: Plug and Play ACPI device, IDs PNP0c02 (active)
[    0.898371] pnp 00:05: Plug and Play ACPI device, IDs ETD0108 SYN0a00 SYN0002 PNP0f03 PNP0f13 PNP0f12 (active)
[    0.898566] pnp 00:06: Plug and Play ACPI device, IDs ATK3001 PNP030b (active)
[    0.899441] system 00:07: [io  0x04d0-0x04d1] has been reserved
[    0.899455] system 00:07: [io  0x040b] has been reserved
[    0.899467] system 00:07: [io  0x04d6] has been reserved
[    0.899478] system 00:07: [io  0x0c00-0x0c01] has been reserved
[    0.899490] system 00:07: [io  0x0c14] has been reserved
[    0.899501] system 00:07: [io  0x0c50-0x0c51] has been reserved
[    0.899512] system 00:07: [io  0x0c52] has been reserved
[    0.899522] system 00:07: [io  0x0c6c] has been reserved
[    0.899533] system 00:07: [io  0x0c6f] has been reserved
[    0.899544] system 00:07: [io  0x0cd0-0x0cd1] has been reserved
[    0.899555] system 00:07: [io  0x0cd2-0x0cd3] has been reserved
[    0.899566] system 00:07: [io  0x0cd4-0x0cd5] has been reserved
[    0.899577] system 00:07: [io  0x0cd6-0x0cd7] has been reserved
[    0.899588] system 00:07: [io  0x0cd8-0x0cdf] has been reserved
[    0.899599] system 00:07: [io  0x0800-0x089f] has been reserved
[    0.899610] system 00:07: [io  0x0900-0x090f] has been reserved
[    0.899621] system 00:07: [io  0x0910-0x091f] has been reserved
[    0.899633] system 00:07: [io  0xfe00-0xfefe] has been reserved
[    0.899652] system 00:07: [mem 0xfec00000-0xfec00fff] could not be reserved
[    0.899665] system 00:07: [mem 0xfee00000-0xfee00fff] has been reserved
[    0.899677] system 00:07: [mem 0xfed80000-0xfed8ffff] has been reserved
[    0.899688] system 00:07: [mem 0xfed61000-0xfed70fff] has been reserved
[    0.899700] system 00:07: [mem 0xfec10000-0xfec10fff] has been reserved
[    0.899712] system 00:07: [mem 0xfed00000-0xfed00fff] could not be reserved
[    0.899724] system 00:07: [mem 0xff000000-0xffffffff] has been reserved
[    0.899809] system 00:07: Plug and Play ACPI device, IDs PNP0c02 (active)
[    0.900671] pnp: PnP ACPI: found 8 devices
[    0.915756] clocksource: acpi_pm: mask: 0xffffff max_cycles: 0xffffff, max_idle_ns: 2085701024 ns
[    0.915821] pci 0000:00:02.2: PCI bridge to [bus 01]
[    0.915842] pci 0000:00:02.2:   bridge window [mem 0xfea00000-0xfeafffff]
[    0.915861] pci 0000:00:02.3: PCI bridge to [bus 02]
[    0.915873] pci 0000:00:02.3:   bridge window [io  0xe000-0xefff]
[    0.915890] pci 0000:00:02.3:   bridge window [mem 0xd0800000-0xd08fffff 64bit pref]
[    0.915914] pci_bus 0000:00: resource 4 [io  0x0000-0x03af window]
[    0.915925] pci_bus 0000:00: resource 5 [io  0x03e0-0x0cf7 window]
[    0.915935] pci_bus 0000:00: resource 6 [io  0x03b0-0x03df window]
[    0.915946] pci_bus 0000:00: resource 7 [io  0x0d00-0xffff window]
[    0.915956] pci_bus 0000:00: resource 8 [mem 0x000a0000-0x000bffff window]
[    0.915967] pci_bus 0000:00: resource 9 [mem 0x000c0000-0x000dffff window]
[    0.915978] pci_bus 0000:00: resource 10 [mem 0xc0000000-0xffffffff window]
[    0.915989] pci_bus 0000:01: resource 1 [mem 0xfea00000-0xfeafffff]
[    0.916001] pci_bus 0000:02: resource 0 [io  0xe000-0xefff]
[    0.916011] pci_bus 0000:02: resource 2 [mem 0xd0800000-0xd08fffff 64bit pref]
[    0.916279] NET: Registered protocol family 2
[    0.925020] tcp_listen_portaddr_hash hash table entries: 2048 (order: 3, 32768 bytes)
[    0.925092] TCP established hash table entries: 32768 (order: 6, 262144 bytes)
[    0.925305] TCP bind hash table entries: 32768 (order: 7, 524288 bytes)
[    0.925540] TCP: Hash tables configured (established 32768 bind 32768)
[    0.925705] UDP hash table entries: 2048 (order: 4, 65536 bytes)
[    0.925763] UDP-Lite hash table entries: 2048 (order: 4, 65536 bytes)
[    0.925939] NET: Registered protocol family 1
[    0.926322] RPC: Registered named UNIX socket transport module.
[    0.926333] RPC: Registered udp transport module.
[    0.926340] RPC: Registered tcp transport module.
[    0.926346] RPC: Registered tcp NFSv4.1 backchannel transport module.
[    0.926941] pci 0000:00:01.0: Video device with shadowed ROM at [mem 0x000c0000-0x000dffff]
[    0.927471] pci 0000:00:12.0: enabling device (0000 -> 0002)
[    0.928123] pci 0000:00:12.2: PME# does not work under D3, disabling it
[    0.928148] pci 0000:00:13.0: enabling device (0000 -> 0002)
[    0.928821] pci 0000:00:13.2: PME# does not work under D3, disabling it
[    0.928917] PCI: CLS 64 bytes, default 64
[    0.929064] PCI-DMA: Using software bounce buffering for IO (SWIOTLB)
[    0.929076] software IO TLB: mapped [mem 0x97989000-0x9b989000] (64MB)
[    0.929286] amd_uncore: AMD NB counters detected
[    0.929303] amd_uncore: AMD LLC counters detected
[    0.929418] LVT offset 0 assigned for vector 0x400
[    0.929504] perf: AMD IBS detected (0x000000ff)
[    0.929524] kvm: no hardware support
[    0.929630] kvm: Nested Virtualization enabled
[    0.929643] kvm: Nested Paging enabled
[    0.930557] check: Scanning for low memory corruption every 60 seconds
[    0.934113] Initialise system trusted keyrings
[    0.934433] workingset: timestamp_bits=56 max_order=20 bucket_order=0
[    0.949909] fuse: init (API version 7.31)
[    0.951457] Key type asymmetric registered
[    0.951470] Asymmetric key parser 'x509' registered
[    0.951540] Block layer SCSI generic (bsg) driver version 0.4 loaded (major 249)
[    0.951553] io scheduler mq-deadline registered
[    0.951562] io scheduler kyber registered
[    0.952233] pcieport 0000:00:02.2: PME: Signaling with IRQ 25
[    0.952672] pcieport 0000:00:02.3: PME: Signaling with IRQ 27
[    0.953814] uvesafb: failed to execute /sbin/v86d
[    0.953829] uvesafb: make sure that the v86d helper is installed and executable
[    0.953841] uvesafb: Getting VBE info block failed (eax=0x4f00, err=-2)
[    0.953850] uvesafb: vbe_init() failed with -22
[    0.953868] uvesafb: probe of uvesafb.0 failed with error -22
[    0.953950] efifb: probing for efifb
[    0.954001] efifb: framebuffer at 0xc0000000, using 4224k, total 4224k
[    0.954011] efifb: mode is 1366x768x32, linelength=5632, pages=1
[    0.954018] efifb: scrolling: redraw
[    0.954027] efifb: Truecolor: size=8:8:8:8, shift=24:16:8:0
[    0.964582] Console: switching to colour frame buffer device 170x48
[    0.974666] fb0: EFI VGA frame buffer device
[    0.985093] ACPI: AC Adapter [AC0] (on-line)
[    0.985501] input: Power Button as /devices/LNXSYSTM:00/LNXSYBUS:00/PNP0C0C:00/input/input0
[    0.985660] ACPI: Power Button [PWRB]
[    0.985960] input: Lid Switch as /devices/LNXSYSTM:00/LNXSYBUS:00/PNP0C0D:00/input/input1
[    0.986107] ACPI: Lid Switch [LID]
[    0.986376] input: Sleep Button as /devices/LNXSYSTM:00/LNXSYBUS:00/PNP0C0E:00/input/input2
[    0.986541] ACPI: Sleep Button [SLPB]
[    0.986812] input: Power Button as /devices/LNXSYSTM:00/LNXPWRBN:00/input/input3
[    0.986949] ACPI: Power Button [PWRF]
[    0.991538] thermal LNXTHERM:00: registered as thermal_zone0
[    0.991645] ACPI: Thermal Zone [THRM] (59 C)
[    0.993299] Serial: 8250/16550 driver, 4 ports, IRQ sharing enabled
[    0.999846] Non-volatile memory driver v1.3
[    1.000055] Linux agpgart interface v0.103
[    1.007681] loop: module loaded
[    1.008299] ahci 0000:00:11.0: version 3.0
[    1.009124] ahci 0000:00:11.0: AHCI 0001.0300 32 slots 2 ports 6 Gbps 0x3 impl SATA mode
[    1.009266] ahci 0000:00:11.0: flags: 64bit ncq sntf ilck pm led clo pmp pio slum part 
[    1.014077] scsi host0: ahci
[    1.017944] scsi host1: ahci
[    1.021357] ata1: SATA max UDMA/133 abar m1024@0xfeb6f000 port 0xfeb6f100 irq 28
[    1.024513] ata2: SATA max UDMA/133 abar m1024@0xfeb6f000 port 0xfeb6f180 irq 28
[    1.028196] tun: Universal TUN/TAP device driver, 1.6
[    1.031529] e1000: Intel(R) PRO/1000 Network Driver - version 7.3.21-k8-NAPI
[    1.034685] e1000: Copyright (c) 1999-2006 Intel Corporation.
[    1.038872] e1000e: Intel(R) PRO/1000 Network Driver - 3.2.6-k
[    1.041987] e1000e: Copyright(c) 1999 - 2015 Intel Corporation.
[    1.045202] sky2: driver version 1.30
[    1.048478] r8169 0000:02:00.0: can't disable ASPM; OS doesn't have ASPM control
[    1.053056] libphy: r8169: probed
[    1.056689] r8169 0000:02:00.0 eth0: RTL8105e, 74:d0:2b:a3:a6:42, XID 40a, IRQ 30
[    1.060254] ath9k 0000:01:00.0: enabling device (0000 -> 0002)
[    1.063797] ath: phy0: Disable PLL PowerSave
[    1.074545] ath: phy0: ASPM enabled: 0x42
[    1.077712] ath: EEPROM regdomain: 0x60
[    1.077714] ath: EEPROM indicates we should expect a direct regpair map
[    1.077719] ath: Country alpha2 being used: 00
[    1.077721] ath: Regpair used: 0x60
[    1.080516] ieee80211 phy0: Selected rate control algorithm 'minstrel_ht'
[    1.081231] ieee80211 phy0: Atheros AR9485 Rev:1 mem=0xffffbc2082e00000, irq=31
[    1.085161] ehci_hcd: USB 2.0 'Enhanced' Host Controller (EHCI) Driver
[    1.088422] ehci-pci: EHCI PCI platform driver
[    1.092285] ehci-pci 0000:00:12.2: EHCI Host Controller
[    1.095704] ehci-pci 0000:00:12.2: new USB bus registered, assigned bus number 1
[    1.099074] ehci-pci 0000:00:12.2: applying AMD SB700/SB800/Hudson-2/3 EHCI dummy qh workaround
[    1.102462] ehci-pci 0000:00:12.2: debug port 1
[    1.106373] ehci-pci 0000:00:12.2: irq 17, io mem 0xfeb6d000
[    1.138490] ehci-pci 0000:00:12.2: USB 2.0 started, EHCI 1.00
[    1.141812] usb usb1: New USB device found, idVendor=1d6b, idProduct=0002, bcdDevice= 5.02
[    1.145117] usb usb1: New USB device strings: Mfr=3, Product=2, SerialNumber=1
[    1.148373] usb usb1: Product: EHCI Host Controller
[    1.151581] usb usb1: Manufacturer: Linux 5.2.0-rc7+ ehci_hcd
[    1.154746] usb usb1: SerialNumber: 0000:00:12.2
[    1.159004] hub 1-0:1.0: USB hub found
[    1.163410] battery: ACPI: Battery Slot [BAT0] (battery present)
[    1.166570] hub 1-0:1.0: 4 ports detected
[    1.172227] ehci-pci 0000:00:13.2: EHCI Host Controller
[    1.175396] ehci-pci 0000:00:13.2: new USB bus registered, assigned bus number 2
[    1.178405] ehci-pci 0000:00:13.2: applying AMD SB700/SB800/Hudson-2/3 EHCI dummy qh workaround
[    1.181460] ehci-pci 0000:00:13.2: debug port 1
[    1.184648] ehci-pci 0000:00:13.2: irq 17, io mem 0xfeb6b000
[    1.218488] ehci-pci 0000:00:13.2: USB 2.0 started, EHCI 1.00
[    1.221549] usb usb2: New USB device found, idVendor=1d6b, idProduct=0002, bcdDevice= 5.02
[    1.224597] usb usb2: New USB device strings: Mfr=3, Product=2, SerialNumber=1
[    1.227606] usb usb2: Product: EHCI Host Controller
[    1.230588] usb usb2: Manufacturer: Linux 5.2.0-rc7+ ehci_hcd
[    1.233538] usb usb2: SerialNumber: 0000:00:13.2
[    1.236930] hub 2-0:1.0: USB hub found
[    1.239890] hub 2-0:1.0: 4 ports detected
[    1.245211] ohci_hcd: USB 1.1 'Open' Host Controller (OHCI) Driver
[    1.248236] ohci-pci: OHCI PCI platform driver
[    1.251459] ohci-pci 0000:00:12.0: OHCI PCI host controller
[    1.254607] ohci-pci 0000:00:12.0: new USB bus registered, assigned bus number 3
[    1.257630] ohci-pci 0000:00:12.0: irq 18, io mem 0xfeb6e000
[    1.332604] usb usb3: New USB device found, idVendor=1d6b, idProduct=0001, bcdDevice= 5.02
[    1.335590] usb usb3: New USB device strings: Mfr=3, Product=2, SerialNumber=1
[    1.338557] usb usb3: Product: OHCI PCI host controller
[    1.341465] usb usb3: Manufacturer: Linux 5.2.0-rc7+ ohci_hcd
[    1.344347] usb usb3: SerialNumber: 0000:00:12.0
[    1.347610] hub 3-0:1.0: USB hub found
[    1.350456] hub 3-0:1.0: 4 ports detected
[    1.355810] ohci-pci 0000:00:13.0: OHCI PCI host controller
[    1.358701] ata2: SATA link down (SStatus 0 SControl 300)
[    1.361802] ohci-pci 0000:00:13.0: new USB bus registered, assigned bus number 4
[    1.364688] ohci-pci 0000:00:13.0: irq 18, io mem 0xfeb6c000
[    1.442590] usb usb4: New USB device found, idVendor=1d6b, idProduct=0001, bcdDevice= 5.02
[    1.445495] usb usb4: New USB device strings: Mfr=3, Product=2, SerialNumber=1
[    1.448370] usb usb4: Product: OHCI PCI host controller
[    1.451223] usb usb4: Manufacturer: Linux 5.2.0-rc7+ ohci_hcd
[    1.454089] usb usb4: SerialNumber: 0000:00:13.0
[    1.457351] hub 4-0:1.0: USB hub found
[    1.460177] hub 4-0:1.0: 4 ports detected
[    1.465297] uhci_hcd: USB Universal Host Controller Interface driver
[    1.468340] usbcore: registered new interface driver usblp
[    1.471496] usbcore: registered new interface driver usb-storage
[    1.474460] usbcore: registered new interface driver ch341
[    1.477301] usbserial: USB Serial support registered for ch341-uart
[    1.480369] i8042: PNP: PS/2 Controller [PNP030b:PS2K,PNP0f03:PS2M] at 0x60,0x64 irq 1,12
[    1.484998] i8042: Detected active multiplexing controller, rev 1.1
[    1.488628] serio: i8042 KBD port at 0x60,0x64 irq 1
[    1.491441] serio: i8042 AUX0 port at 0x60,0x64 irq 12
[    1.494333] serio: i8042 AUX1 port at 0x60,0x64 irq 12
[    1.497156] serio: i8042 AUX2 port at 0x60,0x64 irq 12
[    1.500035] serio: i8042 AUX3 port at 0x60,0x64 irq 12
[    1.503328] mousedev: PS/2 mouse device common for all mice
[    1.506992] rtc_cmos 00:03: RTC can wake from S4
[    1.510033] rtc_cmos 00:03: registered as rtc0
[    1.512675] rtc_cmos 00:03: alarms up to one month, y3k, 114 bytes nvram, hpet irqs
[    1.515970] device-mapper: ioctl: 4.40.0-ioctl (2019-01-18) initialised: dm-devel@redhat.com
[    1.518929] EFI Variables Facility v0.08 2004-May-17
[    1.531807] hidraw: raw HID events driver (C) Jiri Kosina
[    1.538045] usbcore: registered new interface driver usbhid
[    1.540831] usbhid: USB HID core driver
[    1.547848] input: AT Translated Set 2 keyboard as /devices/platform/i8042/serio0/input/input4
[    1.550870] ata1: SATA link up 6.0 Gbps (SStatus 133 SControl 300)
[    1.557752] snd_hda_intel 0000:00:01.1: enabling device (0000 -> 0002)
[    1.560753] ata1.00: ATA-8: KINGSTON SV300S37A120G, 603ABBF0, max UDMA/133
[    1.561861] snd_hda_intel 0000:00:01.1: Force to non-snoop mode
[    1.563598] ata1.00: 234441648 sectors, multi 1: LBA48 NCQ (depth 32), AA
[    1.573425] Initializing XFRM netlink socket
[    1.577419] NET: Registered protocol family 10
[    1.577851] ata1.00: configured for UDMA/133
[    1.581297] Segment Routing with IPv6
[    1.586368] scsi 0:0:0:0: Direct-Access     ATA      KINGSTON SV300S3 BBF0 PQ: 0 ANSI: 5
[    1.590035] snd_hda_codec_generic hdaudioC0D0: autoconfig for Generic: line_outs=0 (0x0/0x0/0x0/0x0/0x0) type:line
[    1.593054] snd_hda_codec_generic hdaudioC0D0:    speaker_outs=0 (0x0/0x0/0x0/0x0/0x0)
[    1.596029] snd_hda_codec_generic hdaudioC0D0:    hp_outs=0 (0x0/0x0/0x0/0x0/0x0)
[    1.599003] snd_hda_codec_generic hdaudioC0D0:    mono: mono_out=0x0
[    1.601884] snd_hda_codec_generic hdaudioC0D0:    dig-out=0x3/0x0
[    1.604721] snd_hda_codec_generic hdaudioC0D0:    inputs:
[    1.608249] sd 0:0:0:0: [sda] 234441648 512-byte logical blocks: (120 GB/112 GiB)
[    1.611157] sd 0:0:0:0: [sda] Write Protect is off
[    1.613986] sd 0:0:0:0: [sda] Mode Sense: 00 3a 00 00
[    1.614433] sd 0:0:0:0: Attached scsi generic sg0 type 0
[    1.617636] sit: IPv6, IPv4 and MPLS over IPv4 tunneling driver
[    1.620884] sd 0:0:0:0: [sda] Write cache: enabled, read cache: enabled, doesn't support DPO or FUA
[    1.624306] NET: Registered protocol family 17
[    1.628213] random: fast init done
[    1.634918] rq->curr == THREAD(this messg)
[    1.634921] state TASK_RUNNING
[    1.635093] input: HDA ATI HDMI HDMI as /devices/pci0000:00/0000:00:01.1/sound/card0/input6
[    1.637927] color, tsk->comm, weight, vruntime, state: -103871736291560 ksoftirqd/0 1048576 955480094 0
[    1.637931] color, tsk->comm, weight, vruntime, state: -103871736305383 kworker/u8:3 1048576 962992197 0
[    1.642088] mce: Using 6 MCE banks
[    1.643869] color, tsk->comm, weight, vruntime, state: -103871736291560 kworker/u8:3 1048576 963083604 0
[    1.643872] color, tsk->comm, weight, vruntime, state: 1 kworker/u8:3 1048576 963148895 0
[    1.656166] microcode: CPU0: patch_level=0x0700010b
[    1.656178] microcode: CPU1: patch_level=0x0700010b
[    1.656305] microcode: Microcode Update Driver: v2.2.
[    1.656342] sched_clock: Marking stable (1653227272, 1662665)->(1774909035, -120019098)
[    1.659428] color, tsk->comm, weight, vruntime, state: -103871736305383 kworker/u8:3 1048576 963244488 0
[    1.659429] proc in rq 5
[    1.665372] registered taskstats version 1
[    1.665939] rq->nr_running rq->cfs.nr_running : 6 6
[    1.669124] Loading compiled-in X.509 certificates
[    1.688918] rq->load.weight, rq->cfs.load.weight : 6291456 6291456
[    1.688920] ----------------^^^^CPU0^^^^^-----------------------
[    1.692200] rq->curr->pid == 1459
[    1.692211] snd_hda_codec_realtek hdaudioC1D0: autoconfig for ALC3229: line_outs=1 (0x14/0x0/0x0/0x0/0x0) type:speaker
[    1.695435] state TASK_RUNNING
[    1.695441] color, tsk->comm, weight, vruntime, state: 1 kworker/1:2 1048576 832394081 0
[    1.695444] color, tsk->comm, weight, vruntime, state: -103871743533288 rcu_sched 1048576 832394081 0
[    1.695446] proc in rq 2
[    1.695448] rq->nr_running rq->cfs.nr_running : 3 3
[    1.695449] rq->load.weight, rq->cfs.load.weight : 3145728 3145728
[    1.695451] ----------------^^^^CPU1^^^^^-----------------------
[    1.695452] rq->curr->pid == 0
[    1.695454] state TASK_RUNNING
[    1.695455] proc in rq 0
[    1.695457] rq->nr_running rq->cfs.nr_running : 0 0
[    1.695458] rq->load.weight, rq->cfs.load.weight : 0 0
[    1.695462] ----------------^^^^CPU2^^^^^-----------------------
[    1.698622] snd_hda_codec_realtek hdaudioC1D0:    speaker_outs=0 (0x0/0x0/0x0/0x0/0x0)
[    1.701931] rq->curr->pid == 0
[    1.701932] state TASK_RUNNING
[    1.705197] snd_hda_codec_realtek hdaudioC1D0:    hp_outs=1 (0x21/0x0/0x0/0x0/0x0)
[    1.708529] proc in rq 0
[    1.708531] rq->nr_running rq->cfs.nr_running : 0 0
[    1.711862] snd_hda_codec_realtek hdaudioC1D0:    mono: mono_out=0x0
[    1.715132] rq->load.weight, rq->cfs.load.weight : 0 0
[    1.715134] ----------------^^^^CPU3^^^^^-----------------------
[    1.718431] snd_hda_codec_realtek hdaudioC1D0:    inputs:
[    1.723844]  sda: sda1 sda2 sda3 sda4 sda5 sda6
[    1.725140] snd_hda_codec_realtek hdaudioC1D0:      Mic=0x19
[    1.785944] sd 0:0:0:0: [sda] Attached SCSI disk
[    1.803524] input: HD-Audio Generic Headphone as /devices/pci0000:00/0000:00:14.2/sound/card1/input14
[    1.808133] acpi_cpufreq: overriding BIOS provided _PSD data
[    1.811667] cfg80211: Loading compiled-in X.509 certificates for regulatory database
[    1.816662] cfg80211: Loaded X.509 cert 'sforshee: 00b28ddf47aef9cea7'
[    1.819894] ALSA device list:
[    1.823133]   #0: HDA ATI HDMI at 0xfeb64000 irq 33
[    1.826482] platform regulatory.0: Direct firmware load for regulatory.db failed with error -2
[    1.829828] cfg80211: failed to load regulatory.db
[    1.833250]   #1: HD-Audio Generic at 0xfeb60000 irq 16
[    2.004905] tsc: Refined TSC clocksource calibration: 998.127 MHz
[    2.008196] clocksource: tsc: mask: 0xffffffffffffffff max_cycles: 0x1cc65b93289, max_idle_ns: 881590487074 ns
[    2.014944] clocksource: Switched to clocksource tsc
[    2.024983] usb 4-2: new full-speed USB device number 2 using ohci-pci
[    2.297542] usb 4-2: New USB device found, idVendor=13d3, idProduct=3362, bcdDevice= 0.01
[    2.301008] usb 4-2: New USB device strings: Mfr=1, Product=2, SerialNumber=3
[    2.304445] usb 4-2: Product: Bluetooth USB Host Controller
[    2.307816] usb 4-2: Manufacturer: Atheros Communications
[    2.311092] usb 4-2: SerialNumber: Alaska Day 2006
[    2.438091] input: PS/2 Logitech Wheel Mouse as /devices/platform/i8042/serio4/input/input13
[    2.444238] md: Waiting for all devices to be available before autodetect
[    2.447549] md: If you don't use raid, use raid=noautodetect
[    2.451333] md: Autodetecting RAID arrays.
[    2.454612] md: autorun ...
[    2.457846] md: ... autorun DONE.
[    2.463581] EXT4-fs (sda2): INFO: recovery required on readonly filesystem
[    2.466901] EXT4-fs (sda2): write access will be enabled during recovery
[    2.472227] EXT4-fs (sda2): recovery complete
[    2.476517] EXT4-fs (sda2): mounted filesystem with ordered data mode. Opts: (null)
[    2.479934] VFS: Mounted root (ext4 filesystem) readonly on device 8:2.
[    2.484490] devtmpfs: mounted
[    2.488664] Freeing unused kernel image memory: 1296K
[    2.574948] usb 2-3: new high-speed USB device number 3 using ehci-pci
[    2.644923] rq->curr == THREAD(this messg)
[    2.644925] state TASK_RUNNING
[    2.648247] proc in rq 0
[    2.651499] rq->nr_running rq->cfs.nr_running : 1 1
[    2.657971] rq->load.weight, rq->cfs.load.weight : 1048576 1048576
[    2.657973] ----------------^^^^CPU0^^^^^-----------------------
[    2.661223] rq->curr->pid == 0
[    2.664471] state TASK_RUNNING
[    2.665002] Write protecting the kernel read-only data: 22528k
[    2.667687] proc in rq 0
[    2.667689] rq->nr_running rq->cfs.nr_running : 1 1
[    2.680422] rq->load.weight, rq->cfs.load.weight : 1048576 1048576
[    2.680424] ----------------^^^^CPU1^^^^^-----------------------
[    2.683546] rq->curr->pid == 0
[    2.686650] state TASK_RUNNING
[    2.687804] Freeing unused kernel image memory: 1984K
[    2.689757] proc in rq 0
[    2.689760] rq->nr_running rq->cfs.nr_running : 0 0
[    2.699768] Freeing unused kernel image memory: 1688K
[    2.701746] rq->load.weight, rq->cfs.load.weight : 0 0
[    2.701748] ----------------^^^^CPU2^^^^^-----------------------
[    2.704692] Run /sbin/init as init process
[    2.707614] rq->curr->pid == 0
[    2.707616] state TASK_RUNNING
[    2.707618] proc in rq 0
[    2.707620] rq->nr_running rq->cfs.nr_running : 0 0
[    2.707621] rq->load.weight, rq->cfs.load.weight : 0 0
[    2.707623] ----------------^^^^CPU3^^^^^-----------------------
[    2.779589] stty (1759) used greatest stack depth: 13792 bytes left
[    2.807821] usb 2-3: New USB device found, idVendor=04f2, idProduct=b404, bcdDevice=69.63
[    2.810543] usb 2-3: New USB device strings: Mfr=3, Product=1, SerialNumber=2
[    2.813229] usb 2-3: Product: USB2.0 HD UVC WebCam
[    2.815940] usb 2-3: Manufacturer: Chicony Electronics Co.,Ltd.
[    2.818678] usb 2-3: SerialNumber: 0x0001
[    2.821570] dmesg (1760) used greatest stack depth: 13736 bytes left
[    2.889846] sed (1777) used greatest stack depth: 13592 bytes left
[    3.056190] ip (1821) used greatest stack depth: 12552 bytes left
[    3.144424] udevd[1851]: starting version 3.2.1
[    3.152869] random: udevd: uninitialized urandom read (16 bytes read)
[    3.156505] random: udevd: uninitialized urandom read (16 bytes read)
[    3.159954] random: udevd: uninitialized urandom read (16 bytes read)
[    3.185448] udevd[1852]: starting eudev-3.2.1
[    3.519864] ath9k 0000:01:00.0 wlp1s0: renamed from wlan0
[    3.562335] r8169 0000:02:00.0 enp2s0: renamed from eth0
[    3.636858] rq->curr->pid == 2008
[    3.636861] state TASK_RUNNING
[    3.640013] color, tsk->comm, weight, vruntime, state: -103871736643431 udevd 1048576 2588463570 0
[    3.643142] color, tsk->comm, weight, vruntime, state: -103871745884007 udevd 1048576 2589102450 1
[    3.646436] color, tsk->comm, weight, vruntime, state: -103871755671271 udevd 1048576 2589016165 0
[    3.649618] proc in rq 3
[    3.652810] rq->nr_running rq->cfs.nr_running : 4 4
[    3.659046] rq->load.weight, rq->cfs.load.weight : 4194304 4194304
[    3.659049] ----------------^^^^CPU0^^^^^-----------------------
[    3.662219] rq->curr == THREAD(this messg)
[    3.665445] state TASK_RUNNING
[    3.668621] color, tsk->comm, weight, vruntime, state: -103871729505127 rcu_sched 1048576 2119696247 0
[    3.671782] color, tsk->comm, weight, vruntime, state: -103871743267688 ksoftirqd/1 1048576 2119696247 0
[    3.675080] color, tsk->comm, weight, vruntime, state: -103871743278056 udevd 1048576 2119696247 0
[    3.678382] color, tsk->comm, weight, vruntime, state: -103871729505127 udevd 1048576 2122916928 0
[    3.681661] color, tsk->comm, weight, vruntime, state: 1 udevd 1048576 2125696247 0
[    3.684927] color, tsk->comm, weight, vruntime, state: -103871743267687 udevd 1048576 2127196244 0
[    3.688133] proc in rq 6
[    3.691362] rq->nr_running rq->cfs.nr_running : 7 7
[    3.697856] rq->load.weight, rq->cfs.load.weight : 7340032 7340032
[    3.697858] ----------------^^^^CPU1^^^^^-----------------------
[    3.701173] rq->curr->pid == 0
[    3.704526] state TASK_RUNNING
[    3.707840] proc in rq 0
[    3.711093] rq->nr_running rq->cfs.nr_running : 0 0
[    3.717524] rq->load.weight, rq->cfs.load.weight : 0 0
[    3.717527] ----------------^^^^CPU2^^^^^-----------------------
[    3.720709] rq->curr->pid == 0
[    3.723882] state TASK_RUNNING
[    3.727037] proc in rq 0
[    3.730159] rq->nr_running rq->cfs.nr_running : 0 0
[    3.736244] rq->load.weight, rq->cfs.load.weight : 0 0
[    3.736246] ----------------^^^^CPU3^^^^^-----------------------
[    3.745837] [drm] radeon kernel modesetting enabled.
[    3.751326] radeon 0000:00:01.0: remove_conflicting_pci_framebuffers: bar 0: 0xc0000000 -> 0xcfffffff
[    3.754111] radeon 0000:00:01.0: remove_conflicting_pci_framebuffers: bar 2: 0xd0000000 -> 0xd07fffff
[    3.756833] radeon 0000:00:01.0: remove_conflicting_pci_framebuffers: bar 5: 0xfeb00000 -> 0xfeb3ffff
[    3.833520] checking generic (c0000000 420000) vs hw (c0000000 10000000)
[    3.833526] fb0: switching to radeondrmfb from EFI VGA
[    3.847245] Console: switching to colour dummy device 80x25
[    3.848992] radeon 0000:00:01.0: vgaarb: deactivate vga console
[    3.850542] [drm] initializing kernel modesetting (KABINI 0x1002:0x9839 0x1043:0x141D 0x00).
[    3.850609] [drm] doorbell mmio base: 0xD0000000
[    3.850617] [drm] doorbell mmio size: 8388608
[    3.850647] ATOM BIOS: AMD
[    3.850719] [drm] Changing default dispclk from 400Mhz to 600Mhz
[    3.850755] radeon 0000:00:01.0: VRAM: 512M 0x0000000000000000 - 0x000000001FFFFFFF (512M used)
[    3.850770] radeon 0000:00:01.0: GTT: 2048M 0x0000000020000000 - 0x000000009FFFFFFF
[    3.850792] [drm] Detected VRAM RAM=512M, BAR=256M
[    3.850800] [drm] RAM width 128bits DDR
[    3.858904] [TTM] Zone  kernel: Available graphics memory: 1729510 KiB
[    3.858922] [TTM] Initializing pool allocator
[    3.858941] [TTM] Initializing DMA pool allocator
[    3.859032] [drm] radeon: 512M of VRAM memory ready
[    3.859043] [drm] radeon: 2048M of GTT memory ready.
[    3.859081] [drm] Loading kabini Microcode
[    3.872033] [drm] Internal thermal controller without fan control
[    3.873209] [drm] radeon: dpm initialized
[    3.874418] [drm] Found UVD firmware Version: 1.64 Family ID: 9
[    3.879324] [drm] Found VCE firmware/feedback version 40.2.2 / 15!
[    3.879362] [drm] GART: num cpu pages 524288, num gpu pages 524288
[    3.950271] [drm] PCIE GART of 2048M enabled (table at 0x000000000030E000).
[    3.950547] radeon 0000:00:01.0: WB enabled
[    3.950593] radeon 0000:00:01.0: fence driver on ring 0 use gpu addr 0x0000000020000c00 and cpu addr 0x(____ptrval____)
[    3.950611] radeon 0000:00:01.0: fence driver on ring 1 use gpu addr 0x0000000020000c04 and cpu addr 0x(____ptrval____)
[    3.950626] radeon 0000:00:01.0: fence driver on ring 2 use gpu addr 0x0000000020000c08 and cpu addr 0x(____ptrval____)
[    3.950641] radeon 0000:00:01.0: fence driver on ring 3 use gpu addr 0x0000000020000c0c and cpu addr 0x(____ptrval____)
[    3.950658] radeon 0000:00:01.0: fence driver on ring 4 use gpu addr 0x0000000020000c10 and cpu addr 0x(____ptrval____)
[    3.951590] radeon 0000:00:01.0: fence driver on ring 5 use gpu addr 0x0000000000078d30 and cpu addr 0x(____ptrval____)
[    3.952531] radeon 0000:00:01.0: fence driver on ring 6 use gpu addr 0x0000000020000c18 and cpu addr 0x(____ptrval____)
[    3.952550] radeon 0000:00:01.0: fence driver on ring 7 use gpu addr 0x0000000020000c1c and cpu addr 0x(____ptrval____)
[    3.952565] [drm] Supports vblank timestamp caching Rev 2 (21.10.2013).
[    3.952572] [drm] Driver supports precise vblank timestamp query.
[    3.952683] radeon 0000:00:01.0: radeon: using MSI.
[    3.952743] [drm] radeon: irq initialized.
[    3.956799] [drm] ring test on 0 succeeded in 3 usecs
[    3.956915] [drm] ring test on 1 succeeded in 4 usecs
[    3.956954] [drm] ring test on 2 succeeded in 4 usecs
[    3.957275] [drm] ring test on 3 succeeded in 6 usecs
[    3.957294] [drm] ring test on 4 succeeded in 6 usecs
[    4.009937] [drm] ring test on 5 succeeded in 2 usecs
[    4.078799] [drm] UVD initialized successfully.
[    4.241861] [drm] ring test on 6 succeeded in 20 usecs
[    4.241894] [drm] ring test on 7 succeeded in 3 usecs
[    4.241901] [drm] VCE initialized successfully.
[    4.243756] [drm] ib test on ring 0 succeeded in 0 usecs
[    4.244051] [drm] ib test on ring 1 succeeded in 0 usecs
[    4.244338] [drm] ib test on ring 2 succeeded in 0 usecs
[    4.244632] [drm] ib test on ring 3 succeeded in 0 usecs
[    4.244951] [drm] ib test on ring 4 succeeded in 0 usecs
[    4.644916] rq->curr == idle (init_task)
[    4.644919] state TASK_RUNNING
[    4.644940] color, tsk->comm, weight, vruntime, state: -103871729532776 kworker/0:0 1048576 2835955855 0
[    4.644949] color, tsk->comm, weight, vruntime, state: 1 rcu_sched 1048576 2836193992 0
[    4.644960] proc in rq 2
[    4.644970] rq->nr_running rq->cfs.nr_running : 2 2
[    4.644981] rq->load.weight, rq->cfs.load.weight : 2097152 2097152
[    4.644983] ----------------^^^^CPU0^^^^^-----------------------
[    4.644989] rq->curr == THREAD(this messg)
[    4.644996] state TASK_RUNNING
[    4.645002] proc in rq 0
[    4.645008] rq->nr_running rq->cfs.nr_running : 1 1
[    4.645019] rq->load.weight, rq->cfs.load.weight : 1048576 1048576
[    4.645020] ----------------^^^^CPU1^^^^^-----------------------
[    4.645027] rq->curr->pid == 0
[    4.645034] state TASK_RUNNING
[    4.645040] proc in rq 0
[    4.645046] rq->nr_running rq->cfs.nr_running : 0 0
[    4.645056] rq->load.weight, rq->cfs.load.weight : 0 0
[    4.645057] ----------------^^^^CPU2^^^^^-----------------------
[    4.645064] rq->curr->pid == 0
[    4.645071] state TASK_RUNNING
[    4.645076] proc in rq 0
[    4.645082] rq->nr_running rq->cfs.nr_running : 0 0
[    4.645092] rq->load.weight, rq->cfs.load.weight : 0 0
[    4.645093] ----------------^^^^CPU3^^^^^-----------------------
[    4.775090] [drm] ib test on ring 5 succeeded
[    4.796302] [drm] ib test on ring 6 succeeded
[    4.797279] [drm] ib test on ring 7 succeeded
[    4.844953] [drm] radeon atom DIG backlight initialized
[    4.844975] [drm] Radeon Display Connectors
[    4.844982] [drm] Connector 0:
[    4.844988] [drm]   LVDS-1
[    4.844993] [drm]   HPD1
[    4.845002] [drm]   DDC: 0x6530 0x6530 0x6534 0x6534 0x6538 0x6538 0x653c 0x653c
[    4.845011] [drm]   Encoders:
[    4.845017] [drm]     LCD1: INTERNAL_UNIPHY
[    4.845024] [drm] Connector 1:
[    4.845030] [drm]   HDMI-A-1
[    4.845035] [drm]   HPD2
[    4.845042] [drm]   DDC: 0x6540 0x6540 0x6544 0x6544 0x6548 0x6548 0x654c 0x654c
[    4.845050] [drm]   Encoders:
[    4.845056] [drm]     DFP1: INTERNAL_UNIPHY
[    4.845062] [drm] Connector 2:
[    4.845068] [drm]   VGA-1
[    4.845075] [drm]   DDC: 0x65c0 0x65c0 0x65c4 0x65c4 0x65c8 0x65c8 0x65cc 0x65cc
[    4.845084] [drm]   Encoders:
[    4.845090] [drm]     CRT1: INTERNAL_KLDSCP_DAC1
[    5.684906] rq->curr == idle (init_task)
[    5.684909] state TASK_RUNNING
[    5.684922] proc in rq 0
[    5.684929] rq->nr_running rq->cfs.nr_running : 0 0
[    5.684939] rq->load.weight, rq->cfs.load.weight : 0 0
[    5.684941] ----------------^^^^CPU0^^^^^-----------------------
[    5.684948] rq->curr == THREAD(this messg)
[    5.684954] state TASK_RUNNING
[    5.684960] proc in rq 0
[    5.684966] rq->nr_running rq->cfs.nr_running : 1 1
[    5.684976] rq->load.weight, rq->cfs.load.weight : 1048576 1048576
[    5.684978] ----------------^^^^CPU1^^^^^-----------------------
[    5.684985] rq->curr->pid == 0
[    5.684992] state TASK_RUNNING
[    5.684997] proc in rq 0
[    5.685003] rq->nr_running rq->cfs.nr_running : 0 0
[    5.685012] rq->load.weight, rq->cfs.load.weight : 0 0
[    5.685014] ----------------^^^^CPU2^^^^^-----------------------
[    5.685021] rq->curr->pid == 0
[    5.685027] state TASK_RUNNING
[    5.685032] proc in rq 0
[    5.685038] rq->nr_running rq->cfs.nr_running : 0 0
[    5.685048] rq->load.weight, rq->cfs.load.weight : 0 0
[    5.685049] ----------------^^^^CPU3^^^^^-----------------------
[    5.927070] [drm] fb mappable at 0xC0722000
[    5.927086] [drm] vram apper at 0xC0000000
[    5.927093] [drm] size 4325376
[    5.927098] [drm] fb depth is 24
[    5.927104] [drm]    pitch is 5632
[    5.927427] fbcon: radeondrmfb (fb0) is primary device
[    6.035169] Console: switching to colour frame buffer device 170x48
[    6.045505] radeon 0000:00:01.0: fb0: radeondrmfb frame buffer device
[    6.234045] [drm] Initialized radeon 2.50.0 20080528 for 0000:00:01.0 on minor 0
[    6.318482] Adding 3608572k swap on /dev/sda4.  Priority:1 extents:1 across:3608572k SS
[    6.372427] EXT4-fs (sda2): re-mounted. Opts: (null)
[    6.481582] EXT4-fs (sda2): re-mounted. Opts: (null)
[    6.644960] rq->curr->pid == 5
[    6.644963] state TASK_RUNNING
[    6.645036] proc in rq 0
[    6.645088] rq->nr_running rq->cfs.nr_running : 1 1
[    6.645208] rq->load.weight, rq->cfs.load.weight : 1048576 1048576
[    6.645209] ----------------^^^^CPU0^^^^^-----------------------
[    6.645305] rq->curr == THREAD(this messg)
[    6.645399] state TASK_RUNNING
[    6.645465] proc in rq 0
[    6.645518] rq->nr_running rq->cfs.nr_running : 1 1
[    6.652181] rq->load.weight, rq->cfs.load.weight : 1048576 1048576
[    6.652184] ----------------^^^^CPU1^^^^^-----------------------
[    6.652187] rq->curr->pid == 0
[    6.652189] state TASK_RUNNING
[    6.652190] proc in rq 0
[    6.652192] rq->nr_running rq->cfs.nr_running : 0 0
[    6.652194] rq->load.weight, rq->cfs.load.weight : 0 0
[    6.652195] ----------------^^^^CPU2^^^^^-----------------------
[    6.652197] rq->curr->pid == 0
[    6.652198] state TASK_RUNNING
[    6.652200] proc in rq 0
[    6.652202] rq->nr_running rq->cfs.nr_running : 0 0
[    6.652203] rq->load.weight, rq->cfs.load.weight : 0 0
[    6.652204] ----------------^^^^CPU3^^^^^-----------------------
[    7.634917] rq->curr->pid == 3452
[    7.638456] state TASK_RUNNING
[    7.642013] proc in rq 0
[    7.645607] rq->nr_running rq->cfs.nr_running : 1 1
[    7.652766] rq->load.weight, rq->cfs.load.weight : 1048576 1048576
[    7.652767] ----------------^^^^CPU0^^^^^-----------------------
[    7.656384] rq->curr == THREAD(this messg)
[    7.659983] state TASK_RUNNING
[    7.663534] color, tsk->comm, weight, vruntime, state: 1 rcu_sched 1048576 5921263903 0
[    7.666963] proc in rq 1
[    7.670384] rq->nr_running rq->cfs.nr_running : 2 2
[    7.676856] rq->load.weight, rq->cfs.load.weight : 2097152 2097152
[    7.676858] ----------------^^^^CPU1^^^^^-----------------------
[    7.680009] rq->curr->pid == 0
[    7.683090] state TASK_RUNNING
[    7.686179] proc in rq 0
[    7.689154] rq->nr_running rq->cfs.nr_running : 0 0
[    7.694923] rq->load.weight, rq->cfs.load.weight : 0 0
[    7.694925] ----------------^^^^CPU2^^^^^-----------------------
[    7.697848] rq->curr->pid == 0
[    7.700793] state TASK_RUNNING
[    7.703739] proc in rq 0
[    7.706699] rq->nr_running rq->cfs.nr_running : 0 0
[    7.712558] rq->load.weight, rq->cfs.load.weight : 0 0
[    7.712560] ----------------^^^^CPU3^^^^^-----------------------
[    8.517172] urandom_read: 6 callbacks suppressed
[    8.517178] random: wpa_supplicant: uninitialized urandom read (32 bytes read)
[    8.644952] rq->curr->pid == 4310
[    8.644955] state TASK_RUNNING
[    8.648109] color, tsk->comm, weight, vruntime, state: -103871742170855 syslogd 1048576 5757027141 0
[    8.651265] color, tsk->comm, weight, vruntime, state: -103871742163943 syslogd 1048576 5757713387 0
[    8.654574] color, tsk->comm, weight, vruntime, state: -103871743529832 syslogd 1048576 5759361543 0
[    8.657869] proc in rq 3
[    8.661070] rq->nr_running rq->cfs.nr_running : 4 4
[    8.667516] rq->load.weight, rq->cfs.load.weight : 4194304 4194304
[    8.667520] ----------------^^^^CPU0^^^^^-----------------------
[    8.670795] rq->curr == THREAD(this messg)
[    8.674073] state TASK_RUNNING
[    8.677432] color, tsk->comm, weight, vruntime, state: -103871735993191 kworker/u8:2 1048576 6573186240 0
[    8.680703] color, tsk->comm, weight, vruntime, state: -103871743536744 kworker/1:0 1048576 6573186240 0
[    8.684137] color, tsk->comm, weight, vruntime, state: -103871744628456 syslogd 1048576 6579186240 0
[    8.687573] color, tsk->comm, weight, vruntime, state: -103871735993191 syslogd 1048576 6579186240 0
[    8.690989] color, tsk->comm, weight, vruntime, state: -103871822897383 syslogd 1048576 6579186241 0
[    8.694509] color, tsk->comm, weight, vruntime, state: -103871736010472 syslogd 1048576 6579186241 0
[    8.697859] color, tsk->comm, weight, vruntime, state: -103871744628455 syslogd 1048576 6579400527 0
[    8.701050] color, tsk->comm, weight, vruntime, state: -103871821655655 syslogd 1048576 5775825741 128
[    8.704230] color, tsk->comm, weight, vruntime, state: 1 syslogd 1048576 6579686241 0
[    8.707464] color, tsk->comm, weight, vruntime, state: -103871755678183 syslogd 1048576 6579703665 0
[    8.710667] color, tsk->comm, weight, vruntime, state: -103871821659111 syslogd 1048576 5776337221 128
[    8.713886] color, tsk->comm, weight, vruntime, state: -103871734856680 syslogd 1048576 6580686235 0
[    8.717051] color, tsk->comm, weight, vruntime, state: -103871736020839 syslogd 1048576 6580686238 0
[    8.720156] color, tsk->comm, weight, vruntime, state: -103871821669479 syslogd 1048576 6580686239 0
[    8.723277] color, tsk->comm, weight, vruntime, state: -103871821145191 syslogd 1048576 5776925863 128
[    8.726363] color, tsk->comm, weight, vruntime, state: -103871821669479 syslogd 1048576 6580956810 0
[    8.729340] color, tsk->comm, weight, vruntime, state: -103871734867048 dhclient 1048576 6585227292 0
[    8.732260] proc in rq 17
[    8.735182] rq->nr_running rq->cfs.nr_running : 18 18
[    8.740964] rq->load.weight, rq->cfs.load.weight : 18874368 18874368
[    8.740968] ----------------^^^^CPU1^^^^^-----------------------
[    8.743931] rq->curr->pid == 0
[    8.746925] state TASK_RUNNING
[    8.749859] proc in rq 0
[    8.752795] rq->nr_running rq->cfs.nr_running : 0 0
[    8.758650] rq->load.weight, rq->cfs.load.weight : 0 0
[    8.758654] ----------------^^^^CPU2^^^^^-----------------------
[    8.761572] rq->curr->pid == 0
[    8.764534] state TASK_RUNNING
[    8.767508] proc in rq 0
[    8.770438] rq->nr_running rq->cfs.nr_running : 0 0
[    8.776302] rq->load.weight, rq->cfs.load.weight : 0 0
[    8.776305] ----------------^^^^CPU3^^^^^-----------------------
[    9.684911] rq->curr == idle (init_task)
[    9.687736] state TASK_RUNNING
[    9.690555] proc in rq 0
[    9.693295] rq->nr_running rq->cfs.nr_running : 0 0
[    9.698840] rq->load.weight, rq->cfs.load.weight : 0 0
[    9.698843] ----------------^^^^CPU0^^^^^-----------------------
[    9.701566] rq->curr == THREAD(this messg)
[    9.704321] state TASK_RUNNING
[    9.707132] proc in rq 0
[    9.709985] rq->nr_running rq->cfs.nr_running : 1 1
[    9.715362] rq->load.weight, rq->cfs.load.weight : 1048576 1048576
[    9.715364] ----------------^^^^CPU1^^^^^-----------------------
[    9.718106] rq->curr->pid == 0
[    9.720802] state TASK_RUNNING
[    9.723476] proc in rq 0
[    9.726093] rq->nr_running rq->cfs.nr_running : 0 0
[    9.731317] rq->load.weight, rq->cfs.load.weight : 0 0
[    9.731320] ----------------^^^^CPU2^^^^^-----------------------
[    9.733953] rq->curr->pid == 0
[    9.736674] state TASK_RUNNING
[    9.739422] proc in rq 0
[    9.742137] rq->nr_running rq->cfs.nr_running : 0 0
[    9.747611] rq->load.weight, rq->cfs.load.weight : 0 0
[    9.747617] ----------------^^^^CPU3^^^^^-----------------------
[    9.982963] wlp1s0: authenticate with 64:66:b3:cd:9a:3a
[   10.004443] wlp1s0: send auth to 64:66:b3:cd:9a:3a (try 1/3)
[   10.011153] wlp1s0: authenticated
[   10.015823] wlp1s0: associate with 64:66:b3:cd:9a:3a (try 1/3)
[   10.022841] wlp1s0: RX AssocResp from 64:66:b3:cd:9a:3a (capab=0x431 status=0 aid=1)
[   10.026846] wlp1s0: associated
[   10.155186] IPv6: ADDRCONF(NETDEV_CHANGE): wlp1s0: link becomes ready
[   10.654915] rq->curr == THREAD(this messg)
[   10.654918] state TASK_RUNNING
[   10.657872] proc in rq 0
[   10.660760] rq->nr_running rq->cfs.nr_running : 1 1
[   10.666471] rq->load.weight, rq->cfs.load.weight : 1048576 1048576
[   10.666473] ----------------^^^^CPU0^^^^^-----------------------
[   10.669449] rq->curr->pid == 4623
[   10.672421] state TASK_RUNNING
[   10.675383] color, tsk->comm, weight, vruntime, state: 1 klogd 1048576 8011288323 0
[   10.678335] proc in rq 1
[   10.681336] rq->nr_running rq->cfs.nr_running : 1 1
[   10.687286] rq->load.weight, rq->cfs.load.weight : 1048576 1048576
[   10.687288] ----------------^^^^CPU1^^^^^-----------------------
[   10.690388] rq->curr->pid == 0
[   10.693464] state TASK_RUNNING
[   10.696531] proc in rq 0
[   10.699576] rq->nr_running rq->cfs.nr_running : 0 0
[   10.705347] rq->load.weight, rq->cfs.load.weight : 0 0
[   10.705349] ----------------^^^^CPU2^^^^^-----------------------
[   10.708255] rq->curr->pid == 0
[   10.711175] state TASK_RUNNING
[   10.714064] proc in rq 0
[   10.716953] rq->nr_running rq->cfs.nr_running : 0 0
[   10.722681] rq->load.weight, rq->cfs.load.weight : 0 0
[   10.722684] ----------------^^^^CPU3^^^^^-----------------------
[   11.251132] udevd (2111) used greatest stack depth: 11784 bytes left
[   11.694915] rq->curr == THREAD(this messg)
[   11.694918] state TASK_RUNNING
[   11.697847] proc in rq 0
[   11.700709] rq->nr_running rq->cfs.nr_running : 1 1
[   11.706411] rq->load.weight, rq->cfs.load.weight : 1048576 1048576
[   11.706413] ----------------^^^^CPU0^^^^^-----------------------
[   11.709399] rq->curr->pid == 4652
[   11.712365] state TASK_RUNNING
[   11.715344] proc in rq 0
[   11.718269] rq->nr_running rq->cfs.nr_running : 1 1
[   11.723995] rq->load.weight, rq->cfs.load.weight : 1048576 1048576
[   11.723997] ----------------^^^^CPU1^^^^^-----------------------
[   11.726971] rq->curr->pid == 0
[   11.729983] state TASK_RUNNING
[   11.732927] proc in rq 0
[   11.735848] rq->nr_running rq->cfs.nr_running : 0 0
[   11.741631] rq->load.weight, rq->cfs.load.weight : 0 0
[   11.741634] ----------------^^^^CPU2^^^^^-----------------------
[   11.744510] rq->curr->pid == 0
[   11.747434] state TASK_RUNNING
[   11.750328] proc in rq 0
[   11.753131] rq->nr_running rq->cfs.nr_running : 0 0
[   11.758691] rq->load.weight, rq->cfs.load.weight : 0 0
[   11.758695] ----------------^^^^CPU3^^^^^-----------------------
[   12.654938] rq->curr == THREAD(this messg)
[   12.657780] state TASK_RUNNING
[   12.660591] proc in rq 0
[   12.663361] rq->nr_running rq->cfs.nr_running : 1 1
[   12.668908] rq->load.weight, rq->cfs.load.weight : 1048576 1048576
[   12.668912] ----------------^^^^CPU0^^^^^-----------------------
[   12.671730] rq->curr->pid == 0
[   12.674504] state TASK_RUNNING
[   12.677245] color, tsk->comm, weight, vruntime, state: 1 klogd 1048576 8145295132 0
[   12.679989] proc in rq 1
[   12.682783] rq->nr_running rq->cfs.nr_running : 1 1
[   12.688322] rq->load.weight, rq->cfs.load.weight : 1048576 1048576
[   12.688325] ----------------^^^^CPU1^^^^^-----------------------
[   12.691136] rq->curr->pid == 0
[   12.693973] state TASK_RUNNING
[   12.696810] proc in rq 0
[   12.699652] rq->nr_running rq->cfs.nr_running : 0 0
[   12.705197] rq->load.weight, rq->cfs.load.weight : 0 0
[   12.705199] ----------------^^^^CPU2^^^^^-----------------------
[   12.708034] rq->curr->pid == 0
[   12.710880] state TASK_RUNNING
[   12.713695] proc in rq 0
[   12.716509] rq->nr_running rq->cfs.nr_running : 0 0
[   12.722076] rq->load.weight, rq->cfs.load.weight : 0 0
[   12.722079] ----------------^^^^CPU3^^^^^-----------------------
[   13.684915] rq->curr == THREAD(this messg)
[   13.687712] state TASK_RUNNING
[   13.690503] proc in rq 0
[   13.693268] rq->nr_running rq->cfs.nr_running : 1 1
[   13.698802] rq->load.weight, rq->cfs.load.weight : 1048576 1048576
[   13.698806] ----------------^^^^CPU0^^^^^-----------------------
[   13.701586] rq->curr->pid == 0
[   13.704376] state TASK_RUNNING
[   13.707205] color, tsk->comm, weight, vruntime, state: 1 klogd 1048576 8206021723 0
[   13.710024] proc in rq 1
[   13.712889] rq->nr_running rq->cfs.nr_running : 1 1
[   13.718566] rq->load.weight, rq->cfs.load.weight : 1048576 1048576
[   13.718569] ----------------^^^^CPU1^^^^^-----------------------
[   13.721448] rq->curr->pid == 0
[   13.724356] state TASK_RUNNING
[   13.727269] proc in rq 0
[   13.730184] rq->nr_running rq->cfs.nr_running : 0 0
[   13.735871] rq->load.weight, rq->cfs.load.weight : 0 0
[   13.735873] ----------------^^^^CPU2^^^^^-----------------------
[   13.738777] rq->curr->pid == 0
[   13.741692] state TASK_RUNNING
[   13.744575] proc in rq 0
[   13.747464] rq->nr_running rq->cfs.nr_running : 0 0
[   13.753182] rq->load.weight, rq->cfs.load.weight : 0 0
[   13.753185] ----------------^^^^CPU3^^^^^-----------------------
[   14.644916] rq->curr == THREAD(this messg)
[   14.647868] state TASK_RUNNING
[   14.650765] proc in rq 0
[   14.653614] rq->nr_running rq->cfs.nr_running : 1 1
[   14.659324] rq->load.weight, rq->cfs.load.weight : 1048576 1048576
[   14.659328] ----------------^^^^CPU0^^^^^-----------------------
[   14.662222] rq->curr->pid == 0
[   14.665098] state TASK_RUNNING
[   14.667931] proc in rq 0
[   14.670703] rq->nr_running rq->cfs.nr_running : 0 0
[   14.676183] rq->load.weight, rq->cfs.load.weight : 0 0
[   14.676186] ----------------^^^^CPU1^^^^^-----------------------
[   14.678958] rq->curr->pid == 0
[   14.681740] state TASK_RUNNING
[   14.684510] proc in rq 0
[   14.687283] rq->nr_running rq->cfs.nr_running : 0 0
[   14.692799] rq->load.weight, rq->cfs.load.weight : 0 0
[   14.692802] ----------------^^^^CPU2^^^^^-----------------------
[   14.695550] rq->curr->pid == 0
[   14.698353] state TASK_RUNNING
[   14.701127] proc in rq 0
[   14.703870] rq->nr_running rq->cfs.nr_running : 0 0
[   14.709397] rq->load.weight, rq->cfs.load.weight : 0 0
[   14.709399] ----------------^^^^CPU3^^^^^-----------------------
[   15.644949] rq->curr->pid == 4792
[   15.645064] state TASK_RUNNING
[   15.645120] proc in rq 0
[   15.645171] rq->nr_running rq->cfs.nr_running : 1 1
[   15.645289] rq->load.weight, rq->cfs.load.weight : 1048576 1048576
[   15.645291] ----------------^^^^CPU0^^^^^-----------------------
[   15.645386] rq->curr == THREAD(this messg)
[   15.645478] state TASK_RUNNING
[   15.645543] proc in rq 0
[   15.645594] rq->nr_running rq->cfs.nr_running : 1 1
[   15.645711] rq->load.weight, rq->cfs.load.weight : 1048576 1048576
[   15.645712] ----------------^^^^CPU1^^^^^-----------------------
[   15.645807] rq->curr->pid == 0
[   15.645899] state TASK_RUNNING
[   15.645949] proc in rq 0
[   15.645999] rq->nr_running rq->cfs.nr_running : 0 0
[   15.646116] rq->load.weight, rq->cfs.load.weight : 0 0
[   15.646117] ----------------^^^^CPU2^^^^^-----------------------
[   15.646197] rq->curr->pid == 0
[   15.646289] state TASK_RUNNING
[   15.646339] proc in rq 0
[   15.646389] rq->nr_running rq->cfs.nr_running : 0 0
[   15.646505] rq->load.weight, rq->cfs.load.weight : 0 0
[   15.646507] ----------------^^^^CPU3^^^^^-----------------------
[   16.644939] rq->curr == idle (init_task)
[   16.644950] state TASK_RUNNING
[   16.644957] color, tsk->comm, weight, vruntime, state: 1 Xorg 1307648 12312150715 0
[   16.644961] proc in rq 1
[   16.644965] rq->nr_running rq->cfs.nr_running : 2 2
[   16.644970] rq->load.weight, rq->cfs.load.weight : 2356224 2356224
[   16.644972] ----------------^^^^CPU0^^^^^-----------------------
[   16.644974] rq->curr == THREAD(this messg)
[   16.644977] state TASK_RUNNING
[   16.644980] proc in rq 0
[   16.644983] rq->nr_running rq->cfs.nr_running : 1 1
[   16.644988] rq->load.weight, rq->cfs.load.weight : 1048576 1048576
[   16.644989] ----------------^^^^CPU1^^^^^-----------------------
[   16.644992] rq->curr->pid == 0
[   16.644995] state TASK_RUNNING
[   16.644998] proc in rq 0
[   16.645001] rq->nr_running rq->cfs.nr_running : 0 0
[   16.645005] rq->load.weight, rq->cfs.load.weight : 0 0
[   16.645007] ----------------^^^^CPU2^^^^^-----------------------
[   16.645010] rq->curr->pid == 0
[   16.645012] state TASK_RUNNING
[   16.645015] proc in rq 0
[   16.645018] rq->nr_running rq->cfs.nr_running : 0 0
[   16.645022] rq->load.weight, rq->cfs.load.weight : 0 0
[   16.645024] ----------------^^^^CPU3^^^^^-----------------------
[   17.704913] rq->curr == idle (init_task)
[   17.704923] state TASK_RUNNING
[   17.704926] proc in rq 0
[   17.704930] rq->nr_running rq->cfs.nr_running : 0 0
[   17.704935] rq->load.weight, rq->cfs.load.weight : 0 0
[   17.704936] ----------------^^^^CPU0^^^^^-----------------------
[   17.704939] rq->curr == THREAD(this messg)
[   17.704942] state TASK_RUNNING
[   17.704945] proc in rq 0
[   17.704948] rq->nr_running rq->cfs.nr_running : 1 1
[   17.704953] rq->load.weight, rq->cfs.load.weight : 1048576 1048576
[   17.704954] ----------------^^^^CPU1^^^^^-----------------------
[   17.704958] rq->curr->pid == 0
[   17.704960] state TASK_RUNNING
[   17.704963] proc in rq 0
[   17.704966] rq->nr_running rq->cfs.nr_running : 0 0
[   17.704971] rq->load.weight, rq->cfs.load.weight : 0 0
[   17.704972] ----------------^^^^CPU2^^^^^-----------------------
[   17.704975] rq->curr->pid == 0
[   17.704978] state TASK_RUNNING
[   17.704981] proc in rq 0
[   17.704984] rq->nr_running rq->cfs.nr_running : 0 0
[   17.704988] rq->load.weight, rq->cfs.load.weight : 0 0
[   17.704989] ----------------^^^^CPU3^^^^^-----------------------
[   18.644919] rq->curr == idle (init_task)
[   18.644929] state TASK_RUNNING
[   18.644937] color, tsk->comm, weight, vruntime, state: 1 rcu_sched 1048576 12564425188 0
[   18.644940] proc in rq 1
[   18.644944] rq->nr_running rq->cfs.nr_running : 1 1
[   18.644948] rq->load.weight, rq->cfs.load.weight : 1048576 1048576
[   18.644950] ----------------^^^^CPU0^^^^^-----------------------
[   18.644953] rq->curr == THREAD(this messg)
[   18.644955] state TASK_RUNNING
[   18.644958] proc in rq 0
[   18.644961] rq->nr_running rq->cfs.nr_running : 1 1
[   18.644966] rq->load.weight, rq->cfs.load.weight : 1048576 1048576
[   18.644967] ----------------^^^^CPU1^^^^^-----------------------
[   18.644970] rq->curr->pid == 0
[   18.644973] state TASK_RUNNING
[   18.644976] proc in rq 0
[   18.644979] rq->nr_running rq->cfs.nr_running : 0 0
[   18.644983] rq->load.weight, rq->cfs.load.weight : 0 0
[   18.644984] ----------------^^^^CPU2^^^^^-----------------------
[   18.644988] rq->curr->pid == 0
[   18.644990] state TASK_RUNNING
[   18.644993] proc in rq 0
[   18.644996] rq->nr_running rq->cfs.nr_running : 0 0
[   18.645000] rq->load.weight, rq->cfs.load.weight : 0 0
[   18.645001] ----------------^^^^CPU3^^^^^-----------------------
[   19.654911] rq->curr == idle (init_task)
[   19.654923] state TASK_RUNNING
[   19.654927] proc in rq 0
[   19.654931] rq->nr_running rq->cfs.nr_running : 0 0
[   19.654935] rq->load.weight, rq->cfs.load.weight : 0 0
[   19.654937] ----------------^^^^CPU0^^^^^-----------------------
[   19.654940] rq->curr == THREAD(this messg)
[   19.654942] state TASK_RUNNING
[   19.654945] proc in rq 0
[   19.654948] rq->nr_running rq->cfs.nr_running : 1 1
[   19.654953] rq->load.weight, rq->cfs.load.weight : 1048576 1048576
[   19.654954] ----------------^^^^CPU1^^^^^-----------------------
[   19.654957] rq->curr->pid == 0
[   19.654960] state TASK_RUNNING
[   19.654963] proc in rq 0
[   19.654966] rq->nr_running rq->cfs.nr_running : 0 0
[   19.654970] rq->load.weight, rq->cfs.load.weight : 0 0
[   19.654972] ----------------^^^^CPU2^^^^^-----------------------
[   19.654975] rq->curr->pid == 0
[   19.654977] state TASK_RUNNING
[   19.654980] proc in rq 0
[   19.654984] rq->nr_running rq->cfs.nr_running : 0 0
[   19.654987] rq->load.weight, rq->cfs.load.weight : 0 0
[   19.654989] ----------------^^^^CPU3^^^^^-----------------------
[   20.644916] rq->curr == idle (init_task)
[   20.644926] state TASK_RUNNING
[   20.644930] proc in rq 0
[   20.644934] rq->nr_running rq->cfs.nr_running : 0 0
[   20.644938] rq->load.weight, rq->cfs.load.weight : 0 0
[   20.644940] ----------------^^^^CPU0^^^^^-----------------------
[   20.644943] rq->curr == THREAD(this messg)
[   20.644945] state TASK_RUNNING
[   20.644948] proc in rq 0
[   20.644951] rq->nr_running rq->cfs.nr_running : 1 1
[   20.644955] rq->load.weight, rq->cfs.load.weight : 1048576 1048576
[   20.644957] ----------------^^^^CPU1^^^^^-----------------------
[   20.644960] rq->curr->pid == 0
[   20.644963] state TASK_RUNNING
[   20.644966] proc in rq 0
[   20.644969] rq->nr_running rq->cfs.nr_running : 0 0
[   20.644973] rq->load.weight, rq->cfs.load.weight : 0 0
[   20.644975] ----------------^^^^CPU2^^^^^-----------------------
[   20.644978] rq->curr->pid == 0
[   20.644981] state TASK_RUNNING
[   20.644983] proc in rq 0
[   20.644987] rq->nr_running rq->cfs.nr_running : 0 0
[   20.644991] rq->load.weight, rq->cfs.load.weight : 0 0
[   20.644992] ----------------^^^^CPU3^^^^^-----------------------
[   26.840503] random: crng init done
