[    0.000000] Linux version 5.2.0-rc2+ (root@(none)) (gcc version 9.0.1 20190416 (experimental) (GCC)) #194 SMP Sun Jun 2 18:58:02 +05 2019
[    0.000000] Command line: BOOT_IMAGE=/boot/bzImage root=/dev/sda2 ro
[    0.000000] x86/fpu: Supporting XSAVE feature 0x001: 'x87 floating point registers'
[    0.000000] x86/fpu: Supporting XSAVE feature 0x002: 'SSE registers'
[    0.000000] x86/fpu: Supporting XSAVE feature 0x004: 'AVX registers'
[    0.000000] x86/fpu: xstate_offset[2]:  576, xstate_sizes[2]:  256
[    0.000000] x86/fpu: Enabled xstate features 0x7, context size is 832 bytes, using 'standard' format.
[    0.000000] BIOS-provided physical RAM map:
[    0.000000] BIOS-e820: [mem 0x0000000000000000-0x000000000009ffff] usable
[    0.000000] BIOS-e820: [mem 0x0000000000100000-0x000000009d0f7fff] usable
[    0.000000] BIOS-e820: [mem 0x000000009d0f8000-0x000000009d127fff] reserved
[    0.000000] BIOS-e820: [mem 0x000000009d128000-0x000000009d370fff] usable
[    0.000000] BIOS-e820: [mem 0x000000009d371000-0x000000009dc56fff] ACPI NVS
[    0.000000] BIOS-e820: [mem 0x000000009dc57000-0x000000009e959fff] reserved
[    0.000000] BIOS-e820: [mem 0x000000009e95a000-0x000000009e9cafff] type 20
[    0.000000] BIOS-e820: [mem 0x000000009e9cb000-0x000000009e9cbfff] usable
[    0.000000] BIOS-e820: [mem 0x000000009e9cc000-0x000000009e9d3fff] ACPI NVS
[    0.000000] BIOS-e820: [mem 0x000000009e9d4000-0x000000009eb24fff] usable
[    0.000000] BIOS-e820: [mem 0x000000009eb25000-0x000000009f041fff] reserved
[    0.000000] BIOS-e820: [mem 0x000000009f042000-0x000000009f080fff] usable
[    0.000000] BIOS-e820: [mem 0x000000009f081000-0x000000009f3f1fff] reserved
[    0.000000] BIOS-e820: [mem 0x000000009f3f2000-0x000000009f3fffff] usable
[    0.000000] BIOS-e820: [mem 0x00000000fec00000-0x00000000fec01fff] reserved
[    0.000000] BIOS-e820: [mem 0x00000000fec10000-0x00000000fec10fff] reserved
[    0.000000] BIOS-e820: [mem 0x00000000fed00000-0x00000000fed00fff] reserved
[    0.000000] BIOS-e820: [mem 0x00000000fed80000-0x00000000fed8ffff] reserved
[    0.000000] BIOS-e820: [mem 0x00000000ff000000-0x00000000ffffffff] reserved
[    0.000000] BIOS-e820: [mem 0x0000000100001000-0x000000013effffff] usable
[    0.000000] NX (Execute Disable) protection: active
[    0.000000] efi: EFI v2.31 by American Megatrends
[    0.000000] efi:  ACPI=0x9d3f3000  ACPI 2.0=0x9d3f3000  SMBIOS=0x9e958998 
[    0.000000] SMBIOS 2.7 present.
[    0.000000] DMI: ASUSTeK COMPUTER INC. X102BA/X102BA, BIOS X102BA.212 08/30/2013
[    0.000000] tsc: Fast TSC calibration using PIT
[    0.000000] tsc: Detected 998.184 MHz processor
[    0.000213] e820: update [mem 0x00000000-0x00000fff] usable ==> reserved
[    0.000218] e820: remove [mem 0x000a0000-0x000fffff] usable
[    0.000240] last_pfn = 0x13f000 max_arch_pfn = 0x400000000
[    0.000250] MTRR default type: uncachable
[    0.000252] MTRR fixed ranges enabled:
[    0.000256]   00000-9FFFF write-back
[    0.000258]   A0000-BFFFF write-through
[    0.000261]   C0000-DFFFF uncachable
[    0.000264]   E0000-FFFFF write-protect
[    0.000265] MTRR variable ranges enabled:
[    0.000269]   0 base 0000000000 mask FF80000000 write-back
[    0.000273]   1 base 0080000000 mask FFE0000000 write-back
[    0.000277]   2 base 009F400000 mask FFFFC00000 uncachable
[    0.000280]   3 base 009F800000 mask FFFF800000 uncachable
[    0.000281]   4 disabled
[    0.000283]   5 disabled
[    0.000284]   6 disabled
[    0.000285]   7 disabled
[    0.000288] TOM2: 000000013f000000 aka 5104M
[    0.000801] x86/PAT: Configuration [0-7]: WB  WC  UC- UC  WB  WP  UC- WT  
[    0.001067] e820: update [mem 0x9f400000-0xffffffff] usable ==> reserved
[    0.001081] last_pfn = 0x9f400 max_arch_pfn = 0x400000000
[    0.014257] check: Scanning 1 areas for low memory corruption
[    0.014272] Using GB pages for direct mapping
[    0.014279] BRK [0x66e01000, 0x66e01fff] PGTABLE
[    0.014286] BRK [0x66e02000, 0x66e02fff] PGTABLE
[    0.014290] BRK [0x66e03000, 0x66e03fff] PGTABLE
[    0.014485] BRK [0x66e04000, 0x66e04fff] PGTABLE
[    0.014490] BRK [0x66e05000, 0x66e05fff] PGTABLE
[    0.014806] BRK [0x66e06000, 0x66e06fff] PGTABLE
[    0.016273] BRK [0x66e07000, 0x66e07fff] PGTABLE
[    0.016562] BRK [0x66e08000, 0x66e08fff] PGTABLE
[    0.016806] BRK [0x66e09000, 0x66e09fff] PGTABLE
[    0.017114] BRK [0x66e0a000, 0x66e0afff] PGTABLE
[    0.017472] BRK [0x66e0b000, 0x66e0bfff] PGTABLE
[    0.017711] Secure boot could not be determined
[    0.017727] ACPI: Early table checksum verification disabled
[    0.017738] ACPI: RSDP 0x000000009D3F3000 000024 (v02 _ASUS_)
[    0.017749] ACPI: XSDT 0x000000009D3F3088 000094 (v01 _ASUS_ Notebook 01072009 AMI  00010013)
[    0.017767] ACPI: FACP 0x000000009D400748 00010C (v05 _ASUS_ Notebook 01072009 AMI  00010013)
[    0.017784] ACPI BIOS Warning (bug): Optional FADT field Pm2ControlBlock has valid Length but zero Address: 0x0000000000000000/0x1 (20190509/tbfadt-615)
[    0.017797] ACPI: DSDT 0x000000009D3F31A8 00D59D (v02 _ASUS_ Notebook 00000000 INTL 20091112)
[    0.017808] ACPI: FACS 0x000000009DC4B080 000040
[    0.017817] ACPI: APIC 0x000000009D400858 00007E (v03 _ASUS_ Notebook 01072009 AMI  00010013)
[    0.017827] ACPI: FPDT 0x000000009D4008D8 000044 (v01 _ASUS_ Notebook 01072009 AMI  00010013)
[    0.017838] ACPI: ECDT 0x000000009D400920 0000C1 (v01 _ASUS_ Notebook 01072009 AMI. 00000005)
[    0.017848] ACPI: MCFG 0x000000009D4009E8 00003C (v01 _ASUS_ Notebook 01072009 MSFT 00010013)
[    0.017858] ACPI: HPET 0x000000009D400A28 000038 (v01 _ASUS_ Notebook 01072009 AMI  00000005)
[    0.017868] ACPI: VFCT 0x000000009D400A60 004684 (v01 _ASUS_ Notebook 00000001 AMD  31504F47)
[    0.017878] ACPI: BGRT 0x000000009D4050E8 000038 (v00 _ASUS_ Notebook 01072009 ASUS 00010013)
[    0.017889] ACPI: SSDT 0x000000009D405120 0005E0 (v01 AMD    AGESA    00000001 AMD  00000001)
[    0.017899] ACPI: SSDT 0x000000009D405700 0046D1 (v02 AMD    AGESA    00000002 MSFT 04000000)
[    0.017909] ACPI: CRAT 0x000000009D409DD8 000228 (v01 AMD    AGESA    00000001 AMD  00000001)
[    0.017920] ACPI: SSDT 0x000000009D40A000 001411 (v01 AMD    CPMDFIGP 00000001 INTL 20051117)
[    0.017930] ACPI: SSDT 0x000000009D40B418 0010E8 (v01 AMD    CPMCMN   00000001 INTL 20051117)
[    0.017940] ACPI: MSDM 0x000000009D127F98 000055 (v03 _ASUS_ Notebook 00000000 ASUS 00000001)
[    0.017969] ACPI: Local APIC address 0xfee00000
[    0.018229] No NUMA configuration found
[    0.018234] Faking a node at [mem 0x0000000000000000-0x000000013effffff]
[    0.018246] NODE_DATA(0) allocated [mem 0x13effa000-0x13effdfff]
[    0.018299] Zone ranges:
[    0.018303]   DMA      [mem 0x0000000000001000-0x0000000000ffffff]
[    0.018308]   DMA32    [mem 0x0000000001000000-0x00000000ffffffff]
[    0.018313]   Normal   [mem 0x0000000100000000-0x000000013effffff]
[    0.018317] Movable zone start for each node
[    0.018320] Early memory node ranges
[    0.018324]   node   0: [mem 0x0000000000001000-0x000000000009ffff]
[    0.018328]   node   0: [mem 0x0000000000100000-0x000000009d0f7fff]
[    0.018332]   node   0: [mem 0x000000009d128000-0x000000009d370fff]
[    0.018335]   node   0: [mem 0x000000009e9cb000-0x000000009e9cbfff]
[    0.018338]   node   0: [mem 0x000000009e9d4000-0x000000009eb24fff]
[    0.018342]   node   0: [mem 0x000000009f042000-0x000000009f080fff]
[    0.018345]   node   0: [mem 0x000000009f3f2000-0x000000009f3fffff]
[    0.018348]   node   0: [mem 0x0000000100001000-0x000000013effffff]
[    0.018669] Zeroed struct page in unavailable ranges: 11138 pages
[    0.018675] Initmem setup node 0 [mem 0x0000000000001000-0x000000013effffff]
[    0.018685] On node 0 totalpages: 902270
[    0.018688]   DMA zone: 64 pages used for memmap
[    0.018690]   DMA zone: 23 pages reserved
[    0.018693]   DMA zone: 3999 pages, LIFO batch:0
[    0.018911]   DMA32 zone: 10004 pages used for memmap
[    0.018914]   DMA32 zone: 640224 pages, LIFO batch:63
[    0.058211]   Normal zone: 4032 pages used for memmap
[    0.058219]   Normal zone: 258047 pages, LIFO batch:63
[    0.071215] ACPI: PM-Timer IO Port: 0x808
[    0.071227] ACPI: Local APIC address 0xfee00000
[    0.071243] ACPI: LAPIC_NMI (acpi_id[0xff] high edge lint[0x1])
[    0.071260] IOAPIC[0]: apic_id 3, version 33, address 0xfec00000, GSI 0-23
[    0.071271] IOAPIC[1]: apic_id 4, version 33, address 0xfec01000, GSI 24-55
[    0.071279] ACPI: INT_SRC_OVR (bus 0 bus_irq 0 global_irq 2 dfl dfl)
[    0.071285] ACPI: INT_SRC_OVR (bus 0 bus_irq 9 global_irq 9 low level)
[    0.071290] ACPI: IRQ0 used by override.
[    0.071293] ACPI: IRQ9 used by override.
[    0.071298] Using ACPI (MADT) for SMP configuration information
[    0.071303] ACPI: HPET id: 0x10228210 base: 0xfed00000
[    0.071320] smpboot: Allowing 4 CPUs, 2 hotplug CPUs
[    0.071393] PM: Registered nosave memory: [mem 0x00000000-0x00000fff]
[    0.071401] PM: Registered nosave memory: [mem 0x000a0000-0x000fffff]
[    0.071409] PM: Registered nosave memory: [mem 0x9d0f8000-0x9d127fff]
[    0.071416] PM: Registered nosave memory: [mem 0x9d371000-0x9dc56fff]
[    0.071419] PM: Registered nosave memory: [mem 0x9dc57000-0x9e959fff]
[    0.071423] PM: Registered nosave memory: [mem 0x9e95a000-0x9e9cafff]
[    0.071429] PM: Registered nosave memory: [mem 0x9e9cc000-0x9e9d3fff]
[    0.071436] PM: Registered nosave memory: [mem 0x9eb25000-0x9f041fff]
[    0.071443] PM: Registered nosave memory: [mem 0x9f081000-0x9f3f1fff]
[    0.071450] PM: Registered nosave memory: [mem 0x9f400000-0xfebfffff]
[    0.071453] PM: Registered nosave memory: [mem 0xfec00000-0xfec01fff]
[    0.071457] PM: Registered nosave memory: [mem 0xfec02000-0xfec0ffff]
[    0.071460] PM: Registered nosave memory: [mem 0xfec10000-0xfec10fff]
[    0.071463] PM: Registered nosave memory: [mem 0xfec11000-0xfecfffff]
[    0.071466] PM: Registered nosave memory: [mem 0xfed00000-0xfed00fff]
[    0.071470] PM: Registered nosave memory: [mem 0xfed01000-0xfed7ffff]
[    0.071473] PM: Registered nosave memory: [mem 0xfed80000-0xfed8ffff]
[    0.071476] PM: Registered nosave memory: [mem 0xfed90000-0xfeffffff]
[    0.071479] PM: Registered nosave memory: [mem 0xff000000-0xffffffff]
[    0.071482] PM: Registered nosave memory: [mem 0x100000000-0x100000fff]
[    0.071490] [mem 0x9f400000-0xfebfffff] available for PCI devices
[    0.071502] clocksource: refined-jiffies: mask: 0xffffffff max_cycles: 0xffffffff, max_idle_ns: 19112604462750000 ns
[    0.489972] setup_percpu: NR_CPUS:64 nr_cpumask_bits:64 nr_cpu_ids:4 nr_node_ids:1
[    0.491157] percpu: Embedded 51 pages/cpu s170008 r8192 d30696 u524288
[    0.491196] pcpu-alloc: s170008 r8192 d30696 u524288 alloc=1*2097152
[    0.491199] pcpu-alloc: [0] 0 1 2 3 
[    0.491278] Built 1 zonelists, mobility grouping on.  Total pages: 888147
[    0.491282] Policy zone: Normal
[    0.491290] Kernel command line: BOOT_IMAGE=/boot/bzImage root=/dev/sda2 ro
[    0.555792] Memory: 3432168K/3609080K available (14357K kernel code, 1432K rwdata, 4452K rodata, 1296K init, 856K bss, 176912K reserved, 0K cma-reserved)
[    0.556003] SLUB: HWalign=64, Order=0-3, MinObjects=0, CPUs=4, Nodes=1
[    0.556240] rcu: Hierarchical RCU implementation.
[    0.556244] rcu: 	RCU event tracing is enabled.
[    0.556248] rcu: 	RCU restricting CPUs from NR_CPUS=64 to nr_cpu_ids=4.
[    0.556253] rcu: RCU calculated value of scheduler-enlistment delay is 10 jiffies.
[    0.556257] rcu: Adjusting geometry for rcu_fanout_leaf=16, nr_cpu_ids=4
[    0.556843] NR_IRQS: 4352, nr_irqs: 1000, preallocated irqs: 16
[    0.557435] random: get_random_bytes called from start_kernel+0x2c6/0x493 with crng_init=0
[    0.557515] Console: colour dummy device 80x25
[    0.558221] printk: console [tty0] enabled
[    0.558268] ACPI: Core revision 20190509
[    0.559065] clocksource: hpet: mask: 0xffffffff max_cycles: 0xffffffff, max_idle_ns: 133484873504 ns
[    0.559095] hpet clockevent registered
[    0.559106] APIC: Switch to symmetric I/O mode setup
[    0.559967] ..TIMER: vector=0x30 apic1=0 pin1=2 apic2=-1 pin2=-1
[    0.609104] clocksource: tsc-early: mask: 0xffffffffffffffff max_cycles: 0x1cc6c753305, max_idle_ns: 881590529554 ns
[    0.609120] Calibrating delay loop (skipped), value calculated using timer frequency.. 1996.36 BogoMIPS (lpj=9981840)
[    0.609136] pid_max: default: 32768 minimum: 301
[    0.611712] LSM: Security Framework initializing
[    0.611746] SELinux:  Initializing.
[    0.611782] *** VALIDATE SELinux ***
[    0.614025] Dentry cache hash table entries: 524288 (order: 10, 4194304 bytes)
[    0.615200] Inode-cache hash table entries: 262144 (order: 9, 2097152 bytes)
[    0.615302] Mount-cache hash table entries: 8192 (order: 4, 65536 bytes)
[    0.615349] Mountpoint-cache hash table entries: 8192 (order: 4, 65536 bytes)
[    0.615757] *** VALIDATE proc ***
[    0.615847] *** VALIDATE cgroup1 ***
[    0.615858] *** VALIDATE cgroup2 ***
[    0.615963] LVT offset 1 assigned for vector 0xf9
[    0.615979] Last level iTLB entries: 4KB 512, 2MB 8, 4MB 4
[    0.615988] Last level dTLB entries: 4KB 512, 2MB 256, 4MB 128, 1GB 0
[    0.615998] Spectre V2 : Mitigation: Full AMD retpoline
[    0.616005] Spectre V2 : Spectre v2 / SpectreRSB mitigation: Filling RSB on context switch
[    0.616016] Speculative Store Bypass: Mitigation: Speculative Store Bypass disabled via prctl and seccomp
[    0.616592] Freeing SMP alternatives memory: 40K
[    0.629118] smpboot: CPU0: AMD A4-1200 APU with Radeon(TM) HD Graphics (family: 0x16, model: 0x0, stepping: 0x1)
[    0.629118] Performance Events: AMD PMU driver.
[    0.629118] ... version:                0
[    0.629118] ... bit width:              48
[    0.629118] ... generic registers:      4
[    0.629118] ... value mask:             0000ffffffffffff
[    0.629118] ... max period:             00007fffffffffff
[    0.629118] ... fixed-purpose events:   0
[    0.629118] ... event mask:             000000000000000f
[    0.629118] rcu: Hierarchical SRCU implementation.
[    0.629118] MCE: In-kernel MCE decoding enabled.
[    0.629118] smp: Bringing up secondary CPUs ...
[    0.629118] x86: Booting SMP configuration:
[    0.629118] .... node  #0, CPUs:      #1
[    0.629118] smp: Brought up 1 node, 2 CPUs
[    0.629118] smpboot: Max logical packages: 2
[    0.629118] smpboot: Total of 2 processors activated (3992.73 BogoMIPS)
[    0.629118] devtmpfs: initialized
[    0.629118] PM: Registering ACPI NVS region [mem 0x9d371000-0x9dc56fff] (9330688 bytes)
[    0.629118] PM: Registering ACPI NVS region [mem 0x9e9cc000-0x9e9d3fff] (32768 bytes)
[    0.629118] clocksource: jiffies: mask: 0xffffffff max_cycles: 0xffffffff, max_idle_ns: 19112604462750000 ns
[    0.629118] futex hash table entries: 1024 (order: 4, 65536 bytes)
[    0.629118] kworker/u8:0 (22) used greatest stack depth: 14624 bytes left
[    0.629118] NET: Registered protocol family 16
[    0.629118] audit: initializing netlink subsys (disabled)
[    0.629118] audit: type=2000 audit(1559538997.060:1): state=initialized audit_enabled=0 res=1
[    0.629118] cpuidle: using governor ladder
[    0.629118] cpuidle: using governor menu
[    0.629118] ACPI FADT declares the system doesn't support PCIe ASPM, so disable it
[    0.629118] ACPI: bus type PCI registered
[    0.629118] PCI: MMCONFIG for domain 0000 [bus 00-ff] at [mem 0xe0000000-0xefffffff] (base 0xe0000000)
[    0.629118] PCI: not using MMCONFIG
[    0.629118] PCI: Using configuration type 1 for base access
[    0.629118] PCI: Using configuration type 1 for extended access
[    0.644740] kworker/u8:0 (45) used greatest stack depth: 14160 bytes left
[    0.676481] HugeTLB registered 2.00 MiB page size, pre-allocated 0 pages
[    0.689344] ACPI: Added _OSI(Module Device)
[    0.689363] ACPI: Added _OSI(Processor Device)
[    0.689371] ACPI: Added _OSI(3.0 _SCP Extensions)
[    0.689379] ACPI: Added _OSI(Processor Aggregator Device)
[    0.689388] ACPI: Added _OSI(Linux-Dell-Video)
[    0.689396] ACPI: Added _OSI(Linux-Lenovo-NV-HDMI-Audio)
[    0.689405] ACPI: Added _OSI(Linux-HPI-Hybrid-Graphics)
[    0.721940] ACPI: 5 ACPI AML tables successfully acquired and loaded
[    0.725265] ACPI: EC: EC started
[    0.725274] ACPI: EC: interrupt blocked
[    0.727568] ACPI: \: Used as first EC
[    0.727580] ACPI: \: GPE=0x3, EC_CMD/EC_SC=0x66, EC_DATA=0x62
[    0.727588] ACPI: EC: Boot ECDT EC used to handle transactions
[    0.732755] ACPI: [Firmware Bug]: BIOS _OSI(Linux) query ignored
[    0.739122] ACPI: Interpreter enabled
[    0.739122] ACPI: (supports S0 S3 S4 S5)
[    0.739122] ACPI: Using IOAPIC for interrupt routing
[    0.740940] PCI: MMCONFIG for domain 0000 [bus 00-ff] at [mem 0xe0000000-0xefffffff] (base 0xe0000000)
[    0.740940] PCI: MMCONFIG at [mem 0xe0000000-0xefffffff] reserved in ACPI motherboard resources
[    0.740940] PCI: Using host bridge windows from ACPI; if necessary, use "pci=nocrs" and report a bug
[    0.740940] ACPI: Enabled 3 GPEs in block 00 to 1F
[    0.764276] ACPI: PCI Root Bridge [PCI0] (domain 0000 [bus 00-ff])
[    0.764310] acpi PNP0A08:00: _OSC: OS supports [ExtendedConfig ASPM ClockPM Segments MSI HPX-Type3]
[    0.764914] acpi PNP0A08:00: _OSC: platform does not support [LTR]
[    0.765473] acpi PNP0A08:00: _OSC: OS now controls [PME AER PCIeCapability]
[    0.765486] acpi PNP0A08:00: FADT indicates ASPM is unsupported, using BIOS configuration
[    0.766041] PCI host bridge to bus 0000:00
[    0.766056] pci_bus 0000:00: root bus resource [io  0x0000-0x03af window]
[    0.766068] pci_bus 0000:00: root bus resource [io  0x03e0-0x0cf7 window]
[    0.766079] pci_bus 0000:00: root bus resource [io  0x03b0-0x03df window]
[    0.766090] pci_bus 0000:00: root bus resource [io  0x0d00-0xffff window]
[    0.766101] pci_bus 0000:00: root bus resource [mem 0x000a0000-0x000bffff window]
[    0.766114] pci_bus 0000:00: root bus resource [mem 0x000c0000-0x000dffff window]
[    0.766126] pci_bus 0000:00: root bus resource [mem 0xc0000000-0xffffffff window]
[    0.766140] pci_bus 0000:00: root bus resource [bus 00-ff]
[    0.766169] pci 0000:00:00.0: [1022:1536] type 00 class 0x060000
[    0.766458] pci 0000:00:01.0: [1002:9839] type 00 class 0x030000
[    0.766499] pci 0000:00:01.0: reg 0x10: [mem 0xc0000000-0xcfffffff 64bit pref]
[    0.766524] pci 0000:00:01.0: reg 0x18: [mem 0xd0000000-0xd07fffff 64bit pref]
[    0.766544] pci 0000:00:01.0: reg 0x20: [io  0xf000-0xf0ff]
[    0.766563] pci 0000:00:01.0: reg 0x24: [mem 0xfeb00000-0xfeb3ffff]
[    0.766581] pci 0000:00:01.0: reg 0x30: [mem 0xfeb40000-0xfeb5ffff pref]
[    0.766595] pci 0000:00:01.0: enabling Extended Tags
[    0.766628] pci 0000:00:01.0: BAR 0: assigned to efifb
[    0.766686] pci 0000:00:01.0: supports D1 D2
[    0.766696] pci 0000:00:01.0: PME# supported from D1 D2 D3hot
[    0.766932] pci 0000:00:01.1: [1002:9840] type 00 class 0x040300
[    0.766967] pci 0000:00:01.1: reg 0x10: [mem 0xfeb64000-0xfeb67fff 64bit]
[    0.767007] pci 0000:00:01.1: enabling Extended Tags
[    0.767076] pci 0000:00:01.1: supports D1 D2
[    0.767272] pci 0000:00:02.0: [1022:1538] type 00 class 0x060000
[    0.767517] pci 0000:00:02.2: [1022:1439] type 01 class 0x060400
[    0.767587] pci 0000:00:02.2: enabling Extended Tags
[    0.767669] pci 0000:00:02.2: PME# supported from D0 D3hot D3cold
[    0.767904] pci 0000:00:02.3: [1022:1439] type 01 class 0x060400
[    0.767973] pci 0000:00:02.3: enabling Extended Tags
[    0.768052] pci 0000:00:02.3: PME# supported from D0 D3hot D3cold
[    0.768316] pci 0000:00:10.0: [1022:7814] type 00 class 0x0c0330
[    0.768362] pci 0000:00:10.0: reg 0x10: [mem 0xfeb68000-0xfeb69fff 64bit]
[    0.768503] pci 0000:00:10.0: PME# supported from D0 D3hot D3cold
[    0.768745] pci 0000:00:11.0: [1022:7801] type 00 class 0x010601
[    0.768783] pci 0000:00:11.0: reg 0x10: [io  0xf140-0xf147]
[    0.768802] pci 0000:00:11.0: reg 0x14: [io  0xf130-0xf133]
[    0.768821] pci 0000:00:11.0: reg 0x18: [io  0xf120-0xf127]
[    0.768840] pci 0000:00:11.0: reg 0x1c: [io  0xf110-0xf113]
[    0.768859] pci 0000:00:11.0: reg 0x20: [io  0xf100-0xf10f]
[    0.768878] pci 0000:00:11.0: reg 0x24: [mem 0xfeb6f000-0xfeb6f3ff]
[    0.768956] pci 0000:00:11.0: PME# supported from D3hot
[    0.774170] pci 0000:00:12.0: [1022:7807] type 00 class 0x0c0310
[    0.774170] pci 0000:00:12.0: reg 0x10: [mem 0xfeb6e000-0xfeb6efff]
[    0.774170] pci 0000:00:12.2: [1022:7808] type 00 class 0x0c0320
[    0.774170] pci 0000:00:12.2: reg 0x10: [mem 0xfeb6d000-0xfeb6d0ff]
[    0.774170] pci 0000:00:12.2: supports D1 D2
[    0.774170] pci 0000:00:12.2: PME# supported from D0 D1 D2 D3hot D3cold
[    0.774170] pci 0000:00:13.0: [1022:7807] type 00 class 0x0c0310
[    0.774170] pci 0000:00:13.0: reg 0x10: [mem 0xfeb6c000-0xfeb6cfff]
[    0.776776] pci 0000:00:13.2: [1022:7808] type 00 class 0x0c0320
[    0.776776] pci 0000:00:13.2: reg 0x10: [mem 0xfeb6b000-0xfeb6b0ff]
[    0.776776] pci 0000:00:13.2: supports D1 D2
[    0.776776] pci 0000:00:13.2: PME# supported from D0 D1 D2 D3hot D3cold
[    0.777186] pci 0000:00:14.0: [1022:780b] type 00 class 0x0c0500
[    0.777504] pci 0000:00:14.2: [1022:780d] type 00 class 0x040300
[    0.777504] pci 0000:00:14.2: reg 0x10: [mem 0xfeb60000-0xfeb63fff 64bit]
[    0.777504] pci 0000:00:14.2: PME# supported from D0 D3hot D3cold
[    0.777888] pci 0000:00:14.3: [1022:780e] type 00 class 0x060100
[    0.777888] pci 0000:00:14.7: [1022:7813] type 00 class 0x080501
[    0.777888] pci 0000:00:14.7: reg 0x10: [mem 0xfeb6a000-0xfeb6a0ff 64bit]
[    0.778512] pci 0000:00:18.0: [1022:1530] type 00 class 0x060000
[    0.778512] pci 0000:00:18.1: [1022:1531] type 00 class 0x060000
[    0.778512] pci 0000:00:18.2: [1022:1532] type 00 class 0x060000
[    0.778512] pci 0000:00:18.3: [1022:1533] type 00 class 0x060000
[    0.778512] pci 0000:00:18.4: [1022:1534] type 00 class 0x060000
[    0.778512] pci 0000:00:18.5: [1022:1535] type 00 class 0x060000
[    0.778512] pci 0000:01:00.0: [168c:0032] type 00 class 0x028000
[    0.778512] pci 0000:01:00.0: reg 0x10: [mem 0xfea00000-0xfea7ffff 64bit]
[    0.778512] pci 0000:01:00.0: reg 0x30: [mem 0xfea80000-0xfea8ffff pref]
[    0.778512] pci 0000:01:00.0: supports D1 D2
[    0.778512] pci 0000:01:00.0: PME# supported from D0 D1 D2 D3hot D3cold
[    0.778512] pci 0000:00:02.2: PCI bridge to [bus 01]
[    0.778512] pci 0000:00:02.2:   bridge window [mem 0xfea00000-0xfeafffff]
[    0.778512] pci 0000:02:00.0: [10ec:8136] type 00 class 0x020000
[    0.778512] pci 0000:02:00.0: reg 0x10: [io  0xe000-0xe0ff]
[    0.778512] pci 0000:02:00.0: reg 0x18: [mem 0xd0804000-0xd0804fff 64bit pref]
[    0.778512] pci 0000:02:00.0: reg 0x20: [mem 0xd0800000-0xd0803fff 64bit pref]
[    0.778512] pci 0000:02:00.0: supports D1 D2
[    0.778512] pci 0000:02:00.0: PME# supported from D0 D1 D2 D3hot D3cold
[    0.778512] pci 0000:00:02.3: PCI bridge to [bus 02]
[    0.778512] pci 0000:00:02.3:   bridge window [io  0xe000-0xefff]
[    0.778512] pci 0000:00:02.3:   bridge window [mem 0xd0800000-0xd08fffff 64bit pref]
[    0.783257] ACPI: PCI Interrupt Link [LNKA] (IRQs 4 7 10 11 14 15) *0
[    0.783257] ACPI: PCI Interrupt Link [LNKB] (IRQs 4 7 10 11 14 15) *0
[    0.783257] ACPI: PCI Interrupt Link [LNKC] (IRQs 4 7 10 11 14 15) *0
[    0.783257] ACPI: PCI Interrupt Link [LNKD] (IRQs 4 7 10 11 14 15) *0
[    0.783257] ACPI: PCI Interrupt Link [LNKE] (IRQs 4 7 10 11 14 15) *0
[    0.783257] ACPI: PCI Interrupt Link [LNKF] (IRQs 4 7 10 11 14 15) *0
[    0.783257] ACPI: PCI Interrupt Link [LNKG] (IRQs 4 7 10 11 14 15) *0
[    0.783257] ACPI: PCI Interrupt Link [LNKH] (IRQs 4 7 10 11 14 15) *0
[    0.786098] ACPI: EC: interrupt unblocked
[    0.786098] ACPI: EC: event unblocked
[    0.786098] ACPI: \_SB_.PCI0.SBRG.EC0_: GPE=0x3, EC_CMD/EC_SC=0x66, EC_DATA=0x62
[    0.786098] ACPI: \_SB_.PCI0.SBRG.EC0_: Boot DSDT EC used to handle transactions and events
[    0.786952] pci 0000:00:01.0: vgaarb: setting as boot VGA device
[    0.786952] pci 0000:00:01.0: vgaarb: VGA device added: decodes=io+mem,owns=io+mem,locks=none
[    0.786952] pci 0000:00:01.0: vgaarb: bridge control possible
[    0.786952] vgaarb: loaded
[    0.787183] SCSI subsystem initialized
[    0.787499] libata version 3.00 loaded.
[    0.787499] ACPI: bus type USB registered
[    0.787499] usbcore: registered new interface driver usbfs
[    0.787499] usbcore: registered new interface driver hub
[    0.788302] usbcore: registered new device driver usb
[    0.788302] pps_core: LinuxPPS API ver. 1 registered
[    0.788302] pps_core: Software ver. 5.3.6 - Copyright 2005-2007 Rodolfo Giometti <giometti@linux.it>
[    0.788302] PTP clock support registered
[    0.789575] EDAC MC: Ver: 3.0.0
[    0.789575] Registered efivars operations
[    0.792718] Advanced Linux Sound Architecture Driver Initialized.
[    0.792718] PCI: Using ACPI for IRQ routing
[    0.802954] PCI: pci_cache_line_size set to 64 bytes
[    0.802954] e820: reserve RAM buffer [mem 0x9d0f8000-0x9fffffff]
[    0.802954] e820: reserve RAM buffer [mem 0x9d371000-0x9fffffff]
[    0.802954] e820: reserve RAM buffer [mem 0x9e9cc000-0x9fffffff]
[    0.802954] e820: reserve RAM buffer [mem 0x9eb25000-0x9fffffff]
[    0.802954] e820: reserve RAM buffer [mem 0x9f081000-0x9fffffff]
[    0.802954] e820: reserve RAM buffer [mem 0x9f400000-0x9fffffff]
[    0.802954] e820: reserve RAM buffer [mem 0x13f000000-0x13fffffff]
[    0.802954] NetLabel: Initializing
[    0.802954] NetLabel:  domain hash size = 128
[    0.802954] NetLabel:  protocols = UNLABELED CIPSOv4 CALIPSO
[    0.802954] NetLabel:  unlabeled traffic allowed by default
[    0.804091] hpet0: at MMIO 0xfed00000, IRQs 2, 8, 0
[    0.804091] hpet0: 3 comparators, 32-bit 14.318180 MHz counter
[    0.806564] clocksource: Switched to clocksource tsc-early
[    0.850832] VFS: Disk quotas dquot_6.6.0
[    0.850900] VFS: Dquot-cache hash table entries: 512 (order 0, 4096 bytes)
[    0.850997] *** VALIDATE hugetlbfs ***
[    0.851108] pnp: PnP ACPI init
[    0.851603] system 00:00: [mem 0xe0000000-0xefffffff] has been reserved
[    0.851695] system 00:00: Plug and Play ACPI device, IDs PNP0c01 (active)
[    0.851956] system 00:01: [mem 0xa0000000-0xbfffffff] has been reserved
[    0.852030] system 00:01: Plug and Play ACPI device, IDs PNP0c02 (active)
[    0.852296] system 00:02: Plug and Play ACPI device, IDs PNP0c02 (active)
[    0.852443] pnp 00:03: Plug and Play ACPI device, IDs PNP0b00 (active)
[    0.852678] system 00:04: [io  0x04d0-0x04d1] has been reserved
[    0.852752] system 00:04: Plug and Play ACPI device, IDs PNP0c02 (active)
[    0.853006] pnp 00:05: Plug and Play ACPI device, IDs ETD0108 SYN0a00 SYN0002 PNP0f03 PNP0f13 PNP0f12 (active)
[    0.853183] pnp 00:06: Plug and Play ACPI device, IDs ATK3001 PNP030b (active)
[    0.853999] system 00:07: [io  0x04d0-0x04d1] has been reserved
[    0.854013] system 00:07: [io  0x040b] has been reserved
[    0.854024] system 00:07: [io  0x04d6] has been reserved
[    0.854035] system 00:07: [io  0x0c00-0x0c01] has been reserved
[    0.854046] system 00:07: [io  0x0c14] has been reserved
[    0.854057] system 00:07: [io  0x0c50-0x0c51] has been reserved
[    0.854068] system 00:07: [io  0x0c52] has been reserved
[    0.854078] system 00:07: [io  0x0c6c] has been reserved
[    0.854089] system 00:07: [io  0x0c6f] has been reserved
[    0.854099] system 00:07: [io  0x0cd0-0x0cd1] has been reserved
[    0.854110] system 00:07: [io  0x0cd2-0x0cd3] has been reserved
[    0.854121] system 00:07: [io  0x0cd4-0x0cd5] has been reserved
[    0.854131] system 00:07: [io  0x0cd6-0x0cd7] has been reserved
[    0.854142] system 00:07: [io  0x0cd8-0x0cdf] has been reserved
[    0.854152] system 00:07: [io  0x0800-0x089f] has been reserved
[    0.854163] system 00:07: [io  0x0900-0x090f] has been reserved
[    0.854173] system 00:07: [io  0x0910-0x091f] has been reserved
[    0.854184] system 00:07: [io  0xfe00-0xfefe] has been reserved
[    0.854198] system 00:07: [mem 0xfec00000-0xfec00fff] could not be reserved
[    0.854211] system 00:07: [mem 0xfee00000-0xfee00fff] has been reserved
[    0.854222] system 00:07: [mem 0xfed80000-0xfed8ffff] has been reserved
[    0.854234] system 00:07: [mem 0xfed61000-0xfed70fff] has been reserved
[    0.854245] system 00:07: [mem 0xfec10000-0xfec10fff] has been reserved
[    0.854257] system 00:07: [mem 0xfed00000-0xfed00fff] could not be reserved
[    0.854269] system 00:07: [mem 0xff000000-0xffffffff] has been reserved
[    0.854361] system 00:07: Plug and Play ACPI device, IDs PNP0c02 (active)
[    0.855200] pnp: PnP ACPI: found 8 devices
[    0.870397] clocksource: acpi_pm: mask: 0xffffff max_cycles: 0xffffff, max_idle_ns: 2085701024 ns
[    0.870462] pci 0000:00:02.2: PCI bridge to [bus 01]
[    0.870482] pci 0000:00:02.2:   bridge window [mem 0xfea00000-0xfeafffff]
[    0.870501] pci 0000:00:02.3: PCI bridge to [bus 02]
[    0.870515] pci 0000:00:02.3:   bridge window [io  0xe000-0xefff]
[    0.870532] pci 0000:00:02.3:   bridge window [mem 0xd0800000-0xd08fffff 64bit pref]
[    0.870554] pci_bus 0000:00: resource 4 [io  0x0000-0x03af window]
[    0.870566] pci_bus 0000:00: resource 5 [io  0x03e0-0x0cf7 window]
[    0.870577] pci_bus 0000:00: resource 6 [io  0x03b0-0x03df window]
[    0.870587] pci_bus 0000:00: resource 7 [io  0x0d00-0xffff window]
[    0.870598] pci_bus 0000:00: resource 8 [mem 0x000a0000-0x000bffff window]
[    0.870609] pci_bus 0000:00: resource 9 [mem 0x000c0000-0x000dffff window]
[    0.870620] pci_bus 0000:00: resource 10 [mem 0xc0000000-0xffffffff window]
[    0.870631] pci_bus 0000:01: resource 1 [mem 0xfea00000-0xfeafffff]
[    0.870642] pci_bus 0000:02: resource 0 [io  0xe000-0xefff]
[    0.870652] pci_bus 0000:02: resource 2 [mem 0xd0800000-0xd08fffff 64bit pref]
[    0.870919] NET: Registered protocol family 2
[    0.871956] tcp_listen_portaddr_hash hash table entries: 2048 (order: 3, 32768 bytes)
[    0.872029] TCP established hash table entries: 32768 (order: 6, 262144 bytes)
[    0.872252] TCP bind hash table entries: 32768 (order: 7, 524288 bytes)
[    0.872487] TCP: Hash tables configured (established 32768 bind 32768)
[    0.872645] UDP hash table entries: 2048 (order: 4, 65536 bytes)
[    0.872711] UDP-Lite hash table entries: 2048 (order: 4, 65536 bytes)
[    0.872894] NET: Registered protocol family 1
[    0.873282] RPC: Registered named UNIX socket transport module.
[    0.873293] RPC: Registered udp transport module.
[    0.873300] RPC: Registered tcp transport module.
[    0.873307] RPC: Registered tcp NFSv4.1 backchannel transport module.
[    0.873891] pci 0000:00:01.0: Video device with shadowed ROM at [mem 0x000c0000-0x000dffff]
[    0.874395] pci 0000:00:12.0: enabling device (0000 -> 0002)
[    0.875010] pci 0000:00:12.2: PME# does not work under D3, disabling it
[    0.875034] pci 0000:00:13.0: enabling device (0000 -> 0002)
[    0.875673] pci 0000:00:13.2: PME# does not work under D3, disabling it
[    0.875762] PCI: CLS 64 bytes, default 64
[    0.875894] PCI-DMA: Using software bounce buffering for IO (SWIOTLB)
[    0.875907] software IO TLB: mapped [mem 0x97989000-0x9b989000] (64MB)
[    0.876118] amd_uncore: AMD NB counters detected
[    0.876134] amd_uncore: AMD LLC counters detected
[    0.876250] LVT offset 0 assigned for vector 0x400
[    0.876310] perf: AMD IBS detected (0x000000ff)
[    0.876330] kvm: no hardware support
[    0.876433] kvm: Nested Virtualization enabled
[    0.876445] kvm: Nested Paging enabled
[    0.877372] check: Scanning for low memory corruption every 60 seconds
[    0.881106] Initialise system trusted keyrings
[    0.881432] workingset: timestamp_bits=56 max_order=20 bucket_order=0
[    0.896605] fuse: init (API version 7.30)
[    0.897235] Key type asymmetric registered
[    0.897247] Asymmetric key parser 'x509' registered
[    0.897336] Block layer SCSI generic (bsg) driver version 0.4 loaded (major 249)
[    0.897349] io scheduler mq-deadline registered
[    0.897358] io scheduler kyber registered
[    0.898200] pcieport 0000:00:02.2: PME: Signaling with IRQ 25
[    0.898901] pcieport 0000:00:02.3: PME: Signaling with IRQ 27
[    0.901709] uvesafb: failed to execute /sbin/v86d
[    0.901724] uvesafb: make sure that the v86d helper is installed and executable
[    0.901736] uvesafb: Getting VBE info block failed (eax=0x4f00, err=-2)
[    0.901745] uvesafb: vbe_init() failed with -22
[    0.901764] uvesafb: probe of uvesafb.0 failed with error -22
[    0.901895] efifb: probing for efifb
[    0.901952] efifb: framebuffer at 0xc0000000, using 4224k, total 4224k
[    0.901962] efifb: mode is 1366x768x32, linelength=5632, pages=1
[    0.901969] efifb: scrolling: redraw
[    0.901978] efifb: Truecolor: size=8:8:8:8, shift=24:16:8:0
[    0.912593] Console: switching to colour frame buffer device 170x48
[    0.922334] fb0: EFI VGA frame buffer device
[    0.922986] ACPI: AC Adapter [AC0] (on-line)
[    0.923393] input: Power Button as /devices/LNXSYSTM:00/LNXSYBUS:00/PNP0C0C:00/input/input0
[    0.923552] ACPI: Power Button [PWRB]
[    0.923847] input: Lid Switch as /devices/LNXSYSTM:00/LNXSYBUS:00/PNP0C0D:00/input/input1
[    0.923995] ACPI: Lid Switch [LID]
[    0.924271] input: Sleep Button as /devices/LNXSYSTM:00/LNXSYBUS:00/PNP0C0E:00/input/input2
[    0.924434] ACPI: Sleep Button [SLPB]
[    0.924709] input: Power Button as /devices/LNXSYSTM:00/LNXPWRBN:00/input/input3
[    0.924846] ACPI: Power Button [PWRF]
[    0.930256] thermal LNXTHERM:00: registered as thermal_zone0
[    0.930364] ACPI: Thermal Zone [THRM] (42 C)
[    0.932920] Serial: 8250/16550 driver, 4 ports, IRQ sharing enabled
[    0.938613] Non-volatile memory driver v1.3
[    0.938896] Linux agpgart interface v0.103
[    0.946934] loop: module loaded
[    0.947568] ahci 0000:00:11.0: version 3.0
[    0.948040] ahci 0000:00:11.0: AHCI 0001.0300 32 slots 2 ports 6 Gbps 0x3 impl SATA mode
[    0.948178] ahci 0000:00:11.0: flags: 64bit ncq sntf ilck pm led clo pmp pio slum part 
[    0.954858] scsi host0: ahci
[    0.958839] scsi host1: ahci
[    0.962251] ata1: SATA max UDMA/133 abar m1024@0xfeb6f000 port 0xfeb6f100 irq 28
[    0.965470] ata2: SATA max UDMA/133 abar m1024@0xfeb6f000 port 0xfeb6f180 irq 28
[    0.969923] tun: Universal TUN/TAP device driver, 1.6
[    0.973377] e1000: Intel(R) PRO/1000 Network Driver - version 7.3.21-k8-NAPI
[    0.976613] e1000: Copyright (c) 1999-2006 Intel Corporation.
[    0.980484] e1000e: Intel(R) PRO/1000 Network Driver - 3.2.6-k
[    0.983631] e1000e: Copyright(c) 1999 - 2015 Intel Corporation.
[    0.986913] sky2: driver version 1.30
[    0.990241] r8169 0000:02:00.0: can't disable ASPM; OS doesn't have ASPM control
[    0.994416] libphy: r8169: probed
[    0.998211] r8169 0000:02:00.0 eth0: RTL8105e, 74:d0:2b:a3:a6:42, XID 40a, IRQ 30
[    1.001772] ath9k 0000:01:00.0: enabling device (0000 -> 0002)
[    1.005357] ath: phy0: Disable PLL PowerSave
[    1.016046] ath: phy0: ASPM enabled: 0x42
[    1.019250] ath: EEPROM regdomain: 0x60
[    1.019252] ath: EEPROM indicates we should expect a direct regpair map
[    1.019257] ath: Country alpha2 being used: 00
[    1.019259] ath: Regpair used: 0x60
[    1.022052] ieee80211 phy0: Selected rate control algorithm 'minstrel_ht'
[    1.022774] ieee80211 phy0: Atheros AR9485 Rev:1 mem=0xffffb3e502f00000, irq=31
[    1.026821] ehci_hcd: USB 2.0 'Enhanced' Host Controller (EHCI) Driver
[    1.030123] ehci-pci: EHCI PCI platform driver
[    1.033729] ehci-pci 0000:00:12.2: EHCI Host Controller
[    1.038772] ehci-pci 0000:00:12.2: new USB bus registered, assigned bus number 1
[    1.042117] ehci-pci 0000:00:12.2: applying AMD SB700/SB800/Hudson-2/3 EHCI dummy qh workaround
[    1.045523] ehci-pci 0000:00:12.2: debug port 1
[    1.049229] ehci-pci 0000:00:12.2: irq 17, io mem 0xfeb6d000
[    1.085942] ehci-pci 0000:00:12.2: USB 2.0 started, EHCI 1.00
[    1.089308] usb usb1: New USB device found, idVendor=1d6b, idProduct=0002, bcdDevice= 5.02
[    1.092652] usb usb1: New USB device strings: Mfr=3, Product=2, SerialNumber=1
[    1.095958] usb usb1: Product: EHCI Host Controller
[    1.099194] usb usb1: Manufacturer: Linux 5.2.0-rc2+ ehci_hcd
[    1.102398] usb usb1: SerialNumber: 0000:00:12.2
[    1.105983] hub 1-0:1.0: USB hub found
[    1.109079] hub 1-0:1.0: 4 ports detected
[    1.114464] ehci-pci 0000:00:13.2: EHCI Host Controller
[    1.118384] ehci-pci 0000:00:13.2: new USB bus registered, assigned bus number 2
[    1.121387] ehci-pci 0000:00:13.2: applying AMD SB700/SB800/Hudson-2/3 EHCI dummy qh workaround
[    1.124421] ehci-pci 0000:00:13.2: debug port 1
[    1.127501] ehci-pci 0000:00:13.2: irq 17, io mem 0xfeb6b000
[    1.155280] ehci-pci 0000:00:13.2: USB 2.0 started, EHCI 1.00
[    1.158303] usb usb2: New USB device found, idVendor=1d6b, idProduct=0002, bcdDevice= 5.02
[    1.161326] usb usb2: New USB device strings: Mfr=3, Product=2, SerialNumber=1
[    1.164358] usb usb2: Product: EHCI Host Controller
[    1.167347] usb usb2: Manufacturer: Linux 5.2.0-rc2+ ehci_hcd
[    1.170317] usb usb2: SerialNumber: 0000:00:13.2
[    1.173653] hub 2-0:1.0: USB hub found
[    1.177387] hub 2-0:1.0: 4 ports detected
[    1.182441] ohci_hcd: USB 1.1 'Open' Host Controller (OHCI) Driver
[    1.185532] ohci-pci: OHCI PCI platform driver
[    1.188734] ohci-pci 0000:00:12.0: OHCI PCI host controller
[    1.191861] ohci-pci 0000:00:12.0: new USB bus registered, assigned bus number 3
[    1.194868] ohci-pci 0000:00:12.0: irq 18, io mem 0xfeb6e000
[    1.207018] battery: ACPI: Battery Slot [BAT0] (battery present)
[    1.269390] usb usb3: New USB device found, idVendor=1d6b, idProduct=0001, bcdDevice= 5.02
[    1.272384] usb usb3: New USB device strings: Mfr=3, Product=2, SerialNumber=1
[    1.275354] usb usb3: Product: OHCI PCI host controller
[    1.278268] usb usb3: Manufacturer: Linux 5.2.0-rc2+ ohci_hcd
[    1.281156] usb usb3: SerialNumber: 0000:00:12.0
[    1.284394] hub 3-0:1.0: USB hub found
[    1.287249] hub 3-0:1.0: 4 ports detected
[    1.292408] ohci-pci 0000:00:13.0: OHCI PCI host controller
[    1.295561] ohci-pci 0000:00:13.0: new USB bus registered, assigned bus number 4
[    1.298427] ohci-pci 0000:00:13.0: irq 18, io mem 0xfeb6c000
[    1.305292] ata2: SATA link down (SStatus 0 SControl 300)
[    1.369362] usb usb4: New USB device found, idVendor=1d6b, idProduct=0001, bcdDevice= 5.02
[    1.372243] usb usb4: New USB device strings: Mfr=3, Product=2, SerialNumber=1
[    1.375094] usb usb4: Product: OHCI PCI host controller
[    1.377923] usb usb4: Manufacturer: Linux 5.2.0-rc2+ ohci_hcd
[    1.380769] usb usb4: SerialNumber: 0000:00:13.0
[    1.384014] hub 4-0:1.0: USB hub found
[    1.386824] hub 4-0:1.0: 4 ports detected
[    1.391745] uhci_hcd: USB Universal Host Controller Interface driver
[    1.394759] usbcore: registered new interface driver usblp
[    1.397711] usbcore: registered new interface driver usb-storage
[    1.400651] usbcore: registered new interface driver ch341
[    1.403435] usbserial: USB Serial support registered for ch341-uart
[    1.406706] i8042: PNP: PS/2 Controller [PNP030b:PS2K,PNP0f03:PS2M] at 0x60,0x64 irq 1,12
[    1.411298] i8042: Detected active multiplexing controller, rev 1.1
[    1.414872] serio: i8042 KBD port at 0x60,0x64 irq 1
[    1.417792] serio: i8042 AUX0 port at 0x60,0x64 irq 12
[    1.420698] serio: i8042 AUX1 port at 0x60,0x64 irq 12
[    1.423577] serio: i8042 AUX2 port at 0x60,0x64 irq 12
[    1.426337] serio: i8042 AUX3 port at 0x60,0x64 irq 12
[    1.429819] mousedev: PS/2 mouse device common for all mice
[    1.433453] rtc_cmos 00:03: RTC can wake from S4
[    1.436608] rtc_cmos 00:03: registered as rtc0
[    1.439285] rtc_cmos 00:03: alarms up to one month, y3k, 114 bytes nvram, hpet irqs
[    1.442570] device-mapper: ioctl: 4.40.0-ioctl (2019-01-18) initialised: dm-devel@redhat.com
[    1.445544] EFI Variables Facility v0.08 2004-May-17
[    1.458171] hidraw: raw HID events driver (C) Jiri Kosina
[    1.464319] usbcore: registered new interface driver usbhid
[    1.467141] usbhid: USB HID core driver
[    1.472817] input: AT Translated Set 2 keyboard as /devices/platform/i8042/serio0/input/input4
[    1.481142] snd_hda_intel 0000:00:01.1: enabling device (0000 -> 0002)
[    1.484299] snd_hda_intel 0000:00:01.1: Force to non-snoop mode
[    1.492838] Initializing XFRM netlink socket
[    1.495712] ata1: SATA link up 6.0 Gbps (SStatus 133 SControl 300)
[    1.499739] NET: Registered protocol family 10
[    1.503880] Segment Routing with IPv6
[    1.507385] snd_hda_codec_generic hdaudioC0D0: autoconfig for Generic: line_outs=0 (0x0/0x0/0x0/0x0/0x0) type:line
[    1.507496] ata1.00: ATA-8: KINGSTON SV300S37A120G, 603ABBF0, max UDMA/133
[    1.510307] snd_hda_codec_generic hdaudioC0D0:    speaker_outs=0 (0x0/0x0/0x0/0x0/0x0)
[    1.513346] ata1.00: 234441648 sectors, multi 1: LBA48 NCQ (depth 32), AA
[    1.516301] snd_hda_codec_generic hdaudioC0D0:    hp_outs=0 (0x0/0x0/0x0/0x0/0x0)
[    1.522403] snd_hda_codec_generic hdaudioC0D0:    mono: mono_out=0x0
[    1.525468] snd_hda_codec_generic hdaudioC0D0:    dig-out=0x3/0x0
[    1.528477] snd_hda_codec_generic hdaudioC0D0:    inputs:
[    1.530565] ata1.00: configured for UDMA/133
[    1.531716] sit: IPv6, IPv4 and MPLS over IPv4 tunneling driver
[    1.537601] scsi 0:0:0:0: Direct-Access     ATA      KINGSTON SV300S3 BBF0 PQ: 0 ANSI: 5
[    1.541418] random: fast init done
[    1.546131] sd 0:0:0:0: [sda] 234441648 512-byte logical blocks: (120 GB/112 GiB)
[    1.549214] sd 0:0:0:0: [sda] Write Protect is off
[    1.552263] sd 0:0:0:0: [sda] Mode Sense: 00 3a 00 00
[    1.552501] sd 0:0:0:0: Attached scsi generic sg0 type 0
[    1.558030] snd_hda_codec_realtek hdaudioC1D0: autoconfig for ALC3229: line_outs=1 (0x14/0x0/0x0/0x0/0x0) type:speaker
[    1.561199] snd_hda_codec_realtek hdaudioC1D0:    speaker_outs=0 (0x0/0x0/0x0/0x0/0x0)
[    1.564399] snd_hda_codec_realtek hdaudioC1D0:    hp_outs=1 (0x21/0x0/0x0/0x0/0x0)
[    1.567617] snd_hda_codec_realtek hdaudioC1D0:    mono: mono_out=0x0
[    1.570779] snd_hda_codec_realtek hdaudioC1D0:    inputs:
[    1.573859] snd_hda_codec_realtek hdaudioC1D0:      Mic=0x19
[    1.577027] sd 0:0:0:0: [sda] Write cache: enabled, read cache: enabled, doesn't support DPO or FUA
[    1.581565] NET: Registered protocol family 17
[    1.585405] mce: Using 6 MCE banks
[    1.588638] microcode: CPU0: patch_level=0x0700010b
[    1.591831] microcode: CPU1: patch_level=0x0700010b
[    1.596322]  sda: sda1 sda2 sda3 sda4 sda5 sda6
[    1.601175] sd 0:0:0:0: [sda] Attached SCSI disk
[    1.605365] input: HDA ATI HDMI HDMI as /devices/pci0000:00/0000:00:01.1/sound/card0/input6
[    1.611933] microcode: Microcode Update Driver: v2.2.
[    1.611988] sched_clock: Marking stable (1603384501, 1787463)->(1732606056, -127434092)
[    1.621671] rq->curr->pid = 18
[    1.621673] proc 0
[    1.624909] rq->nr_running rq->cfs.nr_running : 1 1
[    1.625792] registered taskstats version 1
[    1.628089] rq->load.weight, rq->cfs.load.weight : 1048576 1048576
[    1.628091] ----------------^^^^CPU0^^^^^-----------------------
[    1.631301] Loading compiled-in X.509 certificates
[    1.634473] rq->curr->pid = 1
[    1.634478] color, tsk->comm, weight, vruntime: -123063810403944 rcu_sched 1048576 803202944
[    1.647074] color, tsk->comm, weight, vruntime: -123063806042343 kworker/u8:1 1048576 809244490
[    1.650313] color, tsk->comm, weight, vruntime: 1 kworker/1:3 1048576 820952989
[    1.653523] proc 3
[    1.656728] rq->nr_running rq->cfs.nr_running : 4 4
[    1.662870] rq->load.weight, rq->cfs.load.weight : 4194304 4194304
[    1.662871] ----------------^^^^CPU1^^^^^-----------------------
[    1.676251] input: HD-Audio Generic Headphone as /devices/pci0000:00/0000:00:14.2/sound/card1/input14
[    1.683759] acpi_cpufreq: overriding BIOS provided _PSD data
[    1.687179] cfg80211: Loading compiled-in X.509 certificates for regulatory database
[    1.691946] cfg80211: Loaded X.509 cert 'sforshee: 00b28ddf47aef9cea7'
[    1.695168] ALSA device list:
[    1.698345]   #0: HDA ATI HDMI at 0xfeb64000 irq 33
[    1.701616] platform regulatory.0: Direct firmware load for regulatory.db failed with error -2
[    1.704877] cfg80211: failed to load regulatory.db
[    1.708226]   #1: HD-Audio Generic at 0xfeb60000 irq 16
[    1.889179] usb 4-2: new full-speed USB device number 2 using ohci-pci
[    1.919135] tsc: Refined TSC clocksource calibration: 998.127 MHz
[    1.922396] clocksource: tsc: mask: 0xffffffffffffffff max_cycles: 0x1cc65b93289, max_idle_ns: 881590487074 ns
[    1.925716] clocksource: Switched to clocksource tsc
[    2.162261] usb 4-2: New USB device found, idVendor=13d3, idProduct=3362, bcdDevice= 0.01
[    2.165636] usb 4-2: New USB device strings: Mfr=1, Product=2, SerialNumber=3
[    2.169004] usb 4-2: Product: Bluetooth USB Host Controller
[    2.172403] usb 4-2: Manufacturer: Atheros Communications
[    2.175823] usb 4-2: SerialNumber: Alaska Day 2006
[    2.322106] input: PS/2 Logitech Wheel Mouse as /devices/platform/i8042/serio4/input/input13
[    2.328232] md: Waiting for all devices to be available before autodetect
[    2.331681] md: If you don't use raid, use raid=noautodetect
[    2.335573] md: Autodetecting RAID arrays.
[    2.339039] md: autorun ...
[    2.342478] md: ... autorun DONE.
[    2.350976] EXT4-fs (sda2): mounted filesystem with ordered data mode. Opts: (null)
[    2.354493] VFS: Mounted root (ext4 filesystem) readonly on device 8:2.
[    2.359241] devtmpfs: mounted
[    2.363442] Freeing unused kernel image memory: 1296K
[    2.399181] Write protecting the kernel read-only data: 22528k
[    2.404248] Freeing unused kernel image memory: 1984K
[    2.408862] Freeing unused kernel image memory: 1692K
[    2.412318] Run /sbin/init as init process
[    2.469431] stty (1758) used greatest stack depth: 13792 bytes left
[    2.496075] dmesg (1759) used greatest stack depth: 13736 bytes left
[    2.519212] usb 2-3: new high-speed USB device number 3 using ehci-pci
[    2.570483] sed (1772) used greatest stack depth: 13256 bytes left
[    2.639197] rq->curr->pid = 37
[    2.639200] proc 0
[    2.642781] rq->nr_running rq->cfs.nr_running : 1 1
[    2.642783] rq->load.weight, rq->cfs.load.weight : 1048576 1048576
[    2.642784] ----------------^^^^CPU0^^^^^-----------------------
[    2.642786] rq->curr->pid = 18
[    2.642787] proc 0
[    2.642789] rq->nr_running rq->cfs.nr_running : 1 1
[    2.642791] rq->load.weight, rq->cfs.load.weight : 1048576 1048576
[    2.642792] ----------------^^^^CPU1^^^^^-----------------------
[    2.760832] ip (1816) used greatest stack depth: 12552 bytes left
[    2.768071] usb 2-3: New USB device found, idVendor=04f2, idProduct=b404, bcdDevice=69.63
[    2.771823] usb 2-3: New USB device strings: Mfr=3, Product=1, SerialNumber=2
[    2.771828] usb 2-3: Product: USB2.0 HD UVC WebCam
[    2.771833] usb 2-3: Manufacturer: Chicony Electronics Co.,Ltd.
[    2.771836] usb 2-3: SerialNumber: 0x0001
[    2.873394] udevd[1850]: starting version 3.2.1
[    2.882538] random: udevd: uninitialized urandom read (16 bytes read)
[    2.886517] random: udevd: uninitialized urandom read (16 bytes read)
[    2.890432] random: udevd: uninitialized urandom read (16 bytes read)
[    2.908041] udevd[1851]: starting eudev-3.2.1
[    3.258949] ath9k 0000:01:00.0 wlp1s0: renamed from wlan0
[    3.312514] r8169 0000:02:00.0 enp2s0: renamed from eth0
[    3.336639] [drm] radeon kernel modesetting enabled.
[    3.353566] radeon 0000:00:01.0: remove_conflicting_pci_framebuffers: bar 0: 0xc0000000 -> 0xcfffffff
[    3.357191] radeon 0000:00:01.0: remove_conflicting_pci_framebuffers: bar 2: 0xd0000000 -> 0xd07fffff
[    3.360772] radeon 0000:00:01.0: remove_conflicting_pci_framebuffers: bar 5: 0xfeb00000 -> 0xfeb3ffff
[    3.374869] checking generic (c0000000 420000) vs hw (c0000000 10000000)
[    3.374874] fb0: switching to radeondrmfb from EFI VGA
[    3.378390] Console: switching to colour dummy device 80x25
[    3.383453] radeon 0000:00:01.0: vgaarb: deactivate vga console
[    3.385084] [drm] initializing kernel modesetting (KABINI 0x1002:0x9839 0x1043:0x141D 0x00).
[    3.385160] [drm] doorbell mmio base: 0xD0000000
[    3.385169] [drm] doorbell mmio size: 8388608
[    3.385212] ATOM BIOS: AMD
[    3.385299] [drm] Changing default dispclk from 400Mhz to 600Mhz
[    3.385347] radeon 0000:00:01.0: VRAM: 512M 0x0000000000000000 - 0x000000001FFFFFFF (512M used)
[    3.385363] radeon 0000:00:01.0: GTT: 2048M 0x0000000020000000 - 0x000000009FFFFFFF
[    3.385389] [drm] Detected VRAM RAM=512M, BAR=256M
[    3.385398] [drm] RAM width 128bits DDR
[    3.393440] [TTM] Zone  kernel: Available graphics memory: 1729512 KiB
[    3.393461] [TTM] Initializing pool allocator
[    3.393480] [TTM] Initializing DMA pool allocator
[    3.393549] [drm] radeon: 512M of VRAM memory ready
[    3.393559] [drm] radeon: 2048M of GTT memory ready.
[    3.393611] [drm] Loading kabini Microcode
[    3.406421] [drm] Internal thermal controller without fan control
[    3.407271] [drm] radeon: dpm initialized
[    3.408526] [drm] Found UVD firmware Version: 1.64 Family ID: 9
[    3.413230] [drm] Found VCE firmware/feedback version 40.2.2 / 15!
[    3.413290] [drm] GART: num cpu pages 524288, num gpu pages 524288
[    3.503717] [drm] PCIE GART of 2048M enabled (table at 0x000000000030E000).
[    3.506333] radeon 0000:00:01.0: WB enabled
[    3.506388] radeon 0000:00:01.0: fence driver on ring 0 use gpu addr 0x0000000020000c00 and cpu addr 0x(____ptrval____)
[    3.506406] radeon 0000:00:01.0: fence driver on ring 1 use gpu addr 0x0000000020000c04 and cpu addr 0x(____ptrval____)
[    3.506422] radeon 0000:00:01.0: fence driver on ring 2 use gpu addr 0x0000000020000c08 and cpu addr 0x(____ptrval____)
[    3.506437] radeon 0000:00:01.0: fence driver on ring 3 use gpu addr 0x0000000020000c0c and cpu addr 0x(____ptrval____)
[    3.506452] radeon 0000:00:01.0: fence driver on ring 4 use gpu addr 0x0000000020000c10 and cpu addr 0x(____ptrval____)
[    3.507393] radeon 0000:00:01.0: fence driver on ring 5 use gpu addr 0x0000000000078d30 and cpu addr 0x(____ptrval____)
[    3.507802] radeon 0000:00:01.0: fence driver on ring 6 use gpu addr 0x0000000020000c18 and cpu addr 0x(____ptrval____)
[    3.507819] radeon 0000:00:01.0: fence driver on ring 7 use gpu addr 0x0000000020000c1c and cpu addr 0x(____ptrval____)
[    3.507834] [drm] Supports vblank timestamp caching Rev 2 (21.10.2013).
[    3.507842] [drm] Driver supports precise vblank timestamp query.
[    3.507960] radeon 0000:00:01.0: radeon: using MSI.
[    3.508025] [drm] radeon: irq initialized.
[    3.520859] [drm] ring test on 0 succeeded in 4 usecs
[    3.520995] [drm] ring test on 1 succeeded in 3 usecs
[    3.521034] [drm] ring test on 2 succeeded in 4 usecs
[    3.521363] [drm] ring test on 3 succeeded in 6 usecs
[    3.521382] [drm] ring test on 4 succeeded in 6 usecs
[    3.649237] rq->curr->pid = 2428
[    3.649243] color, tsk->comm, weight, vruntime: -123063791227751 udevd 1048576 2492467278
[    3.649262] color, tsk->comm, weight, vruntime: 1 ksoftirqd/0 1048576 2492467278
[    3.649274] color, tsk->comm, weight, vruntime: -123063816453992 rcu_sched 1048576 2492467278
[    3.649285] color, tsk->comm, weight, vruntime: -123063791227751 udevd 1048576 2498467278
[    3.649296] color, tsk->comm, weight, vruntime: -123063816453992 udevd 1048576 2501091076
[    3.649305] proc 5
[    3.649316] rq->nr_running rq->cfs.nr_running : 6 6
[    3.649326] rq->load.weight, rq->cfs.load.weight : 6291456 6291456
[    3.649328] ----------------^^^^CPU0^^^^^-----------------------
[    3.649335] rq->curr->pid = 18
[    3.649344] color, tsk->comm, weight, vruntime: 1 udevd 1048576 2012332333
[    3.649351] color, tsk->comm, weight, vruntime: -123063829321448 libinput-device 1048576 2012819085
[    3.649358] proc 2
[    3.649368] rq->nr_running rq->cfs.nr_running : 3 3
[    3.649378] rq->load.weight, rq->cfs.load.weight : 3145728 3145728
[    3.649380] ----------------^^^^CPU1^^^^^-----------------------
[    3.651637] [drm] ring test on 5 succeeded in 2 usecs
[    3.702550] [drm] UVD initialized successfully.
[    3.853126] [drm] ring test on 6 succeeded in 19 usecs
[    3.853158] [drm] ring test on 7 succeeded in 3 usecs
[    3.853165] [drm] VCE initialized successfully.
[    3.855493] [drm] ib test on ring 0 succeeded in 0 usecs
[    3.856170] [drm] ib test on ring 1 succeeded in 0 usecs
[    3.856446] [drm] ib test on ring 2 succeeded in 0 usecs
[    3.857090] [drm] ib test on ring 3 succeeded in 0 usecs
[    3.857368] [drm] ib test on ring 4 succeeded in 0 usecs
[    3.882643] [drm] ib test on ring 5 succeeded
[    3.907813] [drm] ib test on ring 6 succeeded
[    3.908809] [drm] ib test on ring 7 succeeded
[    3.959198] [drm] radeon atom DIG backlight initialized
[    3.959224] [drm] Radeon Display Connectors
[    3.959232] [drm] Connector 0:
[    3.959239] [drm]   LVDS-1
[    3.959245] [drm]   HPD1
[    3.959254] [drm]   DDC: 0x6530 0x6530 0x6534 0x6534 0x6538 0x6538 0x653c 0x653c
[    3.959263] [drm]   Encoders:
[    3.959269] [drm]     LCD1: INTERNAL_UNIPHY
[    3.959275] [drm] Connector 1:
[    3.959281] [drm]   HDMI-A-1
[    3.959286] [drm]   HPD2
[    3.959293] [drm]   DDC: 0x6540 0x6540 0x6544 0x6544 0x6548 0x6548 0x654c 0x654c
[    3.959302] [drm]   Encoders:
[    3.959307] [drm]     DFP1: INTERNAL_UNIPHY
[    3.959313] [drm] Connector 2:
[    3.959319] [drm]   VGA-1
[    3.959326] [drm]   DDC: 0x65c0 0x65c0 0x65c4 0x65c4 0x65c8 0x65c8 0x65cc 0x65cc
[    3.959335] [drm]   Encoders:
[    3.959340] [drm]     CRT1: INTERNAL_KLDSCP_DAC1
[    4.659129] rq->curr->pid = 0
[    4.659132] proc 0
[    4.659150] rq->nr_running rq->cfs.nr_running : 0 0
[    4.659162] rq->load.weight, rq->cfs.load.weight : 0 0
[    4.659163] ----------------^^^^CPU0^^^^^-----------------------
[    4.659170] rq->curr->pid = 18
[    4.659178] proc 0
[    4.659184] rq->nr_running rq->cfs.nr_running : 1 1
[    4.659195] rq->load.weight, rq->cfs.load.weight : 1048576 1048576
[    4.659196] ----------------^^^^CPU1^^^^^-----------------------
[    5.041299] [drm] fb mappable at 0xC0722000
[    5.041319] [drm] vram apper at 0xC0000000
[    5.041325] [drm] size 4325376
[    5.041331] [drm] fb depth is 24
[    5.041337] [drm]    pitch is 5632
[    5.041672] fbcon: radeondrmfb (fb0) is primary device
[    5.149388] Console: switching to colour frame buffer device 170x48
[    5.159723] radeon 0000:00:01.0: fb0: radeondrmfb frame buffer device
[    5.207957] [drm] Initialized radeon 2.50.0 20080528 for 0000:00:01.0 on minor 0
[    5.292980] Adding 3608572k swap on /dev/sda4.  Priority:1 extents:1 across:3608572k SS
[    5.346605] EXT4-fs (sda2): re-mounted. Opts: (null)
[    5.453971] EXT4-fs (sda2): re-mounted. Opts: (null)
[    5.669361] rq->curr->pid = 18
[    5.669364] proc 0
[    5.669427] rq->nr_running rq->cfs.nr_running : 1 1
[    5.669539] rq->load.weight, rq->cfs.load.weight : 1048576 1048576
[    5.669540] ----------------^^^^CPU0^^^^^-----------------------
[    5.669637] rq->curr->pid = 3322
[    5.669730] proc 0
[    5.669783] rq->nr_running rq->cfs.nr_running : 1 1
[    5.673236] rq->load.weight, rq->cfs.load.weight : 1048576 1048576
[    5.673240] ----------------^^^^CPU1^^^^^-----------------------
[    6.679163] rq->curr->pid = 0
[    6.682802] proc 0
[    6.686361] rq->nr_running rq->cfs.nr_running : 0 0
[    6.693492] rq->load.weight, rq->cfs.load.weight : 0 0
[    6.693494] ----------------^^^^CPU0^^^^^-----------------------
[    6.697079] rq->curr->pid = 18
[    6.700747] proc 0
[    6.704411] rq->nr_running rq->cfs.nr_running : 1 1
[    6.711675] rq->load.weight, rq->cfs.load.weight : 1048576 1048576
[    6.711679] ----------------^^^^CPU1^^^^^-----------------------
[    7.689414] rq->curr->pid = 4040
[    7.693254] color, tsk->comm, weight, vruntime: -123063884968424 klogd 1048576 5653767265
[    7.697122] color, tsk->comm, weight, vruntime: -123063810407399 syslogd 1048576 5660137947
[    7.701182] color, tsk->comm, weight, vruntime: -123063810424679 syslogd 1048576 5660151876
[    7.705249] color, tsk->comm, weight, vruntime: -123063810424679 syslogd 1048576 5660156713
[    7.709321] color, tsk->comm, weight, vruntime: -123063790215399 syslogd 1048576 5660415794
[    7.713309] color, tsk->comm, weight, vruntime: -123063790215399 sed 1048576 5662556773
[    7.717275] color, tsk->comm, weight, vruntime: -123063800668391 syslogd 1048576 5661167477
[    7.721216] color, tsk->comm, weight, vruntime: -123063828007271 syslogd 1048576 5661417314
[    7.725048] color, tsk->comm, weight, vruntime: -123063828007271 syslogd 1048576 5661548461
[    7.728774] color, tsk->comm, weight, vruntime: 1 syslogd 1048576 5662231728
[    7.732396] proc 10
[    7.735844] rq->nr_running rq->cfs.nr_running : 11 11
[    7.742372] rq->load.weight, rq->cfs.load.weight : 11534336 11534336
[    7.742376] ----------------^^^^CPU0^^^^^-----------------------
[    7.745608] rq->curr->pid = 18
[    7.748890] color, tsk->comm, weight, vruntime: -123063790229224 ksoftirqd/1 1048576 5319724138
[    7.752032] color, tsk->comm, weight, vruntime: -123063884954599 syslogd 1048576 5325724138
[    7.755191] color, tsk->comm, weight, vruntime: -123063790229224 syslogd 1048576 5326147265
[    7.758387] color, tsk->comm, weight, vruntime: -123063803693415 syslogd 1048576 5326572839
[    7.761630] color, tsk->comm, weight, vruntime: -123063884954599 syslogd 1048576 5326680106
[    7.764821] color, tsk->comm, weight, vruntime: 1 syslogd 1048576 5326840399
[    7.767944] color, tsk->comm, weight, vruntime: -123063805171432 syslogd 1048576 5327224133
[    7.771110] color, tsk->comm, weight, vruntime: -123063800689127 syslogd 1048576 5327224134
[    7.774314] color, tsk->comm, weight, vruntime: -123063805171432 wpa 1048576 5327224135
[    7.777482] color, tsk->comm, weight, vruntime: -123063800664936 syslogd 1048576 5327224136
[    7.780617] color, tsk->comm, weight, vruntime: -123063805161064 syslogd 1048576 5327224136
[    7.783690] color, tsk->comm, weight, vruntime: -123063800689127 syslogd 1048576 5327224136
[    7.786755] color, tsk->comm, weight, vruntime: -123063805161064 syslogd 1048576 5327224137
[    7.789850] color, tsk->comm, weight, vruntime: -123063803693415 syslogd 1048576 5327286511
[    7.792879] color, tsk->comm, weight, vruntime: -123063790819047 syslogd 1048576 5327688287
[    7.795810] color, tsk->comm, weight, vruntime: -123063828003816 syslogd 1048576 5327706430
[    7.798701] color, tsk->comm, weight, vruntime: -123063800664936 syslogd 1048576 5327728887
[    7.801587] color, tsk->comm, weight, vruntime: -123063790819047 syslogd 1048576 5327787666
[    7.804379] proc 18
[    7.807104] rq->nr_running rq->cfs.nr_running : 19 19
[    7.812511] rq->load.weight, rq->cfs.load.weight : 19922944 19922944
[    7.812514] ----------------^^^^CPU1^^^^^-----------------------
[    7.939603] urandom_read: 6 callbacks suppressed
[    7.939608] random: wpa_supplicant: uninitialized urandom read (32 bytes read)
[    8.699132] rq->curr->pid = 0
[    8.699134] proc 0
[    8.701846] rq->nr_running rq->cfs.nr_running : 0 0
[    8.707359] rq->load.weight, rq->cfs.load.weight : 0 0
[    8.707361] ----------------^^^^CPU0^^^^^-----------------------
[    8.710165] rq->curr->pid = 18
[    8.712948] color, tsk->comm, weight, vruntime: 1 syslogd 1048576 6401875331
[    8.715582] color, tsk->comm, weight, vruntime: 1 syslogd 1048576 5922024801
[    8.718242] proc 2
[    8.720906] rq->nr_running rq->cfs.nr_running : 3 3
[    8.726288] rq->load.weight, rq->cfs.load.weight : 3145728 3145728
[    8.726292] ----------------^^^^CPU1^^^^^-----------------------
[    9.289991] wlp1s0: authenticate with 64:66:b3:cd:9a:3a
[    9.318079] wlp1s0: send auth to 64:66:b3:cd:9a:3a (try 1/3)
[    9.324103] wlp1s0: authenticated
[    9.330041] wlp1s0: associate with 64:66:b3:cd:9a:3a (try 1/3)
[    9.337410] wlp1s0: RX AssocResp from 64:66:b3:cd:9a:3a (capab=0x431 status=0 aid=1)
[    9.341472] wlp1s0: associated
[    9.371290] IPv6: ADDRCONF(NETDEV_CHANGE): wlp1s0: link becomes ready
[    9.709130] rq->curr->pid = 0
[    9.709133] proc 0
[    9.712042] rq->nr_running rq->cfs.nr_running : 0 0
[    9.717677] rq->load.weight, rq->cfs.load.weight : 0 0
[    9.717679] ----------------^^^^CPU0^^^^^-----------------------
[    9.720511] rq->curr->pid = 18
[    9.723425] color, tsk->comm, weight, vruntime: -123063827996904 syslogd 1048576 7406505745
[    9.726311] color, tsk->comm, weight, vruntime: 1 syslogd 1048576 6078092060
[    9.729361] proc 2
[    9.732402] rq->nr_running rq->cfs.nr_running : 3 3
[    9.738372] rq->load.weight, rq->cfs.load.weight : 3145728 3145728
[    9.738374] ----------------^^^^CPU1^^^^^-----------------------
[   10.719135] rq->curr->pid = 0
[   10.722231] proc 0
[   10.725322] rq->nr_running rq->cfs.nr_running : 0 0
[   10.731591] rq->load.weight, rq->cfs.load.weight : 0 0
[   10.731593] ----------------^^^^CPU0^^^^^-----------------------
[   10.734839] rq->curr->pid = 18
[   10.738108] proc 0
[   10.741396] rq->nr_running rq->cfs.nr_running : 1 1
[   10.748002] rq->load.weight, rq->cfs.load.weight : 1048576 1048576
[   10.748006] ----------------^^^^CPU1^^^^^-----------------------
[   11.086993] udevd (2326) used greatest stack depth: 11736 bytes left
[   11.729134] rq->curr->pid = 0
[   11.729137] proc 0
[   11.732442] rq->nr_running rq->cfs.nr_running : 0 0
[   11.738882] rq->load.weight, rq->cfs.load.weight : 0 0
[   11.738883] ----------------^^^^CPU0^^^^^-----------------------
[   11.742077] rq->curr->pid = 18
[   11.745365] color, tsk->comm, weight, vruntime: -123063828010728 syslogd 1048576 9425609537
[   11.748556] color, tsk->comm, weight, vruntime: 1 syslogd 1048576 6140282870
[   11.751854] proc 2
[   11.755138] rq->nr_running rq->cfs.nr_running : 3 3
[   11.761603] rq->load.weight, rq->cfs.load.weight : 3145728 3145728
[   11.761605] ----------------^^^^CPU1^^^^^-----------------------
[   12.739132] rq->curr->pid = 0
[   12.742378] proc 0
[   12.745667] rq->nr_running rq->cfs.nr_running : 0 0
[   12.752075] rq->load.weight, rq->cfs.load.weight : 0 0
[   12.752077] ----------------^^^^CPU0^^^^^-----------------------
[   12.755330] rq->curr->pid = 18
[   12.758563] color, tsk->comm, weight, vruntime: 1 kworker/1:0 1048576 10425190716
[   12.761767] proc 1
[   12.765071] rq->nr_running rq->cfs.nr_running : 2 2
[   12.771574] rq->load.weight, rq->cfs.load.weight : 2097152 2097152
[   12.771576] ----------------^^^^CPU1^^^^^-----------------------
[   13.749132] rq->curr->pid = 0
[   13.752384] proc 0
[   13.755578] rq->nr_running rq->cfs.nr_running : 0 0
[   13.761921] rq->load.weight, rq->cfs.load.weight : 0 0
[   13.761923] ----------------^^^^CPU0^^^^^-----------------------
[   13.765175] rq->curr->pid = 18
[   13.768519] proc 0
[   13.771751] rq->nr_running rq->cfs.nr_running : 1 1
[   13.778061] rq->load.weight, rq->cfs.load.weight : 1048576 1048576
[   13.778064] ----------------^^^^CPU1^^^^^-----------------------
[   14.759133] rq->curr->pid = 0
[   14.762298] proc 0
[   14.765417] rq->nr_running rq->cfs.nr_running : 0 0
[   14.771586] rq->load.weight, rq->cfs.load.weight : 0 0
[   14.771588] ----------------^^^^CPU0^^^^^-----------------------
[   14.774708] rq->curr->pid = 18
[   14.777853] proc 0
[   14.780985] rq->nr_running rq->cfs.nr_running : 1 1
[   14.787184] rq->load.weight, rq->cfs.load.weight : 1048576 1048576
[   14.787187] ----------------^^^^CPU1^^^^^-----------------------
[   15.769133] rq->curr->pid = 0
[   15.772289] proc 0
[   15.775405] rq->nr_running rq->cfs.nr_running : 0 0
[   15.781573] rq->load.weight, rq->cfs.load.weight : 0 0
[   15.781574] ----------------^^^^CPU0^^^^^-----------------------
[   15.784688] rq->curr->pid = 18
[   15.787775] proc 0
[   15.790882] rq->nr_running rq->cfs.nr_running : 1 1
[   15.797043] rq->load.weight, rq->cfs.load.weight : 1048576 1048576
[   15.797046] ----------------^^^^CPU1^^^^^-----------------------
[   16.779136] rq->curr->pid = 0
[   16.782248] proc 0
[   16.785265] rq->nr_running rq->cfs.nr_running : 0 0
[   16.791234] rq->load.weight, rq->cfs.load.weight : 0 0
[   16.791236] ----------------^^^^CPU0^^^^^-----------------------
[   16.794266] rq->curr->pid = 18
[   16.797283] proc 0
[   16.800271] rq->nr_running rq->cfs.nr_running : 1 1
[   16.806184] rq->load.weight, rq->cfs.load.weight : 1048576 1048576
[   16.806187] ----------------^^^^CPU1^^^^^-----------------------
[   17.789159] rq->curr->pid = 4599
[   17.789276] proc 0
[   17.789331] rq->nr_running rq->cfs.nr_running : 1 1
[   17.789442] rq->load.weight, rq->cfs.load.weight : 1307648 1307648
[   17.789443] ----------------^^^^CPU0^^^^^-----------------------
[   17.789539] rq->curr->pid = 18
[   17.789633] proc 0
[   17.789683] rq->nr_running rq->cfs.nr_running : 1 1
[   17.789794] rq->load.weight, rq->cfs.load.weight : 1048576 1048576
[   17.789796] ----------------^^^^CPU1^^^^^-----------------------
[   18.799145] rq->curr->pid = 4617
[   18.799156] proc 0
[   18.799161] rq->nr_running rq->cfs.nr_running : 1 1
[   18.799166] rq->load.weight, rq->cfs.load.weight : 1307648 1307648
[   18.799167] ----------------^^^^CPU0^^^^^-----------------------
[   18.799171] rq->curr->pid = 18
[   18.799174] proc 0
[   18.799178] rq->nr_running rq->cfs.nr_running : 1 1
[   18.799182] rq->load.weight, rq->cfs.load.weight : 1048576 1048576
[   18.799183] ----------------^^^^CPU1^^^^^-----------------------
[   19.809137] rq->curr->pid = 0
[   19.809147] proc 0
[   19.809152] rq->nr_running rq->cfs.nr_running : 0 0
[   19.809157] rq->load.weight, rq->cfs.load.weight : 0 0
[   19.809159] ----------------^^^^CPU0^^^^^-----------------------
[   19.809162] rq->curr->pid = 18
[   19.809165] proc 0
[   19.809169] rq->nr_running rq->cfs.nr_running : 1 1
[   19.809174] rq->load.weight, rq->cfs.load.weight : 1048576 1048576
[   19.809175] ----------------^^^^CPU1^^^^^-----------------------
[   20.819135] rq->curr->pid = 0
[   20.819145] proc 0
[   20.819149] rq->nr_running rq->cfs.nr_running : 0 0
[   20.819154] rq->load.weight, rq->cfs.load.weight : 0 0
[   20.819156] ----------------^^^^CPU0^^^^^-----------------------
[   20.819159] rq->curr->pid = 18
[   20.819162] proc 0
[   20.819165] rq->nr_running rq->cfs.nr_running : 1 1
[   20.819170] rq->load.weight, rq->cfs.load.weight : 1048576 1048576
