[    0.000000] Linux version 5.1.0-rc2+ (root@(none)) (gcc version 9.0.1 20190318 (experimental) (GCC)) #47 SMP Sun Mar 31 14:52:58 +05 2019
[    0.000000] Command line: BOOT_IMAGE=/boot/bzImage root=/dev/sda2 ro
[    0.000000] x86/fpu: Supporting XSAVE feature 0x001: 'x87 floating point registers'
[    0.000000] x86/fpu: Supporting XSAVE feature 0x002: 'SSE registers'
[    0.000000] x86/fpu: Supporting XSAVE feature 0x004: 'AVX registers'
[    0.000000] x86/fpu: xstate_offset[2]:  576, xstate_sizes[2]:  256
[    0.000000] x86/fpu: Enabled xstate features 0x7, context size is 832 bytes, using 'standard' format.
[    0.000000] BIOS-provided physical RAM map:
[    0.000000] BIOS-e820: [mem 0x0000000000000000-0x000000000009ffff] usable
[    0.000000] BIOS-e820: [mem 0x0000000000100000-0x000000009d0f7fff] usable
[    0.000000] BIOS-e820: [mem 0x000000009d0f8000-0x000000009d127fff] reserved
[    0.000000] BIOS-e820: [mem 0x000000009d128000-0x000000009d370fff] usable
[    0.000000] BIOS-e820: [mem 0x000000009d371000-0x000000009dc56fff] ACPI NVS
[    0.000000] BIOS-e820: [mem 0x000000009dc57000-0x000000009e959fff] reserved
[    0.000000] BIOS-e820: [mem 0x000000009e95a000-0x000000009e9cafff] type 20
[    0.000000] BIOS-e820: [mem 0x000000009e9cb000-0x000000009e9cbfff] usable
[    0.000000] BIOS-e820: [mem 0x000000009e9cc000-0x000000009e9d3fff] ACPI NVS
[    0.000000] BIOS-e820: [mem 0x000000009e9d4000-0x000000009eb24fff] usable
[    0.000000] BIOS-e820: [mem 0x000000009eb25000-0x000000009f041fff] reserved
[    0.000000] BIOS-e820: [mem 0x000000009f042000-0x000000009f080fff] usable
[    0.000000] BIOS-e820: [mem 0x000000009f081000-0x000000009f3f1fff] reserved
[    0.000000] BIOS-e820: [mem 0x000000009f3f2000-0x000000009f3fffff] usable
[    0.000000] BIOS-e820: [mem 0x00000000fec00000-0x00000000fec01fff] reserved
[    0.000000] BIOS-e820: [mem 0x00000000fec10000-0x00000000fec10fff] reserved
[    0.000000] BIOS-e820: [mem 0x00000000fed00000-0x00000000fed00fff] reserved
[    0.000000] BIOS-e820: [mem 0x00000000fed80000-0x00000000fed8ffff] reserved
[    0.000000] BIOS-e820: [mem 0x00000000ff000000-0x00000000ffffffff] reserved
[    0.000000] BIOS-e820: [mem 0x0000000100001000-0x000000013effffff] usable
[    0.000000] NX (Execute Disable) protection: active
[    0.000000] efi: EFI v2.31 by American Megatrends
[    0.000000] efi:  ACPI=0x9d3f3000  ACPI 2.0=0x9d3f3000  SMBIOS=0x9e958998 
[    0.000000] SMBIOS 2.7 present.
[    0.000000] DMI: ASUSTeK COMPUTER INC. X102BA/X102BA, BIOS X102BA.212 08/30/2013
[    0.000000] tsc: Fast TSC calibration using PIT
[    0.000000] tsc: Detected 998.147 MHz processor
[    0.000214] e820: update [mem 0x00000000-0x00000fff] usable ==> reserved
[    0.000219] e820: remove [mem 0x000a0000-0x000fffff] usable
[    0.000242] last_pfn = 0x13f000 max_arch_pfn = 0x400000000
[    0.000252] MTRR default type: uncachable
[    0.000253] MTRR fixed ranges enabled:
[    0.000256]   00000-9FFFF write-back
[    0.000259]   A0000-BFFFF write-through
[    0.000261]   C0000-DFFFF uncachable
[    0.000264]   E0000-FFFFF write-protect
[    0.000265] MTRR variable ranges enabled:
[    0.000269]   0 base 0000000000 mask FF80000000 write-back
[    0.000273]   1 base 0080000000 mask FFE0000000 write-back
[    0.000276]   2 base 009F400000 mask FFFFC00000 uncachable
[    0.000279]   3 base 009F800000 mask FFFF800000 uncachable
[    0.000281]   4 disabled
[    0.000282]   5 disabled
[    0.000283]   6 disabled
[    0.000284]   7 disabled
[    0.000287] TOM2: 000000013f000000 aka 5104M
[    0.000816] x86/PAT: Configuration [0-7]: WB  WC  UC- UC  WB  WP  UC- WT  
[    0.001079] e820: update [mem 0x9f400000-0xffffffff] usable ==> reserved
[    0.001093] last_pfn = 0x9f400 max_arch_pfn = 0x400000000
[    0.014330] check: Scanning 1 areas for low memory corruption
[    0.014341] Base memory trampoline at [(____ptrval____)] 99000 size 24576
[    0.014348] Using GB pages for direct mapping
[    0.014354] BRK [0x9ae01000, 0x9ae01fff] PGTABLE
[    0.014361] BRK [0x9ae02000, 0x9ae02fff] PGTABLE
[    0.014365] BRK [0x9ae03000, 0x9ae03fff] PGTABLE
[    0.014462] BRK [0x9ae04000, 0x9ae04fff] PGTABLE
[    0.014471] BRK [0x9ae05000, 0x9ae05fff] PGTABLE
[    0.014603] BRK [0x9ae06000, 0x9ae06fff] PGTABLE
[    0.015398] BRK [0x9ae07000, 0x9ae07fff] PGTABLE
[    0.015587] BRK [0x9ae08000, 0x9ae08fff] PGTABLE
[    0.015738] BRK [0x9ae09000, 0x9ae09fff] PGTABLE
[    0.015945] BRK [0x9ae0a000, 0x9ae0afff] PGTABLE
[    0.016195] BRK [0x9ae0b000, 0x9ae0bfff] PGTABLE
[    0.016345] Secure boot could not be determined
[    0.016360] ACPI: Early table checksum verification disabled
[    0.016369] ACPI: RSDP 0x000000009D3F3000 000024 (v02 _ASUS_)
[    0.016380] ACPI: XSDT 0x000000009D3F3088 000094 (v01 _ASUS_ Notebook 01072009 AMI  00010013)
[    0.016396] ACPI: FACP 0x000000009D400748 00010C (v05 _ASUS_ Notebook 01072009 AMI  00010013)
[    0.016411] ACPI BIOS Warning (bug): Optional FADT field Pm2ControlBlock has valid Length but zero Address: 0x0000000000000000/0x1 (20190215/tbfadt-615)
[    0.016425] ACPI: DSDT 0x000000009D3F31A8 00D59D (v02 _ASUS_ Notebook 00000000 INTL 20091112)
[    0.016435] ACPI: FACS 0x000000009DC4B080 000040
[    0.016442] ACPI: APIC 0x000000009D400858 00007E (v03 _ASUS_ Notebook 01072009 AMI  00010013)
[    0.016452] ACPI: FPDT 0x000000009D4008D8 000044 (v01 _ASUS_ Notebook 01072009 AMI  00010013)
[    0.016461] ACPI: ECDT 0x000000009D400920 0000C1 (v01 _ASUS_ Notebook 01072009 AMI. 00000005)
[    0.016470] ACPI: MCFG 0x000000009D4009E8 00003C (v01 _ASUS_ Notebook 01072009 MSFT 00010013)
[    0.016479] ACPI: HPET 0x000000009D400A28 000038 (v01 _ASUS_ Notebook 01072009 AMI  00000005)
[    0.016488] ACPI: VFCT 0x000000009D400A60 004684 (v01 _ASUS_ Notebook 00000001 AMD  31504F47)
[    0.016498] ACPI: BGRT 0x000000009D4050E8 000038 (v00 _ASUS_ Notebook 01072009 ASUS 00010013)
[    0.016507] ACPI: SSDT 0x000000009D405120 0005E0 (v01 AMD    AGESA    00000001 AMD  00000001)
[    0.016516] ACPI: SSDT 0x000000009D405700 0046D1 (v02 AMD    AGESA    00000002 MSFT 04000000)
[    0.016526] ACPI: CRAT 0x000000009D409DD8 000228 (v01 AMD    AGESA    00000001 AMD  00000001)
[    0.016535] ACPI: SSDT 0x000000009D40A000 001411 (v01 AMD    CPMDFIGP 00000001 INTL 20051117)
[    0.016544] ACPI: SSDT 0x000000009D40B418 0010E8 (v01 AMD    CPMCMN   00000001 INTL 20051117)
[    0.016553] ACPI: MSDM 0x000000009D127F98 000055 (v03 _ASUS_ Notebook 00000000 ASUS 00000001)
[    0.016582] ACPI: Local APIC address 0xfee00000
[    0.016935] No NUMA configuration found
[    0.016940] Faking a node at [mem 0x0000000000000000-0x000000013effffff]
[    0.016953] NODE_DATA(0) allocated [mem 0x13effa000-0x13effdfff]
[    0.017007] Zone ranges:
[    0.017011]   DMA      [mem 0x0000000000001000-0x0000000000ffffff]
[    0.017015]   DMA32    [mem 0x0000000001000000-0x00000000ffffffff]
[    0.017019]   Normal   [mem 0x0000000100000000-0x000000013effffff]
[    0.017023] Movable zone start for each node
[    0.017026] Early memory node ranges
[    0.017029]   node   0: [mem 0x0000000000001000-0x000000000009ffff]
[    0.017033]   node   0: [mem 0x0000000000100000-0x000000009d0f7fff]
[    0.017036]   node   0: [mem 0x000000009d128000-0x000000009d370fff]
[    0.017039]   node   0: [mem 0x000000009e9cb000-0x000000009e9cbfff]
[    0.017042]   node   0: [mem 0x000000009e9d4000-0x000000009eb24fff]
[    0.017045]   node   0: [mem 0x000000009f042000-0x000000009f080fff]
[    0.017048]   node   0: [mem 0x000000009f3f2000-0x000000009f3fffff]
[    0.017050]   node   0: [mem 0x0000000100001000-0x000000013effffff]
[    0.017887] Zeroed struct page in unavailable ranges: 11138 pages
[    0.017895] Initmem setup node 0 [mem 0x0000000000001000-0x000000013effffff]
[    0.017904] On node 0 totalpages: 902270
[    0.017907]   DMA zone: 64 pages used for memmap
[    0.017909]   DMA zone: 23 pages reserved
[    0.017911]   DMA zone: 3999 pages, LIFO batch:0
[    0.018309]   DMA32 zone: 10004 pages used for memmap
[    0.018311]   DMA32 zone: 640224 pages, LIFO batch:63
[    0.087292]   Normal zone: 4032 pages used for memmap
[    0.087298]   Normal zone: 258047 pages, LIFO batch:63
[    0.111894] ACPI: PM-Timer IO Port: 0x808
[    0.111905] ACPI: Local APIC address 0xfee00000
[    0.111921] ACPI: LAPIC_NMI (acpi_id[0xff] high edge lint[0x1])
[    0.111937] IOAPIC[0]: apic_id 3, version 33, address 0xfec00000, GSI 0-23
[    0.111947] IOAPIC[1]: apic_id 4, version 33, address 0xfec01000, GSI 24-55
[    0.111954] ACPI: INT_SRC_OVR (bus 0 bus_irq 0 global_irq 2 dfl dfl)
[    0.111960] ACPI: INT_SRC_OVR (bus 0 bus_irq 9 global_irq 9 low level)
[    0.111964] ACPI: IRQ0 used by override.
[    0.111967] ACPI: IRQ9 used by override.
[    0.111972] Using ACPI (MADT) for SMP configuration information
[    0.111976] ACPI: HPET id: 0x10228210 base: 0xfed00000
[    0.111992] smpboot: Allowing 4 CPUs, 2 hotplug CPUs
[    0.112062] PM: Registered nosave memory: [mem 0x00000000-0x00000fff]
[    0.112069] PM: Registered nosave memory: [mem 0x000a0000-0x000fffff]
[    0.112076] PM: Registered nosave memory: [mem 0x9d0f8000-0x9d127fff]
[    0.112083] PM: Registered nosave memory: [mem 0x9d371000-0x9dc56fff]
[    0.112086] PM: Registered nosave memory: [mem 0x9dc57000-0x9e959fff]
[    0.112089] PM: Registered nosave memory: [mem 0x9e95a000-0x9e9cafff]
[    0.112095] PM: Registered nosave memory: [mem 0x9e9cc000-0x9e9d3fff]
[    0.112101] PM: Registered nosave memory: [mem 0x9eb25000-0x9f041fff]
[    0.112108] PM: Registered nosave memory: [mem 0x9f081000-0x9f3f1fff]
[    0.112114] PM: Registered nosave memory: [mem 0x9f400000-0xfebfffff]
[    0.112117] PM: Registered nosave memory: [mem 0xfec00000-0xfec01fff]
[    0.112120] PM: Registered nosave memory: [mem 0xfec02000-0xfec0ffff]
[    0.112122] PM: Registered nosave memory: [mem 0xfec10000-0xfec10fff]
[    0.112125] PM: Registered nosave memory: [mem 0xfec11000-0xfecfffff]
[    0.112128] PM: Registered nosave memory: [mem 0xfed00000-0xfed00fff]
[    0.112130] PM: Registered nosave memory: [mem 0xfed01000-0xfed7ffff]
[    0.112133] PM: Registered nosave memory: [mem 0xfed80000-0xfed8ffff]
[    0.112136] PM: Registered nosave memory: [mem 0xfed90000-0xfeffffff]
[    0.112138] PM: Registered nosave memory: [mem 0xff000000-0xffffffff]
[    0.112141] PM: Registered nosave memory: [mem 0x100000000-0x100000fff]
[    0.112148] [mem 0x9f400000-0xfebfffff] available for PCI devices
[    0.112160] clocksource: refined-jiffies: mask: 0xffffffff max_cycles: 0xffffffff, max_idle_ns: 19112604462750000 ns
[    0.599193] random: get_random_bytes called from start_kernel+0x8b/0x48f with crng_init=0
[    0.599228] setup_percpu: NR_CPUS:64 nr_cpumask_bits:64 nr_cpu_ids:4 nr_node_ids:1
[    0.600329] percpu: Embedded 43 pages/cpu @(____ptrval____) s137240 r8192 d30696 u524288
[    0.600366] pcpu-alloc: s137240 r8192 d30696 u524288 alloc=1*2097152
[    0.600369] pcpu-alloc: [0] 0 1 2 3 
[    0.600446] Built 1 zonelists, mobility grouping on.  Total pages: 888147
[    0.600450] Policy zone: Normal
[    0.600457] Kernel command line: BOOT_IMAGE=/boot/bzImage root=/dev/sda2 ro
[    0.664877] Memory: 3432296K/3609080K available (14357K kernel code, 1434K rwdata, 4404K rodata, 1256K init, 928K bss, 176784K reserved, 0K cma-reserved)
[    0.665092] SLUB: HWalign=64, Order=0-3, MinObjects=0, CPUs=4, Nodes=1
[    0.665322] rcu: Hierarchical RCU implementation.
[    0.665326] rcu: 	RCU event tracing is enabled.
[    0.665330] rcu: 	RCU restricting CPUs from NR_CPUS=64 to nr_cpu_ids=4.
[    0.665334] rcu: RCU calculated value of scheduler-enlistment delay is 10 jiffies.
[    0.665338] rcu: Adjusting geometry for rcu_fanout_leaf=16, nr_cpu_ids=4
[    0.665925] NR_IRQS: 4352, nr_irqs: 1000, preallocated irqs: 16
[    0.666370] Console: colour dummy device 80x25
[    0.667057] printk: console [tty0] enabled
[    0.667103] ACPI: Core revision 20190215
[    0.667812] clocksource: hpet: mask: 0xffffffff max_cycles: 0xffffffff, max_idle_ns: 133484873504 ns
[    0.667841] hpet clockevent registered
[    0.667851] APIC: Switch to symmetric I/O mode setup
[    0.668594] ..TIMER: vector=0x30 apic1=0 pin1=2 apic2=-1 pin2=-1
[    0.717852] clocksource: tsc-early: mask: 0xffffffffffffffff max_cycles: 0x1cc681607fb, max_idle_ns: 881590597507 ns
[    0.717870] Calibrating delay loop (skipped), value calculated using timer frequency.. 1996.29 BogoMIPS (lpj=9981470)
[    0.717886] pid_max: default: 32768 minimum: 301
[    0.720402] LSM: Security Framework initializing
[    0.720435] SELinux:  Initializing.
[    0.720470] *** VALIDATE SELinux ***
[    0.722699] Dentry cache hash table entries: 524288 (order: 10, 4194304 bytes)
[    0.723870] Inode-cache hash table entries: 262144 (order: 9, 2097152 bytes)
[    0.723970] Mount-cache hash table entries: 8192 (order: 4, 65536 bytes)
[    0.724015] Mountpoint-cache hash table entries: 8192 (order: 4, 65536 bytes)
[    0.724410] *** VALIDATE proc ***
[    0.724501] *** VALIDATE cgroup1 ***
[    0.724511] *** VALIDATE cgroup2 ***
[    0.724570] mce: CPU supports 6 MCE banks
[    0.724600] LVT offset 1 assigned for vector 0xf9
[    0.724615] Last level iTLB entries: 4KB 512, 2MB 8, 4MB 4
[    0.724623] Last level dTLB entries: 4KB 512, 2MB 256, 4MB 128, 1GB 0
[    0.724633] Spectre V2 : Mitigation: Full AMD retpoline
[    0.724640] Spectre V2 : Spectre v2 / SpectreRSB mitigation: Filling RSB on context switch
[    0.724652] Speculative Store Bypass: Mitigation: Speculative Store Bypass disabled via prctl and seccomp
[    0.725232] Freeing SMP alternatives memory: 40K
[    0.737867] smpboot: CPU0: AMD A4-1200 APU with Radeon(TM) HD Graphics (family: 0x16, model: 0x0, stepping: 0x1)
[    0.737867] Performance Events: AMD PMU driver.
[    0.737867] ... version:                0
[    0.737867] ... bit width:              48
[    0.737867] ... generic registers:      4
[    0.737867] ... value mask:             0000ffffffffffff
[    0.737867] ... max period:             00007fffffffffff
[    0.737867] ... fixed-purpose events:   0
[    0.737867] ... event mask:             000000000000000f
[    0.737867] rcu: Hierarchical SRCU implementation.
[    0.737867] MCE: In-kernel MCE decoding enabled.
[    0.737867] smp: Bringing up secondary CPUs ...
[    0.737867] x86: Booting SMP configuration:
[    0.737867] .... node  #0, CPUs:      #1
[    0.737867] smp: Brought up 1 node, 2 CPUs
[    0.737867] smpboot: Max logical packages: 2
[    0.737867] smpboot: Total of 2 processors activated (3992.58 BogoMIPS)
[    0.737867] devtmpfs: initialized
[    0.737867] PM: Registering ACPI NVS region [mem 0x9d371000-0x9dc56fff] (9330688 bytes)
[    0.737867] PM: Registering ACPI NVS region [mem 0x9e9cc000-0x9e9d3fff] (32768 bytes)
[    0.737867] clocksource: jiffies: mask: 0xffffffff max_cycles: 0xffffffff, max_idle_ns: 19112604462750000 ns
[    0.737867] futex hash table entries: 1024 (order: 4, 65536 bytes)
[    0.737867] NET: Registered protocol family 16
[    0.737867] audit: initializing netlink subsys (disabled)
[    0.737867] audit: type=2000 audit(1554104048.060:1): state=initialized audit_enabled=0 res=1
[    0.737867] kworker/u8:1 (35) used greatest stack depth: 14800 bytes left
[    0.737867] kworker/u8:1 (30) used greatest stack depth: 14608 bytes left
[    0.737867] cpuidle: using governor ladder
[    0.737867] cpuidle: using governor menu
[    0.737867] ACPI FADT declares the system doesn't support PCIe ASPM, so disable it
[    0.737867] ACPI: bus type PCI registered
[    0.737867] PCI: MMCONFIG for domain 0000 [bus 00-ff] at [mem 0xe0000000-0xefffffff] (base 0xe0000000)
[    0.737867] PCI: not using MMCONFIG
[    0.737867] PCI: Using configuration type 1 for base access
[    0.737867] PCI: Using configuration type 1 for extended access
[    0.754271] kworker/u8:0 (360) used greatest stack depth: 14144 bytes left
[    0.775463] HugeTLB registered 2.00 MiB page size, pre-allocated 0 pages
[    0.775463] ACPI: Added _OSI(Module Device)
[    0.775463] ACPI: Added _OSI(Processor Device)
[    0.775463] ACPI: Added _OSI(3.0 _SCP Extensions)
[    0.775463] ACPI: Added _OSI(Processor Aggregator Device)
[    0.775463] ACPI: Added _OSI(Linux-Dell-Video)
[    0.775463] ACPI: Added _OSI(Linux-Lenovo-NV-HDMI-Audio)
[    0.775463] ACPI: Added _OSI(Linux-HPI-Hybrid-Graphics)
[    0.814532] ACPI: 5 ACPI AML tables successfully acquired and loaded
[    0.817844] ACPI: EC: EC started
[    0.817853] ACPI: EC: interrupt blocked
[    0.819858] ACPI: \: Used as first EC
[    0.819870] ACPI: \: GPE=0x3, EC_CMD/EC_SC=0x66, EC_DATA=0x62
[    0.819878] ACPI: EC: Boot ECDT EC used to handle transactions
[    0.824876] ACPI: [Firmware Bug]: BIOS _OSI(Linux) query ignored
[    0.829594] ACPI: Interpreter enabled
[    0.829674] ACPI: (supports S0 S3 S4 S5)
[    0.829684] ACPI: Using IOAPIC for interrupt routing
[    0.829810] PCI: MMCONFIG for domain 0000 [bus 00-ff] at [mem 0xe0000000-0xefffffff] (base 0xe0000000)
[    0.829980] PCI: MMCONFIG at [mem 0xe0000000-0xefffffff] reserved in ACPI motherboard resources
[    0.830065] PCI: Using host bridge windows from ACPI; if necessary, use "pci=nocrs" and report a bug
[    0.830861] ACPI: Enabled 3 GPEs in block 00 to 1F
[    0.852083] ACPI: PCI Root Bridge [PCI0] (domain 0000 [bus 00-ff])
[    0.852115] acpi PNP0A08:00: _OSC: OS supports [ExtendedConfig ASPM ClockPM Segments MSI]
[    0.852770] acpi PNP0A08:00: _OSC: platform does not support [LTR]
[    0.853386] acpi PNP0A08:00: _OSC: OS now controls [PME AER PCIeCapability]
[    0.853399] acpi PNP0A08:00: FADT indicates ASPM is unsupported, using BIOS configuration
[    0.854004] PCI host bridge to bus 0000:00
[    0.854019] pci_bus 0000:00: root bus resource [io  0x0000-0x03af window]
[    0.854031] pci_bus 0000:00: root bus resource [io  0x03e0-0x0cf7 window]
[    0.854042] pci_bus 0000:00: root bus resource [io  0x03b0-0x03df window]
[    0.854053] pci_bus 0000:00: root bus resource [io  0x0d00-0xffff window]
[    0.854065] pci_bus 0000:00: root bus resource [mem 0x000a0000-0x000bffff window]
[    0.854078] pci_bus 0000:00: root bus resource [mem 0x000c0000-0x000dffff window]
[    0.854090] pci_bus 0000:00: root bus resource [mem 0xc0000000-0xffffffff window]
[    0.854103] pci_bus 0000:00: root bus resource [bus 00-ff]
[    0.854132] pci 0000:00:00.0: [1022:1536] type 00 class 0x060000
[    0.854412] pci 0000:00:01.0: [1002:9839] type 00 class 0x030000
[    0.854445] pci 0000:00:01.0: reg 0x10: [mem 0xc0000000-0xcfffffff 64bit pref]
[    0.854462] pci 0000:00:01.0: reg 0x18: [mem 0xd0000000-0xd07fffff 64bit pref]
[    0.854474] pci 0000:00:01.0: reg 0x20: [io  0xf000-0xf0ff]
[    0.854487] pci 0000:00:01.0: reg 0x24: [mem 0xfeb00000-0xfeb3ffff]
[    0.854499] pci 0000:00:01.0: reg 0x30: [mem 0xfeb40000-0xfeb5ffff pref]
[    0.854508] pci 0000:00:01.0: enabling Extended Tags
[    0.854541] pci 0000:00:01.0: BAR 0: assigned to efifb
[    0.854598] pci 0000:00:01.0: supports D1 D2
[    0.854603] pci 0000:00:01.0: PME# supported from D1 D2 D3hot
[    0.854826] pci 0000:00:01.1: [1002:9840] type 00 class 0x040300
[    0.854855] pci 0000:00:01.1: reg 0x10: [mem 0xfeb64000-0xfeb67fff 64bit]
[    0.854888] pci 0000:00:01.1: enabling Extended Tags
[    0.854959] pci 0000:00:01.1: supports D1 D2
[    0.855152] pci 0000:00:02.0: [1022:1538] type 00 class 0x060000
[    0.855383] pci 0000:00:02.2: [1022:1439] type 01 class 0x060400
[    0.855446] pci 0000:00:02.2: enabling Extended Tags
[    0.855529] pci 0000:00:02.2: PME# supported from D0 D3hot D3cold
[    0.855757] pci 0000:00:02.3: [1022:1439] type 01 class 0x060400
[    0.855819] pci 0000:00:02.3: enabling Extended Tags
[    0.855899] pci 0000:00:02.3: PME# supported from D0 D3hot D3cold
[    0.856154] pci 0000:00:10.0: [1022:7814] type 00 class 0x0c0330
[    0.856191] pci 0000:00:10.0: reg 0x10: [mem 0xfeb68000-0xfeb69fff 64bit]
[    0.856325] pci 0000:00:10.0: PME# supported from D0 D3hot D3cold
[    0.856559] pci 0000:00:11.0: [1022:7801] type 00 class 0x010601
[    0.856590] pci 0000:00:11.0: reg 0x10: [io  0xf140-0xf147]
[    0.856604] pci 0000:00:11.0: reg 0x14: [io  0xf130-0xf133]
[    0.856617] pci 0000:00:11.0: reg 0x18: [io  0xf120-0xf127]
[    0.856630] pci 0000:00:11.0: reg 0x1c: [io  0xf110-0xf113]
[    0.856643] pci 0000:00:11.0: reg 0x20: [io  0xf100-0xf10f]
[    0.856656] pci 0000:00:11.0: reg 0x24: [mem 0xfeb6f000-0xfeb6f3ff]
[    0.856728] pci 0000:00:11.0: PME# supported from D3hot
[    0.856930] pci 0000:00:12.0: [1022:7807] type 00 class 0x0c0310
[    0.856952] pci 0000:00:12.0: reg 0x10: [mem 0xfeb6e000-0xfeb6efff]
[    0.857205] pci 0000:00:12.2: [1022:7808] type 00 class 0x0c0320
[    0.857233] pci 0000:00:12.2: reg 0x10: [mem 0xfeb6d000-0xfeb6d0ff]
[    0.857332] pci 0000:00:12.2: supports D1 D2
[    0.857337] pci 0000:00:12.2: PME# supported from D0 D1 D2 D3hot D3cold
[    0.857544] pci 0000:00:13.0: [1022:7807] type 00 class 0x0c0310
[    0.857566] pci 0000:00:13.0: reg 0x10: [mem 0xfeb6c000-0xfeb6cfff]
[    0.857815] pci 0000:00:13.2: [1022:7808] type 00 class 0x0c0320
[    0.857843] pci 0000:00:13.2: reg 0x10: [mem 0xfeb6b000-0xfeb6b0ff]
[    0.858200] pci 0000:00:13.2: supports D1 D2
[    0.858205] pci 0000:00:13.2: PME# supported from D0 D1 D2 D3hot D3cold
[    0.858421] pci 0000:00:14.0: [1022:780b] type 00 class 0x0c0500
[    0.858673] pci 0000:00:14.2: [1022:780d] type 00 class 0x040300
[    0.858705] pci 0000:00:14.2: reg 0x10: [mem 0xfeb60000-0xfeb63fff 64bit]
[    0.858789] pci 0000:00:14.2: PME# supported from D0 D3hot D3cold
[    0.858982] pci 0000:00:14.3: [1022:780e] type 00 class 0x060100
[    0.859252] pci 0000:00:14.7: [1022:7813] type 00 class 0x080501
[    0.859279] pci 0000:00:14.7: reg 0x10: [mem 0xfeb6a000-0xfeb6a0ff 64bit]
[    0.859495] pci 0000:00:18.0: [1022:1530] type 00 class 0x060000
[    0.859705] pci 0000:00:18.1: [1022:1531] type 00 class 0x060000
[    0.859905] pci 0000:00:18.2: [1022:1532] type 00 class 0x060000
[    0.860108] pci 0000:00:18.3: [1022:1533] type 00 class 0x060000
[    0.860316] pci 0000:00:18.4: [1022:1534] type 00 class 0x060000
[    0.860516] pci 0000:00:18.5: [1022:1535] type 00 class 0x060000
[    0.860865] pci 0000:01:00.0: [168c:0032] type 00 class 0x028000
[    0.860922] pci 0000:01:00.0: reg 0x10: [mem 0xfea00000-0xfea7ffff 64bit]
[    0.860986] pci 0000:01:00.0: reg 0x30: [mem 0xfea80000-0xfea8ffff pref]
[    0.861120] pci 0000:01:00.0: supports D1 D2
[    0.861124] pci 0000:01:00.0: PME# supported from D0 D1 D2 D3hot D3cold
[    0.861365] pci 0000:00:02.2: PCI bridge to [bus 01]
[    0.861388] pci 0000:00:02.2:   bridge window [mem 0xfea00000-0xfeafffff]
[    0.861518] pci 0000:02:00.0: [10ec:8136] type 00 class 0x020000
[    0.861579] pci 0000:02:00.0: reg 0x10: [io  0xe000-0xe0ff]
[    0.861624] pci 0000:02:00.0: reg 0x18: [mem 0xd0804000-0xd0804fff 64bit pref]
[    0.861652] pci 0000:02:00.0: reg 0x20: [mem 0xd0800000-0xd0803fff 64bit pref]
[    0.861837] pci 0000:02:00.0: supports D1 D2
[    0.861842] pci 0000:02:00.0: PME# supported from D0 D1 D2 D3hot D3cold
[    0.862160] pci 0000:00:02.3: PCI bridge to [bus 02]
[    0.862179] pci 0000:00:02.3:   bridge window [io  0xe000-0xefff]
[    0.862192] pci 0000:00:02.3:   bridge window [mem 0xd0800000-0xd08fffff 64bit pref]
[    0.863824] ACPI: PCI Interrupt Link [LNKA] (IRQs 4 7 10 11 14 15) *0
[    0.864071] ACPI: PCI Interrupt Link [LNKB] (IRQs 4 7 10 11 14 15) *0
[    0.864317] ACPI: PCI Interrupt Link [LNKC] (IRQs 4 7 10 11 14 15) *0
[    0.864559] ACPI: PCI Interrupt Link [LNKD] (IRQs 4 7 10 11 14 15) *0
[    0.864764] ACPI: PCI Interrupt Link [LNKE] (IRQs 4 7 10 11 14 15) *0
[    0.864933] ACPI: PCI Interrupt Link [LNKF] (IRQs 4 7 10 11 14 15) *0
[    0.865100] ACPI: PCI Interrupt Link [LNKG] (IRQs 4 7 10 11 14 15) *0
[    0.865267] ACPI: PCI Interrupt Link [LNKH] (IRQs 4 7 10 11 14 15) *0
[    0.866329] ACPI: EC: interrupt unblocked
[    0.866351] ACPI: EC: event unblocked
[    0.866369] ACPI: \_SB_.PCI0.SBRG.EC0_: GPE=0x3, EC_CMD/EC_SC=0x66, EC_DATA=0x62
[    0.866382] ACPI: \_SB_.PCI0.SBRG.EC0_: Boot DSDT EC used to handle transactions and events
[    0.866689] pci 0000:00:01.0: vgaarb: setting as boot VGA device
[    0.866704] pci 0000:00:01.0: vgaarb: VGA device added: decodes=io+mem,owns=io+mem,locks=none
[    0.866730] pci 0000:00:01.0: vgaarb: bridge control possible
[    0.866738] vgaarb: loaded
[    0.867047] SCSI subsystem initialized
[    0.867232] libata version 3.00 loaded.
[    0.867316] ACPI: bus type USB registered
[    0.867392] usbcore: registered new interface driver usbfs
[    0.867429] usbcore: registered new interface driver hub
[    0.867488] usbcore: registered new device driver usb
[    0.867558] pps_core: LinuxPPS API ver. 1 registered
[    0.867567] pps_core: Software ver. 5.3.6 - Copyright 2005-2007 Rodolfo Giometti <giometti@linux.it>
[    0.867589] PTP clock support registered
[    0.867943] EDAC MC: Ver: 3.0.0
[    0.868392] Registered efivars operations
[    0.868392] Advanced Linux Sound Architecture Driver Initialized.
[    0.868392] PCI: Using ACPI for IRQ routing
[    0.878530] PCI: pci_cache_line_size set to 64 bytes
[    0.878645] e820: reserve RAM buffer [mem 0x9d0f8000-0x9fffffff]
[    0.878651] e820: reserve RAM buffer [mem 0x9d371000-0x9fffffff]
[    0.878656] e820: reserve RAM buffer [mem 0x9e9cc000-0x9fffffff]
[    0.878660] e820: reserve RAM buffer [mem 0x9eb25000-0x9fffffff]
[    0.878663] e820: reserve RAM buffer [mem 0x9f081000-0x9fffffff]
[    0.878666] e820: reserve RAM buffer [mem 0x9f400000-0x9fffffff]
[    0.878669] e820: reserve RAM buffer [mem 0x13f000000-0x13fffffff]
[    0.879051] NetLabel: Initializing
[    0.879061] NetLabel:  domain hash size = 128
[    0.879068] NetLabel:  protocols = UNLABELED CIPSOv4 CALIPSO
[    0.879121] NetLabel:  unlabeled traffic allowed by default
[    0.879185] hpet0: at MMIO 0xfed00000, IRQs 2, 8, 0
[    0.879185] hpet0: 3 comparators, 32-bit 14.318180 MHz counter
[    0.880238] clocksource: Switched to clocksource tsc-early
[    0.927989] VFS: Disk quotas dquot_6.6.0
[    0.928057] VFS: Dquot-cache hash table entries: 512 (order 0, 4096 bytes)
[    0.928144] *** VALIDATE hugetlbfs ***
[    0.928253] pnp: PnP ACPI init
[    0.928662] system 00:00: [mem 0xe0000000-0xefffffff] has been reserved
[    0.928700] system 00:00: Plug and Play ACPI device, IDs PNP0c01 (active)
[    0.928918] system 00:01: [mem 0xa0000000-0xbfffffff] has been reserved
[    0.928950] system 00:01: Plug and Play ACPI device, IDs PNP0c02 (active)
[    0.929129] system 00:02: Plug and Play ACPI device, IDs PNP0c02 (active)
[    0.929229] pnp 00:03: Plug and Play ACPI device, IDs PNP0b00 (active)
[    0.929414] system 00:04: [io  0x04d0-0x04d1] has been reserved
[    0.929444] system 00:04: Plug and Play ACPI device, IDs PNP0c02 (active)
[    0.929657] pnp 00:05: Plug and Play ACPI device, IDs ETD0108 SYN0a00 SYN0002 PNP0f03 PNP0f13 PNP0f12 (active)
[    0.929786] pnp 00:06: Plug and Play ACPI device, IDs ATK3001 PNP030b (active)
[    0.930559] system 00:07: [io  0x04d0-0x04d1] has been reserved
[    0.930572] system 00:07: [io  0x040b] has been reserved
[    0.930583] system 00:07: [io  0x04d6] has been reserved
[    0.930594] system 00:07: [io  0x0c00-0x0c01] has been reserved
[    0.930605] system 00:07: [io  0x0c14] has been reserved
[    0.930615] system 00:07: [io  0x0c50-0x0c51] has been reserved
[    0.930626] system 00:07: [io  0x0c52] has been reserved
[    0.930636] system 00:07: [io  0x0c6c] has been reserved
[    0.930646] system 00:07: [io  0x0c6f] has been reserved
[    0.930656] system 00:07: [io  0x0cd0-0x0cd1] has been reserved
[    0.930667] system 00:07: [io  0x0cd2-0x0cd3] has been reserved
[    0.930677] system 00:07: [io  0x0cd4-0x0cd5] has been reserved
[    0.930688] system 00:07: [io  0x0cd6-0x0cd7] has been reserved
[    0.930698] system 00:07: [io  0x0cd8-0x0cdf] has been reserved
[    0.930709] system 00:07: [io  0x0800-0x089f] has been reserved
[    0.930720] system 00:07: [io  0x0900-0x090f] has been reserved
[    0.930730] system 00:07: [io  0x0910-0x091f] has been reserved
[    0.930741] system 00:07: [io  0xfe00-0xfefe] has been reserved
[    0.930754] system 00:07: [mem 0xfec00000-0xfec00fff] could not be reserved
[    0.930766] system 00:07: [mem 0xfee00000-0xfee00fff] has been reserved
[    0.930778] system 00:07: [mem 0xfed80000-0xfed8ffff] has been reserved
[    0.930789] system 00:07: [mem 0xfed61000-0xfed70fff] has been reserved
[    0.930801] system 00:07: [mem 0xfec10000-0xfec10fff] has been reserved
[    0.930813] system 00:07: [mem 0xfed00000-0xfed00fff] could not be reserved
[    0.930824] system 00:07: [mem 0xff000000-0xffffffff] has been reserved
[    0.930851] system 00:07: Plug and Play ACPI device, IDs PNP0c02 (active)
[    0.931699] pnp: PnP ACPI: found 8 devices
[    0.942535] clocksource: acpi_pm: mask: 0xffffff max_cycles: 0xffffff, max_idle_ns: 2085701024 ns
[    0.942599] pci 0000:00:02.2: PCI bridge to [bus 01]
[    0.942617] pci 0000:00:02.2:   bridge window [mem 0xfea00000-0xfeafffff]
[    0.942637] pci 0000:00:02.3: PCI bridge to [bus 02]
[    0.942649] pci 0000:00:02.3:   bridge window [io  0xe000-0xefff]
[    0.942666] pci 0000:00:02.3:   bridge window [mem 0xd0800000-0xd08fffff 64bit pref]
[    0.942691] pci_bus 0000:00: resource 4 [io  0x0000-0x03af window]
[    0.942696] pci_bus 0000:00: resource 5 [io  0x03e0-0x0cf7 window]
[    0.942701] pci_bus 0000:00: resource 6 [io  0x03b0-0x03df window]
[    0.942705] pci_bus 0000:00: resource 7 [io  0x0d00-0xffff window]
[    0.942710] pci_bus 0000:00: resource 8 [mem 0x000a0000-0x000bffff window]
[    0.942715] pci_bus 0000:00: resource 9 [mem 0x000c0000-0x000dffff window]
[    0.942720] pci_bus 0000:00: resource 10 [mem 0xc0000000-0xffffffff window]
[    0.942725] pci_bus 0000:01: resource 1 [mem 0xfea00000-0xfeafffff]
[    0.942729] pci_bus 0000:02: resource 0 [io  0xe000-0xefff]
[    0.942734] pci_bus 0000:02: resource 2 [mem 0xd0800000-0xd08fffff 64bit pref]
[    0.942989] NET: Registered protocol family 2
[    0.943462] tcp_listen_portaddr_hash hash table entries: 2048 (order: 3, 32768 bytes)
[    0.943526] TCP established hash table entries: 32768 (order: 6, 262144 bytes)
[    0.943742] TCP bind hash table entries: 32768 (order: 7, 524288 bytes)
[    0.943978] TCP: Hash tables configured (established 32768 bind 32768)
[    0.944142] UDP hash table entries: 2048 (order: 4, 65536 bytes)
[    0.944585] UDP-Lite hash table entries: 2048 (order: 4, 65536 bytes)
[    0.944768] NET: Registered protocol family 1
[    0.945166] RPC: Registered named UNIX socket transport module.
[    0.945177] RPC: Registered udp transport module.
[    0.945185] RPC: Registered tcp transport module.
[    0.945192] RPC: Registered tcp NFSv4.1 backchannel transport module.
[    0.945568] pci 0000:00:01.0: Video device with shadowed ROM at [mem 0x000c0000-0x000dffff]
[    0.946150] pci 0000:00:12.0: enabling device (0000 -> 0002)
[    0.946764] pci 0000:00:12.2: PME# does not work under D3, disabling it
[    0.946788] pci 0000:00:13.0: enabling device (0000 -> 0002)
[    0.947393] pci 0000:00:13.2: PME# does not work under D3, disabling it
[    0.947480] PCI: CLS 64 bytes, default 64
[    0.947598] PCI-DMA: Using software bounce buffering for IO (SWIOTLB)
[    0.947610] software IO TLB: mapped [mem 0x95000000-0x99000000] (64MB)
[    0.947807] amd_uncore: AMD NB counters detected
[    0.947823] amd_uncore: AMD LLC counters detected
[    0.947939] LVT offset 0 assigned for vector 0x400
[    0.947998] perf: AMD IBS detected (0x000000ff)
[    0.948017] kvm: no hardware support
[    0.948121] kvm: Nested Virtualization enabled
[    0.948133] kvm: Nested Paging enabled
[    0.949164] check: Scanning for low memory corruption every 60 seconds
[    0.951593] Initialise system trusted keyrings
[    0.951768] workingset: timestamp_bits=56 max_order=20 bucket_order=0
[    0.961778] fuse init (API version 7.29)
[    0.967062] Key type asymmetric registered
[    0.967082] Asymmetric key parser 'x509' registered
[    0.967138] Block layer SCSI generic (bsg) driver version 0.4 loaded (major 249)
[    0.967151] io scheduler mq-deadline registered
[    0.967159] io scheduler kyber registered
[    0.967989] pcieport 0000:00:02.2: Signaling PME with IRQ 25
[    0.968593] pcieport 0000:00:02.3: Signaling PME with IRQ 27
[    0.969276] uvesafb: failed to execute /sbin/v86d
[    0.969287] uvesafb: make sure that the v86d helper is installed and executable
[    0.969298] uvesafb: Getting VBE info block failed (eax=0x4f00, err=-2)
[    0.969307] uvesafb: vbe_init() failed with -22
[    0.969322] uvesafb: probe of uvesafb.0 failed with error -22
[    0.969379] efifb: probing for efifb
[    0.969423] efifb: framebuffer at 0xc0000000, using 4224k, total 4224k
[    0.969433] efifb: mode is 1366x768x32, linelength=5632, pages=1
[    0.969440] efifb: scrolling: redraw
[    0.969449] efifb: Truecolor: size=8:8:8:8, shift=24:16:8:0
[    0.980056] Console: switching to colour frame buffer device 170x48
[    0.989445] fb0: EFI VGA frame buffer device
[    0.990051] ACPI: AC Adapter [AC0] (off-line)
[    0.990428] input: Power Button as /devices/LNXSYSTM:00/LNXSYBUS:00/PNP0C0C:00/input/input0
[    0.990587] ACPI: Power Button [PWRB]
[    0.990778] input: Lid Switch as /devices/LNXSYSTM:00/LNXSYBUS:00/PNP0C0D:00/input/input1
[    0.990922] ACPI: Lid Switch [LID]
[    0.991090] input: Sleep Button as /devices/LNXSYSTM:00/LNXSYBUS:00/PNP0C0E:00/input/input2
[    0.991256] ACPI: Sleep Button [SLPB]
[    0.991437] input: Power Button as /devices/LNXSYSTM:00/LNXPWRBN:00/input/input3
[    0.991575] ACPI: Power Button [PWRF]
[    0.994799] thermal LNXTHERM:00: registered as thermal_zone0
[    0.994904] ACPI: Thermal Zone [THRM] (41 C)
[    0.995353] Serial: 8250/16550 driver, 4 ports, IRQ sharing enabled
[    0.997849] Non-volatile memory driver v1.3
[    0.998037] Linux agpgart interface v0.103
[    1.005113] loop: module loaded
[    1.005436] ahci 0000:00:11.0: version 3.0
[    1.005898] ahci 0000:00:11.0: AHCI 0001.0300 32 slots 2 ports 6 Gbps 0x3 impl SATA mode
[    1.006037] ahci 0000:00:11.0: flags: 64bit ncq sntf ilck pm led clo pmp pio slum part 
[    1.010404] scsi host0: ahci
[    1.014273] scsi host1: ahci
[    1.017596] ata1: SATA max UDMA/133 abar m1024@0xfeb6f000 port 0xfeb6f100 irq 28
[    1.020897] ata2: SATA max UDMA/133 abar m1024@0xfeb6f000 port 0xfeb6f180 irq 28
[    1.024732] tun: Universal TUN/TAP device driver, 1.6
[    1.028180] e1000: Intel(R) PRO/1000 Network Driver - version 7.3.21-k8-NAPI
[    1.031416] e1000: Copyright (c) 1999-2006 Intel Corporation.
[    1.034727] e1000e: Intel(R) PRO/1000 Network Driver - 3.2.6-k
[    1.037866] e1000e: Copyright(c) 1999 - 2015 Intel Corporation.
[    1.041097] sky2: driver version 1.30
[    1.045627] libphy: r8169: probed
[    1.049136] r8169 0000:02:00.0 eth0: RTL8105e, 74:d0:2b:a3:a6:42, XID 40a, IRQ 30
[    1.052612] ath9k 0000:01:00.0: enabling device (0000 -> 0002)
[    1.056159] ath: phy0: Disable PLL PowerSave
[    1.066802] ath: phy0: ASPM enabled: 0x442
[    1.069957] ath: EEPROM regdomain: 0x60
[    1.069959] ath: EEPROM indicates we should expect a direct regpair map
[    1.069964] ath: Country alpha2 being used: 00
[    1.069966] ath: Regpair used: 0x60
[    1.072445] ieee80211 phy0: Selected rate control algorithm 'minstrel_ht'
[    1.073035] ieee80211 phy0: Atheros AR9485 Rev:1 mem=0xffffa9b6c2480000, irq=31
[    1.076627] ehci_hcd: USB 2.0 'Enhanced' Host Controller (EHCI) Driver
[    1.079844] ehci-pci: EHCI PCI platform driver
[    1.083412] ehci-pci 0000:00:12.2: EHCI Host Controller
[    1.086786] ehci-pci 0000:00:12.2: new USB bus registered, assigned bus number 1
[    1.090026] ehci-pci 0000:00:12.2: applying AMD SB700/SB800/Hudson-2/3 EHCI dummy qh workaround
[    1.093316] ehci-pci 0000:00:12.2: debug port 1
[    1.096610] ehci-pci 0000:00:12.2: irq 17, io mem 0xfeb6d000
[    1.120717] ehci-pci 0000:00:12.2: USB 2.0 started, EHCI 1.00
[    1.124058] usb usb1: New USB device found, idVendor=1d6b, idProduct=0002, bcdDevice= 5.01
[    1.127312] usb usb1: New USB device strings: Mfr=3, Product=2, SerialNumber=1
[    1.130596] usb usb1: Product: EHCI Host Controller
[    1.133797] usb usb1: Manufacturer: Linux 5.1.0-rc2+ ehci_hcd
[    1.136960] usb usb1: SerialNumber: 0000:00:12.2
[    1.140486] hub 1-0:1.0: USB hub found
[    1.143575] hub 1-0:1.0: 4 ports detected
[    1.148749] ehci-pci 0000:00:13.2: EHCI Host Controller
[    1.151867] ehci-pci 0000:00:13.2: new USB bus registered, assigned bus number 2
[    1.154824] ehci-pci 0000:00:13.2: applying AMD SB700/SB800/Hudson-2/3 EHCI dummy qh workaround
[    1.157787] ehci-pci 0000:00:13.2: debug port 1
[    1.160755] ehci-pci 0000:00:13.2: irq 17, io mem 0xfeb6b000
[    1.190735] ehci-pci 0000:00:13.2: USB 2.0 started, EHCI 1.00
[    1.193766] usb usb2: New USB device found, idVendor=1d6b, idProduct=0002, bcdDevice= 5.01
[    1.196692] usb usb2: New USB device strings: Mfr=3, Product=2, SerialNumber=1
[    1.199626] usb usb2: Product: EHCI Host Controller
[    1.202566] usb usb2: Manufacturer: Linux 5.1.0-rc2+ ehci_hcd
[    1.205469] usb usb2: SerialNumber: 0000:00:13.2
[    1.208873] hub 2-0:1.0: USB hub found
[    1.211725] hub 2-0:1.0: 4 ports detected
[    1.218511] battery: ACPI: Battery Slot [BAT0] (battery present)
[    1.219121] ohci_hcd: USB 1.1 'Open' Host Controller (OHCI) Driver
[    1.224362] ohci-pci: OHCI PCI platform driver
[    1.227531] ohci-pci 0000:00:12.0: OHCI PCI host controller
[    1.230592] ohci-pci 0000:00:12.0: new USB bus registered, assigned bus number 3
[    1.233526] ohci-pci 0000:00:12.0: irq 18, io mem 0xfeb6e000
[    1.304893] usb usb3: New USB device found, idVendor=1d6b, idProduct=0001, bcdDevice= 5.01
[    1.307829] usb usb3: New USB device strings: Mfr=3, Product=2, SerialNumber=1
[    1.310725] usb usb3: Product: OHCI PCI host controller
[    1.313630] usb usb3: Manufacturer: Linux 5.1.0-rc2+ ohci_hcd
[    1.316528] usb usb3: SerialNumber: 0000:00:12.0
[    1.319948] hub 3-0:1.0: USB hub found
[    1.322784] hub 3-0:1.0: 4 ports detected
[    1.327858] ohci-pci 0000:00:13.0: OHCI PCI host controller
[    1.330872] ohci-pci 0000:00:13.0: new USB bus registered, assigned bus number 4
[    1.333742] ohci-pci 0000:00:13.0: irq 18, io mem 0xfeb6c000
[    1.360754] ata2: SATA link down (SStatus 0 SControl 300)
[    1.408481] usb usb4: New USB device found, idVendor=1d6b, idProduct=0001, bcdDevice= 5.01
[    1.411374] usb usb4: New USB device strings: Mfr=3, Product=2, SerialNumber=1
[    1.414238] usb usb4: Product: OHCI PCI host controller
[    1.417050] usb usb4: Manufacturer: Linux 5.1.0-rc2+ ohci_hcd
[    1.419887] usb usb4: SerialNumber: 0000:00:13.0
[    1.423183] hub 4-0:1.0: USB hub found
[    1.425985] hub 4-0:1.0: 4 ports detected
[    1.430742] uhci_hcd: USB Universal Host Controller Interface driver
[    1.433625] usbcore: registered new interface driver usblp
[    1.436605] usbcore: registered new interface driver usb-storage
[    1.439427] usbcore: registered new interface driver ch341
[    1.442157] usbserial: USB Serial support registered for ch341-uart
[    1.445038] i8042: PNP: PS/2 Controller [PNP030b:PS2K,PNP0f03:PS2M] at 0x60,0x64 irq 1,12
[    1.449683] i8042: Detected active multiplexing controller, rev 1.1
[    1.453505] serio: i8042 KBD port at 0x60,0x64 irq 1
[    1.456327] serio: i8042 AUX0 port at 0x60,0x64 irq 12
[    1.459189] serio: i8042 AUX1 port at 0x60,0x64 irq 12
[    1.462011] serio: i8042 AUX2 port at 0x60,0x64 irq 12
[    1.464826] serio: i8042 AUX3 port at 0x60,0x64 irq 12
[    1.467899] mousedev: PS/2 mouse device common for all mice
[    1.471217] rtc_cmos 00:03: RTC can wake from S4
[    1.474121] rtc_cmos 00:03: registered as rtc0
[    1.476775] rtc_cmos 00:03: alarms up to one month, y3k, 114 bytes nvram, hpet irqs
[    1.479766] device-mapper: ioctl: 4.40.0-ioctl (2019-01-18) initialised: dm-devel@redhat.com
[    1.482618] intel_pstate: CPU ID not supported
[    1.485379] EFI Variables Facility v0.08 2004-May-17
[    1.495753] hidraw: raw HID events driver (C) Jiri Kosina
[    1.499365] usbcore: registered new interface driver usbhid
[    1.502164] usbhid: USB HID core driver
[    1.508169] snd_hda_intel 0000:00:01.1: enabling device (0000 -> 0002)
[    1.508435] input: AT Translated Set 2 keyboard as /devices/platform/i8042/serio0/input/input4
[    1.512537] snd_hda_intel 0000:00:01.1: Force to non-snoop mode
[    1.518672] Initializing XFRM netlink socket
[    1.523041] NET: Registered protocol family 10
[    1.527271] Segment Routing with IPv6
[    1.530174] sit: IPv6, IPv4 and MPLS over IPv4 tunneling driver
[    1.533469] NET: Registered protocol family 17
[    1.537245] microcode: CPU0: patch_level=0x0700010b
[    1.540071] microcode: CPU1: patch_level=0x0700010b
[    1.543006] microcode: Microcode Update Driver: v2.2.
[    1.543043] sched_clock: Marking stable (1541393546, 1578832)->(1670289224, -127316846)
[    1.549275] registered taskstats version 1
[    1.552077] Loading compiled-in X.509 certificates
[    1.552092] snd_hda_codec_generic hdaudioC0D0: autoconfig for Generic: line_outs=0 (0x0/0x0/0x0/0x0/0x0) type:line
[    1.554885] ata1: SATA link up 6.0 Gbps (SStatus 133 SControl 300)
[    1.557709] snd_hda_codec_generic hdaudioC0D0:    speaker_outs=0 (0x0/0x0/0x0/0x0/0x0)
[    1.561712] acpi_cpufreq: overriding BIOS provided _PSD data
[    1.563544] snd_hda_codec_generic hdaudioC0D0:    hp_outs=0 (0x0/0x0/0x0/0x0/0x0)
[    1.569537] snd_hda_codec_generic hdaudioC0D0:    mono: mono_out=0x0
[    1.572565] snd_hda_codec_generic hdaudioC0D0:    dig-out=0x3/0x0
[    1.572827] cfg80211: Loading compiled-in X.509 certificates for regulatory database
[    1.575550] snd_hda_codec_generic hdaudioC0D0:    inputs:
[    1.576474] random: fast init done
[    1.580158] cfg80211: Loaded X.509 cert 'sforshee: 00b28ddf47aef9cea7'
[    1.584589] snd_hda_codec_realtek hdaudioC1D0: autoconfig for ALC3229: line_outs=1 (0x14/0x0/0x0/0x0/0x0) type:speaker
[    1.584806] platform regulatory.0: Direct firmware load for regulatory.db failed with error -2
[    1.587824] snd_hda_codec_realtek hdaudioC1D0:    speaker_outs=0 (0x0/0x0/0x0/0x0/0x0)
[    1.591031] ata1.00: ATA-8: KINGSTON SV300S37A120G, 603ABBF0, max UDMA/133
[    1.591036] ata1.00: 234441648 sectors, multi 1: LBA48 NCQ (depth 32), AA
[    1.591044] cfg80211: failed to load regulatory.db
[    1.594276] snd_hda_codec_realtek hdaudioC1D0:    hp_outs=1 (0x21/0x0/0x0/0x0/0x0)
[    1.597537] ALSA device list:
[    1.600816] snd_hda_codec_realtek hdaudioC1D0:    mono: mono_out=0x0
[    1.604139]   No soundcards found.
[    1.607529] snd_hda_codec_realtek hdaudioC1D0:    inputs:
[    1.625092] snd_hda_codec_realtek hdaudioC1D0:      Mic=0x19
[    1.625143] ata1.00: configured for UDMA/133
[    1.625767] scsi 0:0:0:0: Direct-Access     ATA      KINGSTON SV300S3 BBF0 PQ: 0 ANSI: 5
[    1.626121] input: HDA ATI HDMI HDMI as /devices/pci0000:00/0000:00:01.1/sound/card0/input6
[    1.626493] sd 0:0:0:0: Attached scsi generic sg0 type 0
[    1.626674] sd 0:0:0:0: [sda] 234441648 512-byte logical blocks: (120 GB/112 GiB)
[    1.626719] sd 0:0:0:0: [sda] Write Protect is off
[    1.651237] sd 0:0:0:0: [sda] Mode Sense: 00 3a 00 00
[    1.651902] sd 0:0:0:0: [sda] Write cache: enabled, read cache: enabled, doesn't support DPO or FUA
[    1.657775]  sda: sda1 sda2 sda3 sda4 sda5 sda6
[    1.663094] sd 0:0:0:0: [sda] Attached SCSI disk
[    1.666453] input: HD-Audio Generic Headphone as /devices/pci0000:00/0000:00:14.2/sound/card1/input11
[    1.858067] usb 4-1: new full-speed USB device number 2 using ohci-pci
[    2.028146] tsc: Refined TSC clocksource calibration: 998.127 MHz
[    2.031816] clocksource: tsc: mask: 0xffffffffffffffff max_cycles: 0x1cc65b93289, max_idle_ns: 881590487074 ns
[    2.035688] clocksource: Switched to clocksource tsc
[    2.143779] usb 4-1: New USB device found, idVendor=03eb, idProduct=843d, bcdDevice=20.01
[    2.147685] usb 4-1: New USB device strings: Mfr=1, Product=2, SerialNumber=0
[    2.151587] usb 4-1: Product: Atmel maXTouch Digitizer
[    2.155417] usb 4-1: Manufacturer: Atmel
[    2.175199] input: Atmel Atmel maXTouch Digitizer Touchscreen as /devices/pci0000:00/0000:00:13.0/usb4/4-1/4-1:1.0/0003:03EB:843D.0001/input/input15
[    2.179650] input: Atmel Atmel maXTouch Digitizer as /devices/pci0000:00/0000:00:13.0/usb4/4-1/4-1:1.0/0003:03EB:843D.0001/input/input16
[    2.184177] hid-generic 0003:03EB:843D.0001: input,hiddev96,hidraw0: USB HID v1.11 Device [Atmel Atmel maXTouch Digitizer] on usb-0000:00:13.0-1/input0
[    2.196880] hid-generic 0003:03EB:843D.0002: hiddev97,hidraw1: USB HID v1.11 Device [Atmel Atmel maXTouch Digitizer] on usb-0000:00:13.0-1/input1
[    2.366516] input: PS/2 Logitech Wheel Mouse as /devices/platform/i8042/serio4/input/input14
[    2.373657] md: Waiting for all devices to be available before autodetect
[    2.377766] md: If you don't use raid, use raid=noautodetect
[    2.382297] md: Autodetecting RAID arrays.
[    2.386407] md: autorun ...
[    2.390447] md: ... autorun DONE.
[    2.399380] EXT4-fs (sda2): mounted filesystem with ordered data mode. Opts: (null)
[    2.403508] VFS: Mounted root (ext4 filesystem) readonly on device 8:2.
[    2.408890] devtmpfs: mounted
[    2.413694] Freeing unused kernel image memory: 1256K
[    2.468079] Write protecting the kernel read-only data: 22528k
[    2.473595] Freeing unused kernel image memory: 1984K
[    2.478772] Freeing unused kernel image memory: 1740K
[    2.482676] Run /sbin/init as init process
[    2.531443] stty (1783) used greatest stack depth: 13824 bytes left
[    2.596836] mountpoint (1790) used greatest stack depth: 13800 bytes left
[    2.619698] sed (1797) used greatest stack depth: 13624 bytes left
[    2.761509] ip (1841) used greatest stack depth: 12464 bytes left
[    2.850466] udevd[1871]: starting version 3.2.1
[    2.861055] random: udevd: uninitialized urandom read (16 bytes read)
[    2.865667] random: udevd: uninitialized urandom read (16 bytes read)
[    2.870161] random: udevd: uninitialized urandom read (16 bytes read)
[    2.887501] udevd[1872]: starting eudev-3.2.1
[    2.897950] usb 4-2: new full-speed USB device number 3 using ohci-pci
[    3.161828] ath9k 0000:01:00.0 wlp1s0: renamed from wlan0
[    3.172367] usb 4-2: New USB device found, idVendor=13d3, idProduct=3362, bcdDevice= 0.01
[    3.176597] usb 4-2: New USB device strings: Mfr=1, Product=2, SerialNumber=3
[    3.180754] usb 4-2: Product: Bluetooth USB Host Controller
[    3.184815] usb 4-2: Manufacturer: Atheros Communications
[    3.188819] usb 4-2: SerialNumber: Alaska Day 2006
[    3.220554] r8169 0000:02:00.0 enp2s0: renamed from eth0
[    3.268670] [drm] radeon kernel modesetting enabled.
[    3.282835] checking generic (c0000000 420000) vs hw (c0000000 10000000)
[    3.282840] fb0: switching to radeondrmfb from EFI VGA
[    3.297405] Console: switching to colour dummy device 80x25
[    3.302914] radeon 0000:00:01.0: vgaarb: deactivate vga console
[    3.306083] [drm] initializing kernel modesetting (KABINI 0x1002:0x9839 0x1043:0x141D 0x00).
[    3.306153] [drm] doorbell mmio base: 0xD0000000
[    3.306162] [drm] doorbell mmio size: 8388608
[    3.306196] ATOM BIOS: AMD
[    3.306270] [drm] Changing default dispclk from 400Mhz to 600Mhz
[    3.306308] radeon 0000:00:01.0: VRAM: 512M 0x0000000000000000 - 0x000000001FFFFFFF (512M used)
[    3.306324] radeon 0000:00:01.0: GTT: 2048M 0x0000000020000000 - 0x000000009FFFFFFF
[    3.306345] [drm] Detected VRAM RAM=512M, BAR=256M
[    3.306352] [drm] RAM width 128bits DDR
[    3.318188] [TTM] Zone  kernel: Available graphics memory: 1729580 kiB
[    3.318206] [TTM] Initializing pool allocator
[    3.318230] [TTM] Initializing DMA pool allocator
[    3.318287] [drm] radeon: 512M of VRAM memory ready
[    3.318297] [drm] radeon: 2048M of GTT memory ready.
[    3.318342] [drm] Loading kabini Microcode
[    3.360208] [drm] Internal thermal controller without fan control
[    3.361664] [drm] radeon: dpm initialized
[    3.362794] [drm] Found UVD firmware Version: 1.64 Family ID: 9
[    3.367485] [drm] Found VCE firmware/feedback version 40.2.2 / 15!
[    3.367546] [drm] GART: num cpu pages 524288, num gpu pages 524288
[    3.404572] [drm] PCIE GART of 2048M enabled (table at 0x000000000030E000).
[    3.405405] radeon 0000:00:01.0: WB enabled
[    3.405454] radeon 0000:00:01.0: fence driver on ring 0 use gpu addr 0x0000000020000c00 and cpu addr 0x(____ptrval____)
[    3.405471] radeon 0000:00:01.0: fence driver on ring 1 use gpu addr 0x0000000020000c04 and cpu addr 0x(____ptrval____)
[    3.405486] radeon 0000:00:01.0: fence driver on ring 2 use gpu addr 0x0000000020000c08 and cpu addr 0x(____ptrval____)
[    3.405501] radeon 0000:00:01.0: fence driver on ring 3 use gpu addr 0x0000000020000c0c and cpu addr 0x(____ptrval____)
[    3.405515] radeon 0000:00:01.0: fence driver on ring 4 use gpu addr 0x0000000020000c10 and cpu addr 0x(____ptrval____)
[    3.406498] radeon 0000:00:01.0: fence driver on ring 5 use gpu addr 0x0000000000078d30 and cpu addr 0x(____ptrval____)
[    3.408250] radeon 0000:00:01.0: fence driver on ring 6 use gpu addr 0x0000000020000c18 and cpu addr 0x(____ptrval____)
[    3.408276] radeon 0000:00:01.0: fence driver on ring 7 use gpu addr 0x0000000020000c1c and cpu addr 0x(____ptrval____)
[    3.408291] [drm] Supports vblank timestamp caching Rev 2 (21.10.2013).
[    3.408298] [drm] Driver supports precise vblank timestamp query.
[    3.408410] radeon 0000:00:01.0: radeon: using MSI.
[    3.408473] [drm] radeon: irq initialized.
[    3.412355] [drm] ring test on 0 succeeded in 3 usecs
[    3.412480] [drm] ring test on 1 succeeded in 4 usecs
[    3.412519] [drm] ring test on 2 succeeded in 4 usecs
[    3.412849] [drm] ring test on 3 succeeded in 6 usecs
[    3.412868] [drm] ring test on 4 succeeded in 6 usecs
[    3.459332] [drm] ring test on 5 succeeded in 2 usecs
[    3.479422] [drm] UVD initialized successfully.
[    3.589623] usb 2-3: new high-speed USB device number 4 using ehci-pci
[    3.592370] [drm] ring test on 6 succeeded in 20 usecs
[    3.592402] [drm] ring test on 7 succeeded in 3 usecs
[    3.592409] [drm] VCE initialized successfully.
[    3.594217] [drm] ib test on ring 0 succeeded in 0 usecs
[    3.594495] [drm] ib test on ring 1 succeeded in 0 usecs
[    3.594768] [drm] ib test on ring 2 succeeded in 0 usecs
[    3.595074] [drm] ib test on ring 3 succeeded in 0 usecs
[    3.595346] [drm] ib test on ring 4 succeeded in 0 usecs
[    3.821072] usb 2-3: New USB device found, idVendor=04f2, idProduct=b404, bcdDevice=69.63
[    3.821096] usb 2-3: New USB device strings: Mfr=3, Product=1, SerialNumber=2
[    3.821108] usb 2-3: Product: USB2.0 HD UVC WebCam
[    3.821117] usb 2-3: Manufacturer: Chicony Electronics Co.,Ltd.
[    3.821126] usb 2-3: SerialNumber: 0x0001
[    4.118299] [drm] ib test on ring 5 succeeded
[    4.142169] [drm] ib test on ring 6 succeeded
[    4.143166] [drm] ib test on ring 7 succeeded
[    4.198051] [drm] radeon atom DIG backlight initialized
[    4.198077] [drm] Radeon Display Connectors
[    4.198085] [drm] Connector 0:
[    4.198091] [drm]   LVDS-1
[    4.198097] [drm]   HPD1
[    4.198106] [drm]   DDC: 0x6530 0x6530 0x6534 0x6534 0x6538 0x6538 0x653c 0x653c
[    4.198115] [drm]   Encoders:
[    4.198120] [drm]     LCD1: INTERNAL_UNIPHY
[    4.198127] [drm] Connector 1:
[    4.198133] [drm]   HDMI-A-1
[    4.198138] [drm]   HPD2
[    4.198146] [drm]   DDC: 0x6540 0x6540 0x6544 0x6544 0x6548 0x6548 0x654c 0x654c
[    4.198154] [drm]   Encoders:
[    4.198160] [drm]     DFP1: INTERNAL_UNIPHY
[    4.198166] [drm] Connector 2:
[    4.198171] [drm]   VGA-1
[    4.198179] [drm]   DDC: 0x65c0 0x65c0 0x65c4 0x65c4 0x65c8 0x65c8 0x65cc 0x65cc
[    4.198187] [drm]   Encoders:
[    4.198193] [drm]     CRT1: INTERNAL_KLDSCP_DAC1
[    5.260118] [drm] fb mappable at 0xC0722000
[    5.260136] [drm] vram apper at 0xC0000000
[    5.260143] [drm] size 4325376
[    5.260149] [drm] fb depth is 24
[    5.260155] [drm]    pitch is 5632
[    5.260536] fbcon: radeondrmfb (fb0) is primary device
[    5.368360] Console: switching to colour frame buffer device 170x48
[    5.378705] radeon 0000:00:01.0: fb0: radeondrmfb frame buffer device
[    5.430990] ACPI Debug:  "=== ALIB 0 - true ==="
[    5.431742] [drm] Initialized radeon 2.50.0 20080528 for 0000:00:01.0 on minor 0
[    5.515016] Adding 3608572k swap on /dev/sda4.  Priority:1 extents:1 across:3608572k SS
[    5.565158] EXT4-fs (sda2): re-mounted. Opts: (null)
[    5.658152] EXT4-fs (sda2): re-mounted. Opts: (null)
[    8.031066] urandom_read: 6 callbacks suppressed
[    8.031072] random: wpa_supplicant: uninitialized urandom read (32 bytes read)
[    9.389153] wlp1s0: authenticate with 64:66:b3:cd:9a:3a
[    9.409733] wlp1s0: send auth to 64:66:b3:cd:9a:3a (try 1/3)
[    9.418117] wlp1s0: authenticated
[    9.428051] wlp1s0: associate with 64:66:b3:cd:9a:3a (try 1/3)
[    9.435777] wlp1s0: RX AssocResp from 64:66:b3:cd:9a:3a (capab=0x431 status=0 aid=2)
[    9.439603] wlp1s0: associated
[    9.470695] IPv6: ADDRCONF(NETDEV_CHANGE): wlp1s0: link becomes ready
[   11.035069] udevd (2272) used greatest stack depth: 12176 bytes left
[   64.144248] random: crng init done
