[    0.000000] Linux version 5.3.0-rc2+ (root@(none)) (gcc version 9.0.1 20190416 (experimental) (GCC)) #264 SMP Mon Jul 29 19:07:53 +05 2019
[    0.000000] Command line: BOOT_IMAGE=/boot/bzImage root=/dev/sda2 ro
[    0.000000] x86/fpu: Supporting XSAVE feature 0x001: 'x87 floating point registers'
[    0.000000] x86/fpu: Supporting XSAVE feature 0x002: 'SSE registers'
[    0.000000] x86/fpu: Supporting XSAVE feature 0x004: 'AVX registers'
[    0.000000] x86/fpu: xstate_offset[2]:  576, xstate_sizes[2]:  256
[    0.000000] x86/fpu: Enabled xstate features 0x7, context size is 832 bytes, using 'standard' format.
[    0.000000] BIOS-provided physical RAM map:
[    0.000000] BIOS-e820: [mem 0x0000000000000000-0x000000000009ffff] usable
[    0.000000] BIOS-e820: [mem 0x0000000000100000-0x000000009d0f7fff] usable
[    0.000000] BIOS-e820: [mem 0x000000009d0f8000-0x000000009d127fff] reserved
[    0.000000] BIOS-e820: [mem 0x000000009d128000-0x000000009d370fff] usable
[    0.000000] BIOS-e820: [mem 0x000000009d371000-0x000000009dc56fff] ACPI NVS
[    0.000000] BIOS-e820: [mem 0x000000009dc57000-0x000000009e959fff] reserved
[    0.000000] BIOS-e820: [mem 0x000000009e95a000-0x000000009e9cafff] type 20
[    0.000000] BIOS-e820: [mem 0x000000009e9cb000-0x000000009e9cbfff] usable
[    0.000000] BIOS-e820: [mem 0x000000009e9cc000-0x000000009e9d3fff] ACPI NVS
[    0.000000] BIOS-e820: [mem 0x000000009e9d4000-0x000000009eb24fff] usable
[    0.000000] BIOS-e820: [mem 0x000000009eb25000-0x000000009f041fff] reserved
[    0.000000] BIOS-e820: [mem 0x000000009f042000-0x000000009f080fff] usable
[    0.000000] BIOS-e820: [mem 0x000000009f081000-0x000000009f3f1fff] reserved
[    0.000000] BIOS-e820: [mem 0x000000009f3f2000-0x000000009f3fffff] usable
[    0.000000] BIOS-e820: [mem 0x00000000fec00000-0x00000000fec01fff] reserved
[    0.000000] BIOS-e820: [mem 0x00000000fec10000-0x00000000fec10fff] reserved
[    0.000000] BIOS-e820: [mem 0x00000000fed00000-0x00000000fed00fff] reserved
[    0.000000] BIOS-e820: [mem 0x00000000fed80000-0x00000000fed8ffff] reserved
[    0.000000] BIOS-e820: [mem 0x00000000ff000000-0x00000000ffffffff] reserved
[    0.000000] BIOS-e820: [mem 0x0000000100001000-0x000000013effffff] usable
[    0.000000] NX (Execute Disable) protection: active
[    0.000000] efi: EFI v2.31 by American Megatrends
[    0.000000] efi:  ACPI=0x9d3f3000  ACPI 2.0=0x9d3f3000  SMBIOS=0x9e958998 
[    0.000000] SMBIOS 2.7 present.
[    0.000000] DMI: ASUSTeK COMPUTER INC. X102BA/X102BA, BIOS X102BA.212 08/30/2013
[    0.000000] tsc: Fast TSC calibration using PIT
[    0.000000] tsc: Detected 998.120 MHz processor
[    0.000213] e820: update [mem 0x00000000-0x00000fff] usable ==> reserved
[    0.000218] e820: remove [mem 0x000a0000-0x000fffff] usable
[    0.000243] last_pfn = 0x13f000 max_arch_pfn = 0x400000000
[    0.000253] MTRR default type: uncachable
[    0.000255] MTRR fixed ranges enabled:
[    0.000258]   00000-9FFFF write-back
[    0.000260]   A0000-BFFFF write-through
[    0.000263]   C0000-DFFFF uncachable
[    0.000265]   E0000-FFFFF write-protect
[    0.000267] MTRR variable ranges enabled:
[    0.000271]   0 base 0000000000 mask FF80000000 write-back
[    0.000275]   1 base 0080000000 mask FFE0000000 write-back
[    0.000278]   2 base 009F400000 mask FFFFC00000 uncachable
[    0.000281]   3 base 009F800000 mask FFFF800000 uncachable
[    0.000283]   4 disabled
[    0.000284]   5 disabled
[    0.000285]   6 disabled
[    0.000286]   7 disabled
[    0.000288] TOM2: 000000013f000000 aka 5104M
[    0.000801] x86/PAT: Configuration [0-7]: WB  WC  UC- UC  WB  WP  UC- WT  
[    0.001069] e820: update [mem 0x9f400000-0xffffffff] usable ==> reserved
[    0.001083] last_pfn = 0x9f400 max_arch_pfn = 0x400000000
[    0.013925] check: Scanning 1 areas for low memory corruption
[    0.013938] Using GB pages for direct mapping
[    0.013945] BRK [0x62e01000, 0x62e01fff] PGTABLE
[    0.013952] BRK [0x62e02000, 0x62e02fff] PGTABLE
[    0.013956] BRK [0x62e03000, 0x62e03fff] PGTABLE
[    0.014054] BRK [0x62e04000, 0x62e04fff] PGTABLE
[    0.014059] BRK [0x62e05000, 0x62e05fff] PGTABLE
[    0.014185] BRK [0x62e06000, 0x62e06fff] PGTABLE
[    0.014955] BRK [0x62e07000, 0x62e07fff] PGTABLE
[    0.015138] BRK [0x62e08000, 0x62e08fff] PGTABLE
[    0.015279] BRK [0x62e09000, 0x62e09fff] PGTABLE
[    0.015479] BRK [0x62e0a000, 0x62e0afff] PGTABLE
[    0.015721] BRK [0x62e0b000, 0x62e0bfff] PGTABLE
[    0.015857] Secure boot could not be determined
[    0.015872] ACPI: Early table checksum verification disabled
[    0.015882] ACPI: RSDP 0x000000009D3F3000 000024 (v02 _ASUS_)
[    0.015893] ACPI: XSDT 0x000000009D3F3088 000094 (v01 _ASUS_ Notebook 01072009 AMI  00010013)
[    0.015909] ACPI: FACP 0x000000009D400748 00010C (v05 _ASUS_ Notebook 01072009 AMI  00010013)
[    0.015924] ACPI BIOS Warning (bug): Optional FADT field Pm2ControlBlock has valid Length but zero Address: 0x0000000000000000/0x1 (20190703/tbfadt-615)
[    0.015937] ACPI: DSDT 0x000000009D3F31A8 00D59D (v02 _ASUS_ Notebook 00000000 INTL 20091112)
[    0.015947] ACPI: FACS 0x000000009DC4B080 000040
[    0.015955] ACPI: APIC 0x000000009D400858 00007E (v03 _ASUS_ Notebook 01072009 AMI  00010013)
[    0.015964] ACPI: FPDT 0x000000009D4008D8 000044 (v01 _ASUS_ Notebook 01072009 AMI  00010013)
[    0.015973] ACPI: ECDT 0x000000009D400920 0000C1 (v01 _ASUS_ Notebook 01072009 AMI. 00000005)
[    0.015982] ACPI: MCFG 0x000000009D4009E8 00003C (v01 _ASUS_ Notebook 01072009 MSFT 00010013)
[    0.015991] ACPI: HPET 0x000000009D400A28 000038 (v01 _ASUS_ Notebook 01072009 AMI  00000005)
[    0.016000] ACPI: VFCT 0x000000009D400A60 004684 (v01 _ASUS_ Notebook 00000001 AMD  31504F47)
[    0.016010] ACPI: BGRT 0x000000009D4050E8 000038 (v00 _ASUS_ Notebook 01072009 ASUS 00010013)
[    0.016019] ACPI: SSDT 0x000000009D405120 0005E0 (v01 AMD    AGESA    00000001 AMD  00000001)
[    0.016028] ACPI: SSDT 0x000000009D405700 0046D1 (v02 AMD    AGESA    00000002 MSFT 04000000)
[    0.016038] ACPI: CRAT 0x000000009D409DD8 000228 (v01 AMD    AGESA    00000001 AMD  00000001)
[    0.016047] ACPI: SSDT 0x000000009D40A000 001411 (v01 AMD    CPMDFIGP 00000001 INTL 20051117)
[    0.016056] ACPI: SSDT 0x000000009D40B418 0010E8 (v01 AMD    CPMCMN   00000001 INTL 20051117)
[    0.016065] ACPI: MSDM 0x000000009D127F98 000055 (v03 _ASUS_ Notebook 00000000 ASUS 00000001)
[    0.016092] ACPI: Local APIC address 0xfee00000
[    0.016353] No NUMA configuration found
[    0.016357] Faking a node at [mem 0x0000000000000000-0x000000013effffff]
[    0.016370] NODE_DATA(0) allocated [mem 0x13effa000-0x13effdfff]
[    0.016423] Zone ranges:
[    0.016426]   DMA      [mem 0x0000000000001000-0x0000000000ffffff]
[    0.016431]   DMA32    [mem 0x0000000001000000-0x00000000ffffffff]
[    0.016435]   Normal   [mem 0x0000000100000000-0x000000013effffff]
[    0.016440] Movable zone start for each node
[    0.016442] Early memory node ranges
[    0.016446]   node   0: [mem 0x0000000000001000-0x000000000009ffff]
[    0.016450]   node   0: [mem 0x0000000000100000-0x000000009d0f7fff]
[    0.016454]   node   0: [mem 0x000000009d128000-0x000000009d370fff]
[    0.016457]   node   0: [mem 0x000000009e9cb000-0x000000009e9cbfff]
[    0.016460]   node   0: [mem 0x000000009e9d4000-0x000000009eb24fff]
[    0.016463]   node   0: [mem 0x000000009f042000-0x000000009f080fff]
[    0.016466]   node   0: [mem 0x000000009f3f2000-0x000000009f3fffff]
[    0.016469]   node   0: [mem 0x0000000100001000-0x000000013effffff]
[    0.016825] Zeroed struct page in unavailable ranges: 11138 pages
[    0.016831] Initmem setup node 0 [mem 0x0000000000001000-0x000000013effffff]
[    0.016840] On node 0 totalpages: 902270
[    0.016843]   DMA zone: 64 pages used for memmap
[    0.016845]   DMA zone: 23 pages reserved
[    0.016847]   DMA zone: 3999 pages, LIFO batch:0
[    0.017074]   DMA32 zone: 10004 pages used for memmap
[    0.017076]   DMA32 zone: 640224 pages, LIFO batch:63
[    0.059361]   Normal zone: 4032 pages used for memmap
[    0.059367]   Normal zone: 258047 pages, LIFO batch:63
[    0.073123] ACPI: PM-Timer IO Port: 0x808
[    0.073134] ACPI: Local APIC address 0xfee00000
[    0.073151] ACPI: LAPIC_NMI (acpi_id[0xff] high edge lint[0x1])
[    0.073168] IOAPIC[0]: apic_id 3, version 33, address 0xfec00000, GSI 0-23
[    0.073178] IOAPIC[1]: apic_id 4, version 33, address 0xfec01000, GSI 24-55
[    0.073185] ACPI: INT_SRC_OVR (bus 0 bus_irq 0 global_irq 2 dfl dfl)
[    0.073191] ACPI: INT_SRC_OVR (bus 0 bus_irq 9 global_irq 9 low level)
[    0.073195] ACPI: IRQ0 used by override.
[    0.073197] ACPI: IRQ9 used by override.
[    0.073202] Using ACPI (MADT) for SMP configuration information
[    0.073207] ACPI: HPET id: 0x10228210 base: 0xfed00000
[    0.073223] smpboot: Allowing 4 CPUs, 2 hotplug CPUs
[    0.073298] PM: Registered nosave memory: [mem 0x00000000-0x00000fff]
[    0.073305] PM: Registered nosave memory: [mem 0x000a0000-0x000fffff]
[    0.073311] PM: Registered nosave memory: [mem 0x9d0f8000-0x9d127fff]
[    0.073318] PM: Registered nosave memory: [mem 0x9d371000-0x9dc56fff]
[    0.073320] PM: Registered nosave memory: [mem 0x9dc57000-0x9e959fff]
[    0.073323] PM: Registered nosave memory: [mem 0x9e95a000-0x9e9cafff]
[    0.073329] PM: Registered nosave memory: [mem 0x9e9cc000-0x9e9d3fff]
[    0.073336] PM: Registered nosave memory: [mem 0x9eb25000-0x9f041fff]
[    0.073342] PM: Registered nosave memory: [mem 0x9f081000-0x9f3f1fff]
[    0.073348] PM: Registered nosave memory: [mem 0x9f400000-0xfebfffff]
[    0.073351] PM: Registered nosave memory: [mem 0xfec00000-0xfec01fff]
[    0.073354] PM: Registered nosave memory: [mem 0xfec02000-0xfec0ffff]
[    0.073356] PM: Registered nosave memory: [mem 0xfec10000-0xfec10fff]
[    0.073359] PM: Registered nosave memory: [mem 0xfec11000-0xfecfffff]
[    0.073362] PM: Registered nosave memory: [mem 0xfed00000-0xfed00fff]
[    0.073364] PM: Registered nosave memory: [mem 0xfed01000-0xfed7ffff]
[    0.073367] PM: Registered nosave memory: [mem 0xfed80000-0xfed8ffff]
[    0.073370] PM: Registered nosave memory: [mem 0xfed90000-0xfeffffff]
[    0.073372] PM: Registered nosave memory: [mem 0xff000000-0xffffffff]
[    0.073375] PM: Registered nosave memory: [mem 0x100000000-0x100000fff]
[    0.073381] [mem 0x9f400000-0xfebfffff] available for PCI devices
[    0.073392] clocksource: refined-jiffies: mask: 0xffffffff max_cycles: 0xffffffff, max_idle_ns: 19112604462750000 ns
[    0.495150] setup_percpu: NR_CPUS:64 nr_cpumask_bits:64 nr_cpu_ids:4 nr_node_ids:1
[    0.496330] percpu: Embedded 51 pages/cpu s169944 r8192 d30760 u524288
[    0.496368] pcpu-alloc: s169944 r8192 d30760 u524288 alloc=1*2097152
[    0.496370] pcpu-alloc: [0] 0 1 2 3 
[    0.496448] Built 1 zonelists, mobility grouping on.  Total pages: 888147
[    0.496452] Policy zone: Normal
[    0.496459] Kernel command line: BOOT_IMAGE=/boot/bzImage root=/dev/sda2 ro
[    0.498424] Dentry cache hash table entries: 524288 (order: 10, 4194304 bytes, linear)
[    0.499353] Inode-cache hash table entries: 262144 (order: 9, 2097152 bytes, linear)
[    0.499430] mem auto-init: stack:off, heap alloc:off, heap free:off
[    0.563376] Memory: 3426024K/3609080K available (14353K kernel code, 1449K rwdata, 4536K rodata, 1312K init, 784K bss, 183056K reserved, 0K cma-reserved)
[    0.563576] SLUB: HWalign=64, Order=0-3, MinObjects=0, CPUs=4, Nodes=1
[    0.563810] rcu: Hierarchical RCU implementation.
[    0.563814] rcu: 	RCU event tracing is enabled.
[    0.563817] rcu: 	RCU restricting CPUs from NR_CPUS=64 to nr_cpu_ids=4.
[    0.563822] rcu: RCU calculated value of scheduler-enlistment delay is 10 jiffies.
[    0.563825] rcu: Adjusting geometry for rcu_fanout_leaf=16, nr_cpu_ids=4
[    0.564421] NR_IRQS: 4352, nr_irqs: 1000, preallocated irqs: 16
[    0.565016] random: get_random_bytes called from start_kernel+0x314/0x4e1 with crng_init=0
[    0.565098] Console: colour dummy device 80x25
[    0.565806] printk: console [tty0] enabled
[    0.565853] ACPI: Core revision 20190703
[    0.566334] clocksource: hpet: mask: 0xffffffff max_cycles: 0xffffffff, max_idle_ns: 133484873504 ns
[    0.566373] APIC: Switch to symmetric I/O mode setup
[    0.567234] ..TIMER: vector=0x30 apic1=0 pin1=2 apic2=-1 pin2=-1
[    0.616376] clocksource: tsc-early: mask: 0xffffffffffffffff max_cycles: 0x1cc64e6f77d, max_idle_ns: 881590591131 ns
[    0.616393] Calibrating delay loop (skipped), value calculated using timer frequency.. 1996.24 BogoMIPS (lpj=9981200)
[    0.616408] pid_max: default: 32768 minimum: 301
[    0.619089] LSM: Security Framework initializing
[    0.619121] SELinux:  Initializing.
[    0.619157] *** VALIDATE SELinux ***
[    0.619219] Mount-cache hash table entries: 8192 (order: 4, 65536 bytes, linear)
[    0.619257] Mountpoint-cache hash table entries: 8192 (order: 4, 65536 bytes, linear)
[    0.619665] *** VALIDATE proc ***
[    0.619754] *** VALIDATE cgroup1 ***
[    0.619764] *** VALIDATE cgroup2 ***
[    0.619870] LVT offset 1 assigned for vector 0xf9
[    0.619887] Last level iTLB entries: 4KB 512, 2MB 8, 4MB 4
[    0.619895] Last level dTLB entries: 4KB 512, 2MB 256, 4MB 128, 1GB 0
[    0.619905] Spectre V2 : Mitigation: Full AMD retpoline
[    0.619911] Spectre V2 : Spectre v2 / SpectreRSB mitigation: Filling RSB on context switch
[    0.619923] Speculative Store Bypass: Mitigation: Speculative Store Bypass disabled via prctl and seccomp
[    0.620509] Freeing SMP alternatives memory: 40K
[    0.626390] smpboot: CPU0: AMD A4-1200 APU with Radeon(TM) HD Graphics (family: 0x16, model: 0x0, stepping: 0x1)
[    0.626390] Performance Events: AMD PMU driver.
[    0.626390] ... version:                0
[    0.626390] ... bit width:              48
[    0.626390] ... generic registers:      4
[    0.626390] ... value mask:             0000ffffffffffff
[    0.626390] ... max period:             00007fffffffffff
[    0.626390] ... fixed-purpose events:   0
[    0.626390] ... event mask:             000000000000000f
[    0.626390] rcu: Hierarchical SRCU implementation.
[    0.626390] MCE: In-kernel MCE decoding enabled.
[    0.626390] smp: Bringing up secondary CPUs ...
[    0.626390] x86: Booting SMP configuration:
[    0.626390] .... node  #0, CPUs:      #1
[    0.626390] smp: Brought up 1 node, 2 CPUs
[    0.626390] smpboot: Max logical packages: 2
[    0.626390] smpboot: Total of 2 processors activated (3992.48 BogoMIPS)
[    0.626390] devtmpfs: initialized
[    0.626390] PM: Registering ACPI NVS region [mem 0x9d371000-0x9dc56fff] (9330688 bytes)
[    0.626390] PM: Registering ACPI NVS region [mem 0x9e9cc000-0x9e9d3fff] (32768 bytes)
[    0.626390] clocksource: jiffies: mask: 0xffffffff max_cycles: 0xffffffff, max_idle_ns: 19112604462750000 ns
[    0.626390] futex hash table entries: 1024 (order: 4, 65536 bytes, linear)
[    0.626390] NET: Registered protocol family 16
[    0.626390] audit: initializing netlink subsys (disabled)
[    0.626390] audit: type=2000 audit(1564411522.050:1): state=initialized audit_enabled=0 res=1
[    0.626390] kworker/u8:1 (35) used greatest stack depth: 14600 bytes left
[    0.636410] cpuidle: using governor ladder
[    0.636492] cpuidle: using governor menu
[    0.636870] ACPI FADT declares the system doesn't support PCIe ASPM, so disable it
[    0.636885] ACPI: bus type PCI registered
[    0.637080] PCI: MMCONFIG for domain 0000 [bus 00-ff] at [mem 0xe0000000-0xefffffff] (base 0xe0000000)
[    0.637098] PCI: not using MMCONFIG
[    0.637105] PCI: Using configuration type 1 for base access
[    0.637111] PCI: Using configuration type 1 for extended access
[    0.637111] sec 42949373
[    0.637111] comm swapper/0 pid 1 state 0
[    0.637111] comm kthreadd pid 2 state 1
[    0.637111] comm rcu_gp pid 3 state 1026
[    0.637111] comm rcu_par_gp pid 4 state 1026
[    0.637111] comm kworker/0:0 pid 5 state 0
[    0.637111] comm kworker/0:0H pid 6 state 1026
[    0.637111] comm kworker/u8:0 pid 7 state 1026
[    0.637111] comm mm_percpu_wq pid 8 state 1026
[    0.637111] comm ksoftirqd/0 pid 9 state 1
[    0.637111] comm rcu_sched pid 10 state 1026
[    0.637111] comm migration/0 pid 11 state 1
[    0.637111] comm cpuhp/0 pid 12 state 1
[    0.637111] comm cpuhp/1 pid 13 state 1
[    0.637111] comm migration/1 pid 14 state 1
[    0.637111] comm ksoftirqd/1 pid 15 state 1
[    0.637111] comm kworker/1:0 pid 16 state 1026
[    0.637111] comm kworker/1:0H pid 17 state 1026
[    0.637111] comm THREAD pid 18 state 0
[    0.637111] comm kdevtmpfs pid 19 state 1
[    0.637111] comm netns pid 20 state 1026
[    0.637111] comm kworker/u8:1 pid 21 state 1026
[    0.637111] comm kauditd pid 22 state 1
[    0.637111] comm kworker/1:1 pid 25 state 1026
[    0.637111] comm kworker/u8:2 pid 26 state 1026
[    0.637320] comm kworker/1:2 pid 39 state 1026
[    0.637320] comm kthreadd pid 40 state 2
[    0.637320] rq->curr->pid == 1
[    0.637320] state TASK_RUNNING
[    0.637320] color, tsk->comm, weight, vruntime, state: 1 kworker/0:0 1048576 42272708 0
[    0.637320] proc in rq 1
[    0.637320] rq->nr_running rq->cfs.nr_running : 2 2
[    0.637320] rq->cfs.load.weight :  2097152
[    0.637320] ----------------^^^^CPU0^^^^^-----------------------
[    0.637320] rq->curr == THREAD (this messg)
[    0.637320] state TASK_RUNNING
[    0.637320] color, tsk->comm, weight, vruntime, state: 1 kworker/u8:0 1048576 21891319 0
[    0.637320] proc in rq 1
[    0.637320] rq->nr_running rq->cfs.nr_running : 2 2
[    0.637320] rq->cfs.load.weight :  2097152
[    0.637320] ----------------^^^^CPU1^^^^^-----------------------
[    0.646738] kworker/u8:0 (252) used greatest stack depth: 14136 bytes left
[    0.685469] HugeTLB registered 2.00 MiB page size, pre-allocated 0 pages
[    0.697555] ACPI: Added _OSI(Module Device)
[    0.697572] ACPI: Added _OSI(Processor Device)
[    0.697579] ACPI: Added _OSI(3.0 _SCP Extensions)
[    0.697587] ACPI: Added _OSI(Processor Aggregator Device)
[    0.697596] ACPI: Added _OSI(Linux-Dell-Video)
[    0.697604] ACPI: Added _OSI(Linux-Lenovo-NV-HDMI-Audio)
[    0.697612] ACPI: Added _OSI(Linux-HPI-Hybrid-Graphics)
[    0.733466] ACPI: 5 ACPI AML tables successfully acquired and loaded
[    0.736780] ACPI: EC: EC started
[    0.736789] ACPI: EC: interrupt blocked
[    0.738835] ACPI: \: Used as first EC
[    0.738847] ACPI: \: GPE=0x3, EC_CMD/EC_SC=0x66, EC_DATA=0x62
[    0.738854] ACPI: EC: Boot ECDT EC used to handle transactions
[    0.741081] ACPI: [Firmware Bug]: BIOS _OSI(Linux) query ignored
[    0.745651] ACPI: Interpreter enabled
[    0.745731] ACPI: (supports S0 S3 S4 S5)
[    0.745741] ACPI: Using IOAPIC for interrupt routing
[    0.745856] PCI: MMCONFIG for domain 0000 [bus 00-ff] at [mem 0xe0000000-0xefffffff] (base 0xe0000000)
[    0.746026] PCI: MMCONFIG at [mem 0xe0000000-0xefffffff] reserved in ACPI motherboard resources
[    0.746094] PCI: Using host bridge windows from ACPI; if necessary, use "pci=nocrs" and report a bug
[    0.746943] ACPI: Enabled 3 GPEs in block 00 to 1F
[    1.693271] ACPI: PCI Root Bridge [PCI0] (domain 0000 [bus 00-ff])
[    1.693304] acpi PNP0A08:00: _OSC: OS supports [ExtendedConfig ASPM ClockPM Segments MSI HPX-Type3]
[    1.693918] acpi PNP0A08:00: _OSC: platform does not support [LTR]
[    1.694495] acpi PNP0A08:00: _OSC: OS now controls [PME AER PCIeCapability]
[    1.694507] acpi PNP0A08:00: FADT indicates ASPM is unsupported, using BIOS configuration
[    1.695077] PCI host bridge to bus 0000:00
[    1.695092] pci_bus 0000:00: root bus resource [io  0x0000-0x03af window]
[    1.695103] pci_bus 0000:00: root bus resource [io  0x03e0-0x0cf7 window]
[    1.695114] pci_bus 0000:00: root bus resource [io  0x03b0-0x03df window]
[    1.695125] pci_bus 0000:00: root bus resource [io  0x0d00-0xffff window]
[    1.695136] pci_bus 0000:00: root bus resource [mem 0x000a0000-0x000bffff window]
[    1.695148] pci_bus 0000:00: root bus resource [mem 0x000c0000-0x000dffff window]
[    1.695160] pci_bus 0000:00: root bus resource [mem 0xc0000000-0xffffffff window]
[    1.695173] pci_bus 0000:00: root bus resource [bus 00-ff]
[    1.695209] pci 0000:00:00.0: [1022:1536] type 00 class 0x060000
[    1.695503] pci 0000:00:01.0: [1002:9839] type 00 class 0x030000
[    1.695543] pci 0000:00:01.0: reg 0x10: [mem 0xc0000000-0xcfffffff 64bit pref]
[    1.695567] pci 0000:00:01.0: reg 0x18: [mem 0xd0000000-0xd07fffff 64bit pref]
[    1.695586] pci 0000:00:01.0: reg 0x20: [io  0xf000-0xf0ff]
[    1.695603] pci 0000:00:01.0: reg 0x24: [mem 0xfeb00000-0xfeb3ffff]
[    1.695621] pci 0000:00:01.0: reg 0x30: [mem 0xfeb40000-0xfeb5ffff pref]
[    1.695635] pci 0000:00:01.0: enabling Extended Tags
[    1.695666] pci 0000:00:01.0: BAR 0: assigned to efifb
[    1.695721] pci 0000:00:01.0: supports D1 D2
[    1.695731] pci 0000:00:01.0: PME# supported from D1 D2 D3hot
[    1.695966] pci 0000:00:01.1: [1002:9840] type 00 class 0x040300
[    1.696001] pci 0000:00:01.1: reg 0x10: [mem 0xfeb64000-0xfeb67fff 64bit]
[    1.696040] pci 0000:00:01.1: enabling Extended Tags
[    1.696108] pci 0000:00:01.1: supports D1 D2
[    1.696305] pci 0000:00:02.0: [1022:1538] type 00 class 0x060000
[    1.697080] pci 0000:00:02.2: [1022:1439] type 01 class 0x060400
[    1.697152] pci 0000:00:02.2: enabling Extended Tags
[    1.697235] pci 0000:00:02.2: PME# supported from D0 D3hot D3cold
[    1.697473] pci 0000:00:02.3: [1022:1439] type 01 class 0x060400
[    1.697542] pci 0000:00:02.3: enabling Extended Tags
[    1.697621] pci 0000:00:02.3: PME# supported from D0 D3hot D3cold
[    1.697889] pci 0000:00:10.0: [1022:7814] type 00 class 0x0c0330
[    1.697935] pci 0000:00:10.0: reg 0x10: [mem 0xfeb68000-0xfeb69fff 64bit]
[    1.698074] pci 0000:00:10.0: PME# supported from D0 D3hot D3cold
[    1.698317] pci 0000:00:11.0: [1022:7801] type 00 class 0x010601
[    1.698355] pci 0000:00:11.0: reg 0x10: [io  0xf140-0xf147]
[    1.698373] pci 0000:00:11.0: reg 0x14: [io  0xf130-0xf133]
[    1.698391] pci 0000:00:11.0: reg 0x18: [io  0xf120-0xf127]
[    1.698408] pci 0000:00:11.0: reg 0x1c: [io  0xf110-0xf113]
[    1.698426] pci 0000:00:11.0: reg 0x20: [io  0xf100-0xf10f]
[    1.698444] pci 0000:00:11.0: reg 0x24: [mem 0xfeb6f000-0xfeb6f3ff]
[    1.698521] pci 0000:00:11.0: PME# supported from D3hot
[    1.698734] pci 0000:00:12.0: [1022:7807] type 00 class 0x0c0310
[    1.698764] pci 0000:00:12.0: reg 0x10: [mem 0xfeb6e000-0xfeb6efff]
[    1.699021] pci 0000:00:12.2: [1022:7808] type 00 class 0x0c0320
[    1.699057] pci 0000:00:12.2: reg 0x10: [mem 0xfeb6d000-0xfeb6d0ff]
[    1.699161] pci 0000:00:12.2: supports D1 D2
[    1.699171] pci 0000:00:12.2: PME# supported from D0 D1 D2 D3hot D3cold
[    1.699383] pci 0000:00:13.0: [1022:7807] type 00 class 0x0c0310
[    1.699412] pci 0000:00:13.0: reg 0x10: [mem 0xfeb6c000-0xfeb6cfff]
[    1.699669] pci 0000:00:13.2: [1022:7808] type 00 class 0x0c0320
[    1.699705] pci 0000:00:13.2: reg 0x10: [mem 0xfeb6b000-0xfeb6b0ff]
[    1.699809] pci 0000:00:13.2: supports D1 D2
[    1.699818] pci 0000:00:13.2: PME# supported from D0 D1 D2 D3hot D3cold
[    1.700032] pci 0000:00:14.0: [1022:780b] type 00 class 0x0c0500
[    1.700291] pci 0000:00:14.2: [1022:780d] type 00 class 0x040300
[    1.700330] pci 0000:00:14.2: reg 0x10: [mem 0xfeb60000-0xfeb63fff 64bit]
[    1.700421] pci 0000:00:14.2: PME# supported from D0 D3hot D3cold
[    1.700628] pci 0000:00:14.3: [1022:780e] type 00 class 0x060100
[    1.700909] pci 0000:00:14.7: [1022:7813] type 00 class 0x080501
[    1.700948] pci 0000:00:14.7: reg 0x10: [mem 0xfeb6a000-0xfeb6a0ff 64bit]
[    1.701534] pci 0000:00:18.0: [1022:1530] type 00 class 0x060000
[    1.701749] pci 0000:00:18.1: [1022:1531] type 00 class 0x060000
[    1.701958] pci 0000:00:18.2: [1022:1532] type 00 class 0x060000
[    1.702167] pci 0000:00:18.3: [1022:1533] type 00 class 0x060000
[    1.702383] pci 0000:00:18.4: [1022:1534] type 00 class 0x060000
[    1.702590] pci 0000:00:18.5: [1022:1535] type 00 class 0x060000
[    1.702977] pci 0000:01:00.0: [168c:0032] type 00 class 0x028000
[    1.703049] pci 0000:01:00.0: reg 0x10: [mem 0xfea00000-0xfea7ffff 64bit]
[    1.703112] pci 0000:01:00.0: reg 0x30: [mem 0xfea80000-0xfea8ffff pref]
[    1.703246] pci 0000:01:00.0: supports D1 D2
[    1.703256] pci 0000:01:00.0: PME# supported from D0 D1 D2 D3hot D3cold
[    1.703523] pci 0000:00:02.2: PCI bridge to [bus 01]
[    1.703543] pci 0000:00:02.2:   bridge window [mem 0xfea00000-0xfeafffff]
[    1.703683] pci 0000:02:00.0: [10ec:8136] type 00 class 0x020000
[    1.703760] pci 0000:02:00.0: reg 0x10: [io  0xe000-0xe0ff]
[    1.703804] pci 0000:02:00.0: reg 0x18: [mem 0xd0804000-0xd0804fff 64bit pref]
[    1.703839] pci 0000:02:00.0: reg 0x20: [mem 0xd0800000-0xd0803fff 64bit pref]
[    1.704003] pci 0000:02:00.0: supports D1 D2
[    1.704013] pci 0000:02:00.0: PME# supported from D0 D1 D2 D3hot D3cold
[    1.704310] pci 0000:00:02.3: PCI bridge to [bus 02]
[    1.704327] pci 0000:00:02.3:   bridge window [io  0xe000-0xefff]
[    1.704344] pci 0000:00:02.3:   bridge window [mem 0xd0800000-0xd08fffff 64bit pref]
[    1.706330] ACPI: PCI Interrupt Link [LNKA] (IRQs 4 7 10 11 14 15) *0
[    1.706630] ACPI: PCI Interrupt Link [LNKB] (IRQs 4 7 10 11 14 15) *0
[    1.706874] ACPI: PCI Interrupt Link [LNKC] (IRQs 4 7 10 11 14 15) *0
[    1.707115] ACPI: PCI Interrupt Link [LNKD] (IRQs 4 7 10 11 14 15) *0
[    1.707318] ACPI: PCI Interrupt Link [LNKE] (IRQs 4 7 10 11 14 15) *0
[    1.707486] ACPI: PCI Interrupt Link [LNKF] (IRQs 4 7 10 11 14 15) *0
[    1.707653] ACPI: PCI Interrupt Link [LNKG] (IRQs 4 7 10 11 14 15) *0
[    1.707820] ACPI: PCI Interrupt Link [LNKH] (IRQs 4 7 10 11 14 15) *0
[    1.708970] ACPI: EC: interrupt unblocked
[    1.708994] ACPI: EC: event unblocked
[    1.709011] ACPI: \_SB_.PCI0.SBRG.EC0_: GPE=0x3, EC_CMD/EC_SC=0x66, EC_DATA=0x62
[    1.709024] ACPI: \_SB_.PCI0.SBRG.EC0_: Boot DSDT EC used to handle transactions and events
[    1.709391] pci 0000:00:01.0: vgaarb: setting as boot VGA device
[    1.709405] pci 0000:00:01.0: vgaarb: VGA device added: decodes=io+mem,owns=io+mem,locks=none
[    1.709429] pci 0000:00:01.0: vgaarb: bridge control possible
[    1.709437] vgaarb: loaded
[    1.709881] SCSI subsystem initialized
[    1.710439] libata version 3.00 loaded.
[    1.710782] ACPI: bus type USB registered
[    1.710961] usbcore: registered new interface driver usbfs
[    1.711058] usbcore: registered new interface driver hub
[    1.711120] usbcore: registered new device driver usb
[    1.711446] pps_core: LinuxPPS API ver. 1 registered
[    1.711455] pps_core: Software ver. 5.3.6 - Copyright 2005-2007 Rodolfo Giometti <giometti@linux.it>
[    1.711529] PTP clock support registered
[    1.712757] EDAC MC: Ver: 3.0.0
[    1.713224] Registered efivars operations
[    1.716992] Advanced Linux Sound Architecture Driver Initialized.
[    1.717069] PCI: Using ACPI for IRQ routing
[    1.726154] PCI: pci_cache_line_size set to 64 bytes
[    1.726267] e820: reserve RAM buffer [mem 0x9d0f8000-0x9fffffff]
[    1.726273] e820: reserve RAM buffer [mem 0x9d371000-0x9fffffff]
[    1.726278] e820: reserve RAM buffer [mem 0x9e9cc000-0x9fffffff]
[    1.726282] e820: reserve RAM buffer [mem 0x9eb25000-0x9fffffff]
[    1.726286] e820: reserve RAM buffer [mem 0x9f081000-0x9fffffff]
[    1.726289] e820: reserve RAM buffer [mem 0x9f400000-0x9fffffff]
[    1.726293] e820: reserve RAM buffer [mem 0x13f000000-0x13fffffff]
[    1.727255] NetLabel: Initializing
[    1.727266] NetLabel:  domain hash size = 128
[    1.727272] NetLabel:  protocols = UNLABELED CIPSOv4 CALIPSO
[    1.727328] NetLabel:  unlabeled traffic allowed by default
[    1.727757] hpet0: at MMIO 0xfed00000, IRQs 2, 8, 0
[    1.727773] hpet0: 3 comparators, 32-bit 14.318180 MHz counter
[    1.730012] clocksource: Switched to clocksource tsc-early
[    1.824934] VFS: Disk quotas dquot_6.6.0
[    1.825000] VFS: Dquot-cache hash table entries: 512 (order 0, 4096 bytes)
[    1.825092] *** VALIDATE hugetlbfs ***
[    1.825200] pnp: PnP ACPI init
[    1.825701] system 00:00: [mem 0xe0000000-0xefffffff] has been reserved
[    1.825796] system 00:00: Plug and Play ACPI device, IDs PNP0c01 (active)
[    1.826065] system 00:01: [mem 0xa0000000-0xbfffffff] has been reserved
[    1.826138] system 00:01: Plug and Play ACPI device, IDs PNP0c02 (active)
[    1.826442] system 00:02: Plug and Play ACPI device, IDs PNP0c02 (active)
[    1.826588] pnp 00:03: Plug and Play ACPI device, IDs PNP0b00 (active)
[    1.826825] system 00:04: [io  0x04d0-0x04d1] has been reserved
[    1.826897] system 00:04: Plug and Play ACPI device, IDs PNP0c02 (active)
[    1.827155] pnp 00:05: Plug and Play ACPI device, IDs ETD0108 SYN0a00 SYN0002 PNP0f03 PNP0f13 PNP0f12 (active)
[    1.827331] pnp 00:06: Plug and Play ACPI device, IDs ATK3001 PNP030b (active)
[    1.828138] system 00:07: [io  0x04d0-0x04d1] has been reserved
[    1.828153] system 00:07: [io  0x040b] has been reserved
[    1.828164] system 00:07: [io  0x04d6] has been reserved
[    1.828175] system 00:07: [io  0x0c00-0x0c01] has been reserved
[    1.828186] system 00:07: [io  0x0c14] has been reserved
[    1.828196] system 00:07: [io  0x0c50-0x0c51] has been reserved
[    1.828207] system 00:07: [io  0x0c52] has been reserved
[    1.828217] system 00:07: [io  0x0c6c] has been reserved
[    1.828227] system 00:07: [io  0x0c6f] has been reserved
[    1.828238] system 00:07: [io  0x0cd0-0x0cd1] has been reserved
[    1.828249] system 00:07: [io  0x0cd2-0x0cd3] has been reserved
[    1.828259] system 00:07: [io  0x0cd4-0x0cd5] has been reserved
[    1.828270] system 00:07: [io  0x0cd6-0x0cd7] has been reserved
[    1.828281] system 00:07: [io  0x0cd8-0x0cdf] has been reserved
[    1.828292] system 00:07: [io  0x0800-0x089f] has been reserved
[    1.828302] system 00:07: [io  0x0900-0x090f] has been reserved
[    1.828313] system 00:07: [io  0x0910-0x091f] has been reserved
[    1.828324] system 00:07: [io  0xfe00-0xfefe] has been reserved
[    1.828338] system 00:07: [mem 0xfec00000-0xfec00fff] could not be reserved
[    1.828350] system 00:07: [mem 0xfee00000-0xfee00fff] has been reserved
[    1.828362] system 00:07: [mem 0xfed80000-0xfed8ffff] has been reserved
[    1.828373] system 00:07: [mem 0xfed61000-0xfed70fff] has been reserved
[    1.828385] system 00:07: [mem 0xfec10000-0xfec10fff] has been reserved
[    1.828397] system 00:07: [mem 0xfed00000-0xfed00fff] could not be reserved
[    1.828409] system 00:07: [mem 0xff000000-0xffffffff] has been reserved
[    1.828483] system 00:07: Plug and Play ACPI device, IDs PNP0c02 (active)
[    1.829357] pnp: PnP ACPI: found 8 devices
[    1.839869] thermal_sys: Registered thermal governor 'step_wise'
[    1.839872] thermal_sys: Registered thermal governor 'user_space'
[    1.844516] clocksource: acpi_pm: mask: 0xffffff max_cycles: 0xffffff, max_idle_ns: 2085701024 ns
[    1.844579] pci 0000:00:02.2: PCI bridge to [bus 01]
[    1.844598] pci 0000:00:02.2:   bridge window [mem 0xfea00000-0xfeafffff]
[    1.844617] pci 0000:00:02.3: PCI bridge to [bus 02]
[    1.844629] pci 0000:00:02.3:   bridge window [io  0xe000-0xefff]
[    1.844645] pci 0000:00:02.3:   bridge window [mem 0xd0800000-0xd08fffff 64bit pref]
[    1.844669] pci_bus 0000:00: resource 4 [io  0x0000-0x03af window]
[    1.844680] pci_bus 0000:00: resource 5 [io  0x03e0-0x0cf7 window]
[    1.844690] pci_bus 0000:00: resource 6 [io  0x03b0-0x03df window]
[    1.844700] pci_bus 0000:00: resource 7 [io  0x0d00-0xffff window]
[    1.844711] pci_bus 0000:00: resource 8 [mem 0x000a0000-0x000bffff window]
[    1.844721] pci_bus 0000:00: resource 9 [mem 0x000c0000-0x000dffff window]
[    1.844731] pci_bus 0000:00: resource 10 [mem 0xc0000000-0xffffffff window]
[    1.844742] pci_bus 0000:01: resource 1 [mem 0xfea00000-0xfeafffff]
[    1.844752] pci_bus 0000:02: resource 0 [io  0xe000-0xefff]
[    1.844761] pci_bus 0000:02: resource 2 [mem 0xd0800000-0xd08fffff 64bit pref]
[    1.845027] NET: Registered protocol family 2
[    1.846357] tcp_listen_portaddr_hash hash table entries: 2048 (order: 3, 32768 bytes, linear)
[    1.846428] TCP established hash table entries: 32768 (order: 6, 262144 bytes, linear)
[    1.846587] TCP bind hash table entries: 32768 (order: 7, 524288 bytes, linear)
[    1.846807] TCP: Hash tables configured (established 32768 bind 32768)
[    1.846955] UDP hash table entries: 2048 (order: 4, 65536 bytes, linear)
[    1.847007] UDP-Lite hash table entries: 2048 (order: 4, 65536 bytes, linear)
[    1.847188] NET: Registered protocol family 1
[    1.847596] RPC: Registered named UNIX socket transport module.
[    1.847607] RPC: Registered udp transport module.
[    1.847613] RPC: Registered tcp transport module.
[    1.847620] RPC: Registered tcp NFSv4.1 backchannel transport module.
[    1.848209] pci 0000:00:01.0: Video device with shadowed ROM at [mem 0x000c0000-0x000dffff]
[    1.848237] pci 0000:00:01.1: D0 power state depends on 0000:00:01.0
[    1.848731] pci 0000:00:12.0: enabling device (0000 -> 0002)
[    1.849355] pci 0000:00:12.2: PME# does not work under D3, disabling it
[    1.849380] pci 0000:00:13.0: enabling device (0000 -> 0002)
[    1.849991] pci 0000:00:13.2: PME# does not work under D3, disabling it
[    1.850087] PCI: CLS 64 bytes, default 64
[    1.850235] PCI-DMA: Using software bounce buffering for IO (SWIOTLB)
[    1.850246] software IO TLB: mapped [mem 0x97989000-0x9b989000] (64MB)
[    1.850460] amd_uncore: AMD NB counters detected
[    1.850476] amd_uncore: AMD LLC counters detected
[    1.850612] LVT offset 0 assigned for vector 0x400
[    1.850667] perf: AMD IBS detected (0x000000ff)
[    1.850687] kvm: no hardware support
[    1.850785] kvm: Nested Virtualization enabled
[    1.850797] kvm: Nested Paging enabled
[    1.851866] check: Scanning for low memory corruption every 60 seconds
[    1.853082] Initialise system trusted keyrings
[    1.854609] workingset: timestamp_bits=56 max_order=20 bucket_order=0
[    1.869163] fuse: init (API version 7.31)
[    1.887142] Key type asymmetric registered
[    1.887160] Asymmetric key parser 'x509' registered
[    1.887216] Block layer SCSI generic (bsg) driver version 0.4 loaded (major 249)
[    1.887228] io scheduler mq-deadline registered
[    1.887236] io scheduler kyber registered
[    1.887952] pcieport 0000:00:02.2: PME: Signaling with IRQ 25
[    1.888418] pcieport 0000:00:02.3: PME: Signaling with IRQ 27
[    1.888956] uvesafb: failed to execute /sbin/v86d
[    1.888967] uvesafb: make sure that the v86d helper is installed and executable
[    1.888977] uvesafb: Getting VBE info block failed (eax=0x4f00, err=-2)
[    1.888986] uvesafb: vbe_init() failed with -22
[    1.889000] uvesafb: probe of uvesafb.0 failed with error -22
[    1.889053] efifb: probing for efifb
[    1.889097] efifb: framebuffer at 0xc0000000, using 4224k, total 4224k
[    1.889107] efifb: mode is 1366x768x32, linelength=5632, pages=1
[    1.889114] efifb: scrolling: redraw
[    1.889122] efifb: Truecolor: size=8:8:8:8, shift=24:16:8:0
[    1.899712] Console: switching to colour frame buffer device 170x48
[    1.909137] fb0: EFI VGA frame buffer device
[    1.916698] ACPI: AC Adapter [AC0] (on-line)
[    1.917126] input: Power Button as /devices/LNXSYSTM:00/LNXSYBUS:00/PNP0C0C:00/input/input0
[    1.917281] ACPI: Power Button [PWRB]
[    1.917565] input: Lid Switch as /devices/LNXSYSTM:00/LNXSYBUS:00/PNP0C0D:00/input/input1
[    1.917718] ACPI: Lid Switch [LID]
[    1.917982] input: Sleep Button as /devices/LNXSYSTM:00/LNXSYBUS:00/PNP0C0E:00/input/input2
[    1.918146] ACPI: Sleep Button [SLPB]
[    1.918419] input: Power Button as /devices/LNXSYSTM:00/LNXPWRBN:00/input/input3
[    1.918558] ACPI: Power Button [PWRF]
[    1.922395] thermal LNXTHERM:00: registered as thermal_zone0
[    1.922501] ACPI: Thermal Zone [THRM] (69 C)
[    1.923821] Serial: 8250/16550 driver, 4 ports, IRQ sharing enabled
[    1.926060] Non-volatile memory driver v1.3
[    1.926272] Linux agpgart interface v0.103
[    1.934342] loop: module loaded
[    1.934971] ahci 0000:00:11.0: version 3.0
[    1.935425] ahci 0000:00:11.0: AHCI 0001.0300 32 slots 2 ports 6 Gbps 0x3 impl SATA mode
[    1.935564] ahci 0000:00:11.0: flags: 64bit ncq sntf ilck pm led clo pmp pio slum part 
[    1.940888] scsi host0: ahci
[    1.944672] scsi host1: ahci
[    1.948126] ata1: SATA max UDMA/133 abar m1024@0xfeb6f000 port 0xfeb6f100 irq 28
[    1.951298] ata2: SATA max UDMA/133 abar m1024@0xfeb6f000 port 0xfeb6f180 irq 28
[    1.955764] tun: Universal TUN/TAP device driver, 1.6
[    1.959446] e1000: Intel(R) PRO/1000 Network Driver - version 7.3.21-k8-NAPI
[    1.962623] e1000: Copyright (c) 1999-2006 Intel Corporation.
[    1.965853] e1000e: Intel(R) PRO/1000 Network Driver - 3.2.6-k
[    1.969001] e1000e: Copyright(c) 1999 - 2015 Intel Corporation.
[    1.972271] sky2: driver version 1.30
[    1.975556] r8169 0000:02:00.0: can't disable ASPM; OS doesn't have ASPM control
[    1.979739] libphy: r8169: probed
[    1.983424] r8169 0000:02:00.0 eth0: RTL8105e, 74:d0:2b:a3:a6:42, XID 40a, IRQ 30
[    1.987140] ath9k 0000:01:00.0: enabling device (0000 -> 0002)
[    1.990701] ath: phy0: Disable PLL PowerSave
[    2.001472] ath: phy0: ASPM enabled: 0x42
[    2.004657] ath: EEPROM regdomain: 0x60
[    2.004658] ath: EEPROM indicates we should expect a direct regpair map
[    2.004663] ath: Country alpha2 being used: 00
[    2.004665] ath: Regpair used: 0x60
[    2.007298] ieee80211 phy0: Selected rate control algorithm 'minstrel_ht'
[    2.008013] ieee80211 phy0: Atheros AR9485 Rev:1 mem=0xffffa7b4c2700000, irq=31
[    2.011931] ehci_hcd: USB 2.0 'Enhanced' Host Controller (EHCI) Driver
[    2.015210] ehci-pci: EHCI PCI platform driver
[    2.018999] ehci-pci 0000:00:12.2: EHCI Host Controller
[    2.022423] ehci-pci 0000:00:12.2: new USB bus registered, assigned bus number 1
[    2.025712] ehci-pci 0000:00:12.2: applying AMD SB700/SB800/Hudson-2/3 EHCI dummy qh workaround
[    2.029071] ehci-pci 0000:00:12.2: debug port 1
[    2.032430] ehci-pci 0000:00:12.2: irq 17, io mem 0xfeb6d000
[    2.039254] battery: ACPI: Battery Slot [BAT0] (battery present)
[    2.056450] ehci-pci 0000:00:12.2: USB 2.0 started, EHCI 1.00
[    2.059964] usb usb1: New USB device found, idVendor=1d6b, idProduct=0002, bcdDevice= 5.03
[    2.063285] usb usb1: New USB device strings: Mfr=3, Product=2, SerialNumber=1
[    2.066580] usb usb1: Product: EHCI Host Controller
[    2.069794] usb usb1: Manufacturer: Linux 5.3.0-rc2+ ehci_hcd
[    2.072973] usb usb1: SerialNumber: 0000:00:12.2
[    2.076572] hub 1-0:1.0: USB hub found
[    2.079647] hub 1-0:1.0: 4 ports detected
[    2.084983] ehci-pci 0000:00:13.2: EHCI Host Controller
[    2.088223] ehci-pci 0000:00:13.2: new USB bus registered, assigned bus number 2
[    2.091239] ehci-pci 0000:00:13.2: applying AMD SB700/SB800/Hudson-2/3 EHCI dummy qh workaround
[    2.094285] ehci-pci 0000:00:13.2: debug port 1
[    2.097372] ehci-pci 0000:00:13.2: irq 17, io mem 0xfeb6b000
[    2.126456] ehci-pci 0000:00:13.2: USB 2.0 started, EHCI 1.00
[    2.129517] usb usb2: New USB device found, idVendor=1d6b, idProduct=0002, bcdDevice= 5.03
[    2.132576] usb usb2: New USB device strings: Mfr=3, Product=2, SerialNumber=1
[    2.135595] usb usb2: Product: EHCI Host Controller
[    2.138589] usb usb2: Manufacturer: Linux 5.3.0-rc2+ ehci_hcd
[    2.141549] usb usb2: SerialNumber: 0000:00:13.2
[    2.144893] hub 2-0:1.0: USB hub found
[    2.147871] hub 2-0:1.0: 4 ports detected
[    2.152977] ohci_hcd: USB 1.1 'Open' Host Controller (OHCI) Driver
[    2.156008] ohci-pci: OHCI PCI platform driver
[    2.159223] ohci-pci 0000:00:12.0: OHCI PCI host controller
[    2.162376] ohci-pci 0000:00:12.0: new USB bus registered, assigned bus number 3
[    2.165398] ohci-pci 0000:00:12.0: irq 18, io mem 0xfeb6e000
[    2.240578] usb usb3: New USB device found, idVendor=1d6b, idProduct=0001, bcdDevice= 5.03
[    2.243580] usb usb3: New USB device strings: Mfr=3, Product=2, SerialNumber=1
[    2.246564] usb usb3: Product: OHCI PCI host controller
[    2.249488] usb usb3: Manufacturer: Linux 5.3.0-rc2+ ohci_hcd
[    2.252383] usb usb3: SerialNumber: 0000:00:12.0
[    2.255628] hub 3-0:1.0: USB hub found
[    2.258568] hub 3-0:1.0: 4 ports detected
[    2.263719] ohci-pci 0000:00:13.0: OHCI PCI host controller
[    2.266790] ohci-pci 0000:00:13.0: new USB bus registered, assigned bus number 4
[    2.269660] ohci-pci 0000:00:13.0: irq 18, io mem 0xfeb6c000
[    2.277576] ata2: SATA link down (SStatus 0 SControl 300)
[    2.340570] usb usb4: New USB device found, idVendor=1d6b, idProduct=0001, bcdDevice= 5.03
[    2.343453] usb usb4: New USB device strings: Mfr=3, Product=2, SerialNumber=1
[    2.346305] usb usb4: Product: OHCI PCI host controller
[    2.349136] usb usb4: Manufacturer: Linux 5.3.0-rc2+ ohci_hcd
[    2.351980] usb usb4: SerialNumber: 0000:00:13.0
[    2.355151] hub 4-0:1.0: USB hub found
[    2.357980] hub 4-0:1.0: 4 ports detected
[    2.362844] uhci_hcd: USB Universal Host Controller Interface driver
[    2.365836] usbcore: registered new interface driver usblp
[    2.368921] usbcore: registered new interface driver usb-storage
[    2.371805] usbcore: registered new interface driver ch341
[    2.374528] usbserial: USB Serial support registered for ch341-uart
[    2.377571] i8042: PNP: PS/2 Controller [PNP030b:PS2K,PNP0f03:PS2M] at 0x60,0x64 irq 1,12
[    2.382540] i8042: Detected active multiplexing controller, rev 1.1
[    2.386014] serio: i8042 KBD port at 0x60,0x64 irq 1
[    2.388945] serio: i8042 AUX0 port at 0x60,0x64 irq 12
[    2.391825] serio: i8042 AUX1 port at 0x60,0x64 irq 12
[    2.394626] serio: i8042 AUX2 port at 0x60,0x64 irq 12
[    2.397474] serio: i8042 AUX3 port at 0x60,0x64 irq 12
[    2.400757] mousedev: PS/2 mouse device common for all mice
[    2.404363] rtc_cmos 00:03: RTC can wake from S4
[    2.407399] rtc_cmos 00:03: registered as rtc0
[    2.410094] rtc_cmos 00:03: alarms up to one month, y3k, 114 bytes nvram, hpet irqs
[    2.413316] device-mapper: ioctl: 4.40.0-ioctl (2019-01-18) initialised: dm-devel@redhat.com
[    2.416219] EFI Variables Facility v0.08 2004-May-17
[    2.429699] hidraw: raw HID events driver (C) Jiri Kosina
[    2.435483] usbcore: registered new interface driver usbhid
[    2.438239] usbhid: USB HID core driver
[    2.443943] input: AT Translated Set 2 keyboard as /devices/platform/i8042/serio0/input/input4
[    2.446991] ata1: SATA link up 6.0 Gbps (SStatus 133 SControl 300)
[    2.454871] snd_hda_intel 0000:00:01.1: enabling device (0000 -> 0002)
[    2.458630] ata1.00: ATA-8: KINGSTON SV300S37A120G, 603ABBF0, max UDMA/133
[    2.461457] ata1.00: 234441648 sectors, multi 1: LBA48 NCQ (depth 32), AA
[    2.464677] snd_hda_intel 0000:00:01.1: Force to non-snoop mode
[    2.470299] ata1.00: configured for UDMA/133
[    2.473434] scsi 0:0:0:0: Direct-Access     ATA      KINGSTON SV300S3 BBF0 PQ: 0 ANSI: 5
[    2.475083] snd_hda_codec_generic hdaudioC0D0: autoconfig for Generic: line_outs=0 (0x0/0x0/0x0/0x0/0x0) type:line
[    2.479353] snd_hda_codec_generic hdaudioC0D0:    speaker_outs=0 (0x0/0x0/0x0/0x0/0x0)
[    2.482376] snd_hda_codec_generic hdaudioC0D0:    hp_outs=0 (0x0/0x0/0x0/0x0/0x0)
[    2.485376] snd_hda_codec_generic hdaudioC0D0:    mono: mono_out=0x0
[    2.488348] snd_hda_codec_generic hdaudioC0D0:    dig-out=0x3/0x0
[    2.491278] snd_hda_codec_generic hdaudioC0D0:    inputs:
[    2.494252] scsi 0:0:0:0: Attached scsi generic sg0 type 0
[    2.494769] sd 0:0:0:0: [sda] 234441648 512-byte logical blocks: (120 GB/112 GiB)
[    2.500042] sd 0:0:0:0: [sda] Write Protect is off
[    2.502882] sd 0:0:0:0: [sda] Mode Sense: 00 3a 00 00
[    2.503746] random: fast init done
[    2.507174] Initializing XFRM netlink socket
[    2.510473] NET: Registered protocol family 10
[    2.513977] sd 0:0:0:0: [sda] Write cache: enabled, read cache: enabled, doesn't support DPO or FUA
[    2.520296] snd_hda_codec_realtek hdaudioC1D0: autoconfig for ALC3229: line_outs=1 (0x14/0x0/0x0/0x0/0x0) type:speaker
[    2.523357] snd_hda_codec_realtek hdaudioC1D0:    speaker_outs=0 (0x0/0x0/0x0/0x0/0x0)
[    2.526388] snd_hda_codec_realtek hdaudioC1D0:    hp_outs=1 (0x21/0x0/0x0/0x0/0x0)
[    2.529445] snd_hda_codec_realtek hdaudioC1D0:    mono: mono_out=0x0
[    2.532493] snd_hda_codec_realtek hdaudioC1D0:    inputs:
[    2.535487] snd_hda_codec_realtek hdaudioC1D0:      Mic=0x19
[    2.540177] input: HDA ATI HDMI HDMI as /devices/pci0000:00/0000:00:01.1/sound/card0/input6
[    2.545939]  sda: sda1 sda2 sda3 sda4 sda5 sda6
[    2.549510] Segment Routing with IPv6
[    2.552645] sit: IPv6, IPv4 and MPLS over IPv4 tunneling driver
[    2.556051] NET: Registered protocol family 17
[    2.560999] sd 0:0:0:0: [sda] Attached SCSI disk
[    2.573424] microcode: CPU0: patch_level=0x0700010b
[    2.576566] microcode: CPU1: patch_level=0x0700010b
[    2.580067] input: HD-Audio Generic Headphone as /devices/pci0000:00/0000:00:14.2/sound/card1/input7
[    2.583362] microcode: Microcode Update Driver: v2.2.
[    2.583400] sched_clock: Marking stable (2574923522, 1476812)->(2699848268, -123447934)
[    2.591165] registered taskstats version 1
[    2.594333] Loading compiled-in X.509 certificates
[    2.599803] acpi_cpufreq: overriding BIOS provided _PSD data
[    2.603440] cfg80211: Loading compiled-in X.509 certificates for regulatory database
[    2.608234] cfg80211: Loaded X.509 cert 'sforshee: 00b28ddf47aef9cea7'
[    2.611431] ALSA device list:
[    2.614535]   #0: HDA ATI HDMI at 0xfeb64000 irq 33
[    2.617733] platform regulatory.0: Direct firmware load for regulatory.db failed with error -2
[    2.621027] cfg80211: failed to load regulatory.db
[    2.624235]   #1: HD-Audio Generic at 0xfeb60000 irq 16
[    2.796451] usb 4-2: new full-speed USB device number 2 using ohci-pci
[    2.886410] tsc: Refined TSC clocksource calibration: 998.128 MHz
[    2.889581] clocksource: tsc: mask: 0xffffffffffffffff max_cycles: 0x1cc65d64e77, max_idle_ns: 881590512558 ns
[    2.896448] clocksource: Switched to clocksource tsc
[    3.069496] usb 4-2: New USB device found, idVendor=13d3, idProduct=3362, bcdDevice= 0.01
[    3.072773] usb 4-2: New USB device strings: Mfr=1, Product=2, SerialNumber=3
[    3.076051] usb 4-2: Product: Bluetooth USB Host Controller
[    3.079360] usb 4-2: Manufacturer: Atheros Communications
[    3.082683] usb 4-2: SerialNumber: Alaska Day 2006
[    3.297846] input: PS/2 Logitech Wheel Mouse as /devices/platform/i8042/serio4/input/input14
[    3.303937] md: Waiting for all devices to be available before autodetect
[    3.307338] md: If you don't use raid, use raid=noautodetect
[    3.311179] md: Autodetecting RAID arrays.
[    3.314571] md: autorun ...
[    3.317940] md: ... autorun DONE.
[    3.329586] EXT4-fs (sda2): mounted filesystem with ordered data mode. Opts: (null)
[    3.332937] VFS: Mounted root (ext4 filesystem) readonly on device 8:2.
[    3.337500] devtmpfs: mounted
[    3.341648] Freeing unused kernel image memory: 1312K
[    3.476452] usb 2-3: new high-speed USB device number 3 using ehci-pci
[    3.586481] Write protecting the kernel read-only data: 22528k
[    3.591543] Freeing unused kernel image memory: 1988K
[    3.596068] Freeing unused kernel image memory: 1608K
[    3.599450] Run /sbin/init as init process
[    3.650907] stty (1761) used greatest stack depth: 13672 bytes left
[    3.686455] sec 42949376
[    3.686460] comm init pid 1 state 1
[    3.693090] comm kthreadd pid 2 state 1
[    3.696433] comm rcu_gp pid 3 state 1026
[    3.699658] comm rcu_par_gp pid 4 state 1026
[    3.702798] comm kworker/0:0 pid 5 state 1026
[    3.705886] comm kworker/0:0H pid 6 state 1026
[    3.708916] comm kworker/u8:0 pid 7 state 1026
[    3.711947] comm mm_percpu_wq pid 8 state 1026
[    3.714987] comm ksoftirqd/0 pid 9 state 0
[    3.717966] comm rcu_sched pid 10 state 1026
[    3.720912] comm migration/0 pid 11 state 1
[    3.723762] comm cpuhp/0 pid 12 state 1
[    3.723779] usb 2-3: New USB device found, idVendor=04f2, idProduct=b404, bcdDevice=69.63
[    3.726575] comm cpuhp/1 pid 13 state 1
[    3.726577] comm migration/1 pid 14 state 1
[    3.726579] comm ksoftirqd/1 pid 15 state 1
[    3.726582] comm kworker/1:0 pid 16 state 1026
[    3.726584] comm kworker/1:0H pid 17 state 1026
[    3.726589] comm THREAD pid 18 state 0
[    3.729450] usb 2-3: New USB device strings: Mfr=3, Product=1, SerialNumber=2
[    3.729456] usb 2-3: Product: USB2.0 HD UVC WebCam
[    3.732232] comm kdevtmpfs pid 19 state 1
[    3.734994] usb 2-3: Manufacturer: Chicony Electronics Co.,Ltd.
[    3.737697] comm netns pid 20 state 1026
[    3.740346] usb 2-3: SerialNumber: 0x0001
[    3.760423] comm kworker/u8:1 pid 21 state 1026
[    3.762825] comm kauditd pid 22 state 1
[    3.765178] comm kworker/1:1 pid 25 state 1026
[    3.767512] comm kworker/u8:2 pid 26 state 1026
[    3.769820] comm kworker/1:2 pid 39 state 2
[    3.772129] comm kworker/0:1 pid 40 state 1026
[    3.774370] comm kworker/u8:3 pid 381 state 1026
[    3.776581] comm kworker/u8:4 pid 474 state 1026
[    3.778730] comm oom_reaper pid 740 state 1
[    3.780856] comm writeback pid 741 state 1026
[    3.782941] comm kcompactd0 pid 743 state 1
[    3.784989] comm kblockd pid 791 state 1026
[    3.787016] comm kworker/0:2 pid 875 state 1026
[    3.789072] comm ata_sff pid 960 state 1026
[    3.791112] comm md pid 980 state 1026
[    3.793127] comm edac-poller pid 983 state 1026
[    3.795111] comm rpciod pid 1094 state 1026
[    3.797073] comm kworker/u9:0 pid 1095 state 1026
[    3.799047] comm xprtiod pid 1096 state 1026
[    3.801025] comm cfg80211 pid 1099 state 1026
[    3.803014] comm kswapd0 pid 1109 state 1
[    3.805001] comm nfsiod pid 1248 state 1026
[    3.806995] comm acpi_thermal_pm pid 1298 state 1026
[    3.809011] comm scsi_eh_0 pid 1356 state 1
[    3.811048] comm scsi_tmf_0 pid 1357 state 1026
[    3.813104] comm scsi_eh_1 pid 1361 state 1
[    3.815153] comm scsi_tmf_1 pid 1362 state 1026
[    3.817213] comm kworker/1:3 pid 1462 state 1026
[    3.819271] comm dm_bufio_cache pid 1472 state 1026
[    3.821342] comm kworker/1:4 pid 1617 state 1026
[    3.823364] comm ipv6_addrconf pid 1695 state 1026
[    3.825337] comm kworker/1:1H pid 1697 state 1026
[    3.827329] comm kworker/1:5 pid 1738 state 1026
[    3.829330] comm jbd2/sda2-8 pid 1755 state 1
[    3.831331] comm ext4-rsv-conver pid 1756 state 1026
[    3.833364] comm init pid 1758 state 1
[    3.835386] comm rc pid 1759 state 1
[    3.837360] comm S00mountvirtfs pid 1765 state 1
[    3.839315] comm mountpoint pid 1769 state 258
[    3.841255] rq->curr == THREAD (this messg)
[    3.841256] state TASK_RUNNING
[    3.843175] color, tsk->comm, weight, vruntime, state: 1 ksoftirqd/0 1048576 2244965488 0
[    3.845047] proc in rq 1
[    3.847056] rq->nr_running rq->cfs.nr_running : 3 2
[    3.851032] rq->cfs.load.weight :  2097152
[    3.851033] ----------------^^^^CPU0^^^^^-----------------------
[    3.853039] rq->curr->pid == 0
[    3.855105] state TASK_RUNNING
[    3.857170] proc in rq 0
[    3.859238] rq->nr_running rq->cfs.nr_running : 0 0
[    3.863414] rq->cfs.load.weight :  0
[    3.863415] ----------------^^^^CPU1^^^^^-----------------------
[    3.904302] sed (1779) used greatest stack depth: 13560 bytes left
[    4.068536] ip (1823) used greatest stack depth: 12496 bytes left
[    4.159600] udevd[1853]: starting version 3.2.1
[    4.167563] random: udevd: uninitialized urandom read (16 bytes read)
[    4.170836] random: udevd: uninitialized urandom read (16 bytes read)
[    4.173996] random: udevd: uninitialized urandom read (16 bytes read)
[    4.192425] udevd[1854]: starting eudev-3.2.1
[    4.543378] ath9k 0000:01:00.0 wlp1s0: renamed from wlan0
[    4.568766] r8169 0000:02:00.0 enp2s0: renamed from eth0
[    4.721593] [drm] radeon kernel modesetting enabled.
[    4.724557] radeon 0000:00:01.0: remove_conflicting_pci_framebuffers: bar 0: 0xc0000000 -> 0xcfffffff
[    4.727618] radeon 0000:00:01.0: remove_conflicting_pci_framebuffers: bar 2: 0xd0000000 -> 0xd07fffff
[    4.730634] radeon 0000:00:01.0: remove_conflicting_pci_framebuffers: bar 5: 0xfeb00000 -> 0xfeb3ffff
[    4.773050] checking generic (c0000000 420000) vs hw (c0000000 10000000)
[    4.773056] fb0: switching to radeondrmfb from EFI VGA
[    4.776795] Console: switching to colour dummy device 80x25
[    4.777032] radeon 0000:00:01.0: vgaarb: deactivate vga console
[    4.777856] [drm] initializing kernel modesetting (KABINI 0x1002:0x9839 0x1043:0x141D 0x00).
[    4.777918] [drm] doorbell mmio base: 0xD0000000
[    4.777926] [drm] doorbell mmio size: 8388608
[    4.777960] ATOM BIOS: AMD
[    4.778037] [drm] Changing default dispclk from 400Mhz to 600Mhz
[    4.778074] radeon 0000:00:01.0: VRAM: 512M 0x0000000000000000 - 0x000000001FFFFFFF (512M used)
[    4.778088] radeon 0000:00:01.0: GTT: 2048M 0x0000000020000000 - 0x000000009FFFFFFF
[    4.778108] [drm] Detected VRAM RAM=512M, BAR=256M
[    4.778115] [drm] RAM width 128bits DDR
[    4.785514] [TTM] Zone  kernel: Available graphics memory: 1726408 KiB
[    4.785532] [TTM] Initializing pool allocator
[    4.785553] [TTM] Initializing DMA pool allocator
[    4.785621] [drm] radeon: 512M of VRAM memory ready
[    4.785630] [drm] radeon: 2048M of GTT memory ready.
[    4.785667] [drm] Loading kabini Microcode
[    4.791465] [drm] Internal thermal controller without fan control
[    4.792593] [drm] radeon: dpm initialized
[    4.793796] [drm] Found UVD firmware Version: 1.64 Family ID: 9
[    4.798571] [drm] Found VCE firmware/feedback version 40.2.2 / 15!
[    4.798654] [drm] GART: num cpu pages 524288, num gpu pages 524288
[    4.850311] [drm] PCIE GART of 2048M enabled (table at 0x000000000030E000).
[    4.850592] radeon 0000:00:01.0: WB enabled
[    4.850641] radeon 0000:00:01.0: fence driver on ring 0 use gpu addr 0x0000000020000c00 and cpu addr 0x(____ptrval____)
[    4.850658] radeon 0000:00:01.0: fence driver on ring 1 use gpu addr 0x0000000020000c04 and cpu addr 0x(____ptrval____)
[    4.850673] radeon 0000:00:01.0: fence driver on ring 2 use gpu addr 0x0000000020000c08 and cpu addr 0x(____ptrval____)
[    4.850687] radeon 0000:00:01.0: fence driver on ring 3 use gpu addr 0x0000000020000c0c and cpu addr 0x(____ptrval____)
[    4.850701] radeon 0000:00:01.0: fence driver on ring 4 use gpu addr 0x0000000020000c10 and cpu addr 0x(____ptrval____)
[    4.851642] radeon 0000:00:01.0: fence driver on ring 5 use gpu addr 0x0000000000078d30 and cpu addr 0x(____ptrval____)
[    4.855758] radeon 0000:00:01.0: fence driver on ring 6 use gpu addr 0x0000000020000c18 and cpu addr 0x(____ptrval____)
[    4.855785] radeon 0000:00:01.0: fence driver on ring 7 use gpu addr 0x0000000020000c1c and cpu addr 0x(____ptrval____)
[    4.855799] [drm] Supports vblank timestamp caching Rev 2 (21.10.2013).
[    4.855806] [drm] Driver supports precise vblank timestamp query.
[    4.855923] radeon 0000:00:01.0: radeon: using MSI.
[    4.855991] [drm] radeon: irq initialized.
[    4.868210] [drm] ring test on 0 succeeded in 3 usecs
[    4.868349] [drm] ring test on 1 succeeded in 4 usecs
[    4.868388] [drm] ring test on 2 succeeded in 4 usecs
[    4.868709] [drm] ring test on 3 succeeded in 6 usecs
[    4.868728] [drm] ring test on 4 succeeded in 6 usecs
[    4.939395] [drm] ring test on 5 succeeded in 2 usecs
[    4.965133] [drm] UVD initialized successfully.
[    5.093107] [drm] ring test on 6 succeeded in 19 usecs
[    5.093139] [drm] ring test on 7 succeeded in 3 usecs
[    5.093146] [drm] VCE initialized successfully.
[    5.100628] [drm] ib test on ring 0 succeeded in 0 usecs
[    5.101279] [drm] ib test on ring 1 succeeded in 0 usecs
[    5.101605] [drm] ib test on ring 2 succeeded in 0 usecs
[    5.102581] [drm] ib test on ring 3 succeeded in 0 usecs
[    5.104014] [drm] ib test on ring 4 succeeded in 0 usecs
[    5.128480] [drm] ib test on ring 5 succeeded
[    5.154356] [drm] ib test on ring 6 succeeded
[    5.155349] [drm] ib test on ring 7 succeeded
[    5.206456] [drm] radeon atom DIG backlight initialized
[    5.206480] [drm] Radeon Display Connectors
[    5.206487] [drm] Connector 0:
[    5.206494] [drm]   LVDS-1
[    5.206500] [drm]   HPD1
[    5.206509] [drm]   DDC: 0x6530 0x6530 0x6534 0x6534 0x6538 0x6538 0x653c 0x653c
[    5.206517] [drm]   Encoders:
[    5.206523] [drm]     LCD1: INTERNAL_UNIPHY
[    5.206530] [drm] Connector 1:
[    5.206536] [drm]   HDMI-A-1
[    5.206541] [drm]   HPD2
[    5.206548] [drm]   DDC: 0x6540 0x6540 0x6544 0x6544 0x6548 0x6548 0x654c 0x654c
[    5.206557] [drm]   Encoders:
[    5.206562] [drm]     DFP1: INTERNAL_UNIPHY
[    5.206568] [drm] Connector 2:
[    5.206573] [drm]   VGA-1
[    5.206581] [drm]   DDC: 0x65c0 0x65c0 0x65c4 0x65c4 0x65c8 0x65c8 0x65cc 0x65cc
[    5.206589] [drm]   Encoders:
[    5.206594] [drm]     CRT1: INTERNAL_KLDSCP_DAC1
[    6.288579] [drm] fb mappable at 0xC0731000
[    6.288595] [drm] vram apper at 0xC0000000
[    6.288602] [drm] size 4325376
[    6.288607] [drm] fb depth is 24
[    6.288613] [drm]    pitch is 5632
[    6.288990] fbcon: radeondrmfb (fb0) is primary device
[    6.396669] Console: switching to colour frame buffer device 170x48
[    6.407007] radeon 0000:00:01.0: fb0: radeondrmfb frame buffer device
[    6.646426] sec 42949379
[    6.646429] comm init pid 1 state 1
[    6.646535] comm kthreadd pid 2 state 1
[    6.646598] comm rcu_gp pid 3 state 1026
[    6.646662] comm rcu_par_gp pid 4 state 1026
[    6.646731] comm kworker/0:0 pid 5 state 1026
[    6.646801] comm kworker/0:0H pid 6 state 1026
[    6.646872] comm kworker/u8:0 pid 7 state 1026
[    6.646943] comm mm_percpu_wq pid 8 state 1026
[    6.647014] comm ksoftirqd/0 pid 9 state 1
[    6.647080] comm rcu_sched pid 10 state 1026
[    6.647148] comm migration/0 pid 11 state 1
[    6.647215] comm cpuhp/0 pid 12 state 1
[    6.647278] comm cpuhp/1 pid 13 state 1
[    6.647340] comm migration/1 pid 14 state 1
[    6.647407] comm ksoftirqd/1 pid 15 state 1
[    6.647474] comm kworker/1:0 pid 16 state 1026
[    6.647544] comm kworker/1:0H pid 17 state 1026
[    6.647616] comm THREAD pid 18 state 0
[    6.647677] comm kdevtmpfs pid 19 state 1
[    6.647742] comm netns pid 20 state 1026
[    6.649832] comm kworker/u8:1 pid 21 state 1026
[    6.651953] comm kauditd pid 22 state 1
[    6.654038] comm kworker/1:1 pid 25 state 1026
[    6.656082] comm kworker/u8:2 pid 26 state 1026
[    6.658149] comm kworker/1:2 pid 39 state 1026
[    6.660195] comm kworker/0:1 pid 40 state 1026
[    6.662218] comm kworker/u8:3 pid 381 state 1026
[    6.664260] comm kworker/u8:4 pid 474 state 1026
[    6.666300] comm oom_reaper pid 740 state 1
[    6.668321] comm writeback pid 741 state 1026
[    6.670284] comm kcompactd0 pid 743 state 1
[    6.672251] comm kblockd pid 791 state 1026
[    6.674221] comm kworker/0:2 pid 875 state 1026
[    6.676203] comm ata_sff pid 960 state 1026
[    6.678211] comm md pid 980 state 1026
[    6.680173] comm edac-poller pid 983 state 1026
[    6.682099] comm rpciod pid 1094 state 1026
[    6.684029] comm kworker/u9:0 pid 1095 state 1026
[    6.685970] comm xprtiod pid 1096 state 1026
[    6.687913] comm cfg80211 pid 1099 state 1026
[    6.689859] comm kswapd0 pid 1109 state 1
[    6.691803] comm nfsiod pid 1248 state 1026
[    6.693767] comm acpi_thermal_pm pid 1298 state 1026
[    6.695773] comm scsi_eh_0 pid 1356 state 1
[    6.697766] comm scsi_tmf_0 pid 1357 state 1026
[    6.699717] comm scsi_eh_1 pid 1361 state 1
[    6.701621] comm scsi_tmf_1 pid 1362 state 1026
[    6.703495] comm kworker/1:3 pid 1462 state 1026
[    6.705385] comm dm_bufio_cache pid 1472 state 1026
[    6.707305] comm kworker/1:4 pid 1617 state 1026
[    6.709229] comm ipv6_addrconf pid 1695 state 1026
[    6.711166] comm kworker/1:1H pid 1697 state 1026
[    6.713110] comm kworker/1:5 pid 1738 state 1026
[    6.715060] comm jbd2/sda2-8 pid 1755 state 1
[    6.717031] comm ext4-rsv-conver pid 1756 state 1026
[    6.719028] comm init pid 1758 state 1
[    6.721011] comm rc pid 1759 state 1
[    6.722986] comm S10udev pid 1839 state 1
[    6.724965] comm udevd pid 1854 state 1
[    6.726949] comm udevd pid 1856 state 1
[    6.728924] comm udevd pid 1859 state 1
[    6.730869] comm udevd pid 1907 state 1
[    6.732806] comm udevd pid 1908 state 1
[    6.734730] comm udevd pid 1909 state 2
[    6.736643] comm udevd pid 1938 state 1
[    6.738521] comm udevd pid 1939 state 1
[    6.740373] comm udevd pid 1940 state 1
[    6.742200] comm udevd pid 1941 state 1
[    6.743994] comm udevd pid 1942 state 1
[    6.745754] comm udevd pid 1943 state 1
[    6.747489] comm udevd pid 1944 state 1
[    6.749192] comm udevadm pid 3125 state 1
[    6.750891] comm kworker/0:1H pid 3127 state 1026
[    6.752633] comm ttm_swap pid 3153 state 1026
[    6.754380] rq->curr == THREAD (this messg)
[    6.754382] state TASK_RUNNING
[    6.756161] proc in rq 0
[    6.757932] rq->nr_running rq->cfs.nr_running : 1 1
[    6.761461] rq->cfs.load.weight :  1048576
[    6.761463] ----------------^^^^CPU0^^^^^-----------------------
[    6.763250] rq->curr->pid == 0
[    6.765091] state TASK_RUNNING
[    6.766924] proc in rq 0
[    6.768744] rq->nr_running rq->cfs.nr_running : 0 0
[    6.772371] rq->cfs.load.weight :  0
[    6.772373] ----------------^^^^CPU1^^^^^-----------------------
[    7.714582] [drm] Initialized radeon 2.50.0 20080528 for 0000:00:01.0 on minor 0
[    7.836597] Adding 3608572k swap on /dev/sda4.  Priority:1 extents:1 across:3608572k SS
[    7.892385] EXT4-fs (sda2): re-mounted. Opts: (null)
[    8.003132] EXT4-fs (sda2): re-mounted. Opts: (null)
[    9.686486] sec 42949382
[    9.686492] comm init pid 1 state 1
[    9.692158] comm kthreadd pid 2 state 1
[    9.695015] comm rcu_gp pid 3 state 1026
[    9.697918] comm rcu_par_gp pid 4 state 1026
[    9.700808] comm kworker/0:0 pid 5 state 1026
[    9.703725] comm kworker/0:0H pid 6 state 1026
[    9.706677] comm kworker/u8:0 pid 7 state 1026
[    9.709622] comm mm_percpu_wq pid 8 state 1026
[    9.712576] comm ksoftirqd/0 pid 9 state 0
[    9.715560] comm rcu_sched pid 10 state 1026
[    9.718585] comm migration/0 pid 11 state 1
[    9.721631] comm cpuhp/0 pid 12 state 1
[    9.724699] comm cpuhp/1 pid 13 state 1
[    9.727779] comm migration/1 pid 14 state 1
[    9.730885] comm ksoftirqd/1 pid 15 state 1
[    9.733980] comm kworker/1:0 pid 16 state 1026
[    9.737064] comm kworker/1:0H pid 17 state 1026
[    9.740128] comm THREAD pid 18 state 0
[    9.743176] comm kdevtmpfs pid 19 state 1
[    9.746223] comm netns pid 20 state 1026
[    9.749283] comm kworker/u8:1 pid 21 state 1026
[    9.752334] comm kauditd pid 22 state 1
[    9.755367] comm kworker/1:1 pid 25 state 1026
[    9.758392] comm kworker/u8:2 pid 26 state 1026
[    9.761375] comm kworker/1:2 pid 39 state 1026
[    9.764360] comm kworker/0:1 pid 40 state 1026
[    9.767339] comm kworker/u8:3 pid 381 state 1026
[    9.770294] comm kworker/u8:4 pid 474 state 1026
[    9.773214] comm oom_reaper pid 740 state 1
[    9.776101] comm writeback pid 741 state 1026
[    9.778951] comm kcompactd0 pid 743 state 1
[    9.781676] comm kblockd pid 791 state 1026
[    9.784271] comm kworker/0:2 pid 875 state 1026
[    9.786759] comm ata_sff pid 960 state 1026
[    9.789111] comm md pid 980 state 1026
[    9.791363] comm edac-poller pid 983 state 1026
[    9.793538] comm rpciod pid 1094 state 1026
[    9.795722] comm kworker/u9:0 pid 1095 state 1026
[    9.797830] comm xprtiod pid 1096 state 1026
[    9.799834] comm cfg80211 pid 1099 state 1026
[    9.801836] comm kswapd0 pid 1109 state 1
[    9.803833] comm nfsiod pid 1248 state 1026
[    9.805840] comm acpi_thermal_pm pid 1298 state 1026
[    9.807879] comm scsi_eh_0 pid 1356 state 1
[    9.809903] comm scsi_tmf_0 pid 1357 state 1026
[    9.811918] comm scsi_eh_1 pid 1361 state 1
[    9.813911] comm scsi_tmf_1 pid 1362 state 1026
[    9.815890] comm kworker/1:3 pid 1462 state 1026
[    9.817856] comm dm_bufio_cache pid 1472 state 1026
[    9.819833] comm kworker/1:4 pid 1617 state 1026
[    9.821818] comm ipv6_addrconf pid 1695 state 1026
[    9.823819] comm kworker/1:1H pid 1697 state 1026
[    9.825822] comm kworker/1:5 pid 1738 state 1026
[    9.827836] comm jbd2/sda2-8 pid 1755 state 1
[    9.829852] comm ext4-rsv-conver pid 1756 state 1026
[    9.831902] comm udevd pid 1854 state 1
[    9.833941] comm udevd pid 1856 state 1
[    9.835949] comm udevd pid 1859 state 1
[    9.837932] comm udevd pid 1907 state 1
[    9.839879] comm udevd pid 1908 state 1
[    9.841825] comm udevd pid 1909 state 1
[    9.843742] comm udevd pid 1938 state 1
[    9.845648] comm udevd pid 1939 state 1
[    9.847549] comm udevd pid 1940 state 1
[    9.849418] comm udevd pid 1941 state 1
[    9.851251] comm udevd pid 1942 state 1
[    9.853058] comm udevd pid 1943 state 1
[    9.854838] comm udevd pid 1944 state 1
[    9.856593] comm kworker/0:1H pid 3127 state 1026
[    9.858355] comm ttm_swap pid 3153 state 1026
[    9.860116] comm mount.ntfs-3g pid 3270 state 258
[    9.861895] comm rc pid 3408 state 1
[    9.863669] comm S10sysklogd pid 3413 state 1
[    9.865481] comm syslogd pid 3436 state 1
[    9.867303] comm klogd pid 3458 state 1
[    9.869134] comm klogd pid 3459 state 258
[    9.870938] rq->curr == THREAD (this messg)
[    9.870939] state TASK_RUNNING
[    9.872753] color, tsk->comm, weight, vruntime, state: 1 ksoftirqd/0 1048576 7657236555 0
[    9.874548] proc in rq 1
[    9.876483] rq->nr_running rq->cfs.nr_running : 3 2
[    9.880324] rq->cfs.load.weight :  2097152
[    9.880326] ----------------^^^^CPU0^^^^^-----------------------
[    9.882267] rq->curr->pid == 0
[    9.884258] state TASK_RUNNING
[    9.886232] proc in rq 0
[    9.888200] rq->nr_running rq->cfs.nr_running : 0 0
[    9.892111] rq->cfs.load.weight :  0
[    9.892113] ----------------^^^^CPU1^^^^^-----------------------
[   10.828967] urandom_read: 6 callbacks suppressed
[   10.828973] random: wpa_supplicant: uninitialized urandom read (32 bytes read)
[   12.177341] wlp1s0: authenticate with 64:66:b3:cd:9a:3a
[   12.202426] wlp1s0: send auth to 64:66:b3:cd:9a:3a (try 1/3)
[   12.207907] wlp1s0: authenticated
[   12.216947] wlp1s0: associate with 64:66:b3:cd:9a:3a (try 1/3)
[   12.223888] wlp1s0: RX AssocResp from 64:66:b3:cd:9a:3a (capab=0x431 status=0 aid=1)
[   12.227394] wlp1s0: associated
[   12.276978] IPv6: ADDRCONF(NETDEV_CHANGE): wlp1s0: link becomes ready
[   12.646420] sec 42949385
[   12.646426] comm init pid 1 state 1
[   12.651718] comm kthreadd pid 2 state 1
[   12.654410] comm rcu_gp pid 3 state 1026
[   12.657149] comm rcu_par_gp pid 4 state 1026
[   12.659946] comm kworker/0:0 pid 5 state 1026
[   12.662736] comm kworker/0:0H pid 6 state 1026
[   12.665544] comm kworker/u8:0 pid 7 state 1026
[   12.668395] comm mm_percpu_wq pid 8 state 1026
[   12.671268] comm ksoftirqd/0 pid 9 state 1
[   12.674131] comm rcu_sched pid 10 state 1026
[   12.677051] comm migration/0 pid 11 state 1
[   12.680016] comm cpuhp/0 pid 12 state 1
[   12.682914] comm cpuhp/1 pid 13 state 1
[   12.685782] comm migration/1 pid 14 state 1
[   12.688674] comm ksoftirqd/1 pid 15 state 1
[   12.691554] comm kworker/1:0 pid 16 state 1026
[   12.694385] comm kworker/1:0H pid 17 state 1026
[   12.697268] comm THREAD pid 18 state 0
[   12.700138] comm kdevtmpfs pid 19 state 1
[   12.702990] comm netns pid 20 state 1026
[   12.705824] comm kworker/u8:1 pid 21 state 1026
[   12.708769] comm kauditd pid 22 state 1
[   12.711582] comm kworker/1:1 pid 25 state 1026
[   12.714325] comm kworker/u8:2 pid 26 state 1026
[   12.717082] comm kworker/1:2 pid 39 state 0
[   12.719806] comm kworker/0:1 pid 40 state 1026
[   12.722465] comm kworker/u8:3 pid 381 state 1026
[   12.725090] comm kworker/u8:4 pid 474 state 1026
[   12.727732] comm oom_reaper pid 740 state 1
[   12.730376] comm writeback pid 741 state 1026
[   12.733004] comm kcompactd0 pid 743 state 1
[   12.735606] comm kblockd pid 791 state 1026
[   12.738217] comm kworker/0:2 pid 875 state 1026
[   12.740838] comm ata_sff pid 960 state 1026
[   12.743418] comm md pid 980 state 1026
[   12.745881] comm edac-poller pid 983 state 1026
[   12.748289] comm rpciod pid 1094 state 1026
[   12.750663] comm kworker/u9:0 pid 1095 state 1026
[   12.752921] comm xprtiod pid 1096 state 1026
[   12.755187] comm cfg80211 pid 1099 state 1026
[   12.757407] comm kswapd0 pid 1109 state 1
[   12.759553] comm nfsiod pid 1248 state 1026
[   12.761652] comm acpi_thermal_pm pid 1298 state 1026
[   12.763739] comm scsi_eh_0 pid 1356 state 1
[   12.765778] comm scsi_tmf_0 pid 1357 state 1026
[   12.767808] comm scsi_eh_1 pid 1361 state 1
[   12.769812] comm scsi_tmf_1 pid 1362 state 1026
[   12.771761] comm kworker/1:3 pid 1462 state 1026
[   12.773710] comm dm_bufio_cache pid 1472 state 1026
[   12.775666] comm kworker/1:4 pid 1617 state 1026
[   12.777667] comm ipv6_addrconf pid 1695 state 1026
[   12.779702] comm kworker/1:1H pid 1697 state 1026
[   12.781715] comm kworker/1:5 pid 1738 state 1026
[   12.783715] comm jbd2/sda2-8 pid 1755 state 1
[   12.785714] comm ext4-rsv-conver pid 1756 state 1026
[   12.787775] comm udevd pid 1854 state 1
[   12.789845] comm udevd pid 1856 state 1
[   12.791857] comm udevd pid 1859 state 1
[   12.793818] comm udevd pid 1907 state 1
[   12.795745] comm udevd pid 1908 state 1
[   12.797703] comm udevd pid 1909 state 1
[   12.799763] comm udevd pid 1938 state 1
[   12.801671] comm udevd pid 1939 state 1
[   12.803547] comm udevd pid 1940 state 1
[   12.805396] comm udevd pid 1941 state 1
[   12.807246] comm udevd pid 1942 state 1
[   12.809161] comm udevd pid 1943 state 1
[   12.811024] comm udevd pid 1944 state 1
[   12.812757] comm kworker/0:1H pid 3127 state 1026
[   12.814497] comm ttm_swap pid 3153 state 1026
[   12.816234] comm mount.ntfs-3g pid 3270 state 1
[   12.818015] comm rc pid 3408 state 1
[   12.819800] comm syslogd pid 3436 state 0
[   12.821614] comm klogd pid 3459 state 1
[   12.823400] comm S20network pid 3497 state 1
[   12.825202] comm ifup pid 3499 state 1
[   12.827019] comm wpa pid 3770 state 1
[   12.828839] comm wpa_supplicant pid 4175 state 1
[   12.830656] comm dhclient pid 4189 state 1
[   12.832453] comm dhclient pid 4339 state 1
[   12.834207] rq->curr == idle (init_task)
[   12.834208] state TASK_RUNNING
[   12.835955] proc in rq 0
[   12.837724] rq->nr_running rq->cfs.nr_running : 0 0
[   12.841278] rq->cfs.load.weight :  0
[   12.841282] ----------------^^^^CPU0^^^^^-----------------------
[   12.843043] rq->curr == THREAD (this messg)
[   12.844850] state TASK_RUNNING
[   12.846692] color, tsk->comm, weight, vruntime, state: -112342476657512 kworker/1:2 1048576 7297243148 0
[   12.848529] color, tsk->comm, weight, vruntime, state: 1 ksoftirqd/1 1048576 7297243148 0
[   12.850513] proc in rq 2
[   12.852473] rq->nr_running rq->cfs.nr_running : 3 3
[   12.856368] rq->cfs.load.weight :  3145728
[   12.856370] ----------------^^^^CPU1^^^^^-----------------------
[   15.281258] udevd (1909) used greatest stack depth: 11976 bytes left
[   15.716417] sec 42949388
[   15.716421] comm init pid 1 state 1
[   15.720522] comm kthreadd pid 2 state 1
[   15.722553] comm rcu_gp pid 3 state 1026
[   15.724571] comm rcu_par_gp pid 4 state 1026
[   15.726614] comm kworker/0:0 pid 5 state 1026
[   15.728702] comm kworker/0:0H pid 6 state 1026
[   15.730771] comm kworker/u8:0 pid 7 state 1026
[   15.732781] comm mm_percpu_wq pid 8 state 1026
[   15.734788] comm ksoftirqd/0 pid 9 state 1
[   15.736861] comm rcu_sched pid 10 state 1026
[   15.738980] comm migration/0 pid 11 state 1
[   15.741106] comm cpuhp/0 pid 12 state 1
[   15.743235] comm cpuhp/1 pid 13 state 1
[   15.745357] comm migration/1 pid 14 state 1
[   15.747544] comm ksoftirqd/1 pid 15 state 1
[   15.749768] comm kworker/1:0 pid 16 state 1026
[   15.751983] comm kworker/1:0H pid 17 state 1026
[   15.754197] comm THREAD pid 18 state 0
[   15.756462] comm kdevtmpfs pid 19 state 1
[   15.758773] comm netns pid 20 state 1026
[   15.761042] comm kworker/u8:1 pid 21 state 1026
[   15.763303] comm kauditd pid 22 state 1
[   15.765552] comm kworker/1:1 pid 25 state 1026
[   15.767868] comm kworker/u8:2 pid 26 state 1026
[   15.770187] comm kworker/1:2 pid 39 state 0
[   15.772463] comm kworker/0:1 pid 40 state 1026
[   15.774696] comm kworker/u8:3 pid 381 state 1026
[   15.777026] comm kworker/u8:4 pid 474 state 1026
[   15.779286] comm oom_reaper pid 740 state 1
[   15.781514] comm writeback pid 741 state 1026
[   15.783723] comm kcompactd0 pid 743 state 1
[   15.785961] comm kblockd pid 791 state 1026
[   15.788227] comm kworker/0:2 pid 875 state 1026
[   15.790528] comm ata_sff pid 960 state 1026
[   15.792809] comm md pid 980 state 1026
[   15.795043] comm edac-poller pid 983 state 1026
[   15.797312] comm rpciod pid 1094 state 1026
[   15.799564] comm kworker/u9:0 pid 1095 state 1026
[   15.801771] comm xprtiod pid 1096 state 1026
[   15.803960] comm cfg80211 pid 1099 state 1026
[   15.806076] comm kswapd0 pid 1109 state 1
[   15.808193] comm nfsiod pid 1248 state 1026
[   15.810276] comm acpi_thermal_pm pid 1298 state 1026
[   15.812350] comm scsi_eh_0 pid 1356 state 1
[   15.814383] comm scsi_tmf_0 pid 1357 state 1026
[   15.816384] comm scsi_eh_1 pid 1361 state 1
[   15.818368] comm scsi_tmf_1 pid 1362 state 1026
[   15.820336] comm kworker/1:3 pid 1462 state 1026
[   15.822305] comm dm_bufio_cache pid 1472 state 1026
[   15.824272] comm kworker/1:4 pid 1617 state 1026
[   15.826239] comm ipv6_addrconf pid 1695 state 1026
[   15.828251] comm kworker/1:1H pid 1697 state 1026
[   15.830289] comm kworker/1:5 pid 1738 state 1026
[   15.832311] comm jbd2/sda2-8 pid 1755 state 1
[   15.834318] comm ext4-rsv-conver pid 1756 state 1026
[   15.836353] comm udevd pid 1854 state 1
[   15.838411] comm kworker/0:1H pid 3127 state 1026
[   15.840508] comm ttm_swap pid 3153 state 1026
[   15.842583] comm mount.ntfs-3g pid 3270 state 1
[   15.844642] comm rc pid 3408 state 1
[   15.846745] comm syslogd pid 3436 state 1
[   15.848864] comm klogd pid 3459 state 1
[   15.850972] comm S20network pid 3497 state 1
[   15.853081] comm ifup pid 3499 state 1
[   15.855188] comm wpa pid 3770 state 1
[   15.857315] comm wpa_supplicant pid 4175 state 1
[   15.859482] comm dhclient pid 4189 state 1
[   15.861624] comm dhclient pid 4339 state 1
[   15.863728] comm udevd pid 4725 state 1
[   15.865817] rq->curr == idle (init_task)
[   15.865818] state TASK_RUNNING
[   15.867941] color, tsk->comm, weight, vruntime, state: 1 klogd 1048576 9182272217 0
[   15.870190] proc in rq 1
[   15.872396] rq->nr_running rq->cfs.nr_running : 1 1
[   15.876850] rq->cfs.load.weight :  1048576
[   15.876852] ----------------^^^^CPU0^^^^^-----------------------
[   15.879156] rq->curr == THREAD (this messg)
[   15.881482] state TASK_RUNNING
[   15.883794] color, tsk->comm, weight, vruntime, state: -112342476657512 kworker/1:2 1048576 10360212914 0
[   15.886089] color, tsk->comm, weight, vruntime, state: 1 ksoftirqd/1 1048576 10360212914 0
[   15.888586] proc in rq 2
[   15.891117] rq->nr_running rq->cfs.nr_running : 3 3
[   15.896074] rq->cfs.load.weight :  3145728
[   15.896076] ----------------^^^^CPU1^^^^^-----------------------
[   18.626417] sec 42949391
[   18.628976] comm init pid 1 state 1
[   18.633998] comm kthreadd pid 2 state 1
[   18.636547] comm rcu_gp pid 3 state 1026
[   18.639104] comm rcu_par_gp pid 4 state 1026
[   18.641635] comm kworker/0:0 pid 5 state 1026
[   18.644141] comm kworker/0:0H pid 6 state 1026
[   18.646737] comm kworker/u8:0 pid 7 state 1026
[   18.649249] comm mm_percpu_wq pid 8 state 1026
[   18.651714] comm ksoftirqd/0 pid 9 state 1
[   18.654172] comm rcu_sched pid 10 state 1026
[   18.656656] comm migration/0 pid 11 state 1
[   18.659148] comm cpuhp/0 pid 12 state 1
[   18.661591] comm cpuhp/1 pid 13 state 1
[   18.663983] comm migration/1 pid 14 state 1
[   18.666371] comm ksoftirqd/1 pid 15 state 0
[   18.668777] comm kworker/1:0 pid 16 state 1026
[   18.671210] comm kworker/1:0H pid 17 state 1026
[   18.673595] comm THREAD pid 18 state 0
[   18.675942] comm kdevtmpfs pid 19 state 1
[   18.678311] comm netns pid 20 state 1026
[   18.680684] comm kworker/u8:1 pid 21 state 1026
[   18.683040] comm kauditd pid 22 state 1
[   18.685369] comm kworker/1:1 pid 25 state 1026
[   18.687742] comm kworker/u8:2 pid 26 state 1026
[   18.690133] comm kworker/1:2 pid 39 state 0
[   18.692481] comm kworker/0:1 pid 40 state 1026
[   18.694798] comm kworker/u8:3 pid 381 state 1026
[   18.697150] comm kworker/u8:4 pid 474 state 1026
[   18.699497] comm oom_reaper pid 740 state 1
[   18.701801] comm writeback pid 741 state 1026
[   18.704123] comm kcompactd0 pid 743 state 1
[   18.706475] comm kblockd pid 791 state 1026
[   18.708847] comm kworker/0:2 pid 875 state 1026
[   18.711197] comm ata_sff pid 960 state 1026
[   18.713479] comm md pid 980 state 1026
[   18.715701] comm edac-poller pid 983 state 1026
[   18.717958] comm rpciod pid 1094 state 1026
[   18.720227] comm kworker/u9:0 pid 1095 state 1026
[   18.722458] comm xprtiod pid 1096 state 1026
[   18.724634] comm cfg80211 pid 1099 state 1026
[   18.726836] comm kswapd0 pid 1109 state 1
[   18.728973] comm nfsiod pid 1248 state 1026
[   18.731053] comm acpi_thermal_pm pid 1298 state 1026
[   18.733081] comm scsi_eh_0 pid 1356 state 1
[   18.735086] comm scsi_tmf_0 pid 1357 state 1026
[   18.737212] comm scsi_eh_1 pid 1361 state 1
[   18.739226] comm scsi_tmf_1 pid 1362 state 1026
[   18.741188] comm kworker/1:3 pid 1462 state 1026
[   18.743144] comm dm_bufio_cache pid 1472 state 1026
[   18.745112] comm kworker/1:4 pid 1617 state 1026
[   18.747121] comm ipv6_addrconf pid 1695 state 1026
[   18.749168] comm kworker/1:1H pid 1697 state 1026
[   18.751194] comm kworker/1:5 pid 1738 state 1026
[   18.753198] comm jbd2/sda2-8 pid 1755 state 1
[   18.755204] comm ext4-rsv-conver pid 1756 state 1026
[   18.757275] comm udevd pid 1854 state 1
[   18.759358] comm kworker/0:1H pid 3127 state 1026
[   18.761434] comm ttm_swap pid 3153 state 1026
[   18.763488] comm mount.ntfs-3g pid 3270 state 1
[   18.765543] comm rc pid 3408 state 1
[   18.767647] comm syslogd pid 3436 state 1
[   18.769781] comm klogd pid 3459 state 1
[   18.771900] comm S20network pid 3497 state 1
[   18.774013] comm ifup pid 3499 state 1
[   18.776121] comm wpa pid 3770 state 1
[   18.778249] comm wpa_supplicant pid 4175 state 1
[   18.780422] comm dhclient pid 4189 state 1
[   18.782572] comm dhclient pid 4339 state 1
[   18.784658] rq->curr == idle (init_task)
[   18.784659] state TASK_RUNNING
[   18.786774] color, tsk->comm, weight, vruntime, state: 1 klogd 1048576 9356770299 0
[   18.788885] proc in rq 1
[   18.791089] rq->nr_running rq->cfs.nr_running : 1 1
[   18.795486] rq->cfs.load.weight :  1048576
[   18.795487] ----------------^^^^CPU0^^^^^-----------------------
[   18.797749] rq->curr == THREAD (this messg)
[   18.800115] state TASK_RUNNING
[   18.802457] color, tsk->comm, weight, vruntime, state: -112342475357160 ksoftirqd/1 1048576 13259461909 0
[   18.804764] color, tsk->comm, weight, vruntime, state: 1 kworker/1:2 1048576 13259461909 0
[   18.807264] proc in rq 2
[   18.809794] rq->nr_running rq->cfs.nr_running : 3 3
[   18.814750] rq->cfs.load.weight :  3145728
[   18.814753] ----------------^^^^CPU1^^^^^-----------------------
[   21.676458] sec 42949394
[   21.676471] comm init pid 1 state 1
[   21.676477] comm kthreadd pid 2 state 1
[   21.676481] comm rcu_gp pid 3 state 1026
[   21.676485] comm rcu_par_gp pid 4 state 1026
[   21.676489] comm kworker/0:0 pid 5 state 1026
[   21.676493] comm kworker/0:0H pid 6 state 1026
[   21.676497] comm kworker/u8:0 pid 7 state 1026
[   21.676501] comm mm_percpu_wq pid 8 state 1026
[   21.676505] comm ksoftirqd/0 pid 9 state 1
[   21.676509] comm rcu_sched pid 10 state 1026
[   21.676513] comm migration/0 pid 11 state 1
[   21.676517] comm cpuhp/0 pid 12 state 1
[   21.676521] comm cpuhp/1 pid 13 state 1
[   21.676524] comm migration/1 pid 14 state 1
[   21.676528] comm ksoftirqd/1 pid 15 state 1
[   21.676532] comm kworker/1:0 pid 16 state 1026
[   21.676536] comm kworker/1:0H pid 17 state 1026
[   21.676539] comm THREAD pid 18 state 0
[   21.676543] comm kdevtmpfs pid 19 state 1
[   21.676546] comm netns pid 20 state 1026
[   21.676550] comm kworker/u8:1 pid 21 state 1026
[   21.676554] comm kauditd pid 22 state 1
[   21.676558] comm kworker/1:1 pid 25 state 1026
[   21.676562] comm kworker/u8:2 pid 26 state 1026
[   21.676565] comm kworker/1:2 pid 39 state 1026
[   21.676569] comm kworker/0:1 pid 40 state 1026
[   21.676573] comm kworker/u8:3 pid 381 state 1026
[   21.676577] comm kworker/u8:4 pid 474 state 1026
[   21.676581] comm oom_reaper pid 740 state 1
[   21.676585] comm writeback pid 741 state 1026
[   21.676589] comm kcompactd0 pid 743 state 1
[   21.676593] comm kblockd pid 791 state 1026
[   21.676597] comm kworker/0:2 pid 875 state 1026
[   21.676600] comm ata_sff pid 960 state 1026
[   21.676605] comm md pid 980 state 1026
[   21.676608] comm edac-poller pid 983 state 1026
[   21.676612] comm rpciod pid 1094 state 1026
[   21.676616] comm kworker/u9:0 pid 1095 state 1026
[   21.676620] comm xprtiod pid 1096 state 1026
[   21.676624] comm cfg80211 pid 1099 state 1026
[   21.676629] comm kswapd0 pid 1109 state 1
[   21.676633] comm nfsiod pid 1248 state 1026
[   21.676637] comm acpi_thermal_pm pid 1298 state 1026
[   21.676641] comm scsi_eh_0 pid 1356 state 1
[   21.676645] comm scsi_tmf_0 pid 1357 state 1026
[   21.676649] comm scsi_eh_1 pid 1361 state 1
[   21.676653] comm scsi_tmf_1 pid 1362 state 1026
[   21.676656] comm kworker/1:3 pid 1462 state 1026
[   21.676660] comm dm_bufio_cache pid 1472 state 1026
[   21.676664] comm kworker/1:4 pid 1617 state 1026
[   21.676668] comm ipv6_addrconf pid 1695 state 1026
[   21.676672] comm kworker/1:1H pid 1697 state 1026
[   21.676676] comm kworker/1:5 pid 1738 state 1026
[   21.676680] comm jbd2/sda2-8 pid 1755 state 1
[   21.676684] comm ext4-rsv-conver pid 1756 state 1026
[   21.676688] comm udevd pid 1854 state 1
[   21.676692] comm kworker/0:1H pid 3127 state 1026
[   21.676696] comm ttm_swap pid 3153 state 1026
[   21.676700] comm mount.ntfs-3g pid 3270 state 1
[   21.676704] comm syslogd pid 3436 state 1
[   21.676708] comm klogd pid 3459 state 1
[   21.676712] comm wpa_supplicant pid 4175 state 1
[   21.676716] comm udevd pid 4892 state 1
[   21.676720] comm dhclient pid 4904 state 1
[   21.676723] comm bash pid 4931 state 1
[   21.676727] comm agetty pid 4932 state 1
[   21.676731] comm agetty pid 4933 state 1
[   21.676735] comm agetty pid 4934 state 1
[   21.676738] comm agetty pid 4935 state 1
[   21.676742] comm agetty pid 4936 state 1
[   21.676746] comm xorg pid 4937 state 1
[   21.676750] comm startx pid 4939 state 1
[   21.676753] comm xinit pid 4960 state 1
[   21.676757] comm Xorg pid 4961 state 1
[   21.676761] comm xkbcomp pid 4970 state 0
[   21.676763] rq->curr->pid == 4970
[   21.676765] state TASK_RUNNING
[   21.676767] proc in rq 0
[   21.676771] rq->nr_running rq->cfs.nr_running : 1 1
[   21.676775] rq->cfs.load.weight :  1307648
[   21.676777] ----------------^^^^CPU0^^^^^-----------------------
[   21.676780] rq->curr == THREAD (this messg)
[   21.676782] state TASK_RUNNING
[   21.676785] proc in rq 0
[   21.676788] rq->nr_running rq->cfs.nr_running : 1 1
[   21.676792] rq->cfs.load.weight :  1048576
[   21.676793] ----------------^^^^CPU1^^^^^-----------------------
[   24.646425] sec 42949397
[   24.646437] comm init pid 1 state 1
[   24.646443] comm kthreadd pid 2 state 1
[   24.646448] comm rcu_gp pid 3 state 1026
[   24.646452] comm rcu_par_gp pid 4 state 1026
[   24.646456] comm kworker/0:0 pid 5 state 1026
[   24.646460] comm kworker/0:0H pid 6 state 1026
[   24.646464] comm kworker/u8:0 pid 7 state 1026
[   24.646468] comm mm_percpu_wq pid 8 state 1026
[   24.646471] comm ksoftirqd/0 pid 9 state 1
[   24.646475] comm rcu_sched pid 10 state 1026
[   24.646479] comm migration/0 pid 11 state 1
[   24.646483] comm cpuhp/0 pid 12 state 1
[   24.646486] comm cpuhp/1 pid 13 state 1
[   24.646490] comm migration/1 pid 14 state 1
[   24.646494] comm ksoftirqd/1 pid 15 state 1
[   24.646497] comm kworker/1:0 pid 16 state 1026
[   24.646501] comm kworker/1:0H pid 17 state 1026
[   24.646504] comm THREAD pid 18 state 0
[   24.646508] comm kdevtmpfs pid 19 state 1
[   24.646512] comm netns pid 20 state 1026
[   24.646516] comm kworker/u8:1 pid 21 state 1026
[   24.646520] comm kauditd pid 22 state 1
[   24.646523] comm kworker/1:1 pid 25 state 1026
[   24.646527] comm kworker/u8:2 pid 26 state 1026
[   24.646531] comm kworker/1:2 pid 39 state 1026
[   24.646534] comm kworker/0:1 pid 40 state 1026
[   24.646538] comm kworker/u8:3 pid 381 state 1026
[   24.646542] comm kworker/u8:4 pid 474 state 1026
[   24.646546] comm oom_reaper pid 740 state 1
[   24.646550] comm writeback pid 741 state 1026
[   24.646554] comm kcompactd0 pid 743 state 1
[   24.646557] comm kblockd pid 791 state 1026
[   24.646561] comm kworker/0:2 pid 875 state 1026
[   24.646565] comm ata_sff pid 960 state 1026
[   24.646569] comm md pid 980 state 1026
[   24.646573] comm edac-poller pid 983 state 1026
[   24.646577] comm rpciod pid 1094 state 1026
[   24.646581] comm kworker/u9:0 pid 1095 state 1026
[   24.646585] comm xprtiod pid 1096 state 1026
[   24.646588] comm cfg80211 pid 1099 state 1026
[   24.646593] comm kswapd0 pid 1109 state 1
[   24.646597] comm nfsiod pid 1248 state 1026
[   24.646601] comm acpi_thermal_pm pid 1298 state 1026
[   24.646605] comm scsi_eh_0 pid 1356 state 1
[   24.646609] comm scsi_tmf_0 pid 1357 state 1026
[   24.646613] comm scsi_eh_1 pid 1361 state 1
[   24.646617] comm scsi_tmf_1 pid 1362 state 1026
[   24.646621] comm kworker/1:3 pid 1462 state 1026
[   24.646625] comm dm_bufio_cache pid 1472 state 1026
[   24.646629] comm kworker/1:4 pid 1617 state 1026
[   24.646633] comm ipv6_addrconf pid 1695 state 1026
[   24.646636] comm kworker/1:1H pid 1697 state 1026
[   24.646641] comm kworker/1:5 pid 1738 state 1026
[   24.646644] comm jbd2/sda2-8 pid 1755 state 1
[   24.646648] comm ext4-rsv-conver pid 1756 state 1026
[   24.646652] comm udevd pid 1854 state 1
[   24.646656] comm kworker/0:1H pid 3127 state 1026
[   24.646660] comm ttm_swap pid 3153 state 1026
[   24.646664] comm mount.ntfs-3g pid 3270 state 1
[   24.646667] comm syslogd pid 3436 state 1
[   24.646671] comm klogd pid 3459 state 1
[   24.646675] comm wpa_supplicant pid 4175 state 1
[   24.646679] comm udevd pid 4892 state 1
[   24.646683] comm dhclient pid 4904 state 1
[   24.646686] comm bash pid 4931 state 1
[   24.646690] comm agetty pid 4932 state 1
[   24.646694] comm agetty pid 4933 state 1
[   24.646698] comm agetty pid 4934 state 1
[   24.646701] comm agetty pid 4935 state 1
[   24.646705] comm agetty pid 4936 state 1
[   24.646709] comm xorg pid 4937 state 1
[   24.646712] comm startx pid 4939 state 1
[   24.646716] comm xinit pid 4960 state 1
[   24.646720] comm Xorg pid 4961 state 1
[   24.646723] comm xinitrc pid 5061 state 1
[   24.646727] comm windman pid 5065 state 1
[   24.646731] comm tinywm pid 5066 state 1
[   24.646734] comm windman pid 5067 state 1
[   24.646738] comm xterm pid 5068 state 1
[   24.646742] comm bash pid 5069 state 1
[   24.646745] comm windman pid 5071 state 1
[   24.646749] comm sh pid 5072 state 1
[   24.646752] comm xdotool pid 5074 state 1
[   24.646755] rq->curr == idle (init_task)
[   24.646756] state TASK_RUNNING
[   24.646759] proc in rq 0
[   24.646763] rq->nr_running rq->cfs.nr_running : 0 0
[   24.646767] rq->cfs.load.weight :  0
[   24.646768] ----------------^^^^CPU0^^^^^-----------------------
[   24.646771] rq->curr == THREAD (this messg)
[   24.646774] state TASK_RUNNING
[   24.646776] proc in rq 0
[   24.646780] rq->nr_running rq->cfs.nr_running : 1 1
[   24.646784] rq->cfs.load.weight :  1048576
[   24.646785] ----------------^^^^CPU1^^^^^-----------------------
[   26.812229] random: crng init done
[   27.656417] sec 42949400
[   27.656423] comm init pid 1 state 1
[   27.656435] comm kthreadd pid 2 state 1
[   27.656440] comm rcu_gp pid 3 state 1026
[   27.656444] comm rcu_par_gp pid 4 state 1026
[   27.656448] comm kworker/0:0 pid 5 state 1026
[   27.656452] comm kworker/0:0H pid 6 state 1026
[   27.656456] comm kworker/u8:0 pid 7 state 1026
[   27.656460] comm mm_percpu_wq pid 8 state 1026
[   27.656464] comm ksoftirqd/0 pid 9 state 1
[   27.656468] comm rcu_sched pid 10 state 1026
[   27.656472] comm migration/0 pid 11 state 1
[   27.656476] comm cpuhp/0 pid 12 state 1
[   27.656480] comm cpuhp/1 pid 13 state 1
[   27.656484] comm migration/1 pid 14 state 1
[   27.656487] comm ksoftirqd/1 pid 15 state 1
[   27.656491] comm kworker/1:0 pid 16 state 1026
[   27.656495] comm kworker/1:0H pid 17 state 1026
[   27.656498] comm THREAD pid 18 state 0
[   27.656502] comm kdevtmpfs pid 19 state 1
[   27.656506] comm netns pid 20 state 1026
[   27.656510] comm kworker/u8:1 pid 21 state 1026
[   27.656514] comm kauditd pid 22 state 1
[   27.656518] comm kworker/1:1 pid 25 state 1026
[   27.656521] comm kworker/u8:2 pid 26 state 1026
[   27.656525] comm kworker/1:2 pid 39 state 1026
[   27.656529] comm kworker/0:1 pid 40 state 1026
[   27.656532] comm kworker/u8:3 pid 381 state 1026
[   27.656536] comm kworker/u8:4 pid 474 state 1026
[   27.656540] comm oom_reaper pid 740 state 1
[   27.656544] comm writeback pid 741 state 1026
[   27.656548] comm kcompactd0 pid 743 state 1
[   27.656552] comm kblockd pid 791 state 1026
[   27.656555] comm kworker/0:2 pid 875 state 1026
[   27.656559] comm ata_sff pid 960 state 1026
[   27.656563] comm md pid 980 state 1026
[   27.656567] comm edac-poller pid 983 state 1026
[   27.656571] comm rpciod pid 1094 state 1026
[   27.656575] comm kworker/u9:0 pid 1095 state 1026
[   27.656579] comm xprtiod pid 1096 state 1026
[   27.656583] comm cfg80211 pid 1099 state 1026
[   27.656587] comm kswapd0 pid 1109 state 1
[   27.656591] comm nfsiod pid 1248 state 1026
[   27.656595] comm acpi_thermal_pm pid 1298 state 1026
[   27.656599] comm scsi_eh_0 pid 1356 state 1
[   27.656603] comm scsi_tmf_0 pid 1357 state 1026
[   27.656607] comm scsi_eh_1 pid 1361 state 1
[   27.656611] comm scsi_tmf_1 pid 1362 state 1026
[   27.656614] comm kworker/1:3 pid 1462 state 1026
[   27.656618] comm dm_bufio_cache pid 1472 state 1026
[   27.656622] comm kworker/1:4 pid 1617 state 1026
[   27.656626] comm ipv6_addrconf pid 1695 state 1026
[   27.656630] comm kworker/1:1H pid 1697 state 1026
[   27.656634] comm kworker/1:5 pid 1738 state 1026
[   27.656638] comm jbd2/sda2-8 pid 1755 state 1
[   27.656641] comm ext4-rsv-conver pid 1756 state 1026
[   27.656645] comm udevd pid 1854 state 1
[   27.656649] comm kworker/0:1H pid 3127 state 1026
[   27.656653] comm ttm_swap pid 3153 state 1026
[   27.656657] comm mount.ntfs-3g pid 3270 state 1
[   27.656661] comm syslogd pid 3436 state 1
[   27.656664] comm klogd pid 3459 state 1
[   27.656668] comm wpa_supplicant pid 4175 state 1
[   27.656672] comm dhclient pid 4904 state 1
[   27.656676] comm bash pid 4931 state 1
[   27.656680] comm agetty pid 4932 state 1
[   27.656684] comm agetty pid 4933 state 1
[   27.656687] comm agetty pid 4934 state 1
[   27.656691] comm agetty pid 4935 state 1
[   27.656694] comm agetty pid 4936 state 1
[   27.656698] comm xorg pid 4937 state 1
[   27.656702] comm startx pid 4939 state 1
[   27.656706] comm xinit pid 4960 state 1
[   27.656709] comm Xorg pid 4961 state 1
[   27.656712] comm xinitrc pid 5061 state 1
[   27.656716] comm windman pid 5065 state 1
[   27.656720] comm tinywm pid 5066 state 1
[   27.656724] comm windman pid 5067 state 1
[   27.656727] comm xterm pid 5068 state 1
[   27.656731] comm bash pid 5069 state 1
[   27.656734] comm windman pid 5071 state 1
[   27.656738] comm udevd pid 5172 state 1
[   27.656741] rq->curr == idle (init_task)
[   27.656742] state TASK_RUNNING
[   27.656745] proc in rq 0
[   27.656748] rq->nr_running rq->cfs.nr_running : 0 0
[   27.656752] rq->cfs.load.weight :  0
[   27.656754] ----------------^^^^CPU0^^^^^-----------------------
[   27.656757] rq->curr == THREAD (this messg)
[   27.656759] state TASK_RUNNING
[   27.656762] proc in rq 0
[   27.656765] rq->nr_running rq->cfs.nr_running : 1 1
[   27.656769] rq->cfs.load.weight :  1048576
[   27.656770] ----------------^^^^CPU1^^^^^-----------------------
[   30.646423] sec 42949403
[   30.646435] comm init pid 1 state 1
[   30.646441] comm kthreadd pid 2 state 1
[   30.646446] comm rcu_gp pid 3 state 1026
[   30.646450] comm rcu_par_gp pid 4 state 1026
[   30.646454] comm kworker/0:0 pid 5 state 1026
[   30.646458] comm kworker/0:0H pid 6 state 1026
[   30.646462] comm kworker/u8:0 pid 7 state 1026
[   30.646466] comm mm_percpu_wq pid 8 state 1026
[   30.646470] comm ksoftirqd/0 pid 9 state 1
[   30.646473] comm rcu_sched pid 10 state 1026
[   30.646477] comm migration/0 pid 11 state 1
[   30.646481] comm cpuhp/0 pid 12 state 1
[   30.646485] comm cpuhp/1 pid 13 state 1
[   30.646489] comm migration/1 pid 14 state 1
[   30.646493] comm ksoftirqd/1 pid 15 state 1
[   30.646497] comm kworker/1:0 pid 16 state 1026
[   30.646501] comm kworker/1:0H pid 17 state 1026
[   30.646504] comm THREAD pid 18 state 0
[   30.646507] comm kdevtmpfs pid 19 state 1
[   30.646511] comm netns pid 20 state 1026
[   30.646515] comm kworker/u8:1 pid 21 state 1026
[   30.646519] comm kauditd pid 22 state 1
[   30.646523] comm kworker/1:1 pid 25 state 1026
[   30.646526] comm kworker/u8:2 pid 26 state 1026
[   30.646530] comm kworker/1:2 pid 39 state 1026
[   30.646534] comm kworker/0:1 pid 40 state 1026
[   30.646537] comm kworker/u8:3 pid 381 state 1026
[   30.646541] comm kworker/u8:4 pid 474 state 1026
[   30.646545] comm oom_reaper pid 740 state 1
[   30.646549] comm writeback pid 741 state 1026
[   30.646553] comm kcompactd0 pid 743 state 1
[   30.646557] comm kblockd pid 791 state 1026
[   30.646561] comm kworker/0:2 pid 875 state 1026
[   30.646565] comm ata_sff pid 960 state 1026
[   30.646569] comm md pid 980 state 1026
[   30.646572] comm edac-poller pid 983 state 1026
[   30.646577] comm rpciod pid 1094 state 1026
[   30.646580] comm kworker/u9:0 pid 1095 state 1026
[   30.646584] comm xprtiod pid 1096 state 1026
[   30.646588] comm cfg80211 pid 1099 state 1026
[   30.646592] comm kswapd0 pid 1109 state 1
[   30.646596] comm nfsiod pid 1248 state 1026
[   30.646600] comm acpi_thermal_pm pid 1298 state 1026
[   30.646604] comm scsi_eh_0 pid 1356 state 1
[   30.646609] comm scsi_tmf_0 pid 1357 state 1026
[   30.646612] comm scsi_eh_1 pid 1361 state 1
[   30.646616] comm scsi_tmf_1 pid 1362 state 1026
[   30.646620] comm kworker/1:3 pid 1462 state 1026
[   30.646624] comm dm_bufio_cache pid 1472 state 1026
[   30.646628] comm kworker/1:4 pid 1617 state 1026
[   30.646632] comm ipv6_addrconf pid 1695 state 1026
[   30.646636] comm kworker/1:1H pid 1697 state 1026
[   30.646640] comm kworker/1:5 pid 1738 state 1026
[   30.646644] comm jbd2/sda2-8 pid 1755 state 1
[   30.646648] comm ext4-rsv-conver pid 1756 state 1026
[   30.646651] comm udevd pid 1854 state 1
[   30.646655] comm kworker/0:1H pid 3127 state 1026
[   30.646659] comm ttm_swap pid 3153 state 1026
[   30.646663] comm mount.ntfs-3g pid 3270 state 1
[   30.646667] comm syslogd pid 3436 state 1
[   30.646671] comm klogd pid 3459 state 1
[   30.646675] comm wpa_supplicant pid 4175 state 1
[   30.646679] comm dhclient pid 4904 state 1
[   30.646683] comm bash pid 4931 state 1
[   30.646686] comm agetty pid 4932 state 1
[   30.646690] comm agetty pid 4933 state 1
[   30.646694] comm agetty pid 4934 state 1
[   30.646697] comm agetty pid 4935 state 1
[   30.646701] comm agetty pid 4936 state 1
[   30.646704] comm xorg pid 4937 state 1
[   30.646708] comm startx pid 4939 state 1
[   30.646712] comm xinit pid 4960 state 1
[   30.646715] comm Xorg pid 4961 state 1
[   30.646719] comm xinitrc pid 5061 state 1
[   30.646722] comm windman pid 5065 state 1
[   30.646726] comm tinywm pid 5066 state 1
[   30.646729] comm windman pid 5067 state 1
[   30.646733] comm xterm pid 5068 state 1
[   30.646736] comm bash pid 5069 state 1
[   30.646740] comm windman pid 5071 state 1
[   30.646744] comm udevd pid 5269 state 1
[   30.646747] rq->curr == idle (init_task)
[   30.646748] state TASK_RUNNING
[   30.646751] proc in rq 0
[   30.646754] rq->nr_running rq->cfs.nr_running : 0 0
[   30.646758] rq->cfs.load.weight :  0
[   30.646760] ----------------^^^^CPU0^^^^^-----------------------
[   30.646762] rq->curr == THREAD (this messg)
[   30.646765] state TASK_RUNNING
[   30.646767] proc in rq 0
[   30.646771] rq->nr_running rq->cfs.nr_running : 1 1
[   30.646774] rq->cfs.load.weight :  1048576
[   30.646776] ----------------^^^^CPU1^^^^^-----------------------
