[    0.000000] Linux version 5.0.0+ (root@(none)) (gcc version 9.0.1 20190315 (experimental) (GCC)) #35 SMP Sun Mar 17 16:50:25 +05 2019
[    0.000000] Command line: BOOT_IMAGE=/boot/bzImage root=/dev/sda2 ro
[    0.000000] x86/fpu: Supporting XSAVE feature 0x001: 'x87 floating point registers'
[    0.000000] x86/fpu: Supporting XSAVE feature 0x002: 'SSE registers'
[    0.000000] x86/fpu: Supporting XSAVE feature 0x004: 'AVX registers'
[    0.000000] x86/fpu: xstate_offset[2]:  576, xstate_sizes[2]:  256
[    0.000000] x86/fpu: Enabled xstate features 0x7, context size is 832 bytes, using 'standard' format.
[    0.000000] BIOS-provided physical RAM map:
[    0.000000] BIOS-e820: [mem 0x0000000000000000-0x000000000009ffff] usable
[    0.000000] BIOS-e820: [mem 0x0000000000100000-0x000000009d0f7fff] usable
[    0.000000] BIOS-e820: [mem 0x000000009d0f8000-0x000000009d127fff] reserved
[    0.000000] BIOS-e820: [mem 0x000000009d128000-0x000000009d370fff] usable
[    0.000000] BIOS-e820: [mem 0x000000009d371000-0x000000009dc56fff] ACPI NVS
[    0.000000] BIOS-e820: [mem 0x000000009dc57000-0x000000009e959fff] reserved
[    0.000000] BIOS-e820: [mem 0x000000009e95a000-0x000000009e9cafff] type 20
[    0.000000] BIOS-e820: [mem 0x000000009e9cb000-0x000000009e9cbfff] usable
[    0.000000] BIOS-e820: [mem 0x000000009e9cc000-0x000000009e9d3fff] ACPI NVS
[    0.000000] BIOS-e820: [mem 0x000000009e9d4000-0x000000009eb24fff] usable
[    0.000000] BIOS-e820: [mem 0x000000009eb25000-0x000000009f041fff] reserved
[    0.000000] BIOS-e820: [mem 0x000000009f042000-0x000000009f080fff] usable
[    0.000000] BIOS-e820: [mem 0x000000009f081000-0x000000009f3f1fff] reserved
[    0.000000] BIOS-e820: [mem 0x000000009f3f2000-0x000000009f3fffff] usable
[    0.000000] BIOS-e820: [mem 0x00000000fec00000-0x00000000fec01fff] reserved
[    0.000000] BIOS-e820: [mem 0x00000000fec10000-0x00000000fec10fff] reserved
[    0.000000] BIOS-e820: [mem 0x00000000fed00000-0x00000000fed00fff] reserved
[    0.000000] BIOS-e820: [mem 0x00000000fed80000-0x00000000fed8ffff] reserved
[    0.000000] BIOS-e820: [mem 0x00000000ff000000-0x00000000ffffffff] reserved
[    0.000000] BIOS-e820: [mem 0x0000000100001000-0x000000013effffff] usable
[    0.000000] NX (Execute Disable) protection: active
[    0.000000] efi: EFI v2.31 by American Megatrends
[    0.000000] efi:  ACPI=0x9d3f3000  ACPI 2.0=0x9d3f3000  SMBIOS=0x9e958998 
[    0.000000] SMBIOS 2.7 present.
[    0.000000] DMI: ASUSTeK COMPUTER INC. X102BA/X102BA, BIOS X102BA.212 08/30/2013
[    0.000000] tsc: Fast TSC calibration using PIT
[    0.000000] tsc: Detected 998.046 MHz processor
[    0.000214] e820: update [mem 0x00000000-0x00000fff] usable ==> reserved
[    0.000219] e820: remove [mem 0x000a0000-0x000fffff] usable
[    0.000243] last_pfn = 0x13f000 max_arch_pfn = 0x400000000
[    0.000254] MTRR default type: uncachable
[    0.000255] MTRR fixed ranges enabled:
[    0.000259]   00000-9FFFF write-back
[    0.000261]   A0000-BFFFF write-through
[    0.000264]   C0000-DFFFF uncachable
[    0.000266]   E0000-FFFFF write-protect
[    0.000268] MTRR variable ranges enabled:
[    0.000272]   0 base 0000000000 mask FF80000000 write-back
[    0.000276]   1 base 0080000000 mask FFE0000000 write-back
[    0.000279]   2 base 009F400000 mask FFFFC00000 uncachable
[    0.000282]   3 base 009F800000 mask FFFF800000 uncachable
[    0.000284]   4 disabled
[    0.000285]   5 disabled
[    0.000286]   6 disabled
[    0.000287]   7 disabled
[    0.000289] TOM2: 000000013f000000 aka 5104M
[    0.000810] x86/PAT: Configuration [0-7]: WB  WC  UC- UC  WB  WP  UC- WT  
[    0.001080] e820: update [mem 0x9f400000-0xffffffff] usable ==> reserved
[    0.001094] last_pfn = 0x9f400 max_arch_pfn = 0x400000000
[    0.014289] check: Scanning 1 areas for low memory corruption
[    0.014300] Base memory trampoline at [(____ptrval____)] 99000 size 24576
[    0.014307] Using GB pages for direct mapping
[    0.014314] BRK [0x128e01000, 0x128e01fff] PGTABLE
[    0.014320] BRK [0x128e02000, 0x128e02fff] PGTABLE
[    0.014324] BRK [0x128e03000, 0x128e03fff] PGTABLE
[    0.014428] BRK [0x128e04000, 0x128e04fff] PGTABLE
[    0.014436] BRK [0x128e05000, 0x128e05fff] PGTABLE
[    0.014581] BRK [0x128e06000, 0x128e06fff] PGTABLE
[    0.015078] BRK [0x128e07000, 0x128e07fff] PGTABLE
[    0.015242] BRK [0x128e08000, 0x128e08fff] PGTABLE
[    0.015430] BRK [0x128e09000, 0x128e09fff] PGTABLE
[    0.015631] BRK [0x128e0a000, 0x128e0afff] PGTABLE
[    0.015793] BRK [0x128e0b000, 0x128e0bfff] PGTABLE
[    0.016005] BRK [0x128e0c000, 0x128e0cfff] PGTABLE
[    0.016423] Secure boot could not be determined
[    0.016439] ACPI: Early table checksum verification disabled
[    0.016447] ACPI: RSDP 0x000000009D3F3000 000024 (v02 _ASUS_)
[    0.016458] ACPI: XSDT 0x000000009D3F3088 000094 (v01 _ASUS_ Notebook 01072009 AMI  00010013)
[    0.016476] ACPI: FACP 0x000000009D400748 00010C (v05 _ASUS_ Notebook 01072009 AMI  00010013)
[    0.016491] ACPI BIOS Warning (bug): Optional FADT field Pm2ControlBlock has valid Length but zero Address: 0x0000000000000000/0x1 (20190215/tbfadt-615)
[    0.016504] ACPI: DSDT 0x000000009D3F31A8 00D59D (v02 _ASUS_ Notebook 00000000 INTL 20091112)
[    0.016515] ACPI: FACS 0x000000009DC4B080 000040
[    0.016522] ACPI: APIC 0x000000009D400858 00007E (v03 _ASUS_ Notebook 01072009 AMI  00010013)
[    0.016532] ACPI: FPDT 0x000000009D4008D8 000044 (v01 _ASUS_ Notebook 01072009 AMI  00010013)
[    0.016542] ACPI: ECDT 0x000000009D400920 0000C1 (v01 _ASUS_ Notebook 01072009 AMI. 00000005)
[    0.016551] ACPI: MCFG 0x000000009D4009E8 00003C (v01 _ASUS_ Notebook 01072009 MSFT 00010013)
[    0.016560] ACPI: HPET 0x000000009D400A28 000038 (v01 _ASUS_ Notebook 01072009 AMI  00000005)
[    0.016569] ACPI: VFCT 0x000000009D400A60 004684 (v01 _ASUS_ Notebook 00000001 AMD  31504F47)
[    0.016579] ACPI: BGRT 0x000000009D4050E8 000038 (v00 _ASUS_ Notebook 01072009 ASUS 00010013)
[    0.016588] ACPI: SSDT 0x000000009D405120 0005E0 (v01 AMD    AGESA    00000001 AMD  00000001)
[    0.016598] ACPI: SSDT 0x000000009D405700 0046D1 (v02 AMD    AGESA    00000002 MSFT 04000000)
[    0.016607] ACPI: CRAT 0x000000009D409DD8 000228 (v01 AMD    AGESA    00000001 AMD  00000001)
[    0.016616] ACPI: SSDT 0x000000009D40A000 001411 (v01 AMD    CPMDFIGP 00000001 INTL 20051117)
[    0.016626] ACPI: SSDT 0x000000009D40B418 0010E8 (v01 AMD    CPMCMN   00000001 INTL 20051117)
[    0.016635] ACPI: MSDM 0x000000009D127F98 000055 (v03 _ASUS_ Notebook 00000000 ASUS 00000001)
[    0.016662] ACPI: Local APIC address 0xfee00000
[    0.016921] No NUMA configuration found
[    0.016926] Faking a node at [mem 0x0000000000000000-0x000000013effffff]
[    0.016939] NODE_DATA(0) allocated [mem 0x13effb000-0x13effefff]
[    0.016992] Zone ranges:
[    0.016996]   DMA      [mem 0x0000000000001000-0x0000000000ffffff]
[    0.017001]   DMA32    [mem 0x0000000001000000-0x00000000ffffffff]
[    0.017005]   Normal   [mem 0x0000000100000000-0x000000013effffff]
[    0.017009] Movable zone start for each node
[    0.017012] Early memory node ranges
[    0.017015]   node   0: [mem 0x0000000000001000-0x000000000009ffff]
[    0.017019]   node   0: [mem 0x0000000000100000-0x000000009d0f7fff]
[    0.017022]   node   0: [mem 0x000000009d128000-0x000000009d370fff]
[    0.017025]   node   0: [mem 0x000000009e9cb000-0x000000009e9cbfff]
[    0.017028]   node   0: [mem 0x000000009e9d4000-0x000000009eb24fff]
[    0.017031]   node   0: [mem 0x000000009f042000-0x000000009f080fff]
[    0.017034]   node   0: [mem 0x000000009f3f2000-0x000000009f3fffff]
[    0.017037]   node   0: [mem 0x0000000100001000-0x000000013effffff]
[    0.017878] Zeroed struct page in unavailable ranges: 11138 pages
[    0.017885] Initmem setup node 0 [mem 0x0000000000001000-0x000000013effffff]
[    0.017894] On node 0 totalpages: 902270
[    0.017897]   DMA zone: 64 pages used for memmap
[    0.017898]   DMA zone: 23 pages reserved
[    0.017901]   DMA zone: 3999 pages, LIFO batch:0
[    0.018297]   DMA32 zone: 10004 pages used for memmap
[    0.018300]   DMA32 zone: 640224 pages, LIFO batch:63
[    0.086880]   Normal zone: 4032 pages used for memmap
[    0.086886]   Normal zone: 258047 pages, LIFO batch:63
[    0.111492] ACPI: PM-Timer IO Port: 0x808
[    0.111504] ACPI: Local APIC address 0xfee00000
[    0.111519] ACPI: LAPIC_NMI (acpi_id[0xff] high edge lint[0x1])
[    0.111535] IOAPIC[0]: apic_id 3, version 33, address 0xfec00000, GSI 0-23
[    0.111546] IOAPIC[1]: apic_id 4, version 33, address 0xfec01000, GSI 24-55
[    0.111552] ACPI: INT_SRC_OVR (bus 0 bus_irq 0 global_irq 2 dfl dfl)
[    0.111558] ACPI: INT_SRC_OVR (bus 0 bus_irq 9 global_irq 9 low level)
[    0.111562] ACPI: IRQ0 used by override.
[    0.111564] ACPI: IRQ9 used by override.
[    0.111569] Using ACPI (MADT) for SMP configuration information
[    0.111573] ACPI: HPET id: 0x10228210 base: 0xfed00000
[    0.111589] smpboot: Allowing 4 CPUs, 2 hotplug CPUs
[    0.111662] PM: Registered nosave memory: [mem 0x00000000-0x00000fff]
[    0.111669] PM: Registered nosave memory: [mem 0x000a0000-0x000fffff]
[    0.111676] PM: Registered nosave memory: [mem 0x9d0f8000-0x9d127fff]
[    0.111683] PM: Registered nosave memory: [mem 0x9d371000-0x9dc56fff]
[    0.111686] PM: Registered nosave memory: [mem 0x9dc57000-0x9e959fff]
[    0.111689] PM: Registered nosave memory: [mem 0x9e95a000-0x9e9cafff]
[    0.111696] PM: Registered nosave memory: [mem 0x9e9cc000-0x9e9d3fff]
[    0.111702] PM: Registered nosave memory: [mem 0x9eb25000-0x9f041fff]
[    0.111709] PM: Registered nosave memory: [mem 0x9f081000-0x9f3f1fff]
[    0.111716] PM: Registered nosave memory: [mem 0x9f400000-0xfebfffff]
[    0.111719] PM: Registered nosave memory: [mem 0xfec00000-0xfec01fff]
[    0.111722] PM: Registered nosave memory: [mem 0xfec02000-0xfec0ffff]
[    0.111725] PM: Registered nosave memory: [mem 0xfec10000-0xfec10fff]
[    0.111727] PM: Registered nosave memory: [mem 0xfec11000-0xfecfffff]
[    0.111730] PM: Registered nosave memory: [mem 0xfed00000-0xfed00fff]
[    0.111733] PM: Registered nosave memory: [mem 0xfed01000-0xfed7ffff]
[    0.111735] PM: Registered nosave memory: [mem 0xfed80000-0xfed8ffff]
[    0.111738] PM: Registered nosave memory: [mem 0xfed90000-0xfeffffff]
[    0.111741] PM: Registered nosave memory: [mem 0xff000000-0xffffffff]
[    0.111744] PM: Registered nosave memory: [mem 0x100000000-0x100000fff]
[    0.111750] [mem 0x9f400000-0xfebfffff] available for PCI devices
[    0.111761] clocksource: refined-jiffies: mask: 0xffffffff max_cycles: 0xffffffff, max_idle_ns: 19112604462750000 ns
[    0.617609] random: get_random_bytes called from start_kernel+0x8b/0x48f with crng_init=0
[    0.617645] setup_percpu: NR_CPUS:64 nr_cpumask_bits:64 nr_cpu_ids:4 nr_node_ids:1
[    0.618734] percpu: Embedded 43 pages/cpu @(____ptrval____) s137240 r8192 d30696 u524288
[    0.618772] pcpu-alloc: s137240 r8192 d30696 u524288 alloc=1*2097152
[    0.618775] pcpu-alloc: [0] 0 1 2 3 
[    0.618854] Built 1 zonelists, mobility grouping on.  Total pages: 888147
[    0.618858] Policy zone: Normal
[    0.618864] Kernel command line: BOOT_IMAGE=/boot/bzImage root=/dev/sda2 ro
[    0.683343] Memory: 3432304K/3609080K available (14357K kernel code, 1434K rwdata, 4404K rodata, 1256K init, 928K bss, 176776K reserved, 0K cma-reserved)
[    0.683550] SLUB: HWalign=64, Order=0-3, MinObjects=0, CPUs=4, Nodes=1
[    0.683777] rcu: Hierarchical RCU implementation.
[    0.683781] rcu: 	RCU event tracing is enabled.
[    0.683785] rcu: 	RCU restricting CPUs from NR_CPUS=64 to nr_cpu_ids=4.
[    0.683790] rcu: RCU calculated value of scheduler-enlistment delay is 10 jiffies.
[    0.683793] rcu: Adjusting geometry for rcu_fanout_leaf=16, nr_cpu_ids=4
[    0.684379] NR_IRQS: 4352, nr_irqs: 1000, preallocated irqs: 16
[    0.684939] Console: colour dummy device 80x25
[    0.685604] printk: console [tty0] enabled
[    0.685652] ACPI: Core revision 20190215
[    0.686460] clocksource: hpet: mask: 0xffffffff max_cycles: 0xffffffff, max_idle_ns: 133484873504 ns
[    0.686489] hpet clockevent registered
[    0.686501] APIC: Switch to symmetric I/O mode setup
[    0.687365] ..TIMER: vector=0x30 apic1=0 pin1=2 apic2=-1 pin2=-1
[    0.736509] clocksource: tsc-early: mask: 0xffffffffffffffff max_cycles: 0x1cc5c29001e, max_idle_ns: 881590491314 ns
[    0.736527] Calibrating delay loop (skipped), value calculated using timer frequency.. 1996.09 BogoMIPS (lpj=9980460)
[    0.736543] pid_max: default: 32768 minimum: 301
[    0.739043] LSM: Security Framework initializing
[    0.739077] SELinux:  Initializing.
[    0.739113] *** VALIDATE SELinux ***
[    0.741350] Dentry cache hash table entries: 524288 (order: 10, 4194304 bytes)
[    0.742523] Inode-cache hash table entries: 262144 (order: 9, 2097152 bytes)
[    0.742624] Mount-cache hash table entries: 8192 (order: 4, 65536 bytes)
[    0.742671] Mountpoint-cache hash table entries: 8192 (order: 4, 65536 bytes)
[    0.743057] *** VALIDATE proc ***
[    0.743147] *** VALIDATE cgroup1 ***
[    0.743157] *** VALIDATE cgroup2 ***
[    0.743215] mce: CPU supports 6 MCE banks
[    0.743246] LVT offset 1 assigned for vector 0xf9
[    0.743261] Last level iTLB entries: 4KB 512, 2MB 8, 4MB 4
[    0.743268] Last level dTLB entries: 4KB 512, 2MB 256, 4MB 128, 1GB 0
[    0.743278] Spectre V2 : Mitigation: Full AMD retpoline
[    0.743285] Spectre V2 : Spectre v2 / SpectreRSB mitigation: Filling RSB on context switch
[    0.743297] Speculative Store Bypass: Mitigation: Speculative Store Bypass disabled via prctl and seccomp
[    0.743880] Freeing SMP alternatives memory: 40K
[    0.756524] smpboot: CPU0: AMD A4-1200 APU with Radeon(TM) HD Graphics (family: 0x16, model: 0x0, stepping: 0x1)
[    0.756524] Performance Events: AMD PMU driver.
[    0.756524] ... version:                0
[    0.756524] ... bit width:              48
[    0.756524] ... generic registers:      4
[    0.756524] ... value mask:             0000ffffffffffff
[    0.756524] ... max period:             00007fffffffffff
[    0.756524] ... fixed-purpose events:   0
[    0.756524] ... event mask:             000000000000000f
[    0.756524] rcu: Hierarchical SRCU implementation.
[    0.756524] MCE: In-kernel MCE decoding enabled.
[    0.756524] smp: Bringing up secondary CPUs ...
[    0.756524] x86: Booting SMP configuration:
[    0.756524] .... node  #0, CPUs:      #1
[    0.756524] smp: Brought up 1 node, 2 CPUs
[    0.756524] smpboot: Max logical packages: 2
[    0.756524] smpboot: Total of 2 processors activated (3992.18 BogoMIPS)
[    0.756524] devtmpfs: initialized
[    0.756524] PM: Registering ACPI NVS region [mem 0x9d371000-0x9dc56fff] (9330688 bytes)
[    0.756524] PM: Registering ACPI NVS region [mem 0x9e9cc000-0x9e9d3fff] (32768 bytes)
[    0.756524] clocksource: jiffies: mask: 0xffffffff max_cycles: 0xffffffff, max_idle_ns: 19112604462750000 ns
[    0.756524] futex hash table entries: 1024 (order: 4, 65536 bytes)
[    0.756524] NET: Registered protocol family 16
[    0.756524] audit: initializing netlink subsys (disabled)
[    0.756524] audit: type=2000 audit(1552897105.060:1): state=initialized audit_enabled=0 res=1
[    0.756524] kworker/u8:0 (32) used greatest stack depth: 14608 bytes left
[    0.756524] cpuidle: using governor ladder
[    0.756524] cpuidle: using governor menu
[    0.756524] ACPI FADT declares the system doesn't support PCIe ASPM, so disable it
[    0.756524] ACPI: bus type PCI registered
[    0.756524] PCI: MMCONFIG for domain 0000 [bus 00-ff] at [mem 0xe0000000-0xefffffff] (base 0xe0000000)
[    0.756524] PCI: not using MMCONFIG
[    0.756524] PCI: Using configuration type 1 for base access
[    0.756524] PCI: Using configuration type 1 for extended access
[    0.767020] kworker/u8:0 (335) used greatest stack depth: 14144 bytes left
[    0.794190] HugeTLB registered 2.00 MiB page size, pre-allocated 0 pages
[    0.794750] ACPI: Added _OSI(Module Device)
[    0.794762] ACPI: Added _OSI(Processor Device)
[    0.794770] ACPI: Added _OSI(3.0 _SCP Extensions)
[    0.794778] ACPI: Added _OSI(Processor Aggregator Device)
[    0.794787] ACPI: Added _OSI(Linux-Dell-Video)
[    0.794795] ACPI: Added _OSI(Linux-Lenovo-NV-HDMI-Audio)
[    0.794804] ACPI: Added _OSI(Linux-HPI-Hybrid-Graphics)
[    0.831652] ACPI: 5 ACPI AML tables successfully acquired and loaded
[    0.834944] ACPI: EC: EC started
[    0.834953] ACPI: EC: interrupt blocked
[    0.837077] ACPI: \: Used as first EC
[    0.837089] ACPI: \: GPE=0x3, EC_CMD/EC_SC=0x66, EC_DATA=0x62
[    0.837097] ACPI: EC: Boot ECDT EC used to handle transactions
[    0.842167] ACPI: [Firmware Bug]: BIOS _OSI(Linux) query ignored
[    0.846774] ACPI: Interpreter enabled
[    0.846848] ACPI: (supports S0 S3 S4 S5)
[    0.846858] ACPI: Using IOAPIC for interrupt routing
[    0.846984] PCI: MMCONFIG for domain 0000 [bus 00-ff] at [mem 0xe0000000-0xefffffff] (base 0xe0000000)
[    0.847151] PCI: MMCONFIG at [mem 0xe0000000-0xefffffff] reserved in ACPI motherboard resources
[    0.847235] PCI: Using host bridge windows from ACPI; if necessary, use "pci=nocrs" and report a bug
[    0.848054] ACPI: Enabled 3 GPEs in block 00 to 1F
[    0.869002] ACPI: PCI Root Bridge [PCI0] (domain 0000 [bus 00-ff])
[    0.869035] acpi PNP0A08:00: _OSC: OS supports [ExtendedConfig ASPM ClockPM Segments MSI]
[    0.869663] acpi PNP0A08:00: _OSC: platform does not support [LTR]
[    0.870253] acpi PNP0A08:00: _OSC: OS now controls [PME AER PCIeCapability]
[    0.870266] acpi PNP0A08:00: FADT indicates ASPM is unsupported, using BIOS configuration
[    0.870854] PCI host bridge to bus 0000:00
[    0.870869] pci_bus 0000:00: root bus resource [io  0x0000-0x03af window]
[    0.870881] pci_bus 0000:00: root bus resource [io  0x03e0-0x0cf7 window]
[    0.870892] pci_bus 0000:00: root bus resource [io  0x03b0-0x03df window]
[    0.870903] pci_bus 0000:00: root bus resource [io  0x0d00-0xffff window]
[    0.870914] pci_bus 0000:00: root bus resource [mem 0x000a0000-0x000bffff window]
[    0.870926] pci_bus 0000:00: root bus resource [mem 0x000c0000-0x000dffff window]
[    0.870938] pci_bus 0000:00: root bus resource [mem 0xc0000000-0xffffffff window]
[    0.870950] pci_bus 0000:00: root bus resource [bus 00-ff]
[    0.870979] pci 0000:00:00.0: [1022:1536] type 00 class 0x060000
[    0.871262] pci 0000:00:01.0: [1002:9839] type 00 class 0x030000
[    0.871296] pci 0000:00:01.0: reg 0x10: [mem 0xc0000000-0xcfffffff 64bit pref]
[    0.871312] pci 0000:00:01.0: reg 0x18: [mem 0xd0000000-0xd07fffff 64bit pref]
[    0.871324] pci 0000:00:01.0: reg 0x20: [io  0xf000-0xf0ff]
[    0.871336] pci 0000:00:01.0: reg 0x24: [mem 0xfeb00000-0xfeb3ffff]
[    0.871348] pci 0000:00:01.0: reg 0x30: [mem 0xfeb40000-0xfeb5ffff pref]
[    0.871357] pci 0000:00:01.0: enabling Extended Tags
[    0.871389] pci 0000:00:01.0: BAR 0: assigned to efifb
[    0.871446] pci 0000:00:01.0: supports D1 D2
[    0.871451] pci 0000:00:01.0: PME# supported from D1 D2 D3hot
[    0.871679] pci 0000:00:01.1: [1002:9840] type 00 class 0x040300
[    0.871708] pci 0000:00:01.1: reg 0x10: [mem 0xfeb64000-0xfeb67fff 64bit]
[    0.871742] pci 0000:00:01.1: enabling Extended Tags
[    0.871812] pci 0000:00:01.1: supports D1 D2
[    0.872005] pci 0000:00:02.0: [1022:1538] type 00 class 0x060000
[    0.872239] pci 0000:00:02.2: [1022:1439] type 01 class 0x060400
[    0.872302] pci 0000:00:02.2: enabling Extended Tags
[    0.872386] pci 0000:00:02.2: PME# supported from D0 D3hot D3cold
[    0.872612] pci 0000:00:02.3: [1022:1439] type 01 class 0x060400
[    0.872674] pci 0000:00:02.3: enabling Extended Tags
[    0.872755] pci 0000:00:02.3: PME# supported from D0 D3hot D3cold
[    0.873010] pci 0000:00:10.0: [1022:7814] type 00 class 0x0c0330
[    0.873047] pci 0000:00:10.0: reg 0x10: [mem 0xfeb68000-0xfeb69fff 64bit]
[    0.873182] pci 0000:00:10.0: PME# supported from D0 D3hot D3cold
[    0.873417] pci 0000:00:11.0: [1022:7801] type 00 class 0x010601
[    0.873447] pci 0000:00:11.0: reg 0x10: [io  0xf140-0xf147]
[    0.873460] pci 0000:00:11.0: reg 0x14: [io  0xf130-0xf133]
[    0.873473] pci 0000:00:11.0: reg 0x18: [io  0xf120-0xf127]
[    0.873486] pci 0000:00:11.0: reg 0x1c: [io  0xf110-0xf113]
[    0.873498] pci 0000:00:11.0: reg 0x20: [io  0xf100-0xf10f]
[    0.873511] pci 0000:00:11.0: reg 0x24: [mem 0xfeb6f000-0xfeb6f3ff]
[    0.873582] pci 0000:00:11.0: PME# supported from D3hot
[    0.873786] pci 0000:00:12.0: [1022:7807] type 00 class 0x0c0310
[    0.873808] pci 0000:00:12.0: reg 0x10: [mem 0xfeb6e000-0xfeb6efff]
[    0.874062] pci 0000:00:12.2: [1022:7808] type 00 class 0x0c0320
[    0.874091] pci 0000:00:12.2: reg 0x10: [mem 0xfeb6d000-0xfeb6d0ff]
[    0.874189] pci 0000:00:12.2: supports D1 D2
[    0.874193] pci 0000:00:12.2: PME# supported from D0 D1 D2 D3hot D3cold
[    0.874407] pci 0000:00:13.0: [1022:7807] type 00 class 0x0c0310
[    0.874429] pci 0000:00:13.0: reg 0x10: [mem 0xfeb6c000-0xfeb6cfff]
[    0.874678] pci 0000:00:13.2: [1022:7808] type 00 class 0x0c0320
[    0.874707] pci 0000:00:13.2: reg 0x10: [mem 0xfeb6b000-0xfeb6b0ff]
[    0.874805] pci 0000:00:13.2: supports D1 D2
[    0.874809] pci 0000:00:13.2: PME# supported from D0 D1 D2 D3hot D3cold
[    0.875017] pci 0000:00:14.0: [1022:780b] type 00 class 0x0c0500
[    0.875271] pci 0000:00:14.2: [1022:780d] type 00 class 0x040300
[    0.875303] pci 0000:00:14.2: reg 0x10: [mem 0xfeb60000-0xfeb63fff 64bit]
[    0.875387] pci 0000:00:14.2: PME# supported from D0 D3hot D3cold
[    0.875581] pci 0000:00:14.3: [1022:780e] type 00 class 0x060100
[    0.875853] pci 0000:00:14.7: [1022:7813] type 00 class 0x080501
[    0.875880] pci 0000:00:14.7: reg 0x10: [mem 0xfeb6a000-0xfeb6a0ff 64bit]
[    0.876098] pci 0000:00:18.0: [1022:1530] type 00 class 0x060000
[    0.876312] pci 0000:00:18.1: [1022:1531] type 00 class 0x060000
[    0.876604] pci 0000:00:18.2: [1022:1532] type 00 class 0x060000
[    0.877015] pci 0000:00:18.3: [1022:1533] type 00 class 0x060000
[    0.877226] pci 0000:00:18.4: [1022:1534] type 00 class 0x060000
[    0.877429] pci 0000:00:18.5: [1022:1535] type 00 class 0x060000
[    0.877774] pci 0000:01:00.0: [168c:0032] type 00 class 0x028000
[    0.877832] pci 0000:01:00.0: reg 0x10: [mem 0xfea00000-0xfea7ffff 64bit]
[    0.877896] pci 0000:01:00.0: reg 0x30: [mem 0xfea80000-0xfea8ffff pref]
[    0.878031] pci 0000:01:00.0: supports D1 D2
[    0.878035] pci 0000:01:00.0: PME# supported from D0 D1 D2 D3hot D3cold
[    0.878302] pci 0000:00:02.2: PCI bridge to [bus 01]
[    0.878325] pci 0000:00:02.2:   bridge window [mem 0xfea00000-0xfeafffff]
[    0.878454] pci 0000:02:00.0: [10ec:8136] type 00 class 0x020000
[    0.878510] pci 0000:02:00.0: reg 0x10: [io  0xe000-0xe0ff]
[    0.878554] pci 0000:02:00.0: reg 0x18: [mem 0xd0804000-0xd0804fff 64bit pref]
[    0.878582] pci 0000:02:00.0: reg 0x20: [mem 0xd0800000-0xd0803fff 64bit pref]
[    0.878751] pci 0000:02:00.0: supports D1 D2
[    0.878756] pci 0000:02:00.0: PME# supported from D0 D1 D2 D3hot D3cold
[    0.879043] pci 0000:00:02.3: PCI bridge to [bus 02]
[    0.879061] pci 0000:00:02.3:   bridge window [io  0xe000-0xefff]
[    0.879072] pci 0000:00:02.3:   bridge window [mem 0xd0800000-0xd08fffff 64bit pref]
[    0.880647] ACPI: PCI Interrupt Link [LNKA] (IRQs 4 7 10 11 14 15) *0
[    0.880888] ACPI: PCI Interrupt Link [LNKB] (IRQs 4 7 10 11 14 15) *0
[    0.881132] ACPI: PCI Interrupt Link [LNKC] (IRQs 4 7 10 11 14 15) *0
[    0.881371] ACPI: PCI Interrupt Link [LNKD] (IRQs 4 7 10 11 14 15) *0
[    0.881575] ACPI: PCI Interrupt Link [LNKE] (IRQs 4 7 10 11 14 15) *0
[    0.881743] ACPI: PCI Interrupt Link [LNKF] (IRQs 4 7 10 11 14 15) *0
[    0.881911] ACPI: PCI Interrupt Link [LNKG] (IRQs 4 7 10 11 14 15) *0
[    0.882077] ACPI: PCI Interrupt Link [LNKH] (IRQs 4 7 10 11 14 15) *0
[    0.883116] ACPI: EC: interrupt unblocked
[    0.883139] ACPI: EC: event unblocked
[    0.883157] ACPI: \_SB_.PCI0.SBRG.EC0_: GPE=0x3, EC_CMD/EC_SC=0x66, EC_DATA=0x62
[    0.883170] ACPI: \_SB_.PCI0.SBRG.EC0_: Boot DSDT EC used to handle transactions and events
[    0.883473] pci 0000:00:01.0: vgaarb: setting as boot VGA device
[    0.883489] pci 0000:00:01.0: vgaarb: VGA device added: decodes=io+mem,owns=io+mem,locks=none
[    0.883514] pci 0000:00:01.0: vgaarb: bridge control possible
[    0.883523] vgaarb: loaded
[    0.883828] SCSI subsystem initialized
[    0.884013] libata version 3.00 loaded.
[    0.884101] ACPI: bus type USB registered
[    0.884176] usbcore: registered new interface driver usbfs
[    0.884213] usbcore: registered new interface driver hub
[    0.884268] usbcore: registered new device driver usb
[    0.884340] pps_core: LinuxPPS API ver. 1 registered
[    0.884349] pps_core: Software ver. 5.3.6 - Copyright 2005-2007 Rodolfo Giometti <giometti@linux.it>
[    0.884378] PTP clock support registered
[    0.884834] EDAC MC: Ver: 3.0.0
[    0.885167] Registered efivars operations
[    0.886755] Advanced Linux Sound Architecture Driver Initialized.
[    0.886980] PCI: Using ACPI for IRQ routing
[    0.895802] PCI: pci_cache_line_size set to 64 bytes
[    0.895915] e820: reserve RAM buffer [mem 0x9d0f8000-0x9fffffff]
[    0.895921] e820: reserve RAM buffer [mem 0x9d371000-0x9fffffff]
[    0.895926] e820: reserve RAM buffer [mem 0x9e9cc000-0x9fffffff]
[    0.895930] e820: reserve RAM buffer [mem 0x9eb25000-0x9fffffff]
[    0.895933] e820: reserve RAM buffer [mem 0x9f081000-0x9fffffff]
[    0.895936] e820: reserve RAM buffer [mem 0x9f400000-0x9fffffff]
[    0.895939] e820: reserve RAM buffer [mem 0x13f000000-0x13fffffff]
[    0.896691] NetLabel: Initializing
[    0.896691] NetLabel:  domain hash size = 128
[    0.896691] NetLabel:  protocols = UNLABELED CIPSOv4 CALIPSO
[    0.896691] NetLabel:  unlabeled traffic allowed by default
[    0.897533] hpet0: at MMIO 0xfed00000, IRQs 2, 8, 0
[    0.897554] hpet0: 3 comparators, 32-bit 14.318180 MHz counter
[    0.899702] clocksource: Switched to clocksource tsc-early
[    0.945333] VFS: Disk quotas dquot_6.6.0
[    0.945398] VFS: Dquot-cache hash table entries: 512 (order 0, 4096 bytes)
[    0.945484] *** VALIDATE hugetlbfs ***
[    0.945592] pnp: PnP ACPI init
[    0.945993] system 00:00: [mem 0xe0000000-0xefffffff] has been reserved
[    0.946030] system 00:00: Plug and Play ACPI device, IDs PNP0c01 (active)
[    0.946246] system 00:01: [mem 0xa0000000-0xbfffffff] has been reserved
[    0.946271] system 00:01: Plug and Play ACPI device, IDs PNP0c02 (active)
[    0.946452] system 00:02: Plug and Play ACPI device, IDs PNP0c02 (active)
[    0.946551] pnp 00:03: Plug and Play ACPI device, IDs PNP0b00 (active)
[    0.946736] system 00:04: [io  0x04d0-0x04d1] has been reserved
[    0.946766] system 00:04: Plug and Play ACPI device, IDs PNP0c02 (active)
[    0.946986] pnp 00:05: Plug and Play ACPI device, IDs ETD0108 SYN0a00 SYN0002 PNP0f03 PNP0f13 PNP0f12 (active)
[    0.947117] pnp 00:06: Plug and Play ACPI device, IDs ATK3001 PNP030b (active)
[    0.947852] system 00:07: [io  0x04d0-0x04d1] has been reserved
[    0.947866] system 00:07: [io  0x040b] has been reserved
[    0.947877] system 00:07: [io  0x04d6] has been reserved
[    0.947887] system 00:07: [io  0x0c00-0x0c01] has been reserved
[    0.947898] system 00:07: [io  0x0c14] has been reserved
[    0.947908] system 00:07: [io  0x0c50-0x0c51] has been reserved
[    0.947918] system 00:07: [io  0x0c52] has been reserved
[    0.947928] system 00:07: [io  0x0c6c] has been reserved
[    0.947938] system 00:07: [io  0x0c6f] has been reserved
[    0.947948] system 00:07: [io  0x0cd0-0x0cd1] has been reserved
[    0.947958] system 00:07: [io  0x0cd2-0x0cd3] has been reserved
[    0.947968] system 00:07: [io  0x0cd4-0x0cd5] has been reserved
[    0.947979] system 00:07: [io  0x0cd6-0x0cd7] has been reserved
[    0.947989] system 00:07: [io  0x0cd8-0x0cdf] has been reserved
[    0.947999] system 00:07: [io  0x0800-0x089f] has been reserved
[    0.948010] system 00:07: [io  0x0900-0x090f] has been reserved
[    0.948020] system 00:07: [io  0x0910-0x091f] has been reserved
[    0.948031] system 00:07: [io  0xfe00-0xfefe] has been reserved
[    0.948044] system 00:07: [mem 0xfec00000-0xfec00fff] could not be reserved
[    0.948056] system 00:07: [mem 0xfee00000-0xfee00fff] has been reserved
[    0.948067] system 00:07: [mem 0xfed80000-0xfed8ffff] has been reserved
[    0.948078] system 00:07: [mem 0xfed61000-0xfed70fff] has been reserved
[    0.948090] system 00:07: [mem 0xfec10000-0xfec10fff] has been reserved
[    0.948101] system 00:07: [mem 0xfed00000-0xfed00fff] could not be reserved
[    0.948113] system 00:07: [mem 0xff000000-0xffffffff] has been reserved
[    0.948139] system 00:07: Plug and Play ACPI device, IDs PNP0c02 (active)
[    0.949007] pnp: PnP ACPI: found 8 devices
[    0.959275] clocksource: acpi_pm: mask: 0xffffff max_cycles: 0xffffff, max_idle_ns: 2085701024 ns
[    0.959340] pci 0000:00:02.2: PCI bridge to [bus 01]
[    0.959360] pci 0000:00:02.2:   bridge window [mem 0xfea00000-0xfeafffff]
[    0.959378] pci 0000:00:02.3: PCI bridge to [bus 02]
[    0.959390] pci 0000:00:02.3:   bridge window [io  0xe000-0xefff]
[    0.959407] pci 0000:00:02.3:   bridge window [mem 0xd0800000-0xd08fffff 64bit pref]
[    0.959430] pci_bus 0000:00: resource 4 [io  0x0000-0x03af window]
[    0.959435] pci_bus 0000:00: resource 5 [io  0x03e0-0x0cf7 window]
[    0.959440] pci_bus 0000:00: resource 6 [io  0x03b0-0x03df window]
[    0.959444] pci_bus 0000:00: resource 7 [io  0x0d00-0xffff window]
[    0.959449] pci_bus 0000:00: resource 8 [mem 0x000a0000-0x000bffff window]
[    0.959454] pci_bus 0000:00: resource 9 [mem 0x000c0000-0x000dffff window]
[    0.959458] pci_bus 0000:00: resource 10 [mem 0xc0000000-0xffffffff window]
[    0.959463] pci_bus 0000:01: resource 1 [mem 0xfea00000-0xfeafffff]
[    0.959468] pci_bus 0000:02: resource 0 [io  0xe000-0xefff]
[    0.959472] pci_bus 0000:02: resource 2 [mem 0xd0800000-0xd08fffff 64bit pref]
[    0.959730] NET: Registered protocol family 2
[    0.960202] tcp_listen_portaddr_hash hash table entries: 2048 (order: 3, 32768 bytes)
[    0.960265] TCP established hash table entries: 32768 (order: 6, 262144 bytes)
[    0.960499] TCP bind hash table entries: 32768 (order: 7, 524288 bytes)
[    0.960748] TCP: Hash tables configured (established 32768 bind 32768)
[    0.960913] UDP hash table entries: 2048 (order: 4, 65536 bytes)
[    0.960972] UDP-Lite hash table entries: 2048 (order: 4, 65536 bytes)
[    0.961149] NET: Registered protocol family 1
[    0.961562] RPC: Registered named UNIX socket transport module.
[    0.961573] RPC: Registered udp transport module.
[    0.961580] RPC: Registered tcp transport module.
[    0.961587] RPC: Registered tcp NFSv4.1 backchannel transport module.
[    0.961960] pci 0000:00:01.0: Video device with shadowed ROM at [mem 0x000c0000-0x000dffff]
[    0.962541] pci 0000:00:12.0: enabling device (0000 -> 0002)
[    0.963140] pci 0000:00:12.2: PME# does not work under D3, disabling it
[    0.963163] pci 0000:00:13.0: enabling device (0000 -> 0002)
[    0.963977] pci 0000:00:13.2: PME# does not work under D3, disabling it
[    0.964072] PCI: CLS 64 bytes, default 64
[    0.964206] PCI-DMA: Using software bounce buffering for IO (SWIOTLB)
[    0.964219] software IO TLB: mapped [mem 0x97989000-0x9b989000] (64MB)
[    0.964408] amd_uncore: AMD NB counters detected
[    0.964425] amd_uncore: AMD LLC counters detected
[    0.964513] LVT offset 0 assigned for vector 0x400
[    0.964569] perf: AMD IBS detected (0x000000ff)
[    0.964589] kvm: no hardware support
[    0.964694] kvm: Nested Virtualization enabled
[    0.964706] kvm: Nested Paging enabled
[    0.965784] check: Scanning for low memory corruption every 60 seconds
[    0.968186] Initialise system trusted keyrings
[    0.968599] workingset: timestamp_bits=56 max_order=20 bucket_order=0
[    0.977484] fuse init (API version 7.29)
[    0.983446] Key type asymmetric registered
[    0.983465] Asymmetric key parser 'x509' registered
[    0.983520] Block layer SCSI generic (bsg) driver version 0.4 loaded (major 249)
[    0.983533] io scheduler mq-deadline registered
[    0.983541] io scheduler kyber registered
[    0.984378] pcieport 0000:00:02.2: Signaling PME with IRQ 25
[    0.985016] pcieport 0000:00:02.3: Signaling PME with IRQ 27
[    0.985739] uvesafb: failed to execute /sbin/v86d
[    0.985752] uvesafb: make sure that the v86d helper is installed and executable
[    0.985764] uvesafb: Getting VBE info block failed (eax=0x4f00, err=-2)
[    0.985772] uvesafb: vbe_init() failed with -22
[    0.985788] uvesafb: probe of uvesafb.0 failed with error -22
[    0.985844] efifb: probing for efifb
[    0.985889] efifb: framebuffer at 0xc0000000, using 4224k, total 4224k
[    0.985899] efifb: mode is 1366x768x32, linelength=5632, pages=1
[    0.985906] efifb: scrolling: redraw
[    0.985915] efifb: Truecolor: size=8:8:8:8, shift=24:16:8:0
[    0.996530] Console: switching to colour frame buffer device 170x48
[    1.005938] fb0: EFI VGA frame buffer device
[    1.006411] ACPI: AC Adapter [AC0] (off-line)
[    1.006680] input: Power Button as /devices/LNXSYSTM:00/LNXSYBUS:00/PNP0C0C:00/input/input0
[    1.006833] ACPI: Power Button [PWRB]
[    1.007024] input: Lid Switch as /devices/LNXSYSTM:00/LNXSYBUS:00/PNP0C0D:00/input/input1
[    1.007168] ACPI: Lid Switch [LID]
[    1.007337] input: Sleep Button as /devices/LNXSYSTM:00/LNXSYBUS:00/PNP0C0E:00/input/input2
[    1.007502] ACPI: Sleep Button [SLPB]
[    1.007682] input: Power Button as /devices/LNXSYSTM:00/LNXPWRBN:00/input/input3
[    1.007820] ACPI: Power Button [PWRF]
[    1.011619] thermal LNXTHERM:00: registered as thermal_zone0
[    1.011727] ACPI: Thermal Zone [THRM] (42 C)
[    1.012048] Serial: 8250/16550 driver, 4 ports, IRQ sharing enabled
[    1.013790] Non-volatile memory driver v1.3
[    1.013950] Linux agpgart interface v0.103
[    1.021128] loop: module loaded
[    1.021455] ahci 0000:00:11.0: version 3.0
[    1.021887] ahci 0000:00:11.0: AHCI 0001.0300 32 slots 2 ports 6 Gbps 0x3 impl SATA mode
[    1.022027] ahci 0000:00:11.0: flags: 64bit ncq sntf ilck pm led clo pmp pio slum part 
[    1.026090] scsi host0: ahci
[    1.029861] scsi host1: ahci
[    1.033229] ata1: SATA max UDMA/133 abar m1024@0xfeb6f000 port 0xfeb6f100 irq 28
[    1.036449] ata2: SATA max UDMA/133 abar m1024@0xfeb6f000 port 0xfeb6f180 irq 28
[    1.040082] tun: Universal TUN/TAP device driver, 1.6
[    1.043724] e1000: Intel(R) PRO/1000 Network Driver - version 7.3.21-k8-NAPI
[    1.046932] e1000: Copyright (c) 1999-2006 Intel Corporation.
[    1.050156] e1000e: Intel(R) PRO/1000 Network Driver - 3.2.6-k
[    1.053306] e1000e: Copyright(c) 1999 - 2015 Intel Corporation.
[    1.056551] sky2: driver version 1.30
[    1.060746] libphy: r8169: probed
[    1.064208] r8169 0000:02:00.0 eth0: RTL8105e, 74:d0:2b:a3:a6:42, XID 40a, IRQ 30
[    1.067608] ath9k 0000:01:00.0: enabling device (0000 -> 0002)
[    1.071165] ath: phy0: Disable PLL PowerSave
[    1.081987] ath: phy0: ASPM enabled: 0x442
[    1.085166] ath: EEPROM regdomain: 0x60
[    1.085168] ath: EEPROM indicates we should expect a direct regpair map
[    1.085174] ath: Country alpha2 being used: 00
[    1.085175] ath: Regpair used: 0x60
[    1.087634] ieee80211 phy0: Selected rate control algorithm 'minstrel_ht'
[    1.088224] ieee80211 phy0: Atheros AR9485 Rev:1 mem=0xffffb4f442400000, irq=31
[    1.091824] ehci_hcd: USB 2.0 'Enhanced' Host Controller (EHCI) Driver
[    1.095080] ehci-pci: EHCI PCI platform driver
[    1.098618] ehci-pci 0000:00:12.2: EHCI Host Controller
[    1.102002] ehci-pci 0000:00:12.2: new USB bus registered, assigned bus number 1
[    1.105540] ehci-pci 0000:00:12.2: applying AMD SB700/SB800/Hudson-2/3 EHCI dummy qh workaround
[    1.108862] ehci-pci 0000:00:12.2: debug port 1
[    1.112378] ehci-pci 0000:00:12.2: irq 17, io mem 0xfeb6d000
[    1.143562] ehci-pci 0000:00:12.2: USB 2.0 started, EHCI 1.00
[    1.146907] usb usb1: New USB device found, idVendor=1d6b, idProduct=0002, bcdDevice= 5.00
[    1.150168] usb usb1: New USB device strings: Mfr=3, Product=2, SerialNumber=1
[    1.153471] usb usb1: Product: EHCI Host Controller
[    1.156681] usb usb1: Manufacturer: Linux 5.0.0+ ehci_hcd
[    1.159842] usb usb1: SerialNumber: 0000:00:12.2
[    1.163368] hub 1-0:1.0: USB hub found
[    1.166437] hub 1-0:1.0: 4 ports detected
[    1.171558] ehci-pci 0000:00:13.2: EHCI Host Controller
[    1.174698] ehci-pci 0000:00:13.2: new USB bus registered, assigned bus number 2
[    1.177654] ehci-pci 0000:00:13.2: applying AMD SB700/SB800/Hudson-2/3 EHCI dummy qh workaround
[    1.180616] ehci-pci 0000:00:13.2: debug port 1
[    1.183582] ehci-pci 0000:00:13.2: irq 17, io mem 0xfeb6b000
[    1.213572] ehci-pci 0000:00:13.2: USB 2.0 started, EHCI 1.00
[    1.216585] usb usb2: New USB device found, idVendor=1d6b, idProduct=0002, bcdDevice= 5.00
[    1.219512] usb usb2: New USB device strings: Mfr=3, Product=2, SerialNumber=1
[    1.222448] usb usb2: Product: EHCI Host Controller
[    1.225405] usb usb2: Manufacturer: Linux 5.0.0+ ehci_hcd
[    1.228303] usb usb2: SerialNumber: 0000:00:13.2
[    1.231598] hub 2-0:1.0: USB hub found
[    1.234437] hub 2-0:1.0: 4 ports detected
[    1.239254] ohci_hcd: USB 1.1 'Open' Host Controller (OHCI) Driver
[    1.242125] ohci-pci: OHCI PCI platform driver
[    1.245289] ohci-pci 0000:00:12.0: OHCI PCI host controller
[    1.248332] ohci-pci 0000:00:12.0: new USB bus registered, assigned bus number 3
[    1.251277] ohci-pci 0000:00:12.0: irq 18, io mem 0xfeb6e000
[    1.327756] usb usb3: New USB device found, idVendor=1d6b, idProduct=0001, bcdDevice= 5.00
[    1.330717] usb usb3: New USB device strings: Mfr=3, Product=2, SerialNumber=1
[    1.333618] usb usb3: Product: OHCI PCI host controller
[    1.335181] battery: ACPI: Battery Slot [BAT0] (battery present)
[    1.336496] usb usb3: Manufacturer: Linux 5.0.0+ ohci_hcd
[    1.342321] usb usb3: SerialNumber: 0000:00:12.0
[    1.345636] hub 3-0:1.0: USB hub found
[    1.348499] hub 3-0:1.0: 4 ports detected
[    1.353492] ohci-pci 0000:00:13.0: OHCI PCI host controller
[    1.356500] ohci-pci 0000:00:13.0: new USB bus registered, assigned bus number 4
[    1.359388] ohci-pci 0000:00:13.0: irq 18, io mem 0xfeb6c000
[    1.380011] ata2: SATA link down (SStatus 0 SControl 300)
[    1.434130] usb usb4: New USB device found, idVendor=1d6b, idProduct=0001, bcdDevice= 5.00
[    1.437042] usb usb4: New USB device strings: Mfr=3, Product=2, SerialNumber=1
[    1.439929] usb usb4: Product: OHCI PCI host controller
[    1.442760] usb usb4: Manufacturer: Linux 5.0.0+ ohci_hcd
[    1.445602] usb usb4: SerialNumber: 0000:00:13.0
[    1.448894] hub 4-0:1.0: USB hub found
[    1.451705] hub 4-0:1.0: 4 ports detected
[    1.456432] uhci_hcd: USB Universal Host Controller Interface driver
[    1.459317] usbcore: registered new interface driver usblp
[    1.462299] usbcore: registered new interface driver usb-storage
[    1.465138] usbcore: registered new interface driver ch341
[    1.467890] usbserial: USB Serial support registered for ch341-uart
[    1.470794] i8042: PNP: PS/2 Controller [PNP030b:PS2K,PNP0f03:PS2M] at 0x60,0x64 irq 1,12
[    1.475613] i8042: Detected active multiplexing controller, rev 1.1
[    1.479136] serio: i8042 KBD port at 0x60,0x64 irq 1
[    1.481983] serio: i8042 AUX0 port at 0x60,0x64 irq 12
[    1.484868] serio: i8042 AUX1 port at 0x60,0x64 irq 12
[    1.487713] serio: i8042 AUX2 port at 0x60,0x64 irq 12
[    1.490546] serio: i8042 AUX3 port at 0x60,0x64 irq 12
[    1.493723] mousedev: PS/2 mouse device common for all mice
[    1.497095] rtc_cmos 00:03: RTC can wake from S4
[    1.500004] rtc_cmos 00:03: registered as rtc0
[    1.502672] rtc_cmos 00:03: alarms up to one month, y3k, 114 bytes nvram, hpet irqs
[    1.505692] device-mapper: ioctl: 4.40.0-ioctl (2019-01-18) initialised: dm-devel@redhat.com
[    1.508573] intel_pstate: CPU ID not supported
[    1.511357] EFI Variables Facility v0.08 2004-May-17
[    1.521803] hidraw: raw HID events driver (C) Jiri Kosina
[    1.525537] usbcore: registered new interface driver usbhid
[    1.528366] usbhid: USB HID core driver
[    1.534723] snd_hda_intel 0000:00:01.1: enabling device (0000 -> 0002)
[    1.537775] input: AT Translated Set 2 keyboard as /devices/platform/i8042/serio0/input/input4
[    1.537848] snd_hda_intel 0000:00:01.1: Force to non-snoop mode
[    1.547253] Initializing XFRM netlink socket
[    1.550530] NET: Registered protocol family 10
[    1.554094] Segment Routing with IPv6
[    1.556991] sit: IPv6, IPv4 and MPLS over IPv4 tunneling driver
[    1.560175] NET: Registered protocol family 17
[    1.563471] ata1: SATA link up 6.0 Gbps (SStatus 133 SControl 300)
[    1.566339] microcode: CPU0: patch_level=0x0700010b
[    1.566350] microcode: CPU1: patch_level=0x0700010b
[    1.572601] microcode: Microcode Update Driver: v2.2.
[    1.572643] snd_hda_codec_generic hdaudioC0D0: autoconfig for Generic: line_outs=0 (0x0/0x0/0x0/0x0/0x0) type:line
[    1.572648] sched_clock: Marking stable (1570796636, 1667383)->(1699247457, -126783438)
[    1.573195] registered taskstats version 1
[    1.575457] snd_hda_codec_generic hdaudioC0D0:    speaker_outs=0 (0x0/0x0/0x0/0x0/0x0)
[    1.578368] Loading compiled-in X.509 certificates
[    1.581270] snd_hda_codec_generic hdaudioC0D0:    hp_outs=0 (0x0/0x0/0x0/0x0/0x0)
[    1.581274] snd_hda_codec_generic hdaudioC0D0:    mono: mono_out=0x0
[    1.581278] snd_hda_codec_generic hdaudioC0D0:    dig-out=0x3/0x0
[    1.581281] snd_hda_codec_generic hdaudioC0D0:    inputs:
[    1.602512] input: HDA ATI HDMI HDMI as /devices/pci0000:00/0000:00:01.1/sound/card0/input6
[    1.602862] ata1.00: ATA-8: KINGSTON SV300S37A120G, 603ABBF0, max UDMA/133
[    1.608604] ata1.00: 234441648 sectors, multi 1: LBA48 NCQ (depth 32), AA
[    1.612279] random: fast init done
[    1.616458] acpi_cpufreq: overriding BIOS provided _PSD data
[    1.620242] cfg80211: Loading compiled-in X.509 certificates for regulatory database
[    1.624500] snd_hda_codec_realtek hdaudioC1D0: autoconfig for ALC3229: line_outs=1 (0x14/0x0/0x0/0x0/0x0) type:speaker
[    1.625070] cfg80211: Loaded X.509 cert 'sforshee: 00b28ddf47aef9cea7'
[    1.627717] snd_hda_codec_realtek hdaudioC1D0:    speaker_outs=0 (0x0/0x0/0x0/0x0/0x0)
[    1.627723] snd_hda_codec_realtek hdaudioC1D0:    hp_outs=1 (0x21/0x0/0x0/0x0/0x0)
[    1.627727] snd_hda_codec_realtek hdaudioC1D0:    mono: mono_out=0x0
[    1.631119] ata1.00: configured for UDMA/133
[    1.634317] snd_hda_codec_realtek hdaudioC1D0:    inputs:
[    1.638073] scsi 0:0:0:0: Direct-Access     ATA      KINGSTON SV300S3 BBF0 PQ: 0 ANSI: 5
[    1.641040] snd_hda_codec_realtek hdaudioC1D0:      Mic=0x19
[    1.654923] platform regulatory.0: Direct firmware load for regulatory.db failed with error -2
[    1.658584] cfg80211: failed to load regulatory.db
[    1.662173] ALSA device list:
[    1.665594]   #0: HDA ATI HDMI at 0xfeb64000 irq 33
[    1.670776] sd 0:0:0:0: Attached scsi generic sg0 type 0
[    1.670856] sd 0:0:0:0: [sda] 234441648 512-byte logical blocks: (120 GB/112 GiB)
[    1.679940] sd 0:0:0:0: [sda] Write Protect is off
[    1.683379] sd 0:0:0:0: [sda] Mode Sense: 00 3a 00 00
[    1.683465] sd 0:0:0:0: [sda] Write cache: enabled, read cache: enabled, doesn't support DPO or FUA
[    1.687035] sd 0:0:0:0: [sda] Optimal transfer size 0 bytes < PAGE_SIZE (4096 bytes)
[    1.694189]  sda: sda1 sda2 sda3 sda4 sda5 sda6
[    1.700001] sd 0:0:0:0: [sda] Attached SCSI disk
[    1.708035] input: HD-Audio Generic Headphone as /devices/pci0000:00/0000:00:14.2/sound/card1/input14
[    1.896751] usb 4-1: new full-speed USB device number 2 using ohci-pci
[    2.046730] tsc: Refined TSC clocksource calibration: 998.127 MHz
[    2.050316] clocksource: tsc: mask: 0xffffffffffffffff max_cycles: 0x1cc65b93289, max_idle_ns: 881590487074 ns
[    2.054003] clocksource: Switched to clocksource tsc
[    2.191892] usb 4-1: New USB device found, idVendor=03eb, idProduct=843d, bcdDevice=20.01
[    2.195687] usb 4-1: New USB device strings: Mfr=1, Product=2, SerialNumber=0
[    2.199492] usb 4-1: Product: Atmel maXTouch Digitizer
[    2.203190] usb 4-1: Manufacturer: Atmel
[    2.223029] input: Atmel Atmel maXTouch Digitizer Touchscreen as /devices/pci0000:00/0000:00:13.0/usb4/4-1/4-1:1.0/0003:03EB:843D.0001/input/input15
[    2.227218] input: Atmel Atmel maXTouch Digitizer as /devices/pci0000:00/0000:00:13.0/usb4/4-1/4-1:1.0/0003:03EB:843D.0001/input/input16
[    2.231486] hid-generic 0003:03EB:843D.0001: input,hiddev96,hidraw0: USB HID v1.11 Device [Atmel Atmel maXTouch Digitizer] on usb-0000:00:13.0-1/input0
[    2.243800] hid-generic 0003:03EB:843D.0002: hiddev97,hidraw1: USB HID v1.11 Device [Atmel Atmel maXTouch Digitizer] on usb-0000:00:13.0-1/input1
[    2.349891] input: PS/2 Logitech Wheel Mouse as /devices/platform/i8042/serio4/input/input13
[    2.356928] md: Waiting for all devices to be available before autodetect
[    2.361021] md: If you don't use raid, use raid=noautodetect
[    2.365596] md: Autodetecting RAID arrays.
[    2.369672] md: autorun ...
[    2.373629] md: ... autorun DONE.
[    2.383058] EXT4-fs (sda2): mounted filesystem with ordered data mode. Opts: (null)
[    2.387146] VFS: Mounted root (ext4 filesystem) readonly on device 8:2.
[    2.392743] devtmpfs: mounted
[    2.397580] Freeing unused kernel image memory: 1256K
[    2.426738] Write protecting the kernel read-only data: 22528k
[    2.432202] Freeing unused kernel image memory: 1984K
[    2.437345] Freeing unused kernel image memory: 1740K
[    2.441162] Run /sbin/init as init process
[    2.487742] stty (1784) used greatest stack depth: 13832 bytes left
[    2.553481] mountpoint (1791) used greatest stack depth: 13792 bytes left
[    2.575811] sed (1798) used greatest stack depth: 13624 bytes left
[    2.718713] ip (1842) used greatest stack depth: 12688 bytes left
[    2.807641] udevd[1872]: starting version 3.2.1
[    2.817732] random: udevd: uninitialized urandom read (16 bytes read)
[    2.822381] random: udevd: uninitialized urandom read (16 bytes read)
[    2.826857] random: udevd: uninitialized urandom read (16 bytes read)
[    2.843546] udevd[1873]: starting eudev-3.2.1
[    2.906697] usb 4-2: new full-speed USB device number 3 using ohci-pci
[    3.125131] ath9k 0000:01:00.0 wlp1s0: renamed from wlan0
[    3.179705] usb 4-2: New USB device found, idVendor=13d3, idProduct=3362, bcdDevice= 0.01
[    3.183836] usb 4-2: New USB device strings: Mfr=1, Product=2, SerialNumber=3
[    3.187936] usb 4-2: Product: Bluetooth USB Host Controller
[    3.191986] usb 4-2: Manufacturer: Atheros Communications
[    3.195950] usb 4-2: SerialNumber: Alaska Day 2006
[    3.199877] r8169 0000:02:00.0 enp2s0: renamed from eth0
[    3.204716] [drm] radeon kernel modesetting enabled.
[    3.210639] checking generic (c0000000 420000) vs hw (c0000000 10000000)
[    3.210644] fb0: switching to radeondrmfb from EFI VGA
[    3.215258] Console: switching to colour dummy device 80x25
[    3.216697] radeon 0000:00:01.0: vgaarb: deactivate vga console
[    3.224584] [drm] initializing kernel modesetting (KABINI 0x1002:0x9839 0x1043:0x141D 0x00).
[    3.224655] [drm] doorbell mmio base: 0xD0000000
[    3.224663] [drm] doorbell mmio size: 8388608
[    3.224694] ATOM BIOS: AMD
[    3.224767] [drm] Changing default dispclk from 400Mhz to 600Mhz
[    3.224810] radeon 0000:00:01.0: VRAM: 512M 0x0000000000000000 - 0x000000001FFFFFFF (512M used)
[    3.224825] radeon 0000:00:01.0: GTT: 2048M 0x0000000020000000 - 0x000000009FFFFFFF
[    3.224845] [drm] Detected VRAM RAM=512M, BAR=256M
[    3.224852] [drm] RAM width 128bits DDR
[    3.239325] [TTM] Zone  kernel: Available graphics memory: 1729584 kiB
[    3.239345] [TTM] Initializing pool allocator
[    3.239372] [TTM] Initializing DMA pool allocator
[    3.239434] [drm] radeon: 512M of VRAM memory ready
[    3.239444] [drm] radeon: 2048M of GTT memory ready.
[    3.239489] [drm] Loading kabini Microcode
[    3.275156] [drm] Internal thermal controller without fan control
[    3.276510] [drm] radeon: dpm initialized
[    3.277654] [drm] Found UVD firmware Version: 1.64 Family ID: 9
[    3.284702] [drm] Found VCE firmware/feedback version 40.2.2 / 15!
[    3.284761] [drm] GART: num cpu pages 524288, num gpu pages 524288
[    3.321178] [drm] PCIE GART of 2048M enabled (table at 0x000000000030E000).
[    3.329319] radeon 0000:00:01.0: WB enabled
[    3.329376] radeon 0000:00:01.0: fence driver on ring 0 use gpu addr 0x0000000020000c00 and cpu addr 0x(____ptrval____)
[    3.329393] radeon 0000:00:01.0: fence driver on ring 1 use gpu addr 0x0000000020000c04 and cpu addr 0x(____ptrval____)
[    3.329407] radeon 0000:00:01.0: fence driver on ring 2 use gpu addr 0x0000000020000c08 and cpu addr 0x(____ptrval____)
[    3.329421] radeon 0000:00:01.0: fence driver on ring 3 use gpu addr 0x0000000020000c0c and cpu addr 0x(____ptrval____)
[    3.329435] radeon 0000:00:01.0: fence driver on ring 4 use gpu addr 0x0000000020000c10 and cpu addr 0x(____ptrval____)
[    3.330366] radeon 0000:00:01.0: fence driver on ring 5 use gpu addr 0x0000000000078d30 and cpu addr 0x(____ptrval____)
[    3.330756] radeon 0000:00:01.0: fence driver on ring 6 use gpu addr 0x0000000020000c18 and cpu addr 0x(____ptrval____)
[    3.330774] radeon 0000:00:01.0: fence driver on ring 7 use gpu addr 0x0000000020000c1c and cpu addr 0x(____ptrval____)
[    3.330789] [drm] Supports vblank timestamp caching Rev 2 (21.10.2013).
[    3.330796] [drm] Driver supports precise vblank timestamp query.
[    3.330907] radeon 0000:00:01.0: radeon: using MSI.
[    3.330969] [drm] radeon: irq initialized.
[    3.334807] [drm] ring test on 0 succeeded in 4 usecs
[    3.334923] [drm] ring test on 1 succeeded in 3 usecs
[    3.334963] [drm] ring test on 2 succeeded in 4 usecs
[    3.335285] [drm] ring test on 3 succeeded in 6 usecs
[    3.335302] [drm] ring test on 4 succeeded in 5 usecs
[    3.381502] [drm] ring test on 5 succeeded in 2 usecs
[    3.416608] [drm] UVD initialized successfully.
[    3.526567] usb 2-3: new high-speed USB device number 4 using ehci-pci
[    3.531426] [drm] ring test on 6 succeeded in 20 usecs
[    3.531457] [drm] ring test on 7 succeeded in 3 usecs
[    3.531464] [drm] VCE initialized successfully.
[    3.533261] [drm] ib test on ring 0 succeeded in 0 usecs
[    3.533538] [drm] ib test on ring 1 succeeded in 0 usecs
[    3.533811] [drm] ib test on ring 2 succeeded in 0 usecs
[    3.534105] [drm] ib test on ring 3 succeeded in 0 usecs
[    3.534393] [drm] ib test on ring 4 succeeded in 0 usecs
[    3.555587] [drm] ib test on ring 5 succeeded
[    3.577076] [drm] ib test on ring 6 succeeded
[    3.578125] [drm] ib test on ring 7 succeeded
[    3.626662] [drm] radeon atom DIG backlight initialized
[    3.626687] [drm] Radeon Display Connectors
[    3.626694] [drm] Connector 0:
[    3.626700] [drm]   LVDS-1
[    3.626706] [drm]   HPD1
[    3.626715] [drm]   DDC: 0x6530 0x6530 0x6534 0x6534 0x6538 0x6538 0x653c 0x653c
[    3.626724] [drm]   Encoders:
[    3.626730] [drm]     LCD1: INTERNAL_UNIPHY
[    3.626736] [drm] Connector 1:
[    3.626742] [drm]   HDMI-A-1
[    3.626747] [drm]   HPD2
[    3.626755] [drm]   DDC: 0x6540 0x6540 0x6544 0x6544 0x6548 0x6548 0x654c 0x654c
[    3.626763] [drm]   Encoders:
[    3.626769] [drm]     DFP1: INTERNAL_UNIPHY
[    3.626775] [drm] Connector 2:
[    3.626781] [drm]   VGA-1
[    3.626788] [drm]   DDC: 0x65c0 0x65c0 0x65c4 0x65c4 0x65c8 0x65c8 0x65cc 0x65cc
[    3.626797] [drm]   Encoders:
[    3.626803] [drm]     CRT1: INTERNAL_KLDSCP_DAC1
[    3.760909] usb 2-3: New USB device found, idVendor=04f2, idProduct=b404, bcdDevice=69.63
[    3.760933] usb 2-3: New USB device strings: Mfr=3, Product=1, SerialNumber=2
[    3.760944] usb 2-3: Product: USB2.0 HD UVC WebCam
[    3.760953] usb 2-3: Manufacturer: Chicony Electronics Co.,Ltd.
[    3.760962] usb 2-3: SerialNumber: 0x0001
[    4.678887] [drm] fb mappable at 0xC0722000
[    4.678904] [drm] vram apper at 0xC0000000
[    4.678911] [drm] size 4325376
[    4.678917] [drm] fb depth is 24
[    4.678923] [drm]    pitch is 5632
[    4.679245] fbcon: radeondrmfb (fb0) is primary device
[    4.787008] Console: switching to colour frame buffer device 170x48
[    4.797345] radeon 0000:00:01.0: fb0: radeondrmfb frame buffer device
[    4.845590] [drm] Initialized radeon 2.50.0 20080528 for 0000:00:01.0 on minor 0
[    4.921905] Adding 3608572k swap on /dev/sda4.  Priority:1 extents:1 across:3608572k SS
[    4.972450] EXT4-fs (sda2): re-mounted. Opts: (null)
[    5.066143] EXT4-fs (sda2): re-mounted. Opts: (null)
[    7.579275] urandom_read: 6 callbacks suppressed
[    7.579280] random: wpa_supplicant: uninitialized urandom read (32 bytes read)
[    8.927877] wlp1s0: authenticate with 64:66:b3:cd:9a:3a
[    8.948364] wlp1s0: send auth to 64:66:b3:cd:9a:3a (try 1/3)
[    8.955169] wlp1s0: authenticated
[    8.966711] wlp1s0: associate with 64:66:b3:cd:9a:3a (try 1/3)
[    8.976720] wlp1s0: RX AssocResp from 64:66:b3:cd:9a:3a (capab=0x431 status=0 aid=1)
[    8.980703] wlp1s0: associated
[    9.012082] IPv6: ADDRCONF(NETDEV_CHANGE): wlp1s0: link becomes ready
[   11.052618] udevd (2729) used greatest stack depth: 12176 bytes left
[  122.189651] random: crng init done
