[    0.000000] Linux version 5.1.0-rc4+ (root@(none)) (gcc version 9.0.1 20190408 (experimental) (GCC)) #59 SMP Sun Apr 14 11:25:57 +05 2019
[    0.000000] Command line: BOOT_IMAGE=/boot/bzImage root=/dev/sda2 ro
[    0.000000] x86/fpu: Supporting XSAVE feature 0x001: 'x87 floating point registers'
[    0.000000] x86/fpu: Supporting XSAVE feature 0x002: 'SSE registers'
[    0.000000] x86/fpu: Supporting XSAVE feature 0x004: 'AVX registers'
[    0.000000] x86/fpu: xstate_offset[2]:  576, xstate_sizes[2]:  256
[    0.000000] x86/fpu: Enabled xstate features 0x7, context size is 832 bytes, using 'standard' format.
[    0.000000] BIOS-provided physical RAM map:
[    0.000000] BIOS-e820: [mem 0x0000000000000000-0x000000000009ffff] usable
[    0.000000] BIOS-e820: [mem 0x0000000000100000-0x000000009d0f7fff] usable
[    0.000000] BIOS-e820: [mem 0x000000009d0f8000-0x000000009d127fff] reserved
[    0.000000] BIOS-e820: [mem 0x000000009d128000-0x000000009d370fff] usable
[    0.000000] BIOS-e820: [mem 0x000000009d371000-0x000000009dc56fff] ACPI NVS
[    0.000000] BIOS-e820: [mem 0x000000009dc57000-0x000000009e959fff] reserved
[    0.000000] BIOS-e820: [mem 0x000000009e95a000-0x000000009e9cafff] type 20
[    0.000000] BIOS-e820: [mem 0x000000009e9cb000-0x000000009e9cbfff] usable
[    0.000000] BIOS-e820: [mem 0x000000009e9cc000-0x000000009e9d3fff] ACPI NVS
[    0.000000] BIOS-e820: [mem 0x000000009e9d4000-0x000000009eb24fff] usable
[    0.000000] BIOS-e820: [mem 0x000000009eb25000-0x000000009f041fff] reserved
[    0.000000] BIOS-e820: [mem 0x000000009f042000-0x000000009f080fff] usable
[    0.000000] BIOS-e820: [mem 0x000000009f081000-0x000000009f3f1fff] reserved
[    0.000000] BIOS-e820: [mem 0x000000009f3f2000-0x000000009f3fffff] usable
[    0.000000] BIOS-e820: [mem 0x00000000fec00000-0x00000000fec01fff] reserved
[    0.000000] BIOS-e820: [mem 0x00000000fec10000-0x00000000fec10fff] reserved
[    0.000000] BIOS-e820: [mem 0x00000000fed00000-0x00000000fed00fff] reserved
[    0.000000] BIOS-e820: [mem 0x00000000fed80000-0x00000000fed8ffff] reserved
[    0.000000] BIOS-e820: [mem 0x00000000ff000000-0x00000000ffffffff] reserved
[    0.000000] BIOS-e820: [mem 0x0000000100001000-0x000000013effffff] usable
[    0.000000] NX (Execute Disable) protection: active
[    0.000000] efi: EFI v2.31 by American Megatrends
[    0.000000] efi:  ACPI=0x9d3f3000  ACPI 2.0=0x9d3f3000  SMBIOS=0x9e958998 
[    0.000000] SMBIOS 2.7 present.
[    0.000000] DMI: ASUSTeK COMPUTER INC. X102BA/X102BA, BIOS X102BA.212 08/30/2013
[    0.000000] tsc: Fast TSC calibration using PIT
[    0.000000] tsc: Detected 998.115 MHz processor
[    0.000213] e820: update [mem 0x00000000-0x00000fff] usable ==> reserved
[    0.000218] e820: remove [mem 0x000a0000-0x000fffff] usable
[    0.000242] last_pfn = 0x13f000 max_arch_pfn = 0x400000000
[    0.000252] MTRR default type: uncachable
[    0.000254] MTRR fixed ranges enabled:
[    0.000257]   00000-9FFFF write-back
[    0.000260]   A0000-BFFFF write-through
[    0.000263]   C0000-DFFFF uncachable
[    0.000266]   E0000-FFFFF write-protect
[    0.000268] MTRR variable ranges enabled:
[    0.000272]   0 base 0000000000 mask FF80000000 write-back
[    0.000276]   1 base 0080000000 mask FFE0000000 write-back
[    0.000280]   2 base 009F400000 mask FFFFC00000 uncachable
[    0.000283]   3 base 009F800000 mask FFFF800000 uncachable
[    0.000284]   4 disabled
[    0.000285]   5 disabled
[    0.000287]   6 disabled
[    0.000288]   7 disabled
[    0.000290] TOM2: 000000013f000000 aka 5104M
[    0.000812] x86/PAT: Configuration [0-7]: WB  WC  UC- UC  WB  WP  UC- WT  
[    0.001071] e820: update [mem 0x9f400000-0xffffffff] usable ==> reserved
[    0.001085] last_pfn = 0x9f400 max_arch_pfn = 0x400000000
[    0.014232] check: Scanning 1 areas for low memory corruption
[    0.014246] Using GB pages for direct mapping
[    0.014252] BRK [0x115e01000, 0x115e01fff] PGTABLE
[    0.014259] BRK [0x115e02000, 0x115e02fff] PGTABLE
[    0.014263] BRK [0x115e03000, 0x115e03fff] PGTABLE
[    0.014448] BRK [0x115e04000, 0x115e04fff] PGTABLE
[    0.014456] BRK [0x115e05000, 0x115e05fff] PGTABLE
[    0.015651] BRK [0x115e06000, 0x115e06fff] PGTABLE
[    0.015882] BRK [0x115e07000, 0x115e07fff] PGTABLE
[    0.016139] BRK [0x115e08000, 0x115e08fff] PGTABLE
[    0.016408] BRK [0x115e09000, 0x115e09fff] PGTABLE
[    0.016639] BRK [0x115e0a000, 0x115e0afff] PGTABLE
[    0.016926] BRK [0x115e0b000, 0x115e0bfff] PGTABLE
[    0.017256] BRK [0x115e0c000, 0x115e0cfff] PGTABLE
[    0.017482] Secure boot could not be determined
[    0.017497] ACPI: Early table checksum verification disabled
[    0.017506] ACPI: RSDP 0x000000009D3F3000 000024 (v02 _ASUS_)
[    0.017517] ACPI: XSDT 0x000000009D3F3088 000094 (v01 _ASUS_ Notebook 01072009 AMI  00010013)
[    0.017534] ACPI: FACP 0x000000009D400748 00010C (v05 _ASUS_ Notebook 01072009 AMI  00010013)
[    0.017549] ACPI BIOS Warning (bug): Optional FADT field Pm2ControlBlock has valid Length but zero Address: 0x0000000000000000/0x1 (20190215/tbfadt-615)
[    0.017563] ACPI: DSDT 0x000000009D3F31A8 00D59D (v02 _ASUS_ Notebook 00000000 INTL 20091112)
[    0.017573] ACPI: FACS 0x000000009DC4B080 000040
[    0.017581] ACPI: APIC 0x000000009D400858 00007E (v03 _ASUS_ Notebook 01072009 AMI  00010013)
[    0.017591] ACPI: FPDT 0x000000009D4008D8 000044 (v01 _ASUS_ Notebook 01072009 AMI  00010013)
[    0.017601] ACPI: ECDT 0x000000009D400920 0000C1 (v01 _ASUS_ Notebook 01072009 AMI. 00000005)
[    0.017610] ACPI: MCFG 0x000000009D4009E8 00003C (v01 _ASUS_ Notebook 01072009 MSFT 00010013)
[    0.017620] ACPI: HPET 0x000000009D400A28 000038 (v01 _ASUS_ Notebook 01072009 AMI  00000005)
[    0.017629] ACPI: VFCT 0x000000009D400A60 004684 (v01 _ASUS_ Notebook 00000001 AMD  31504F47)
[    0.017639] ACPI: BGRT 0x000000009D4050E8 000038 (v00 _ASUS_ Notebook 01072009 ASUS 00010013)
[    0.017649] ACPI: SSDT 0x000000009D405120 0005E0 (v01 AMD    AGESA    00000001 AMD  00000001)
[    0.017659] ACPI: SSDT 0x000000009D405700 0046D1 (v02 AMD    AGESA    00000002 MSFT 04000000)
[    0.017669] ACPI: CRAT 0x000000009D409DD8 000228 (v01 AMD    AGESA    00000001 AMD  00000001)
[    0.017678] ACPI: SSDT 0x000000009D40A000 001411 (v01 AMD    CPMDFIGP 00000001 INTL 20051117)
[    0.017688] ACPI: SSDT 0x000000009D40B418 0010E8 (v01 AMD    CPMCMN   00000001 INTL 20051117)
[    0.017697] ACPI: MSDM 0x000000009D127F98 000055 (v03 _ASUS_ Notebook 00000000 ASUS 00000001)
[    0.017724] ACPI: Local APIC address 0xfee00000
[    0.018081] No NUMA configuration found
[    0.018085] Faking a node at [mem 0x0000000000000000-0x000000013effffff]
[    0.018098] NODE_DATA(0) allocated [mem 0x13effb000-0x13effefff]
[    0.018151] Zone ranges:
[    0.018154]   DMA      [mem 0x0000000000001000-0x0000000000ffffff]
[    0.018159]   DMA32    [mem 0x0000000001000000-0x00000000ffffffff]
[    0.018163]   Normal   [mem 0x0000000100000000-0x000000013effffff]
[    0.018168] Movable zone start for each node
[    0.018170] Early memory node ranges
[    0.018174]   node   0: [mem 0x0000000000001000-0x000000000009ffff]
[    0.018178]   node   0: [mem 0x0000000000100000-0x000000009d0f7fff]
[    0.018181]   node   0: [mem 0x000000009d128000-0x000000009d370fff]
[    0.018185]   node   0: [mem 0x000000009e9cb000-0x000000009e9cbfff]
[    0.018188]   node   0: [mem 0x000000009e9d4000-0x000000009eb24fff]
[    0.018191]   node   0: [mem 0x000000009f042000-0x000000009f080fff]
[    0.018194]   node   0: [mem 0x000000009f3f2000-0x000000009f3fffff]
[    0.018198]   node   0: [mem 0x0000000100001000-0x000000013effffff]
[    0.019038] Zeroed struct page in unavailable ranges: 11138 pages
[    0.019044] Initmem setup node 0 [mem 0x0000000000001000-0x000000013effffff]
[    0.019054] On node 0 totalpages: 902270
[    0.019057]   DMA zone: 64 pages used for memmap
[    0.019059]   DMA zone: 23 pages reserved
[    0.019061]   DMA zone: 3999 pages, LIFO batch:0
[    0.019464]   DMA32 zone: 10004 pages used for memmap
[    0.019467]   DMA32 zone: 640224 pages, LIFO batch:63
[    0.087883]   Normal zone: 4032 pages used for memmap
[    0.087890]   Normal zone: 258047 pages, LIFO batch:63
[    0.112201] ACPI: PM-Timer IO Port: 0x808
[    0.112213] ACPI: Local APIC address 0xfee00000
[    0.112228] ACPI: LAPIC_NMI (acpi_id[0xff] high edge lint[0x1])
[    0.112244] IOAPIC[0]: apic_id 3, version 33, address 0xfec00000, GSI 0-23
[    0.112254] IOAPIC[1]: apic_id 4, version 33, address 0xfec01000, GSI 24-55
[    0.112261] ACPI: INT_SRC_OVR (bus 0 bus_irq 0 global_irq 2 dfl dfl)
[    0.112267] ACPI: INT_SRC_OVR (bus 0 bus_irq 9 global_irq 9 low level)
[    0.112272] ACPI: IRQ0 used by override.
[    0.112275] ACPI: IRQ9 used by override.
[    0.112280] Using ACPI (MADT) for SMP configuration information
[    0.112285] ACPI: HPET id: 0x10228210 base: 0xfed00000
[    0.112301] smpboot: Allowing 4 CPUs, 2 hotplug CPUs
[    0.112374] PM: Registered nosave memory: [mem 0x00000000-0x00000fff]
[    0.112381] PM: Registered nosave memory: [mem 0x000a0000-0x000fffff]
[    0.112388] PM: Registered nosave memory: [mem 0x9d0f8000-0x9d127fff]
[    0.112395] PM: Registered nosave memory: [mem 0x9d371000-0x9dc56fff]
[    0.112397] PM: Registered nosave memory: [mem 0x9dc57000-0x9e959fff]
[    0.112400] PM: Registered nosave memory: [mem 0x9e95a000-0x9e9cafff]
[    0.112407] PM: Registered nosave memory: [mem 0x9e9cc000-0x9e9d3fff]
[    0.112413] PM: Registered nosave memory: [mem 0x9eb25000-0x9f041fff]
[    0.112419] PM: Registered nosave memory: [mem 0x9f081000-0x9f3f1fff]
[    0.112426] PM: Registered nosave memory: [mem 0x9f400000-0xfebfffff]
[    0.112428] PM: Registered nosave memory: [mem 0xfec00000-0xfec01fff]
[    0.112431] PM: Registered nosave memory: [mem 0xfec02000-0xfec0ffff]
[    0.112434] PM: Registered nosave memory: [mem 0xfec10000-0xfec10fff]
[    0.112436] PM: Registered nosave memory: [mem 0xfec11000-0xfecfffff]
[    0.112439] PM: Registered nosave memory: [mem 0xfed00000-0xfed00fff]
[    0.112442] PM: Registered nosave memory: [mem 0xfed01000-0xfed7ffff]
[    0.112445] PM: Registered nosave memory: [mem 0xfed80000-0xfed8ffff]
[    0.112447] PM: Registered nosave memory: [mem 0xfed90000-0xfeffffff]
[    0.112450] PM: Registered nosave memory: [mem 0xff000000-0xffffffff]
[    0.112453] PM: Registered nosave memory: [mem 0x100000000-0x100000fff]
[    0.112460] [mem 0x9f400000-0xfebfffff] available for PCI devices
[    0.112471] clocksource: refined-jiffies: mask: 0xffffffff max_cycles: 0xffffffff, max_idle_ns: 19112604462750000 ns
[    0.628726] random: get_random_bytes called from start_kernel+0x8b/0x48b with crng_init=0
[    0.628761] setup_percpu: NR_CPUS:64 nr_cpumask_bits:64 nr_cpu_ids:4 nr_node_ids:1
[    0.629864] percpu: Embedded 43 pages/cpu @(____ptrval____) s137240 r8192 d30696 u524288
[    0.629902] pcpu-alloc: s137240 r8192 d30696 u524288 alloc=1*2097152
[    0.629905] pcpu-alloc: [0] 0 1 2 3 
[    0.629983] Built 1 zonelists, mobility grouping on.  Total pages: 888147
[    0.629988] Policy zone: Normal
[    0.629994] Kernel command line: BOOT_IMAGE=/boot/bzImage root=/dev/sda2 ro
[    0.694407] Memory: 3429160K/3609080K available (14357K kernel code, 1434K rwdata, 4404K rodata, 1256K init, 928K bss, 179920K reserved, 0K cma-reserved)
[    0.694611] SLUB: HWalign=64, Order=0-3, MinObjects=0, CPUs=4, Nodes=1
[    0.694839] rcu: Hierarchical RCU implementation.
[    0.694843] rcu: 	RCU event tracing is enabled.
[    0.694846] rcu: 	RCU restricting CPUs from NR_CPUS=64 to nr_cpu_ids=4.
[    0.694851] rcu: RCU calculated value of scheduler-enlistment delay is 10 jiffies.
[    0.694855] rcu: Adjusting geometry for rcu_fanout_leaf=16, nr_cpu_ids=4
[    0.695445] NR_IRQS: 4352, nr_irqs: 1000, preallocated irqs: 16
[    0.695881] Console: colour dummy device 80x25
[    0.696566] printk: console [tty0] enabled
[    0.696612] ACPI: Core revision 20190215
[    0.697341] clocksource: hpet: mask: 0xffffffff max_cycles: 0xffffffff, max_idle_ns: 133484873504 ns
[    0.697371] hpet clockevent registered
[    0.697381] APIC: Switch to symmetric I/O mode setup
[    0.698124] ..TIMER: vector=0x30 apic1=0 pin1=2 apic2=-1 pin2=-1
[    0.747383] clocksource: tsc-early: mask: 0xffffffffffffffff max_cycles: 0x1cc644ef4a5, max_idle_ns: 881590510433 ns
[    0.747400] Calibrating delay loop (skipped), value calculated using timer frequency.. 1996.23 BogoMIPS (lpj=9981150)
[    0.747415] pid_max: default: 32768 minimum: 301
[    0.750174] LSM: Security Framework initializing
[    0.750208] SELinux:  Initializing.
[    0.750243] *** VALIDATE SELinux ***
[    0.752482] Dentry cache hash table entries: 524288 (order: 10, 4194304 bytes)
[    0.753654] Inode-cache hash table entries: 262144 (order: 9, 2097152 bytes)
[    0.753755] Mount-cache hash table entries: 8192 (order: 4, 65536 bytes)
[    0.753800] Mountpoint-cache hash table entries: 8192 (order: 4, 65536 bytes)
[    0.754190] *** VALIDATE proc ***
[    0.754279] *** VALIDATE cgroup1 ***
[    0.754290] *** VALIDATE cgroup2 ***
[    0.754349] mce: CPU supports 6 MCE banks
[    0.754380] LVT offset 1 assigned for vector 0xf9
[    0.754396] Last level iTLB entries: 4KB 512, 2MB 8, 4MB 4
[    0.754404] Last level dTLB entries: 4KB 512, 2MB 256, 4MB 128, 1GB 0
[    0.754413] Spectre V2 : Mitigation: Full AMD retpoline
[    0.754420] Spectre V2 : Spectre v2 / SpectreRSB mitigation: Filling RSB on context switch
[    0.754432] Speculative Store Bypass: Mitigation: Speculative Store Bypass disabled via prctl and seccomp
[    0.755007] Freeing SMP alternatives memory: 40K
[    0.767397] smpboot: CPU0: AMD A4-1200 APU with Radeon(TM) HD Graphics (family: 0x16, model: 0x0, stepping: 0x1)
[    0.767397] Performance Events: AMD PMU driver.
[    0.767397] ... version:                0
[    0.767397] ... bit width:              48
[    0.767397] ... generic registers:      4
[    0.767397] ... value mask:             0000ffffffffffff
[    0.767397] ... max period:             00007fffffffffff
[    0.767397] ... fixed-purpose events:   0
[    0.767397] ... event mask:             000000000000000f
[    0.767397] rcu: Hierarchical SRCU implementation.
[    0.767397] MCE: In-kernel MCE decoding enabled.
[    0.767397] smp: Bringing up secondary CPUs ...
[    0.767397] x86: Booting SMP configuration:
[    0.767397] .... node  #0, CPUs:      #1
[    0.767397] smp: Brought up 1 node, 2 CPUs
[    0.767397] smpboot: Max logical packages: 2
[    0.767397] smpboot: Total of 2 processors activated (3992.46 BogoMIPS)
[    0.767397] devtmpfs: initialized
[    0.767397] PM: Registering ACPI NVS region [mem 0x9d371000-0x9dc56fff] (9330688 bytes)
[    0.767397] PM: Registering ACPI NVS region [mem 0x9e9cc000-0x9e9d3fff] (32768 bytes)
[    0.767397] clocksource: jiffies: mask: 0xffffffff max_cycles: 0xffffffff, max_idle_ns: 19112604462750000 ns
[    0.767397] futex hash table entries: 1024 (order: 4, 65536 bytes)
[    0.767397] NET: Registered protocol family 16
[    0.767397] audit: initializing netlink subsys (disabled)
[    0.767397] audit: type=2000 audit(1555296561.060:1): state=initialized audit_enabled=0 res=1
[    0.767397] kworker/u8:1 (35) used greatest stack depth: 14808 bytes left
[    0.767397] kworker/u8:1 (30) used greatest stack depth: 14624 bytes left
[    0.767397] cpuidle: using governor ladder
[    0.767397] cpuidle: using governor menu
[    0.767397] ACPI FADT declares the system doesn't support PCIe ASPM, so disable it
[    0.767397] ACPI: bus type PCI registered
[    0.767397] PCI: MMCONFIG for domain 0000 [bus 00-ff] at [mem 0xe0000000-0xefffffff] (base 0xe0000000)
[    0.767397] PCI: not using MMCONFIG
[    0.767397] PCI: Using configuration type 1 for base access
[    0.767397] PCI: Using configuration type 1 for extended access
[    0.777986] kworker/u8:0 (269) used greatest stack depth: 14160 bytes left
[    0.806432] HugeTLB registered 2.00 MiB page size, pre-allocated 0 pages
[    0.806432] ACPI: Added _OSI(Module Device)
[    0.806432] ACPI: Added _OSI(Processor Device)
[    0.806432] ACPI: Added _OSI(3.0 _SCP Extensions)
[    0.806432] ACPI: Added _OSI(Processor Aggregator Device)
[    0.806432] ACPI: Added _OSI(Linux-Dell-Video)
[    0.806432] ACPI: Added _OSI(Linux-Lenovo-NV-HDMI-Audio)
[    0.806432] ACPI: Added _OSI(Linux-HPI-Hybrid-Graphics)
[    0.842827] ACPI: 5 ACPI AML tables successfully acquired and loaded
[    0.846031] ACPI: EC: EC started
[    0.846040] ACPI: EC: interrupt blocked
[    0.848133] ACPI: \: Used as first EC
[    0.848146] ACPI: \: GPE=0x3, EC_CMD/EC_SC=0x66, EC_DATA=0x62
[    0.848154] ACPI: EC: Boot ECDT EC used to handle transactions
[    0.853042] ACPI: [Firmware Bug]: BIOS _OSI(Linux) query ignored
[    0.857485] ACPI: Interpreter enabled
[    0.857566] ACPI: (supports S0 S3 S4 S5)
[    0.857577] ACPI: Using IOAPIC for interrupt routing
[    0.857699] PCI: MMCONFIG for domain 0000 [bus 00-ff] at [mem 0xe0000000-0xefffffff] (base 0xe0000000)
[    0.857869] PCI: MMCONFIG at [mem 0xe0000000-0xefffffff] reserved in ACPI motherboard resources
[    0.857950] PCI: Using host bridge windows from ACPI; if necessary, use "pci=nocrs" and report a bug
[    0.858741] ACPI: Enabled 3 GPEs in block 00 to 1F
[    0.879367] ACPI: PCI Root Bridge [PCI0] (domain 0000 [bus 00-ff])
[    0.879400] acpi PNP0A08:00: _OSC: OS supports [ExtendedConfig ASPM ClockPM Segments MSI]
[    0.880012] acpi PNP0A08:00: _OSC: platform does not support [LTR]
[    0.880579] acpi PNP0A08:00: _OSC: OS now controls [PME AER PCIeCapability]
[    0.880591] acpi PNP0A08:00: FADT indicates ASPM is unsupported, using BIOS configuration
[    0.881154] PCI host bridge to bus 0000:00
[    0.881169] pci_bus 0000:00: root bus resource [io  0x0000-0x03af window]
[    0.881181] pci_bus 0000:00: root bus resource [io  0x03e0-0x0cf7 window]
[    0.881192] pci_bus 0000:00: root bus resource [io  0x03b0-0x03df window]
[    0.881203] pci_bus 0000:00: root bus resource [io  0x0d00-0xffff window]
[    0.881214] pci_bus 0000:00: root bus resource [mem 0x000a0000-0x000bffff window]
[    0.881226] pci_bus 0000:00: root bus resource [mem 0x000c0000-0x000dffff window]
[    0.881238] pci_bus 0000:00: root bus resource [mem 0xc0000000-0xffffffff window]
[    0.881250] pci_bus 0000:00: root bus resource [bus 00-ff]
[    0.881280] pci 0000:00:00.0: [1022:1536] type 00 class 0x060000
[    0.881565] pci 0000:00:01.0: [1002:9839] type 00 class 0x030000
[    0.881598] pci 0000:00:01.0: reg 0x10: [mem 0xc0000000-0xcfffffff 64bit pref]
[    0.881615] pci 0000:00:01.0: reg 0x18: [mem 0xd0000000-0xd07fffff 64bit pref]
[    0.881627] pci 0000:00:01.0: reg 0x20: [io  0xf000-0xf0ff]
[    0.881639] pci 0000:00:01.0: reg 0x24: [mem 0xfeb00000-0xfeb3ffff]
[    0.881651] pci 0000:00:01.0: reg 0x30: [mem 0xfeb40000-0xfeb5ffff pref]
[    0.881660] pci 0000:00:01.0: enabling Extended Tags
[    0.881693] pci 0000:00:01.0: BAR 0: assigned to efifb
[    0.881751] pci 0000:00:01.0: supports D1 D2
[    0.881755] pci 0000:00:01.0: PME# supported from D1 D2 D3hot
[    0.881989] pci 0000:00:01.1: [1002:9840] type 00 class 0x040300
[    0.882017] pci 0000:00:01.1: reg 0x10: [mem 0xfeb64000-0xfeb67fff 64bit]
[    0.882051] pci 0000:00:01.1: enabling Extended Tags
[    0.882122] pci 0000:00:01.1: supports D1 D2
[    0.882315] pci 0000:00:02.0: [1022:1538] type 00 class 0x060000
[    0.882549] pci 0000:00:02.2: [1022:1439] type 01 class 0x060400
[    0.882612] pci 0000:00:02.2: enabling Extended Tags
[    0.882696] pci 0000:00:02.2: PME# supported from D0 D3hot D3cold
[    0.882925] pci 0000:00:02.3: [1022:1439] type 01 class 0x060400
[    0.882987] pci 0000:00:02.3: enabling Extended Tags
[    0.883068] pci 0000:00:02.3: PME# supported from D0 D3hot D3cold
[    0.883326] pci 0000:00:10.0: [1022:7814] type 00 class 0x0c0330
[    0.883364] pci 0000:00:10.0: reg 0x10: [mem 0xfeb68000-0xfeb69fff 64bit]
[    0.883498] pci 0000:00:10.0: PME# supported from D0 D3hot D3cold
[    0.883734] pci 0000:00:11.0: [1022:7801] type 00 class 0x010601
[    0.883765] pci 0000:00:11.0: reg 0x10: [io  0xf140-0xf147]
[    0.883778] pci 0000:00:11.0: reg 0x14: [io  0xf130-0xf133]
[    0.883791] pci 0000:00:11.0: reg 0x18: [io  0xf120-0xf127]
[    0.883804] pci 0000:00:11.0: reg 0x1c: [io  0xf110-0xf113]
[    0.883816] pci 0000:00:11.0: reg 0x20: [io  0xf100-0xf10f]
[    0.883829] pci 0000:00:11.0: reg 0x24: [mem 0xfeb6f000-0xfeb6f3ff]
[    0.883900] pci 0000:00:11.0: PME# supported from D3hot
[    0.884106] pci 0000:00:12.0: [1022:7807] type 00 class 0x0c0310
[    0.884131] pci 0000:00:12.0: reg 0x10: [mem 0xfeb6e000-0xfeb6efff]
[    0.884399] pci 0000:00:12.2: [1022:7808] type 00 class 0x0c0320
[    0.884427] pci 0000:00:12.2: reg 0x10: [mem 0xfeb6d000-0xfeb6d0ff]
[    0.884526] pci 0000:00:12.2: supports D1 D2
[    0.884530] pci 0000:00:12.2: PME# supported from D0 D1 D2 D3hot D3cold
[    0.884736] pci 0000:00:13.0: [1022:7807] type 00 class 0x0c0310
[    0.884761] pci 0000:00:13.0: reg 0x10: [mem 0xfeb6c000-0xfeb6cfff]
[    0.885027] pci 0000:00:13.2: [1022:7808] type 00 class 0x0c0320
[    0.885055] pci 0000:00:13.2: reg 0x10: [mem 0xfeb6b000-0xfeb6b0ff]
[    0.885153] pci 0000:00:13.2: supports D1 D2
[    0.885157] pci 0000:00:13.2: PME# supported from D0 D1 D2 D3hot D3cold
[    0.885362] pci 0000:00:14.0: [1022:780b] type 00 class 0x0c0500
[    0.885615] pci 0000:00:14.2: [1022:780d] type 00 class 0x040300
[    0.885647] pci 0000:00:14.2: reg 0x10: [mem 0xfeb60000-0xfeb63fff 64bit]
[    0.885732] pci 0000:00:14.2: PME# supported from D0 D3hot D3cold
[    0.885934] pci 0000:00:14.3: [1022:780e] type 00 class 0x060100
[    0.886210] pci 0000:00:14.7: [1022:7813] type 00 class 0x080501
[    0.886237] pci 0000:00:14.7: reg 0x10: [mem 0xfeb6a000-0xfeb6a0ff 64bit]
[    0.886456] pci 0000:00:18.0: [1022:1530] type 00 class 0x060000
[    0.886666] pci 0000:00:18.1: [1022:1531] type 00 class 0x060000
[    0.886878] pci 0000:00:18.2: [1022:1532] type 00 class 0x060000
[    0.887083] pci 0000:00:18.3: [1022:1533] type 00 class 0x060000
[    0.887298] pci 0000:00:18.4: [1022:1534] type 00 class 0x060000
[    0.887534] pci 0000:00:18.5: [1022:1535] type 00 class 0x060000
[    0.887887] pci 0000:01:00.0: [168c:0032] type 00 class 0x028000
[    0.887944] pci 0000:01:00.0: reg 0x10: [mem 0xfea00000-0xfea7ffff 64bit]
[    0.888008] pci 0000:01:00.0: reg 0x30: [mem 0xfea80000-0xfea8ffff pref]
[    0.888143] pci 0000:01:00.0: supports D1 D2
[    0.888147] pci 0000:01:00.0: PME# supported from D0 D1 D2 D3hot D3cold
[    0.888408] pci 0000:00:02.2: PCI bridge to [bus 01]
[    0.888429] pci 0000:00:02.2:   bridge window [mem 0xfea00000-0xfeafffff]
[    0.888566] pci 0000:02:00.0: [10ec:8136] type 00 class 0x020000
[    0.888615] pci 0000:02:00.0: reg 0x10: [io  0xe000-0xe0ff]
[    0.888654] pci 0000:02:00.0: reg 0x18: [mem 0xd0804000-0xd0804fff 64bit pref]
[    0.888682] pci 0000:02:00.0: reg 0x20: [mem 0xd0800000-0xd0803fff 64bit pref]
[    0.888855] pci 0000:02:00.0: supports D1 D2
[    0.888860] pci 0000:02:00.0: PME# supported from D0 D1 D2 D3hot D3cold
[    0.889134] pci 0000:00:02.3: PCI bridge to [bus 02]
[    0.889150] pci 0000:00:02.3:   bridge window [io  0xe000-0xefff]
[    0.889162] pci 0000:00:02.3:   bridge window [mem 0xd0800000-0xd08fffff 64bit pref]
[    0.890732] ACPI: PCI Interrupt Link [LNKA] (IRQs 4 7 10 11 14 15) *0
[    0.890972] ACPI: PCI Interrupt Link [LNKB] (IRQs 4 7 10 11 14 15) *0
[    0.891211] ACPI: PCI Interrupt Link [LNKC] (IRQs 4 7 10 11 14 15) *0
[    0.891447] ACPI: PCI Interrupt Link [LNKD] (IRQs 4 7 10 11 14 15) *0
[    0.891648] ACPI: PCI Interrupt Link [LNKE] (IRQs 4 7 10 11 14 15) *0
[    0.891813] ACPI: PCI Interrupt Link [LNKF] (IRQs 4 7 10 11 14 15) *0
[    0.891977] ACPI: PCI Interrupt Link [LNKG] (IRQs 4 7 10 11 14 15) *0
[    0.892141] ACPI: PCI Interrupt Link [LNKH] (IRQs 4 7 10 11 14 15) *0
[    0.893176] ACPI: EC: interrupt unblocked
[    0.893198] ACPI: EC: event unblocked
[    0.893216] ACPI: \_SB_.PCI0.SBRG.EC0_: GPE=0x3, EC_CMD/EC_SC=0x66, EC_DATA=0x62
[    0.893230] ACPI: \_SB_.PCI0.SBRG.EC0_: Boot DSDT EC used to handle transactions and events
[    0.893535] pci 0000:00:01.0: vgaarb: setting as boot VGA device
[    0.893550] pci 0000:00:01.0: vgaarb: VGA device added: decodes=io+mem,owns=io+mem,locks=none
[    0.893577] pci 0000:00:01.0: vgaarb: bridge control possible
[    0.893585] vgaarb: loaded
[    0.893901] SCSI subsystem initialized
[    0.894173] libata version 3.00 loaded.
[    0.894522] ACPI: bus type USB registered
[    0.894653] usbcore: registered new interface driver usbfs
[    0.894696] usbcore: registered new interface driver hub
[    0.894758] usbcore: registered new device driver usb
[    0.894834] pps_core: LinuxPPS API ver. 1 registered
[    0.894844] pps_core: Software ver. 5.3.6 - Copyright 2005-2007 Rodolfo Giometti <giometti@linux.it>
[    0.894864] PTP clock support registered
[    0.895099] EDAC MC: Ver: 3.0.0
[    0.895322] Registered efivars operations
[    0.897583] Advanced Linux Sound Architecture Driver Initialized.
[    0.897669] PCI: Using ACPI for IRQ routing
[    0.907600] PCI: pci_cache_line_size set to 64 bytes
[    0.907600] e820: reserve RAM buffer [mem 0x9d0f8000-0x9fffffff]
[    0.907600] e820: reserve RAM buffer [mem 0x9d371000-0x9fffffff]
[    0.907600] e820: reserve RAM buffer [mem 0x9e9cc000-0x9fffffff]
[    0.907600] e820: reserve RAM buffer [mem 0x9eb25000-0x9fffffff]
[    0.907600] e820: reserve RAM buffer [mem 0x9f081000-0x9fffffff]
[    0.907600] e820: reserve RAM buffer [mem 0x9f400000-0x9fffffff]
[    0.907600] e820: reserve RAM buffer [mem 0x13f000000-0x13fffffff]
[    0.907622] NetLabel: Initializing
[    0.907622] NetLabel:  domain hash size = 128
[    0.907622] NetLabel:  protocols = UNLABELED CIPSOv4 CALIPSO
[    0.907622] NetLabel:  unlabeled traffic allowed by default
[    0.907622] hpet0: at MMIO 0xfed00000, IRQs 2, 8, 0
[    0.907622] hpet0: 3 comparators, 32-bit 14.318180 MHz counter
[    0.909670] clocksource: Switched to clocksource tsc-early
[    0.958337] VFS: Disk quotas dquot_6.6.0
[    0.958402] VFS: Dquot-cache hash table entries: 512 (order 0, 4096 bytes)
[    0.958490] *** VALIDATE hugetlbfs ***
[    0.958599] pnp: PnP ACPI init
[    0.958999] system 00:00: [mem 0xe0000000-0xefffffff] has been reserved
[    0.959037] system 00:00: Plug and Play ACPI device, IDs PNP0c01 (active)
[    0.959250] system 00:01: [mem 0xa0000000-0xbfffffff] has been reserved
[    0.959281] system 00:01: Plug and Play ACPI device, IDs PNP0c02 (active)
[    0.959466] system 00:02: Plug and Play ACPI device, IDs PNP0c02 (active)
[    0.959563] pnp 00:03: Plug and Play ACPI device, IDs PNP0b00 (active)
[    0.959754] system 00:04: [io  0x04d0-0x04d1] has been reserved
[    0.959786] system 00:04: Plug and Play ACPI device, IDs PNP0c02 (active)
[    0.959996] pnp 00:05: Plug and Play ACPI device, IDs ETD0108 SYN0a00 SYN0002 PNP0f03 PNP0f13 PNP0f12 (active)
[    0.960131] pnp 00:06: Plug and Play ACPI device, IDs ATK3001 PNP030b (active)
[    0.960883] system 00:07: [io  0x04d0-0x04d1] has been reserved
[    0.960897] system 00:07: [io  0x040b] has been reserved
[    0.960908] system 00:07: [io  0x04d6] has been reserved
[    0.960921] system 00:07: [io  0x0c00-0x0c01] has been reserved
[    0.960932] system 00:07: [io  0x0c14] has been reserved
[    0.960943] system 00:07: [io  0x0c50-0x0c51] has been reserved
[    0.960954] system 00:07: [io  0x0c52] has been reserved
[    0.960965] system 00:07: [io  0x0c6c] has been reserved
[    0.960975] system 00:07: [io  0x0c6f] has been reserved
[    0.960985] system 00:07: [io  0x0cd0-0x0cd1] has been reserved
[    0.960996] system 00:07: [io  0x0cd2-0x0cd3] has been reserved
[    0.961007] system 00:07: [io  0x0cd4-0x0cd5] has been reserved
[    0.961018] system 00:07: [io  0x0cd6-0x0cd7] has been reserved
[    0.961029] system 00:07: [io  0x0cd8-0x0cdf] has been reserved
[    0.961039] system 00:07: [io  0x0800-0x089f] has been reserved
[    0.961050] system 00:07: [io  0x0900-0x090f] has been reserved
[    0.961061] system 00:07: [io  0x0910-0x091f] has been reserved
[    0.961072] system 00:07: [io  0xfe00-0xfefe] has been reserved
[    0.961086] system 00:07: [mem 0xfec00000-0xfec00fff] could not be reserved
[    0.961098] system 00:07: [mem 0xfee00000-0xfee00fff] has been reserved
[    0.961110] system 00:07: [mem 0xfed80000-0xfed8ffff] has been reserved
[    0.961122] system 00:07: [mem 0xfed61000-0xfed70fff] has been reserved
[    0.961134] system 00:07: [mem 0xfec10000-0xfec10fff] has been reserved
[    0.961146] system 00:07: [mem 0xfed00000-0xfed00fff] could not be reserved
[    0.961158] system 00:07: [mem 0xff000000-0xffffffff] has been reserved
[    0.961185] system 00:07: Plug and Play ACPI device, IDs PNP0c02 (active)
[    0.962040] pnp: PnP ACPI: found 8 devices
[    0.972458] clocksource: acpi_pm: mask: 0xffffff max_cycles: 0xffffff, max_idle_ns: 2085701024 ns
[    0.972524] pci 0000:00:02.2: PCI bridge to [bus 01]
[    0.972543] pci 0000:00:02.2:   bridge window [mem 0xfea00000-0xfeafffff]
[    0.972561] pci 0000:00:02.3: PCI bridge to [bus 02]
[    0.972574] pci 0000:00:02.3:   bridge window [io  0xe000-0xefff]
[    0.972590] pci 0000:00:02.3:   bridge window [mem 0xd0800000-0xd08fffff 64bit pref]
[    0.972613] pci_bus 0000:00: resource 4 [io  0x0000-0x03af window]
[    0.972618] pci_bus 0000:00: resource 5 [io  0x03e0-0x0cf7 window]
[    0.972622] pci_bus 0000:00: resource 6 [io  0x03b0-0x03df window]
[    0.972627] pci_bus 0000:00: resource 7 [io  0x0d00-0xffff window]
[    0.972632] pci_bus 0000:00: resource 8 [mem 0x000a0000-0x000bffff window]
[    0.972636] pci_bus 0000:00: resource 9 [mem 0x000c0000-0x000dffff window]
[    0.972641] pci_bus 0000:00: resource 10 [mem 0xc0000000-0xffffffff window]
[    0.972646] pci_bus 0000:01: resource 1 [mem 0xfea00000-0xfeafffff]
[    0.972650] pci_bus 0000:02: resource 0 [io  0xe000-0xefff]
[    0.972655] pci_bus 0000:02: resource 2 [mem 0xd0800000-0xd08fffff 64bit pref]
[    0.972910] NET: Registered protocol family 2
[    0.973370] tcp_listen_portaddr_hash hash table entries: 2048 (order: 3, 32768 bytes)
[    0.973434] TCP established hash table entries: 32768 (order: 6, 262144 bytes)
[    0.973687] TCP bind hash table entries: 32768 (order: 7, 524288 bytes)
[    0.973923] TCP: Hash tables configured (established 32768 bind 32768)
[    0.974075] UDP hash table entries: 2048 (order: 4, 65536 bytes)
[    0.974132] UDP-Lite hash table entries: 2048 (order: 4, 65536 bytes)
[    0.974312] NET: Registered protocol family 1
[    0.974765] RPC: Registered named UNIX socket transport module.
[    0.974777] RPC: Registered udp transport module.
[    0.974784] RPC: Registered tcp transport module.
[    0.974791] RPC: Registered tcp NFSv4.1 backchannel transport module.
[    0.975418] pci 0000:00:01.0: Video device with shadowed ROM at [mem 0x000c0000-0x000dffff]
[    1.015582] pci 0000:00:12.0: quirk_usb_early_handoff+0x0/0x61c took 37734 usecs
[    1.045591] pci 0000:00:12.2: quirk_usb_early_handoff+0x0/0x61c took 29249 usecs
[    1.045614] pci 0000:00:12.2: PME# does not work under D3, disabling it
[    1.235593] pci 0000:00:13.0: quirk_usb_early_handoff+0x0/0x61c took 185482 usecs
[    1.265610] pci 0000:00:13.2: quirk_usb_early_handoff+0x0/0x61c took 29257 usecs
[    1.265634] pci 0000:00:13.2: PME# does not work under D3, disabling it
[    1.265733] PCI: CLS 64 bytes, default 64
[    1.265884] PCI-DMA: Using software bounce buffering for IO (SWIOTLB)
[    1.265896] software IO TLB: mapped [mem 0x975a7000-0x9b5a7000] (64MB)
[    1.266083] amd_uncore: AMD NB counters detected
[    1.266099] amd_uncore: AMD LLC counters detected
[    1.266309] LVT offset 0 assigned for vector 0x400
[    1.266369] perf: AMD IBS detected (0x000000ff)
[    1.266387] kvm: no hardware support
[    1.266500] kvm: Nested Virtualization enabled
[    1.266513] kvm: Nested Paging enabled
[    1.267572] check: Scanning for low memory corruption every 60 seconds
[    1.270086] Initialise system trusted keyrings
[    1.270371] workingset: timestamp_bits=56 max_order=20 bucket_order=0
[    1.274937] kworker/u8:2 (1125) used greatest stack depth: 14000 bytes left
[    1.280116] fuse init (API version 7.29)
[    1.285607] Key type asymmetric registered
[    1.285626] Asymmetric key parser 'x509' registered
[    1.285680] Block layer SCSI generic (bsg) driver version 0.4 loaded (major 249)
[    1.285692] io scheduler mq-deadline registered
[    1.285701] io scheduler kyber registered
[    1.286483] pcieport 0000:00:02.2: Signaling PME with IRQ 25
[    1.287099] pcieport 0000:00:02.3: Signaling PME with IRQ 27
[    1.287744] uvesafb: failed to execute /sbin/v86d
[    1.287754] uvesafb: make sure that the v86d helper is installed and executable
[    1.287765] uvesafb: Getting VBE info block failed (eax=0x4f00, err=-2)
[    1.287774] uvesafb: vbe_init() failed with -22
[    1.287788] uvesafb: probe of uvesafb.0 failed with error -22
[    1.287849] efifb: probing for efifb
[    1.287895] efifb: framebuffer at 0xc0000000, using 4224k, total 4224k
[    1.287905] efifb: mode is 1366x768x32, linelength=5632, pages=1
[    1.287911] efifb: scrolling: redraw
[    1.287920] efifb: Truecolor: size=8:8:8:8, shift=24:16:8:0
[    1.298629] Console: switching to colour frame buffer device 170x48
[    1.308536] fb0: EFI VGA frame buffer device
[    1.309044] ACPI: AC Adapter [AC0] (off-line)
[    1.309315] input: Power Button as /devices/LNXSYSTM:00/LNXSYBUS:00/PNP0C0C:00/input/input0
[    1.309469] ACPI: Power Button [PWRB]
[    1.309658] input: Lid Switch as /devices/LNXSYSTM:00/LNXSYBUS:00/PNP0C0D:00/input/input1
[    1.309808] ACPI: Lid Switch [LID]
[    1.309980] input: Sleep Button as /devices/LNXSYSTM:00/LNXSYBUS:00/PNP0C0E:00/input/input2
[    1.310146] ACPI: Sleep Button [SLPB]
[    1.310323] input: Power Button as /devices/LNXSYSTM:00/LNXPWRBN:00/input/input3
[    1.310463] ACPI: Power Button [PWRF]
[    1.313516] thermal LNXTHERM:00: registered as thermal_zone0
[    1.313625] ACPI: Thermal Zone [THRM] (41 C)
[    1.313948] Serial: 8250/16550 driver, 4 ports, IRQ sharing enabled
[    1.317071] Non-volatile memory driver v1.3
[    1.317302] Linux agpgart interface v0.103
[    1.324067] loop: module loaded
[    1.324397] ahci 0000:00:11.0: version 3.0
[    1.324838] ahci 0000:00:11.0: AHCI 0001.0300 32 slots 2 ports 6 Gbps 0x3 impl SATA mode
[    1.324977] ahci 0000:00:11.0: flags: 64bit ncq sntf ilck pm led clo pmp pio slum part 
[    1.329134] scsi host0: ahci
[    1.332949] scsi host1: ahci
[    1.336396] ata1: SATA max UDMA/133 abar m1024@0xfeb6f000 port 0xfeb6f100 irq 28
[    1.339633] ata2: SATA max UDMA/133 abar m1024@0xfeb6f000 port 0xfeb6f180 irq 28
[    1.343294] tun: Universal TUN/TAP device driver, 1.6
[    1.346983] e1000: Intel(R) PRO/1000 Network Driver - version 7.3.21-k8-NAPI
[    1.350216] e1000: Copyright (c) 1999-2006 Intel Corporation.
[    1.353470] e1000e: Intel(R) PRO/1000 Network Driver - 3.2.6-k
[    1.356661] e1000e: Copyright(c) 1999 - 2015 Intel Corporation.
[    1.359993] sky2: driver version 1.30
[    1.363499] r8169 0000:02:00.0: can't disable ASPM; OS doesn't have ASPM control
[    1.367787] libphy: r8169: probed
[    1.371502] r8169 0000:02:00.0 eth0: RTL8105e, 74:d0:2b:a3:a6:42, XID 40a, IRQ 30
[    1.375473] ath9k 0000:01:00.0: enabling device (0000 -> 0002)
[    1.379093] ath: phy0: Disable PLL PowerSave
[    1.389870] ath: phy0: ASPM enabled: 0x442
[    1.393113] ath: EEPROM regdomain: 0x60
[    1.393116] ath: EEPROM indicates we should expect a direct regpair map
[    1.393122] ath: Country alpha2 being used: 00
[    1.393123] ath: Regpair used: 0x60
[    1.395712] ieee80211 phy0: Selected rate control algorithm 'minstrel_ht'
[    1.396301] ieee80211 phy0: Atheros AR9485 Rev:1 mem=0xffff9cd782400000, irq=31
[    1.400008] ehci_hcd: USB 2.0 'Enhanced' Host Controller (EHCI) Driver
[    1.403347] ehci-pci: EHCI PCI platform driver
[    1.407226] ehci-pci 0000:00:12.2: EHCI Host Controller
[    1.410726] ehci-pci 0000:00:12.2: new USB bus registered, assigned bus number 1
[    1.414074] ehci-pci 0000:00:12.2: applying AMD SB700/SB800/Hudson-2/3 EHCI dummy qh workaround
[    1.417468] ehci-pci 0000:00:12.2: debug port 1
[    1.420883] ehci-pci 0000:00:12.2: irq 17, io mem 0xfeb6d000
[    1.455353] ehci-pci 0000:00:12.2: USB 2.0 started, EHCI 1.00
[    1.458805] usb usb1: New USB device found, idVendor=1d6b, idProduct=0002, bcdDevice= 5.01
[    1.462185] usb usb1: New USB device strings: Mfr=3, Product=2, SerialNumber=1
[    1.465529] usb usb1: Product: EHCI Host Controller
[    1.468800] usb usb1: Manufacturer: Linux 5.1.0-rc4+ ehci_hcd
[    1.472037] usb usb1: SerialNumber: 0000:00:12.2
[    1.475641] hub 1-0:1.0: USB hub found
[    1.478773] hub 1-0:1.0: 4 ports detected
[    1.483909] ehci-pci 0000:00:13.2: EHCI Host Controller
[    1.487109] ehci-pci 0000:00:13.2: new USB bus registered, assigned bus number 2
[    1.490145] ehci-pci 0000:00:13.2: applying AMD SB700/SB800/Hudson-2/3 EHCI dummy qh workaround
[    1.493214] ehci-pci 0000:00:13.2: debug port 1
[    1.496305] ehci-pci 0000:00:13.2: irq 17, io mem 0xfeb6b000
[    1.525340] ehci-pci 0000:00:13.2: USB 2.0 started, EHCI 1.00
[    1.528463] usb usb2: New USB device found, idVendor=1d6b, idProduct=0002, bcdDevice= 5.01
[    1.531523] usb usb2: New USB device strings: Mfr=3, Product=2, SerialNumber=1
[    1.534592] usb usb2: Product: EHCI Host Controller
[    1.537629] usb usb2: Manufacturer: Linux 5.1.0-rc4+ ehci_hcd
[    1.540638] usb usb2: SerialNumber: 0000:00:13.2
[    1.544033] hub 2-0:1.0: USB hub found
[    1.547044] hub 2-0:1.0: 4 ports detected
[    1.552032] ohci_hcd: USB 1.1 'Open' Host Controller (OHCI) Driver
[    1.555071] ohci-pci: OHCI PCI platform driver
[    1.558349] ohci-pci 0000:00:12.0: OHCI PCI host controller
[    1.561492] ohci-pci 0000:00:12.0: new USB bus registered, assigned bus number 3
[    1.564531] ohci-pci 0000:00:12.0: irq 18, io mem 0xfeb6e000
[    1.583446] battery: ACPI: Battery Slot [BAT0] (battery present)
[    1.586687] kworker/u8:2 (1425) used greatest stack depth: 13984 bytes left
[    1.639513] usb usb3: New USB device found, idVendor=1d6b, idProduct=0001, bcdDevice= 5.01
[    1.642621] usb usb3: New USB device strings: Mfr=3, Product=2, SerialNumber=1
[    1.645613] usb usb3: Product: OHCI PCI host controller
[    1.648558] usb usb3: Manufacturer: Linux 5.1.0-rc4+ ohci_hcd
[    1.651488] usb usb3: SerialNumber: 0000:00:12.0
[    1.654844] hub 3-0:1.0: USB hub found
[    1.657781] hub 3-0:1.0: 4 ports detected
[    1.662779] ohci-pci 0000:00:13.0: OHCI PCI host controller
[    1.665817] ohci-pci 0000:00:13.0: new USB bus registered, assigned bus number 4
[    1.668748] ohci-pci 0000:00:13.0: irq 18, io mem 0xfeb6c000
[    1.681725] ata2: SATA link down (SStatus 0 SControl 300)
[    1.745867] usb usb4: New USB device found, idVendor=1d6b, idProduct=0001, bcdDevice= 5.01
[    1.748814] usb usb4: New USB device strings: Mfr=3, Product=2, SerialNumber=1
[    1.751722] usb usb4: Product: OHCI PCI host controller
[    1.754625] usb usb4: Manufacturer: Linux 5.1.0-rc4+ ohci_hcd
[    1.757551] usb usb4: SerialNumber: 0000:00:13.0
[    1.760929] hub 4-0:1.0: USB hub found
[    1.763798] hub 4-0:1.0: 4 ports detected
[    1.768518] uhci_hcd: USB Universal Host Controller Interface driver
[    1.771460] usbcore: registered new interface driver usblp
[    1.774490] usbcore: registered new interface driver usb-storage
[    1.777390] usbcore: registered new interface driver ch341
[    1.780219] usbserial: USB Serial support registered for ch341-uart
[    1.783174] i8042: PNP: PS/2 Controller [PNP030b:PS2K,PNP0f03:PS2M] at 0x60,0x64 irq 1,12
[    1.787841] i8042: Detected active multiplexing controller, rev 1.1
[    1.791448] serio: i8042 KBD port at 0x60,0x64 irq 1
[    1.794326] serio: i8042 AUX0 port at 0x60,0x64 irq 12
[    1.797277] serio: i8042 AUX1 port at 0x60,0x64 irq 12
[    1.800186] serio: i8042 AUX2 port at 0x60,0x64 irq 12
[    1.803015] serio: i8042 AUX3 port at 0x60,0x64 irq 12
[    1.806091] mousedev: PS/2 mouse device common for all mice
[    1.809391] rtc_cmos 00:03: RTC can wake from S4
[    1.812358] rtc_cmos 00:03: registered as rtc0
[    1.815096] rtc_cmos 00:03: alarms up to one month, y3k, 114 bytes nvram, hpet irqs
[    1.818159] device-mapper: ioctl: 4.40.0-ioctl (2019-01-18) initialised: dm-devel@redhat.com
[    1.821113] EFI Variables Facility v0.08 2004-May-17
[    1.831864] hidraw: raw HID events driver (C) Jiri Kosina
[    1.835690] usbcore: registered new interface driver usbhid
[    1.838547] usbhid: USB HID core driver
[    1.844780] snd_hda_intel 0000:00:01.1: enabling device (0000 -> 0002)
[    1.847887] input: AT Translated Set 2 keyboard as /devices/platform/i8042/serio0/input/input4
[    1.849298] snd_hda_intel 0000:00:01.1: Force to non-snoop mode
[    1.856717] Initializing XFRM netlink socket
[    1.859973] NET: Registered protocol family 10
[    1.863607] Segment Routing with IPv6
[    1.865864] snd_hda_codec_generic hdaudioC0D0: autoconfig for Generic: line_outs=0 (0x0/0x0/0x0/0x0/0x0) type:line
[    1.866540] sit: IPv6, IPv4 and MPLS over IPv4 tunneling driver
[    1.869314] snd_hda_codec_generic hdaudioC0D0:    speaker_outs=0 (0x0/0x0/0x0/0x0/0x0)
[    1.872731] NET: Registered protocol family 17
[    1.875288] snd_hda_codec_generic hdaudioC0D0:    hp_outs=0 (0x0/0x0/0x0/0x0/0x0)
[    1.881412] snd_hda_codec_generic hdaudioC0D0:    mono: mono_out=0x0
[    1.884481] snd_hda_codec_generic hdaudioC0D0:    dig-out=0x3/0x0
[    1.887520] snd_hda_codec_generic hdaudioC0D0:    inputs:
[    1.890588] ata1: SATA link up 6.0 Gbps (SStatus 133 SControl 300)
[    1.893876] random: fast init done
[    1.893923] microcode: CPU0: patch_level=0x0700010b
[    1.897237] input: HDA ATI HDMI HDMI as /devices/pci0000:00/0000:00:01.1/sound/card0/input6
[    1.902757] microcode: CPU1: patch_level=0x0700010b
[    1.903437] microcode: Microcode Update Driver: v2.2.
[    1.903475] sched_clock: Marking stable (1899936359, 1594837)->(2027421784, -125890588)
[    1.912329] ata1.00: ATA-8: KINGSTON SV300S37A120G, 603ABBF0, max UDMA/133
[    1.915489] ata1.00: 234441648 sectors, multi 1: LBA48 NCQ (depth 32), AA
[    1.919886] registered taskstats version 1
[    1.923083] Loading compiled-in X.509 certificates
[    1.927665] ata1.00: configured for UDMA/133
[    1.931423] scsi 0:0:0:0: Direct-Access     ATA      KINGSTON SV300S3 BBF0 PQ: 0 ANSI: 5
[    1.935385] sd 0:0:0:0: [sda] 234441648 512-byte logical blocks: (120 GB/112 GiB)
[    1.939137] sd 0:0:0:0: [sda] Write Protect is off
[    1.942323] sd 0:0:0:0: [sda] Mode Sense: 00 3a 00 00
[    1.942375] snd_hda_codec_realtek hdaudioC1D0: autoconfig for ALC3229: line_outs=1 (0x14/0x0/0x0/0x0/0x0) type:speaker
[    1.942683] acpi_cpufreq: overriding BIOS provided _PSD data
[    1.945735] snd_hda_codec_realtek hdaudioC1D0:    speaker_outs=0 (0x0/0x0/0x0/0x0/0x0)
[    1.949202] sd 0:0:0:0: [sda] Write cache: enabled, read cache: enabled, doesn't support DPO or FUA
[    1.952715] snd_hda_codec_realtek hdaudioC1D0:    hp_outs=1 (0x21/0x0/0x0/0x0/0x0)
[    1.960056] snd_hda_codec_realtek hdaudioC1D0:    mono: mono_out=0x0
[    1.960211] cfg80211: Loading compiled-in X.509 certificates for regulatory database
[    1.963696] snd_hda_codec_realtek hdaudioC1D0:    inputs:
[    1.969950] cfg80211: Loaded X.509 cert 'sforshee: 00b28ddf47aef9cea7'
[    1.971131] snd_hda_codec_realtek hdaudioC1D0:      Mic=0x19
[    1.974833] ALSA device list:
[    1.982132]   #0: HDA ATI HDMI at 0xfeb64000 irq 33
[    1.986012] sd 0:0:0:0: Attached scsi generic sg0 type 0
[    1.990902] platform regulatory.0: Direct firmware load for regulatory.db failed with error -2
[    1.994641] cfg80211: failed to load regulatory.db
[    2.002403]  sda: sda1 sda2 sda3 sda4 sda5 sda6
[    2.008515] sd 0:0:0:0: [sda] Attached SCSI disk
[    2.017718] input: HD-Audio Generic Headphone as /devices/pci0000:00/0000:00:14.2/sound/card1/input11
[    2.137469] usb 4-1: new full-speed USB device number 2 using ohci-pci
[    2.137482] tsc: Refined TSC clocksource calibration: 998.128 MHz
[    2.144976] clocksource: tsc: mask: 0xffffffffffffffff max_cycles: 0x1cc65d64e77, max_idle_ns: 881590512558 ns
[    2.148831] clocksource: Switched to clocksource tsc
[    2.423586] usb 4-1: New USB device found, idVendor=03eb, idProduct=843d, bcdDevice=20.01
[    2.427368] usb 4-1: New USB device strings: Mfr=1, Product=2, SerialNumber=0
[    2.431117] usb 4-1: Product: Atmel maXTouch Digitizer
[    2.434823] usb 4-1: Manufacturer: Atmel
[    2.455078] input: Atmel Atmel maXTouch Digitizer Touchscreen as /devices/pci0000:00/0000:00:13.0/usb4/4-1/4-1:1.0/0003:03EB:843D.0001/input/input15
[    2.459654] input: Atmel Atmel maXTouch Digitizer as /devices/pci0000:00/0000:00:13.0/usb4/4-1/4-1:1.0/0003:03EB:843D.0001/input/input16
[    2.464266] hid-generic 0003:03EB:843D.0001: input,hiddev96,hidraw0: USB HID v1.11 Device [Atmel Atmel maXTouch Digitizer] on usb-0000:00:13.0-1/input0
[    2.477362] hid-generic 0003:03EB:843D.0002: hiddev97,hidraw1: USB HID v1.11 Device [Atmel Atmel maXTouch Digitizer] on usb-0000:00:13.0-1/input1
[    2.694199] input: PS/2 Logitech Wheel Mouse as /devices/platform/i8042/serio4/input/input14
[    2.701384] md: Waiting for all devices to be available before autodetect
[    2.705603] md: If you don't use raid, use raid=noautodetect
[    2.710240] md: Autodetecting RAID arrays.
[    2.714397] md: autorun ...
[    2.718478] md: ... autorun DONE.
[    2.727270] EXT4-fs (sda2): mounted filesystem with ordered data mode. Opts: (null)
[    2.731475] VFS: Mounted root (ext4 filesystem) readonly on device 8:2.
[    2.737232] devtmpfs: mounted
[    2.742210] Freeing unused kernel image memory: 1256K
[    2.777636] Write protecting the kernel read-only data: 22528k
[    2.783316] Freeing unused kernel image memory: 1984K
[    2.788689] Freeing unused kernel image memory: 1740K
[    2.792686] Run /sbin/init as init process
[    2.843642] stty (1784) used greatest stack depth: 13832 bytes left
[    2.909174] mountpoint (1791) used greatest stack depth: 13792 bytes left
[    2.932086] sed (1798) used greatest stack depth: 13256 bytes left
[    3.074311] ip (1842) used greatest stack depth: 12480 bytes left
[    3.097470] usb 4-2: new full-speed USB device number 3 using ohci-pci
[    3.172605] udevd[1872]: starting version 3.2.1
[    3.184071] random: udevd: uninitialized urandom read (16 bytes read)
[    3.188956] random: udevd: uninitialized urandom read (16 bytes read)
[    3.193601] random: udevd: uninitialized urandom read (16 bytes read)
[    3.212028] udevd[1873]: starting eudev-3.2.1
[    3.370423] usb 4-2: New USB device found, idVendor=13d3, idProduct=3362, bcdDevice= 0.01
[    3.374818] usb 4-2: New USB device strings: Mfr=1, Product=2, SerialNumber=3
[    3.379143] usb 4-2: Product: Bluetooth USB Host Controller
[    3.383351] usb 4-2: Manufacturer: Atheros Communications
[    3.387547] usb 4-2: SerialNumber: Alaska Day 2006
[    3.494541] ath9k 0000:01:00.0 wlp1s0: renamed from wlan0
[    3.545818] [drm] radeon kernel modesetting enabled.
[    3.555922] checking generic (c0000000 420000) vs hw (c0000000 10000000)
[    3.555927] fb0: switching to radeondrmfb from EFI VGA
[    3.568595] r8169 0000:02:00.0 enp2s0: renamed from eth0
[    3.578077] Console: switching to colour dummy device 80x25
[    3.578416] radeon 0000:00:01.0: vgaarb: deactivate vga console
[    3.579878] [drm] initializing kernel modesetting (KABINI 0x1002:0x9839 0x1043:0x141D 0x00).
[    3.580014] [drm] doorbell mmio base: 0xD0000000
[    3.580024] [drm] doorbell mmio size: 8388608
[    3.580120] ATOM BIOS: AMD
[    3.580216] [drm] Changing default dispclk from 400Mhz to 600Mhz
[    3.580590] radeon 0000:00:01.0: VRAM: 512M 0x0000000000000000 - 0x000000001FFFFFFF (512M used)
[    3.580607] radeon 0000:00:01.0: GTT: 2048M 0x0000000020000000 - 0x000000009FFFFFFF
[    3.580632] [drm] Detected VRAM RAM=512M, BAR=256M
[    3.580661] [drm] RAM width 128bits DDR
[    3.594879] [TTM] Zone  kernel: Available graphics memory: 1729584 kiB
[    3.594902] [TTM] Initializing pool allocator
[    3.594921] [TTM] Initializing DMA pool allocator
[    3.595014] [drm] radeon: 512M of VRAM memory ready
[    3.595025] [drm] radeon: 2048M of GTT memory ready.
[    3.595082] [drm] Loading kabini Microcode
[    3.620760] [drm] Internal thermal controller without fan control
[    3.621987] [drm] radeon: dpm initialized
[    3.629711] [drm] Found UVD firmware Version: 1.64 Family ID: 9
[    3.637761] [drm] Found VCE firmware/feedback version 40.2.2 / 15!
[    3.649066] [drm] GART: num cpu pages 524288, num gpu pages 524288
[    3.683486] [drm] PCIE GART of 2048M enabled (table at 0x000000000030E000).
[    3.688143] radeon 0000:00:01.0: WB enabled
[    3.688199] radeon 0000:00:01.0: fence driver on ring 0 use gpu addr 0x0000000020000c00 and cpu addr 0x(____ptrval____)
[    3.688217] radeon 0000:00:01.0: fence driver on ring 1 use gpu addr 0x0000000020000c04 and cpu addr 0x(____ptrval____)
[    3.688231] radeon 0000:00:01.0: fence driver on ring 2 use gpu addr 0x0000000020000c08 and cpu addr 0x(____ptrval____)
[    3.688246] radeon 0000:00:01.0: fence driver on ring 3 use gpu addr 0x0000000020000c0c and cpu addr 0x(____ptrval____)
[    3.688260] radeon 0000:00:01.0: fence driver on ring 4 use gpu addr 0x0000000020000c10 and cpu addr 0x(____ptrval____)
[    3.689185] radeon 0000:00:01.0: fence driver on ring 5 use gpu addr 0x0000000000078d30 and cpu addr 0x(____ptrval____)
[    3.689570] radeon 0000:00:01.0: fence driver on ring 6 use gpu addr 0x0000000020000c18 and cpu addr 0x(____ptrval____)
[    3.689589] radeon 0000:00:01.0: fence driver on ring 7 use gpu addr 0x0000000020000c1c and cpu addr 0x(____ptrval____)
[    3.689603] [drm] Supports vblank timestamp caching Rev 2 (21.10.2013).
[    3.689611] [drm] Driver supports precise vblank timestamp query.
[    3.689719] radeon 0000:00:01.0: radeon: using MSI.
[    3.689783] [drm] radeon: irq initialized.
[    3.705239] [drm] ring test on 0 succeeded in 3 usecs
[    3.705380] [drm] ring test on 1 succeeded in 4 usecs
[    3.705421] [drm] ring test on 2 succeeded in 4 usecs
[    3.705745] [drm] ring test on 3 succeeded in 6 usecs
[    3.708543] [drm] ring test on 4 succeeded in 5 usecs
[    3.717485] usb 2-3: new high-speed USB device number 4 using ehci-pci
[    3.764176] [drm] ring test on 5 succeeded in 2 usecs
[    3.828884] [drm] UVD initialized successfully.
[    3.950145] usb 2-3: New USB device found, idVendor=04f2, idProduct=b404, bcdDevice=69.63
[    3.950169] usb 2-3: New USB device strings: Mfr=3, Product=1, SerialNumber=2
[    3.950181] usb 2-3: Product: USB2.0 HD UVC WebCam
[    3.950192] usb 2-3: Manufacturer: Chicony Electronics Co.,Ltd.
[    3.950201] usb 2-3: SerialNumber: 0x0001
[    3.957841] [drm] ring test on 6 succeeded in 19 usecs
[    3.957873] [drm] ring test on 7 succeeded in 3 usecs
[    3.957900] [drm] VCE initialized successfully.
[    3.963122] [drm] ib test on ring 0 succeeded in 0 usecs
[    3.963545] [drm] ib test on ring 1 succeeded in 0 usecs
[    3.964028] [drm] ib test on ring 2 succeeded in 0 usecs
[    3.964732] [drm] ib test on ring 3 succeeded in 0 usecs
[    3.965008] [drm] ib test on ring 4 succeeded in 0 usecs
[    4.497738] [drm] ib test on ring 5 succeeded
[    4.518982] [drm] ib test on ring 6 succeeded
[    4.519961] [drm] ib test on ring 7 succeeded
[    4.567579] [drm] radeon atom DIG backlight initialized
[    4.567607] [drm] Radeon Display Connectors
[    4.567615] [drm] Connector 0:
[    4.567621] [drm]   LVDS-1
[    4.567627] [drm]   HPD1
[    4.567636] [drm]   DDC: 0x6530 0x6530 0x6534 0x6534 0x6538 0x6538 0x653c 0x653c
[    4.567645] [drm]   Encoders:
[    4.567650] [drm]     LCD1: INTERNAL_UNIPHY
[    4.567657] [drm] Connector 1:
[    4.567663] [drm]   HDMI-A-1
[    4.567668] [drm]   HPD2
[    4.567676] [drm]   DDC: 0x6540 0x6540 0x6544 0x6544 0x6548 0x6548 0x654c 0x654c
[    4.567684] [drm]   Encoders:
[    4.567690] [drm]     DFP1: INTERNAL_UNIPHY
[    4.567696] [drm] Connector 2:
[    4.567701] [drm]   VGA-1
[    4.567708] [drm]   DDC: 0x65c0 0x65c0 0x65c4 0x65c4 0x65c8 0x65c8 0x65cc 0x65cc
[    4.567717] [drm]   Encoders:
[    4.567722] [drm]     CRT1: INTERNAL_KLDSCP_DAC1
[    5.659749] [drm] fb mappable at 0xC0722000
[    5.659767] [drm] vram apper at 0xC0000000
[    5.659773] [drm] size 4325376
[    5.659779] [drm] fb depth is 24
[    5.659785] [drm]    pitch is 5632
[    5.660176] fbcon: radeondrmfb (fb0) is primary device
[    5.767874] Console: switching to colour frame buffer device 170x48
[    5.778323] radeon 0000:00:01.0: fb0: radeondrmfb frame buffer device
[    5.841573] ACPI Debug:  "=== ALIB 0 - true ==="
[    5.842296] [drm] Initialized radeon 2.50.0 20080528 for 0000:00:01.0 on minor 0
[    5.930829] Adding 3608572k swap on /dev/sda4.  Priority:1 extents:1 across:3608572k SS
[    5.980906] EXT4-fs (sda2): re-mounted. Opts: (null)
[    6.074661] EXT4-fs (sda2): re-mounted. Opts: (null)
[    8.579857] urandom_read: 6 callbacks suppressed
[    8.579862] random: wpa_supplicant: uninitialized urandom read (32 bytes read)
[    9.928715] wlp1s0: authenticate with 64:66:b3:cd:9a:3a
[    9.949234] wlp1s0: send auth to 64:66:b3:cd:9a:3a (try 1/3)
[    9.956350] wlp1s0: authenticated
[    9.967591] wlp1s0: associate with 64:66:b3:cd:9a:3a (try 1/3)
[    9.975628] wlp1s0: RX AssocResp from 64:66:b3:cd:9a:3a (capab=0x431 status=0 aid=2)
[    9.979793] wlp1s0: associated
[   10.010975] IPv6: ADDRCONF(NETDEV_CHANGE): wlp1s0: link becomes ready
[   11.382919] udevd (1989) used greatest stack depth: 12200 bytes left
[  495.182435] random: crng init done
[ 2520.447568] usb 3-2: new full-speed USB device number 2 using ohci-pci
[ 2520.716427] usb 3-2: New USB device found, idVendor=1a86, idProduct=7523, bcdDevice= 2.54
[ 2520.716441] usb 3-2: New USB device strings: Mfr=0, Product=2, SerialNumber=0
[ 2520.716447] usb 3-2: Product: USB2.0-Serial
[ 2520.719015] ch341 3-2:1.0: ch341-uart converter detected
[ 2520.728629] usb 3-2: ch341-uart converter now attached to ttyUSB0
[ 2574.708323] usb 3-2: USB disconnect, device number 2
[ 2574.708803] ch341-uart ttyUSB0: ch341-uart converter now disconnected from ttyUSB0
[ 2574.708859] ch341 3-2:1.0: device disconnected
[ 2575.317554] usb 3-2: new full-speed USB device number 3 using ohci-pci
[ 2575.586427] usb 3-2: New USB device found, idVendor=1a86, idProduct=7523, bcdDevice= 2.54
[ 2575.586439] usb 3-2: New USB device strings: Mfr=0, Product=2, SerialNumber=0
[ 2575.586446] usb 3-2: Product: USB2.0-Serial
[ 2575.588880] ch341 3-2:1.0: ch341-uart converter detected
[ 2575.598662] usb 3-2: ch341-uart converter now attached to ttyUSB0
[ 3047.594632] usb 3-2: USB disconnect, device number 3
[ 3047.595072] ch341-uart ttyUSB0: ch341-uart converter now disconnected from ttyUSB0
[ 3047.595125] ch341 3-2:1.0: device disconnected
[ 4648.247545] usb 3-2: new full-speed USB device number 4 using ohci-pci
[ 4648.526575] usb 3-2: New USB device found, idVendor=1a86, idProduct=7523, bcdDevice= 2.62
[ 4648.526589] usb 3-2: New USB device strings: Mfr=0, Product=2, SerialNumber=0
[ 4648.526595] usb 3-2: Product: USB2.0-Serial
[ 4648.529628] ch341 3-2:1.0: ch341-uart converter detected
[ 4648.538655] usb 3-2: ch341-uart converter now attached to ttyUSB0
[ 4809.191898] usb 3-2: USB disconnect, device number 4
[ 4809.192351] ch341-uart ttyUSB0: ch341-uart converter now disconnected from ttyUSB0
[ 4809.192405] ch341 3-2:1.0: device disconnected
