[    0.000000] Linux version 5.2.0+ (root@(none)) (gcc version 9.0.1 20190416 (experimental) (GCC)) #196 SMP Mon Jul 15 13:06:17 +05 2019
[    0.000000] Command line: BOOT_IMAGE=/boot/bzImage root=/dev/sda2 ro
[    0.000000] x86/fpu: Supporting XSAVE feature 0x001: 'x87 floating point registers'
[    0.000000] x86/fpu: Supporting XSAVE feature 0x002: 'SSE registers'
[    0.000000] x86/fpu: Supporting XSAVE feature 0x004: 'AVX registers'
[    0.000000] x86/fpu: xstate_offset[2]:  576, xstate_sizes[2]:  256
[    0.000000] x86/fpu: Enabled xstate features 0x7, context size is 832 bytes, using 'standard' format.
[    0.000000] BIOS-provided physical RAM map:
[    0.000000] BIOS-e820: [mem 0x0000000000000000-0x000000000009ffff] usable
[    0.000000] BIOS-e820: [mem 0x0000000000100000-0x000000009d0f7fff] usable
[    0.000000] BIOS-e820: [mem 0x000000009d0f8000-0x000000009d127fff] reserved
[    0.000000] BIOS-e820: [mem 0x000000009d128000-0x000000009d370fff] usable
[    0.000000] BIOS-e820: [mem 0x000000009d371000-0x000000009dc56fff] ACPI NVS
[    0.000000] BIOS-e820: [mem 0x000000009dc57000-0x000000009e959fff] reserved
[    0.000000] BIOS-e820: [mem 0x000000009e95a000-0x000000009e9cafff] type 20
[    0.000000] BIOS-e820: [mem 0x000000009e9cb000-0x000000009e9cbfff] usable
[    0.000000] BIOS-e820: [mem 0x000000009e9cc000-0x000000009e9d3fff] ACPI NVS
[    0.000000] BIOS-e820: [mem 0x000000009e9d4000-0x000000009eb24fff] usable
[    0.000000] BIOS-e820: [mem 0x000000009eb25000-0x000000009f041fff] reserved
[    0.000000] BIOS-e820: [mem 0x000000009f042000-0x000000009f080fff] usable
[    0.000000] BIOS-e820: [mem 0x000000009f081000-0x000000009f3f1fff] reserved
[    0.000000] BIOS-e820: [mem 0x000000009f3f2000-0x000000009f3fffff] usable
[    0.000000] BIOS-e820: [mem 0x00000000fec00000-0x00000000fec01fff] reserved
[    0.000000] BIOS-e820: [mem 0x00000000fec10000-0x00000000fec10fff] reserved
[    0.000000] BIOS-e820: [mem 0x00000000fed00000-0x00000000fed00fff] reserved
[    0.000000] BIOS-e820: [mem 0x00000000fed80000-0x00000000fed8ffff] reserved
[    0.000000] BIOS-e820: [mem 0x00000000ff000000-0x00000000ffffffff] reserved
[    0.000000] BIOS-e820: [mem 0x0000000100001000-0x000000013effffff] usable
[    0.000000] NX (Execute Disable) protection: active
[    0.000000] efi: EFI v2.31 by American Megatrends
[    0.000000] efi:  ACPI=0x9d3f3000  ACPI 2.0=0x9d3f3000  SMBIOS=0x9e958998 
[    0.000000] SMBIOS 2.7 present.
[    0.000000] DMI: ASUSTeK COMPUTER INC. X102BA/X102BA, BIOS X102BA.212 08/30/2013
[    0.000000] tsc: Fast TSC calibration using PIT
[    0.000000] tsc: Detected 998.167 MHz processor
[    0.000214] e820: update [mem 0x00000000-0x00000fff] usable ==> reserved
[    0.000219] e820: remove [mem 0x000a0000-0x000fffff] usable
[    0.000241] last_pfn = 0x13f000 max_arch_pfn = 0x400000000
[    0.000251] MTRR default type: uncachable
[    0.000252] MTRR fixed ranges enabled:
[    0.000256]   00000-9FFFF write-back
[    0.000258]   A0000-BFFFF write-through
[    0.000261]   C0000-DFFFF uncachable
[    0.000263]   E0000-FFFFF write-protect
[    0.000265] MTRR variable ranges enabled:
[    0.000269]   0 base 0000000000 mask FF80000000 write-back
[    0.000273]   1 base 0080000000 mask FFE0000000 write-back
[    0.000276]   2 base 009F400000 mask FFFFC00000 uncachable
[    0.000279]   3 base 009F800000 mask FFFF800000 uncachable
[    0.000280]   4 disabled
[    0.000282]   5 disabled
[    0.000283]   6 disabled
[    0.000284]   7 disabled
[    0.000286] TOM2: 000000013f000000 aka 5104M
[    0.000806] x86/PAT: Configuration [0-7]: WB  WC  UC- UC  WB  WP  UC- WT  
[    0.001078] e820: update [mem 0x9f400000-0xffffffff] usable ==> reserved
[    0.001093] last_pfn = 0x9f400 max_arch_pfn = 0x400000000
[    0.014521] check: Scanning 1 areas for low memory corruption
[    0.014534] Using GB pages for direct mapping
[    0.014541] BRK [0x122e01000, 0x122e01fff] PGTABLE
[    0.014547] BRK [0x122e02000, 0x122e02fff] PGTABLE
[    0.014551] BRK [0x122e03000, 0x122e03fff] PGTABLE
[    0.014655] BRK [0x122e04000, 0x122e04fff] PGTABLE
[    0.014660] BRK [0x122e05000, 0x122e05fff] PGTABLE
[    0.014800] BRK [0x122e06000, 0x122e06fff] PGTABLE
[    0.015286] BRK [0x122e07000, 0x122e07fff] PGTABLE
[    0.015434] BRK [0x122e08000, 0x122e08fff] PGTABLE
[    0.015611] BRK [0x122e09000, 0x122e09fff] PGTABLE
[    0.015800] BRK [0x122e0a000, 0x122e0afff] PGTABLE
[    0.015946] BRK [0x122e0b000, 0x122e0bfff] PGTABLE
[    0.016153] BRK [0x122e0c000, 0x122e0cfff] PGTABLE
[    0.016545] Secure boot could not be determined
[    0.016560] ACPI: Early table checksum verification disabled
[    0.016570] ACPI: RSDP 0x000000009D3F3000 000024 (v02 _ASUS_)
[    0.016581] ACPI: XSDT 0x000000009D3F3088 000094 (v01 _ASUS_ Notebook 01072009 AMI  00010013)
[    0.016598] ACPI: FACP 0x000000009D400748 00010C (v05 _ASUS_ Notebook 01072009 AMI  00010013)
[    0.016613] ACPI BIOS Warning (bug): Optional FADT field Pm2ControlBlock has valid Length but zero Address: 0x0000000000000000/0x1 (20190703/tbfadt-615)
[    0.016626] ACPI: DSDT 0x000000009D3F31A8 00D59D (v02 _ASUS_ Notebook 00000000 INTL 20091112)
[    0.016636] ACPI: FACS 0x000000009DC4B080 000040
[    0.016643] ACPI: APIC 0x000000009D400858 00007E (v03 _ASUS_ Notebook 01072009 AMI  00010013)
[    0.016652] ACPI: FPDT 0x000000009D4008D8 000044 (v01 _ASUS_ Notebook 01072009 AMI  00010013)
[    0.016661] ACPI: ECDT 0x000000009D400920 0000C1 (v01 _ASUS_ Notebook 01072009 AMI. 00000005)
[    0.016669] ACPI: MCFG 0x000000009D4009E8 00003C (v01 _ASUS_ Notebook 01072009 MSFT 00010013)
[    0.016678] ACPI: HPET 0x000000009D400A28 000038 (v01 _ASUS_ Notebook 01072009 AMI  00000005)
[    0.016687] ACPI: VFCT 0x000000009D400A60 004684 (v01 _ASUS_ Notebook 00000001 AMD  31504F47)
[    0.016696] ACPI: BGRT 0x000000009D4050E8 000038 (v00 _ASUS_ Notebook 01072009 ASUS 00010013)
[    0.016705] ACPI: SSDT 0x000000009D405120 0005E0 (v01 AMD    AGESA    00000001 AMD  00000001)
[    0.016713] ACPI: SSDT 0x000000009D405700 0046D1 (v02 AMD    AGESA    00000002 MSFT 04000000)
[    0.016722] ACPI: CRAT 0x000000009D409DD8 000228 (v01 AMD    AGESA    00000001 AMD  00000001)
[    0.016731] ACPI: SSDT 0x000000009D40A000 001411 (v01 AMD    CPMDFIGP 00000001 INTL 20051117)
[    0.016740] ACPI: SSDT 0x000000009D40B418 0010E8 (v01 AMD    CPMCMN   00000001 INTL 20051117)
[    0.016749] ACPI: MSDM 0x000000009D127F98 000055 (v03 _ASUS_ Notebook 00000000 ASUS 00000001)
[    0.016776] ACPI: Local APIC address 0xfee00000
[    0.017131] No NUMA configuration found
[    0.017135] Faking a node at [mem 0x0000000000000000-0x000000013effffff]
[    0.017149] NODE_DATA(0) allocated [mem 0x13effb000-0x13effefff]
[    0.017201] Zone ranges:
[    0.017205]   DMA      [mem 0x0000000000001000-0x0000000000ffffff]
[    0.017209]   DMA32    [mem 0x0000000001000000-0x00000000ffffffff]
[    0.017213]   Normal   [mem 0x0000000100000000-0x000000013effffff]
[    0.017217] Movable zone start for each node
[    0.017219] Early memory node ranges
[    0.017223]   node   0: [mem 0x0000000000001000-0x000000000009ffff]
[    0.017226]   node   0: [mem 0x0000000000100000-0x000000009d0f7fff]
[    0.017229]   node   0: [mem 0x000000009d128000-0x000000009d370fff]
[    0.017232]   node   0: [mem 0x000000009e9cb000-0x000000009e9cbfff]
[    0.017235]   node   0: [mem 0x000000009e9d4000-0x000000009eb24fff]
[    0.017238]   node   0: [mem 0x000000009f042000-0x000000009f080fff]
[    0.017241]   node   0: [mem 0x000000009f3f2000-0x000000009f3fffff]
[    0.017244]   node   0: [mem 0x0000000100001000-0x000000013effffff]
[    0.017566] Zeroed struct page in unavailable ranges: 11138 pages
[    0.017574] Initmem setup node 0 [mem 0x0000000000001000-0x000000013effffff]
[    0.017581] On node 0 totalpages: 902270
[    0.017584]   DMA zone: 64 pages used for memmap
[    0.017586]   DMA zone: 23 pages reserved
[    0.017588]   DMA zone: 3999 pages, LIFO batch:0
[    0.017815]   DMA32 zone: 10004 pages used for memmap
[    0.017818]   DMA32 zone: 640224 pages, LIFO batch:63
[    0.057386]   Normal zone: 4032 pages used for memmap
[    0.057393]   Normal zone: 258047 pages, LIFO batch:63
[    0.070555] ACPI: PM-Timer IO Port: 0x808
[    0.070566] ACPI: Local APIC address 0xfee00000
[    0.070583] ACPI: LAPIC_NMI (acpi_id[0xff] high edge lint[0x1])
[    0.070599] IOAPIC[0]: apic_id 3, version 33, address 0xfec00000, GSI 0-23
[    0.070609] IOAPIC[1]: apic_id 4, version 33, address 0xfec01000, GSI 24-55
[    0.070616] ACPI: INT_SRC_OVR (bus 0 bus_irq 0 global_irq 2 dfl dfl)
[    0.070622] ACPI: INT_SRC_OVR (bus 0 bus_irq 9 global_irq 9 low level)
[    0.070626] ACPI: IRQ0 used by override.
[    0.070629] ACPI: IRQ9 used by override.
[    0.070633] Using ACPI (MADT) for SMP configuration information
[    0.070638] ACPI: HPET id: 0x10228210 base: 0xfed00000
[    0.070653] smpboot: Allowing 4 CPUs, 2 hotplug CPUs
[    0.070724] PM: Registered nosave memory: [mem 0x00000000-0x00000fff]
[    0.070732] PM: Registered nosave memory: [mem 0x000a0000-0x000fffff]
[    0.070739] PM: Registered nosave memory: [mem 0x9d0f8000-0x9d127fff]
[    0.070746] PM: Registered nosave memory: [mem 0x9d371000-0x9dc56fff]
[    0.070749] PM: Registered nosave memory: [mem 0x9dc57000-0x9e959fff]
[    0.070752] PM: Registered nosave memory: [mem 0x9e95a000-0x9e9cafff]
[    0.070759] PM: Registered nosave memory: [mem 0x9e9cc000-0x9e9d3fff]
[    0.070766] PM: Registered nosave memory: [mem 0x9eb25000-0x9f041fff]
[    0.070772] PM: Registered nosave memory: [mem 0x9f081000-0x9f3f1fff]
[    0.070779] PM: Registered nosave memory: [mem 0x9f400000-0xfebfffff]
[    0.070782] PM: Registered nosave memory: [mem 0xfec00000-0xfec01fff]
[    0.070785] PM: Registered nosave memory: [mem 0xfec02000-0xfec0ffff]
[    0.070788] PM: Registered nosave memory: [mem 0xfec10000-0xfec10fff]
[    0.070790] PM: Registered nosave memory: [mem 0xfec11000-0xfecfffff]
[    0.070793] PM: Registered nosave memory: [mem 0xfed00000-0xfed00fff]
[    0.070796] PM: Registered nosave memory: [mem 0xfed01000-0xfed7ffff]
[    0.070799] PM: Registered nosave memory: [mem 0xfed80000-0xfed8ffff]
[    0.070801] PM: Registered nosave memory: [mem 0xfed90000-0xfeffffff]
[    0.070804] PM: Registered nosave memory: [mem 0xff000000-0xffffffff]
[    0.070807] PM: Registered nosave memory: [mem 0x100000000-0x100000fff]
[    0.070813] [mem 0x9f400000-0xfebfffff] available for PCI devices
[    0.070824] clocksource: refined-jiffies: mask: 0xffffffff max_cycles: 0xffffffff, max_idle_ns: 19112604462750000 ns
[    0.496394] setup_percpu: NR_CPUS:64 nr_cpumask_bits:64 nr_cpu_ids:4 nr_node_ids:1
[    0.497584] percpu: Embedded 51 pages/cpu s169944 r8192 d30760 u524288
[    0.497623] pcpu-alloc: s169944 r8192 d30760 u524288 alloc=1*2097152
[    0.497626] pcpu-alloc: [0] 0 1 2 3 
[    0.497705] Built 1 zonelists, mobility grouping on.  Total pages: 888147
[    0.497709] Policy zone: Normal
[    0.497716] Kernel command line: BOOT_IMAGE=/boot/bzImage root=/dev/sda2 ro
[    0.499696] Dentry cache hash table entries: 524288 (order: 10, 4194304 bytes, linear)
[    0.500628] Inode-cache hash table entries: 262144 (order: 9, 2097152 bytes, linear)
[    0.500708] mem auto-init: stack:off, heap alloc:off, heap free:off
[    0.564993] Memory: 3426032K/3609080K available (14356K kernel code, 1439K rwdata, 4484K rodata, 1300K init, 820K bss, 183048K reserved, 0K cma-reserved)
[    0.565238] SLUB: HWalign=64, Order=0-3, MinObjects=0, CPUs=4, Nodes=1
[    0.565476] rcu: Hierarchical RCU implementation.
[    0.565481] rcu: 	RCU event tracing is enabled.
[    0.565485] rcu: 	RCU restricting CPUs from NR_CPUS=64 to nr_cpu_ids=4.
[    0.565490] rcu: RCU calculated value of scheduler-enlistment delay is 10 jiffies.
[    0.565493] rcu: Adjusting geometry for rcu_fanout_leaf=16, nr_cpu_ids=4
[    0.566087] NR_IRQS: 4352, nr_irqs: 1000, preallocated irqs: 16
[    0.566688] random: get_random_bytes called from start_kernel+0x314/0x4e1 with crng_init=0
[    0.566773] Console: colour dummy device 80x25
[    0.567477] printk: console [tty0] enabled
[    0.567524] ACPI: Core revision 20190703
[    0.568118] clocksource: hpet: mask: 0xffffffff max_cycles: 0xffffffff, max_idle_ns: 133484873504 ns
[    0.568157] APIC: Switch to symmetric I/O mode setup
[    0.569017] ..TIMER: vector=0x30 apic1=0 pin1=2 apic2=-1 pin2=-1
[    0.618157] clocksource: tsc-early: mask: 0xffffffffffffffff max_cycles: 0x1cc6a6fa792, max_idle_ns: 881590495572 ns
[    0.618175] Calibrating delay loop (skipped), value calculated using timer frequency.. 1996.33 BogoMIPS (lpj=9981670)
[    0.618190] pid_max: default: 32768 minimum: 301
[    0.620848] LSM: Security Framework initializing
[    0.620883] SELinux:  Initializing.
[    0.620918] *** VALIDATE SELinux ***
[    0.620984] Mount-cache hash table entries: 8192 (order: 4, 65536 bytes, linear)
[    0.621023] Mountpoint-cache hash table entries: 8192 (order: 4, 65536 bytes, linear)
[    0.621410] *** VALIDATE proc ***
[    0.621500] *** VALIDATE cgroup1 ***
[    0.621511] *** VALIDATE cgroup2 ***
[    0.621618] LVT offset 1 assigned for vector 0xf9
[    0.621636] Last level iTLB entries: 4KB 512, 2MB 8, 4MB 4
[    0.621643] Last level dTLB entries: 4KB 512, 2MB 256, 4MB 128, 1GB 0
[    0.621653] Spectre V2 : Mitigation: Full AMD retpoline
[    0.621659] Spectre V2 : Spectre v2 / SpectreRSB mitigation: Filling RSB on context switch
[    0.621671] Speculative Store Bypass: Mitigation: Speculative Store Bypass disabled via prctl and seccomp
[    0.622258] Freeing SMP alternatives memory: 40K
[    0.628171] smpboot: CPU0: AMD A4-1200 APU with Radeon(TM) HD Graphics (family: 0x16, model: 0x0, stepping: 0x1)
[    0.628171] Performance Events: AMD PMU driver.
[    0.628171] ... version:                0
[    0.628171] ... bit width:              48
[    0.628171] ... generic registers:      4
[    0.628171] ... value mask:             0000ffffffffffff
[    0.628171] ... max period:             00007fffffffffff
[    0.628171] ... fixed-purpose events:   0
[    0.628171] ... event mask:             000000000000000f
[    0.628171] rcu: Hierarchical SRCU implementation.
[    0.628171] MCE: In-kernel MCE decoding enabled.
[    0.628171] smp: Bringing up secondary CPUs ...
[    0.628171] x86: Booting SMP configuration:
[    0.628171] .... node  #0, CPUs:      #1
[    0.628171] smp: Brought up 1 node, 2 CPUs
[    0.628171] smpboot: Max logical packages: 2
[    0.628171] smpboot: Total of 2 processors activated (3992.66 BogoMIPS)
[    0.628171] ++++++++++++++++++++++++TEST++++++++++++++++
[    0.628171] devtmpfs: initialized
[    0.628171] PM: Registering ACPI NVS region [mem 0x9d371000-0x9dc56fff] (9330688 bytes)
[    0.628171] PM: Registering ACPI NVS region [mem 0x9e9cc000-0x9e9d3fff] (32768 bytes)
[    0.628171] clocksource: jiffies: mask: 0xffffffff max_cycles: 0xffffffff, max_idle_ns: 19112604462750000 ns
[    0.628171] futex hash table entries: 1024 (order: 4, 65536 bytes, linear)
[    0.628171] kworker/u8:0 (22) used greatest stack depth: 14616 bytes left
[    0.628171] NET: Registered protocol family 16
[    0.628171] audit: initializing netlink subsys (disabled)
[    0.628171] audit: type=2000 audit(1563178158.050:1): state=initialized audit_enabled=0 res=1
[    0.628171] cpuidle: using governor ladder
[    0.628171] cpuidle: using governor menu
[    0.628171] ACPI FADT declares the system doesn't support PCIe ASPM, so disable it
[    0.628171] ACPI: bus type PCI registered
[    0.628171] PCI: MMCONFIG for domain 0000 [bus 00-ff] at [mem 0xe0000000-0xefffffff] (base 0xe0000000)
[    0.628171] PCI: not using MMCONFIG
[    0.628171] PCI: Using configuration type 1 for base access
[    0.628171] PCI: Using configuration type 1 for extended access
[    0.628208] rq->curr == THREAD(this messg)
[    0.628209] state TASK_RUNNING
[    0.628221] color, tsk->comm, weight, vruntime, state: -126111066795623 kworker/u8:1 1048576 48033497 0
[    0.628230] color, tsk->comm, weight, vruntime, state: -126111066805992 kworker/u8:1 1048576 48033497 0
[    0.628242] color, tsk->comm, weight, vruntime, state: -126111066795623 kworker/u8:1 1048576 48033497 0
[    0.628253] color, tsk->comm, weight, vruntime, state: 1 kworker/u8:1 1048576 48247784 0
[    0.628265] color, tsk->comm, weight, vruntime, state: -126111067444071 kworker/u8:1 1048576 48533498 0
[    0.628276] color, tsk->comm, weight, vruntime, state: -126111066805992 kworker/u8:1 1048576 48933497 0
[    0.628287] color, tsk->comm, weight, vruntime, state: -126111067444071 kworker/u8:1 1048576 49533497 0
[    0.628299] comm swapper/0 pid 1 state 0
[    0.628314] comm kthreadd pid 2 state 1
[    0.628321] comm rcu_gp pid 3 state 1026
[    0.628328] comm rcu_par_gp pid 4 state 1026
[    0.628335] comm kworker/0:0 pid 5 state 1026
[    0.628342] comm kworker/0:0H pid 6 state 1026
[    0.628349] comm kworker/u8:0 pid 7 state 0
[    0.628356] comm mm_percpu_wq pid 8 state 1026
[    0.628362] comm ksoftirqd/0 pid 9 state 1
[    0.628369] comm rcu_sched pid 10 state 1026
[    0.628376] comm migration/0 pid 11 state 1
[    0.628383] comm cpuhp/0 pid 12 state 1
[    0.628389] comm cpuhp/1 pid 13 state 1
[    0.628396] comm migration/1 pid 14 state 1
[    0.628403] comm ksoftirqd/1 pid 15 state 1
[    0.628410] comm kworker/1:0 pid 16 state 258
[    0.628417] comm kworker/1:0H pid 17 state 1026
[    0.628424] comm THREAD pid 18 state 0
[    0.628430] comm kdevtmpfs pid 19 state 1
[    0.628437] comm netns pid 20 state 1026
[    0.628444] comm kworker/u8:1 pid 21 state 1026
[    0.628450] comm kauditd pid 24 state 1
[    0.628457] comm kworker/u8:1 pid 25 state 0
[    0.628464] comm kworker/u8:1 pid 26 state 0
[    0.628470] comm kworker/u8:1 pid 27 state 0
[    0.628477] comm kworker/u8:1 pid 28 state 0
[    0.628483] comm kworker/u8:1 pid 29 state 0
[    0.628489] comm kworker/u8:1 pid 31 state 0
[    0.628496] comm kworker/u8:1 pid 33 state 0
[    0.628503] comm kworker/u8:1 pid 34 state 0
[    0.628509] comm kworker/u8:1 pid 35 state 0
[    0.628516] comm kworker/0:1 pid 37 state 1026
[    0.628523] comm kthreadd pid 38 state 0
[    0.628528] proc in rq 7
[    0.628530] rq->nr_running rq->cfs.nr_running : 8 8
[    0.628540] rq->rt.rt_nr_running  rq->cfs.load.weight : 0  8388608
[    0.628542] ----------------^^^^CPU0^^^^^-----------------------
[    0.628549] rq->curr->pid == 1
[    0.628556] state TASK_RUNNING
[    0.628564] color, tsk->comm, weight, vruntime, state: -126111066816360 kworker/u8:0 1048576 28351403 0
[    0.628571] color, tsk->comm, weight, vruntime, state: -126111067447527 kworker/u8:1 1048576 34351403 0
[    0.628582] color, tsk->comm, weight, vruntime, state: 1 kworker/u8:1 1048576 34951403 0
[    0.628593] color, tsk->comm, weight, vruntime, state: -126111067447527 kthreadd 1048576 37351400 0
[    0.628603] comm swapper/0 pid 1 state 0
[    0.628617] comm kthreadd pid 2 state 1
[    0.628624] comm rcu_gp pid 3 state 1026
[    0.628630] comm rcu_par_gp pid 4 state 1026
[    0.628636] comm kworker/0:0 pid 5 state 1026
[    0.628643] comm kworker/0:0H pid 6 state 1026
[    0.628649] comm kworker/u8:0 pid 7 state 0
[    0.628656] comm mm_percpu_wq pid 8 state 1026
[    0.628663] comm ksoftirqd/0 pid 9 state 1
[    0.628669] comm rcu_sched pid 10 state 1026
[    0.628676] comm migration/0 pid 11 state 1
[    0.628682] comm cpuhp/0 pid 12 state 1
[    0.628688] comm cpuhp/1 pid 13 state 1
[    0.628694] comm migration/1 pid 14 state 1
[    0.628701] comm ksoftirqd/1 pid 15 state 1
[    0.628707] comm kworker/1:0 pid 16 state 258
[    0.628714] comm kworker/1:0H pid 17 state 1026
[    0.628720] comm THREAD pid 18 state 0
[    0.628726] comm kdevtmpfs pid 19 state 1
[    0.628733] comm netns pid 20 state 1026
[    0.628739] comm kworker/u8:1 pid 21 state 1026
[    0.628746] comm kauditd pid 24 state 1
[    0.628752] comm kworker/u8:1 pid 25 state 0
[    0.628758] comm kworker/u8:1 pid 26 state 0
[    0.628765] comm kworker/u8:1 pid 27 state 0
[    0.628771] comm kworker/u8:1 pid 28 state 0
[    0.628777] comm kworker/u8:1 pid 29 state 0
[    0.628784] comm kworker/u8:1 pid 31 state 0
[    0.628790] comm kworker/u8:1 pid 33 state 0
[    0.628797] comm kworker/u8:1 pid 34 state 0
[    0.628803] comm kworker/u8:1 pid 35 state 0
[    0.628809] comm kworker/0:1 pid 37 state 1026
[    0.628816] comm kthreadd pid 38 state 0
[    0.628821] proc in rq 4
[    0.628823] rq->nr_running rq->cfs.nr_running : 5 5
[    0.628833] rq->rt.rt_nr_running  rq->cfs.load.weight : 0  5242880
[    0.628835] ----------------^^^^CPU1^^^^^-----------------------
[    0.628842] rq->curr->pid == 0
[    0.628849] state TASK_RUNNING
[    0.628856] comm swapper/0 pid 1 state 0
[    0.628866] comm kthreadd pid 2 state 1
[    0.628872] comm rcu_gp pid 3 state 1026
[    0.628879] comm rcu_par_gp pid 4 state 1026
[    0.628885] comm kworker/0:0 pid 5 state 1026
[    0.628891] comm kworker/0:0H pid 6 state 1026
[    0.628898] comm kworker/u8:0 pid 7 state 0
[    0.628904] comm mm_percpu_wq pid 8 state 1026
[    0.628911] comm ksoftirqd/0 pid 9 state 1
[    0.628917] comm rcu_sched pid 10 state 1026
[    0.628924] comm migration/0 pid 11 state 1
[    0.628930] comm cpuhp/0 pid 12 state 1
[    0.628936] comm cpuhp/1 pid 13 state 1
[    0.628942] comm migration/1 pid 14 state 1
[    0.628949] comm ksoftirqd/1 pid 15 state 1
[    0.628955] comm kworker/1:0 pid 16 state 258
[    0.628962] comm kworker/1:0H pid 17 state 1026
[    0.628968] comm THREAD pid 18 state 0
[    0.628974] comm kdevtmpfs pid 19 state 1
[    0.628981] comm netns pid 20 state 1026
[    0.628987] comm kworker/u8:1 pid 21 state 1026
[    0.628993] comm kauditd pid 24 state 1
[    0.629000] comm kworker/u8:1 pid 25 state 0
[    0.629006] comm kworker/u8:1 pid 26 state 0
[    0.629012] comm kworker/u8:1 pid 27 state 0
[    0.629019] comm kworker/u8:1 pid 28 state 0
[    0.629025] comm kworker/u8:1 pid 29 state 0
[    0.629032] comm kworker/u8:1 pid 31 state 0
[    0.629038] comm kworker/u8:1 pid 33 state 0
[    0.629044] comm kworker/u8:1 pid 34 state 0
[    0.629051] comm kworker/u8:1 pid 35 state 0
[    0.629057] comm kworker/0:1 pid 37 state 1026
[    0.629064] comm kthreadd pid 38 state 0
[    0.629069] proc in rq 0
[    0.629071] rq->nr_running rq->cfs.nr_running : 0 0
[    0.629081] rq->rt.rt_nr_running  rq->cfs.load.weight : 0  0
[    0.629082] ----------------^^^^CPU2^^^^^-----------------------
[    0.629089] rq->curr->pid == 0
[    0.629096] state TASK_RUNNING
[    0.629103] comm swapper/0 pid 1 state 0
[    0.629113] comm kthreadd pid 2 state 1
[    0.629119] comm rcu_gp pid 3 state 1026
[    0.629125] comm rcu_par_gp pid 4 state 1026
[    0.629132] comm kworker/0:0 pid 5 state 1026
[    0.629138] comm kworker/0:0H pid 6 state 1026
[    0.629145] comm kworker/u8:0 pid 7 state 0
[    0.629151] comm mm_percpu_wq pid 8 state 1026
[    0.629158] comm ksoftirqd/0 pid 9 state 1
[    0.629164] comm rcu_sched pid 10 state 1026
[    0.629171] comm migration/0 pid 11 state 1
[    0.629177] comm cpuhp/0 pid 12 state 1
[    0.629183] comm cpuhp/1 pid 13 state 1
[    0.629190] comm migration/1 pid 14 state 1
[    0.629196] comm ksoftirqd/1 pid 15 state 1
[    0.629202] comm kworker/1:0 pid 16 state 258
[    0.629209] comm kworker/1:0H pid 17 state 1026
[    0.629215] comm THREAD pid 18 state 0
[    0.629222] comm kdevtmpfs pid 19 state 1
[    0.629228] comm netns pid 20 state 1026
[    0.629235] comm kworker/u8:1 pid 21 state 1026
[    0.629241] comm kauditd pid 24 state 1
[    0.629248] comm kworker/u8:1 pid 25 state 0
[    0.629254] comm kworker/u8:1 pid 26 state 0
[    0.629260] comm kworker/u8:1 pid 27 state 0
[    0.629267] comm kworker/u8:1 pid 28 state 0
[    0.629273] comm kworker/u8:1 pid 29 state 0
[    0.629279] comm kworker/u8:1 pid 31 state 0
[    0.629286] comm kworker/u8:1 pid 33 state 0
[    0.629292] comm kworker/u8:1 pid 34 state 0
[    0.629298] comm kworker/u8:1 pid 35 state 0
[    0.629305] comm kworker/0:1 pid 37 state 1026
[    0.629311] comm kthreadd pid 38 state 0
[    0.629317] proc in rq 0
[    0.629319] rq->nr_running rq->cfs.nr_running : 0 0
[    0.629328] rq->rt.rt_nr_running  rq->cfs.load.weight : 0  0
[    0.629330] ----------------^^^^CPU3^^^^^-----------------------
[    0.644018] kworker/u8:0 (47) used greatest stack depth: 14152 bytes left
[    0.678600] HugeTLB registered 2.00 MiB page size, pre-allocated 0 pages
[    0.685290] ACPI: Added _OSI(Module Device)
[    0.685290] ACPI: Added _OSI(Processor Device)
[    0.685290] ACPI: Added _OSI(3.0 _SCP Extensions)
[    0.685290] ACPI: Added _OSI(Processor Aggregator Device)
[    0.685290] ACPI: Added _OSI(Linux-Dell-Video)
[    0.685290] ACPI: Added _OSI(Linux-Lenovo-NV-HDMI-Audio)
[    0.685290] ACPI: Added _OSI(Linux-HPI-Hybrid-Graphics)
[    0.716987] ACPI: 5 ACPI AML tables successfully acquired and loaded
[    0.721669] ACPI: EC: EC started
[    0.721686] ACPI: EC: interrupt blocked
[    0.723783] ACPI: \: Used as first EC
[    0.723795] ACPI: \: GPE=0x3, EC_CMD/EC_SC=0x66, EC_DATA=0x62
[    0.723803] ACPI: EC: Boot ECDT EC used to handle transactions
[    0.726021] ACPI: [Firmware Bug]: BIOS _OSI(Linux) query ignored
[    0.730587] ACPI: Interpreter enabled
[    0.730663] ACPI: (supports S0 S3 S4 S5)
[    0.730673] ACPI: Using IOAPIC for interrupt routing
[    0.730862] PCI: MMCONFIG for domain 0000 [bus 00-ff] at [mem 0xe0000000-0xefffffff] (base 0xe0000000)
[    0.731031] PCI: MMCONFIG at [mem 0xe0000000-0xefffffff] reserved in ACPI motherboard resources
[    0.731093] PCI: Using host bridge windows from ACPI; if necessary, use "pci=nocrs" and report a bug
[    0.731951] ACPI: Enabled 3 GPEs in block 00 to 1F
[    0.801190] ACPI: PCI Root Bridge [PCI0] (domain 0000 [bus 00-ff])
[    0.801223] acpi PNP0A08:00: _OSC: OS supports [ExtendedConfig ASPM ClockPM Segments MSI HPX-Type3]
[    0.801833] acpi PNP0A08:00: _OSC: platform does not support [LTR]
[    0.802403] acpi PNP0A08:00: _OSC: OS now controls [PME AER PCIeCapability]
[    0.802415] acpi PNP0A08:00: FADT indicates ASPM is unsupported, using BIOS configuration
[    0.802969] PCI host bridge to bus 0000:00
[    0.802984] pci_bus 0000:00: root bus resource [io  0x0000-0x03af window]
[    0.802996] pci_bus 0000:00: root bus resource [io  0x03e0-0x0cf7 window]
[    0.803008] pci_bus 0000:00: root bus resource [io  0x03b0-0x03df window]
[    0.803018] pci_bus 0000:00: root bus resource [io  0x0d00-0xffff window]
[    0.803029] pci_bus 0000:00: root bus resource [mem 0x000a0000-0x000bffff window]
[    0.803042] pci_bus 0000:00: root bus resource [mem 0x000c0000-0x000dffff window]
[    0.803054] pci_bus 0000:00: root bus resource [mem 0xc0000000-0xffffffff window]
[    0.803067] pci_bus 0000:00: root bus resource [bus 00-ff]
[    0.803095] pci 0000:00:00.0: [1022:1536] type 00 class 0x060000
[    0.803386] pci 0000:00:01.0: [1002:9839] type 00 class 0x030000
[    0.803427] pci 0000:00:01.0: reg 0x10: [mem 0xc0000000-0xcfffffff 64bit pref]
[    0.803452] pci 0000:00:01.0: reg 0x18: [mem 0xd0000000-0xd07fffff 64bit pref]
[    0.803472] pci 0000:00:01.0: reg 0x20: [io  0xf000-0xf0ff]
[    0.803490] pci 0000:00:01.0: reg 0x24: [mem 0xfeb00000-0xfeb3ffff]
[    0.803508] pci 0000:00:01.0: reg 0x30: [mem 0xfeb40000-0xfeb5ffff pref]
[    0.803522] pci 0000:00:01.0: enabling Extended Tags
[    0.803554] pci 0000:00:01.0: BAR 0: assigned to efifb
[    0.803611] pci 0000:00:01.0: supports D1 D2
[    0.803622] pci 0000:00:01.0: PME# supported from D1 D2 D3hot
[    0.803855] pci 0000:00:01.1: [1002:9840] type 00 class 0x040300
[    0.803891] pci 0000:00:01.1: reg 0x10: [mem 0xfeb64000-0xfeb67fff 64bit]
[    0.803932] pci 0000:00:01.1: enabling Extended Tags
[    0.804002] pci 0000:00:01.1: supports D1 D2
[    0.804199] pci 0000:00:02.0: [1022:1538] type 00 class 0x060000
[    0.804446] pci 0000:00:02.2: [1022:1439] type 01 class 0x060400
[    0.804517] pci 0000:00:02.2: enabling Extended Tags
[    0.804598] pci 0000:00:02.2: PME# supported from D0 D3hot D3cold
[    0.804834] pci 0000:00:02.3: [1022:1439] type 01 class 0x060400
[    0.804904] pci 0000:00:02.3: enabling Extended Tags
[    0.804983] pci 0000:00:02.3: PME# supported from D0 D3hot D3cold
[    0.805246] pci 0000:00:10.0: [1022:7814] type 00 class 0x0c0330
[    0.805292] pci 0000:00:10.0: reg 0x10: [mem 0xfeb68000-0xfeb69fff 64bit]
[    0.805432] pci 0000:00:10.0: PME# supported from D0 D3hot D3cold
[    0.805677] pci 0000:00:11.0: [1022:7801] type 00 class 0x010601
[    0.805716] pci 0000:00:11.0: reg 0x10: [io  0xf140-0xf147]
[    0.805735] pci 0000:00:11.0: reg 0x14: [io  0xf130-0xf133]
[    0.805753] pci 0000:00:11.0: reg 0x18: [io  0xf120-0xf127]
[    0.805771] pci 0000:00:11.0: reg 0x1c: [io  0xf110-0xf113]
[    0.805789] pci 0000:00:11.0: reg 0x20: [io  0xf100-0xf10f]
[    0.805808] pci 0000:00:11.0: reg 0x24: [mem 0xfeb6f000-0xfeb6f3ff]
[    0.805885] pci 0000:00:11.0: PME# supported from D3hot
[    0.806100] pci 0000:00:12.0: [1022:7807] type 00 class 0x0c0310
[    0.806130] pci 0000:00:12.0: reg 0x10: [mem 0xfeb6e000-0xfeb6efff]
[    0.806389] pci 0000:00:12.2: [1022:7808] type 00 class 0x0c0320
[    0.806426] pci 0000:00:12.2: reg 0x10: [mem 0xfeb6d000-0xfeb6d0ff]
[    0.806530] pci 0000:00:12.2: supports D1 D2
[    0.806540] pci 0000:00:12.2: PME# supported from D0 D1 D2 D3hot D3cold
[    0.806755] pci 0000:00:13.0: [1022:7807] type 00 class 0x0c0310
[    0.806785] pci 0000:00:13.0: reg 0x10: [mem 0xfeb6c000-0xfeb6cfff]
[    0.807042] pci 0000:00:13.2: [1022:7808] type 00 class 0x0c0320
[    0.807078] pci 0000:00:13.2: reg 0x10: [mem 0xfeb6b000-0xfeb6b0ff]
[    0.807182] pci 0000:00:13.2: supports D1 D2
[    0.807192] pci 0000:00:13.2: PME# supported from D0 D1 D2 D3hot D3cold
[    0.807407] pci 0000:00:14.0: [1022:780b] type 00 class 0x0c0500
[    0.807666] pci 0000:00:14.2: [1022:780d] type 00 class 0x040300
[    0.807705] pci 0000:00:14.2: reg 0x10: [mem 0xfeb60000-0xfeb63fff 64bit]
[    0.807796] pci 0000:00:14.2: PME# supported from D0 D3hot D3cold
[    0.807999] pci 0000:00:14.3: [1022:780e] type 00 class 0x060100
[    0.811234] pci 0000:00:14.7: [1022:7813] type 00 class 0x080501
[    0.811284] pci 0000:00:14.7: reg 0x10: [mem 0xfeb6a000-0xfeb6a0ff 64bit]
[    0.811576] pci 0000:00:18.0: [1022:1530] type 00 class 0x060000
[    0.811849] pci 0000:00:18.1: [1022:1531] type 00 class 0x060000
[    0.812107] pci 0000:00:18.2: [1022:1532] type 00 class 0x060000
[    0.812362] pci 0000:00:18.3: [1022:1533] type 00 class 0x060000
[    0.812634] pci 0000:00:18.4: [1022:1534] type 00 class 0x060000
[    0.812890] pci 0000:00:18.5: [1022:1535] type 00 class 0x060000
[    0.813342] pci 0000:01:00.0: [168c:0032] type 00 class 0x028000
[    0.813399] pci 0000:01:00.0: reg 0x10: [mem 0xfea00000-0xfea7ffff 64bit]
[    0.813463] pci 0000:01:00.0: reg 0x30: [mem 0xfea80000-0xfea8ffff pref]
[    0.813598] pci 0000:01:00.0: supports D1 D2
[    0.813609] pci 0000:01:00.0: PME# supported from D0 D1 D2 D3hot D3cold
[    0.813946] pci 0000:00:02.2: PCI bridge to [bus 01]
[    0.813968] pci 0000:00:02.2:   bridge window [mem 0xfea00000-0xfeafffff]
[    0.814157] pci 0000:02:00.0: [10ec:8136] type 00 class 0x020000
[    0.814217] pci 0000:02:00.0: reg 0x10: [io  0xe000-0xe0ff]
[    0.814262] pci 0000:02:00.0: reg 0x18: [mem 0xd0804000-0xd0804fff 64bit pref]
[    0.814297] pci 0000:02:00.0: reg 0x20: [mem 0xd0800000-0xd0803fff 64bit pref]
[    0.814470] pci 0000:02:00.0: supports D1 D2
[    0.814480] pci 0000:02:00.0: PME# supported from D0 D1 D2 D3hot D3cold
[    0.814823] pci 0000:00:02.3: PCI bridge to [bus 02]
[    0.814843] pci 0000:00:02.3:   bridge window [io  0xe000-0xefff]
[    0.814861] pci 0000:00:02.3:   bridge window [mem 0xd0800000-0xd08fffff 64bit pref]
[    1.688701] ACPI: PCI Interrupt Link [LNKA] (IRQs 4 7 10 11 14 15) *0
[    1.688943] ACPI: PCI Interrupt Link [LNKB] (IRQs 4 7 10 11 14 15) *0
[    1.689176] ACPI: PCI Interrupt Link [LNKC] (IRQs 4 7 10 11 14 15) *0
[    1.689407] ACPI: PCI Interrupt Link [LNKD] (IRQs 4 7 10 11 14 15) *0
[    1.689604] ACPI: PCI Interrupt Link [LNKE] (IRQs 4 7 10 11 14 15) *0
[    1.689767] ACPI: PCI Interrupt Link [LNKF] (IRQs 4 7 10 11 14 15) *0
[    1.689929] ACPI: PCI Interrupt Link [LNKG] (IRQs 4 7 10 11 14 15) *0
[    1.690091] ACPI: PCI Interrupt Link [LNKH] (IRQs 4 7 10 11 14 15) *0
[    1.691424] ACPI: EC: interrupt unblocked
[    1.691448] ACPI: EC: event unblocked
[    1.691466] ACPI: \_SB_.PCI0.SBRG.EC0_: GPE=0x3, EC_CMD/EC_SC=0x66, EC_DATA=0x62
[    1.691480] ACPI: \_SB_.PCI0.SBRG.EC0_: Boot DSDT EC used to handle transactions and events
[    1.691716] pci 0000:00:01.0: vgaarb: setting as boot VGA device
[    1.691716] pci 0000:00:01.0: vgaarb: VGA device added: decodes=io+mem,owns=io+mem,locks=none
[    1.691716] pci 0000:00:01.0: vgaarb: bridge control possible
[    1.691716] vgaarb: loaded
[    1.691716] SCSI subsystem initialized
[    1.691716] libata version 3.00 loaded.
[    1.692739] ACPI: bus type USB registered
[    1.692739] usbcore: registered new interface driver usbfs
[    1.692739] usbcore: registered new interface driver hub
[    1.693809] usbcore: registered new device driver usb
[    1.694184] pps_core: LinuxPPS API ver. 1 registered
[    1.694184] pps_core: Software ver. 5.3.6 - Copyright 2005-2007 Rodolfo Giometti <giometti@linux.it>
[    1.694199] PTP clock support registered
[    1.694438] EDAC MC: Ver: 3.0.0
[    1.695518] Registered efivars operations
[    1.698186] Advanced Linux Sound Architecture Driver Initialized.
[    1.698186] PCI: Using ACPI for IRQ routing
[    1.708220] PCI: pci_cache_line_size set to 64 bytes
[    1.708220] e820: reserve RAM buffer [mem 0x9d0f8000-0x9fffffff]
[    1.708220] e820: reserve RAM buffer [mem 0x9d371000-0x9fffffff]
[    1.708220] e820: reserve RAM buffer [mem 0x9e9cc000-0x9fffffff]
[    1.708220] e820: reserve RAM buffer [mem 0x9eb25000-0x9fffffff]
[    1.708220] e820: reserve RAM buffer [mem 0x9f081000-0x9fffffff]
[    1.708220] e820: reserve RAM buffer [mem 0x9f400000-0x9fffffff]
[    1.708220] e820: reserve RAM buffer [mem 0x13f000000-0x13fffffff]
[    1.708698] NetLabel: Initializing
[    1.708698] NetLabel:  domain hash size = 128
[    1.708698] NetLabel:  protocols = UNLABELED CIPSOv4 CALIPSO
[    1.708698] NetLabel:  unlabeled traffic allowed by default
[    1.708698] hpet0: at MMIO 0xfed00000, IRQs 2, 8, 0
[    1.708698] hpet0: 3 comparators, 32-bit 14.318180 MHz counter
[    1.713671] clocksource: Switched to clocksource tsc-early
[    1.771410] VFS: Disk quotas dquot_6.6.0
[    1.771479] VFS: Dquot-cache hash table entries: 512 (order 0, 4096 bytes)
[    1.771573] *** VALIDATE hugetlbfs ***
[    1.771682] pnp: PnP ACPI init
[    1.772175] system 00:00: [mem 0xe0000000-0xefffffff] has been reserved
[    1.772269] system 00:00: Plug and Play ACPI device, IDs PNP0c01 (active)
[    1.772533] system 00:01: [mem 0xa0000000-0xbfffffff] has been reserved
[    1.772608] system 00:01: Plug and Play ACPI device, IDs PNP0c02 (active)
[    1.772888] system 00:02: Plug and Play ACPI device, IDs PNP0c02 (active)
[    1.773036] pnp 00:03: Plug and Play ACPI device, IDs PNP0b00 (active)
[    1.773268] system 00:04: [io  0x04d0-0x04d1] has been reserved
[    1.773342] system 00:04: Plug and Play ACPI device, IDs PNP0c02 (active)
[    1.773599] pnp 00:05: Plug and Play ACPI device, IDs ETD0108 SYN0a00 SYN0002 PNP0f03 PNP0f13 PNP0f12 (active)
[    1.773777] pnp 00:06: Plug and Play ACPI device, IDs ATK3001 PNP030b (active)
[    1.774585] system 00:07: [io  0x04d0-0x04d1] has been reserved
[    1.774600] system 00:07: [io  0x040b] has been reserved
[    1.774611] system 00:07: [io  0x04d6] has been reserved
[    1.774623] system 00:07: [io  0x0c00-0x0c01] has been reserved
[    1.774634] system 00:07: [io  0x0c14] has been reserved
[    1.774644] system 00:07: [io  0x0c50-0x0c51] has been reserved
[    1.774655] system 00:07: [io  0x0c52] has been reserved
[    1.774666] system 00:07: [io  0x0c6c] has been reserved
[    1.774681] system 00:07: [io  0x0c6f] has been reserved
[    1.774692] system 00:07: [io  0x0cd0-0x0cd1] has been reserved
[    1.774702] system 00:07: [io  0x0cd2-0x0cd3] has been reserved
[    1.774713] system 00:07: [io  0x0cd4-0x0cd5] has been reserved
[    1.774724] system 00:07: [io  0x0cd6-0x0cd7] has been reserved
[    1.774735] system 00:07: [io  0x0cd8-0x0cdf] has been reserved
[    1.774746] system 00:07: [io  0x0800-0x089f] has been reserved
[    1.774757] system 00:07: [io  0x0900-0x090f] has been reserved
[    1.774767] system 00:07: [io  0x0910-0x091f] has been reserved
[    1.774779] system 00:07: [io  0xfe00-0xfefe] has been reserved
[    1.774793] system 00:07: [mem 0xfec00000-0xfec00fff] could not be reserved
[    1.774805] system 00:07: [mem 0xfee00000-0xfee00fff] has been reserved
[    1.774817] system 00:07: [mem 0xfed80000-0xfed8ffff] has been reserved
[    1.774829] system 00:07: [mem 0xfed61000-0xfed70fff] has been reserved
[    1.774841] system 00:07: [mem 0xfec10000-0xfec10fff] has been reserved
[    1.774854] system 00:07: [mem 0xfed00000-0xfed00fff] could not be reserved
[    1.774866] system 00:07: [mem 0xff000000-0xffffffff] has been reserved
[    1.774942] system 00:07: Plug and Play ACPI device, IDs PNP0c02 (active)
[    1.775812] pnp: PnP ACPI: found 8 devices
[    1.790818] clocksource: acpi_pm: mask: 0xffffff max_cycles: 0xffffff, max_idle_ns: 2085701024 ns
[    1.791414] pci 0000:00:02.2: PCI bridge to [bus 01]
[    1.791436] pci 0000:00:02.2:   bridge window [mem 0xfea00000-0xfeafffff]
[    1.791456] pci 0000:00:02.3: PCI bridge to [bus 02]
[    1.791469] pci 0000:00:02.3:   bridge window [io  0xe000-0xefff]
[    1.791486] pci 0000:00:02.3:   bridge window [mem 0xd0800000-0xd08fffff 64bit pref]
[    1.791508] pci_bus 0000:00: resource 4 [io  0x0000-0x03af window]
[    1.791520] pci_bus 0000:00: resource 5 [io  0x03e0-0x0cf7 window]
[    1.791530] pci_bus 0000:00: resource 6 [io  0x03b0-0x03df window]
[    1.791541] pci_bus 0000:00: resource 7 [io  0x0d00-0xffff window]
[    1.791552] pci_bus 0000:00: resource 8 [mem 0x000a0000-0x000bffff window]
[    1.791563] pci_bus 0000:00: resource 9 [mem 0x000c0000-0x000dffff window]
[    1.791574] pci_bus 0000:00: resource 10 [mem 0xc0000000-0xffffffff window]
[    1.791585] pci_bus 0000:01: resource 1 [mem 0xfea00000-0xfeafffff]
[    1.791596] pci_bus 0000:02: resource 0 [io  0xe000-0xefff]
[    1.791607] pci_bus 0000:02: resource 2 [mem 0xd0800000-0xd08fffff 64bit pref]
[    1.791879] NET: Registered protocol family 2
[    1.808298] tcp_listen_portaddr_hash hash table entries: 2048 (order: 3, 32768 bytes, linear)
[    1.808339] TCP established hash table entries: 32768 (order: 6, 262144 bytes, linear)
[    1.808510] TCP bind hash table entries: 32768 (order: 7, 524288 bytes, linear)
[    1.808755] TCP: Hash tables configured (established 32768 bind 32768)
[    1.808921] UDP hash table entries: 2048 (order: 4, 65536 bytes, linear)
[    1.808972] UDP-Lite hash table entries: 2048 (order: 4, 65536 bytes, linear)
[    1.809161] NET: Registered protocol family 1
[    1.809555] RPC: Registered named UNIX socket transport module.
[    1.809566] RPC: Registered udp transport module.
[    1.809573] RPC: Registered tcp transport module.
[    1.809580] RPC: Registered tcp NFSv4.1 backchannel transport module.
[    1.810175] pci 0000:00:01.0: Video device with shadowed ROM at [mem 0x000c0000-0x000dffff]
[    1.810681] pci 0000:00:12.0: enabling device (0000 -> 0002)
[    1.811299] pci 0000:00:12.2: PME# does not work under D3, disabling it
[    1.811324] pci 0000:00:13.0: enabling device (0000 -> 0002)
[    1.811927] pci 0000:00:13.2: PME# does not work under D3, disabling it
[    1.812024] PCI: CLS 64 bytes, default 64
[    1.812162] PCI-DMA: Using software bounce buffering for IO (SWIOTLB)
[    1.812174] software IO TLB: mapped [mem 0x97989000-0x9b989000] (64MB)
[    1.812399] amd_uncore: AMD NB counters detected
[    1.812417] amd_uncore: AMD LLC counters detected
[    1.812520] LVT offset 0 assigned for vector 0x400
[    1.812573] perf: AMD IBS detected (0x000000ff)
[    1.812593] kvm: no hardware support
[    1.812690] kvm: Nested Virtualization enabled
[    1.812702] kvm: Nested Paging enabled
[    1.813740] check: Scanning for low memory corruption every 60 seconds
[    1.816287] Initialise system trusted keyrings
[    1.818045] workingset: timestamp_bits=56 max_order=20 bucket_order=0
[    1.831005] fuse: init (API version 7.31)
[    1.849109] Key type asymmetric registered
[    1.849127] Asymmetric key parser 'x509' registered
[    1.849188] Block layer SCSI generic (bsg) driver version 0.4 loaded (major 249)
[    1.849201] io scheduler mq-deadline registered
[    1.849209] io scheduler kyber registered
[    1.849908] pcieport 0000:00:02.2: PME: Signaling with IRQ 25
[    1.850358] pcieport 0000:00:02.3: PME: Signaling with IRQ 27
[    1.851485] uvesafb: failed to execute /sbin/v86d
[    1.851499] uvesafb: make sure that the v86d helper is installed and executable
[    1.851510] uvesafb: Getting VBE info block failed (eax=0x4f00, err=-2)
[    1.851519] uvesafb: vbe_init() failed with -22
[    1.851536] uvesafb: probe of uvesafb.0 failed with error -22
[    1.851602] efifb: probing for efifb
[    1.851652] efifb: framebuffer at 0xc0000000, using 4224k, total 4224k
[    1.851663] efifb: mode is 1366x768x32, linelength=5632, pages=1
[    1.851669] efifb: scrolling: redraw
[    1.851678] efifb: Truecolor: size=8:8:8:8, shift=24:16:8:0
[    1.862314] Console: switching to colour frame buffer device 170x48
[    1.872428] fb0: EFI VGA frame buffer device
[    1.878411] ACPI: AC Adapter [AC0] (on-line)
[    1.878688] input: Power Button as /devices/LNXSYSTM:00/LNXSYBUS:00/PNP0C0C:00/input/input0
[    1.878844] ACPI: Power Button [PWRB]
[    1.879037] input: Lid Switch as /devices/LNXSYSTM:00/LNXSYBUS:00/PNP0C0D:00/input/input1
[    1.879184] ACPI: Lid Switch [LID]
[    1.879347] input: Sleep Button as /devices/LNXSYSTM:00/LNXSYBUS:00/PNP0C0E:00/input/input2
[    1.879766] ACPI: Sleep Button [SLPB]
[    1.879969] input: Power Button as /devices/LNXSYSTM:00/LNXPWRBN:00/input/input3
[    1.880193] ACPI: Power Button [PWRF]
[    1.883721] thermal LNXTHERM:00: registered as thermal_zone0
[    1.883825] ACPI: Thermal Zone [THRM] (78 C)
[    1.886438] Serial: 8250/16550 driver, 4 ports, IRQ sharing enabled
[    1.892079] Non-volatile memory driver v1.3
[    1.892295] Linux agpgart interface v0.103
[    1.900388] loop: module loaded
[    1.901269] ahci 0000:00:11.0: version 3.0
[    1.901715] ahci 0000:00:11.0: AHCI 0001.0300 32 slots 2 ports 6 Gbps 0x3 impl SATA mode
[    1.901859] ahci 0000:00:11.0: flags: 64bit ncq sntf ilck pm led clo pmp pio slum part 
[    1.906564] scsi host0: ahci
[    1.910454] scsi host1: ahci
[    1.913803] ata1: SATA max UDMA/133 abar m1024@0xfeb6f000 port 0xfeb6f100 irq 28
[    1.916985] ata2: SATA max UDMA/133 abar m1024@0xfeb6f000 port 0xfeb6f180 irq 28
[    1.920804] tun: Universal TUN/TAP device driver, 1.6
[    1.924135] e1000: Intel(R) PRO/1000 Network Driver - version 7.3.21-k8-NAPI
[    1.927321] e1000: Copyright (c) 1999-2006 Intel Corporation.
[    1.931028] e1000e: Intel(R) PRO/1000 Network Driver - 3.2.6-k
[    1.934164] e1000e: Copyright(c) 1999 - 2015 Intel Corporation.
[    1.937348] sky2: driver version 1.30
[    1.940895] r8169 0000:02:00.0: can't disable ASPM; OS doesn't have ASPM control
[    1.944965] libphy: r8169: probed
[    1.948587] r8169 0000:02:00.0 eth0: RTL8105e, 74:d0:2b:a3:a6:42, XID 40a, IRQ 30
[    1.952056] ath9k 0000:01:00.0: enabling device (0000 -> 0002)
[    1.955636] ath: phy0: Disable PLL PowerSave
[    1.966079] ath: phy0: ASPM enabled: 0x42
[    1.969294] ath: EEPROM regdomain: 0x60
[    1.969296] ath: EEPROM indicates we should expect a direct regpair map
[    1.969300] ath: Country alpha2 being used: 00
[    1.969302] ath: Regpair used: 0x60
[    1.971935] ieee80211 phy0: Selected rate control algorithm 'minstrel_ht'
[    1.972429] ieee80211 phy0: Atheros AR9485 Rev:1 mem=0xffffaa51c2c80000, irq=31
[    1.976094] ehci_hcd: USB 2.0 'Enhanced' Host Controller (EHCI) Driver
[    1.979413] ehci-pci: EHCI PCI platform driver
[    1.983347] ehci-pci 0000:00:12.2: EHCI Host Controller
[    1.986736] ehci-pci 0000:00:12.2: new USB bus registered, assigned bus number 1
[    1.990240] ehci-pci 0000:00:12.2: applying AMD SB700/SB800/Hudson-2/3 EHCI dummy qh workaround
[    1.993584] ehci-pci 0000:00:12.2: debug port 1
[    1.997063] ehci-pci 0000:00:12.2: irq 17, io mem 0xfeb6d000
[    2.028242] ehci-pci 0000:00:12.2: USB 2.0 started, EHCI 1.00
[    2.031602] usb usb1: New USB device found, idVendor=1d6b, idProduct=0002, bcdDevice= 5.02
[    2.034944] usb usb1: New USB device strings: Mfr=3, Product=2, SerialNumber=1
[    2.038253] usb usb1: Product: EHCI Host Controller
[    2.041484] usb usb1: Manufacturer: Linux 5.2.0+ ehci_hcd
[    2.044671] usb usb1: SerialNumber: 0000:00:12.2
[    2.052010] battery: ACPI: Battery Slot [BAT0] (battery present)
[    2.055552] hub 1-0:1.0: USB hub found
[    2.058765] hub 1-0:1.0: 4 ports detected
[    2.063872] ehci-pci 0000:00:13.2: EHCI Host Controller
[    2.067094] ehci-pci 0000:00:13.2: new USB bus registered, assigned bus number 2
[    2.070193] ehci-pci 0000:00:13.2: applying AMD SB700/SB800/Hudson-2/3 EHCI dummy qh workaround
[    2.073242] ehci-pci 0000:00:13.2: debug port 1
[    2.076278] ehci-pci 0000:00:13.2: irq 17, io mem 0xfeb6b000
[    2.108229] ehci-pci 0000:00:13.2: USB 2.0 started, EHCI 1.00
[    2.111289] usb usb2: New USB device found, idVendor=1d6b, idProduct=0002, bcdDevice= 5.02
[    2.114341] usb usb2: New USB device strings: Mfr=3, Product=2, SerialNumber=1
[    2.117351] usb usb2: Product: EHCI Host Controller
[    2.120339] usb usb2: Manufacturer: Linux 5.2.0+ ehci_hcd
[    2.123280] usb usb2: SerialNumber: 0000:00:13.2
[    2.126555] hub 2-0:1.0: USB hub found
[    2.129509] hub 2-0:1.0: 4 ports detected
[    2.134470] ohci_hcd: USB 1.1 'Open' Host Controller (OHCI) Driver
[    2.137440] ohci-pci: OHCI PCI platform driver
[    2.140769] ohci-pci 0000:00:12.0: OHCI PCI host controller
[    2.143800] ohci-pci 0000:00:12.0: new USB bus registered, assigned bus number 3
[    2.146825] ohci-pci 0000:00:12.0: irq 18, io mem 0xfeb6e000
[    2.222322] usb usb3: New USB device found, idVendor=1d6b, idProduct=0001, bcdDevice= 5.02
[    2.225313] usb usb3: New USB device strings: Mfr=3, Product=2, SerialNumber=1
[    2.228267] usb usb3: Product: OHCI PCI host controller
[    2.231169] usb usb3: Manufacturer: Linux 5.2.0+ ohci_hcd
[    2.234034] usb usb3: SerialNumber: 0000:00:12.0
[    2.237165] hub 3-0:1.0: USB hub found
[    2.240092] hub 3-0:1.0: 4 ports detected
[    2.245066] ohci-pci 0000:00:13.0: OHCI PCI host controller
[    2.248132] ohci-pci 0000:00:13.0: new USB bus registered, assigned bus number 4
[    2.250989] ohci-pci 0000:00:13.0: irq 18, io mem 0xfeb6c000
[    2.253789] ata2: SATA link down (SStatus 0 SControl 300)
[    2.322362] usb usb4: New USB device found, idVendor=1d6b, idProduct=0001, bcdDevice= 5.02
[    2.325223] usb usb4: New USB device strings: Mfr=3, Product=2, SerialNumber=1
[    2.328053] usb usb4: Product: OHCI PCI host controller
[    2.330861] usb usb4: Manufacturer: Linux 5.2.0+ ohci_hcd
[    2.333673] usb usb4: SerialNumber: 0000:00:13.0
[    2.336773] hub 4-0:1.0: USB hub found
[    2.339557] hub 4-0:1.0: 4 ports detected
[    2.344278] uhci_hcd: USB Universal Host Controller Interface driver
[    2.347131] usbcore: registered new interface driver usblp
[    2.350274] usbcore: registered new interface driver usb-storage
[    2.353079] usbcore: registered new interface driver ch341
[    2.355766] usbserial: USB Serial support registered for ch341-uart
[    2.358700] i8042: PNP: PS/2 Controller [PNP030b:PS2K,PNP0f03:PS2M] at 0x60,0x64 irq 1,12
[    2.363514] i8042: Detected active multiplexing controller, rev 1.1
[    2.367028] serio: i8042 KBD port at 0x60,0x64 irq 1
[    2.370008] serio: i8042 AUX0 port at 0x60,0x64 irq 12
[    2.372887] serio: i8042 AUX1 port at 0x60,0x64 irq 12
[    2.375672] serio: i8042 AUX2 port at 0x60,0x64 irq 12
[    2.378463] serio: i8042 AUX3 port at 0x60,0x64 irq 12
[    2.381713] mousedev: PS/2 mouse device common for all mice
[    2.385371] rtc_cmos 00:03: RTC can wake from S4
[    2.388413] rtc_cmos 00:03: registered as rtc0
[    2.391065] rtc_cmos 00:03: alarms up to one month, y3k, 114 bytes nvram, hpet irqs
[    2.394294] device-mapper: ioctl: 4.40.0-ioctl (2019-01-18) initialised: dm-devel@redhat.com
[    2.397184] EFI Variables Facility v0.08 2004-May-17
[    2.409807] hidraw: raw HID events driver (C) Jiri Kosina
[    2.415155] usbcore: registered new interface driver usbhid
[    2.417898] usbhid: USB HID core driver
[    2.426420] input: AT Translated Set 2 keyboard as /devices/platform/i8042/serio0/input/input4
[    2.429458] ata1: SATA link up 6.0 Gbps (SStatus 133 SControl 300)
[    2.435015] snd_hda_intel 0000:00:01.1: enabling device (0000 -> 0002)
[    2.438123] snd_hda_intel 0000:00:01.1: Force to non-snoop mode
[    2.439552] ata1.00: ATA-8: KINGSTON SV300S37A120G, 603ABBF0, max UDMA/133
[    2.443700] ata1.00: 234441648 sectors, multi 1: LBA48 NCQ (depth 32), AA
[    2.449586] snd_hda_codec_generic hdaudioC0D0: autoconfig for Generic: line_outs=0 (0x0/0x0/0x0/0x0/0x0) type:line
[    2.452533] snd_hda_codec_generic hdaudioC0D0:    speaker_outs=0 (0x0/0x0/0x0/0x0/0x0)
[    2.452991] ata1.00: configured for UDMA/133
[    2.455450] snd_hda_codec_generic hdaudioC0D0:    hp_outs=0 (0x0/0x0/0x0/0x0/0x0)
[    2.461392] snd_hda_codec_generic hdaudioC0D0:    mono: mono_out=0x0
[    2.464364] snd_hda_codec_generic hdaudioC0D0:    dig-out=0x3/0x0
[    2.467298] snd_hda_codec_generic hdaudioC0D0:    inputs:
[    2.471052] random: fast init done
[    2.477092] scsi 0:0:0:0: Direct-Access     ATA      KINGSTON SV300S3 BBF0 PQ: 0 ANSI: 5
[    2.480882] sd 0:0:0:0: [sda] 234441648 512-byte logical blocks: (120 GB/112 GiB)
[    2.483836] sd 0:0:0:0: [sda] Write Protect is off
[    2.486710] sd 0:0:0:0: [sda] Mode Sense: 00 3a 00 00
[    2.487005] sd 0:0:0:0: Attached scsi generic sg0 type 0
[    2.490533] Initializing XFRM netlink socket
[    2.493609] sd 0:0:0:0: [sda] Write cache: enabled, read cache: enabled, doesn't support DPO or FUA
[    2.497207] snd_hda_codec_realtek hdaudioC1D0: autoconfig for ALC3229: line_outs=1 (0x14/0x0/0x0/0x0/0x0) type:speaker
[    2.500366] snd_hda_codec_realtek hdaudioC1D0:    speaker_outs=0 (0x0/0x0/0x0/0x0/0x0)
[    2.503483] snd_hda_codec_realtek hdaudioC1D0:    hp_outs=1 (0x21/0x0/0x0/0x0/0x0)
[    2.506549] snd_hda_codec_realtek hdaudioC1D0:    mono: mono_out=0x0
[    2.509636] snd_hda_codec_realtek hdaudioC1D0:    inputs:
[    2.512711] snd_hda_codec_realtek hdaudioC1D0:      Mic=0x19
[    2.517499] NET: Registered protocol family 10
[    2.521460] Segment Routing with IPv6
[    2.524688] sit: IPv6, IPv4 and MPLS over IPv4 tunneling driver
[    2.528373] NET: Registered protocol family 17
[    2.532232] microcode: CPU0: patch_level=0x0700010b
[    2.535298] microcode: CPU1: patch_level=0x0700010b
[    2.542749]  sda: sda1 sda2 sda3 sda4 sda5 sda6
[    2.546088] microcode: Microcode Update Driver: v2.2.
[    2.546129] sched_clock: Marking stable (2536718679, 1588359)->(2658247937, -119940899)
[    2.553949] sd 0:0:0:0: [sda] Attached SCSI disk
[    2.564115] registered taskstats version 1
[    2.567230] Loading compiled-in X.509 certificates
[    2.572473] input: HDA ATI HDMI HDMI as /devices/pci0000:00/0000:00:01.1/sound/card0/input8
[    2.577906] input: HD-Audio Generic Headphone as /devices/pci0000:00/0000:00:14.2/sound/card1/input6
[    2.583292] acpi_cpufreq: overriding BIOS provided _PSD data
[    2.586793] cfg80211: Loading compiled-in X.509 certificates for regulatory database
[    2.591626] cfg80211: Loaded X.509 cert 'sforshee: 00b28ddf47aef9cea7'
[    2.594817] ALSA device list:
[    2.597916]   #0: HDA ATI HDMI at 0xfeb64000 irq 33
[    2.601097] platform regulatory.0: Direct firmware load for regulatory.db failed with error -2
[    2.604320] cfg80211: failed to load regulatory.db
[    2.607714]   #1: HD-Audio Generic at 0xfeb60000 irq 16
[    2.878229] tsc: Refined TSC clocksource calibration: 998.127 MHz
[    2.881379] clocksource: tsc: mask: 0xffffffffffffffff max_cycles: 0x1cc65b93289, max_idle_ns: 881590487074 ns
[    2.968213] usb 4-2: new full-speed USB device number 2 using ohci-pci
[    2.971523] clocksource: Switched to clocksource tsc
[    3.241225] usb 4-2: New USB device found, idVendor=13d3, idProduct=3362, bcdDevice= 0.01
[    3.244525] usb 4-2: New USB device strings: Mfr=1, Product=2, SerialNumber=3
[    3.247833] usb 4-2: Product: Bluetooth USB Host Controller
[    3.251180] usb 4-2: Manufacturer: Atheros Communications
[    3.254504] usb 4-2: SerialNumber: Alaska Day 2006
[    3.311098] input: PS/2 Logitech Wheel Mouse as /devices/platform/i8042/serio4/input/input14
[    3.317231] md: Waiting for all devices to be available before autodetect
[    3.320613] md: If you don't use raid, use raid=noautodetect
[    3.324441] md: Autodetecting RAID arrays.
[    3.327797] md: autorun ...
[    3.331071] md: ... autorun DONE.
[    3.342507] EXT4-fs (sda2): mounted filesystem with ordered data mode. Opts: (null)
[    3.345779] VFS: Mounted root (ext4 filesystem) readonly on device 8:2.
[    3.350278] devtmpfs: mounted
[    3.354379] Freeing unused kernel image memory: 1300K
[    3.458247] usb 2-3: new high-speed USB device number 3 using ehci-pci
[    3.678207] rq->curr == THREAD(this messg)
[    3.678208] state TASK_RUNNING
[    3.681558] comm swapper/0 pid 1 state 2
[    3.688175] comm kthreadd pid 2 state 1
[    3.691483] comm rcu_gp pid 3 state 1026
[    3.694737] comm rcu_par_gp pid 4 state 1026
[    3.698020] comm kworker/0:0 pid 5 state 1026
[    3.701325] comm kworker/0:0H pid 6 state 1026
[    3.704585] comm kworker/u8:0 pid 7 state 1026
[    3.707758] comm mm_percpu_wq pid 8 state 1026
[    3.710868] comm ksoftirqd/0 pid 9 state 0
[    3.713966] comm rcu_sched pid 10 state 1026
[    3.717051] comm migration/0 pid 11 state 1
[    3.720081] comm cpuhp/0 pid 12 state 1
[    3.723032] comm cpuhp/1 pid 13 state 1
[    3.723073] usb 2-3: New USB device found, idVendor=04f2, idProduct=b404, bcdDevice=69.63
[    3.725863] comm migration/1 pid 14 state 1
[    3.728782] usb 2-3: New USB device strings: Mfr=3, Product=1, SerialNumber=2
[    3.731630] comm ksoftirqd/1 pid 15 state 1
[    3.734537] usb 2-3: Product: USB2.0 HD UVC WebCam
[    3.737432] comm kworker/1:0 pid 16 state 1026
[    3.740286] usb 2-3: Manufacturer: Chicony Electronics Co.,Ltd.
[    3.740291] usb 2-3: SerialNumber: 0x0001
[    3.743091] comm kworker/1:0H pid 17 state 1026
[    3.751471] comm THREAD pid 18 state 0
[    3.751609] kworker/u8:2 (1753) used greatest stack depth: 14080 bytes left
[    3.754101] comm kdevtmpfs pid 19 state 1
[    3.759370] comm netns pid 20 state 1026
[    3.761935] comm kworker/u8:1 pid 21 state 1026
[    3.764485] comm kauditd pid 24 state 1
[    3.767016] comm kworker/0:1 pid 37 state 1026
[    3.769558] comm kworker/1:1 pid 38 state 1026
[    3.771986] comm kworker/u8:2 pid 313 state 1026
[    3.774349] comm kworker/1:2 pid 314 state 2
[    3.776665] comm oom_reaper pid 371 state 1
[    3.778970] comm kworker/u8:3 pid 685 state 1026
[    3.781282] comm writeback pid 686 state 1026
[    3.783605] comm kcompactd0 pid 737 state 1
[    3.785882] comm kblockd pid 788 state 1026
[    3.788114] comm ata_sff pid 956 state 1026
[    3.790297] comm md pid 976 state 1026
[    3.792451] comm edac-poller pid 979 state 1026
[    3.794581] comm rpciod pid 1090 state 1026
[    3.796674] comm kworker/u9:0 pid 1091 state 1026
[    3.798789] comm xprtiod pid 1092 state 1026
[    3.800896] comm cfg80211 pid 1095 state 1026
[    3.803013] comm kswapd0 pid 1105 state 1
[    3.805128] comm nfsiod pid 1244 state 1026
[    3.807249] comm acpi_thermal_pm pid 1293 state 1026
[    3.809399] comm scsi_eh_0 pid 1351 state 1
[    3.811543] comm scsi_tmf_0 pid 1352 state 1026
[    3.813716] comm scsi_eh_1 pid 1356 state 1
[    3.815900] comm scsi_tmf_1 pid 1357 state 1026
[    3.818083] comm kworker/u8:4 pid 1360 state 1026
[    3.820286] comm kworker/1:3 pid 1457 state 1026
[    3.822478] comm dm_bufio_cache pid 1467 state 1026
[    3.824684] comm kworker/1:4 pid 1617 state 1026
[    3.826926] comm kworker/1:5 pid 1670 state 1026
[    3.829092] comm kworker/1:1H pid 1690 state 1026
[    3.831187] comm ipv6_addrconf pid 1693 state 1026
[    3.833248] comm jbd2/sda2-8 pid 1750 state 1
[    3.835266] comm ext4-rsv-conver pid 1751 state 1026
[    3.837288] proc in rq 0
[    3.837290] rq->nr_running rq->cfs.nr_running : 1 1
[    3.841284] rq->rt.rt_nr_running  rq->cfs.load.weight : 0  1048576
[    3.841286] ----------------^^^^CPU0^^^^^-----------------------
[    3.843318] rq->curr->pid == 0
[    3.845370] state TASK_RUNNING
[    3.847408] comm swapper/0 pid 1 state 2
[    3.851357] comm kthreadd pid 2 state 1
[    3.853314] comm rcu_gp pid 3 state 1026
[    3.855261] comm rcu_par_gp pid 4 state 1026
[    3.857206] comm kworker/0:0 pid 5 state 1026
[    3.859162] comm kworker/0:0H pid 6 state 1026
[    3.861131] comm kworker/u8:0 pid 7 state 1026
[    3.863076] comm mm_percpu_wq pid 8 state 1026
[    3.865009] comm ksoftirqd/0 pid 9 state 0
[    3.866939] comm rcu_sched pid 10 state 1026
[    3.868875] comm migration/0 pid 11 state 0
[    3.870795] comm cpuhp/0 pid 12 state 1
[    3.872706] comm cpuhp/1 pid 13 state 1
[    3.874587] comm migration/1 pid 14 state 1
[    3.876491] comm ksoftirqd/1 pid 15 state 1
[    3.878384] comm kworker/1:0 pid 16 state 1026
[    3.880255] comm kworker/1:0H pid 17 state 1026
[    3.882115] comm THREAD pid 18 state 0
[    3.883960] comm kdevtmpfs pid 19 state 1
[    3.885799] comm netns pid 20 state 1026
[    3.887628] comm kworker/u8:1 pid 21 state 1026
[    3.889478] comm kauditd pid 24 state 1
[    3.891313] comm kworker/0:1 pid 37 state 1026
[    3.893149] comm kworker/1:1 pid 38 state 1026
[    3.894950] comm kworker/u8:2 pid 313 state 1026
[    3.896750] comm kworker/1:2 pid 314 state 2
[    3.898548] comm oom_reaper pid 371 state 1
[    3.900340] comm kworker/u8:3 pid 685 state 1026
[    3.902136] comm writeback pid 686 state 1026
[    3.903936] comm kcompactd0 pid 737 state 1
[    3.905724] comm kblockd pid 788 state 1026
[    3.907500] comm ata_sff pid 956 state 1026
[    3.909295] comm md pid 976 state 1026
[    3.911079] comm edac-poller pid 979 state 1026
[    3.912870] comm rpciod pid 1090 state 1026
[    3.914651] comm kworker/u9:0 pid 1091 state 1026
[    3.916437] comm xprtiod pid 1092 state 1026
[    3.918219] comm cfg80211 pid 1095 state 1026
[    3.919987] comm kswapd0 pid 1105 state 1
[    3.921724] comm nfsiod pid 1244 state 1026
[    3.923434] comm acpi_thermal_pm pid 1293 state 1026
[    3.925134] comm scsi_eh_0 pid 1351 state 1
[    3.926836] comm scsi_tmf_0 pid 1352 state 1026
[    3.928550] comm scsi_eh_1 pid 1356 state 1
[    3.930252] comm scsi_tmf_1 pid 1357 state 1026
[    3.931963] comm kworker/u8:4 pid 1360 state 1026
[    3.933687] comm kworker/1:3 pid 1457 state 1026
[    3.935407] comm dm_bufio_cache pid 1467 state 1026
[    3.937149] comm kworker/1:4 pid 1617 state 1026
[    3.938930] comm kworker/1:5 pid 1670 state 1026
[    3.940692] comm kworker/1:1H pid 1690 state 1026
[    3.942448] comm ipv6_addrconf pid 1693 state 1026
[    3.944215] comm jbd2/sda2-8 pid 1750 state 1
[    3.945982] comm ext4-rsv-conver pid 1751 state 1026
[    3.947767] proc in rq 0
[    3.947769] rq->nr_running rq->cfs.nr_running : 0 0
[    3.951413] rq->rt.rt_nr_running  rq->cfs.load.weight : 0  0
[    3.951415] ----------------^^^^CPU1^^^^^-----------------------
[    3.953304] rq->curr->pid == 0
[    3.955240] state TASK_RUNNING
[    3.957172] comm swapper/0 pid 1 state 2
[    3.961035] comm kthreadd pid 2 state 1
[    3.962970] comm rcu_gp pid 3 state 1026
[    3.964899] comm rcu_par_gp pid 4 state 1026
[    3.966826] comm kworker/0:0 pid 5 state 1026
[    3.968763] comm kworker/0:0H pid 6 state 1026
[    3.970712] comm kworker/u8:0 pid 7 state 1026
[    3.972639] comm mm_percpu_wq pid 8 state 1026
[    3.974556] comm ksoftirqd/0 pid 9 state 0
[    3.976472] comm rcu_sched pid 10 state 1026
[    3.978392] comm migration/0 pid 11 state 0
[    3.980297] comm cpuhp/0 pid 12 state 1
[    3.982195] comm cpuhp/1 pid 13 state 1
[    3.984065] comm migration/1 pid 14 state 1
[    3.985955] comm ksoftirqd/1 pid 15 state 1
[    3.987827] comm kworker/1:0 pid 16 state 1026
[    3.989691] comm kworker/1:0H pid 17 state 1026
[    3.991536] comm THREAD pid 18 state 0
[    3.993368] comm kdevtmpfs pid 19 state 1
[    3.995194] comm netns pid 20 state 1026
[    3.997013] comm kworker/u8:1 pid 21 state 1026
[    3.998852] comm kauditd pid 24 state 1
[    4.000676] comm kworker/0:1 pid 37 state 1026
[    4.002505] comm kworker/1:1 pid 38 state 1026
[    4.004301] comm kworker/u8:2 pid 313 state 1026
[    4.006097] comm kworker/1:2 pid 314 state 1026
[    4.007889] comm oom_reaper pid 371 state 1
[    4.009689] comm kworker/u8:3 pid 685 state 1026
[    4.011483] comm writeback pid 686 state 1026
[    4.013282] comm kcompactd0 pid 737 state 1
[    4.015071] comm kblockd pid 788 state 1026
[    4.016849] comm ata_sff pid 956 state 1026
[    4.018644] comm md pid 976 state 1026
[    4.020428] comm edac-poller pid 979 state 1026
[    4.022219] comm rpciod pid 1090 state 1026
[    4.024002] comm kworker/u9:0 pid 1091 state 1026
[    4.025789] comm xprtiod pid 1092 state 1026
[    4.027561] comm cfg80211 pid 1095 state 1026
[    4.029336] comm kswapd0 pid 1105 state 1
[    4.031081] comm nfsiod pid 1244 state 1026
[    4.032801] comm acpi_thermal_pm pid 1293 state 1026
[    4.034509] comm scsi_eh_0 pid 1351 state 1
[    4.036222] comm scsi_tmf_0 pid 1352 state 1026
[    4.037938] comm scsi_eh_1 pid 1356 state 1
[    4.039658] comm scsi_tmf_1 pid 1357 state 1026
[    4.041378] comm kworker/u8:4 pid 1360 state 1026
[    4.043111] comm kworker/1:3 pid 1457 state 1026
[    4.044839] comm dm_bufio_cache pid 1467 state 1026
[    4.046590] comm kworker/1:4 pid 1617 state 1026
[    4.048382] comm kworker/1:5 pid 1670 state 1026
[    4.050153] comm kworker/1:1H pid 1690 state 1026
[    4.051917] comm ipv6_addrconf pid 1693 state 1026
[    4.053691] comm jbd2/sda2-8 pid 1750 state 1
[    4.055466] comm ext4-rsv-conver pid 1751 state 1026
[    4.057260] proc in rq 0
[    4.057262] rq->nr_running rq->cfs.nr_running : 0 0
[    4.060921] rq->rt.rt_nr_running  rq->cfs.load.weight : 0  0
[    4.060923] ----------------^^^^CPU2^^^^^-----------------------
[    4.062822] rq->curr->pid == 0
[    4.064768] state TASK_RUNNING
[    4.066710] comm swapper/0 pid 1 state 2
[    4.070587] comm kthreadd pid 2 state 1
[    4.072528] comm rcu_gp pid 3 state 1026
[    4.074462] comm rcu_par_gp pid 4 state 1026
[    4.076393] comm kworker/0:0 pid 5 state 1026
[    4.078331] comm kworker/0:0H pid 6 state 1026
[    4.080281] comm kworker/u8:0 pid 7 state 1026
[    4.082210] comm mm_percpu_wq pid 8 state 1026
[    4.084125] comm ksoftirqd/0 pid 9 state 0
[    4.086035] comm rcu_sched pid 10 state 1026
[    4.087944] comm migration/0 pid 11 state 0
[    4.089855] comm cpuhp/0 pid 12 state 1
[    4.091751] comm cpuhp/1 pid 13 state 1
[    4.093618] comm migration/1 pid 14 state 1
[    4.095508] comm ksoftirqd/1 pid 15 state 1
[    4.097379] comm kworker/1:0 pid 16 state 1026
[    4.099243] comm kworker/1:0H pid 17 state 1026
[    4.101088] comm THREAD pid 18 state 0
[    4.102920] comm kdevtmpfs pid 19 state 1
[    4.104746] comm netns pid 20 state 1026
[    4.106564] comm kworker/u8:1 pid 21 state 1026
[    4.108405] comm kauditd pid 24 state 1
[    4.110229] comm kworker/0:1 pid 37 state 1026
[    4.112056] comm kworker/1:1 pid 38 state 1026
[    4.113847] comm kworker/u8:2 pid 313 state 1026
[    4.115639] comm kworker/1:2 pid 314 state 1026
[    4.117426] comm oom_reaper pid 371 state 1
[    4.119224] comm kworker/u8:3 pid 685 state 1026
[    4.121017] comm writeback pid 686 state 1026
[    4.122816] comm kcompactd0 pid 737 state 1
[    4.124603] comm kblockd pid 788 state 1026
[    4.126379] comm ata_sff pid 956 state 1026
[    4.128165] comm md pid 976 state 1026
[    4.129956] comm edac-poller pid 979 state 1026
[    4.131746] comm rpciod pid 1090 state 1026
[    4.133527] comm kworker/u9:0 pid 1091 state 1026
[    4.135312] comm xprtiod pid 1092 state 1026
[    4.137082] comm cfg80211 pid 1095 state 1026
[    4.138856] comm kswapd0 pid 1105 state 1
[    4.140599] comm nfsiod pid 1244 state 1026
[    4.142317] comm acpi_thermal_pm pid 1293 state 1026
[    4.144027] comm scsi_eh_0 pid 1351 state 1
[    4.145740] comm scsi_tmf_0 pid 1352 state 1026
[    4.147457] comm scsi_eh_1 pid 1356 state 1
[    4.149179] comm scsi_tmf_1 pid 1357 state 1026
[    4.150904] comm kworker/u8:4 pid 1360 state 1026
[    4.152641] comm kworker/1:3 pid 1457 state 1026
[    4.154373] comm dm_bufio_cache pid 1467 state 1026
[    4.156129] comm kworker/1:4 pid 1617 state 1026
[    4.157916] comm kworker/1:5 pid 1670 state 1026
[    4.159700] comm kworker/1:1H pid 1690 state 1026
[    4.161471] comm ipv6_addrconf pid 1693 state 1026
[    4.163252] comm jbd2/sda2-8 pid 1750 state 1
[    4.165033] comm ext4-rsv-conver pid 1751 state 1026
[    4.166834] proc in rq 0
[    4.166836] rq->nr_running rq->cfs.nr_running : 0 0
[    4.170504] rq->rt.rt_nr_running  rq->cfs.load.weight : 0  0
[    4.170505] ----------------^^^^CPU3^^^^^-----------------------
[    4.188239] Write protecting the kernel read-only data: 22528k
[    4.193848] Freeing unused kernel image memory: 1984K
[    4.197112] Freeing unused kernel image memory: 1660K
[    4.199161] Run /sbin/init as init process
[    4.252715] stty (1760) used greatest stack depth: 13672 bytes left
[    4.277117] dmesg (1761) used greatest stack depth: 13648 bytes left
[    4.359360] sed (1774) used greatest stack depth: 13576 bytes left
[    4.511295] ip (1819) used greatest stack depth: 12320 bytes left
[    4.600621] udevd[1849]: starting version 3.2.1
[    4.608953] random: udevd: uninitialized urandom read (16 bytes read)
[    4.612148] random: udevd: uninitialized urandom read (16 bytes read)
[    4.615258] random: udevd: uninitialized urandom read (16 bytes read)
[    4.632743] udevd[1850]: starting eudev-3.2.1
[    4.914721] ath9k 0000:01:00.0 wlp1s0: renamed from wlan0
[    4.950481] r8169 0000:02:00.0 enp2s0: renamed from eth0
[    5.022049] [drm] radeon kernel modesetting enabled.
[    5.026900] radeon 0000:00:01.0: remove_conflicting_pci_framebuffers: bar 0: 0xc0000000 -> 0xcfffffff
[    5.029968] radeon 0000:00:01.0: remove_conflicting_pci_framebuffers: bar 2: 0xd0000000 -> 0xd07fffff
[    5.032940] radeon 0000:00:01.0: remove_conflicting_pci_framebuffers: bar 5: 0xfeb00000 -> 0xfeb3ffff
[    5.039819] checking generic (c0000000 420000) vs hw (c0000000 10000000)
[    5.039825] fb0: switching to radeondrmfb from EFI VGA
[    5.057311] Console: switching to colour dummy device 80x25
[    5.058739] radeon 0000:00:01.0: vgaarb: deactivate vga console
[    5.061307] [drm] initializing kernel modesetting (KABINI 0x1002:0x9839 0x1043:0x141D 0x00).
[    5.061380] [drm] doorbell mmio base: 0xD0000000
[    5.061388] [drm] doorbell mmio size: 8388608
[    5.061422] ATOM BIOS: AMD
[    5.061498] [drm] Changing default dispclk from 400Mhz to 600Mhz
[    5.061537] radeon 0000:00:01.0: VRAM: 512M 0x0000000000000000 - 0x000000001FFFFFFF (512M used)
[    5.061553] radeon 0000:00:01.0: GTT: 2048M 0x0000000020000000 - 0x000000009FFFFFFF
[    5.061574] [drm] Detected VRAM RAM=512M, BAR=256M
[    5.061582] [drm] RAM width 128bits DDR
[    5.062144] [TTM] Zone  kernel: Available graphics memory: 1726430 KiB
[    5.062160] [TTM] Initializing pool allocator
[    5.062180] [TTM] Initializing DMA pool allocator
[    5.062240] [drm] radeon: 512M of VRAM memory ready
[    5.062250] [drm] radeon: 2048M of GTT memory ready.
[    5.062288] [drm] Loading kabini Microcode
[    5.070273] [drm] Internal thermal controller without fan control
[    5.071811] [drm] radeon: dpm initialized
[    5.073029] [drm] Found UVD firmware Version: 1.64 Family ID: 9
[    5.080958] [drm] Found VCE firmware/feedback version 40.2.2 / 15!
[    5.082939] [drm] GART: num cpu pages 524288, num gpu pages 524288
[    5.145878] [drm] PCIE GART of 2048M enabled (table at 0x000000000030E000).
[    5.146170] radeon 0000:00:01.0: WB enabled
[    5.146216] radeon 0000:00:01.0: fence driver on ring 0 use gpu addr 0x0000000020000c00 and cpu addr 0x(____ptrval____)
[    5.146235] radeon 0000:00:01.0: fence driver on ring 1 use gpu addr 0x0000000020000c04 and cpu addr 0x(____ptrval____)
[    5.146250] radeon 0000:00:01.0: fence driver on ring 2 use gpu addr 0x0000000020000c08 and cpu addr 0x(____ptrval____)
[    5.146265] radeon 0000:00:01.0: fence driver on ring 3 use gpu addr 0x0000000020000c0c and cpu addr 0x(____ptrval____)
[    5.146279] radeon 0000:00:01.0: fence driver on ring 4 use gpu addr 0x0000000020000c10 and cpu addr 0x(____ptrval____)
[    5.147184] radeon 0000:00:01.0: fence driver on ring 5 use gpu addr 0x0000000000078d30 and cpu addr 0x(____ptrval____)
[    5.147552] radeon 0000:00:01.0: fence driver on ring 6 use gpu addr 0x0000000020000c18 and cpu addr 0x(____ptrval____)
[    5.147568] radeon 0000:00:01.0: fence driver on ring 7 use gpu addr 0x0000000020000c1c and cpu addr 0x(____ptrval____)
[    5.147583] [drm] Supports vblank timestamp caching Rev 2 (21.10.2013).
[    5.147590] [drm] Driver supports precise vblank timestamp query.
[    5.147705] radeon 0000:00:01.0: radeon: using MSI.
[    5.147767] [drm] radeon: irq initialized.
[    5.151800] [drm] ring test on 0 succeeded in 3 usecs
[    5.151914] [drm] ring test on 1 succeeded in 4 usecs
[    5.151954] [drm] ring test on 2 succeeded in 4 usecs
[    5.152283] [drm] ring test on 3 succeeded in 6 usecs
[    5.152301] [drm] ring test on 4 succeeded in 6 usecs
[    5.260628] [drm] ring test on 5 succeeded in 2 usecs
[    5.309569] [drm] UVD initialized successfully.
[    5.472708] [drm] ring test on 6 succeeded in 19 usecs
[    5.472741] [drm] ring test on 7 succeeded in 3 usecs
[    5.472748] [drm] VCE initialized successfully.
[    5.474705] [drm] ib test on ring 0 succeeded in 0 usecs
[    5.474990] [drm] ib test on ring 1 succeeded in 0 usecs
[    5.475265] [drm] ib test on ring 2 succeeded in 0 usecs
[    5.475547] [drm] ib test on ring 3 succeeded in 0 usecs
[    5.475819] [drm] ib test on ring 4 succeeded in 0 usecs
[    5.998386] [drm] ib test on ring 5 succeeded
[    6.019609] [drm] ib test on ring 6 succeeded
[    6.020584] [drm] ib test on ring 7 succeeded
[    6.068243] [drm] radeon atom DIG backlight initialized
[    6.068265] [drm] Radeon Display Connectors
[    6.068272] [drm] Connector 0:
[    6.068278] [drm]   LVDS-1
[    6.068284] [drm]   HPD1
[    6.068292] [drm]   DDC: 0x6530 0x6530 0x6534 0x6534 0x6538 0x6538 0x653c 0x653c
[    6.068301] [drm]   Encoders:
[    6.068307] [drm]     LCD1: INTERNAL_UNIPHY
[    6.068313] [drm] Connector 1:
[    6.068318] [drm]   HDMI-A-1
[    6.068324] [drm]   HPD2
[    6.068332] [drm]   DDC: 0x6540 0x6540 0x6544 0x6544 0x6548 0x6548 0x654c 0x654c
[    6.068340] [drm]   Encoders:
[    6.068345] [drm]     DFP1: INTERNAL_UNIPHY
[    6.068351] [drm] Connector 2:
[    6.068356] [drm]   VGA-1
[    6.068364] [drm]   DDC: 0x65c0 0x65c0 0x65c4 0x65c4 0x65c8 0x65c8 0x65cc 0x65cc
[    6.068372] [drm]   Encoders:
[    6.068377] [drm]     CRT1: INTERNAL_KLDSCP_DAC1
[    6.638201] rq->curr == idle (init_task)
[    6.638202] state TASK_RUNNING
[    6.638214] comm init pid 1 state 1
[    6.638226] comm kthreadd pid 2 state 1
[    6.638233] comm rcu_gp pid 3 state 1026
[    6.638241] comm rcu_par_gp pid 4 state 1026
[    6.638247] comm kworker/0:0 pid 5 state 1026
[    6.638255] comm kworker/0:0H pid 6 state 1026
[    6.638262] comm kworker/u8:0 pid 7 state 1026
[    6.638269] comm mm_percpu_wq pid 8 state 1026
[    6.638275] comm ksoftirqd/0 pid 9 state 1
[    6.638282] comm rcu_sched pid 10 state 1026
[    6.638288] comm migration/0 pid 11 state 1
[    6.638295] comm cpuhp/0 pid 12 state 1
[    6.638302] comm cpuhp/1 pid 13 state 1
[    6.638309] comm migration/1 pid 14 state 1
[    6.638315] comm ksoftirqd/1 pid 15 state 1
[    6.638322] comm kworker/1:0 pid 16 state 1026
[    6.638328] comm kworker/1:0H pid 17 state 1026
[    6.638335] comm THREAD pid 18 state 0
[    6.638342] comm kdevtmpfs pid 19 state 1
[    6.638348] comm netns pid 20 state 1026
[    6.638355] comm kworker/u8:1 pid 21 state 1026
[    6.638362] comm kauditd pid 24 state 1
[    6.638369] comm kworker/0:1 pid 37 state 1026
[    6.638376] comm kworker/1:1 pid 38 state 1026
[    6.638383] comm kworker/u8:2 pid 313 state 1026
[    6.638390] comm kworker/1:2 pid 314 state 1026
[    6.638397] comm oom_reaper pid 371 state 1
[    6.638403] comm kworker/u8:3 pid 685 state 1026
[    6.638410] comm writeback pid 686 state 1026
[    6.638417] comm kcompactd0 pid 737 state 1
[    6.638425] comm kblockd pid 788 state 1026
[    6.638432] comm ata_sff pid 956 state 1026
[    6.638439] comm md pid 976 state 1026
[    6.638446] comm edac-poller pid 979 state 1026
[    6.638453] comm rpciod pid 1090 state 1026
[    6.638460] comm kworker/u9:0 pid 1091 state 1026
[    6.638468] comm xprtiod pid 1092 state 1026
[    6.638475] comm cfg80211 pid 1095 state 1026
[    6.638482] comm kswapd0 pid 1105 state 1
[    6.638489] comm nfsiod pid 1244 state 1026
[    6.638496] comm acpi_thermal_pm pid 1293 state 1026
[    6.638503] comm scsi_eh_0 pid 1351 state 1
[    6.638510] comm scsi_tmf_0 pid 1352 state 1026
[    6.638517] comm scsi_eh_1 pid 1356 state 1
[    6.638524] comm scsi_tmf_1 pid 1357 state 1026
[    6.638531] comm kworker/u8:4 pid 1360 state 1026
[    6.638538] comm kworker/1:3 pid 1457 state 1026
[    6.638546] comm dm_bufio_cache pid 1467 state 1026
[    6.638553] comm kworker/1:4 pid 1617 state 1026
[    6.638561] comm kworker/1:5 pid 1670 state 1026
[    6.638568] comm kworker/1:1H pid 1690 state 1026
[    6.638575] comm ipv6_addrconf pid 1693 state 1026
[    6.638582] comm jbd2/sda2-8 pid 1750 state 1
[    6.638589] comm ext4-rsv-conver pid 1751 state 1026
[    6.638596] comm init pid 1757 state 1
[    6.638603] comm rc pid 1758 state 1
[    6.638609] comm kworker/0:1H pid 1789 state 1026
[    6.638617] comm S10udev pid 1835 state 1
[    6.638623] comm udevd pid 1850 state 1
[    6.638630] comm udevd pid 1852 state 2
[    6.638636] comm udevd pid 1922 state 1
[    6.638643] comm udevd pid 1923 state 1
[    6.638649] comm udevd pid 1924 state 1
[    6.638656] comm udevd pid 1925 state 1
[    6.638662] comm udevd pid 1926 state 1
[    6.638669] comm udevd pid 1927 state 1
[    6.638675] comm udevd pid 1928 state 1
[    6.638682] comm udevd pid 2009 state 1
[    6.638689] comm udevd pid 2010 state 1
[    6.638696] comm udevd pid 2011 state 1
[    6.638703] comm udevd pid 2012 state 1
[    6.638709] comm kworker/0:2 pid 2696 state 1026
[    6.638715] comm udevadm pid 3130 state 1
[    6.638722] comm ttm_swap pid 3137 state 1026
[    6.638728] proc in rq 0
[    6.638730] rq->nr_running rq->cfs.nr_running : 0 0
[    6.638740] rq->rt.rt_nr_running  rq->cfs.load.weight : 0  0
[    6.638741] ----------------^^^^CPU0^^^^^-----------------------
[    6.638748] rq->curr == THREAD(this messg)
[    6.638755] state TASK_RUNNING
[    6.638761] comm init pid 1 state 1
[    6.638771] comm kthreadd pid 2 state 1
[    6.638777] comm rcu_gp pid 3 state 1026
[    6.638784] comm rcu_par_gp pid 4 state 1026
[    6.638790] comm kworker/0:0 pid 5 state 1026
[    6.638796] comm kworker/0:0H pid 6 state 1026
[    6.638803] comm kworker/u8:0 pid 7 state 1026
[    6.638809] comm mm_percpu_wq pid 8 state 1026
[    6.638816] comm ksoftirqd/0 pid 9 state 1
[    6.638822] comm rcu_sched pid 10 state 1026
[    6.638828] comm migration/0 pid 11 state 1
[    6.638834] comm cpuhp/0 pid 12 state 1
[    6.638841] comm cpuhp/1 pid 13 state 1
[    6.638847] comm migration/1 pid 14 state 1
[    6.638853] comm ksoftirqd/1 pid 15 state 1
[    6.638859] comm kworker/1:0 pid 16 state 1026
[    6.638866] comm kworker/1:0H pid 17 state 1026
[    6.638872] comm THREAD pid 18 state 0
[    6.638878] comm kdevtmpfs pid 19 state 1
[    6.638884] comm netns pid 20 state 1026
[    6.638890] comm kworker/u8:1 pid 21 state 1026
[    6.638897] comm kauditd pid 24 state 1
[    6.638903] comm kworker/0:1 pid 37 state 1026
[    6.638909] comm kworker/1:1 pid 38 state 1026
[    6.638916] comm kworker/u8:2 pid 313 state 1026
[    6.638922] comm kworker/1:2 pid 314 state 1026
[    6.638929] comm oom_reaper pid 371 state 1
[    6.638935] comm kworker/u8:3 pid 685 state 1026
[    6.638942] comm writeback pid 686 state 1026
[    6.638948] comm kcompactd0 pid 737 state 1
[    6.638954] comm kblockd pid 788 state 1026
[    6.638961] comm ata_sff pid 956 state 1026
[    6.638967] comm md pid 976 state 1026
[    6.638973] comm edac-poller pid 979 state 1026
[    6.638980] comm rpciod pid 1090 state 1026
[    6.638986] comm kworker/u9:0 pid 1091 state 1026
[    6.638993] comm xprtiod pid 1092 state 1026
[    6.638999] comm cfg80211 pid 1095 state 1026
[    6.639005] comm kswapd0 pid 1105 state 1
[    6.639011] comm nfsiod pid 1244 state 1026
[    6.639018] comm acpi_thermal_pm pid 1293 state 1026
[    6.639025] comm scsi_eh_0 pid 1351 state 1
[    6.639031] comm scsi_tmf_0 pid 1352 state 1026
[    6.639037] comm scsi_eh_1 pid 1356 state 1
[    6.639044] comm scsi_tmf_1 pid 1357 state 1026
[    6.639050] comm kworker/u8:4 pid 1360 state 1026
[    6.639057] comm kworker/1:3 pid 1457 state 1026
[    6.639063] comm dm_bufio_cache pid 1467 state 1026
[    6.639070] comm kworker/1:4 pid 1617 state 1026
[    6.639077] comm kworker/1:5 pid 1670 state 1026
[    6.639083] comm kworker/1:1H pid 1690 state 1026
[    6.639090] comm ipv6_addrconf pid 1693 state 1026
[    6.639097] comm jbd2/sda2-8 pid 1750 state 1
[    6.639103] comm ext4-rsv-conver pid 1751 state 1026
[    6.639110] comm init pid 1757 state 1
[    6.639116] comm rc pid 1758 state 1
[    6.639122] comm kworker/0:1H pid 1789 state 1026
[    6.639129] comm S10udev pid 1835 state 1
[    6.639135] comm udevd pid 1850 state 1
[    6.639141] comm udevd pid 1852 state 2
[    6.639147] comm udevd pid 1922 state 1
[    6.639153] comm udevd pid 1923 state 1
[    6.639159] comm udevd pid 1924 state 1
[    6.639165] comm udevd pid 1925 state 1
[    6.639171] comm udevd pid 1926 state 1
[    6.639177] comm udevd pid 1927 state 1
[    6.639183] comm udevd pid 1928 state 1
[    6.639190] comm udevd pid 2009 state 1
[    6.639196] comm udevd pid 2010 state 1
[    6.639202] comm udevd pid 2011 state 1
[    6.639208] comm udevd pid 2012 state 1
[    6.639214] comm kworker/0:2 pid 2696 state 1026
[    6.639220] comm udevadm pid 3130 state 1
[    6.639227] comm ttm_swap pid 3137 state 1026
[    6.639232] proc in rq 0
[    6.639234] rq->nr_running rq->cfs.nr_running : 1 1
[    6.639244] rq->rt.rt_nr_running  rq->cfs.load.weight : 0  1048576
[    6.639246] ----------------^^^^CPU1^^^^^-----------------------
[    6.639253] rq->curr->pid == 0
[    6.639260] state TASK_RUNNING
[    6.639266] comm init pid 1 state 1
[    6.639276] comm kthreadd pid 2 state 1
[    6.639282] comm rcu_gp pid 3 state 1026
[    6.639288] comm rcu_par_gp pid 4 state 1026
[    6.639294] comm kworker/0:0 pid 5 state 1026
[    6.639301] comm kworker/0:0H pid 6 state 1026
[    6.639307] comm kworker/u8:0 pid 7 state 1026
[    6.639314] comm mm_percpu_wq pid 8 state 1026
[    6.639320] comm ksoftirqd/0 pid 9 state 1
[    6.639326] comm rcu_sched pid 10 state 1026
[    6.639333] comm migration/0 pid 11 state 1
[    6.639339] comm cpuhp/0 pid 12 state 1
[    6.639345] comm cpuhp/1 pid 13 state 1
[    6.639351] comm migration/1 pid 14 state 1
[    6.639358] comm ksoftirqd/1 pid 15 state 1
[    6.639364] comm kworker/1:0 pid 16 state 1026
[    6.639370] comm kworker/1:0H pid 17 state 1026
[    6.639377] comm THREAD pid 18 state 0
[    6.639383] comm kdevtmpfs pid 19 state 1
[    6.639389] comm netns pid 20 state 1026
[    6.639395] comm kworker/u8:1 pid 21 state 1026
[    6.639402] comm kauditd pid 24 state 1
[    6.639408] comm kworker/0:1 pid 37 state 1026
[    6.639414] comm kworker/1:1 pid 38 state 1026
[    6.639421] comm kworker/u8:2 pid 313 state 1026
[    6.639427] comm kworker/1:2 pid 314 state 1026
[    6.639434] comm oom_reaper pid 371 state 1
[    6.639440] comm kworker/u8:3 pid 685 state 1026
[    6.639447] comm writeback pid 686 state 1026
[    6.639453] comm kcompactd0 pid 737 state 1
[    6.639459] comm kblockd pid 788 state 1026
[    6.639466] comm ata_sff pid 956 state 1026
[    6.639472] comm md pid 976 state 1026
[    6.639478] comm edac-poller pid 979 state 1026
[    6.639485] comm rpciod pid 1090 state 1026
[    6.639491] comm kworker/u9:0 pid 1091 state 1026
[    6.639498] comm xprtiod pid 1092 state 1026
[    6.639504] comm cfg80211 pid 1095 state 1026
[    6.639510] comm kswapd0 pid 1105 state 1
[    6.639517] comm nfsiod pid 1244 state 1026
[    6.639523] comm acpi_thermal_pm pid 1293 state 1026
[    6.639530] comm scsi_eh_0 pid 1351 state 1
[    6.639536] comm scsi_tmf_0 pid 1352 state 1026
[    6.639543] comm scsi_eh_1 pid 1356 state 1
[    6.639549] comm scsi_tmf_1 pid 1357 state 1026
[    6.639556] comm kworker/u8:4 pid 1360 state 1026
[    6.639562] comm kworker/1:3 pid 1457 state 1026
[    6.639569] comm dm_bufio_cache pid 1467 state 1026
[    6.639576] comm kworker/1:4 pid 1617 state 1026
[    6.639582] comm kworker/1:5 pid 1670 state 1026
[    6.639589] comm kworker/1:1H pid 1690 state 1026
[    6.639595] comm ipv6_addrconf pid 1693 state 1026
[    6.639602] comm jbd2/sda2-8 pid 1750 state 1
[    6.639608] comm ext4-rsv-conver pid 1751 state 1026
[    6.639615] comm init pid 1757 state 1
[    6.639621] comm rc pid 1758 state 1
[    6.639627] comm kworker/0:1H pid 1789 state 1026
[    6.639634] comm S10udev pid 1835 state 1
[    6.639640] comm udevd pid 1850 state 1
[    6.639646] comm udevd pid 1852 state 2
[    6.639652] comm udevd pid 1922 state 1
[    6.639658] comm udevd pid 1923 state 1
[    6.639664] comm udevd pid 1924 state 1
[    6.639671] comm udevd pid 1925 state 1
[    6.639677] comm udevd pid 1926 state 1
[    6.639683] comm udevd pid 1927 state 1
[    6.639689] comm udevd pid 1928 state 1
[    6.639695] comm udevd pid 2009 state 1
[    6.639701] comm udevd pid 2010 state 1
[    6.639707] comm udevd pid 2011 state 1
[    6.639713] comm udevd pid 2012 state 1
[    6.639719] comm kworker/0:2 pid 2696 state 1026
[    6.639726] comm udevadm pid 3130 state 1
[    6.639732] comm ttm_swap pid 3137 state 1026
[    6.639738] proc in rq 0
[    6.639740] rq->nr_running rq->cfs.nr_running : 0 0
[    6.639749] rq->rt.rt_nr_running  rq->cfs.load.weight : 0  0
[    6.639751] ----------------^^^^CPU2^^^^^-----------------------
[    6.639758] rq->curr->pid == 0
[    6.639764] state TASK_RUNNING
[    6.639770] comm init pid 1 state 1
[    6.639780] comm kthreadd pid 2 state 1
[    6.639786] comm rcu_gp pid 3 state 1026
[    6.639792] comm rcu_par_gp pid 4 state 1026
[    6.639799] comm kworker/0:0 pid 5 state 1026
[    6.639805] comm kworker/0:0H pid 6 state 1026
[    6.639812] comm kworker/u8:0 pid 7 state 1026
[    6.639818] comm mm_percpu_wq pid 8 state 1026
[    6.639825] comm ksoftirqd/0 pid 9 state 1
[    6.639831] comm rcu_sched pid 10 state 1026
[    6.639837] comm migration/0 pid 11 state 1
[    6.639843] comm cpuhp/0 pid 12 state 1
[    6.639850] comm cpuhp/1 pid 13 state 1
[    6.639856] comm migration/1 pid 14 state 1
[    6.639862] comm ksoftirqd/1 pid 15 state 1
[    6.639868] comm kworker/1:0 pid 16 state 1026
[    6.639875] comm kworker/1:0H pid 17 state 1026
[    6.639881] comm THREAD pid 18 state 0
[    6.639887] comm kdevtmpfs pid 19 state 1
[    6.639893] comm netns pid 20 state 1026
[    6.639900] comm kworker/u8:1 pid 21 state 1026
[    6.639906] comm kauditd pid 24 state 1
[    6.639912] comm kworker/0:1 pid 37 state 1026
[    6.639919] comm kworker/1:1 pid 38 state 1026
[    6.639925] comm kworker/u8:2 pid 313 state 1026
[    6.639932] comm kworker/1:2 pid 314 state 1026
[    6.639938] comm oom_reaper pid 371 state 1
[    6.639945] comm kworker/u8:3 pid 685 state 1026
[    6.639951] comm writeback pid 686 state 1026
[    6.639958] comm kcompactd0 pid 737 state 1
[    6.639964] comm kblockd pid 788 state 1026
[    6.639970] comm ata_sff pid 956 state 1026
[    6.639976] comm md pid 976 state 1026
[    6.639983] comm edac-poller pid 979 state 1026
[    6.639989] comm rpciod pid 1090 state 1026
[    6.639995] comm kworker/u9:0 pid 1091 state 1026
[    6.640002] comm xprtiod pid 1092 state 1026
[    6.640008] comm cfg80211 pid 1095 state 1026
[    6.640015] comm kswapd0 pid 1105 state 1
[    6.640021] comm nfsiod pid 1244 state 1026
[    6.640027] comm acpi_thermal_pm pid 1293 state 1026
[    6.640034] comm scsi_eh_0 pid 1351 state 1
[    6.640041] comm scsi_tmf_0 pid 1352 state 1026
[    6.640047] comm scsi_eh_1 pid 1356 state 1
[    6.640053] comm scsi_tmf_1 pid 1357 state 1026
[    6.640060] comm kworker/u8:4 pid 1360 state 1026
[    6.640067] comm kworker/1:3 pid 1457 state 1026
[    6.640073] comm dm_bufio_cache pid 1467 state 1026
[    6.640080] comm kworker/1:4 pid 1617 state 1026
[    6.640086] comm kworker/1:5 pid 1670 state 1026
[    6.640093] comm kworker/1:1H pid 1690 state 1026
[    6.640100] comm ipv6_addrconf pid 1693 state 1026
[    6.640106] comm jbd2/sda2-8 pid 1750 state 1
[    6.640113] comm ext4-rsv-conver pid 1751 state 1026
[    6.640120] comm init pid 1757 state 1
[    6.640126] comm rc pid 1758 state 1
[    6.640132] comm kworker/0:1H pid 1789 state 1026
[    6.640138] comm S10udev pid 1835 state 1
[    6.640144] comm udevd pid 1850 state 1
[    6.640150] comm udevd pid 1852 state 2
[    6.640157] comm udevd pid 1922 state 1
[    6.640163] comm udevd pid 1923 state 1
[    6.640169] comm udevd pid 1924 state 1
[    6.640175] comm udevd pid 1925 state 1
[    6.640181] comm udevd pid 1926 state 1
[    6.640187] comm udevd pid 1927 state 1
[    6.640193] comm udevd pid 1928 state 1
[    6.640199] comm udevd pid 2009 state 1
[    6.640205] comm udevd pid 2010 state 1
[    6.640211] comm udevd pid 2011 state 1
[    6.640217] comm udevd pid 2012 state 1
[    6.640224] comm kworker/0:2 pid 2696 state 1026
[    6.640230] comm udevadm pid 3130 state 1
[    6.640236] comm ttm_swap pid 3137 state 1026
[    6.640242] proc in rq 0
[    6.640244] rq->nr_running rq->cfs.nr_running : 0 0
[    6.640253] rq->rt.rt_nr_running  rq->cfs.load.weight : 0  0
[    6.640255] ----------------^^^^CPU3^^^^^-----------------------
[    7.120368] [drm] fb mappable at 0xC0722000
[    7.120384] [drm] vram apper at 0xC0000000
[    7.120391] [drm] size 4325376
[    7.120396] [drm] fb depth is 24
[    7.120402] [drm]    pitch is 5632
[    7.120831] fbcon: radeondrmfb (fb0) is primary device
[    7.228449] Console: switching to colour frame buffer device 170x48
[    7.238874] radeon 0000:00:01.0: fb0: radeondrmfb frame buffer device
[    7.407233] [drm] Initialized radeon 2.50.0 20080528 for 0000:00:01.0 on minor 0
[    7.538408] Adding 3608572k swap on /dev/sda4.  Priority:1 extents:1 across:3608572k SS
[    7.589793] EXT4-fs (sda2): re-mounted. Opts: (null)
[    7.694757] EXT4-fs (sda2): re-mounted. Opts: (null)
[    9.658227] rq->curr == THREAD(this messg)
[    9.658230] state TASK_RUNNING
[    9.658313] comm init pid 1 state 1
[    9.658422] comm kthreadd pid 2 state 1
[    9.661280] comm rcu_gp pid 3 state 1026
[    9.664163] comm rcu_par_gp pid 4 state 1026
[    9.667080] comm kworker/0:0 pid 5 state 1026
[    9.670058] comm kworker/0:0H pid 6 state 1026
[    9.673041] comm kworker/u8:0 pid 7 state 1026
[    9.676030] comm mm_percpu_wq pid 8 state 1026
[    9.679051] comm ksoftirqd/0 pid 9 state 1
[    9.682091] comm rcu_sched pid 10 state 0
[    9.685156] comm migration/0 pid 11 state 1
[    9.688262] comm cpuhp/0 pid 12 state 1
[    9.691392] comm cpuhp/1 pid 13 state 1
[    9.694522] comm migration/1 pid 14 state 1
[    9.697653] comm ksoftirqd/1 pid 15 state 1
[    9.700771] comm kworker/1:0 pid 16 state 1026
[    9.703876] comm kworker/1:0H pid 17 state 1026
[    9.706965] comm THREAD pid 18 state 0
[    9.710047] comm kdevtmpfs pid 19 state 1
[    9.713110] comm netns pid 20 state 1026
[    9.716142] comm kworker/u8:1 pid 21 state 1026
[    9.719160] comm kauditd pid 24 state 1
[    9.722170] comm kworker/0:1 pid 37 state 1026
[    9.725194] comm kworker/1:1 pid 38 state 1026
[    9.728212] comm kworker/u8:2 pid 313 state 1026
[    9.731247] comm kworker/1:2 pid 314 state 1026
[    9.734264] comm oom_reaper pid 371 state 1
[    9.737256] comm kworker/u8:3 pid 685 state 1026
[    9.740249] comm writeback pid 686 state 1026
[    9.743190] comm kcompactd0 pid 737 state 1
[    9.745990] comm kblockd pid 788 state 1026
[    9.748659] comm ata_sff pid 956 state 1026
[    9.751163] comm md pid 976 state 1026
[    9.753532] comm edac-poller pid 979 state 1026
[    9.755862] comm rpciod pid 1090 state 1026
[    9.758152] comm kworker/u9:0 pid 1091 state 1026
[    9.760440] comm xprtiod pid 1092 state 1026
[    9.762608] comm cfg80211 pid 1095 state 1026
[    9.764681] comm kswapd0 pid 1105 state 1
[    9.766740] comm nfsiod pid 1244 state 1026
[    9.768834] comm acpi_thermal_pm pid 1293 state 1026
[    9.770926] comm scsi_eh_0 pid 1351 state 1
[    9.772990] comm scsi_tmf_0 pid 1352 state 1026
[    9.775065] comm scsi_eh_1 pid 1356 state 1
[    9.777142] comm scsi_tmf_1 pid 1357 state 1026
[    9.779200] comm kworker/u8:4 pid 1360 state 1026
[    9.781191] comm kworker/1:3 pid 1457 state 1026
[    9.783130] comm dm_bufio_cache pid 1467 state 1026
[    9.785093] comm kworker/1:4 pid 1617 state 1026
[    9.787106] comm kworker/1:5 pid 1670 state 1026
[    9.789115] comm kworker/1:1H pid 1690 state 1026
[    9.791098] comm ipv6_addrconf pid 1693 state 1026
[    9.793094] comm jbd2/sda2-8 pid 1750 state 1
[    9.795083] comm ext4-rsv-conver pid 1751 state 1026
[    9.797103] comm kworker/0:1H pid 1789 state 1026
[    9.799153] comm udevd pid 1850 state 1
[    9.801193] comm udevd pid 1852 state 1
[    9.803221] comm udevd pid 1922 state 1
[    9.805223] comm udevd pid 1923 state 1
[    9.807205] comm udevd pid 1924 state 1
[    9.809180] comm udevd pid 1925 state 1
[    9.811085] comm udevd pid 1926 state 1
[    9.812972] comm udevd pid 1927 state 1
[    9.814848] comm udevd pid 1928 state 1
[    9.816714] comm udevd pid 2009 state 1
[    9.818580] comm udevd pid 2010 state 1
[    9.820412] comm udevd pid 2011 state 1
[    9.822218] comm udevd pid 2012 state 1
[    9.823974] comm kworker/0:2 pid 2696 state 0
[    9.825739] comm ttm_swap pid 3137 state 1026
[    9.827477] comm mount.ntfs-3g pid 3262 state 1
[    9.829267] comm rc pid 3400 state 1
[    9.831038] comm S10sysklogd pid 3405 state 0
[    9.832846] comm syslogd pid 3428 state 0
[    9.834668] comm klogd pid 3450 state 128
[    9.836473] comm klogd pid 3451 state 1
[    9.838259] comm syslogd pid 3465 state 0
[    9.840006] comm syslogd pid 3467 state 0
[    9.841734] comm syslogd pid 3469 state 0
[    9.843428] comm syslogd pid 3471 state 0
[    9.845087] comm syslogd pid 3473 state 0
[    9.846713] comm syslogd pid 3475 state 0
[    9.848339] comm syslogd pid 3477 state 0
[    9.849923] comm syslogd pid 3479 state 0
[    9.851479] comm syslogd pid 3489 state 0
[    9.853003] comm syslogd pid 3491 state 0
[    9.854491] comm syslogd pid 3500 state 0
[    9.855933] comm syslogd pid 3502 state 0
[    9.857329] comm syslogd pid 3504 state 0
[    9.858688] comm syslogd pid 3506 state 0
[    9.860004] comm syslogd pid 3508 state 0
[    9.861292] comm syslogd pid 3527 state 0
[    9.862555] comm syslogd pid 3564 state 0
[    9.863785] comm syslogd pid 3565 state 128
[    9.864999] comm syslogd pid 3566 state 128
[    9.866178] comm syslogd pid 3567 state 128
[    9.867316] comm syslogd pid 3570 state 128
[    9.868492] comm syslogd pid 3571 state 128
[    9.869607] comm syslogd pid 3572 state 128
[    9.870683] comm syslogd pid 3573 state 128
[    9.871724] comm syslogd pid 3574 state 128
[    9.872707] comm syslogd pid 3575 state 128
[    9.873647] comm syslogd pid 3576 state 128
[    9.874545] comm syslogd pid 3577 state 128
[    9.875436] comm syslogd pid 3578 state 128
[    9.876327] comm syslogd pid 3579 state 128
[    9.877221] comm syslogd pid 3580 state 128
[    9.878114] comm syslogd pid 3581 state 128
[    9.879020] proc in rq 0
[    9.879023] rq->nr_running rq->cfs.nr_running : 1 1
[    9.880915] rq->rt.rt_nr_running  rq->cfs.load.weight : 0  1048576
[    9.880918] ----------------^^^^CPU0^^^^^-----------------------
[    9.881992] rq->curr->pid == 3428
[    9.883125] state TASK_RUNNING
[    9.884295] color, tsk->comm, weight, vruntime, state: -126111150404071 syslogd 1048576 6187858452 0
[    9.885477] color, tsk->comm, weight, vruntime, state: -126111150400616 syslogd 1048576 6187891936 0
[    9.886856] color, tsk->comm, weight, vruntime, state: -126111150407527 syslogd 1048576 6187934990 0
[    9.888220] color, tsk->comm, weight, vruntime, state: -126111150404072 syslogd 1048576 6187991167 0
[    9.889535] color, tsk->comm, weight, vruntime, state: -126111150390247 syslogd 1048576 6188226014 0
[    9.890824] color, tsk->comm, weight, vruntime, state: -126111169549159 syslogd 1048576 6188789036 128
[    9.892089] color, tsk->comm, weight, vruntime, state: -126111169549159 syslogd 1048576 6189105566 128
[    9.893342] color, tsk->comm, weight, vruntime, state: -126111150379879 syslogd 1048576 6189348173 128
[    9.894572] color, tsk->comm, weight, vruntime, state: -126111150379879 syslogd 1048576 6189423998 128
[    9.895795] color, tsk->comm, weight, vruntime, state: 1 syslogd 1048576 6190530844 0
[    9.897035] comm init pid 1 state 1
[    9.899553] comm kthreadd pid 2 state 1
[    9.900858] comm rcu_gp pid 3 state 1026
[    9.902185] comm rcu_par_gp pid 4 state 1026
[    9.903546] comm kworker/0:0 pid 5 state 1026
[    9.904926] comm kworker/0:0H pid 6 state 1026
[    9.906319] comm kworker/u8:0 pid 7 state 1026
[    9.907712] comm mm_percpu_wq pid 8 state 1026
[    9.909131] comm ksoftirqd/0 pid 9 state 1
[    9.910563] comm rcu_sched pid 10 state 1026
[    9.912026] comm migration/0 pid 11 state 1
[    9.913546] comm cpuhp/0 pid 12 state 1
[    9.915105] comm cpuhp/1 pid 13 state 1
[    9.916656] comm migration/1 pid 14 state 1
[    9.918261] comm ksoftirqd/1 pid 15 state 1
[    9.919842] comm kworker/1:0 pid 16 state 1026
[    9.921446] comm kworker/1:0H pid 17 state 1026
[    9.923053] comm THREAD pid 18 state 0
[    9.924684] comm kdevtmpfs pid 19 state 1
[    9.926352] comm netns pid 20 state 1026
[    9.928053] comm kworker/u8:1 pid 21 state 1026
[    9.929840] comm kauditd pid 24 state 1
[    9.931631] comm kworker/0:1 pid 37 state 1026
[    9.933461] comm kworker/1:1 pid 38 state 1026
[    9.935258] comm kworker/u8:2 pid 313 state 1026
[    9.937084] comm kworker/1:2 pid 314 state 1026
[    9.938960] comm oom_reaper pid 371 state 1
[    9.940875] comm kworker/u8:3 pid 685 state 1026
[    9.942844] comm writeback pid 686 state 1026
[    9.944850] comm kcompactd0 pid 737 state 1
[    9.946880] comm kblockd pid 788 state 1026
[    9.948933] comm ata_sff pid 956 state 1026
[    9.950933] comm md pid 976 state 1026
[    9.952908] comm edac-poller pid 979 state 1026
[    9.954889] comm rpciod pid 1090 state 1026
[    9.956858] comm kworker/u9:0 pid 1091 state 1026
[    9.958832] comm xprtiod pid 1092 state 1026
[    9.960797] comm cfg80211 pid 1095 state 1026
[    9.962691] comm kswapd0 pid 1105 state 1
[    9.964564] comm nfsiod pid 1244 state 1026
[    9.966459] comm acpi_thermal_pm pid 1293 state 1026
[    9.968411] comm scsi_eh_0 pid 1351 state 1
[    9.970369] comm scsi_tmf_0 pid 1352 state 1026
[    9.972360] comm scsi_eh_1 pid 1356 state 1
[    9.974380] comm scsi_tmf_1 pid 1357 state 1026
[    9.976415] comm kworker/u8:4 pid 1360 state 1026
[    9.978478] comm kworker/1:3 pid 1457 state 1026
[    9.980477] comm dm_bufio_cache pid 1467 state 1026
[    9.982438] comm kworker/1:4 pid 1617 state 1026
[    9.984414] comm kworker/1:5 pid 1670 state 1026
[    9.986391] comm kworker/1:1H pid 1690 state 1026
[    9.988391] comm ipv6_addrconf pid 1693 state 1026
[    9.990376] comm jbd2/sda2-8 pid 1750 state 1
[    9.992378] comm ext4-rsv-conver pid 1751 state 1026
[    9.994403] comm kworker/0:1H pid 1789 state 1026
[    9.996432] comm udevd pid 1850 state 1
[    9.998475] comm udevd pid 1852 state 1
[   10.000476] comm udevd pid 1922 state 1
[   10.002450] comm udevd pid 1923 state 1
[   10.004408] comm udevd pid 1924 state 1
[   10.006357] comm udevd pid 1925 state 1
[   10.008286] comm udevd pid 1926 state 1
[   10.010178] comm udevd pid 1927 state 1
[   10.010181] comm udevd pid 1928 state 1
[   10.010184] comm udevd pid 2009 state 1
[   10.010186] comm udevd pid 2010 state 1
[   10.010189] comm udevd pid 2011 state 1
[   10.010191] comm udevd pid 2012 state 1
[   10.010194] comm kworker/0:2 pid 2696 state 0
[   10.010197] comm ttm_swap pid 3137 state 1026
[   10.010199] comm mount.ntfs-3g pid 3262 state 1
[   10.010202] comm rc pid 3400 state 1
[   10.010204] comm S10sysklogd pid 3405 state 1
[   10.010206] comm syslogd pid 3428 state 0
[   10.010209] comm klogd pid 3451 state 1
[   10.010211] comm syslogd pid 3500 state 128
[   10.010214] comm syslogd pid 3502 state 128
[   10.010217] comm syslogd pid 3504 state 128
[   10.010219] comm syslogd pid 3506 state 128
[   10.010221] comm syslogd pid 3508 state 128
[   10.010223] comm syslogd pid 3527 state 0
[   10.010225] comm syslogd pid 3598 state 0
[   10.010227] comm syslogd pid 3656 state 0
[   10.010230] comm syslogd pid 3658 state 0
[   10.010232] comm syslogd pid 3660 state 0
[   10.010234] comm syslogd pid 3662 state 0
[   10.010236] comm syslogd pid 3665 state 0
[   10.010239] comm syslogd pid 3681 state 0
[   10.010241] comm syslogd pid 3700 state 0
[   10.010243] comm syslogd pid 3719 state 0
[   10.010245] comm echo pid 3738 state 0
[   10.010247] comm syslogd pid 3739 state 128
[   10.010249] comm syslogd pid 3740 state 128
[   10.010251] comm syslogd pid 3741 state 0
[   10.010252] comm syslogd pid 3742 state 0
[   10.010254] comm syslogd pid 3743 state 0
[   10.010256] comm syslogd pid 3744 state 0
[   10.010258] comm syslogd pid 3745 state 0
[   10.010261] comm syslogd pid 3746 state 0
[   10.010262] proc in rq 10
[   10.010265] rq->nr_running rq->cfs.nr_running : 11 11
[   10.010267] rq->rt.rt_nr_running  rq->cfs.load.weight : 0  11534336
[   10.010268] ----------------^^^^CPU1^^^^^-----------------------
[   10.010271] rq->curr->pid == 0
[   10.010272] state TASK_RUNNING
[   10.010275] comm init pid 1 state 1
[   10.010278] comm kthreadd pid 2 state 1
[   10.010280] comm rcu_gp pid 3 state 1026
[   10.010283] comm rcu_par_gp pid 4 state 1026
[   10.010285] comm kworker/0:0 pid 5 state 1026
[   10.010287] comm kworker/0:0H pid 6 state 1026
[   10.010290] comm kworker/u8:0 pid 7 state 1026
[   10.010292] comm mm_percpu_wq pid 8 state 1026
[   10.010294] comm ksoftirqd/0 pid 9 state 1
[   10.010297] comm rcu_sched pid 10 state 1026
[   10.010299] comm migration/0 pid 11 state 1
[   10.010301] comm cpuhp/0 pid 12 state 1
[   10.010303] comm cpuhp/1 pid 13 state 1
[   10.010305] comm migration/1 pid 14 state 1
[   10.010308] comm ksoftirqd/1 pid 15 state 1
[   10.010310] comm kworker/1:0 pid 16 state 1026
[   10.010312] comm kworker/1:0H pid 17 state 1026
[   10.010314] comm THREAD pid 18 state 0
[   10.010316] comm kdevtmpfs pid 19 state 1
[   10.010319] comm netns pid 20 state 1026
[   10.010321] comm kworker/u8:1 pid 21 state 1026
