[    0.000000] Linux version 5.2.0-rc4+ (root@(none)) (gcc version 9.0.1 20190416 (experimental) (GCC)) #42 SMP Sun Jun 16 15:36:46 +05 2019
[    0.000000] Command line: BOOT_IMAGE=/boot/bzImage root=/dev/sda2 ro
[    0.000000] x86/fpu: Supporting XSAVE feature 0x001: 'x87 floating point registers'
[    0.000000] x86/fpu: Supporting XSAVE feature 0x002: 'SSE registers'
[    0.000000] x86/fpu: Supporting XSAVE feature 0x004: 'AVX registers'
[    0.000000] x86/fpu: xstate_offset[2]:  576, xstate_sizes[2]:  256
[    0.000000] x86/fpu: Enabled xstate features 0x7, context size is 832 bytes, using 'standard' format.
[    0.000000] BIOS-provided physical RAM map:
[    0.000000] BIOS-e820: [mem 0x0000000000000000-0x000000000009ffff] usable
[    0.000000] BIOS-e820: [mem 0x0000000000100000-0x000000009d0f7fff] usable
[    0.000000] BIOS-e820: [mem 0x000000009d0f8000-0x000000009d127fff] reserved
[    0.000000] BIOS-e820: [mem 0x000000009d128000-0x000000009d370fff] usable
[    0.000000] BIOS-e820: [mem 0x000000009d371000-0x000000009dc56fff] ACPI NVS
[    0.000000] BIOS-e820: [mem 0x000000009dc57000-0x000000009e959fff] reserved
[    0.000000] BIOS-e820: [mem 0x000000009e95a000-0x000000009e9cafff] type 20
[    0.000000] BIOS-e820: [mem 0x000000009e9cb000-0x000000009e9cbfff] usable
[    0.000000] BIOS-e820: [mem 0x000000009e9cc000-0x000000009e9d3fff] ACPI NVS
[    0.000000] BIOS-e820: [mem 0x000000009e9d4000-0x000000009eb24fff] usable
[    0.000000] BIOS-e820: [mem 0x000000009eb25000-0x000000009f041fff] reserved
[    0.000000] BIOS-e820: [mem 0x000000009f042000-0x000000009f080fff] usable
[    0.000000] BIOS-e820: [mem 0x000000009f081000-0x000000009f3f1fff] reserved
[    0.000000] BIOS-e820: [mem 0x000000009f3f2000-0x000000009f3fffff] usable
[    0.000000] BIOS-e820: [mem 0x00000000fec00000-0x00000000fec01fff] reserved
[    0.000000] BIOS-e820: [mem 0x00000000fec10000-0x00000000fec10fff] reserved
[    0.000000] BIOS-e820: [mem 0x00000000fed00000-0x00000000fed00fff] reserved
[    0.000000] BIOS-e820: [mem 0x00000000fed80000-0x00000000fed8ffff] reserved
[    0.000000] BIOS-e820: [mem 0x00000000ff000000-0x00000000ffffffff] reserved
[    0.000000] BIOS-e820: [mem 0x0000000100001000-0x000000013effffff] usable
[    0.000000] NX (Execute Disable) protection: active
[    0.000000] efi: EFI v2.31 by American Megatrends
[    0.000000] efi:  ACPI=0x9d3f3000  ACPI 2.0=0x9d3f3000  SMBIOS=0x9e958998 
[    0.000000] SMBIOS 2.7 present.
[    0.000000] DMI: ASUSTeK COMPUTER INC. X102BA/X102BA, BIOS X102BA.212 08/30/2013
[    0.000000] tsc: Fast TSC calibration using PIT
[    0.000000] tsc: Detected 998.154 MHz processor
[    0.000214] e820: update [mem 0x00000000-0x00000fff] usable ==> reserved
[    0.000218] e820: remove [mem 0x000a0000-0x000fffff] usable
[    0.000240] last_pfn = 0x13f000 max_arch_pfn = 0x400000000
[    0.000250] MTRR default type: uncachable
[    0.000251] MTRR fixed ranges enabled:
[    0.000255]   00000-9FFFF write-back
[    0.000257]   A0000-BFFFF write-through
[    0.000260]   C0000-DFFFF uncachable
[    0.000262]   E0000-FFFFF write-protect
[    0.000263] MTRR variable ranges enabled:
[    0.000267]   0 base 0000000000 mask FF80000000 write-back
[    0.000271]   1 base 0080000000 mask FFE0000000 write-back
[    0.000274]   2 base 009F400000 mask FFFFC00000 uncachable
[    0.000277]   3 base 009F800000 mask FFFF800000 uncachable
[    0.000278]   4 disabled
[    0.000279]   5 disabled
[    0.000280]   6 disabled
[    0.000281]   7 disabled
[    0.000284] TOM2: 000000013f000000 aka 5104M
[    0.000807] x86/PAT: Configuration [0-7]: WB  WC  UC- UC  WB  WP  UC- WT  
[    0.001073] e820: update [mem 0x9f400000-0xffffffff] usable ==> reserved
[    0.001087] last_pfn = 0x9f400 max_arch_pfn = 0x400000000
[    0.014353] check: Scanning 1 areas for low memory corruption
[    0.014366] Using GB pages for direct mapping
[    0.014373] BRK [0x05e01000, 0x05e01fff] PGTABLE
[    0.014378] BRK [0x05e02000, 0x05e02fff] PGTABLE
[    0.014382] BRK [0x05e03000, 0x05e03fff] PGTABLE
[    0.014572] BRK [0x05e04000, 0x05e04fff] PGTABLE
[    0.014578] BRK [0x05e05000, 0x05e05fff] PGTABLE
[    0.014888] BRK [0x05e06000, 0x05e06fff] PGTABLE
[    0.016314] BRK [0x05e07000, 0x05e07fff] PGTABLE
[    0.016595] BRK [0x05e08000, 0x05e08fff] PGTABLE
[    0.016832] BRK [0x05e09000, 0x05e09fff] PGTABLE
[    0.017129] BRK [0x05e0a000, 0x05e0afff] PGTABLE
[    0.017467] BRK [0x05e0b000, 0x05e0bfff] PGTABLE
[    0.017703] Secure boot could not be determined
[    0.017719] ACPI: Early table checksum verification disabled
[    0.017730] ACPI: RSDP 0x000000009D3F3000 000024 (v02 _ASUS_)
[    0.017741] ACPI: XSDT 0x000000009D3F3088 000094 (v01 _ASUS_ Notebook 01072009 AMI  00010013)
[    0.017758] ACPI: FACP 0x000000009D400748 00010C (v05 _ASUS_ Notebook 01072009 AMI  00010013)
[    0.017774] ACPI BIOS Warning (bug): Optional FADT field Pm2ControlBlock has valid Length but zero Address: 0x0000000000000000/0x1 (20190509/tbfadt-615)
[    0.017787] ACPI: DSDT 0x000000009D3F31A8 00D59D (v02 _ASUS_ Notebook 00000000 INTL 20091112)
[    0.017798] ACPI: FACS 0x000000009DC4B080 000040
[    0.017806] ACPI: APIC 0x000000009D400858 00007E (v03 _ASUS_ Notebook 01072009 AMI  00010013)
[    0.017816] ACPI: FPDT 0x000000009D4008D8 000044 (v01 _ASUS_ Notebook 01072009 AMI  00010013)
[    0.017826] ACPI: ECDT 0x000000009D400920 0000C1 (v01 _ASUS_ Notebook 01072009 AMI. 00000005)
[    0.017836] ACPI: MCFG 0x000000009D4009E8 00003C (v01 _ASUS_ Notebook 01072009 MSFT 00010013)
[    0.017845] ACPI: HPET 0x000000009D400A28 000038 (v01 _ASUS_ Notebook 01072009 AMI  00000005)
[    0.017855] ACPI: VFCT 0x000000009D400A60 004684 (v01 _ASUS_ Notebook 00000001 AMD  31504F47)
[    0.017865] ACPI: BGRT 0x000000009D4050E8 000038 (v00 _ASUS_ Notebook 01072009 ASUS 00010013)
[    0.017875] ACPI: SSDT 0x000000009D405120 0005E0 (v01 AMD    AGESA    00000001 AMD  00000001)
[    0.017885] ACPI: SSDT 0x000000009D405700 0046D1 (v02 AMD    AGESA    00000002 MSFT 04000000)
[    0.017895] ACPI: CRAT 0x000000009D409DD8 000228 (v01 AMD    AGESA    00000001 AMD  00000001)
[    0.017904] ACPI: SSDT 0x000000009D40A000 001411 (v01 AMD    CPMDFIGP 00000001 INTL 20051117)
[    0.017914] ACPI: SSDT 0x000000009D40B418 0010E8 (v01 AMD    CPMCMN   00000001 INTL 20051117)
[    0.017924] ACPI: MSDM 0x000000009D127F98 000055 (v03 _ASUS_ Notebook 00000000 ASUS 00000001)
[    0.017951] ACPI: Local APIC address 0xfee00000
[    0.018209] No NUMA configuration found
[    0.018214] Faking a node at [mem 0x0000000000000000-0x000000013effffff]
[    0.018227] NODE_DATA(0) allocated [mem 0x13effa000-0x13effdfff]
[    0.018281] Zone ranges:
[    0.018284]   DMA      [mem 0x0000000000001000-0x0000000000ffffff]
[    0.018289]   DMA32    [mem 0x0000000001000000-0x00000000ffffffff]
[    0.018293]   Normal   [mem 0x0000000100000000-0x000000013effffff]
[    0.018297] Movable zone start for each node
[    0.018299] Early memory node ranges
[    0.018303]   node   0: [mem 0x0000000000001000-0x000000000009ffff]
[    0.018306]   node   0: [mem 0x0000000000100000-0x000000009d0f7fff]
[    0.018310]   node   0: [mem 0x000000009d128000-0x000000009d370fff]
[    0.018313]   node   0: [mem 0x000000009e9cb000-0x000000009e9cbfff]
[    0.018316]   node   0: [mem 0x000000009e9d4000-0x000000009eb24fff]
[    0.018319]   node   0: [mem 0x000000009f042000-0x000000009f080fff]
[    0.018322]   node   0: [mem 0x000000009f3f2000-0x000000009f3fffff]
[    0.018325]   node   0: [mem 0x0000000100001000-0x000000013effffff]
[    0.018652] Zeroed struct page in unavailable ranges: 11138 pages
[    0.018659] Initmem setup node 0 [mem 0x0000000000001000-0x000000013effffff]
[    0.018669] On node 0 totalpages: 902270
[    0.018672]   DMA zone: 64 pages used for memmap
[    0.018673]   DMA zone: 23 pages reserved
[    0.018675]   DMA zone: 3999 pages, LIFO batch:0
[    0.018901]   DMA32 zone: 10004 pages used for memmap
[    0.018903]   DMA32 zone: 640224 pages, LIFO batch:63
[    0.059263]   Normal zone: 4032 pages used for memmap
[    0.059270]   Normal zone: 258047 pages, LIFO batch:63
[    0.073111] ACPI: PM-Timer IO Port: 0x808
[    0.073122] ACPI: Local APIC address 0xfee00000
[    0.073138] ACPI: LAPIC_NMI (acpi_id[0xff] high edge lint[0x1])
[    0.073154] IOAPIC[0]: apic_id 3, version 33, address 0xfec00000, GSI 0-23
[    0.073164] IOAPIC[1]: apic_id 4, version 33, address 0xfec01000, GSI 24-55
[    0.073170] ACPI: INT_SRC_OVR (bus 0 bus_irq 0 global_irq 2 dfl dfl)
[    0.073176] ACPI: INT_SRC_OVR (bus 0 bus_irq 9 global_irq 9 low level)
[    0.073180] ACPI: IRQ0 used by override.
[    0.073183] ACPI: IRQ9 used by override.
[    0.073188] Using ACPI (MADT) for SMP configuration information
[    0.073193] ACPI: HPET id: 0x10228210 base: 0xfed00000
[    0.073207] smpboot: Allowing 4 CPUs, 2 hotplug CPUs
[    0.073279] PM: Registered nosave memory: [mem 0x00000000-0x00000fff]
[    0.073286] PM: Registered nosave memory: [mem 0x000a0000-0x000fffff]
[    0.073292] PM: Registered nosave memory: [mem 0x9d0f8000-0x9d127fff]
[    0.073298] PM: Registered nosave memory: [mem 0x9d371000-0x9dc56fff]
[    0.073301] PM: Registered nosave memory: [mem 0x9dc57000-0x9e959fff]
[    0.073304] PM: Registered nosave memory: [mem 0x9e95a000-0x9e9cafff]
[    0.073310] PM: Registered nosave memory: [mem 0x9e9cc000-0x9e9d3fff]
[    0.073316] PM: Registered nosave memory: [mem 0x9eb25000-0x9f041fff]
[    0.073322] PM: Registered nosave memory: [mem 0x9f081000-0x9f3f1fff]
[    0.073329] PM: Registered nosave memory: [mem 0x9f400000-0xfebfffff]
[    0.073331] PM: Registered nosave memory: [mem 0xfec00000-0xfec01fff]
[    0.073334] PM: Registered nosave memory: [mem 0xfec02000-0xfec0ffff]
[    0.073337] PM: Registered nosave memory: [mem 0xfec10000-0xfec10fff]
[    0.073340] PM: Registered nosave memory: [mem 0xfec11000-0xfecfffff]
[    0.073342] PM: Registered nosave memory: [mem 0xfed00000-0xfed00fff]
[    0.073345] PM: Registered nosave memory: [mem 0xfed01000-0xfed7ffff]
[    0.073348] PM: Registered nosave memory: [mem 0xfed80000-0xfed8ffff]
[    0.073351] PM: Registered nosave memory: [mem 0xfed90000-0xfeffffff]
[    0.073353] PM: Registered nosave memory: [mem 0xff000000-0xffffffff]
[    0.073356] PM: Registered nosave memory: [mem 0x100000000-0x100000fff]
[    0.073362] [mem 0x9f400000-0xfebfffff] available for PCI devices
[    0.073375] clocksource: refined-jiffies: mask: 0xffffffff max_cycles: 0xffffffff, max_idle_ns: 19112604462750000 ns
[    0.491256] setup_percpu: NR_CPUS:64 nr_cpumask_bits:64 nr_cpu_ids:4 nr_node_ids:1
[    0.492436] percpu: Embedded 51 pages/cpu s170008 r8192 d30696 u524288
[    0.492473] pcpu-alloc: s170008 r8192 d30696 u524288 alloc=1*2097152
[    0.492475] pcpu-alloc: [0] 0 1 2 3 
[    0.492553] Built 1 zonelists, mobility grouping on.  Total pages: 888147
[    0.492557] Policy zone: Normal
[    0.492564] Kernel command line: BOOT_IMAGE=/boot/bzImage root=/dev/sda2 ro
[    0.557266] Memory: 3432168K/3609080K available (14357K kernel code, 1432K rwdata, 4456K rodata, 1296K init, 856K bss, 176912K reserved, 0K cma-reserved)
[    0.557490] SLUB: HWalign=64, Order=0-3, MinObjects=0, CPUs=4, Nodes=1
[    0.557726] rcu: Hierarchical RCU implementation.
[    0.557730] rcu: 	RCU event tracing is enabled.
[    0.557733] rcu: 	RCU restricting CPUs from NR_CPUS=64 to nr_cpu_ids=4.
[    0.557738] rcu: RCU calculated value of scheduler-enlistment delay is 10 jiffies.
[    0.557742] rcu: Adjusting geometry for rcu_fanout_leaf=16, nr_cpu_ids=4
[    0.558328] NR_IRQS: 4352, nr_irqs: 1000, preallocated irqs: 16
[    0.558806] random: get_random_bytes called from start_kernel+0x2c6/0x493 with crng_init=0
[    0.558888] Console: colour dummy device 80x25
[    0.559571] printk: console [tty0] enabled
[    0.559617] ACPI: Core revision 20190509
[    0.560345] clocksource: hpet: mask: 0xffffffff max_cycles: 0xffffffff, max_idle_ns: 133484873504 ns
[    0.560375] hpet clockevent registered
[    0.560387] APIC: Switch to symmetric I/O mode setup
[    0.561142] ..TIMER: vector=0x30 apic1=0 pin1=2 apic2=-1 pin2=-1
[    0.610386] clocksource: tsc-early: mask: 0xffffffffffffffff max_cycles: 0x1cc68e845ef, max_idle_ns: 881590493447 ns
[    0.610403] Calibrating delay loop (skipped), value calculated using timer frequency.. 1996.30 BogoMIPS (lpj=9981540)
[    0.610419] pid_max: default: 32768 minimum: 301
[    0.612982] LSM: Security Framework initializing
[    0.613017] SELinux:  Initializing.
[    0.613054] *** VALIDATE SELinux ***
[    0.615308] Dentry cache hash table entries: 524288 (order: 10, 4194304 bytes)
[    0.616488] Inode-cache hash table entries: 262144 (order: 9, 2097152 bytes)
[    0.616591] Mount-cache hash table entries: 8192 (order: 4, 65536 bytes)
[    0.616636] Mountpoint-cache hash table entries: 8192 (order: 4, 65536 bytes)
[    0.617033] *** VALIDATE proc ***
[    0.617123] *** VALIDATE cgroup1 ***
[    0.617134] *** VALIDATE cgroup2 ***
[    0.617240] LVT offset 1 assigned for vector 0xf9
[    0.617256] Last level iTLB entries: 4KB 512, 2MB 8, 4MB 4
[    0.617264] Last level dTLB entries: 4KB 512, 2MB 256, 4MB 128, 1GB 0
[    0.617274] Spectre V2 : Mitigation: Full AMD retpoline
[    0.617281] Spectre V2 : Spectre v2 / SpectreRSB mitigation: Filling RSB on context switch
[    0.617292] Speculative Store Bypass: Mitigation: Speculative Store Bypass disabled via prctl and seccomp
[    0.617872] Freeing SMP alternatives memory: 40K
[    0.630400] smpboot: CPU0: AMD A4-1200 APU with Radeon(TM) HD Graphics (family: 0x16, model: 0x0, stepping: 0x1)
[    0.630400] Performance Events: AMD PMU driver.
[    0.630400] ... version:                0
[    0.630400] ... bit width:              48
[    0.630400] ... generic registers:      4
[    0.630400] ... value mask:             0000ffffffffffff
[    0.630400] ... max period:             00007fffffffffff
[    0.630400] ... fixed-purpose events:   0
[    0.630400] ... event mask:             000000000000000f
[    0.630400] rcu: Hierarchical SRCU implementation.
[    0.630400] MCE: In-kernel MCE decoding enabled.
[    0.630400] smp: Bringing up secondary CPUs ...
[    0.630400] x86: Booting SMP configuration:
[    0.630400] .... node  #0, CPUs:      #1
[    0.630400] smp: Brought up 1 node, 2 CPUs
[    0.630400] smpboot: Max logical packages: 2
[    0.630400] smpboot: Total of 2 processors activated (3992.61 BogoMIPS)
[    0.630400] devtmpfs: initialized
[    0.630400] PM: Registering ACPI NVS region [mem 0x9d371000-0x9dc56fff] (9330688 bytes)
[    0.630400] PM: Registering ACPI NVS region [mem 0x9e9cc000-0x9e9d3fff] (32768 bytes)
[    0.630400] clocksource: jiffies: mask: 0xffffffff max_cycles: 0xffffffff, max_idle_ns: 19112604462750000 ns
[    0.630400] futex hash table entries: 1024 (order: 4, 65536 bytes)
[    0.630400] kworker/u8:0 (22) used greatest stack depth: 14624 bytes left
[    0.630400] NET: Registered protocol family 16
[    0.630400] audit: initializing netlink subsys (disabled)
[    0.630400] audit: type=2000 audit(1560742530.060:1): state=initialized audit_enabled=0 res=1
[    0.630400] cpuidle: using governor ladder
[    0.630400] cpuidle: using governor menu
[    0.630400] ACPI FADT declares the system doesn't support PCIe ASPM, so disable it
[    0.630400] ACPI: bus type PCI registered
[    0.630400] PCI: MMCONFIG for domain 0000 [bus 00-ff] at [mem 0xe0000000-0xefffffff] (base 0xe0000000)
[    0.630400] PCI: not using MMCONFIG
[    0.630400] PCI: Using configuration type 1 for base access
[    0.630400] PCI: Using configuration type 1 for extended access
[    0.646021] kworker/u8:0 (45) used greatest stack depth: 14160 bytes left
[    0.678577] HugeTLB registered 2.00 MiB page size, pre-allocated 0 pages
[    0.687987] ACPI: Added _OSI(Module Device)
[    0.687987] ACPI: Added _OSI(Processor Device)
[    0.687987] ACPI: Added _OSI(3.0 _SCP Extensions)
[    0.687987] ACPI: Added _OSI(Processor Aggregator Device)
[    0.687987] ACPI: Added _OSI(Linux-Dell-Video)
[    0.687987] ACPI: Added _OSI(Linux-Lenovo-NV-HDMI-Audio)
[    0.687987] ACPI: Added _OSI(Linux-HPI-Hybrid-Graphics)
[    0.720902] ACPI: 5 ACPI AML tables successfully acquired and loaded
[    0.724233] ACPI: EC: EC started
[    0.724243] ACPI: EC: interrupt blocked
[    0.726347] ACPI: \: Used as first EC
[    0.726360] ACPI: \: GPE=0x3, EC_CMD/EC_SC=0x66, EC_DATA=0x62
[    0.726368] ACPI: EC: Boot ECDT EC used to handle transactions
[    0.731477] ACPI: [Firmware Bug]: BIOS _OSI(Linux) query ignored
[    0.736028] ACPI: Interpreter enabled
[    0.736106] ACPI: (supports S0 S3 S4 S5)
[    0.736117] ACPI: Using IOAPIC for interrupt routing
[    0.739875] PCI: MMCONFIG for domain 0000 [bus 00-ff] at [mem 0xe0000000-0xefffffff] (base 0xe0000000)
[    0.739875] PCI: MMCONFIG at [mem 0xe0000000-0xefffffff] reserved in ACPI motherboard resources
[    0.739875] PCI: Using host bridge windows from ACPI; if necessary, use "pci=nocrs" and report a bug
[    0.740407] ACPI: Enabled 3 GPEs in block 00 to 1F
[    0.763067] ACPI: PCI Root Bridge [PCI0] (domain 0000 [bus 00-ff])
[    0.763101] acpi PNP0A08:00: _OSC: OS supports [ExtendedConfig ASPM ClockPM Segments MSI HPX-Type3]
[    0.763731] acpi PNP0A08:00: _OSC: platform does not support [LTR]
[    0.764317] acpi PNP0A08:00: _OSC: OS now controls [PME AER PCIeCapability]
[    0.764330] acpi PNP0A08:00: FADT indicates ASPM is unsupported, using BIOS configuration
[    0.764895] PCI host bridge to bus 0000:00
[    0.764909] pci_bus 0000:00: root bus resource [io  0x0000-0x03af window]
[    0.764921] pci_bus 0000:00: root bus resource [io  0x03e0-0x0cf7 window]
[    0.764932] pci_bus 0000:00: root bus resource [io  0x03b0-0x03df window]
[    0.764942] pci_bus 0000:00: root bus resource [io  0x0d00-0xffff window]
[    0.764953] pci_bus 0000:00: root bus resource [mem 0x000a0000-0x000bffff window]
[    0.764965] pci_bus 0000:00: root bus resource [mem 0x000c0000-0x000dffff window]
[    0.764977] pci_bus 0000:00: root bus resource [mem 0xc0000000-0xffffffff window]
[    0.764990] pci_bus 0000:00: root bus resource [bus 00-ff]
[    0.765018] pci 0000:00:00.0: [1022:1536] type 00 class 0x060000
[    0.765315] pci 0000:00:01.0: [1002:9839] type 00 class 0x030000
[    0.765356] pci 0000:00:01.0: reg 0x10: [mem 0xc0000000-0xcfffffff 64bit pref]
[    0.765380] pci 0000:00:01.0: reg 0x18: [mem 0xd0000000-0xd07fffff 64bit pref]
[    0.765400] pci 0000:00:01.0: reg 0x20: [io  0xf000-0xf0ff]
[    0.765418] pci 0000:00:01.0: reg 0x24: [mem 0xfeb00000-0xfeb3ffff]
[    0.765437] pci 0000:00:01.0: reg 0x30: [mem 0xfeb40000-0xfeb5ffff pref]
[    0.765451] pci 0000:00:01.0: enabling Extended Tags
[    0.765485] pci 0000:00:01.0: BAR 0: assigned to efifb
[    0.765542] pci 0000:00:01.0: supports D1 D2
[    0.765552] pci 0000:00:01.0: PME# supported from D1 D2 D3hot
[    0.765787] pci 0000:00:01.1: [1002:9840] type 00 class 0x040300
[    0.765823] pci 0000:00:01.1: reg 0x10: [mem 0xfeb64000-0xfeb67fff 64bit]
[    0.765863] pci 0000:00:01.1: enabling Extended Tags
[    0.765934] pci 0000:00:01.1: supports D1 D2
[    0.766136] pci 0000:00:02.0: [1022:1538] type 00 class 0x060000
[    0.766382] pci 0000:00:02.2: [1022:1439] type 01 class 0x060400
[    0.766451] pci 0000:00:02.2: enabling Extended Tags
[    0.766536] pci 0000:00:02.2: PME# supported from D0 D3hot D3cold
[    0.766779] pci 0000:00:02.3: [1022:1439] type 01 class 0x060400
[    0.766848] pci 0000:00:02.3: enabling Extended Tags
[    0.766929] pci 0000:00:02.3: PME# supported from D0 D3hot D3cold
[    0.767197] pci 0000:00:10.0: [1022:7814] type 00 class 0x0c0330
[    0.767241] pci 0000:00:10.0: reg 0x10: [mem 0xfeb68000-0xfeb69fff 64bit]
[    0.767384] pci 0000:00:10.0: PME# supported from D0 D3hot D3cold
[    0.767632] pci 0000:00:11.0: [1022:7801] type 00 class 0x010601
[    0.767669] pci 0000:00:11.0: reg 0x10: [io  0xf140-0xf147]
[    0.767688] pci 0000:00:11.0: reg 0x14: [io  0xf130-0xf133]
[    0.767707] pci 0000:00:11.0: reg 0x18: [io  0xf120-0xf127]
[    0.767726] pci 0000:00:11.0: reg 0x1c: [io  0xf110-0xf113]
[    0.767744] pci 0000:00:11.0: reg 0x20: [io  0xf100-0xf10f]
[    0.767764] pci 0000:00:11.0: reg 0x24: [mem 0xfeb6f000-0xfeb6f3ff]
[    0.767843] pci 0000:00:11.0: PME# supported from D3hot
[    0.768062] pci 0000:00:12.0: [1022:7807] type 00 class 0x0c0310
[    0.768092] pci 0000:00:12.0: reg 0x10: [mem 0xfeb6e000-0xfeb6efff]
[    0.768354] pci 0000:00:12.2: [1022:7808] type 00 class 0x0c0320
[    0.768390] pci 0000:00:12.2: reg 0x10: [mem 0xfeb6d000-0xfeb6d0ff]
[    0.768497] pci 0000:00:12.2: supports D1 D2
[    0.768508] pci 0000:00:12.2: PME# supported from D0 D1 D2 D3hot D3cold
[    0.768728] pci 0000:00:13.0: [1022:7807] type 00 class 0x0c0310
[    0.768757] pci 0000:00:13.0: reg 0x10: [mem 0xfeb6c000-0xfeb6cfff]
[    0.769018] pci 0000:00:13.2: [1022:7808] type 00 class 0x0c0320
[    0.769053] pci 0000:00:13.2: reg 0x10: [mem 0xfeb6b000-0xfeb6b0ff]
[    0.769160] pci 0000:00:13.2: supports D1 D2
[    0.769171] pci 0000:00:13.2: PME# supported from D0 D1 D2 D3hot D3cold
[    0.769386] pci 0000:00:14.0: [1022:780b] type 00 class 0x0c0500
[    0.769652] pci 0000:00:14.2: [1022:780d] type 00 class 0x040300
[    0.769691] pci 0000:00:14.2: reg 0x10: [mem 0xfeb60000-0xfeb63fff 64bit]
[    0.769784] pci 0000:00:14.2: PME# supported from D0 D3hot D3cold
[    0.769991] pci 0000:00:14.3: [1022:780e] type 00 class 0x060100
[    0.770274] pci 0000:00:14.7: [1022:7813] type 00 class 0x080501
[    0.770308] pci 0000:00:14.7: reg 0x10: [mem 0xfeb6a000-0xfeb6a0ff 64bit]
[    0.775691] pci 0000:00:18.0: [1022:1530] type 00 class 0x060000
[    0.775691] pci 0000:00:18.1: [1022:1531] type 00 class 0x060000
[    0.775691] pci 0000:00:18.2: [1022:1532] type 00 class 0x060000
[    0.778100] pci 0000:00:18.3: [1022:1533] type 00 class 0x060000
[    0.778373] pci 0000:00:18.4: [1022:1534] type 00 class 0x060000
[    0.778641] pci 0000:00:18.5: [1022:1535] type 00 class 0x060000
[    0.778902] pci 0000:01:00.0: [168c:0032] type 00 class 0x028000
[    0.778902] pci 0000:01:00.0: reg 0x10: [mem 0xfea00000-0xfea7ffff 64bit]
[    0.778902] pci 0000:01:00.0: reg 0x30: [mem 0xfea80000-0xfea8ffff pref]
[    0.778902] pci 0000:01:00.0: supports D1 D2
[    0.778902] pci 0000:01:00.0: PME# supported from D0 D1 D2 D3hot D3cold
[    0.779642] pci 0000:00:02.2: PCI bridge to [bus 01]
[    0.779642] pci 0000:00:02.2:   bridge window [mem 0xfea00000-0xfeafffff]
[    0.779642] pci 0000:02:00.0: [10ec:8136] type 00 class 0x020000
[    0.779642] pci 0000:02:00.0: reg 0x10: [io  0xe000-0xe0ff]
[    0.779642] pci 0000:02:00.0: reg 0x18: [mem 0xd0804000-0xd0804fff 64bit pref]
[    0.779642] pci 0000:02:00.0: reg 0x20: [mem 0xd0800000-0xd0803fff 64bit pref]
[    0.779642] pci 0000:02:00.0: supports D1 D2
[    0.779642] pci 0000:02:00.0: PME# supported from D0 D1 D2 D3hot D3cold
[    0.780455] pci 0000:00:02.3: PCI bridge to [bus 02]
[    0.780455] pci 0000:00:02.3:   bridge window [io  0xe000-0xefff]
[    0.780455] pci 0000:00:02.3:   bridge window [mem 0xd0800000-0xd08fffff 64bit pref]
[    0.782402] ACPI: PCI Interrupt Link [LNKA] (IRQs 4 7 10 11 14 15) *0
[    0.782402] ACPI: PCI Interrupt Link [LNKB] (IRQs 4 7 10 11 14 15) *0
[    0.782402] ACPI: PCI Interrupt Link [LNKC] (IRQs 4 7 10 11 14 15) *0
[    0.782402] ACPI: PCI Interrupt Link [LNKD] (IRQs 4 7 10 11 14 15) *0
[    0.782402] ACPI: PCI Interrupt Link [LNKE] (IRQs 4 7 10 11 14 15) *0
[    0.782402] ACPI: PCI Interrupt Link [LNKF] (IRQs 4 7 10 11 14 15) *0
[    0.782402] ACPI: PCI Interrupt Link [LNKG] (IRQs 4 7 10 11 14 15) *0
[    0.782402] ACPI: PCI Interrupt Link [LNKH] (IRQs 4 7 10 11 14 15) *0
[    0.785111] ACPI: EC: interrupt unblocked
[    0.785111] ACPI: EC: event unblocked
[    0.785111] ACPI: \_SB_.PCI0.SBRG.EC0_: GPE=0x3, EC_CMD/EC_SC=0x66, EC_DATA=0x62
[    0.785111] ACPI: \_SB_.PCI0.SBRG.EC0_: Boot DSDT EC used to handle transactions and events
[    0.785943] pci 0000:00:01.0: vgaarb: setting as boot VGA device
[    0.785943] pci 0000:00:01.0: vgaarb: VGA device added: decodes=io+mem,owns=io+mem,locks=none
[    0.785943] pci 0000:00:01.0: vgaarb: bridge control possible
[    0.785943] vgaarb: loaded
[    0.786340] SCSI subsystem initialized
[    0.788319] libata version 3.00 loaded.
[    0.788319] ACPI: bus type USB registered
[    0.788319] usbcore: registered new interface driver usbfs
[    0.788319] usbcore: registered new interface driver hub
[    0.788986] usbcore: registered new device driver usb
[    0.789197] pps_core: LinuxPPS API ver. 1 registered
[    0.789197] pps_core: Software ver. 5.3.6 - Copyright 2005-2007 Rodolfo Giometti <giometti@linux.it>
[    0.789197] PTP clock support registered
[    0.789604] EDAC MC: Ver: 3.0.0
[    0.789900] Registered efivars operations
[    0.789900] Advanced Linux Sound Architecture Driver Initialized.
[    0.790521] PCI: Using ACPI for IRQ routing
[    0.799716] PCI: pci_cache_line_size set to 64 bytes
[    0.799830] e820: reserve RAM buffer [mem 0x9d0f8000-0x9fffffff]
[    0.799836] e820: reserve RAM buffer [mem 0x9d371000-0x9fffffff]
[    0.799841] e820: reserve RAM buffer [mem 0x9e9cc000-0x9fffffff]
[    0.799844] e820: reserve RAM buffer [mem 0x9eb25000-0x9fffffff]
[    0.799848] e820: reserve RAM buffer [mem 0x9f081000-0x9fffffff]
[    0.799851] e820: reserve RAM buffer [mem 0x9f400000-0x9fffffff]
[    0.799854] e820: reserve RAM buffer [mem 0x13f000000-0x13fffffff]
[    0.800213] NetLabel: Initializing
[    0.800222] NetLabel:  domain hash size = 128
[    0.800229] NetLabel:  protocols = UNLABELED CIPSOv4 CALIPSO
[    0.800283] NetLabel:  unlabeled traffic allowed by default
[    0.804338] hpet0: at MMIO 0xfed00000, IRQs 2, 8, 0
[    0.804338] hpet0: 3 comparators, 32-bit 14.318180 MHz counter
[    0.807202] clocksource: Switched to clocksource tsc-early
[    0.851121] VFS: Disk quotas dquot_6.6.0
[    0.851189] VFS: Dquot-cache hash table entries: 512 (order 0, 4096 bytes)
[    0.851283] *** VALIDATE hugetlbfs ***
[    0.851393] pnp: PnP ACPI init
[    0.851884] system 00:00: [mem 0xe0000000-0xefffffff] has been reserved
[    0.851976] system 00:00: Plug and Play ACPI device, IDs PNP0c01 (active)
[    0.852242] system 00:01: [mem 0xa0000000-0xbfffffff] has been reserved
[    0.852316] system 00:01: Plug and Play ACPI device, IDs PNP0c02 (active)
[    0.852585] system 00:02: Plug and Play ACPI device, IDs PNP0c02 (active)
[    0.852730] pnp 00:03: Plug and Play ACPI device, IDs PNP0b00 (active)
[    0.852962] system 00:04: [io  0x04d0-0x04d1] has been reserved
[    0.853035] system 00:04: Plug and Play ACPI device, IDs PNP0c02 (active)
[    0.853294] pnp 00:05: Plug and Play ACPI device, IDs ETD0108 SYN0a00 SYN0002 PNP0f03 PNP0f13 PNP0f12 (active)
[    0.853473] pnp 00:06: Plug and Play ACPI device, IDs ATK3001 PNP030b (active)
[    0.854286] system 00:07: [io  0x04d0-0x04d1] has been reserved
[    0.854300] system 00:07: [io  0x040b] has been reserved
[    0.854311] system 00:07: [io  0x04d6] has been reserved
[    0.854321] system 00:07: [io  0x0c00-0x0c01] has been reserved
[    0.854332] system 00:07: [io  0x0c14] has been reserved
[    0.854342] system 00:07: [io  0x0c50-0x0c51] has been reserved
[    0.854352] system 00:07: [io  0x0c52] has been reserved
[    0.854362] system 00:07: [io  0x0c6c] has been reserved
[    0.854372] system 00:07: [io  0x0c6f] has been reserved
[    0.854382] system 00:07: [io  0x0cd0-0x0cd1] has been reserved
[    0.854392] system 00:07: [io  0x0cd2-0x0cd3] has been reserved
[    0.854402] system 00:07: [io  0x0cd4-0x0cd5] has been reserved
[    0.854412] system 00:07: [io  0x0cd6-0x0cd7] has been reserved
[    0.854422] system 00:07: [io  0x0cd8-0x0cdf] has been reserved
[    0.854432] system 00:07: [io  0x0800-0x089f] has been reserved
[    0.854442] system 00:07: [io  0x0900-0x090f] has been reserved
[    0.854452] system 00:07: [io  0x0910-0x091f] has been reserved
[    0.854463] system 00:07: [io  0xfe00-0xfefe] has been reserved
[    0.854476] system 00:07: [mem 0xfec00000-0xfec00fff] could not be reserved
[    0.854489] system 00:07: [mem 0xfee00000-0xfee00fff] has been reserved
[    0.854500] system 00:07: [mem 0xfed80000-0xfed8ffff] has been reserved
[    0.854511] system 00:07: [mem 0xfed61000-0xfed70fff] has been reserved
[    0.854523] system 00:07: [mem 0xfec10000-0xfec10fff] has been reserved
[    0.854535] system 00:07: [mem 0xfed00000-0xfed00fff] could not be reserved
[    0.854547] system 00:07: [mem 0xff000000-0xffffffff] has been reserved
[    0.854623] system 00:07: Plug and Play ACPI device, IDs PNP0c02 (active)
[    0.855486] pnp: PnP ACPI: found 8 devices
[    0.870623] clocksource: acpi_pm: mask: 0xffffff max_cycles: 0xffffff, max_idle_ns: 2085701024 ns
[    0.870688] pci 0000:00:02.2: PCI bridge to [bus 01]
[    0.870708] pci 0000:00:02.2:   bridge window [mem 0xfea00000-0xfeafffff]
[    0.870727] pci 0000:00:02.3: PCI bridge to [bus 02]
[    0.870739] pci 0000:00:02.3:   bridge window [io  0xe000-0xefff]
[    0.870755] pci 0000:00:02.3:   bridge window [mem 0xd0800000-0xd08fffff 64bit pref]
[    0.870779] pci_bus 0000:00: resource 4 [io  0x0000-0x03af window]
[    0.870790] pci_bus 0000:00: resource 5 [io  0x03e0-0x0cf7 window]
[    0.870800] pci_bus 0000:00: resource 6 [io  0x03b0-0x03df window]
[    0.870811] pci_bus 0000:00: resource 7 [io  0x0d00-0xffff window]
[    0.870821] pci_bus 0000:00: resource 8 [mem 0x000a0000-0x000bffff window]
[    0.870831] pci_bus 0000:00: resource 9 [mem 0x000c0000-0x000dffff window]
[    0.870842] pci_bus 0000:00: resource 10 [mem 0xc0000000-0xffffffff window]
[    0.870853] pci_bus 0000:01: resource 1 [mem 0xfea00000-0xfeafffff]
[    0.870864] pci_bus 0000:02: resource 0 [io  0xe000-0xefff]
[    0.870873] pci_bus 0000:02: resource 2 [mem 0xd0800000-0xd08fffff 64bit pref]
[    0.871139] NET: Registered protocol family 2
[    0.872169] tcp_listen_portaddr_hash hash table entries: 2048 (order: 3, 32768 bytes)
[    0.872242] TCP established hash table entries: 32768 (order: 6, 262144 bytes)
[    0.872462] TCP bind hash table entries: 32768 (order: 7, 524288 bytes)
[    0.872715] TCP: Hash tables configured (established 32768 bind 32768)
[    0.872872] UDP hash table entries: 2048 (order: 4, 65536 bytes)
[    0.872928] UDP-Lite hash table entries: 2048 (order: 4, 65536 bytes)
[    0.873102] NET: Registered protocol family 1
[    0.877506] RPC: Registered named UNIX socket transport module.
[    0.877518] RPC: Registered udp transport module.
[    0.877525] RPC: Registered tcp transport module.
[    0.877532] RPC: Registered tcp NFSv4.1 backchannel transport module.
[    0.878019] pci 0000:00:01.0: Video device with shadowed ROM at [mem 0x000c0000-0x000dffff]
[    0.878541] pci 0000:00:12.0: enabling device (0000 -> 0002)
[    0.879180] pci 0000:00:12.2: PME# does not work under D3, disabling it
[    0.879205] pci 0000:00:13.0: enabling device (0000 -> 0002)
[    0.879830] pci 0000:00:13.2: PME# does not work under D3, disabling it
[    0.879927] PCI: CLS 64 bytes, default 64
[    0.880068] PCI-DMA: Using software bounce buffering for IO (SWIOTLB)
[    0.880080] software IO TLB: mapped [mem 0x97989000-0x9b989000] (64MB)
[    0.880276] amd_uncore: AMD NB counters detected
[    0.880293] amd_uncore: AMD LLC counters detected
[    0.880416] LVT offset 0 assigned for vector 0x400
[    0.880473] perf: AMD IBS detected (0x000000ff)
[    0.880494] kvm: no hardware support
[    0.880604] kvm: Nested Virtualization enabled
[    0.880617] kvm: Nested Paging enabled
[    0.881522] check: Scanning for low memory corruption every 60 seconds
[    0.885227] Initialise system trusted keyrings
[    0.885544] workingset: timestamp_bits=56 max_order=20 bucket_order=0
[    0.902156] fuse: init (API version 7.31)
[    0.905982] Key type asymmetric registered
[    0.905999] Asymmetric key parser 'x509' registered
[    0.906052] Block layer SCSI generic (bsg) driver version 0.4 loaded (major 249)
[    0.906065] io scheduler mq-deadline registered
[    0.906074] io scheduler kyber registered
[    0.906801] pcieport 0000:00:02.2: PME: Signaling with IRQ 25
[    0.907576] pcieport 0000:00:02.3: PME: Signaling with IRQ 27
[    0.909264] uvesafb: failed to execute /sbin/v86d
[    0.909277] uvesafb: make sure that the v86d helper is installed and executable
[    0.909289] uvesafb: Getting VBE info block failed (eax=0x4f00, err=-2)
[    0.909297] uvesafb: vbe_init() failed with -22
[    0.909314] uvesafb: probe of uvesafb.0 failed with error -22
[    0.909377] efifb: probing for efifb
[    0.909426] efifb: framebuffer at 0xc0000000, using 4224k, total 4224k
[    0.909436] efifb: mode is 1366x768x32, linelength=5632, pages=1
[    0.909443] efifb: scrolling: redraw
[    0.909451] efifb: Truecolor: size=8:8:8:8, shift=24:16:8:0
[    0.920009] Console: switching to colour frame buffer device 170x48
[    0.929836] fb0: EFI VGA frame buffer device
[    0.930443] ACPI: AC Adapter [AC0] (on-line)
[    0.930847] input: Power Button as /devices/LNXSYSTM:00/LNXSYBUS:00/PNP0C0C:00/input/input0
[    0.931008] ACPI: Power Button [PWRB]
[    0.931306] input: Lid Switch as /devices/LNXSYSTM:00/LNXSYBUS:00/PNP0C0D:00/input/input1
[    0.931453] ACPI: Lid Switch [LID]
[    0.931717] input: Sleep Button as /devices/LNXSYSTM:00/LNXSYBUS:00/PNP0C0E:00/input/input2
[    0.931880] ACPI: Sleep Button [SLPB]
[    0.932153] input: Power Button as /devices/LNXSYSTM:00/LNXPWRBN:00/input/input3
[    0.932291] ACPI: Power Button [PWRF]
[    0.936581] thermal LNXTHERM:00: registered as thermal_zone0
[    0.936689] ACPI: Thermal Zone [THRM] (41 C)
[    0.938425] Serial: 8250/16550 driver, 4 ports, IRQ sharing enabled
[    0.944767] Non-volatile memory driver v1.3
[    0.944987] Linux agpgart interface v0.103
[    0.952811] loop: module loaded
[    0.953499] ahci 0000:00:11.0: version 3.0
[    0.953988] ahci 0000:00:11.0: AHCI 0001.0300 32 slots 2 ports 6 Gbps 0x3 impl SATA mode
[    0.954131] ahci 0000:00:11.0: flags: 64bit ncq sntf ilck pm led clo pmp pio slum part 
[    0.959161] scsi host0: ahci
[    0.963054] scsi host1: ahci
[    0.966486] ata1: SATA max UDMA/133 abar m1024@0xfeb6f000 port 0xfeb6f100 irq 28
[    0.969724] ata2: SATA max UDMA/133 abar m1024@0xfeb6f000 port 0xfeb6f180 irq 28
[    0.973472] tun: Universal TUN/TAP device driver, 1.6
[    0.976820] e1000: Intel(R) PRO/1000 Network Driver - version 7.3.21-k8-NAPI
[    0.980052] e1000: Copyright (c) 1999-2006 Intel Corporation.
[    0.983685] e1000e: Intel(R) PRO/1000 Network Driver - 3.2.6-k
[    0.986830] e1000e: Copyright(c) 1999 - 2015 Intel Corporation.
[    0.990309] sky2: driver version 1.30
[    0.993588] r8169 0000:02:00.0: can't disable ASPM; OS doesn't have ASPM control
[    0.997766] libphy: r8169: probed
[    1.001348] r8169 0000:02:00.0 eth0: RTL8105e, 74:d0:2b:a3:a6:42, XID 40a, IRQ 30
[    1.004831] ath9k 0000:01:00.0: enabling device (0000 -> 0002)
[    1.008613] ath: phy0: Disable PLL PowerSave
[    1.019339] ath: phy0: ASPM enabled: 0x42
[    1.022548] ath: EEPROM regdomain: 0x60
[    1.022549] ath: EEPROM indicates we should expect a direct regpair map
[    1.022555] ath: Country alpha2 being used: 00
[    1.022556] ath: Regpair used: 0x60
[    1.025023] ieee80211 phy0: Selected rate control algorithm 'minstrel_ht'
[    1.025522] ieee80211 phy0: Atheros AR9485 Rev:1 mem=0xffffa2b402f00000, irq=31
[    1.029597] ehci_hcd: USB 2.0 'Enhanced' Host Controller (EHCI) Driver
[    1.032903] ehci-pci: EHCI PCI platform driver
[    1.036492] ehci-pci 0000:00:12.2: EHCI Host Controller
[    1.040042] ehci-pci 0000:00:12.2: new USB bus registered, assigned bus number 1
[    1.043355] ehci-pci 0000:00:12.2: applying AMD SB700/SB800/Hudson-2/3 EHCI dummy qh workaround
[    1.046705] ehci-pci 0000:00:12.2: debug port 1
[    1.050821] ehci-pci 0000:00:12.2: irq 17, io mem 0xfeb6d000
[    1.066295] battery: ACPI: Battery Slot [BAT0] (battery present)
[    1.087210] ehci-pci 0000:00:12.2: USB 2.0 started, EHCI 1.00
[    1.090738] usb usb1: New USB device found, idVendor=1d6b, idProduct=0002, bcdDevice= 5.02
[    1.094087] usb usb1: New USB device strings: Mfr=3, Product=2, SerialNumber=1
[    1.097395] usb usb1: Product: EHCI Host Controller
[    1.100635] usb usb1: Manufacturer: Linux 5.2.0-rc4+ ehci_hcd
[    1.103843] usb usb1: SerialNumber: 0000:00:12.2
[    1.107441] hub 1-0:1.0: USB hub found
[    1.110540] hub 1-0:1.0: 4 ports detected
[    1.115933] ehci-pci 0000:00:13.2: EHCI Host Controller
[    1.119171] ehci-pci 0000:00:13.2: new USB bus registered, assigned bus number 2
[    1.122214] ehci-pci 0000:00:13.2: applying AMD SB700/SB800/Hudson-2/3 EHCI dummy qh workaround
[    1.125293] ehci-pci 0000:00:13.2: debug port 1
[    1.128418] ehci-pci 0000:00:13.2: irq 17, io mem 0xfeb6b000
[    1.157217] ehci-pci 0000:00:13.2: USB 2.0 started, EHCI 1.00
[    1.160317] usb usb2: New USB device found, idVendor=1d6b, idProduct=0002, bcdDevice= 5.02
[    1.163403] usb usb2: New USB device strings: Mfr=3, Product=2, SerialNumber=1
[    1.166449] usb usb2: Product: EHCI Host Controller
[    1.169467] usb usb2: Manufacturer: Linux 5.2.0-rc4+ ehci_hcd
[    1.172455] usb usb2: SerialNumber: 0000:00:13.2
[    1.175885] hub 2-0:1.0: USB hub found
[    1.178880] hub 2-0:1.0: 4 ports detected
[    1.184044] ohci_hcd: USB 1.1 'Open' Host Controller (OHCI) Driver
[    1.187104] ohci-pci: OHCI PCI platform driver
[    1.190324] ohci-pci 0000:00:12.0: OHCI PCI host controller
[    1.193524] ohci-pci 0000:00:12.0: new USB bus registered, assigned bus number 3
[    1.196568] ohci-pci 0000:00:12.0: irq 18, io mem 0xfeb6e000
[    1.271327] usb usb3: New USB device found, idVendor=1d6b, idProduct=0001, bcdDevice= 5.02
[    1.274350] usb usb3: New USB device strings: Mfr=3, Product=2, SerialNumber=1
[    1.277349] usb usb3: Product: OHCI PCI host controller
[    1.280294] usb usb3: Manufacturer: Linux 5.2.0-rc4+ ohci_hcd
[    1.283210] usb usb3: SerialNumber: 0000:00:12.0
[    1.286483] hub 3-0:1.0: USB hub found
[    1.289365] hub 3-0:1.0: 4 ports detected
[    1.294527] ohci-pci 0000:00:13.0: OHCI PCI host controller
[    1.297705] ohci-pci 0000:00:13.0: new USB bus registered, assigned bus number 4
[    1.300598] ohci-pci 0000:00:13.0: irq 18, io mem 0xfeb6c000
[    1.307233] ata2: SATA link down (SStatus 0 SControl 300)
[    1.371308] usb usb4: New USB device found, idVendor=1d6b, idProduct=0001, bcdDevice= 5.02
[    1.374220] usb usb4: New USB device strings: Mfr=3, Product=2, SerialNumber=1
[    1.377101] usb usb4: Product: OHCI PCI host controller
[    1.379960] usb usb4: Manufacturer: Linux 5.2.0-rc4+ ohci_hcd
[    1.382834] usb usb4: SerialNumber: 0000:00:13.0
[    1.386068] hub 4-0:1.0: USB hub found
[    1.388905] hub 4-0:1.0: 4 ports detected
[    1.393846] uhci_hcd: USB Universal Host Controller Interface driver
[    1.396864] usbcore: registered new interface driver usblp
[    1.399799] usbcore: registered new interface driver usb-storage
[    1.402715] usbcore: registered new interface driver ch341
[    1.405476] usbserial: USB Serial support registered for ch341-uart
[    1.408700] i8042: PNP: PS/2 Controller [PNP030b:PS2K,PNP0f03:PS2M] at 0x60,0x64 irq 1,12
[    1.413333] i8042: Detected active multiplexing controller, rev 1.1
[    1.416896] serio: i8042 KBD port at 0x60,0x64 irq 1
[    1.419818] serio: i8042 AUX0 port at 0x60,0x64 irq 12
[    1.422726] serio: i8042 AUX1 port at 0x60,0x64 irq 12
[    1.425557] serio: i8042 AUX2 port at 0x60,0x64 irq 12
[    1.428283] serio: i8042 AUX3 port at 0x60,0x64 irq 12
[    1.431784] mousedev: PS/2 mouse device common for all mice
[    1.435398] rtc_cmos 00:03: RTC can wake from S4
[    1.438540] rtc_cmos 00:03: registered as rtc0
[    1.441200] rtc_cmos 00:03: alarms up to one month, y3k, 114 bytes nvram, hpet irqs
[    1.444457] device-mapper: ioctl: 4.40.0-ioctl (2019-01-18) initialised: dm-devel@redhat.com
[    1.447383] EFI Variables Facility v0.08 2004-May-17
[    1.460022] hidraw: raw HID events driver (C) Jiri Kosina
[    1.465497] usbcore: registered new interface driver usbhid
[    1.468330] usbhid: USB HID core driver
[    1.476746] input: AT Translated Set 2 keyboard as /devices/platform/i8042/serio0/input/input4
[    1.482592] snd_hda_intel 0000:00:01.1: enabling device (0000 -> 0002)
[    1.485734] snd_hda_intel 0000:00:01.1: Force to non-snoop mode
[    1.494298] Initializing XFRM netlink socket
[    1.497206] ata1: SATA link up 6.0 Gbps (SStatus 133 SControl 300)
[    1.501212] NET: Registered protocol family 10
[    1.504954] Segment Routing with IPv6
[    1.508535] snd_hda_codec_generic hdaudioC0D0: autoconfig for Generic: line_outs=0 (0x0/0x0/0x0/0x0/0x0) type:line
[    1.508575] ata1.00: ATA-8: KINGSTON SV300S37A120G, 603ABBF0, max UDMA/133
[    1.511462] snd_hda_codec_generic hdaudioC0D0:    speaker_outs=0 (0x0/0x0/0x0/0x0/0x0)
[    1.514517] ata1.00: 234441648 sectors, multi 1: LBA48 NCQ (depth 32), AA
[    1.517471] snd_hda_codec_generic hdaudioC0D0:    hp_outs=0 (0x0/0x0/0x0/0x0/0x0)
[    1.523573] snd_hda_codec_generic hdaudioC0D0:    mono: mono_out=0x0
[    1.526123] ata1.00: configured for UDMA/133
[    1.526627] snd_hda_codec_generic hdaudioC0D0:    dig-out=0x3/0x0
[    1.532675] snd_hda_codec_generic hdaudioC0D0:    inputs:
[    1.536534] scsi 0:0:0:0: Direct-Access     ATA      KINGSTON SV300S3 BBF0 PQ: 0 ANSI: 5
[    1.540375] random: fast init done
[    1.546813] sd 0:0:0:0: [sda] 234441648 512-byte logical blocks: (120 GB/112 GiB)
[    1.549936] sd 0:0:0:0: [sda] Write Protect is off
[    1.552995] sd 0:0:0:0: [sda] Mode Sense: 00 3a 00 00
[    1.553230] sd 0:0:0:0: Attached scsi generic sg0 type 0
[    1.556608] sit: IPv6, IPv4 and MPLS over IPv4 tunneling driver
[    1.559768] sd 0:0:0:0: [sda] Write cache: enabled, read cache: enabled, doesn't support DPO or FUA
[    1.563970] snd_hda_codec_realtek hdaudioC1D0: autoconfig for ALC3229: line_outs=1 (0x14/0x0/0x0/0x0/0x0) type:speaker
[    1.567287] snd_hda_codec_realtek hdaudioC1D0:    speaker_outs=0 (0x0/0x0/0x0/0x0/0x0)
[    1.570622] snd_hda_codec_realtek hdaudioC1D0:    hp_outs=1 (0x21/0x0/0x0/0x0/0x0)
[    1.573914] snd_hda_codec_realtek hdaudioC1D0:    mono: mono_out=0x0
[    1.577142] snd_hda_codec_realtek hdaudioC1D0:    inputs:
[    1.580291] snd_hda_codec_realtek hdaudioC1D0:      Mic=0x19
[    1.583826] NET: Registered protocol family 17
[    1.588404] mce: Using 6 MCE banks
[    1.592021] microcode: CPU0: patch_level=0x0700010b
[    1.595218] microcode: CPU1: patch_level=0x0700010b
[    1.599267] microcode: Microcode Update Driver: v2.2.
[    1.599307] sched_clock: Marking stable (1596710801, 1700081)->(1725208083, -126797201)
[    1.606892] registered taskstats version 1
[    1.608227]  sda: sda1 sda2 sda3 sda4 sda5 sda6
[    1.610185] Loading compiled-in X.509 certificates
[    1.618256] sd 0:0:0:0: [sda] Attached SCSI disk
[    1.618450] input: HDA ATI HDMI HDMI as /devices/pci0000:00/0000:00:01.1/sound/card0/input10
[    1.623585] rq->curr == THREAD(this messg)
[    1.623587] proc in rq 0
[    1.627885] rq->nr_running rq->cfs.nr_running : 1 1
[    1.634224] rq->load.weight, rq->cfs.load.weight : 1048576 1048576
[    1.634226] ----------------^^^^TUX0^^^^^-----------------------
[    1.637360] rq->curr->pid = 1458
[    1.640533] color, tsk->comm, weight, vruntime: 1 kworker/1:4 1048576 832074948
[    1.643679] color, tsk->comm, weight, vruntime: 1 kworker/1:3 1048576 843476011
[    1.646888] proc in rq 2
[    1.650039] rq->nr_running rq->cfs.nr_running : 3 3
[    1.656250] rq->load.weight, rq->cfs.load.weight : 3145728 3145728
[    1.656252] ----------------^^^^TUX1^^^^^-----------------------
[    1.671292] input: HD-Audio Generic Headphone as /devices/pci0000:00/0000:00:14.2/sound/card1/input14
[    1.678570] acpi_cpufreq: overriding BIOS provided _PSD data
[    1.682032] cfg80211: Loading compiled-in X.509 certificates for regulatory database
[    1.686853] cfg80211: Loaded X.509 cert 'sforshee: 00b28ddf47aef9cea7'
[    1.690092] platform regulatory.0: Direct firmware load for regulatory.db failed with error -2
[    1.693342] cfg80211: failed to load regulatory.db
[    1.696573] ALSA device list:
[    1.699696]   #0: HDA ATI HDMI at 0xfeb64000 irq 33
[    1.707923]   #1: HD-Audio Generic at 0xfeb60000 irq 16
[    1.880466] usb 4-2: new full-speed USB device number 2 using ohci-pci
[    1.920420] tsc: Refined TSC clocksource calibration: 998.127 MHz
[    1.923579] clocksource: tsc: mask: 0xffffffffffffffff max_cycles: 0x1cc65b93289, max_idle_ns: 881590487074 ns
[    1.927316] clocksource: Switched to clocksource tsc
[    2.153226] usb 4-2: New USB device found, idVendor=13d3, idProduct=3362, bcdDevice= 0.01
[    2.156440] usb 4-2: New USB device strings: Mfr=1, Product=2, SerialNumber=3
[    2.159601] usb 4-2: Product: Bluetooth USB Host Controller
[    2.162790] usb 4-2: Manufacturer: Atheros Communications
[    2.165971] usb 4-2: SerialNumber: Alaska Day 2006
[    2.348175] input: PS/2 Logitech Wheel Mouse as /devices/platform/i8042/serio4/input/input13
[    2.354332] md: Waiting for all devices to be available before autodetect
[    2.357681] md: If you don't use raid, use raid=noautodetect
[    2.361456] md: Autodetecting RAID arrays.
[    2.364800] md: autorun ...
[    2.368146] md: ... autorun DONE.
[    2.376234] EXT4-fs (sda2): mounted filesystem with ordered data mode. Opts: (null)
[    2.379692] VFS: Mounted root (ext4 filesystem) readonly on device 8:2.
[    2.384414] devtmpfs: mounted
[    2.388627] Freeing unused kernel image memory: 1296K
[    2.430458] Write protecting the kernel read-only data: 22528k
[    2.435523] Freeing unused kernel image memory: 1984K
[    2.440083] Freeing unused kernel image memory: 1688K
[    2.443436] Run /sbin/init as init process
[    2.500686] stty (1758) used greatest stack depth: 13792 bytes left
[    2.530485] usb 2-3: new high-speed USB device number 3 using ehci-pci
[    2.602685] sed (1772) used greatest stack depth: 13592 bytes left
[    2.640481] rq->curr->pid = 1785
[    2.640484] proc in rq 0
[    2.644010] rq->nr_running rq->cfs.nr_running : 1 1
[    2.651158] rq->load.weight, rq->cfs.load.weight : 1048576 1048576
[    2.651161] ----------------^^^^TUX0^^^^^-----------------------
[    2.651164] rq->curr == THREAD(this messg)
[    2.651166] proc in rq 0
[    2.651168] rq->nr_running rq->cfs.nr_running : 1 1
[    2.651169] rq->load.weight, rq->cfs.load.weight : 1048576 1048576
[    2.651171] ----------------^^^^TUX1^^^^^-----------------------
[    2.764346] usb 2-3: New USB device found, idVendor=04f2, idProduct=b404, bcdDevice=69.63
[    2.771528] usb 2-3: New USB device strings: Mfr=3, Product=1, SerialNumber=2
[    2.775139] usb 2-3: Product: USB2.0 HD UVC WebCam
[    2.778733] usb 2-3: Manufacturer: Chicony Electronics Co.,Ltd.
[    2.782355] usb 2-3: SerialNumber: 0x0001
[    2.804672] ip (1820) used greatest stack depth: 12552 bytes left
[    2.901403] udevd[1850]: starting version 3.2.1
[    2.910886] random: udevd: uninitialized urandom read (16 bytes read)
[    2.914808] random: udevd: uninitialized urandom read (16 bytes read)
[    2.918559] random: udevd: uninitialized urandom read (16 bytes read)
[    2.941059] udevd[1851]: starting eudev-3.2.1
[    3.301357] ath9k 0000:01:00.0 wlp1s0: renamed from wlan0
[    3.362817] r8169 0000:02:00.0 enp2s0: renamed from eth0
[    3.463935] [drm] radeon kernel modesetting enabled.
[    3.481913] radeon 0000:00:01.0: remove_conflicting_pci_framebuffers: bar 0: 0xc0000000 -> 0xcfffffff
[    3.485348] radeon 0000:00:01.0: remove_conflicting_pci_framebuffers: bar 2: 0xd0000000 -> 0xd07fffff
[    3.488748] radeon 0000:00:01.0: remove_conflicting_pci_framebuffers: bar 5: 0xfeb00000 -> 0xfeb3ffff
[    3.512341] checking generic (c0000000 420000) vs hw (c0000000 10000000)
[    3.512347] fb0: switching to radeondrmfb from EFI VGA
[    3.515814] Console: switching to colour dummy device 80x25
[    3.521966] radeon 0000:00:01.0: vgaarb: deactivate vga console
[    3.522631] [drm] initializing kernel modesetting (KABINI 0x1002:0x9839 0x1043:0x141D 0x00).
[    3.522687] [drm] doorbell mmio base: 0xD0000000
[    3.522695] [drm] doorbell mmio size: 8388608
[    3.522726] ATOM BIOS: AMD
[    3.522799] [drm] Changing default dispclk from 400Mhz to 600Mhz
[    3.522835] radeon 0000:00:01.0: VRAM: 512M 0x0000000000000000 - 0x000000001FFFFFFF (512M used)
[    3.522851] radeon 0000:00:01.0: GTT: 2048M 0x0000000020000000 - 0x000000009FFFFFFF
[    3.522874] [drm] Detected VRAM RAM=512M, BAR=256M
[    3.522881] [drm] RAM width 128bits DDR
[    3.537010] [TTM] Zone  kernel: Available graphics memory: 1729510 KiB
[    3.537029] [TTM] Initializing pool allocator
[    3.537047] [TTM] Initializing DMA pool allocator
[    3.537113] [drm] radeon: 512M of VRAM memory ready
[    3.537123] [drm] radeon: 2048M of GTT memory ready.
[    3.537175] [drm] Loading kabini Microcode
[    3.546628] [drm] Internal thermal controller without fan control
[    3.548029] [drm] radeon: dpm initialized
[    3.549370] [drm] Found UVD firmware Version: 1.64 Family ID: 9
[    3.554442] [drm] Found VCE firmware/feedback version 40.2.2 / 15!
[    3.554501] [drm] GART: num cpu pages 524288, num gpu pages 524288
[    3.660486] [drm] PCIE GART of 2048M enabled (table at 0x000000000030E000).
[    3.660770] radeon 0000:00:01.0: WB enabled
[    3.660815] radeon 0000:00:01.0: fence driver on ring 0 use gpu addr 0x0000000020000c00 and cpu addr 0x(____ptrval____)
[    3.660833] radeon 0000:00:01.0: fence driver on ring 1 use gpu addr 0x0000000020000c04 and cpu addr 0x(____ptrval____)
[    3.660848] radeon 0000:00:01.0: fence driver on ring 2 use gpu addr 0x0000000020000c08 and cpu addr 0x(____ptrval____)
[    3.660862] radeon 0000:00:01.0: fence driver on ring 3 use gpu addr 0x0000000020000c0c and cpu addr 0x(____ptrval____)
[    3.660877] radeon 0000:00:01.0: fence driver on ring 4 use gpu addr 0x0000000020000c10 and cpu addr 0x(____ptrval____)
[    3.661807] radeon 0000:00:01.0: fence driver on ring 5 use gpu addr 0x0000000000078d30 and cpu addr 0x(____ptrval____)
[    3.662205] radeon 0000:00:01.0: fence driver on ring 6 use gpu addr 0x0000000020000c18 and cpu addr 0x(____ptrval____)
[    3.662222] radeon 0000:00:01.0: fence driver on ring 7 use gpu addr 0x0000000020000c1c and cpu addr 0x(____ptrval____)
[    3.662236] [drm] Supports vblank timestamp caching Rev 2 (21.10.2013).
[    3.662244] [drm] Driver supports precise vblank timestamp query.
[    3.662356] radeon 0000:00:01.0: radeon: using MSI.
[    3.662420] [drm] radeon: irq initialized.
[    3.664256] rq->curr == THREAD(this messg)
[    3.664262] color, tsk->comm, weight, vruntime: 1 kworker/u8:4 1048576 2424262032
[    3.664273] proc in rq 1
[    3.664284] rq->nr_running rq->cfs.nr_running : 2 2
[    3.664295] rq->load.weight, rq->cfs.load.weight : 2097152 2097152
[    3.664297] ----------------^^^^TUX0^^^^^-----------------------
[    3.664305] rq->curr->pid = 2249
[    3.664315] color, tsk->comm, weight, vruntime: -115375815622504 kworker/u8:4 1048576 2122514657
[    3.664322] color, tsk->comm, weight, vruntime: 1 udevd 1048576 2125987755
[    3.664332] proc in rq 2
[    3.664340] rq->nr_running rq->cfs.nr_running : 3 3
[    3.664350] rq->load.weight, rq->cfs.load.weight : 3145728 3145728
[    3.664352] ----------------^^^^TUX1^^^^^-----------------------
[    3.666360] [drm] ring test on 0 succeeded in 3 usecs
[    3.666469] [drm] ring test on 1 succeeded in 4 usecs
[    3.666508] [drm] ring test on 2 succeeded in 4 usecs
[    3.666837] [drm] ring test on 3 succeeded in 6 usecs
[    3.666855] [drm] ring test on 4 succeeded in 5 usecs
[    3.770465] [drm] ring test on 5 succeeded in 2 usecs
[    3.800552] [drm] UVD initialized successfully.
[    3.922661] [drm] ring test on 6 succeeded in 20 usecs
[    3.922693] [drm] ring test on 7 succeeded in 3 usecs
[    3.922700] [drm] VCE initialized successfully.
[    3.924605] [drm] ib test on ring 0 succeeded in 0 usecs
[    3.924886] [drm] ib test on ring 1 succeeded in 0 usecs
[    3.925158] [drm] ib test on ring 2 succeeded in 0 usecs
[    3.925435] [drm] ib test on ring 3 succeeded in 0 usecs
[    3.926139] [drm] ib test on ring 4 succeeded in 0 usecs
[    4.460613] [drm] ib test on ring 5 succeeded
[    4.481829] [drm] ib test on ring 6 succeeded
[    4.482803] [drm] ib test on ring 7 succeeded
[    4.530465] [drm] radeon atom DIG backlight initialized
[    4.530486] [drm] Radeon Display Connectors
[    4.530493] [drm] Connector 0:
[    4.530500] [drm]   LVDS-1
[    4.530505] [drm]   HPD1
[    4.530514] [drm]   DDC: 0x6530 0x6530 0x6534 0x6534 0x6538 0x6538 0x653c 0x653c
[    4.530523] [drm]   Encoders:
[    4.530529] [drm]     LCD1: INTERNAL_UNIPHY
[    4.530536] [drm] Connector 1:
[    4.530541] [drm]   HDMI-A-1
[    4.530547] [drm]   HPD2
[    4.530555] [drm]   DDC: 0x6540 0x6540 0x6544 0x6544 0x6548 0x6548 0x654c 0x654c
[    4.530563] [drm]   Encoders:
[    4.530569] [drm]     DFP1: INTERNAL_UNIPHY
[    4.530575] [drm] Connector 2:
[    4.530580] [drm]   VGA-1
[    4.530588] [drm]   DDC: 0x65c0 0x65c0 0x65c4 0x65c4 0x65c8 0x65c8 0x65cc 0x65cc
[    4.530596] [drm]   Encoders:
[    4.530602] [drm]     CRT1: INTERNAL_KLDSCP_DAC1
[    4.670411] rq->curr == THREAD(this messg)
[    4.670415] proc in rq 0
[    4.670433] rq->nr_running rq->cfs.nr_running : 1 1
[    4.670445] rq->load.weight, rq->cfs.load.weight : 1048576 1048576
[    4.670446] ----------------^^^^TUX0^^^^^-----------------------
[    4.670454] rq->curr->pid = 2249
[    4.670462] proc in rq 0
[    4.670468] rq->nr_running rq->cfs.nr_running : 0 0
[    4.670479] rq->load.weight, rq->cfs.load.weight : 0 0
[    4.670480] ----------------^^^^TUX1^^^^^-----------------------
[    5.612603] [drm] fb mappable at 0xC0722000
[    5.612624] [drm] vram apper at 0xC0000000
[    5.612630] [drm] size 4325376
[    5.612636] [drm] fb depth is 24
[    5.612642] [drm]    pitch is 5632
[    5.612889] fbcon: radeondrmfb (fb0) is primary device
[    5.680438] rq->curr == THREAD(this messg)
[    5.680441] proc in rq 0
[    5.680444] rq->nr_running rq->cfs.nr_running : 1 1
[    5.680446] rq->load.weight, rq->cfs.load.weight : 1048576 1048576
[    5.680448] ----------------^^^^TUX0^^^^^-----------------------
[    5.680449] rq->curr->pid = 1321
[    5.680454] color, tsk->comm, weight, vruntime: 1 rcu_sched 1048576 2377313119
[    5.680455] proc in rq 1
[    5.680457] rq->nr_running rq->cfs.nr_running : 2 2
[    5.680458] rq->load.weight, rq->cfs.load.weight : 2097152 2097152
[    5.680460] ----------------^^^^TUX1^^^^^-----------------------
[    5.720665] Console: switching to colour frame buffer device 170x48
[    5.731846] radeon 0000:00:01.0: fb0: radeondrmfb frame buffer device
[    5.779249] [drm] Initialized radeon 2.50.0 20080528 for 0000:00:01.0 on minor 0
[    5.864749] Adding 3608572k swap on /dev/sda4.  Priority:1 extents:1 across:3608572k SS
[    5.917935] EXT4-fs (sda2): re-mounted. Opts: (null)
[    6.025207] EXT4-fs (sda2): re-mounted. Opts: (null)
[    6.690440] rq->curr == THREAD(this messg)
[    6.690444] proc in rq 0
[    6.694112] rq->nr_running rq->cfs.nr_running : 1 1
[    6.701373] rq->load.weight, rq->cfs.load.weight : 1048576 1048576
[    6.701376] ----------------^^^^TUX0^^^^^-----------------------
[    6.701379] rq->curr->pid = 0
[    6.701384] color, tsk->comm, weight, vruntime: 1 setfont 1048576 3269935443
[    6.701385] proc in rq 1
[    6.701387] rq->nr_running rq->cfs.nr_running : 1 1
[    6.701389] rq->load.weight, rq->cfs.load.weight : 1048576 1048576
[    6.701391] ----------------^^^^TUX1^^^^^-----------------------
[    7.700948] rq->curr == THREAD(this messg)
[    7.704822] color, tsk->comm, weight, vruntime: -115375838153063 syslogd 1048576 6631925245
[    7.708663] color, tsk->comm, weight, vruntime: -115375827506919 syslogd 1048576 6631925245
[    7.712688] color, tsk->comm, weight, vruntime: -115375827510376 syslogd 1048576 6631925246
[    7.716667] color, tsk->comm, weight, vruntime: -115375838153063 syslogd 1048576 6632139532
[    7.716671] color, tsk->comm, weight, vruntime: 1 syslogd 1048576 6632139532
[    7.716675] color, tsk->comm, weight, vruntime: -115375799352295 syslogd 1048576 6632139532
[    7.716678] color, tsk->comm, weight, vruntime: -115375827506919 syslogd 1048576 6632312718
[    7.716681] color, tsk->comm, weight, vruntime: -115375819694312 syslogd 1048576 6633425241
[    7.716684] color, tsk->comm, weight, vruntime: -115375813501159 syslogd 1048576 6633425243
[    7.716687] color, tsk->comm, weight, vruntime: -115375799352296 syslogd 1048576 6633425243
[    7.716689] color, tsk->comm, weight, vruntime: -115375813501159 syslogd 1048576 6633425243
[    7.716691] proc in rq 11
[    7.716694] rq->nr_running rq->cfs.nr_running : 12 12
[    7.716695] rq->load.weight, rq->cfs.load.weight : 12582912 12582912
[    7.716697] ----------------^^^^TUX0^^^^^-----------------------
[    7.716699] rq->curr->pid = 3439
[    7.716703] color, tsk->comm, weight, vruntime: -115375814956775 echo 1048576 4492293796
[    7.716706] color, tsk->comm, weight, vruntime: -115375819635688 syslogd 1048576 4493822589
[    7.716709] color, tsk->comm, weight, vruntime: 1 syslogd 1048576 4494275016
[    7.716712] color, tsk->comm, weight, vruntime: -115375814956775 syslogd 1048576 4494461445
[    7.716713] proc in rq 4
[    7.716715] rq->nr_running rq->cfs.nr_running : 5 5
[    7.716717] rq->load.weight, rq->cfs.load.weight : 5242880 5242880
[    7.716718] ----------------^^^^TUX1^^^^^-----------------------
[    8.272802] urandom_read: 6 callbacks suppressed
[    8.272808] random: wpa_supplicant: uninitialized urandom read (32 bytes read)
[    8.710413] rq->curr == THREAD(this messg)
[    8.710419] proc in rq 0
[    8.713929] rq->nr_running rq->cfs.nr_running : 1 1
[    8.720871] rq->load.weight, rq->cfs.load.weight : 1048576 1048576
[    8.720873] ----------------^^^^TUX0^^^^^-----------------------
[    8.724417] rq->curr->pid = 4412
[    8.727920] proc in rq 0
[    8.731408] rq->nr_running rq->cfs.nr_running : 0 0
[    8.738281] rq->load.weight, rq->cfs.load.weight : 0 0
[    8.738285] ----------------^^^^TUX1^^^^^-----------------------
[    9.611335] wlp1s0: authenticate with 64:66:b3:cd:9a:3a
[    9.641484] wlp1s0: send auth to 64:66:b3:cd:9a:3a (try 1/3)
[    9.647969] wlp1s0: authenticated
[    9.660494] wlp1s0: associate with 64:66:b3:cd:9a:3a (try 1/3)
[    9.668363] wlp1s0: RX AssocResp from 64:66:b3:cd:9a:3a (capab=0x431 status=0 aid=1)
[    9.673086] wlp1s0: associated
[    9.704226] IPv6: ADDRCONF(NETDEV_CHANGE): wlp1s0: link becomes ready
[    9.720434] rq->curr == THREAD(this messg)
[    9.720438] proc in rq 0
[    9.723884] rq->nr_running rq->cfs.nr_running : 1 1
[    9.730673] rq->load.weight, rq->cfs.load.weight : 1048576 1048576
[    9.730675] ----------------^^^^TUX0^^^^^-----------------------
[    9.734001] rq->curr->pid = 4443
[    9.737299] proc in rq 0
[    9.740598] rq->nr_running rq->cfs.nr_running : 0 0
[    9.747242] rq->load.weight, rq->cfs.load.weight : 0 0
[    9.747246] ----------------^^^^TUX1^^^^^-----------------------
[   10.730414] rq->curr == THREAD(this messg)
[   10.733863] proc in rq 0
[   10.737325] rq->nr_running rq->cfs.nr_running : 1 1
[   10.744188] rq->load.weight, rq->cfs.load.weight : 1048576 1048576
[   10.744192] ----------------^^^^TUX0^^^^^-----------------------
[   10.747646] rq->curr->pid = 0
[   10.751123] color, tsk->comm, weight, vruntime: 1 klogd 1048576 5198092694
[   10.754560] proc in rq 1
[   10.758009] rq->nr_running rq->cfs.nr_running : 1 1
[   10.764937] rq->load.weight, rq->cfs.load.weight : 1048576 1048576
[   10.764941] ----------------^^^^TUX1^^^^^-----------------------
[   11.087303] udevd (2249) used greatest stack depth: 11736 bytes left
[   11.740411] rq->curr == THREAD(this messg)
[   11.740415] proc in rq 0
[   11.743902] rq->nr_running rq->cfs.nr_running : 1 1
[   11.750756] rq->load.weight, rq->cfs.load.weight : 1048576 1048576
[   11.750758] ----------------^^^^TUX0^^^^^-----------------------
[   11.754207] rq->curr->pid = 4468
[   11.757550] proc in rq 0
[   11.760862] rq->nr_running rq->cfs.nr_running : 0 0
[   11.767369] rq->load.weight, rq->cfs.load.weight : 0 0
[   11.767373] ----------------^^^^TUX1^^^^^-----------------------
[   12.750412] rq->curr == THREAD(this messg)
[   12.753617] proc in rq 0
[   12.756797] rq->nr_running rq->cfs.nr_running : 1 1
[   12.763087] rq->load.weight, rq->cfs.load.weight : 1048576 1048576
[   12.763089] ----------------^^^^TUX0^^^^^-----------------------
[   12.766310] rq->curr->pid = 4475
[   12.769529] proc in rq 0
[   12.772740] rq->nr_running rq->cfs.nr_running : 0 0
[   12.779107] rq->load.weight, rq->cfs.load.weight : 0 0
[   12.779111] ----------------^^^^TUX1^^^^^-----------------------
[   13.760412] rq->curr == THREAD(this messg)
[   13.763605] proc in rq 0
[   13.766766] rq->nr_running rq->cfs.nr_running : 1 1
[   13.773040] rq->load.weight, rq->cfs.load.weight : 1048576 1048576
[   13.773042] ----------------^^^^TUX0^^^^^-----------------------
[   13.776233] rq->curr->pid = 4485
[   13.779378] proc in rq 0
[   13.782493] rq->nr_running rq->cfs.nr_running : 0 0
[   13.788706] rq->load.weight, rq->cfs.load.weight : 0 0
[   13.788710] ----------------^^^^TUX1^^^^^-----------------------
[   14.770413] rq->curr == THREAD(this messg)
[   14.773531] proc in rq 0
[   14.776602] rq->nr_running rq->cfs.nr_running : 1 1
[   14.782768] rq->load.weight, rq->cfs.load.weight : 1048576 1048576
[   14.782770] ----------------^^^^TUX0^^^^^-----------------------
[   14.785956] rq->curr->pid = 4497
[   14.789102] proc in rq 0
[   14.792220] rq->nr_running rq->cfs.nr_running : 0 0
[   14.798443] rq->load.weight, rq->cfs.load.weight : 0 0
[   14.798446] ----------------^^^^TUX1^^^^^-----------------------
[   15.780413] rq->curr == THREAD(this messg)
[   15.783523] proc in rq 0
[   15.786590] rq->nr_running rq->cfs.nr_running : 1 1
[   15.792625] rq->load.weight, rq->cfs.load.weight : 1048576 1048576
[   15.792627] ----------------^^^^TUX0^^^^^-----------------------
[   15.795727] rq->curr->pid = 4507
[   15.798791] proc in rq 0
[   15.801829] rq->nr_running rq->cfs.nr_running : 0 0
[   15.807790] rq->load.weight, rq->cfs.load.weight : 0 0
[   15.807793] ----------------^^^^TUX1^^^^^-----------------------
[   16.790412] rq->curr == THREAD(this messg)
[   16.793435] proc in rq 0
[   16.796412] rq->nr_running rq->cfs.nr_running : 1 1
[   16.802301] rq->load.weight, rq->cfs.load.weight : 1048576 1048576
[   16.802303] ----------------^^^^TUX0^^^^^-----------------------
[   16.805359] rq->curr->pid = 4518
[   16.808398] proc in rq 0
[   16.811474] rq->nr_running rq->cfs.nr_running : 0 0
[   16.817493] rq->load.weight, rq->cfs.load.weight : 0 0
[   16.817496] ----------------^^^^TUX1^^^^^-----------------------
[   17.800418] rq->curr == THREAD(this messg)
[   17.803450] proc in rq 0
[   17.806428] rq->nr_running rq->cfs.nr_running : 1 1
[   17.812318] rq->load.weight, rq->cfs.load.weight : 1048576 1048576
[   17.812321] ----------------^^^^TUX0^^^^^-----------------------
[   17.815375] rq->curr->pid = 4529
[   17.818409] proc in rq 0
[   17.821434] rq->nr_running rq->cfs.nr_running : 0 0
[   17.827392] rq->load.weight, rq->cfs.load.weight : 0 0
[   17.827395] ----------------^^^^TUX1^^^^^-----------------------
[   18.810413] rq->curr == THREAD(this messg)
[   18.813431] proc in rq 0
[   18.816405] rq->nr_running rq->cfs.nr_running : 1 1
[   18.822287] rq->load.weight, rq->cfs.load.weight : 1048576 1048576
[   18.822289] ----------------^^^^TUX0^^^^^-----------------------
[   18.825341] rq->curr->pid = 4539
[   18.828372] proc in rq 0
[   18.831397] rq->nr_running rq->cfs.nr_running : 0 0
[   18.837357] rq->load.weight, rq->cfs.load.weight : 0 0
[   18.837361] ----------------^^^^TUX1^^^^^-----------------------
[   19.820435] rq->curr == THREAD(this messg)
[   19.820450] proc in rq 0
[   19.820454] rq->nr_running rq->cfs.nr_running : 1 1
[   19.820460] rq->load.weight, rq->cfs.load.weight : 1048576 1048576
[   19.820461] ----------------^^^^TUX0^^^^^-----------------------
[   19.820465] rq->curr->pid = 1321
[   19.820469] proc in rq 0
[   19.820473] rq->nr_running rq->cfs.nr_running : 1 1
[   19.820477] rq->load.weight, rq->cfs.load.weight : 1307648 1307648
[   19.820479] ----------------^^^^TUX1^^^^^-----------------------
[   20.830439] rq->curr == THREAD(this messg)
[   20.830454] proc in rq 0
[   20.830458] rq->nr_running rq->cfs.nr_running : 1 1
[   20.830463] rq->load.weight, rq->cfs.load.weight : 1048576 1048576
[   20.830465] ----------------^^^^TUX0^^^^^-----------------------
[   20.830468] rq->curr->pid = 4632
[   20.830471] proc in rq 0
[   20.830475] rq->nr_running rq->cfs.nr_running : 1 1
[   20.830479] rq->load.weight, rq->cfs.load.weight : 1307648 1307648
[   20.830480] ----------------^^^^TUX1^^^^^-----------------------
[   36.543175] random: crng init done
