[    0.000000] Linux version 5.2.0+ (root@(none)) (gcc version 9.0.1 20190416 (experimental) (GCC)) #182 SMP Thu Jul 11 18:43:47 +05 2019
[    0.000000] Command line: BOOT_IMAGE=/boot/bzImage root=/dev/sda2 ro
[    0.000000] x86/fpu: Supporting XSAVE feature 0x001: 'x87 floating point registers'
[    0.000000] x86/fpu: Supporting XSAVE feature 0x002: 'SSE registers'
[    0.000000] x86/fpu: Supporting XSAVE feature 0x004: 'AVX registers'
[    0.000000] x86/fpu: xstate_offset[2]:  576, xstate_sizes[2]:  256
[    0.000000] x86/fpu: Enabled xstate features 0x7, context size is 832 bytes, using 'standard' format.
[    0.000000] BIOS-provided physical RAM map:
[    0.000000] BIOS-e820: [mem 0x0000000000000000-0x000000000009ffff] usable
[    0.000000] BIOS-e820: [mem 0x0000000000100000-0x000000009d0f7fff] usable
[    0.000000] BIOS-e820: [mem 0x000000009d0f8000-0x000000009d127fff] reserved
[    0.000000] BIOS-e820: [mem 0x000000009d128000-0x000000009d370fff] usable
[    0.000000] BIOS-e820: [mem 0x000000009d371000-0x000000009dc56fff] ACPI NVS
[    0.000000] BIOS-e820: [mem 0x000000009dc57000-0x000000009e959fff] reserved
[    0.000000] BIOS-e820: [mem 0x000000009e95a000-0x000000009e9cafff] type 20
[    0.000000] BIOS-e820: [mem 0x000000009e9cb000-0x000000009e9cbfff] usable
[    0.000000] BIOS-e820: [mem 0x000000009e9cc000-0x000000009e9d3fff] ACPI NVS
[    0.000000] BIOS-e820: [mem 0x000000009e9d4000-0x000000009eb24fff] usable
[    0.000000] BIOS-e820: [mem 0x000000009eb25000-0x000000009f041fff] reserved
[    0.000000] BIOS-e820: [mem 0x000000009f042000-0x000000009f080fff] usable
[    0.000000] BIOS-e820: [mem 0x000000009f081000-0x000000009f3f1fff] reserved
[    0.000000] BIOS-e820: [mem 0x000000009f3f2000-0x000000009f3fffff] usable
[    0.000000] BIOS-e820: [mem 0x00000000fec00000-0x00000000fec01fff] reserved
[    0.000000] BIOS-e820: [mem 0x00000000fec10000-0x00000000fec10fff] reserved
[    0.000000] BIOS-e820: [mem 0x00000000fed00000-0x00000000fed00fff] reserved
[    0.000000] BIOS-e820: [mem 0x00000000fed80000-0x00000000fed8ffff] reserved
[    0.000000] BIOS-e820: [mem 0x00000000ff000000-0x00000000ffffffff] reserved
[    0.000000] BIOS-e820: [mem 0x0000000100001000-0x000000013effffff] usable
[    0.000000] NX (Execute Disable) protection: active
[    0.000000] efi: EFI v2.31 by American Megatrends
[    0.000000] efi:  ACPI=0x9d3f3000  ACPI 2.0=0x9d3f3000  SMBIOS=0x9e958998 
[    0.000000] SMBIOS 2.7 present.
[    0.000000] DMI: ASUSTeK COMPUTER INC. X102BA/X102BA, BIOS X102BA.212 08/30/2013
[    0.000000] tsc: Fast TSC calibration using PIT
[    0.000000] tsc: Detected 998.166 MHz processor
[    0.000214] e820: update [mem 0x00000000-0x00000fff] usable ==> reserved
[    0.000219] e820: remove [mem 0x000a0000-0x000fffff] usable
[    0.000241] last_pfn = 0x13f000 max_arch_pfn = 0x400000000
[    0.000251] MTRR default type: uncachable
[    0.000253] MTRR fixed ranges enabled:
[    0.000256]   00000-9FFFF write-back
[    0.000259]   A0000-BFFFF write-through
[    0.000261]   C0000-DFFFF uncachable
[    0.000264]   E0000-FFFFF write-protect
[    0.000265] MTRR variable ranges enabled:
[    0.000270]   0 base 0000000000 mask FF80000000 write-back
[    0.000274]   1 base 0080000000 mask FFE0000000 write-back
[    0.000277]   2 base 009F400000 mask FFFFC00000 uncachable
[    0.000280]   3 base 009F800000 mask FFFF800000 uncachable
[    0.000282]   4 disabled
[    0.000283]   5 disabled
[    0.000284]   6 disabled
[    0.000285]   7 disabled
[    0.000288] TOM2: 000000013f000000 aka 5104M
[    0.000822] x86/PAT: Configuration [0-7]: WB  WC  UC- UC  WB  WP  UC- WT  
[    0.001085] e820: update [mem 0x9f400000-0xffffffff] usable ==> reserved
[    0.001098] last_pfn = 0x9f400 max_arch_pfn = 0x400000000
[    0.014901] check: Scanning 1 areas for low memory corruption
[    0.014914] Using GB pages for direct mapping
[    0.014921] BRK [0x1ce01000, 0x1ce01fff] PGTABLE
[    0.014926] BRK [0x1ce02000, 0x1ce02fff] PGTABLE
[    0.014930] BRK [0x1ce03000, 0x1ce03fff] PGTABLE
[    0.015033] BRK [0x1ce04000, 0x1ce04fff] PGTABLE
[    0.015038] BRK [0x1ce05000, 0x1ce05fff] PGTABLE
[    0.015174] BRK [0x1ce06000, 0x1ce06fff] PGTABLE
[    0.015978] BRK [0x1ce07000, 0x1ce07fff] PGTABLE
[    0.016165] BRK [0x1ce08000, 0x1ce08fff] PGTABLE
[    0.016309] BRK [0x1ce09000, 0x1ce09fff] PGTABLE
[    0.016515] BRK [0x1ce0a000, 0x1ce0afff] PGTABLE
[    0.016761] BRK [0x1ce0b000, 0x1ce0bfff] PGTABLE
[    0.016900] Secure boot could not be determined
[    0.016916] ACPI: Early table checksum verification disabled
[    0.016926] ACPI: RSDP 0x000000009D3F3000 000024 (v02 _ASUS_)
[    0.016937] ACPI: XSDT 0x000000009D3F3088 000094 (v01 _ASUS_ Notebook 01072009 AMI  00010013)
[    0.016955] ACPI: FACP 0x000000009D400748 00010C (v05 _ASUS_ Notebook 01072009 AMI  00010013)
[    0.016970] ACPI BIOS Warning (bug): Optional FADT field Pm2ControlBlock has valid Length but zero Address: 0x0000000000000000/0x1 (20190703/tbfadt-615)
[    0.016983] ACPI: DSDT 0x000000009D3F31A8 00D59D (v02 _ASUS_ Notebook 00000000 INTL 20091112)
[    0.016994] ACPI: FACS 0x000000009DC4B080 000040
[    0.017001] ACPI: APIC 0x000000009D400858 00007E (v03 _ASUS_ Notebook 01072009 AMI  00010013)
[    0.017011] ACPI: FPDT 0x000000009D4008D8 000044 (v01 _ASUS_ Notebook 01072009 AMI  00010013)
[    0.017021] ACPI: ECDT 0x000000009D400920 0000C1 (v01 _ASUS_ Notebook 01072009 AMI. 00000005)
[    0.017031] ACPI: MCFG 0x000000009D4009E8 00003C (v01 _ASUS_ Notebook 01072009 MSFT 00010013)
[    0.017040] ACPI: HPET 0x000000009D400A28 000038 (v01 _ASUS_ Notebook 01072009 AMI  00000005)
[    0.017049] ACPI: VFCT 0x000000009D400A60 004684 (v01 _ASUS_ Notebook 00000001 AMD  31504F47)
[    0.017059] ACPI: BGRT 0x000000009D4050E8 000038 (v00 _ASUS_ Notebook 01072009 ASUS 00010013)
[    0.017069] ACPI: SSDT 0x000000009D405120 0005E0 (v01 AMD    AGESA    00000001 AMD  00000001)
[    0.017078] ACPI: SSDT 0x000000009D405700 0046D1 (v02 AMD    AGESA    00000002 MSFT 04000000)
[    0.017088] ACPI: CRAT 0x000000009D409DD8 000228 (v01 AMD    AGESA    00000001 AMD  00000001)
[    0.017097] ACPI: SSDT 0x000000009D40A000 001411 (v01 AMD    CPMDFIGP 00000001 INTL 20051117)
[    0.017107] ACPI: SSDT 0x000000009D40B418 0010E8 (v01 AMD    CPMCMN   00000001 INTL 20051117)
[    0.017116] ACPI: MSDM 0x000000009D127F98 000055 (v03 _ASUS_ Notebook 00000000 ASUS 00000001)
[    0.017143] ACPI: Local APIC address 0xfee00000
[    0.017500] No NUMA configuration found
[    0.017505] Faking a node at [mem 0x0000000000000000-0x000000013effffff]
[    0.017518] NODE_DATA(0) allocated [mem 0x13effa000-0x13effdfff]
[    0.017572] Zone ranges:
[    0.017575]   DMA      [mem 0x0000000000001000-0x0000000000ffffff]
[    0.017580]   DMA32    [mem 0x0000000001000000-0x00000000ffffffff]
[    0.017585]   Normal   [mem 0x0000000100000000-0x000000013effffff]
[    0.017589] Movable zone start for each node
[    0.017592] Early memory node ranges
[    0.017596]   node   0: [mem 0x0000000000001000-0x000000000009ffff]
[    0.017599]   node   0: [mem 0x0000000000100000-0x000000009d0f7fff]
[    0.017602]   node   0: [mem 0x000000009d128000-0x000000009d370fff]
[    0.017606]   node   0: [mem 0x000000009e9cb000-0x000000009e9cbfff]
[    0.017609]   node   0: [mem 0x000000009e9d4000-0x000000009eb24fff]
[    0.017612]   node   0: [mem 0x000000009f042000-0x000000009f080fff]
[    0.017615]   node   0: [mem 0x000000009f3f2000-0x000000009f3fffff]
[    0.017618]   node   0: [mem 0x0000000100001000-0x000000013effffff]
[    0.017945] Zeroed struct page in unavailable ranges: 11138 pages
[    0.017952] Initmem setup node 0 [mem 0x0000000000001000-0x000000013effffff]
[    0.017960] On node 0 totalpages: 902270
[    0.017963]   DMA zone: 64 pages used for memmap
[    0.017964]   DMA zone: 23 pages reserved
[    0.017967]   DMA zone: 3999 pages, LIFO batch:0
[    0.018199]   DMA32 zone: 10004 pages used for memmap
[    0.018201]   DMA32 zone: 640224 pages, LIFO batch:63
[    0.061357]   Normal zone: 4032 pages used for memmap
[    0.061364]   Normal zone: 258047 pages, LIFO batch:63
[    0.075143] ACPI: PM-Timer IO Port: 0x808
[    0.075155] ACPI: Local APIC address 0xfee00000
[    0.075172] ACPI: LAPIC_NMI (acpi_id[0xff] high edge lint[0x1])
[    0.075189] IOAPIC[0]: apic_id 3, version 33, address 0xfec00000, GSI 0-23
[    0.075199] IOAPIC[1]: apic_id 4, version 33, address 0xfec01000, GSI 24-55
[    0.075206] ACPI: INT_SRC_OVR (bus 0 bus_irq 0 global_irq 2 dfl dfl)
[    0.075212] ACPI: INT_SRC_OVR (bus 0 bus_irq 9 global_irq 9 low level)
[    0.075216] ACPI: IRQ0 used by override.
[    0.075219] ACPI: IRQ9 used by override.
[    0.075224] Using ACPI (MADT) for SMP configuration information
[    0.075228] ACPI: HPET id: 0x10228210 base: 0xfed00000
[    0.075243] smpboot: Allowing 4 CPUs, 2 hotplug CPUs
[    0.075314] PM: Registered nosave memory: [mem 0x00000000-0x00000fff]
[    0.075321] PM: Registered nosave memory: [mem 0x000a0000-0x000fffff]
[    0.075328] PM: Registered nosave memory: [mem 0x9d0f8000-0x9d127fff]
[    0.075334] PM: Registered nosave memory: [mem 0x9d371000-0x9dc56fff]
[    0.075338] PM: Registered nosave memory: [mem 0x9dc57000-0x9e959fff]
[    0.075341] PM: Registered nosave memory: [mem 0x9e95a000-0x9e9cafff]
[    0.075347] PM: Registered nosave memory: [mem 0x9e9cc000-0x9e9d3fff]
[    0.075354] PM: Registered nosave memory: [mem 0x9eb25000-0x9f041fff]
[    0.075360] PM: Registered nosave memory: [mem 0x9f081000-0x9f3f1fff]
[    0.075366] PM: Registered nosave memory: [mem 0x9f400000-0xfebfffff]
[    0.075369] PM: Registered nosave memory: [mem 0xfec00000-0xfec01fff]
[    0.075372] PM: Registered nosave memory: [mem 0xfec02000-0xfec0ffff]
[    0.075375] PM: Registered nosave memory: [mem 0xfec10000-0xfec10fff]
[    0.075378] PM: Registered nosave memory: [mem 0xfec11000-0xfecfffff]
[    0.075380] PM: Registered nosave memory: [mem 0xfed00000-0xfed00fff]
[    0.075383] PM: Registered nosave memory: [mem 0xfed01000-0xfed7ffff]
[    0.075386] PM: Registered nosave memory: [mem 0xfed80000-0xfed8ffff]
[    0.075388] PM: Registered nosave memory: [mem 0xfed90000-0xfeffffff]
[    0.075391] PM: Registered nosave memory: [mem 0xff000000-0xffffffff]
[    0.075394] PM: Registered nosave memory: [mem 0x100000000-0x100000fff]
[    0.075400] [mem 0x9f400000-0xfebfffff] available for PCI devices
[    0.075412] clocksource: refined-jiffies: mask: 0xffffffff max_cycles: 0xffffffff, max_idle_ns: 19112604462750000 ns
[    0.499288] setup_percpu: NR_CPUS:64 nr_cpumask_bits:64 nr_cpu_ids:4 nr_node_ids:1
[    0.500504] percpu: Embedded 51 pages/cpu s169944 r8192 d30760 u524288
[    0.500542] pcpu-alloc: s169944 r8192 d30760 u524288 alloc=1*2097152
[    0.500545] pcpu-alloc: [0] 0 1 2 3 
[    0.500624] Built 1 zonelists, mobility grouping on.  Total pages: 888147
[    0.500628] Policy zone: Normal
[    0.500634] Kernel command line: BOOT_IMAGE=/boot/bzImage root=/dev/sda2 ro
[    0.565139] Memory: 3432168K/3609080K available (14357K kernel code, 1442K rwdata, 4464K rodata, 1296K init, 836K bss, 176912K reserved, 0K cma-reserved)
[    0.565355] SLUB: HWalign=64, Order=0-3, MinObjects=0, CPUs=4, Nodes=1
[    0.565590] rcu: Hierarchical RCU implementation.
[    0.565593] rcu: 	RCU event tracing is enabled.
[    0.565597] rcu: 	RCU restricting CPUs from NR_CPUS=64 to nr_cpu_ids=4.
[    0.565602] rcu: RCU calculated value of scheduler-enlistment delay is 10 jiffies.
[    0.565606] rcu: Adjusting geometry for rcu_fanout_leaf=16, nr_cpu_ids=4
[    0.566190] NR_IRQS: 4352, nr_irqs: 1000, preallocated irqs: 16
[    0.566672] random: get_random_bytes called from start_kernel+0x2c6/0x493 with crng_init=0
[    0.566757] Console: colour dummy device 80x25
[    0.567466] printk: console [tty0] enabled
[    0.567511] ACPI: Core revision 20190703
[    0.567993] clocksource: hpet: mask: 0xffffffff max_cycles: 0xffffffff, max_idle_ns: 133484873504 ns
[    0.568031] APIC: Switch to symmetric I/O mode setup
[    0.568773] ..TIMER: vector=0x30 apic1=0 pin1=2 apic2=-1 pin2=-1
[    0.618032] clocksource: tsc-early: mask: 0xffffffffffffffff max_cycles: 0x1cc6a528b10, max_idle_ns: 881590470087 ns
[    0.618048] Calibrating delay loop (skipped), value calculated using timer frequency.. 1996.33 BogoMIPS (lpj=9981660)
[    0.618064] pid_max: default: 32768 minimum: 301
[    0.620670] LSM: Security Framework initializing
[    0.620705] SELinux:  Initializing.
[    0.620742] *** VALIDATE SELinux ***
[    0.623116] Dentry cache hash table entries: 524288 (order: 10, 4194304 bytes)
[    0.624366] Inode-cache hash table entries: 262144 (order: 9, 2097152 bytes)
[    0.624469] Mount-cache hash table entries: 8192 (order: 4, 65536 bytes)
[    0.624518] Mountpoint-cache hash table entries: 8192 (order: 4, 65536 bytes)
[    0.624913] *** VALIDATE proc ***
[    0.625002] *** VALIDATE cgroup1 ***
[    0.625013] *** VALIDATE cgroup2 ***
[    0.625117] LVT offset 1 assigned for vector 0xf9
[    0.625135] Last level iTLB entries: 4KB 512, 2MB 8, 4MB 4
[    0.625143] Last level dTLB entries: 4KB 512, 2MB 256, 4MB 128, 1GB 0
[    0.625153] Spectre V2 : Mitigation: Full AMD retpoline
[    0.625160] Spectre V2 : Spectre v2 / SpectreRSB mitigation: Filling RSB on context switch
[    0.625171] Speculative Store Bypass: Mitigation: Speculative Store Bypass disabled via prctl and seccomp
[    0.625758] Freeing SMP alternatives memory: 40K
[    0.638046] smpboot: CPU0: AMD A4-1200 APU with Radeon(TM) HD Graphics (family: 0x16, model: 0x0, stepping: 0x1)
[    0.638046] Performance Events: AMD PMU driver.
[    0.638046] ... version:                0
[    0.638046] ... bit width:              48
[    0.638046] ... generic registers:      4
[    0.638046] ... value mask:             0000ffffffffffff
[    0.638046] ... max period:             00007fffffffffff
[    0.638046] ... fixed-purpose events:   0
[    0.638046] ... event mask:             000000000000000f
[    0.638046] rcu: Hierarchical SRCU implementation.
[    0.638046] MCE: In-kernel MCE decoding enabled.
[    0.638046] smp: Bringing up secondary CPUs ...
[    0.638046] x86: Booting SMP configuration:
[    0.638046] .... node  #0, CPUs:      #1
[    0.638046] smp: Brought up 1 node, 2 CPUs
[    0.638046] smpboot: Max logical packages: 2
[    0.638046] smpboot: Total of 2 processors activated (3992.66 BogoMIPS)
[    0.638046] devtmpfs: initialized
[    0.638046] PM: Registering ACPI NVS region [mem 0x9d371000-0x9dc56fff] (9330688 bytes)
[    0.638046] PM: Registering ACPI NVS region [mem 0x9e9cc000-0x9e9d3fff] (32768 bytes)
[    0.638046] clocksource: jiffies: mask: 0xffffffff max_cycles: 0xffffffff, max_idle_ns: 19112604462750000 ns
[    0.638046] futex hash table entries: 1024 (order: 4, 65536 bytes)
[    0.638046] kworker/u8:0 (22) used greatest stack depth: 14624 bytes left
[    0.638046] NET: Registered protocol family 16
[    0.638046] audit: initializing netlink subsys (disabled)
[    0.638046] audit: type=2000 audit(1562915100.060:1): state=initialized audit_enabled=0 res=1
[    0.638046] cpuidle: using governor ladder
[    0.638046] cpuidle: using governor menu
[    0.638046] ACPI FADT declares the system doesn't support PCIe ASPM, so disable it
[    0.638046] ACPI: bus type PCI registered
[    0.638046] PCI: MMCONFIG for domain 0000 [bus 00-ff] at [mem 0xe0000000-0xefffffff] (base 0xe0000000)
[    0.638046] PCI: not using MMCONFIG
[    0.638046] PCI: Using configuration type 1 for base access
[    0.638046] PCI: Using configuration type 1 for extended access
[    0.638080] rq->curr == THREAD(this messg)
[    0.638081] state TASK_RUNNING
[    0.638094] color, tsk->comm, weight, vruntime, state: -123353708306663 kworker/u8:1 1048576 47830770 0
[    0.638102] color, tsk->comm, weight, vruntime, state: -123353708317032 kworker/u8:1 1048576 47830770 0
[    0.638114] color, tsk->comm, weight, vruntime, state: -123353708306663 kworker/u8:1 1048576 48045057 0
[    0.638126] color, tsk->comm, weight, vruntime, state: 1 kworker/u8:1 1048576 48045057 0
[    0.638138] color, tsk->comm, weight, vruntime, state: -123353700504423 kworker/u8:1 1048576 48330771 0
[    0.638149] color, tsk->comm, weight, vruntime, state: -123353708317032 kworker/u8:1 1048576 48730770 0
[    0.638160] color, tsk->comm, weight, vruntime, state: -123353700504423 kworker/u8:1 1048576 49330770 0
[    0.638170] proc in rq 7
[    0.638181] rq->nr_running rq->cfs.nr_running : 8 8
[    0.638191] rq->cfs.load.weight : 8388608
[    0.638192] ----------------^^^^CPU0^^^^^-----------------------
[    0.638198] rq->curr->pid == 1
[    0.638205] state TASK_RUNNING
[    0.638213] color, tsk->comm, weight, vruntime, state: -123353700507880 kworker/u8:0 1048576 28951403 0
[    0.638220] color, tsk->comm, weight, vruntime, state: 1 kworker/u8:1 1048576 34951403 0
[    0.638231] color, tsk->comm, weight, vruntime, state: -123353700507880 kthreadd 1048576 37351400 0
[    0.638240] proc in rq 3
[    0.638251] rq->nr_running rq->cfs.nr_running : 4 4
[    0.638260] rq->cfs.load.weight : 4194304
[    0.638262] ----------------^^^^CPU1^^^^^-----------------------
[    0.638268] rq->curr->pid == 0
[    0.638275] state TASK_RUNNING
[    0.638281] proc in rq 0
[    0.638287] rq->nr_running rq->cfs.nr_running : 0 0
[    0.638296] rq->cfs.load.weight : 0
[    0.638298] ----------------^^^^CPU2^^^^^-----------------------
[    0.638304] rq->curr->pid == 0
[    0.638310] state TASK_RUNNING
[    0.638316] proc in rq 0
[    0.638322] rq->nr_running rq->cfs.nr_running : 0 0
[    0.638332] rq->cfs.load.weight : 0
[    0.638333] ----------------^^^^CPU3^^^^^-----------------------
[    0.662493] kworker/u8:0 (164) used greatest stack depth: 14160 bytes left
[    0.691050] HugeTLB registered 2.00 MiB page size, pre-allocated 0 pages
[    0.718989] ACPI: Added _OSI(Module Device)
[    0.718989] ACPI: Added _OSI(Processor Device)
[    0.718992] ACPI: Added _OSI(3.0 _SCP Extensions)
[    0.719000] ACPI: Added _OSI(Processor Aggregator Device)
[    0.719009] ACPI: Added _OSI(Linux-Dell-Video)
[    0.719017] ACPI: Added _OSI(Linux-Lenovo-NV-HDMI-Audio)
[    0.719025] ACPI: Added _OSI(Linux-HPI-Hybrid-Graphics)
[    0.752285] ACPI: 5 ACPI AML tables successfully acquired and loaded
[    0.755503] ACPI: EC: EC started
[    0.755513] ACPI: EC: interrupt blocked
[    0.757631] ACPI: \: Used as first EC
[    0.757644] ACPI: \: GPE=0x3, EC_CMD/EC_SC=0x66, EC_DATA=0x62
[    0.757651] ACPI: EC: Boot ECDT EC used to handle transactions
[    0.759904] ACPI: [Firmware Bug]: BIOS _OSI(Linux) query ignored
[    0.764370] ACPI: Interpreter enabled
[    0.764447] ACPI: (supports S0 S3 S4 S5)
[    0.764458] ACPI: Using IOAPIC for interrupt routing
[    0.768046] PCI: MMCONFIG for domain 0000 [bus 00-ff] at [mem 0xe0000000-0xefffffff] (base 0xe0000000)
[    0.768046] PCI: MMCONFIG at [mem 0xe0000000-0xefffffff] reserved in ACPI motherboard resources
[    0.768046] PCI: Using host bridge windows from ACPI; if necessary, use "pci=nocrs" and report a bug
[    0.768046] ACPI: Enabled 3 GPEs in block 00 to 1F
[    1.688081] rq->curr == THREAD(this messg)
[    1.688084] state TASK_RUNNING
[    1.688101] proc in rq 0
[    1.688108] rq->nr_running rq->cfs.nr_running : 1 1
[    1.688119] rq->cfs.load.weight : 1048576
[    1.688120] ----------------^^^^CPU0^^^^^-----------------------
[    1.688127] rq->curr->pid == 1
[    1.688134] state TASK_RUNNING
[    1.688142] color, tsk->comm, weight, vruntime, state: 1 kworker/1:2 1048576 233567888 0
[    1.688148] proc in rq 1
[    1.688158] rq->nr_running rq->cfs.nr_running : 2 2
[    1.688168] rq->cfs.load.weight : 2097152
[    1.688170] ----------------^^^^CPU1^^^^^-----------------------
[    1.688176] rq->curr->pid == 0
[    1.688183] state TASK_RUNNING
[    1.688189] proc in rq 0
[    1.688195] rq->nr_running rq->cfs.nr_running : 0 0
[    1.688204] rq->cfs.load.weight : 0
[    1.688206] ----------------^^^^CPU2^^^^^-----------------------
[    1.688212] rq->curr->pid == 0
[    1.688219] state TASK_RUNNING
[    1.688225] proc in rq 0
[    1.688231] rq->nr_running rq->cfs.nr_running : 0 0
[    1.688241] rq->cfs.load.weight : 0
[    1.688242] ----------------^^^^CPU3^^^^^-----------------------
[    1.691113] ACPI: PCI Root Bridge [PCI0] (domain 0000 [bus 00-ff])
[    1.691151] acpi PNP0A08:00: _OSC: OS supports [ExtendedConfig ASPM ClockPM Segments MSI HPX-Type3]
[    1.691763] acpi PNP0A08:00: _OSC: platform does not support [LTR]
[    1.692338] acpi PNP0A08:00: _OSC: OS now controls [PME AER PCIeCapability]
[    1.692350] acpi PNP0A08:00: FADT indicates ASPM is unsupported, using BIOS configuration
[    1.692895] PCI host bridge to bus 0000:00
[    1.692909] pci_bus 0000:00: root bus resource [io  0x0000-0x03af window]
[    1.692921] pci_bus 0000:00: root bus resource [io  0x03e0-0x0cf7 window]
[    1.692932] pci_bus 0000:00: root bus resource [io  0x03b0-0x03df window]
[    1.692942] pci_bus 0000:00: root bus resource [io  0x0d00-0xffff window]
[    1.692953] pci_bus 0000:00: root bus resource [mem 0x000a0000-0x000bffff window]
[    1.692966] pci_bus 0000:00: root bus resource [mem 0x000c0000-0x000dffff window]
[    1.692978] pci_bus 0000:00: root bus resource [mem 0xc0000000-0xffffffff window]
[    1.692992] pci_bus 0000:00: root bus resource [bus 00-ff]
[    1.693021] pci 0000:00:00.0: [1022:1536] type 00 class 0x060000
[    1.693307] pci 0000:00:01.0: [1002:9839] type 00 class 0x030000
[    1.693348] pci 0000:00:01.0: reg 0x10: [mem 0xc0000000-0xcfffffff 64bit pref]
[    1.693373] pci 0000:00:01.0: reg 0x18: [mem 0xd0000000-0xd07fffff 64bit pref]
[    1.693393] pci 0000:00:01.0: reg 0x20: [io  0xf000-0xf0ff]
[    1.693412] pci 0000:00:01.0: reg 0x24: [mem 0xfeb00000-0xfeb3ffff]
[    1.693430] pci 0000:00:01.0: reg 0x30: [mem 0xfeb40000-0xfeb5ffff pref]
[    1.693446] pci 0000:00:01.0: enabling Extended Tags
[    1.693476] pci 0000:00:01.0: BAR 0: assigned to efifb
[    1.693533] pci 0000:00:01.0: supports D1 D2
[    1.693544] pci 0000:00:01.0: PME# supported from D1 D2 D3hot
[    1.693767] pci 0000:00:01.1: [1002:9840] type 00 class 0x040300
[    1.693804] pci 0000:00:01.1: reg 0x10: [mem 0xfeb64000-0xfeb67fff 64bit]
[    1.693844] pci 0000:00:01.1: enabling Extended Tags
[    1.693912] pci 0000:00:01.1: supports D1 D2
[    1.694105] pci 0000:00:02.0: [1022:1538] type 00 class 0x060000
[    1.694343] pci 0000:00:02.2: [1022:1439] type 01 class 0x060400
[    1.694413] pci 0000:00:02.2: enabling Extended Tags
[    1.698060] pci 0000:00:02.2: PME# supported from D0 D3hot D3cold
[    1.698060] pci 0000:00:02.3: [1022:1439] type 01 class 0x060400
[    1.698060] pci 0000:00:02.3: enabling Extended Tags
[    1.698060] pci 0000:00:02.3: PME# supported from D0 D3hot D3cold
[    1.698060] pci 0000:00:10.0: [1022:7814] type 00 class 0x0c0330
[    1.698060] pci 0000:00:10.0: reg 0x10: [mem 0xfeb68000-0xfeb69fff 64bit]
[    1.698060] pci 0000:00:10.0: PME# supported from D0 D3hot D3cold
[    1.698060] pci 0000:00:11.0: [1022:7801] type 00 class 0x010601
[    1.698060] pci 0000:00:11.0: reg 0x10: [io  0xf140-0xf147]
[    1.698060] pci 0000:00:11.0: reg 0x14: [io  0xf130-0xf133]
[    1.698060] pci 0000:00:11.0: reg 0x18: [io  0xf120-0xf127]
[    1.698060] pci 0000:00:11.0: reg 0x1c: [io  0xf110-0xf113]
[    1.698060] pci 0000:00:11.0: reg 0x20: [io  0xf100-0xf10f]
[    1.698066] pci 0000:00:11.0: reg 0x24: [mem 0xfeb6f000-0xfeb6f3ff]
[    1.698144] pci 0000:00:11.0: PME# supported from D3hot
[    1.698398] pci 0000:00:12.0: [1022:7807] type 00 class 0x0c0310
[    1.698428] pci 0000:00:12.0: reg 0x10: [mem 0xfeb6e000-0xfeb6efff]
[    1.698727] pci 0000:00:12.2: [1022:7808] type 00 class 0x0c0320
[    1.698762] pci 0000:00:12.2: reg 0x10: [mem 0xfeb6d000-0xfeb6d0ff]
[    1.698867] pci 0000:00:12.2: supports D1 D2
[    1.698878] pci 0000:00:12.2: PME# supported from D0 D1 D2 D3hot D3cold
[    1.699133] pci 0000:00:13.0: [1022:7807] type 00 class 0x0c0310
[    1.699163] pci 0000:00:13.0: reg 0x10: [mem 0xfeb6c000-0xfeb6cfff]
[    1.699459] pci 0000:00:13.2: [1022:7808] type 00 class 0x0c0320
[    1.699495] pci 0000:00:13.2: reg 0x10: [mem 0xfeb6b000-0xfeb6b0ff]
[    1.699599] pci 0000:00:13.2: supports D1 D2
[    1.699610] pci 0000:00:13.2: PME# supported from D0 D1 D2 D3hot D3cold
[    1.699861] pci 0000:00:14.0: [1022:780b] type 00 class 0x0c0500
[    1.700163] pci 0000:00:14.2: [1022:780d] type 00 class 0x040300
[    1.700203] pci 0000:00:14.2: reg 0x10: [mem 0xfeb60000-0xfeb63fff 64bit]
[    1.700294] pci 0000:00:14.2: PME# supported from D0 D3hot D3cold
[    1.700538] pci 0000:00:14.3: [1022:780e] type 00 class 0x060100
[    1.700861] pci 0000:00:14.7: [1022:7813] type 00 class 0x080501
[    1.700896] pci 0000:00:14.7: reg 0x10: [mem 0xfeb6a000-0xfeb6a0ff 64bit]
[    1.701162] pci 0000:00:18.0: [1022:1530] type 00 class 0x060000
[    1.701418] pci 0000:00:18.1: [1022:1531] type 00 class 0x060000
[    1.701668] pci 0000:00:18.2: [1022:1532] type 00 class 0x060000
[    1.701921] pci 0000:00:18.3: [1022:1533] type 00 class 0x060000
[    1.702187] pci 0000:00:18.4: [1022:1534] type 00 class 0x060000
[    1.702440] pci 0000:00:18.5: [1022:1535] type 00 class 0x060000
[    1.702902] pci 0000:01:00.0: [168c:0032] type 00 class 0x028000
[    1.702960] pci 0000:01:00.0: reg 0x10: [mem 0xfea00000-0xfea7ffff 64bit]
[    1.703023] pci 0000:01:00.0: reg 0x30: [mem 0xfea80000-0xfea8ffff pref]
[    1.703207] pci 0000:01:00.0: supports D1 D2
[    1.703217] pci 0000:01:00.0: PME# supported from D0 D1 D2 D3hot D3cold
[    1.707063] pci 0000:00:02.2: PCI bridge to [bus 01]
[    1.707063] pci 0000:00:02.2:   bridge window [mem 0xfea00000-0xfeafffff]
[    1.707063] pci 0000:02:00.0: [10ec:8136] type 00 class 0x020000
[    1.707063] pci 0000:02:00.0: reg 0x10: [io  0xe000-0xe0ff]
[    1.707063] pci 0000:02:00.0: reg 0x18: [mem 0xd0804000-0xd0804fff 64bit pref]
[    1.707063] pci 0000:02:00.0: reg 0x20: [mem 0xd0800000-0xd0803fff 64bit pref]
[    1.707063] pci 0000:02:00.0: supports D1 D2
[    1.707063] pci 0000:02:00.0: PME# supported from D0 D1 D2 D3hot D3cold
[    1.708109] pci 0000:00:02.3: PCI bridge to [bus 02]
[    1.708109] pci 0000:00:02.3:   bridge window [io  0xe000-0xefff]
[    1.708109] pci 0000:00:02.3:   bridge window [mem 0xd0800000-0xd08fffff 64bit pref]
[    1.728433] ACPI: PCI Interrupt Link [LNKA] (IRQs 4 7 10 11 14 15) *0
[    1.728663] ACPI: PCI Interrupt Link [LNKB] (IRQs 4 7 10 11 14 15) *0
[    1.728890] ACPI: PCI Interrupt Link [LNKC] (IRQs 4 7 10 11 14 15) *0
[    1.729112] ACPI: PCI Interrupt Link [LNKD] (IRQs 4 7 10 11 14 15) *0
[    1.729302] ACPI: PCI Interrupt Link [LNKE] (IRQs 4 7 10 11 14 15) *0
[    1.729458] ACPI: PCI Interrupt Link [LNKF] (IRQs 4 7 10 11 14 15) *0
[    1.729615] ACPI: PCI Interrupt Link [LNKG] (IRQs 4 7 10 11 14 15) *0
[    1.729770] ACPI: PCI Interrupt Link [LNKH] (IRQs 4 7 10 11 14 15) *0
[    1.731066] ACPI: EC: interrupt unblocked
[    1.731091] ACPI: EC: event unblocked
[    1.731109] ACPI: \_SB_.PCI0.SBRG.EC0_: GPE=0x3, EC_CMD/EC_SC=0x66, EC_DATA=0x62
[    1.731122] ACPI: \_SB_.PCI0.SBRG.EC0_: Boot DSDT EC used to handle transactions and events
[    1.731532] pci 0000:00:01.0: vgaarb: setting as boot VGA device
[    1.731532] pci 0000:00:01.0: vgaarb: VGA device added: decodes=io+mem,owns=io+mem,locks=none
[    1.731532] pci 0000:00:01.0: vgaarb: bridge control possible
[    1.731532] vgaarb: loaded
[    1.731532] SCSI subsystem initialized
[    1.732707] libata version 3.00 loaded.
[    1.732707] ACPI: bus type USB registered
[    1.732707] usbcore: registered new interface driver usbfs
[    1.732707] usbcore: registered new interface driver hub
[    1.732707] usbcore: registered new device driver usb
[    1.732707] pps_core: LinuxPPS API ver. 1 registered
[    1.732707] pps_core: Software ver. 5.3.6 - Copyright 2005-2007 Rodolfo Giometti <giometti@linux.it>
[    1.732707] PTP clock support registered
[    1.733656] EDAC MC: Ver: 3.0.0
[    1.734401] Registered efivars operations
[    1.738108] Advanced Linux Sound Architecture Driver Initialized.
[    1.738108] PCI: Using ACPI for IRQ routing
[    1.744979] PCI: pci_cache_line_size set to 64 bytes
[    1.745088] e820: reserve RAM buffer [mem 0x9d0f8000-0x9fffffff]
[    1.745094] e820: reserve RAM buffer [mem 0x9d371000-0x9fffffff]
[    1.745099] e820: reserve RAM buffer [mem 0x9e9cc000-0x9fffffff]
[    1.745103] e820: reserve RAM buffer [mem 0x9eb25000-0x9fffffff]
[    1.745106] e820: reserve RAM buffer [mem 0x9f081000-0x9fffffff]
[    1.745109] e820: reserve RAM buffer [mem 0x9f400000-0x9fffffff]
[    1.745112] e820: reserve RAM buffer [mem 0x13f000000-0x13fffffff]
[    1.745462] NetLabel: Initializing
[    1.745472] NetLabel:  domain hash size = 128
[    1.745478] NetLabel:  protocols = UNLABELED CIPSOv4 CALIPSO
[    1.745532] NetLabel:  unlabeled traffic allowed by default
[    1.749521] hpet0: at MMIO 0xfed00000, IRQs 2, 8, 0
[    1.749521] hpet0: 3 comparators, 32-bit 14.318180 MHz counter
[    1.758088] clocksource: Switched to clocksource tsc-early
[    1.808886] VFS: Disk quotas dquot_6.6.0
[    1.808955] VFS: Dquot-cache hash table entries: 512 (order 0, 4096 bytes)
[    1.809048] *** VALIDATE hugetlbfs ***
[    1.809159] pnp: PnP ACPI init
[    1.809649] system 00:00: [mem 0xe0000000-0xefffffff] has been reserved
[    1.809742] system 00:00: Plug and Play ACPI device, IDs PNP0c01 (active)
[    1.810004] system 00:01: [mem 0xa0000000-0xbfffffff] has been reserved
[    1.810079] system 00:01: Plug and Play ACPI device, IDs PNP0c02 (active)
[    1.810346] system 00:02: Plug and Play ACPI device, IDs PNP0c02 (active)
[    1.810491] pnp 00:03: Plug and Play ACPI device, IDs PNP0b00 (active)
[    1.810731] system 00:04: [io  0x04d0-0x04d1] has been reserved
[    1.810806] system 00:04: Plug and Play ACPI device, IDs PNP0c02 (active)
[    1.811072] pnp 00:05: Plug and Play ACPI device, IDs ETD0108 SYN0a00 SYN0002 PNP0f03 PNP0f13 PNP0f12 (active)
[    1.811247] pnp 00:06: Plug and Play ACPI device, IDs ATK3001 PNP030b (active)
[    1.812057] system 00:07: [io  0x04d0-0x04d1] has been reserved
[    1.812072] system 00:07: [io  0x040b] has been reserved
[    1.812084] system 00:07: [io  0x04d6] has been reserved
[    1.812095] system 00:07: [io  0x0c00-0x0c01] has been reserved
[    1.812106] system 00:07: [io  0x0c14] has been reserved
[    1.812117] system 00:07: [io  0x0c50-0x0c51] has been reserved
[    1.812128] system 00:07: [io  0x0c52] has been reserved
[    1.812139] system 00:07: [io  0x0c6c] has been reserved
[    1.812149] system 00:07: [io  0x0c6f] has been reserved
[    1.812160] system 00:07: [io  0x0cd0-0x0cd1] has been reserved
[    1.812171] system 00:07: [io  0x0cd2-0x0cd3] has been reserved
[    1.812182] system 00:07: [io  0x0cd4-0x0cd5] has been reserved
[    1.812192] system 00:07: [io  0x0cd6-0x0cd7] has been reserved
[    1.812203] system 00:07: [io  0x0cd8-0x0cdf] has been reserved
[    1.812214] system 00:07: [io  0x0800-0x089f] has been reserved
[    1.812225] system 00:07: [io  0x0900-0x090f] has been reserved
[    1.812236] system 00:07: [io  0x0910-0x091f] has been reserved
[    1.812247] system 00:07: [io  0xfe00-0xfefe] has been reserved
[    1.812261] system 00:07: [mem 0xfec00000-0xfec00fff] could not be reserved
[    1.812273] system 00:07: [mem 0xfee00000-0xfee00fff] has been reserved
[    1.812286] system 00:07: [mem 0xfed80000-0xfed8ffff] has been reserved
[    1.812297] system 00:07: [mem 0xfed61000-0xfed70fff] has been reserved
[    1.812314] system 00:07: [mem 0xfec10000-0xfec10fff] has been reserved
[    1.812326] system 00:07: [mem 0xfed00000-0xfed00fff] could not be reserved
[    1.812339] system 00:07: [mem 0xff000000-0xffffffff] has been reserved
[    1.812412] system 00:07: Plug and Play ACPI device, IDs PNP0c02 (active)
[    1.813257] pnp: PnP ACPI: found 8 devices
[    1.828383] clocksource: acpi_pm: mask: 0xffffff max_cycles: 0xffffff, max_idle_ns: 2085701024 ns
[    1.829120] pci 0000:00:02.2: PCI bridge to [bus 01]
[    1.829141] pci 0000:00:02.2:   bridge window [mem 0xfea00000-0xfeafffff]
[    1.829160] pci 0000:00:02.3: PCI bridge to [bus 02]
[    1.829173] pci 0000:00:02.3:   bridge window [io  0xe000-0xefff]
[    1.829190] pci 0000:00:02.3:   bridge window [mem 0xd0800000-0xd08fffff 64bit pref]
[    1.829213] pci_bus 0000:00: resource 4 [io  0x0000-0x03af window]
[    1.829225] pci_bus 0000:00: resource 5 [io  0x03e0-0x0cf7 window]
[    1.829235] pci_bus 0000:00: resource 6 [io  0x03b0-0x03df window]
[    1.829246] pci_bus 0000:00: resource 7 [io  0x0d00-0xffff window]
[    1.829257] pci_bus 0000:00: resource 8 [mem 0x000a0000-0x000bffff window]
[    1.829268] pci_bus 0000:00: resource 9 [mem 0x000c0000-0x000dffff window]
[    1.829279] pci_bus 0000:00: resource 10 [mem 0xc0000000-0xffffffff window]
[    1.829290] pci_bus 0000:01: resource 1 [mem 0xfea00000-0xfeafffff]
[    1.829301] pci_bus 0000:02: resource 0 [io  0xe000-0xefff]
[    1.829311] pci_bus 0000:02: resource 2 [mem 0xd0800000-0xd08fffff 64bit pref]
[    1.829576] NET: Registered protocol family 2
[    1.848225] tcp_listen_portaddr_hash hash table entries: 2048 (order: 3, 32768 bytes)
[    1.848293] TCP established hash table entries: 32768 (order: 6, 262144 bytes)
[    1.848530] TCP bind hash table entries: 32768 (order: 7, 524288 bytes)
[    1.848769] TCP: Hash tables configured (established 32768 bind 32768)
[    1.848939] UDP hash table entries: 2048 (order: 4, 65536 bytes)
[    1.849011] UDP-Lite hash table entries: 2048 (order: 4, 65536 bytes)
[    1.849189] NET: Registered protocol family 1
[    1.849562] RPC: Registered named UNIX socket transport module.
[    1.849572] RPC: Registered udp transport module.
[    1.849579] RPC: Registered tcp transport module.
[    1.849586] RPC: Registered tcp NFSv4.1 backchannel transport module.
[    1.850187] pci 0000:00:01.0: Video device with shadowed ROM at [mem 0x000c0000-0x000dffff]
[    1.850689] pci 0000:00:12.0: enabling device (0000 -> 0002)
[    1.851298] pci 0000:00:12.2: PME# does not work under D3, disabling it
[    1.851322] pci 0000:00:13.0: enabling device (0000 -> 0002)
[    1.851916] pci 0000:00:13.2: PME# does not work under D3, disabling it
[    1.852003] PCI: CLS 64 bytes, default 64
[    1.852141] PCI-DMA: Using software bounce buffering for IO (SWIOTLB)
[    1.852152] software IO TLB: mapped [mem 0x97989000-0x9b989000] (64MB)
[    1.852349] amd_uncore: AMD NB counters detected
[    1.852365] amd_uncore: AMD LLC counters detected
[    1.852479] LVT offset 0 assigned for vector 0x400
[    1.852567] perf: AMD IBS detected (0x000000ff)
[    1.852587] kvm: no hardware support
[    1.852690] kvm: Nested Virtualization enabled
[    1.852703] kvm: Nested Paging enabled
[    1.853666] check: Scanning for low memory corruption every 60 seconds
[    1.857237] Initialise system trusted keyrings
[    1.857535] workingset: timestamp_bits=56 max_order=20 bucket_order=0
[    1.872677] fuse: init (API version 7.31)
[    1.898185] Key type asymmetric registered
[    1.898201] Asymmetric key parser 'x509' registered
[    1.898284] Block layer SCSI generic (bsg) driver version 0.4 loaded (major 249)
[    1.898297] io scheduler mq-deadline registered
[    1.898305] io scheduler kyber registered
[    1.899276] pcieport 0000:00:02.2: PME: Signaling with IRQ 25
[    1.899707] pcieport 0000:00:02.3: PME: Signaling with IRQ 27
[    1.901375] uvesafb: failed to execute /sbin/v86d
[    1.901388] uvesafb: make sure that the v86d helper is installed and executable
[    1.901400] uvesafb: Getting VBE info block failed (eax=0x4f00, err=-2)
[    1.901409] uvesafb: vbe_init() failed with -22
[    1.901427] uvesafb: probe of uvesafb.0 failed with error -22
[    1.901494] efifb: probing for efifb
[    1.901541] efifb: framebuffer at 0xc0000000, using 4224k, total 4224k
[    1.901551] efifb: mode is 1366x768x32, linelength=5632, pages=1
[    1.901558] efifb: scrolling: redraw
[    1.901567] efifb: Truecolor: size=8:8:8:8, shift=24:16:8:0
[    1.912227] Console: switching to colour frame buffer device 170x48
[    1.922078] fb0: EFI VGA frame buffer device
[    1.938335] ACPI: AC Adapter [AC0] (on-line)
[    1.938606] input: Power Button as /devices/LNXSYSTM:00/LNXSYBUS:00/PNP0C0C:00/input/input0
[    1.938765] ACPI: Power Button [PWRB]
[    1.938951] input: Lid Switch as /devices/LNXSYSTM:00/LNXSYBUS:00/PNP0C0D:00/input/input1
[    1.939096] ACPI: Lid Switch [LID]
[    1.939265] input: Sleep Button as /devices/LNXSYSTM:00/LNXSYBUS:00/PNP0C0E:00/input/input2
[    1.939686] ACPI: Sleep Button [SLPB]
[    1.939868] input: Power Button as /devices/LNXSYSTM:00/LNXPWRBN:00/input/input3
[    1.940091] ACPI: Power Button [PWRF]
[    1.943625] thermal LNXTHERM:00: registered as thermal_zone0
[    1.943730] ACPI: Thermal Zone [THRM] (45 C)
[    1.946581] Serial: 8250/16550 driver, 4 ports, IRQ sharing enabled
[    1.951795] Non-volatile memory driver v1.3
[    1.952055] Linux agpgart interface v0.103
[    1.960086] loop: module loaded
[    1.961067] ahci 0000:00:11.0: version 3.0
[    1.961510] ahci 0000:00:11.0: AHCI 0001.0300 32 slots 2 ports 6 Gbps 0x3 impl SATA mode
[    1.961654] ahci 0000:00:11.0: flags: 64bit ncq sntf ilck pm led clo pmp pio slum part 
[    1.966243] scsi host0: ahci
[    1.970237] scsi host1: ahci
[    1.973643] ata1: SATA max UDMA/133 abar m1024@0xfeb6f000 port 0xfeb6f100 irq 28
[    1.976836] ata2: SATA max UDMA/133 abar m1024@0xfeb6f000 port 0xfeb6f180 irq 28
[    1.981522] tun: Universal TUN/TAP device driver, 1.6
[    1.984987] e1000: Intel(R) PRO/1000 Network Driver - version 7.3.21-k8-NAPI
[    1.988198] e1000: Copyright (c) 1999-2006 Intel Corporation.
[    1.991767] e1000e: Intel(R) PRO/1000 Network Driver - 3.2.6-k
[    1.994907] e1000e: Copyright(c) 1999 - 2015 Intel Corporation.
[    1.998175] sky2: driver version 1.30
[    2.001483] r8169 0000:02:00.0: can't disable ASPM; OS doesn't have ASPM control
[    2.005828] libphy: r8169: probed
[    2.011630] r8169 0000:02:00.0 eth0: RTL8105e, 74:d0:2b:a3:a6:42, XID 40a, IRQ 30
[    2.015536] ath9k 0000:01:00.0: enabling device (0000 -> 0002)
[    2.020704] ath: phy0: Disable PLL PowerSave
[    2.031491] ath: phy0: ASPM enabled: 0x42
[    2.034693] ath: EEPROM regdomain: 0x60
[    2.034695] ath: EEPROM indicates we should expect a direct regpair map
[    2.034701] ath: Country alpha2 being used: 00
[    2.034703] ath: Regpair used: 0x60
[    2.044794] battery: ACPI: Battery Slot [BAT0] (battery present)
[    2.048573] ieee80211 phy0: Selected rate control algorithm 'minstrel_ht'
[    2.049311] ieee80211 phy0: Atheros AR9485 Rev:1 mem=0xffffae59c2f00000, irq=31
[    2.053275] ehci_hcd: USB 2.0 'Enhanced' Host Controller (EHCI) Driver
[    2.056583] ehci-pci: EHCI PCI platform driver
[    2.060475] ehci-pci 0000:00:12.2: EHCI Host Controller
[    2.063893] ehci-pci 0000:00:12.2: new USB bus registered, assigned bus number 1
[    2.067215] ehci-pci 0000:00:12.2: applying AMD SB700/SB800/Hudson-2/3 EHCI dummy qh workaround
[    2.070599] ehci-pci 0000:00:12.2: debug port 1
[    2.074035] ehci-pci 0000:00:12.2: irq 17, io mem 0xfeb6d000
[    2.098137] ehci-pci 0000:00:12.2: USB 2.0 started, EHCI 1.00
[    2.101513] usb usb1: New USB device found, idVendor=1d6b, idProduct=0002, bcdDevice= 5.02
[    2.104827] usb usb1: New USB device strings: Mfr=3, Product=2, SerialNumber=1
[    2.108114] usb usb1: Product: EHCI Host Controller
[    2.111322] usb usb1: Manufacturer: Linux 5.2.0+ ehci_hcd
[    2.114483] usb usb1: SerialNumber: 0000:00:12.2
[    2.117904] hub 1-0:1.0: USB hub found
[    2.120975] hub 1-0:1.0: 4 ports detected
[    2.126133] ehci-pci 0000:00:13.2: EHCI Host Controller
[    2.129333] ehci-pci 0000:00:13.2: new USB bus registered, assigned bus number 2
[    2.132325] ehci-pci 0000:00:13.2: applying AMD SB700/SB800/Hudson-2/3 EHCI dummy qh workaround
[    2.135349] ehci-pci 0000:00:13.2: debug port 1
[    2.138436] ehci-pci 0000:00:13.2: irq 17, io mem 0xfeb6b000
[    2.168123] ehci-pci 0000:00:13.2: USB 2.0 started, EHCI 1.00
[    2.171157] usb usb2: New USB device found, idVendor=1d6b, idProduct=0002, bcdDevice= 5.02
[    2.174191] usb usb2: New USB device strings: Mfr=3, Product=2, SerialNumber=1
[    2.177182] usb usb2: Product: EHCI Host Controller
[    2.180152] usb usb2: Manufacturer: Linux 5.2.0+ ehci_hcd
[    2.183074] usb usb2: SerialNumber: 0000:00:13.2
[    2.186340] hub 2-0:1.0: USB hub found
[    2.189276] hub 2-0:1.0: 4 ports detected
[    2.194195] ohci_hcd: USB 1.1 'Open' Host Controller (OHCI) Driver
[    2.197152] ohci-pci: OHCI PCI platform driver
[    2.200448] ohci-pci 0000:00:12.0: OHCI PCI host controller
[    2.203458] ohci-pci 0000:00:12.0: new USB bus registered, assigned bus number 3
[    2.206464] ohci-pci 0000:00:12.0: irq 18, io mem 0xfeb6e000
[    2.282217] usb usb3: New USB device found, idVendor=1d6b, idProduct=0001, bcdDevice= 5.02
[    2.285192] usb usb3: New USB device strings: Mfr=3, Product=2, SerialNumber=1
[    2.288126] usb usb3: Product: OHCI PCI host controller
[    2.291008] usb usb3: Manufacturer: Linux 5.2.0+ ohci_hcd
[    2.293852] usb usb3: SerialNumber: 0000:00:12.0
[    2.296968] hub 3-0:1.0: USB hub found
[    2.299865] hub 3-0:1.0: 4 ports detected
[    2.304812] ohci-pci 0000:00:13.0: OHCI PCI host controller
[    2.307847] ohci-pci 0000:00:13.0: new USB bus registered, assigned bus number 4
[    2.310714] ohci-pci 0000:00:13.0: irq 18, io mem 0xfeb6c000
[    2.313515] ata2: SATA link down (SStatus 0 SControl 300)
[    2.382224] usb usb4: New USB device found, idVendor=1d6b, idProduct=0001, bcdDevice= 5.02
[    2.385049] usb usb4: New USB device strings: Mfr=3, Product=2, SerialNumber=1
[    2.387866] usb usb4: Product: OHCI PCI host controller
[    2.390658] usb usb4: Manufacturer: Linux 5.2.0+ ohci_hcd
[    2.393415] usb usb4: SerialNumber: 0000:00:13.0
[    2.396466] hub 4-0:1.0: USB hub found
[    2.399260] hub 4-0:1.0: 4 ports detected
[    2.403979] uhci_hcd: USB Universal Host Controller Interface driver
[    2.406816] usbcore: registered new interface driver usblp
[    2.409906] usbcore: registered new interface driver usb-storage
[    2.412659] usbcore: registered new interface driver ch341
[    2.415327] usbserial: USB Serial support registered for ch341-uart
[    2.418267] i8042: PNP: PS/2 Controller [PNP030b:PS2K,PNP0f03:PS2M] at 0x60,0x64 irq 1,12
[    2.422818] i8042: Detected active multiplexing controller, rev 1.1
[    2.426278] serio: i8042 KBD port at 0x60,0x64 irq 1
[    2.429257] serio: i8042 AUX0 port at 0x60,0x64 irq 12
[    2.432088] serio: i8042 AUX1 port at 0x60,0x64 irq 12
[    2.434842] serio: i8042 AUX2 port at 0x60,0x64 irq 12
[    2.437490] serio: i8042 AUX3 port at 0x60,0x64 irq 12
[    2.440631] mousedev: PS/2 mouse device common for all mice
[    2.444044] rtc_cmos 00:03: RTC can wake from S4
[    2.447006] rtc_cmos 00:03: registered as rtc0
[    2.449620] rtc_cmos 00:03: alarms up to one month, y3k, 114 bytes nvram, hpet irqs
[    2.452741] device-mapper: ioctl: 4.40.0-ioctl (2019-01-18) initialised: dm-devel@redhat.com
[    2.455556] EFI Variables Facility v0.08 2004-May-17
[    2.468283] hidraw: raw HID events driver (C) Jiri Kosina
[    2.473712] usbcore: registered new interface driver usbhid
[    2.476459] usbhid: USB HID core driver
[    2.479231] ata1: SATA link up 6.0 Gbps (SStatus 133 SControl 300)
[    2.487919] input: AT Translated Set 2 keyboard as /devices/platform/i8042/serio0/input/input4
[    2.489473] ata1.00: ATA-8: KINGSTON SV300S37A120G, 603ABBF0, max UDMA/133
[    2.492859] snd_hda_intel 0000:00:01.1: enabling device (0000 -> 0002)
[    2.493663] ata1.00: 234441648 sectors, multi 1: LBA48 NCQ (depth 32), AA
[    2.496680] snd_hda_intel 0000:00:01.1: Force to non-snoop mode
[    2.508142] snd_hda_codec_generic hdaudioC0D0: autoconfig for Generic: line_outs=0 (0x0/0x0/0x0/0x0/0x0) type:line
[    2.511114] snd_hda_codec_generic hdaudioC0D0:    speaker_outs=0 (0x0/0x0/0x0/0x0/0x0)
[    2.513902] ata1.00: configured for UDMA/133
[    2.514063] snd_hda_codec_generic hdaudioC0D0:    hp_outs=0 (0x0/0x0/0x0/0x0/0x0)
[    2.520070] snd_hda_codec_generic hdaudioC0D0:    mono: mono_out=0x0
[    2.523077] snd_hda_codec_generic hdaudioC0D0:    dig-out=0x3/0x0
[    2.526043] snd_hda_codec_generic hdaudioC0D0:    inputs:
[    2.529733] scsi 0:0:0:0: Direct-Access     ATA      KINGSTON SV300S3 BBF0 PQ: 0 ANSI: 5
[    2.533574] random: fast init done
[    2.538922] sd 0:0:0:0: [sda] 234441648 512-byte logical blocks: (120 GB/112 GiB)
[    2.541943] sd 0:0:0:0: [sda] Write Protect is off
[    2.544878] sd 0:0:0:0: [sda] Mode Sense: 00 3a 00 00
[    2.545103] sd 0:0:0:0: Attached scsi generic sg0 type 0
[    2.549750] snd_hda_codec_realtek hdaudioC1D0: autoconfig for ALC3229: line_outs=1 (0x14/0x0/0x0/0x0/0x0) type:speaker
[    2.552853] snd_hda_codec_realtek hdaudioC1D0:    speaker_outs=0 (0x0/0x0/0x0/0x0/0x0)
[    2.555957] snd_hda_codec_realtek hdaudioC1D0:    hp_outs=1 (0x21/0x0/0x0/0x0/0x0)
[    2.559079] snd_hda_codec_realtek hdaudioC1D0:    mono: mono_out=0x0
[    2.562137] snd_hda_codec_realtek hdaudioC1D0:    inputs:
[    2.565138] snd_hda_codec_realtek hdaudioC1D0:      Mic=0x19
[    2.568664] Initializing XFRM netlink socket
[    2.572135] NET: Registered protocol family 10
[    2.575540] sd 0:0:0:0: [sda] Write cache: enabled, read cache: enabled, doesn't support DPO or FUA
[    2.580440] Segment Routing with IPv6
[    2.583761] sit: IPv6, IPv4 and MPLS over IPv4 tunneling driver
[    2.587544] NET: Registered protocol family 17
[    2.591171]  sda: sda1 sda2 sda3 sda4 sda5 sda6
[    2.595323] microcode: CPU0: patch_level=0x0700010b
[    2.598488] microcode: CPU1: patch_level=0x0700010b
[    2.602814] sd 0:0:0:0: [sda] Attached SCSI disk
[    2.603178] input: HDA ATI HDMI HDMI as /devices/pci0000:00/0000:00:01.1/sound/card0/input6
[    2.609334] microcode: Microcode Update Driver: v2.2.
[    2.609388] sched_clock: Marking stable (2607722868, 1477974)->(2729139443, -119938601)
[    2.623700] registered taskstats version 1
[    2.626975] Loading compiled-in X.509 certificates
[    2.628334] rq->curr == THREAD(this messg)
[    2.628335] state TASK_RUNNING
[    2.633410] color, tsk->comm, weight, vruntime, state: 1 kworker/0:0 1048576 1947360024 0
[    2.636587] color, tsk->comm, weight, vruntime, state: -123353701534056 rcu_sched 1048576 1947360024 0
[    2.639892] proc in rq 2
[    2.643180] rq->nr_running rq->cfs.nr_running : 3 3
[    2.649553] rq->cfs.load.weight : 3145728
[    2.649555] ----------------^^^^CPU0^^^^^-----------------------
[    2.652681] rq->curr->pid == 1457
[    2.655821] state TASK_RUNNING
[    2.658925] proc in rq 0
[    2.661926] rq->nr_running rq->cfs.nr_running : 1 1
[    2.667792] rq->cfs.load.weight : 1048576
[    2.667794] ----------------^^^^CPU1^^^^^-----------------------
[    2.670701] rq->curr->pid == 0
[    2.673642] state TASK_RUNNING
[    2.676581] proc in rq 0
[    2.679534] rq->nr_running rq->cfs.nr_running : 0 0
[    2.685281] rq->cfs.load.weight : 0
[    2.685282] ----------------^^^^CPU2^^^^^-----------------------
[    2.688105] rq->curr->pid == 0
[    2.690955] state TASK_RUNNING
[    2.693787] proc in rq 0
[    2.696515] rq->nr_running rq->cfs.nr_running : 0 0
[    2.701878] rq->cfs.load.weight : 0
[    2.701880] ----------------^^^^CPU3^^^^^-----------------------
[    2.709577] input: HD-Audio Generic Headphone as /devices/pci0000:00/0000:00:14.2/sound/card1/input14
[    2.716466] acpi_cpufreq: overriding BIOS provided _PSD data
[    2.719713] cfg80211: Loading compiled-in X.509 certificates for regulatory database
[    2.724396] cfg80211: Loaded X.509 cert 'sforshee: 00b28ddf47aef9cea7'
[    2.727335] ALSA device list:
[    2.730263] platform regulatory.0: Direct firmware load for regulatory.db failed with error -2
[    2.733227] cfg80211: failed to load regulatory.db
[    2.736663]   #0: HDA ATI HDMI at 0xfeb64000 irq 33
[    2.739709]   #1: HD-Audio Generic at 0xfeb60000 irq 16
[    2.878064] tsc: Refined TSC clocksource calibration: 998.128 MHz
[    2.881109] clocksource: tsc: mask: 0xffffffffffffffff max_cycles: 0x1cc65d64e77, max_idle_ns: 881590512558 ns
[    2.888104] clocksource: Switched to clocksource tsc
[    3.028108] usb 4-2: new full-speed USB device number 2 using ohci-pci
[    3.301155] usb 4-2: New USB device found, idVendor=13d3, idProduct=3362, bcdDevice= 0.01
[    3.304268] usb 4-2: New USB device strings: Mfr=1, Product=2, SerialNumber=3
[    3.307319] usb 4-2: Product: Bluetooth USB Host Controller
[    3.310377] usb 4-2: Manufacturer: Atheros Communications
[    3.313421] usb 4-2: SerialNumber: Alaska Day 2006
[    3.359466] input: PS/2 Logitech Wheel Mouse as /devices/platform/i8042/serio4/input/input13
[    3.365143] md: Waiting for all devices to be available before autodetect
[    3.368293] md: If you don't use raid, use raid=noautodetect
[    3.371862] md: Autodetecting RAID arrays.
[    3.374909] md: autorun ...
[    3.377920] md: ... autorun DONE.
[    3.388808] EXT4-fs (sda2): mounted filesystem with ordered data mode. Opts: (null)
[    3.391924] VFS: Mounted root (ext4 filesystem) readonly on device 8:2.
[    3.396251] devtmpfs: mounted
[    3.400248] Freeing unused kernel image memory: 1296K
[    3.518118] usb 2-3: new high-speed USB device number 3 using ehci-pci
[    3.678079] rq->curr == THREAD(this messg)
[    3.678080] state TASK_RUNNING
[    3.681238] proc in rq 0
[    3.684346] rq->nr_running rq->cfs.nr_running : 1 1
[    3.690620] rq->cfs.load.weight : 1048576
[    3.690622] ----------------^^^^CPU0^^^^^-----------------------
[    3.693766] rq->curr->pid == 0
[    3.696954] state TASK_RUNNING
[    3.698159] Write protecting the kernel read-only data: 22528k
[    3.700112] proc in rq 0
[    3.700114] rq->nr_running rq->cfs.nr_running : 1 1
[    3.712800] rq->cfs.load.weight : 1048576
[    3.712802] ----------------^^^^CPU1^^^^^-----------------------
[    3.715997] rq->curr->pid == 0
[    3.719229] state TASK_RUNNING
[    3.720394] Freeing unused kernel image memory: 1984K
[    3.722427] proc in rq 0
[    3.722430] rq->nr_running rq->cfs.nr_running : 0 0
[    3.734544] rq->cfs.load.weight : 0
[    3.734546] ----------------^^^^CPU2^^^^^-----------------------
[    3.735544] Freeing unused kernel image memory: 1680K
[    3.737516] rq->curr->pid == 0
[    3.737518] state TASK_RUNNING
[    3.740590] Run /sbin/init as init process
[    3.743405] proc in rq 0
[    3.743408] rq->nr_running rq->cfs.nr_running : 0 0
[    3.757363] rq->cfs.load.weight : 0
[    3.757364] ----------------^^^^CPU3^^^^^-----------------------
[    3.786451] usb 2-3: New USB device found, idVendor=04f2, idProduct=b404, bcdDevice=69.63
[    3.791916] usb 2-3: New USB device strings: Mfr=3, Product=1, SerialNumber=2
[    3.794674] usb 2-3: Product: USB2.0 HD UVC WebCam
[    3.797366] usb 2-3: Manufacturer: Chicony Electronics Co.,Ltd.
[    3.800037] usb 2-3: SerialNumber: 0x0001
[    3.831951] stty (1759) used greatest stack depth: 13800 bytes left
[    3.929312] sed (1773) used greatest stack depth: 13576 bytes left
[    4.089711] ip (1818) used greatest stack depth: 12552 bytes left
[    4.178328] udevd[1848]: starting version 3.2.1
[    4.187223] random: udevd: uninitialized urandom read (16 bytes read)
[    4.191124] random: udevd: uninitialized urandom read (16 bytes read)
[    4.194566] random: udevd: uninitialized urandom read (16 bytes read)
[    4.213257] udevd[1849]: starting eudev-3.2.1
[    4.542436] ath9k 0000:01:00.0 wlp1s0: renamed from wlan0
[    4.593986] r8169 0000:02:00.0 enp2s0: renamed from eth0
[    4.631699] rq->curr->pid == 1849
[    4.631701] state TASK_RUNNING
[    4.634828] color, tsk->comm, weight, vruntime, state: -123353740964327 kworker/u8:3 1048576 3900084370 0
[    4.637870] color, tsk->comm, weight, vruntime, state: -123353739498344 ata_id 1048576 3900240435 0
[    4.641176] color, tsk->comm, weight, vruntime, state: -123353740957415 kworker/u8:3 1048576 3900278182 0
[    4.644419] color, tsk->comm, weight, vruntime, state: -123353740950503 kworker/u8:3 1048576 3900543981 128
[    4.647661] color, tsk->comm, weight, vruntime, state: -123353740950503 kworker/u8:3 1048576 3900569276 128
[    4.650925] color, tsk->comm, weight, vruntime, state: -123353755925480 kworker/u8:3 1048576 3900571354 128
[    4.654109] color, tsk->comm, weight, vruntime, state: -123353755925479 kworker/u8:3 1048576 3900590724 128
[    4.657231] color, tsk->comm, weight, vruntime, state: -123353755925480 kworker/u8:3 1048576 3900569940 128
[    4.660328] color, tsk->comm, weight, vruntime, state: -123353755918567 kworker/u8:3 1048576 3900573815 128
[    4.663399] color, tsk->comm, weight, vruntime, state: -123353755808231 kworker/u8:3 1048576 3900709602 128
[    4.666452] color, tsk->comm, weight, vruntime, state: -123353755808231 kworker/u8:3 1048576 3900810880 128
[    4.669508] color, tsk->comm, weight, vruntime, state: -123353716964328 kworker/u8:3 1048576 3900938630 128
[    4.672500] color, tsk->comm, weight, vruntime, state: -123353755787495 kworker/u8:3 1048576 3900934992 128
[    4.675472] color, tsk->comm, weight, vruntime, state: -123353716964328 kworker/u8:3 1048576 3900936820 128
[    4.678428] color, tsk->comm, weight, vruntime, state: -123353716964328 kworker/u8:3 1048576 3900954387 128
[    4.681309] color, tsk->comm, weight, vruntime, state: -123353716964328 kworker/u8:3 1048576 3900937922 128
[    4.684136] color, tsk->comm, weight, vruntime, state: -123353716964328 kworker/u8:3 1048576 3900940181 128
[    4.686928] color, tsk->comm, weight, vruntime, state: -123353716964328 kworker/u8:3 1048576 3900949670 128
[    4.689735] color, tsk->comm, weight, vruntime, state: -123353716964328 kworker/u8:3 1048576 3900955694 128
[    4.692458] color, tsk->comm, weight, vruntime, state: -123353716964328 kworker/u8:3 1048576 3900956105 128
[    4.695148] color, tsk->comm, weight, vruntime, state: -123353716964328 kworker/u8:3 1048576 3900971407 128
[    4.697792] color, tsk->comm, weight, vruntime, state: -123353716964328 kworker/u8:3 1048576 3900974179 128
[    4.700428] color, tsk->comm, weight, vruntime, state: -123353716971239 kworker/u8:3 1048576 3900934116 128
[    4.702960] color, tsk->comm, weight, vruntime, state: -123353707985895 kworker/u8:3 1048576 3900957870 128
[    4.705412] color, tsk->comm, weight, vruntime, state: -123353716967783 kworker/u8:3 1048576 3900935218 128
[    4.707809] color, tsk->comm, weight, vruntime, state: -123353707985895 kworker/u8:3 1048576 3901233007 128
[    4.710182] color, tsk->comm, weight, vruntime, state: -123353707985895 udevd 1048576 3916565526 0
[    4.712502] proc in rq 27
[    4.714793] rq->nr_running rq->cfs.nr_running : 28 28
[    4.719257] rq->cfs.load.weight : 29360128
[    4.719260] ----------------^^^^CPU0^^^^^-----------------------
[    4.721302] rq->curr == THREAD(this messg)
[    4.723219] state TASK_RUNNING
[    4.725015] color, tsk->comm, weight, vruntime, state: -123353700507879 kworker/1:1 1048576 1636682221 0
[    4.726827] color, tsk->comm, weight, vruntime, state: -123353716974695 udevd 1048576 1636682221 0
[    4.728712] color, tsk->comm, weight, vruntime, state: -123353706187111 ksoftirqd/1 1048576 1636682221 0
[    4.730536] color, tsk->comm, weight, vruntime, state: -123353700507880 udevd 1048576 1636682221 0
[    4.732409] color, tsk->comm, weight, vruntime, state: -123353706187111 kworker/u8:3 1048576 1637283012 0
[    4.734342] color, tsk->comm, weight, vruntime, state: 1 kworker/u8:3 1048576 1643143570 0
[    4.736261] color, tsk->comm, weight, vruntime, state: -123353729364455 udevadm 1048576 1643867176 0
[    4.738169] color, tsk->comm, weight, vruntime, state: -123353716974695 udevd 1048576 1644182219 0
[    4.740107] color, tsk->comm, weight, vruntime, state: -123353729364455 udevd 1048576 1644182219 0
[    4.742014] proc in rq 9
[    4.743912] rq->nr_running rq->cfs.nr_running : 10 10
[    4.747516] rq->cfs.load.weight : 10485760
[    4.747518] ----------------^^^^CPU1^^^^^-----------------------
[    4.749329] rq->curr->pid == 0
[    4.751200] state TASK_RUNNING
[    4.753080] proc in rq 0
[    4.754966] rq->nr_running rq->cfs.nr_running : 0 0
[    4.758860] rq->cfs.load.weight : 0
[    4.758863] ----------------^^^^CPU2^^^^^-----------------------
[    4.760856] rq->curr->pid == 0
[    4.762911] state TASK_RUNNING
[    4.764973] proc in rq 0
[    4.767044] rq->nr_running rq->cfs.nr_running : 0 0
[    4.771272] rq->cfs.load.weight : 0
[    4.771277] ----------------^^^^CPU3^^^^^-----------------------
[    4.772079] [drm] radeon kernel modesetting enabled.
[    4.829140] radeon 0000:00:01.0: remove_conflicting_pci_framebuffers: bar 0: 0xc0000000 -> 0xcfffffff
[    4.831609] radeon 0000:00:01.0: remove_conflicting_pci_framebuffers: bar 2: 0xd0000000 -> 0xd07fffff
[    4.834050] radeon 0000:00:01.0: remove_conflicting_pci_framebuffers: bar 5: 0xfeb00000 -> 0xfeb3ffff
[    4.836495] checking generic (c0000000 420000) vs hw (c0000000 10000000)
[    4.836498] fb0: switching to radeondrmfb from EFI VGA
[    4.879655] Console: switching to colour dummy device 80x25
[    4.879721] radeon 0000:00:01.0: vgaarb: deactivate vga console
[    4.880380] [drm] initializing kernel modesetting (KABINI 0x1002:0x9839 0x1043:0x141D 0x00).
[    4.880435] [drm] doorbell mmio base: 0xD0000000
[    4.880443] [drm] doorbell mmio size: 8388608
[    4.880472] ATOM BIOS: AMD
[    4.880546] [drm] Changing default dispclk from 400Mhz to 600Mhz
[    4.880593] radeon 0000:00:01.0: VRAM: 512M 0x0000000000000000 - 0x000000001FFFFFFF (512M used)
[    4.880608] radeon 0000:00:01.0: GTT: 2048M 0x0000000020000000 - 0x000000009FFFFFFF
[    4.880630] [drm] Detected VRAM RAM=512M, BAR=256M
[    4.880638] [drm] RAM width 128bits DDR
[    4.889252] [TTM] Zone  kernel: Available graphics memory: 1729506 KiB
[    4.889269] [TTM] Initializing pool allocator
[    4.889288] [TTM] Initializing DMA pool allocator
[    4.889360] [drm] radeon: 512M of VRAM memory ready
[    4.889370] [drm] radeon: 2048M of GTT memory ready.
[    4.889409] [drm] Loading kabini Microcode
[    4.895290] [drm] Internal thermal controller without fan control
[    4.896172] [drm] radeon: dpm initialized
[    4.897530] [drm] Found UVD firmware Version: 1.64 Family ID: 9
[    4.902504] [drm] Found VCE firmware/feedback version 40.2.2 / 15!
[    4.902547] [drm] GART: num cpu pages 524288, num gpu pages 524288
[    4.998238] [drm] PCIE GART of 2048M enabled (table at 0x000000000030E000).
[    4.998521] radeon 0000:00:01.0: WB enabled
[    4.998570] radeon 0000:00:01.0: fence driver on ring 0 use gpu addr 0x0000000020000c00 and cpu addr 0x(____ptrval____)
[    4.998588] radeon 0000:00:01.0: fence driver on ring 1 use gpu addr 0x0000000020000c04 and cpu addr 0x(____ptrval____)
[    4.998603] radeon 0000:00:01.0: fence driver on ring 2 use gpu addr 0x0000000020000c08 and cpu addr 0x(____ptrval____)
[    4.998618] radeon 0000:00:01.0: fence driver on ring 3 use gpu addr 0x0000000020000c0c and cpu addr 0x(____ptrval____)
[    4.998632] radeon 0000:00:01.0: fence driver on ring 4 use gpu addr 0x0000000020000c10 and cpu addr 0x(____ptrval____)
[    4.999551] radeon 0000:00:01.0: fence driver on ring 5 use gpu addr 0x0000000000078d30 and cpu addr 0x(____ptrval____)
[    4.999925] radeon 0000:00:01.0: fence driver on ring 6 use gpu addr 0x0000000020000c18 and cpu addr 0x(____ptrval____)
[    4.999940] radeon 0000:00:01.0: fence driver on ring 7 use gpu addr 0x0000000020000c1c and cpu addr 0x(____ptrval____)
[    4.999955] [drm] Supports vblank timestamp caching Rev 2 (21.10.2013).
[    4.999962] [drm] Driver supports precise vblank timestamp query.
[    5.000074] radeon 0000:00:01.0: radeon: using MSI.
[    5.000134] [drm] radeon: irq initialized.
[    5.004000] [drm] ring test on 0 succeeded in 3 usecs
[    5.004101] [drm] ring test on 1 succeeded in 4 usecs
[    5.004140] [drm] ring test on 2 succeeded in 4 usecs
[    5.004468] [drm] ring test on 3 succeeded in 6 usecs
[    5.004486] [drm] ring test on 4 succeeded in 6 usecs
[    5.193750] [drm] ring test on 5 succeeded in 2 usecs
[    5.233187] [drm] UVD initialized successfully.
[    5.344056] [drm] ring test on 6 succeeded in 20 usecs
[    5.344090] [drm] ring test on 7 succeeded in 4 usecs
[    5.344098] [drm] VCE initialized successfully.
[    5.346137] [drm] ib test on ring 0 succeeded in 0 usecs
[    5.346415] [drm] ib test on ring 1 succeeded in 0 usecs
[    5.346687] [drm] ib test on ring 2 succeeded in 0 usecs
[    5.346986] [drm] ib test on ring 3 succeeded in 0 usecs
[    5.347260] [drm] ib test on ring 4 succeeded in 0 usecs
[    5.678069] rq->curr == idle (init_task)
[    5.678072] state TASK_RUNNING
[    5.678093] color, tsk->comm, weight, vruntime, state: 1 kworker/0:0 1048576 4137931800 0
[    5.678100] proc in rq 1
[    5.678111] rq->nr_running rq->cfs.nr_running : 1 1
[    5.678121] rq->cfs.load.weight : 1048576
[    5.678123] ----------------^^^^CPU0^^^^^-----------------------
[    5.678129] rq->curr == THREAD(this messg)
[    5.678135] state TASK_RUNNING
[    5.678142] proc in rq 0
[    5.678148] rq->nr_running rq->cfs.nr_running : 1 1
[    5.678157] rq->cfs.load.weight : 1048576
[    5.678159] ----------------^^^^CPU1^^^^^-----------------------
[    5.678165] rq->curr->pid == 0
[    5.678172] state TASK_RUNNING
[    5.678178] proc in rq 0
[    5.678184] rq->nr_running rq->cfs.nr_running : 0 0
[    5.678194] rq->cfs.load.weight : 0
[    5.678195] ----------------^^^^CPU2^^^^^-----------------------
[    5.678201] rq->curr->pid == 0
[    5.678208] state TASK_RUNNING
[    5.678214] proc in rq 0
[    5.678219] rq->nr_running rq->cfs.nr_running : 0 0
[    5.678229] rq->cfs.load.weight : 0
[    5.678231] ----------------^^^^CPU3^^^^^-----------------------
[    5.868255] [drm] ib test on ring 5 succeeded
[    5.889500] [drm] ib test on ring 6 succeeded
[    5.890502] [drm] ib test on ring 7 succeeded
[    5.938148] [drm] radeon atom DIG backlight initialized
[    5.938171] [drm] Radeon Display Connectors
[    5.938179] [drm] Connector 0:
[    5.938185] [drm]   LVDS-1
[    5.938191] [drm]   HPD1
[    5.938199] [drm]   DDC: 0x6530 0x6530 0x6534 0x6534 0x6538 0x6538 0x653c 0x653c
[    5.938208] [drm]   Encoders:
[    5.938214] [drm]     LCD1: INTERNAL_UNIPHY
[    5.938221] [drm] Connector 1:
[    5.938226] [drm]   HDMI-A-1
[    5.938232] [drm]   HPD2
[    5.938239] [drm]   DDC: 0x6540 0x6540 0x6544 0x6544 0x6548 0x6548 0x654c 0x654c
[    5.938248] [drm]   Encoders:
[    5.938253] [drm]     DFP1: INTERNAL_UNIPHY
[    5.938259] [drm] Connector 2:
[    5.938265] [drm]   VGA-1
[    5.938273] [drm]   DDC: 0x65c0 0x65c0 0x65c4 0x65c4 0x65c8 0x65c8 0x65cc 0x65cc
[    5.938282] [drm]   Encoders:
[    5.938287] [drm]     CRT1: INTERNAL_KLDSCP_DAC1
[    6.638071] rq->curr == idle (init_task)
[    6.638073] state TASK_RUNNING
[    6.638083] proc in rq 0
[    6.638090] rq->nr_running rq->cfs.nr_running : 0 0
[    6.638100] rq->cfs.load.weight : 0
[    6.638102] ----------------^^^^CPU0^^^^^-----------------------
[    6.638107] rq->curr == THREAD(this messg)
[    6.638114] state TASK_RUNNING
[    6.638120] proc in rq 0
[    6.638126] rq->nr_running rq->cfs.nr_running : 1 1
[    6.638136] rq->cfs.load.weight : 1048576
[    6.638137] ----------------^^^^CPU1^^^^^-----------------------
[    6.638144] rq->curr->pid == 0
[    6.638150] state TASK_RUNNING
[    6.638156] proc in rq 0
[    6.638162] rq->nr_running rq->cfs.nr_running : 0 0
[    6.638171] rq->cfs.load.weight : 0
[    6.638173] ----------------^^^^CPU2^^^^^-----------------------
[    6.638179] rq->curr->pid == 0
[    6.638186] state TASK_RUNNING
[    6.638191] proc in rq 0
[    6.638197] rq->nr_running rq->cfs.nr_running : 0 0
[    6.638207] rq->cfs.load.weight : 0
[    6.638208] ----------------^^^^CPU3^^^^^-----------------------
[    7.020230] [drm] fb mappable at 0xC0722000
[    7.020247] [drm] vram apper at 0xC0000000
[    7.020253] [drm] size 4325376
[    7.020259] [drm] fb depth is 24
[    7.020265] [drm]    pitch is 5632
[    7.020566] fbcon: radeondrmfb (fb0) is primary device
[    7.128332] Console: switching to colour frame buffer device 170x48
[    7.138771] radeon 0000:00:01.0: fb0: radeondrmfb frame buffer device
[    7.396252] [drm] Initialized radeon 2.50.0 20080528 for 0000:00:01.0 on minor 0
[    7.482191] Adding 3608572k swap on /dev/sda4.  Priority:1 extents:1 across:3608572k SS
[    7.534639] EXT4-fs (sda2): re-mounted. Opts: (null)
[    7.628137] rq->curr == THREAD(this messg)
[    7.628139] state TASK_RUNNING
[    7.628231] proc in rq 0
[    7.628284] rq->nr_running rq->cfs.nr_running : 1 1
[    7.628404] rq->cfs.load.weight : 1048576
[    7.628405] ----------------^^^^CPU0^^^^^-----------------------
[    7.628471] rq->curr->pid == 15
[    7.628565] state TASK_RUNNING
[    7.628617] proc in rq 0
[    7.628669] rq->nr_running rq->cfs.nr_running : 1 1
[    7.628787] rq->cfs.load.weight : 1048576
[    7.628789] ----------------^^^^CPU1^^^^^-----------------------
[    7.628854] rq->curr->pid == 0
[    7.628949] state TASK_RUNNING
[    7.632284] proc in rq 0
[    7.635606] rq->nr_running rq->cfs.nr_running : 0 0
[    7.642152] rq->cfs.load.weight : 0
[    7.642155] ----------------^^^^CPU2^^^^^-----------------------
[    7.645416] rq->curr->pid == 0
[    7.648752] state TASK_RUNNING
[    7.652035] proc in rq 0
[    7.655277] rq->nr_running rq->cfs.nr_running : 0 0
[    7.661820] rq->cfs.load.weight : 0
[    7.661822] ----------------^^^^CPU3^^^^^-----------------------
[    7.665934] EXT4-fs (sda2): re-mounted. Opts: (null)
[    8.638114] rq->curr->pid == 5
[    8.638116] state TASK_RUNNING
[    8.641456] proc in rq 0
[    8.644760] rq->nr_running rq->cfs.nr_running : 1 1
[    8.644762] rq->cfs.load.weight : 1048576
[    8.644764] ----------------^^^^CPU0^^^^^-----------------------
[    8.644766] rq->curr == THREAD(this messg)
[    8.644768] state TASK_RUNNING
[    8.644769] proc in rq 0
[    8.644771] rq->nr_running rq->cfs.nr_running : 1 1
[    8.644772] rq->cfs.load.weight : 1048576
[    8.644774] ----------------^^^^CPU1^^^^^-----------------------
[    8.644775] rq->curr->pid == 0
[    8.644777] state TASK_RUNNING
[    8.644778] proc in rq 0
[    8.644780] rq->nr_running rq->cfs.nr_running : 0 0
[    8.644781] rq->cfs.load.weight : 0
[    8.644782] ----------------^^^^CPU2^^^^^-----------------------
[    8.644784] rq->curr->pid == 0
[    8.644785] state TASK_RUNNING
[    8.644786] proc in rq 0
[    8.644788] rq->nr_running rq->cfs.nr_running : 0 0
[    8.644789] rq->cfs.load.weight : 0
[    8.644791] ----------------^^^^CPU3^^^^^-----------------------
[    9.683429] rq->curr->pid == 3425
[    9.686123] state TASK_RUNNING
[    9.688895] color, tsk->comm, weight, vruntime, state: -123353718756199 klogd 1048576 6613417387 0
[    9.691573] color, tsk->comm, weight, vruntime, state: -123353700511335 syslogd 1048576 6615252646 0
[    9.691577] color, tsk->comm, weight, vruntime, state: -123353700511335 syslogd 1048576 6614457503 0
[    9.691581] color, tsk->comm, weight, vruntime, state: -123353707675496 syslogd 1048576 6614457504 0
[    9.691584] color, tsk->comm, weight, vruntime, state: -123353700511335 syslogd 1048576 6614457505 0
[    9.691587] color, tsk->comm, weight, vruntime, state: -123353716960871 syslogd 1048576 6614457505 0
[    9.691590] color, tsk->comm, weight, vruntime, state: -123353718664807 syslogd 1048576 6614457505 0
[    9.691593] color, tsk->comm, weight, vruntime, state: -123353707675496 syslogd 1048576 6614457506 0
[    9.691595] color, tsk->comm, weight, vruntime, state: -123353718664807 syslogd 1048576 6614521523 0
[    9.691598] color, tsk->comm, weight, vruntime, state: 1 syslogd 1048576 6614720415 0
[    9.691601] color, tsk->comm, weight, vruntime, state: -123353716967783 syslogd 1048576 6615033127 0
[    9.691604] color, tsk->comm, weight, vruntime, state: -123353716960871 syslogd 1048576 6615540876 0
[    9.691608] color, tsk->comm, weight, vruntime, state: -123353704955752 syslogd 1048576 6616275315 0
[    9.691609] proc in rq 13
[    9.691611] rq->nr_running rq->cfs.nr_running : 14 14
[    9.691612] rq->cfs.load.weight : 14680064
[    9.691614] ----------------^^^^CPU0^^^^^-----------------------
[    9.691615] rq->curr == THREAD(this messg)
[    9.691617] state TASK_RUNNING
[    9.691622] color, tsk->comm, weight, vruntime, state: -123353716971240 rcu_sched 1048576 6631491402 0
[    9.691625] color, tsk->comm, weight, vruntime, state: -123353715212135 syslogd 1048576 6637491402 0
[    9.691628] color, tsk->comm, weight, vruntime, state: -123353716971240 syslogd 1048576 6637815102 0
[    9.691631] color, tsk->comm, weight, vruntime, state: -123353715198311 syslogd 1048576 6638265372 0
[    9.691634] color, tsk->comm, weight, vruntime, state: -123353715212135 syslogd 1048576 6638521167 0
[    9.691637] color, tsk->comm, weight, vruntime, state: 1 syslogd 1048576 6638888641 0
[    9.691640] color, tsk->comm, weight, vruntime, state: -123353715191400 syslogd 1048576 6638991398 0
[    9.691643] color, tsk->comm, weight, vruntime, state: -123353700521703 syslogd 1048576 6638991399 0
[    9.691646] color, tsk->comm, weight, vruntime, state: -123353715198311 syslogd 1048576 6638991400 0
[    9.691649] color, tsk->comm, weight, vruntime, state: -123353707654759 syslogd 1048576 6638991400 0
[    9.691651] color, tsk->comm, weight, vruntime, state: -123353700521704 syslogd 1048576 6638991400 0
[    9.691654] color, tsk->comm, weight, vruntime, state: -123353704928104 syslogd 1048576 6638991400 0
[    9.691657] color, tsk->comm, weight, vruntime, state: -123353707654759 syslogd 1048576 6638991400 0
[    9.691659] color, tsk->comm, weight, vruntime, state: -123353704928104 syslogd 1048576 6638991401 0
[    9.691661] proc in rq 14
[    9.691663] rq->nr_running rq->cfs.nr_running : 15 15
[    9.691664] rq->cfs.load.weight : 15728640
[    9.691665] ----------------^^^^CPU1^^^^^-----------------------
[    9.691667] rq->curr->pid == 0
[    9.691668] state TASK_RUNNING
[    9.691669] proc in rq 0
[    9.691671] rq->nr_running rq->cfs.nr_running : 0 0
[    9.691672] rq->cfs.load.weight : 0
[    9.691674] ----------------^^^^CPU2^^^^^-----------------------
[    9.691676] rq->curr->pid == 0
[    9.691677] state TASK_RUNNING
[    9.691678] proc in rq 0
[    9.691680] rq->nr_running rq->cfs.nr_running : 0 0
[    9.691681] rq->cfs.load.weight : 0
[    9.691683] ----------------^^^^CPU3^^^^^-----------------------
[   10.370854] urandom_read: 6 callbacks suppressed
[   10.370860] random: wpa_supplicant: uninitialized urandom read (32 bytes read)
[   10.638148] rq->curr == THREAD(this messg)
[   10.638152] state TASK_RUNNING
[   10.640818] proc in rq 0
[   10.643489] rq->nr_running rq->cfs.nr_running : 1 1
[   10.648950] rq->cfs.load.weight : 1048576
[   10.648952] ----------------^^^^CPU0^^^^^-----------------------
[   10.651631] rq->curr->pid == 4592
[   10.654378] state TASK_RUNNING
[   10.657077] proc in rq 0
[   10.659757] rq->nr_running rq->cfs.nr_running : 0 0
[   10.665027] rq->cfs.load.weight : 0
[   10.665029] ----------------^^^^CPU1^^^^^-----------------------
[   10.667604] rq->curr->pid == 0
[   10.670248] state TASK_RUNNING
[   10.672889] proc in rq 0
[   10.675538] rq->nr_running rq->cfs.nr_running : 0 0
[   10.680876] rq->cfs.load.weight : 0
[   10.680878] ----------------^^^^CPU2^^^^^-----------------------
[   10.683529] rq->curr->pid == 0
[   10.686269] state TASK_RUNNING
[   10.689026] proc in rq 0
[   10.691792] rq->nr_running rq->cfs.nr_running : 0 0
[   10.697414] rq->cfs.load.weight : 0
[   10.697416] ----------------^^^^CPU3^^^^^-----------------------
[   11.658069] rq->curr == idle (init_task)
[   11.661049] state TASK_RUNNING
[   11.663944] proc in rq 0
[   11.666813] rq->nr_running rq->cfs.nr_running : 0 0
[   11.672552] rq->cfs.load.weight : 0
[   11.672554] ----------------^^^^CPU0^^^^^-----------------------
[   11.675430] rq->curr == THREAD(this messg)
[   11.678390] state TASK_RUNNING
[   11.681350] proc in rq 0
[   11.684254] rq->nr_running rq->cfs.nr_running : 1 1
[   11.690052] rq->cfs.load.weight : 1048576
[   11.690053] ----------------^^^^CPU1^^^^^-----------------------
[   11.692962] rq->curr->pid == 0
[   11.695910] state TASK_RUNNING
[   11.698874] proc in rq 0
[   11.701830] rq->nr_running rq->cfs.nr_running : 0 0
[   11.707647] rq->cfs.load.weight : 0
[   11.707649] ----------------^^^^CPU2^^^^^-----------------------
[   11.710588] rq->curr->pid == 0
[   11.713584] state TASK_RUNNING
[   11.716443] proc in rq 0
[   11.719200] rq->nr_running rq->cfs.nr_running : 0 0
[   11.724538] rq->cfs.load.weight : 0
[   11.724540] ----------------^^^^CPU3^^^^^-----------------------
[   11.726279] wlp1s0: authenticate with 64:66:b3:cd:9a:3a
[   11.751334] wlp1s0: send auth to 64:66:b3:cd:9a:3a (try 1/3)
[   11.757053] wlp1s0: authenticated
[   11.768137] wlp1s0: associate with 64:66:b3:cd:9a:3a (try 1/3)
[   11.775255] wlp1s0: RX AssocResp from 64:66:b3:cd:9a:3a (capab=0x431 status=0 aid=1)
[   11.779182] wlp1s0: associated
[   12.048240] IPv6: ADDRCONF(NETDEV_CHANGE): wlp1s0: link becomes ready
[   12.125403] udevd (1930) used greatest stack depth: 11992 bytes left
[   12.638076] rq->curr == idle (init_task)
[   12.638078] state TASK_RUNNING
[   12.640868] proc in rq 0
[   12.643610] rq->nr_running rq->cfs.nr_running : 0 0
[   12.649066] rq->cfs.load.weight : 0
[   12.649069] ----------------^^^^CPU0^^^^^-----------------------
[   12.651840] rq->curr == THREAD(this messg)
[   12.654652] state TASK_RUNNING
[   12.657436] color, tsk->comm, weight, vruntime, state: 1 syslogd 1048576 9054391386 0
[   12.660263] color, tsk->comm, weight, vruntime, state: 1 syslogd 1048576 7373759671 128
[   12.663155] proc in rq 2
[   12.665976] rq->nr_running rq->cfs.nr_running : 3 3
[   12.671761] rq->cfs.load.weight : 3145728
[   12.671765] ----------------^^^^CPU1^^^^^-----------------------
[   12.674622] rq->curr->pid == 0
[   12.677507] state TASK_RUNNING
[   12.680384] proc in rq 0
[   12.683234] rq->nr_running rq->cfs.nr_running : 0 0
[   12.688896] rq->cfs.load.weight : 0
[   12.688899] ----------------^^^^CPU2^^^^^-----------------------
[   12.691746] rq->curr->pid == 0
[   12.694620] state TASK_RUNNING
[   12.697448] proc in rq 0
[   12.700266] rq->nr_running rq->cfs.nr_running : 0 0
[   12.705929] rq->cfs.load.weight : 0
[   12.705933] ----------------^^^^CPU3^^^^^-----------------------
[   13.748069] rq->curr == idle (init_task)
[   13.750951] state TASK_RUNNING
[   13.753789] proc in rq 0
[   13.756586] rq->nr_running rq->cfs.nr_running : 0 0
[   13.762292] rq->cfs.load.weight : 0
[   13.762296] ----------------^^^^CPU0^^^^^-----------------------
[   13.765137] rq->curr == THREAD(this messg)
[   13.768016] state TASK_RUNNING
[   13.770903] proc in rq 0
[   13.773758] rq->nr_running rq->cfs.nr_running : 1 1
[   13.779470] rq->cfs.load.weight : 1048576
[   13.779472] ----------------^^^^CPU1^^^^^-----------------------
[   13.782351] rq->curr->pid == 0
[   13.785347] state TASK_RUNNING
[   13.788232] proc in rq 0
[   13.791076] rq->nr_running rq->cfs.nr_running : 0 0
[   13.796663] rq->cfs.load.weight : 0
[   13.796665] ----------------^^^^CPU2^^^^^-----------------------
[   13.799476] rq->curr->pid == 0
[   13.802315] state TASK_RUNNING
[   13.805075] proc in rq 0
[   13.807773] rq->nr_running rq->cfs.nr_running : 0 0
[   13.813139] rq->cfs.load.weight : 0
[   13.813143] ----------------^^^^CPU3^^^^^-----------------------
[   14.638072] rq->curr == idle (init_task)
[   14.640867] state TASK_RUNNING
[   14.643581] proc in rq 0
[   14.646272] rq->nr_running rq->cfs.nr_running : 0 0
[   14.651644] rq->cfs.load.weight : 0
[   14.651648] ----------------^^^^CPU0^^^^^-----------------------
[   14.654314] rq->curr == THREAD(this messg)
[   14.656973] state TASK_RUNNING
[   14.659689] color, tsk->comm, weight, vruntime, state: 1 kworker/1:1 1048576 11055322346 0
[   14.662342] proc in rq 1
[   14.665082] rq->nr_running rq->cfs.nr_running : 2 2
[   14.670532] rq->cfs.load.weight : 2097152
[   14.670534] ----------------^^^^CPU1^^^^^-----------------------
[   14.673259] rq->curr->pid == 0
[   14.676021] state TASK_RUNNING
[   14.678802] proc in rq 0
[   14.681565] rq->nr_running rq->cfs.nr_running : 0 0
[   14.686983] rq->cfs.load.weight : 0
[   14.686985] ----------------^^^^CPU2^^^^^-----------------------
[   14.689692] rq->curr->pid == 0
[   14.692479] state TASK_RUNNING
[   14.695237] proc in rq 0
[   14.697958] rq->nr_running rq->cfs.nr_running : 0 0
[   14.703442] rq->cfs.load.weight : 0
[   14.703445] ----------------^^^^CPU3^^^^^-----------------------
[   15.738074] rq->curr == idle (init_task)
[   15.740826] state TASK_RUNNING
[   15.743572] proc in rq 0
[   15.746295] rq->nr_running rq->cfs.nr_running : 0 0
[   15.751772] rq->cfs.load.weight : 0
[   15.751776] ----------------^^^^CPU0^^^^^-----------------------
[   15.754472] rq->curr == THREAD(this messg)
[   15.757207] state TASK_RUNNING
[   15.759986] proc in rq 0
[   15.762756] rq->nr_running rq->cfs.nr_running : 1 1
[   15.768212] rq->cfs.load.weight : 1048576
[   15.768214] ----------------^^^^CPU1^^^^^-----------------------
[   15.770933] rq->curr->pid == 0
[   15.773685] state TASK_RUNNING
[   15.776429] proc in rq 0
[   15.779179] rq->nr_running rq->cfs.nr_running : 0 0
[   15.784657] rq->cfs.load.weight : 0
[   15.784661] ----------------^^^^CPU2^^^^^-----------------------
[   15.787337] rq->curr->pid == 0
[   15.790114] state TASK_RUNNING
[   15.792899] proc in rq 0
[   15.795630] rq->nr_running rq->cfs.nr_running : 0 0
[   15.801102] rq->cfs.load.weight : 0
[   15.801105] ----------------^^^^CPU3^^^^^-----------------------
[   16.638070] rq->curr == idle (init_task)
[   16.640818] state TASK_RUNNING
[   16.643563] proc in rq 0
[   16.646285] rq->nr_running rq->cfs.nr_running : 0 0
[   16.651847] rq->cfs.load.weight : 0
[   16.651850] ----------------^^^^CPU0^^^^^-----------------------
[   16.654547] rq->curr == THREAD(this messg)
[   16.657284] state TASK_RUNNING
[   16.659998] color, tsk->comm, weight, vruntime, state: 1 kworker/1:1 1048576 13044345028 0
[   16.662651] proc in rq 1
[   16.665398] rq->nr_running rq->cfs.nr_running : 2 2
[   16.670889] rq->cfs.load.weight : 2097152
[   16.670892] ----------------^^^^CPU1^^^^^-----------------------
[   16.673587] rq->curr->pid == 0
[   16.676339] state TASK_RUNNING
[   16.679122] proc in rq 0
[   16.681890] rq->nr_running rq->cfs.nr_running : 0 0
[   16.687326] rq->cfs.load.weight : 0
[   16.687329] ----------------^^^^CPU2^^^^^-----------------------
[   16.690044] rq->curr->pid == 0
[   16.692843] state TASK_RUNNING
[   16.695609] proc in rq 0
[   16.698370] rq->nr_running rq->cfs.nr_running : 0 0
[   16.703844] rq->cfs.load.weight : 0
[   16.703847] ----------------^^^^CPU3^^^^^-----------------------
[   17.738069] rq->curr == idle (init_task)
[   17.740824] state TASK_RUNNING
[   17.743573] proc in rq 0
[   17.746300] rq->nr_running rq->cfs.nr_running : 0 0
[   17.751783] rq->cfs.load.weight : 0
[   17.751786] ----------------^^^^CPU0^^^^^-----------------------
[   17.754487] rq->curr == THREAD(this messg)
[   17.757233] state TASK_RUNNING
[   17.760021] proc in rq 0
[   17.762799] rq->nr_running rq->cfs.nr_running : 1 1
[   17.768266] rq->cfs.load.weight : 1048576
[   17.768268] ----------------^^^^CPU1^^^^^-----------------------
[   17.770997] rq->curr->pid == 0
[   17.773755] state TASK_RUNNING
[   17.776505] proc in rq 0
[   17.779294] rq->nr_running rq->cfs.nr_running : 0 0
[   17.784779] rq->cfs.load.weight : 0
[   17.784782] ----------------^^^^CPU2^^^^^-----------------------
[   17.787464] rq->curr->pid == 0
[   17.790319] state TASK_RUNNING
[   17.793108] proc in rq 0
[   17.795843] rq->nr_running rq->cfs.nr_running : 0 0
[   17.801329] rq->cfs.load.weight : 0
[   17.801332] ----------------^^^^CPU3^^^^^-----------------------
[   18.638071] rq->curr == idle (init_task)
[   18.640830] state TASK_RUNNING
[   18.643581] proc in rq 0
[   18.646310] rq->nr_running rq->cfs.nr_running : 0 0
[   18.651797] rq->cfs.load.weight : 0
[   18.651801] ----------------^^^^CPU0^^^^^-----------------------
[   18.654504] rq->curr == THREAD(this messg)
[   18.657248] state TASK_RUNNING
[   18.659972] color, tsk->comm, weight, vruntime, state: 1 kworker/1:1 1048576 15044201968 0
[   18.662628] proc in rq 1
[   18.665377] rq->nr_running rq->cfs.nr_running : 2 2
[   18.670873] rq->cfs.load.weight : 2097152
[   18.670876] ----------------^^^^CPU1^^^^^-----------------------
[   18.673571] rq->curr->pid == 0
[   18.676324] state TASK_RUNNING
[   18.679103] proc in rq 0
[   18.681870] rq->nr_running rq->cfs.nr_running : 0 0
[   18.687300] rq->cfs.load.weight : 0
[   18.687302] ----------------^^^^CPU2^^^^^-----------------------
[   18.690014] rq->curr->pid == 0
[   18.692810] state TASK_RUNNING
[   18.695573] proc in rq 0
[   18.698337] rq->nr_running rq->cfs.nr_running : 0 0
[   18.703903] rq->cfs.load.weight : 0
[   18.703906] ----------------^^^^CPU3^^^^^-----------------------
[   19.738074] rq->curr == idle (init_task)
[   19.740831] state TASK_RUNNING
[   19.743579] proc in rq 0
[   19.746305] rq->nr_running rq->cfs.nr_running : 0 0
[   19.751785] rq->cfs.load.weight : 0
[   19.751788] ----------------^^^^CPU0^^^^^-----------------------
[   19.754488] rq->curr == THREAD(this messg)
[   19.757227] state TASK_RUNNING
[   19.760008] proc in rq 0
[   19.762776] rq->nr_running rq->cfs.nr_running : 1 1
[   19.768229] rq->cfs.load.weight : 1048576
[   19.768231] ----------------^^^^CPU1^^^^^-----------------------
[   19.770956] rq->curr->pid == 0
[   19.773712] state TASK_RUNNING
[   19.776459] proc in rq 0
[   19.779215] rq->nr_running rq->cfs.nr_running : 0 0
[   19.784698] rq->cfs.load.weight : 0
[   19.784701] ----------------^^^^CPU2^^^^^-----------------------
[   19.787381] rq->curr->pid == 0
[   19.790165] state TASK_RUNNING
[   19.792954] proc in rq 0
[   19.795686] rq->nr_running rq->cfs.nr_running : 0 0
[   19.801162] rq->cfs.load.weight : 0
[   19.801165] ----------------^^^^CPU3^^^^^-----------------------
[   20.638071] rq->curr == idle (init_task)
[   20.640823] state TASK_RUNNING
[   20.643570] proc in rq 0
[   20.646344] rq->nr_running rq->cfs.nr_running : 0 0
[   20.651821] rq->cfs.load.weight : 0
[   20.651825] ----------------^^^^CPU0^^^^^-----------------------
[   20.654522] rq->curr == THREAD(this messg)
[   20.657259] state TASK_RUNNING
[   20.659976] color, tsk->comm, weight, vruntime, state: 1 kworker/1:1 1048576 17043979152 0
[   20.662624] proc in rq 1
[   20.665362] rq->nr_running rq->cfs.nr_running : 2 2
[   20.670848] rq->cfs.load.weight : 2097152
[   20.670851] ----------------^^^^CPU1^^^^^-----------------------
[   20.673541] rq->curr->pid == 0
[   20.676292] state TASK_RUNNING
[   20.679067] proc in rq 0
[   20.681830] rq->nr_running rq->cfs.nr_running : 0 0
[   20.687260] rq->cfs.load.weight : 0
[   20.687261] ----------------^^^^CPU2^^^^^-----------------------
[   20.689970] rq->curr->pid == 0
[   20.692765] state TASK_RUNNING
[   20.695527] proc in rq 0
[   20.698284] rq->nr_running rq->cfs.nr_running : 0 0
[   20.703750] rq->cfs.load.weight : 0
[   20.703753] ----------------^^^^CPU3^^^^^-----------------------
[   29.594682] random: crng init done
