[    0.000000] Linux version 5.2.0-rc1+ (root@(none)) (gcc version 9.0.1 20190416 (experimental) (GCC)) #102 SMP Thu May 23 13:13:48 +05 2019
[    0.000000] Command line: BOOT_IMAGE=/boot/bzImage root=/dev/sda2 ro
[    0.000000] x86/fpu: Supporting XSAVE feature 0x001: 'x87 floating point registers'
[    0.000000] x86/fpu: Supporting XSAVE feature 0x002: 'SSE registers'
[    0.000000] x86/fpu: Supporting XSAVE feature 0x004: 'AVX registers'
[    0.000000] x86/fpu: xstate_offset[2]:  576, xstate_sizes[2]:  256
[    0.000000] x86/fpu: Enabled xstate features 0x7, context size is 832 bytes, using 'standard' format.
[    0.000000] BIOS-provided physical RAM map:
[    0.000000] BIOS-e820: [mem 0x0000000000000000-0x000000000009ffff] usable
[    0.000000] BIOS-e820: [mem 0x0000000000100000-0x000000009d0f7fff] usable
[    0.000000] BIOS-e820: [mem 0x000000009d0f8000-0x000000009d127fff] reserved
[    0.000000] BIOS-e820: [mem 0x000000009d128000-0x000000009d370fff] usable
[    0.000000] BIOS-e820: [mem 0x000000009d371000-0x000000009dc56fff] ACPI NVS
[    0.000000] BIOS-e820: [mem 0x000000009dc57000-0x000000009e959fff] reserved
[    0.000000] BIOS-e820: [mem 0x000000009e95a000-0x000000009e9cafff] type 20
[    0.000000] BIOS-e820: [mem 0x000000009e9cb000-0x000000009e9cbfff] usable
[    0.000000] BIOS-e820: [mem 0x000000009e9cc000-0x000000009e9d3fff] ACPI NVS
[    0.000000] BIOS-e820: [mem 0x000000009e9d4000-0x000000009eb24fff] usable
[    0.000000] BIOS-e820: [mem 0x000000009eb25000-0x000000009f041fff] reserved
[    0.000000] BIOS-e820: [mem 0x000000009f042000-0x000000009f080fff] usable
[    0.000000] BIOS-e820: [mem 0x000000009f081000-0x000000009f3f1fff] reserved
[    0.000000] BIOS-e820: [mem 0x000000009f3f2000-0x000000009f3fffff] usable
[    0.000000] BIOS-e820: [mem 0x00000000fec00000-0x00000000fec01fff] reserved
[    0.000000] BIOS-e820: [mem 0x00000000fec10000-0x00000000fec10fff] reserved
[    0.000000] BIOS-e820: [mem 0x00000000fed00000-0x00000000fed00fff] reserved
[    0.000000] BIOS-e820: [mem 0x00000000fed80000-0x00000000fed8ffff] reserved
[    0.000000] BIOS-e820: [mem 0x00000000ff000000-0x00000000ffffffff] reserved
[    0.000000] BIOS-e820: [mem 0x0000000100001000-0x000000013effffff] usable
[    0.000000] NX (Execute Disable) protection: active
[    0.000000] efi: EFI v2.31 by American Megatrends
[    0.000000] efi:  ACPI=0x9d3f3000  ACPI 2.0=0x9d3f3000  SMBIOS=0x9e958998 
[    0.000000] SMBIOS 2.7 present.
[    0.000000] DMI: ASUSTeK COMPUTER INC. X102BA/X102BA, BIOS X102BA.212 08/30/2013
[    0.000000] tsc: Fast TSC calibration using PIT
[    0.000000] tsc: Detected 998.140 MHz processor
[    0.000214] e820: update [mem 0x00000000-0x00000fff] usable ==> reserved
[    0.000220] e820: remove [mem 0x000a0000-0x000fffff] usable
[    0.000246] last_pfn = 0x13f000 max_arch_pfn = 0x400000000
[    0.000256] MTRR default type: uncachable
[    0.000258] MTRR fixed ranges enabled:
[    0.000262]   00000-9FFFF write-back
[    0.000265]   A0000-BFFFF write-through
[    0.000268]   C0000-DFFFF uncachable
[    0.000271]   E0000-FFFFF write-protect
[    0.000273] MTRR variable ranges enabled:
[    0.000278]   0 base 0000000000 mask FF80000000 write-back
[    0.000282]   1 base 0080000000 mask FFE0000000 write-back
[    0.000286]   2 base 009F400000 mask FFFFC00000 uncachable
[    0.000290]   3 base 009F800000 mask FFFF800000 uncachable
[    0.000292]   4 disabled
[    0.000293]   5 disabled
[    0.000295]   6 disabled
[    0.000296]   7 disabled
[    0.000299] TOM2: 000000013f000000 aka 5104M
[    0.000820] x86/PAT: Configuration [0-7]: WB  WC  UC- UC  WB  WP  UC- WT  
[    0.001079] e820: update [mem 0x9f400000-0xffffffff] usable ==> reserved
[    0.001094] last_pfn = 0x9f400 max_arch_pfn = 0x400000000
[    0.014270] check: Scanning 1 areas for low memory corruption
[    0.014283] Using GB pages for direct mapping
[    0.014291] BRK [0x135e01000, 0x135e01fff] PGTABLE
[    0.014298] BRK [0x135e02000, 0x135e02fff] PGTABLE
[    0.014302] BRK [0x135e03000, 0x135e03fff] PGTABLE
[    0.014501] BRK [0x135e04000, 0x135e04fff] PGTABLE
[    0.014506] BRK [0x135e05000, 0x135e05fff] PGTABLE
[    0.014836] BRK [0x135e06000, 0x135e06fff] PGTABLE
[    0.015811] BRK [0x135e07000, 0x135e07fff] PGTABLE
[    0.016063] BRK [0x135e08000, 0x135e08fff] PGTABLE
[    0.016346] BRK [0x135e09000, 0x135e09fff] PGTABLE
[    0.016641] BRK [0x135e0a000, 0x135e0afff] PGTABLE
[    0.016892] BRK [0x135e0b000, 0x135e0bfff] PGTABLE
[    0.017206] BRK [0x135e0c000, 0x135e0cfff] PGTABLE
[    0.017815] Secure boot could not be determined
[    0.017831] ACPI: Early table checksum verification disabled
[    0.017843] ACPI: RSDP 0x000000009D3F3000 000024 (v02 _ASUS_)
[    0.017854] ACPI: XSDT 0x000000009D3F3088 000094 (v01 _ASUS_ Notebook 01072009 AMI  00010013)
[    0.017872] ACPI: FACP 0x000000009D400748 00010C (v05 _ASUS_ Notebook 01072009 AMI  00010013)
[    0.017888] ACPI BIOS Warning (bug): Optional FADT field Pm2ControlBlock has valid Length but zero Address: 0x0000000000000000/0x1 (20190509/tbfadt-615)
[    0.017902] ACPI: DSDT 0x000000009D3F31A8 00D59D (v02 _ASUS_ Notebook 00000000 INTL 20091112)
[    0.017913] ACPI: FACS 0x000000009DC4B080 000040
[    0.017921] ACPI: APIC 0x000000009D400858 00007E (v03 _ASUS_ Notebook 01072009 AMI  00010013)
[    0.017932] ACPI: FPDT 0x000000009D4008D8 000044 (v01 _ASUS_ Notebook 01072009 AMI  00010013)
[    0.017942] ACPI: ECDT 0x000000009D400920 0000C1 (v01 _ASUS_ Notebook 01072009 AMI. 00000005)
[    0.017952] ACPI: MCFG 0x000000009D4009E8 00003C (v01 _ASUS_ Notebook 01072009 MSFT 00010013)
[    0.017961] ACPI: HPET 0x000000009D400A28 000038 (v01 _ASUS_ Notebook 01072009 AMI  00000005)
[    0.017971] ACPI: VFCT 0x000000009D400A60 004684 (v01 _ASUS_ Notebook 00000001 AMD  31504F47)
[    0.017982] ACPI: BGRT 0x000000009D4050E8 000038 (v00 _ASUS_ Notebook 01072009 ASUS 00010013)
[    0.017992] ACPI: SSDT 0x000000009D405120 0005E0 (v01 AMD    AGESA    00000001 AMD  00000001)
[    0.018002] ACPI: SSDT 0x000000009D405700 0046D1 (v02 AMD    AGESA    00000002 MSFT 04000000)
[    0.018011] ACPI: CRAT 0x000000009D409DD8 000228 (v01 AMD    AGESA    00000001 AMD  00000001)
[    0.018021] ACPI: SSDT 0x000000009D40A000 001411 (v01 AMD    CPMDFIGP 00000001 INTL 20051117)
[    0.018031] ACPI: SSDT 0x000000009D40B418 0010E8 (v01 AMD    CPMCMN   00000001 INTL 20051117)
[    0.018041] ACPI: MSDM 0x000000009D127F98 000055 (v03 _ASUS_ Notebook 00000000 ASUS 00000001)
[    0.018068] ACPI: Local APIC address 0xfee00000
[    0.018328] No NUMA configuration found
[    0.018333] Faking a node at [mem 0x0000000000000000-0x000000013effffff]
[    0.018347] NODE_DATA(0) allocated [mem 0x13effb000-0x13effefff]
[    0.018399] Zone ranges:
[    0.018403]   DMA      [mem 0x0000000000001000-0x0000000000ffffff]
[    0.018408]   DMA32    [mem 0x0000000001000000-0x00000000ffffffff]
[    0.018413]   Normal   [mem 0x0000000100000000-0x000000013effffff]
[    0.018418] Movable zone start for each node
[    0.018421] Early memory node ranges
[    0.018425]   node   0: [mem 0x0000000000001000-0x000000000009ffff]
[    0.018429]   node   0: [mem 0x0000000000100000-0x000000009d0f7fff]
[    0.018433]   node   0: [mem 0x000000009d128000-0x000000009d370fff]
[    0.018437]   node   0: [mem 0x000000009e9cb000-0x000000009e9cbfff]
[    0.018441]   node   0: [mem 0x000000009e9d4000-0x000000009eb24fff]
[    0.018444]   node   0: [mem 0x000000009f042000-0x000000009f080fff]
[    0.018448]   node   0: [mem 0x000000009f3f2000-0x000000009f3fffff]
[    0.018451]   node   0: [mem 0x0000000100001000-0x000000013effffff]
[    0.018774] Zeroed struct page in unavailable ranges: 11138 pages
[    0.018781] Initmem setup node 0 [mem 0x0000000000001000-0x000000013effffff]
[    0.018791] On node 0 totalpages: 902270
[    0.018794]   DMA zone: 64 pages used for memmap
[    0.018797]   DMA zone: 23 pages reserved
[    0.018799]   DMA zone: 3999 pages, LIFO batch:0
[    0.019021]   DMA32 zone: 10004 pages used for memmap
[    0.019023]   DMA32 zone: 640224 pages, LIFO batch:63
[    0.058313]   Normal zone: 4032 pages used for memmap
[    0.058320]   Normal zone: 258047 pages, LIFO batch:63
[    0.071299] ACPI: PM-Timer IO Port: 0x808
[    0.071311] ACPI: Local APIC address 0xfee00000
[    0.071328] ACPI: LAPIC_NMI (acpi_id[0xff] high edge lint[0x1])
[    0.071345] IOAPIC[0]: apic_id 3, version 33, address 0xfec00000, GSI 0-23
[    0.071356] IOAPIC[1]: apic_id 4, version 33, address 0xfec01000, GSI 24-55
[    0.071364] ACPI: INT_SRC_OVR (bus 0 bus_irq 0 global_irq 2 dfl dfl)
[    0.071370] ACPI: INT_SRC_OVR (bus 0 bus_irq 9 global_irq 9 low level)
[    0.071375] ACPI: IRQ0 used by override.
[    0.071378] ACPI: IRQ9 used by override.
[    0.071382] Using ACPI (MADT) for SMP configuration information
[    0.071387] ACPI: HPET id: 0x10228210 base: 0xfed00000
[    0.071404] smpboot: Allowing 4 CPUs, 2 hotplug CPUs
[    0.071476] PM: Registered nosave memory: [mem 0x00000000-0x00000fff]
[    0.071483] PM: Registered nosave memory: [mem 0x000a0000-0x000fffff]
[    0.071491] PM: Registered nosave memory: [mem 0x9d0f8000-0x9d127fff]
[    0.071498] PM: Registered nosave memory: [mem 0x9d371000-0x9dc56fff]
[    0.071502] PM: Registered nosave memory: [mem 0x9dc57000-0x9e959fff]
[    0.071505] PM: Registered nosave memory: [mem 0x9e95a000-0x9e9cafff]
[    0.071512] PM: Registered nosave memory: [mem 0x9e9cc000-0x9e9d3fff]
[    0.071519] PM: Registered nosave memory: [mem 0x9eb25000-0x9f041fff]
[    0.071526] PM: Registered nosave memory: [mem 0x9f081000-0x9f3f1fff]
[    0.071533] PM: Registered nosave memory: [mem 0x9f400000-0xfebfffff]
[    0.071536] PM: Registered nosave memory: [mem 0xfec00000-0xfec01fff]
[    0.071540] PM: Registered nosave memory: [mem 0xfec02000-0xfec0ffff]
[    0.071543] PM: Registered nosave memory: [mem 0xfec10000-0xfec10fff]
[    0.071546] PM: Registered nosave memory: [mem 0xfec11000-0xfecfffff]
[    0.071549] PM: Registered nosave memory: [mem 0xfed00000-0xfed00fff]
[    0.071553] PM: Registered nosave memory: [mem 0xfed01000-0xfed7ffff]
[    0.071556] PM: Registered nosave memory: [mem 0xfed80000-0xfed8ffff]
[    0.071559] PM: Registered nosave memory: [mem 0xfed90000-0xfeffffff]
[    0.071563] PM: Registered nosave memory: [mem 0xff000000-0xffffffff]
[    0.071566] PM: Registered nosave memory: [mem 0x100000000-0x100000fff]
[    0.071574] [mem 0x9f400000-0xfebfffff] available for PCI devices
[    0.071585] clocksource: refined-jiffies: mask: 0xffffffff max_cycles: 0xffffffff, max_idle_ns: 19112604462750000 ns
[    0.500216] setup_percpu: NR_CPUS:64 nr_cpumask_bits:64 nr_cpu_ids:4 nr_node_ids:1
[    0.501406] percpu: Embedded 51 pages/cpu s170008 r8192 d30696 u524288
[    0.501445] pcpu-alloc: s170008 r8192 d30696 u524288 alloc=1*2097152
[    0.501448] pcpu-alloc: [0] 0 1 2 3 
[    0.501525] Built 1 zonelists, mobility grouping on.  Total pages: 888147
[    0.501530] Policy zone: Normal
[    0.501537] Kernel command line: BOOT_IMAGE=/boot/bzImage root=/dev/sda2 ro
[    0.565936] Memory: 3432176K/3609080K available (14357K kernel code, 1432K rwdata, 4452K rodata, 1296K init, 856K bss, 176904K reserved, 0K cma-reserved)
[    0.566148] SLUB: HWalign=64, Order=0-3, MinObjects=0, CPUs=4, Nodes=1
[    0.566384] rcu: Hierarchical RCU implementation.
[    0.566388] rcu: 	RCU event tracing is enabled.
[    0.566393] rcu: 	RCU restricting CPUs from NR_CPUS=64 to nr_cpu_ids=4.
[    0.566398] rcu: RCU calculated value of scheduler-enlistment delay is 10 jiffies.
[    0.566403] rcu: Adjusting geometry for rcu_fanout_leaf=16, nr_cpu_ids=4
[    0.566993] NR_IRQS: 4352, nr_irqs: 1000, preallocated irqs: 16
[    0.567472] random: get_random_bytes called from start_kernel+0x2c6/0x493 with crng_init=0
[    0.567555] Console: colour dummy device 80x25
[    0.568257] printk: console [tty0] enabled
[    0.568304] ACPI: Core revision 20190509
[    0.568996] clocksource: hpet: mask: 0xffffffff max_cycles: 0xffffffff, max_idle_ns: 133484873504 ns
[    0.569025] hpet clockevent registered
[    0.569036] APIC: Switch to symmetric I/O mode setup
[    0.569781] ..TIMER: vector=0x30 apic1=0 pin1=2 apic2=-1 pin2=-1
[    0.619036] clocksource: tsc-early: mask: 0xffffffffffffffff max_cycles: 0x1cc67408ec3, max_idle_ns: 881590489199 ns
[    0.619052] Calibrating delay loop (skipped), value calculated using timer frequency.. 1996.28 BogoMIPS (lpj=9981400)
[    0.619068] pid_max: default: 32768 minimum: 301
[    0.621599] LSM: Security Framework initializing
[    0.621633] SELinux:  Initializing.
[    0.621670] *** VALIDATE SELinux ***
[    0.623913] Dentry cache hash table entries: 524288 (order: 10, 4194304 bytes)
[    0.625093] Inode-cache hash table entries: 262144 (order: 9, 2097152 bytes)
[    0.625194] Mount-cache hash table entries: 8192 (order: 4, 65536 bytes)
[    0.625241] Mountpoint-cache hash table entries: 8192 (order: 4, 65536 bytes)
[    0.625631] *** VALIDATE proc ***
[    0.625723] *** VALIDATE cgroup1 ***
[    0.625734] *** VALIDATE cgroup2 ***
[    0.625838] LVT offset 1 assigned for vector 0xf9
[    0.625855] Last level iTLB entries: 4KB 512, 2MB 8, 4MB 4
[    0.625863] Last level dTLB entries: 4KB 512, 2MB 256, 4MB 128, 1GB 0
[    0.625873] Spectre V2 : Mitigation: Full AMD retpoline
[    0.625880] Spectre V2 : Spectre v2 / SpectreRSB mitigation: Filling RSB on context switch
[    0.625891] Speculative Store Bypass: Mitigation: Speculative Store Bypass disabled via prctl and seccomp
[    0.626465] Freeing SMP alternatives memory: 40K
[    0.639050] smpboot: CPU0: AMD A4-1200 APU with Radeon(TM) HD Graphics (family: 0x16, model: 0x0, stepping: 0x1)
[    0.639050] Performance Events: AMD PMU driver.
[    0.639050] ... version:                0
[    0.639050] ... bit width:              48
[    0.639050] ... generic registers:      4
[    0.639050] ... value mask:             0000ffffffffffff
[    0.639050] ... max period:             00007fffffffffff
[    0.639050] ... fixed-purpose events:   0
[    0.639050] ... event mask:             000000000000000f
[    0.639050] rcu: Hierarchical SRCU implementation.
[    0.639050] MCE: In-kernel MCE decoding enabled.
[    0.639050] smp: Bringing up secondary CPUs ...
[    0.639050] x86: Booting SMP configuration:
[    0.639050] .... node  #0, CPUs:      #1
[    0.639050] smp: Brought up 1 node, 2 CPUs
[    0.639050] smpboot: Max logical packages: 2
[    0.639050] smpboot: Total of 2 processors activated (3992.56 BogoMIPS)
[    0.639050] devtmpfs: initialized
[    0.639050] PM: Registering ACPI NVS region [mem 0x9d371000-0x9dc56fff] (9330688 bytes)
[    0.639050] PM: Registering ACPI NVS region [mem 0x9e9cc000-0x9e9d3fff] (32768 bytes)
[    0.639050] clocksource: jiffies: mask: 0xffffffff max_cycles: 0xffffffff, max_idle_ns: 19112604462750000 ns
[    0.639050] futex hash table entries: 1024 (order: 4, 65536 bytes)
[    0.639050] kworker/u8:0 (22) used greatest stack depth: 14624 bytes left
[    0.639050] NET: Registered protocol family 16
[    0.639050] audit: initializing netlink subsys (disabled)
[    0.639050] audit: type=2000 audit(1558678021.060:1): state=initialized audit_enabled=0 res=1
[    0.639050] cpuidle: using governor ladder
[    0.639050] cpuidle: using governor menu
[    0.639050] ACPI FADT declares the system doesn't support PCIe ASPM, so disable it
[    0.639050] ACPI: bus type PCI registered
[    0.639050] PCI: MMCONFIG for domain 0000 [bus 00-ff] at [mem 0xe0000000-0xefffffff] (base 0xe0000000)
[    0.639050] PCI: not using MMCONFIG
[    0.639050] PCI: Using configuration type 1 for base access
[    0.639050] PCI: Using configuration type 1 for extended access
[    0.654761] kworker/u8:0 (48) used greatest stack depth: 14160 bytes left
[    0.687150] HugeTLB registered 2.00 MiB page size, pre-allocated 0 pages
[    0.697309] ACPI: Added _OSI(Module Device)
[    0.697309] ACPI: Added _OSI(Processor Device)
[    0.697309] ACPI: Added _OSI(3.0 _SCP Extensions)
[    0.697309] ACPI: Added _OSI(Processor Aggregator Device)
[    0.697309] ACPI: Added _OSI(Linux-Dell-Video)
[    0.697309] ACPI: Added _OSI(Linux-Lenovo-NV-HDMI-Audio)
[    0.697309] ACPI: Added _OSI(Linux-HPI-Hybrid-Graphics)
[    0.733127] ACPI: 5 ACPI AML tables successfully acquired and loaded
[    0.736727] ACPI: EC: EC started
[    0.736736] ACPI: EC: interrupt blocked
[    0.739167] ACPI: \: Used as first EC
[    0.739180] ACPI: \: GPE=0x3, EC_CMD/EC_SC=0x66, EC_DATA=0x62
[    0.739187] ACPI: EC: Boot ECDT EC used to handle transactions
[    0.744716] ACPI: [Firmware Bug]: BIOS _OSI(Linux) query ignored
[    0.749491] ACPI: Interpreter enabled
[    0.749577] ACPI: (supports S0 S3 S4 S5)
[    0.749588] ACPI: Using IOAPIC for interrupt routing
[    0.753309] PCI: MMCONFIG for domain 0000 [bus 00-ff] at [mem 0xe0000000-0xefffffff] (base 0xe0000000)
[    0.753309] PCI: MMCONFIG at [mem 0xe0000000-0xefffffff] reserved in ACPI motherboard resources
[    0.753309] PCI: Using host bridge windows from ACPI; if necessary, use "pci=nocrs" and report a bug
[    0.753309] ACPI: Enabled 3 GPEs in block 00 to 1F
[    0.777767] ACPI: PCI Root Bridge [PCI0] (domain 0000 [bus 00-ff])
[    0.777803] acpi PNP0A08:00: _OSC: OS supports [ExtendedConfig ASPM ClockPM Segments MSI HPX-Type3]
[    0.778446] acpi PNP0A08:00: _OSC: platform does not support [LTR]
[    0.783201] acpi PNP0A08:00: _OSC: OS now controls [PME AER PCIeCapability]
[    0.783201] acpi PNP0A08:00: FADT indicates ASPM is unsupported, using BIOS configuration
[    0.783201] PCI host bridge to bus 0000:00
[    0.783201] pci_bus 0000:00: root bus resource [io  0x0000-0x03af window]
[    0.783201] pci_bus 0000:00: root bus resource [io  0x03e0-0x0cf7 window]
[    0.783201] pci_bus 0000:00: root bus resource [io  0x03b0-0x03df window]
[    0.783201] pci_bus 0000:00: root bus resource [io  0x0d00-0xffff window]
[    0.783201] pci_bus 0000:00: root bus resource [mem 0x000a0000-0x000bffff window]
[    0.783201] pci_bus 0000:00: root bus resource [mem 0x000c0000-0x000dffff window]
[    0.783201] pci_bus 0000:00: root bus resource [mem 0xc0000000-0xffffffff window]
[    0.783201] pci_bus 0000:00: root bus resource [bus 00-ff]
[    0.783201] pci 0000:00:00.0: [1022:1536] type 00 class 0x060000
[    0.783201] pci 0000:00:01.0: [1002:9839] type 00 class 0x030000
[    0.783201] pci 0000:00:01.0: reg 0x10: [mem 0xc0000000-0xcfffffff 64bit pref]
[    0.783201] pci 0000:00:01.0: reg 0x18: [mem 0xd0000000-0xd07fffff 64bit pref]
[    0.783201] pci 0000:00:01.0: reg 0x20: [io  0xf000-0xf0ff]
[    0.783201] pci 0000:00:01.0: reg 0x24: [mem 0xfeb00000-0xfeb3ffff]
[    0.783201] pci 0000:00:01.0: reg 0x30: [mem 0xfeb40000-0xfeb5ffff pref]
[    0.783201] pci 0000:00:01.0: enabling Extended Tags
[    0.783201] pci 0000:00:01.0: BAR 0: assigned to efifb
[    0.783201] pci 0000:00:01.0: supports D1 D2
[    0.783201] pci 0000:00:01.0: PME# supported from D1 D2 D3hot
[    0.785347] pci 0000:00:01.1: [1002:9840] type 00 class 0x040300
[    0.785347] pci 0000:00:01.1: reg 0x10: [mem 0xfeb64000-0xfeb67fff 64bit]
[    0.785347] pci 0000:00:01.1: enabling Extended Tags
[    0.785347] pci 0000:00:01.1: supports D1 D2
[    0.785347] pci 0000:00:02.0: [1022:1538] type 00 class 0x060000
[    0.785347] pci 0000:00:02.2: [1022:1439] type 01 class 0x060400
[    0.785347] pci 0000:00:02.2: enabling Extended Tags
[    0.785347] pci 0000:00:02.2: PME# supported from D0 D3hot D3cold
[    0.785347] pci 0000:00:02.3: [1022:1439] type 01 class 0x060400
[    0.785347] pci 0000:00:02.3: enabling Extended Tags
[    0.785347] pci 0000:00:02.3: PME# supported from D0 D3hot D3cold
[    0.785347] pci 0000:00:10.0: [1022:7814] type 00 class 0x0c0330
[    0.785347] pci 0000:00:10.0: reg 0x10: [mem 0xfeb68000-0xfeb69fff 64bit]
[    0.785347] pci 0000:00:10.0: PME# supported from D0 D3hot D3cold
[    0.785347] pci 0000:00:11.0: [1022:7801] type 00 class 0x010601
[    0.785347] pci 0000:00:11.0: reg 0x10: [io  0xf140-0xf147]
[    0.785347] pci 0000:00:11.0: reg 0x14: [io  0xf130-0xf133]
[    0.785347] pci 0000:00:11.0: reg 0x18: [io  0xf120-0xf127]
[    0.785347] pci 0000:00:11.0: reg 0x1c: [io  0xf110-0xf113]
[    0.785347] pci 0000:00:11.0: reg 0x20: [io  0xf100-0xf10f]
[    0.785347] pci 0000:00:11.0: reg 0x24: [mem 0xfeb6f000-0xfeb6f3ff]
[    0.785347] pci 0000:00:11.0: PME# supported from D3hot
[    0.785347] pci 0000:00:12.0: [1022:7807] type 00 class 0x0c0310
[    0.785347] pci 0000:00:12.0: reg 0x10: [mem 0xfeb6e000-0xfeb6efff]
[    0.785347] pci 0000:00:12.2: [1022:7808] type 00 class 0x0c0320
[    0.785347] pci 0000:00:12.2: reg 0x10: [mem 0xfeb6d000-0xfeb6d0ff]
[    0.785347] pci 0000:00:12.2: supports D1 D2
[    0.785347] pci 0000:00:12.2: PME# supported from D0 D1 D2 D3hot D3cold
[    0.785347] pci 0000:00:13.0: [1022:7807] type 00 class 0x0c0310
[    0.785347] pci 0000:00:13.0: reg 0x10: [mem 0xfeb6c000-0xfeb6cfff]
[    0.785347] pci 0000:00:13.2: [1022:7808] type 00 class 0x0c0320
[    0.785347] pci 0000:00:13.2: reg 0x10: [mem 0xfeb6b000-0xfeb6b0ff]
[    0.785347] pci 0000:00:13.2: supports D1 D2
[    0.785347] pci 0000:00:13.2: PME# supported from D0 D1 D2 D3hot D3cold
[    0.785429] pci 0000:00:14.0: [1022:780b] type 00 class 0x0c0500
[    0.785699] pci 0000:00:14.2: [1022:780d] type 00 class 0x040300
[    0.785738] pci 0000:00:14.2: reg 0x10: [mem 0xfeb60000-0xfeb63fff 64bit]
[    0.785832] pci 0000:00:14.2: PME# supported from D0 D3hot D3cold
[    0.786048] pci 0000:00:14.3: [1022:780e] type 00 class 0x060100
[    0.786333] pci 0000:00:14.7: [1022:7813] type 00 class 0x080501
[    0.786368] pci 0000:00:14.7: reg 0x10: [mem 0xfeb6a000-0xfeb6a0ff 64bit]
[    0.786600] pci 0000:00:18.0: [1022:1530] type 00 class 0x060000
[    0.786824] pci 0000:00:18.1: [1022:1531] type 00 class 0x060000
[    0.787041] pci 0000:00:18.2: [1022:1532] type 00 class 0x060000
[    0.787258] pci 0000:00:18.3: [1022:1533] type 00 class 0x060000
[    0.787489] pci 0000:00:18.4: [1022:1534] type 00 class 0x060000
[    0.787707] pci 0000:00:18.5: [1022:1535] type 00 class 0x060000
[    0.788073] pci 0000:01:00.0: [168c:0032] type 00 class 0x028000
[    0.788144] pci 0000:01:00.0: reg 0x10: [mem 0xfea00000-0xfea7ffff 64bit]
[    0.788209] pci 0000:01:00.0: reg 0x30: [mem 0xfea80000-0xfea8ffff pref]
[    0.788379] pci 0000:01:00.0: supports D1 D2
[    0.788389] pci 0000:01:00.0: PME# supported from D0 D1 D2 D3hot D3cold
[    0.788654] pci 0000:00:02.2: PCI bridge to [bus 01]
[    0.788674] pci 0000:00:02.2:   bridge window [mem 0xfea00000-0xfeafffff]
[    0.788816] pci 0000:02:00.0: [10ec:8136] type 00 class 0x020000
[    0.788879] pci 0000:02:00.0: reg 0x10: [io  0xe000-0xe0ff]
[    0.788924] pci 0000:02:00.0: reg 0x18: [mem 0xd0804000-0xd0804fff 64bit pref]
[    0.788959] pci 0000:02:00.0: reg 0x20: [mem 0xd0800000-0xd0803fff 64bit pref]
[    0.793617] pci 0000:02:00.0: supports D1 D2
[    0.793617] pci 0000:02:00.0: PME# supported from D0 D1 D2 D3hot D3cold
[    0.793617] pci 0000:00:02.3: PCI bridge to [bus 02]
[    0.793617] pci 0000:00:02.3:   bridge window [io  0xe000-0xefff]
[    0.793617] pci 0000:00:02.3:   bridge window [mem 0xd0800000-0xd08fffff 64bit pref]
[    0.796686] ACPI: PCI Interrupt Link [LNKA] (IRQs 4 7 10 11 14 15) *0
[    0.796686] ACPI: PCI Interrupt Link [LNKB] (IRQs 4 7 10 11 14 15) *0
[    0.796686] ACPI: PCI Interrupt Link [LNKC] (IRQs 4 7 10 11 14 15) *0
[    0.796686] ACPI: PCI Interrupt Link [LNKD] (IRQs 4 7 10 11 14 15) *0
[    0.796686] ACPI: PCI Interrupt Link [LNKE] (IRQs 4 7 10 11 14 15) *0
[    0.796686] ACPI: PCI Interrupt Link [LNKF] (IRQs 4 7 10 11 14 15) *0
[    0.796686] ACPI: PCI Interrupt Link [LNKG] (IRQs 4 7 10 11 14 15) *0
[    0.796686] ACPI: PCI Interrupt Link [LNKH] (IRQs 4 7 10 11 14 15) *0
[    0.799296] ACPI: EC: interrupt unblocked
[    0.799296] ACPI: EC: event unblocked
[    0.799296] ACPI: \_SB_.PCI0.SBRG.EC0_: GPE=0x3, EC_CMD/EC_SC=0x66, EC_DATA=0x62
[    0.799296] ACPI: \_SB_.PCI0.SBRG.EC0_: Boot DSDT EC used to handle transactions and events
[    0.800024] pci 0000:00:01.0: vgaarb: setting as boot VGA device
[    0.800024] pci 0000:00:01.0: vgaarb: VGA device added: decodes=io+mem,owns=io+mem,locks=none
[    0.800024] pci 0000:00:01.0: vgaarb: bridge control possible
[    0.800024] vgaarb: loaded
[    0.800024] SCSI subsystem initialized
[    0.800638] libata version 3.00 loaded.
[    0.800638] ACPI: bus type USB registered
[    0.800638] usbcore: registered new interface driver usbfs
[    0.800638] usbcore: registered new interface driver hub
[    0.801602] usbcore: registered new device driver usb
[    0.801823] pps_core: LinuxPPS API ver. 1 registered
[    0.801823] pps_core: Software ver. 5.3.6 - Copyright 2005-2007 Rodolfo Giometti <giometti@linux.it>
[    0.801823] PTP clock support registered
[    0.804412] EDAC MC: Ver: 3.0.0
[    0.804804] Registered efivars operations
[    0.804804] Advanced Linux Sound Architecture Driver Initialized.
[    0.804804] PCI: Using ACPI for IRQ routing
[    0.814326] PCI: pci_cache_line_size set to 64 bytes
[    0.814440] e820: reserve RAM buffer [mem 0x9d0f8000-0x9fffffff]
[    0.814445] e820: reserve RAM buffer [mem 0x9d371000-0x9fffffff]
[    0.814450] e820: reserve RAM buffer [mem 0x9e9cc000-0x9fffffff]
[    0.814453] e820: reserve RAM buffer [mem 0x9eb25000-0x9fffffff]
[    0.814456] e820: reserve RAM buffer [mem 0x9f081000-0x9fffffff]
[    0.814459] e820: reserve RAM buffer [mem 0x9f400000-0x9fffffff]
[    0.814462] e820: reserve RAM buffer [mem 0x13f000000-0x13fffffff]
[    0.818098] NetLabel: Initializing
[    0.818098] NetLabel:  domain hash size = 128
[    0.818098] NetLabel:  protocols = UNLABELED CIPSOv4 CALIPSO
[    0.818098] NetLabel:  unlabeled traffic allowed by default
[    0.818098] hpet0: at MMIO 0xfed00000, IRQs 2, 8, 0
[    0.818098] hpet0: 3 comparators, 32-bit 14.318180 MHz counter
[    0.821102] clocksource: Switched to clocksource tsc-early
[    0.871800] VFS: Disk quotas dquot_6.6.0
[    0.871878] VFS: Dquot-cache hash table entries: 512 (order 0, 4096 bytes)
[    0.871970] *** VALIDATE hugetlbfs ***
[    0.872082] pnp: PnP ACPI init
[    0.872580] system 00:00: [mem 0xe0000000-0xefffffff] has been reserved
[    0.872673] system 00:00: Plug and Play ACPI device, IDs PNP0c01 (active)
[    0.872945] system 00:01: [mem 0xa0000000-0xbfffffff] has been reserved
[    0.873021] system 00:01: Plug and Play ACPI device, IDs PNP0c02 (active)
[    0.873289] system 00:02: Plug and Play ACPI device, IDs PNP0c02 (active)
[    0.873435] pnp 00:03: Plug and Play ACPI device, IDs PNP0b00 (active)
[    0.873673] system 00:04: [io  0x04d0-0x04d1] has been reserved
[    0.873745] system 00:04: Plug and Play ACPI device, IDs PNP0c02 (active)
[    0.874010] pnp 00:05: Plug and Play ACPI device, IDs ETD0108 SYN0a00 SYN0002 PNP0f03 PNP0f13 PNP0f12 (active)
[    0.874191] pnp 00:06: Plug and Play ACPI device, IDs ATK3001 PNP030b (active)
[    0.875018] system 00:07: [io  0x04d0-0x04d1] has been reserved
[    0.875033] system 00:07: [io  0x040b] has been reserved
[    0.875044] system 00:07: [io  0x04d6] has been reserved
[    0.875055] system 00:07: [io  0x0c00-0x0c01] has been reserved
[    0.875065] system 00:07: [io  0x0c14] has been reserved
[    0.875076] system 00:07: [io  0x0c50-0x0c51] has been reserved
[    0.875086] system 00:07: [io  0x0c52] has been reserved
[    0.875096] system 00:07: [io  0x0c6c] has been reserved
[    0.875106] system 00:07: [io  0x0c6f] has been reserved
[    0.875116] system 00:07: [io  0x0cd0-0x0cd1] has been reserved
[    0.875126] system 00:07: [io  0x0cd2-0x0cd3] has been reserved
[    0.875137] system 00:07: [io  0x0cd4-0x0cd5] has been reserved
[    0.875147] system 00:07: [io  0x0cd6-0x0cd7] has been reserved
[    0.875157] system 00:07: [io  0x0cd8-0x0cdf] has been reserved
[    0.875168] system 00:07: [io  0x0800-0x089f] has been reserved
[    0.875178] system 00:07: [io  0x0900-0x090f] has been reserved
[    0.875188] system 00:07: [io  0x0910-0x091f] has been reserved
[    0.875199] system 00:07: [io  0xfe00-0xfefe] has been reserved
[    0.875217] system 00:07: [mem 0xfec00000-0xfec00fff] could not be reserved
[    0.875229] system 00:07: [mem 0xfee00000-0xfee00fff] has been reserved
[    0.875240] system 00:07: [mem 0xfed80000-0xfed8ffff] has been reserved
[    0.875252] system 00:07: [mem 0xfed61000-0xfed70fff] has been reserved
[    0.875263] system 00:07: [mem 0xfec10000-0xfec10fff] has been reserved
[    0.875274] system 00:07: [mem 0xfed00000-0xfed00fff] could not be reserved
[    0.875286] system 00:07: [mem 0xff000000-0xffffffff] has been reserved
[    0.875362] system 00:07: Plug and Play ACPI device, IDs PNP0c02 (active)
[    0.876241] pnp: PnP ACPI: found 8 devices
[    0.891416] clocksource: acpi_pm: mask: 0xffffff max_cycles: 0xffffff, max_idle_ns: 2085701024 ns
[    0.892265] pci 0000:00:02.2: PCI bridge to [bus 01]
[    0.892288] pci 0000:00:02.2:   bridge window [mem 0xfea00000-0xfeafffff]
[    0.892307] pci 0000:00:02.3: PCI bridge to [bus 02]
[    0.892319] pci 0000:00:02.3:   bridge window [io  0xe000-0xefff]
[    0.892335] pci 0000:00:02.3:   bridge window [mem 0xd0800000-0xd08fffff 64bit pref]
[    0.892359] pci_bus 0000:00: resource 4 [io  0x0000-0x03af window]
[    0.892370] pci_bus 0000:00: resource 5 [io  0x03e0-0x0cf7 window]
[    0.892380] pci_bus 0000:00: resource 6 [io  0x03b0-0x03df window]
[    0.892390] pci_bus 0000:00: resource 7 [io  0x0d00-0xffff window]
[    0.892400] pci_bus 0000:00: resource 8 [mem 0x000a0000-0x000bffff window]
[    0.892411] pci_bus 0000:00: resource 9 [mem 0x000c0000-0x000dffff window]
[    0.892422] pci_bus 0000:00: resource 10 [mem 0xc0000000-0xffffffff window]
[    0.892433] pci_bus 0000:01: resource 1 [mem 0xfea00000-0xfeafffff]
[    0.892443] pci_bus 0000:02: resource 0 [io  0xe000-0xefff]
[    0.892453] pci_bus 0000:02: resource 2 [mem 0xd0800000-0xd08fffff 64bit pref]
[    0.892727] NET: Registered protocol family 2
[    0.893188] tcp_listen_portaddr_hash hash table entries: 2048 (order: 3, 32768 bytes)
[    0.893255] TCP established hash table entries: 32768 (order: 6, 262144 bytes)
[    0.893480] TCP bind hash table entries: 32768 (order: 7, 524288 bytes)
[    0.893726] TCP: Hash tables configured (established 32768 bind 32768)
[    0.893878] UDP hash table entries: 2048 (order: 4, 65536 bytes)
[    0.893946] UDP-Lite hash table entries: 2048 (order: 4, 65536 bytes)
[    0.894121] NET: Registered protocol family 1
[    0.898535] RPC: Registered named UNIX socket transport module.
[    0.898546] RPC: Registered udp transport module.
[    0.898553] RPC: Registered tcp transport module.
[    0.898559] RPC: Registered tcp NFSv4.1 backchannel transport module.
[    0.899038] pci 0000:00:01.0: Video device with shadowed ROM at [mem 0x000c0000-0x000dffff]
[    0.899556] pci 0000:00:12.0: enabling device (0000 -> 0002)
[    0.900171] pci 0000:00:12.2: PME# does not work under D3, disabling it
[    0.900196] pci 0000:00:13.0: enabling device (0000 -> 0002)
[    0.900825] pci 0000:00:13.2: PME# does not work under D3, disabling it
[    0.900920] PCI: CLS 64 bytes, default 64
[    0.901073] PCI-DMA: Using software bounce buffering for IO (SWIOTLB)
[    0.901084] software IO TLB: mapped [mem 0x97989000-0x9b989000] (64MB)
[    0.901278] amd_uncore: AMD NB counters detected
[    0.901295] amd_uncore: AMD LLC counters detected
[    0.901411] LVT offset 0 assigned for vector 0x400
[    0.901466] perf: AMD IBS detected (0x000000ff)
[    0.901486] kvm: no hardware support
[    0.901600] kvm: Nested Virtualization enabled
[    0.901612] kvm: Nested Paging enabled
[    0.902536] check: Scanning for low memory corruption every 60 seconds
[    0.906102] Initialise system trusted keyrings
[    0.906426] workingset: timestamp_bits=56 max_order=20 bucket_order=0
[    0.922980] fuse: init (API version 7.30)
[    0.923601] Key type asymmetric registered
[    0.923613] Asymmetric key parser 'x509' registered
[    0.923698] Block layer SCSI generic (bsg) driver version 0.4 loaded (major 249)
[    0.923711] io scheduler mq-deadline registered
[    0.923719] io scheduler kyber registered
[    0.924441] pcieport 0000:00:02.2: PME: Signaling with IRQ 25
[    0.924879] pcieport 0000:00:02.3: PME: Signaling with IRQ 27
[    0.928048] uvesafb: failed to execute /sbin/v86d
[    0.928064] uvesafb: make sure that the v86d helper is installed and executable
[    0.928076] uvesafb: Getting VBE info block failed (eax=0x4f00, err=-2)
[    0.928085] uvesafb: vbe_init() failed with -22
[    0.928107] uvesafb: probe of uvesafb.0 failed with error -22
[    0.928202] efifb: probing for efifb
[    0.928258] efifb: framebuffer at 0xc0000000, using 4224k, total 4224k
[    0.928268] efifb: mode is 1366x768x32, linelength=5632, pages=1
[    0.928275] efifb: scrolling: redraw
[    0.928284] efifb: Truecolor: size=8:8:8:8, shift=24:16:8:0
[    0.938838] Console: switching to colour frame buffer device 170x48
[    0.948598] fb0: EFI VGA frame buffer device
[    0.949229] ACPI: AC Adapter [AC0] (on-line)
[    0.949636] input: Power Button as /devices/LNXSYSTM:00/LNXSYBUS:00/PNP0C0C:00/input/input0
[    0.949797] ACPI: Power Button [PWRB]
[    0.950092] input: Lid Switch as /devices/LNXSYSTM:00/LNXSYBUS:00/PNP0C0D:00/input/input1
[    0.950238] ACPI: Lid Switch [LID]
[    0.950508] input: Sleep Button as /devices/LNXSYSTM:00/LNXSYBUS:00/PNP0C0E:00/input/input2
[    0.950669] ACPI: Sleep Button [SLPB]
[    0.951026] input: Power Button as /devices/LNXSYSTM:00/LNXPWRBN:00/input/input3
[    0.951164] ACPI: Power Button [PWRF]
[    0.955474] thermal LNXTHERM:00: registered as thermal_zone0
[    0.955582] ACPI: Thermal Zone [THRM] (56 C)
[    0.958061] Serial: 8250/16550 driver, 4 ports, IRQ sharing enabled
[    0.963810] Non-volatile memory driver v1.3
[    0.964016] Linux agpgart interface v0.103
[    0.972015] loop: module loaded
[    0.972692] ahci 0000:00:11.0: version 3.0
[    0.973148] ahci 0000:00:11.0: AHCI 0001.0300 32 slots 2 ports 6 Gbps 0x3 impl SATA mode
[    0.973288] ahci 0000:00:11.0: flags: 64bit ncq sntf ilck pm led clo pmp pio slum part 
[    0.978058] scsi host0: ahci
[    0.981945] scsi host1: ahci
[    0.985305] ata1: SATA max UDMA/133 abar m1024@0xfeb6f000 port 0xfeb6f100 irq 28
[    0.988446] ata2: SATA max UDMA/133 abar m1024@0xfeb6f000 port 0xfeb6f180 irq 28
[    0.992337] tun: Universal TUN/TAP device driver, 1.6
[    0.995625] e1000: Intel(R) PRO/1000 Network Driver - version 7.3.21-k8-NAPI
[    0.998773] e1000: Copyright (c) 1999-2006 Intel Corporation.
[    1.002571] e1000e: Intel(R) PRO/1000 Network Driver - 3.2.6-k
[    1.005668] e1000e: Copyright(c) 1999 - 2015 Intel Corporation.
[    1.008819] sky2: driver version 1.30
[    1.012102] r8169 0000:02:00.0: can't disable ASPM; OS doesn't have ASPM control
[    1.016112] libphy: r8169: probed
[    1.019635] r8169 0000:02:00.0 eth0: RTL8105e, 74:d0:2b:a3:a6:42, XID 40a, IRQ 30
[    1.023269] ath9k 0000:01:00.0: enabling device (0000 -> 0002)
[    1.026791] ath: phy0: Disable PLL PowerSave
[    1.037115] ath: phy0: ASPM enabled: 0x42
[    1.040268] ath: EEPROM regdomain: 0x60
[    1.040270] ath: EEPROM indicates we should expect a direct regpair map
[    1.040275] ath: Country alpha2 being used: 00
[    1.040277] ath: Regpair used: 0x60
[    1.043006] ieee80211 phy0: Selected rate control algorithm 'minstrel_ht'
[    1.043516] ieee80211 phy0: Atheros AR9485 Rev:1 mem=0xffffb22c82f00000, irq=31
[    1.047128] ehci_hcd: USB 2.0 'Enhanced' Host Controller (EHCI) Driver
[    1.050373] ehci-pci: EHCI PCI platform driver
[    1.054210] ehci-pci 0000:00:12.2: EHCI Host Controller
[    1.057555] ehci-pci 0000:00:12.2: new USB bus registered, assigned bus number 1
[    1.060920] ehci-pci 0000:00:12.2: applying AMD SB700/SB800/Hudson-2/3 EHCI dummy qh workaround
[    1.064262] ehci-pci 0000:00:12.2: debug port 1
[    1.068303] ehci-pci 0000:00:12.2: irq 17, io mem 0xfeb6d000
[    1.100817] ehci-pci 0000:00:12.2: USB 2.0 started, EHCI 1.00
[    1.104124] usb usb1: New USB device found, idVendor=1d6b, idProduct=0002, bcdDevice= 5.02
[    1.107420] usb usb1: New USB device strings: Mfr=3, Product=2, SerialNumber=1
[    1.110666] usb usb1: Product: EHCI Host Controller
[    1.113866] usb usb1: Manufacturer: Linux 5.2.0-rc1+ ehci_hcd
[    1.117015] usb usb1: SerialNumber: 0000:00:12.2
[    1.121217] hub 1-0:1.0: USB hub found
[    1.124260] hub 1-0:1.0: 4 ports detected
[    1.129559] ehci-pci 0000:00:13.2: EHCI Host Controller
[    1.132695] ehci-pci 0000:00:13.2: new USB bus registered, assigned bus number 2
[    1.135646] ehci-pci 0000:00:13.2: applying AMD SB700/SB800/Hudson-2/3 EHCI dummy qh workaround
[    1.138627] ehci-pci 0000:00:13.2: debug port 1
[    1.141728] ehci-pci 0000:00:13.2: irq 17, io mem 0xfeb6b000
[    1.170803] ehci-pci 0000:00:13.2: USB 2.0 started, EHCI 1.00
[    1.173770] usb usb2: New USB device found, idVendor=1d6b, idProduct=0002, bcdDevice= 5.02
[    1.176738] usb usb2: New USB device strings: Mfr=3, Product=2, SerialNumber=1
[    1.179716] usb usb2: Product: EHCI Host Controller
[    1.182654] usb usb2: Manufacturer: Linux 5.2.0-rc1+ ehci_hcd
[    1.185574] usb usb2: SerialNumber: 0000:00:13.2
[    1.189654] hub 2-0:1.0: USB hub found
[    1.192576] hub 2-0:1.0: 4 ports detected
[    1.197537] ohci_hcd: USB 1.1 'Open' Host Controller (OHCI) Driver
[    1.200484] ohci-pci: OHCI PCI platform driver
[    1.203745] ohci-pci 0000:00:12.0: OHCI PCI host controller
[    1.206745] ohci-pci 0000:00:12.0: new USB bus registered, assigned bus number 3
[    1.209695] ohci-pci 0000:00:12.0: irq 18, io mem 0xfeb6e000
[    1.282510] battery: ACPI: Battery Slot [BAT0] (battery present)
[    1.289650] usb usb3: New USB device found, idVendor=1d6b, idProduct=0001, bcdDevice= 5.02
[    1.292603] usb usb3: New USB device strings: Mfr=3, Product=2, SerialNumber=1
[    1.295502] usb usb3: Product: OHCI PCI host controller
[    1.298360] usb usb3: Manufacturer: Linux 5.2.0-rc1+ ohci_hcd
[    1.301203] usb usb3: SerialNumber: 0000:00:12.0
[    1.304398] hub 3-0:1.0: USB hub found
[    1.307191] hub 3-0:1.0: 4 ports detected
[    1.312421] ohci-pci 0000:00:13.0: OHCI PCI host controller
[    1.315375] ohci-pci 0000:00:13.0: new USB bus registered, assigned bus number 4
[    1.318193] ohci-pci 0000:00:13.0: irq 18, io mem 0xfeb6c000
[    1.330796] ata2: SATA link down (SStatus 0 SControl 300)
[    1.394880] usb usb4: New USB device found, idVendor=1d6b, idProduct=0001, bcdDevice= 5.02
[    1.397706] usb usb4: New USB device strings: Mfr=3, Product=2, SerialNumber=1
[    1.400500] usb usb4: Product: OHCI PCI host controller
[    1.403274] usb usb4: Manufacturer: Linux 5.2.0-rc1+ ohci_hcd
[    1.406063] usb usb4: SerialNumber: 0000:00:13.0
[    1.409166] hub 4-0:1.0: USB hub found
[    1.411916] hub 4-0:1.0: 4 ports detected
[    1.416759] uhci_hcd: USB Universal Host Controller Interface driver
[    1.419589] usbcore: registered new interface driver usblp
[    1.422693] usbcore: registered new interface driver usb-storage
[    1.425468] usbcore: registered new interface driver ch341
[    1.428153] usbserial: USB Serial support registered for ch341-uart
[    1.431103] i8042: PNP: PS/2 Controller [PNP030b:PS2K,PNP0f03:PS2M] at 0x60,0x64 irq 1,12
[    1.435605] i8042: Detected active multiplexing controller, rev 1.1
[    1.439120] serio: i8042 KBD port at 0x60,0x64 irq 1
[    1.442052] serio: i8042 AUX0 port at 0x60,0x64 irq 12
[    1.444870] serio: i8042 AUX1 port at 0x60,0x64 irq 12
[    1.447654] serio: i8042 AUX2 port at 0x60,0x64 irq 12
[    1.450327] serio: i8042 AUX3 port at 0x60,0x64 irq 12
[    1.453438] mousedev: PS/2 mouse device common for all mice
[    1.456876] rtc_cmos 00:03: RTC can wake from S4
[    1.459925] rtc_cmos 00:03: registered as rtc0
[    1.462536] rtc_cmos 00:03: alarms up to one month, y3k, 114 bytes nvram, hpet irqs
[    1.465553] device-mapper: ioctl: 4.40.0-ioctl (2019-01-18) initialised: dm-devel@redhat.com
[    1.468529] EFI Variables Facility v0.08 2004-May-17
[    1.481322] hidraw: raw HID events driver (C) Jiri Kosina
[    1.486658] usbcore: registered new interface driver usbhid
[    1.489397] usbhid: USB HID core driver
[    1.499610] snd_hda_intel 0000:00:01.1: enabling device (0000 -> 0002)
[    1.502651] input: AT Translated Set 2 keyboard as /devices/platform/i8042/serio0/input/input4
[    1.507393] snd_hda_intel 0000:00:01.1: Force to non-snoop mode
[    1.514783] Initializing XFRM netlink socket
[    1.518729] NET: Registered protocol family 10
[    1.521535] ata1: SATA link up 6.0 Gbps (SStatus 133 SControl 300)
[    1.525256] Segment Routing with IPv6
[    1.528141] sit: IPv6, IPv4 and MPLS over IPv4 tunneling driver
[    1.531576] ata1.00: ATA-8: KINGSTON SV300S37A120G, 603ABBF0, max UDMA/133
[    1.531632] snd_hda_codec_generic hdaudioC0D0: autoconfig for Generic: line_outs=0 (0x0/0x0/0x0/0x0/0x0) type:line
[    1.534415] ata1.00: 234441648 sectors, multi 1: LBA48 NCQ (depth 32), AA
[    1.537365] snd_hda_codec_generic hdaudioC0D0:    speaker_outs=0 (0x0/0x0/0x0/0x0/0x0)
[    1.537371] snd_hda_codec_generic hdaudioC0D0:    hp_outs=0 (0x0/0x0/0x0/0x0/0x0)
[    1.537375] snd_hda_codec_generic hdaudioC0D0:    mono: mono_out=0x0
[    1.537379] snd_hda_codec_generic hdaudioC0D0:    dig-out=0x3/0x0
[    1.537383] snd_hda_codec_generic hdaudioC0D0:    inputs:
[    1.550366] NET: Registered protocol family 17
[    1.558931] random: fast init done
[    1.561357] input: HDA ATI HDMI HDMI as /devices/pci0000:00/0000:00:01.1/sound/card0/input6
[    1.565209] mce: Using 6 MCE banks
[    1.568210] microcode: CPU0: patch_level=0x0700010b
[    1.573811] ata1.00: configured for UDMA/133
[    1.577131] scsi 0:0:0:0: Direct-Access     ATA      KINGSTON SV300S3 BBF0 PQ: 0 ANSI: 5
[    1.580792] sd 0:0:0:0: [sda] 234441648 512-byte logical blocks: (120 GB/112 GiB)
[    1.584049] sd 0:0:0:0: Attached scsi generic sg0 type 0
[    1.587200] sd 0:0:0:0: [sda] Write Protect is off
[    1.590231] sd 0:0:0:0: [sda] Mode Sense: 00 3a 00 00
[    1.590397] sd 0:0:0:0: [sda] Write cache: enabled, read cache: enabled, doesn't support DPO or FUA
[    1.593610] microcode: CPU1: patch_level=0x0700010b
[    1.598673] snd_hda_codec_realtek hdaudioC1D0: autoconfig for ALC3229: line_outs=1 (0x14/0x0/0x0/0x0/0x0) type:speaker
[    1.601880] snd_hda_codec_realtek hdaudioC1D0:    speaker_outs=0 (0x0/0x0/0x0/0x0/0x0)
[    1.605070] snd_hda_codec_realtek hdaudioC1D0:    hp_outs=1 (0x21/0x0/0x0/0x0/0x0)
[    1.608273] snd_hda_codec_realtek hdaudioC1D0:    mono: mono_out=0x0
[    1.611511] snd_hda_codec_realtek hdaudioC1D0:    inputs:
[    1.614743] snd_hda_codec_realtek hdaudioC1D0:      Mic=0x19
[    1.617195] microcode: Microcode Update Driver: v2.2.
[    1.617236] sched_clock: Marking stable (1615454878, 1681766)->(1738996557, -121859913)
[    1.626293] registered taskstats version 1
[    1.629625] Loading compiled-in X.509 certificates
[    1.633322]  sda: sda1 sda2 sda3 sda4 sda5 sda6
[    1.637178] color, tsk->comm, weight, vruntime: 1 swapper/0 1048576 933946568
[    1.637181] rq->nr_running rq->cfs.nr_running : 2 2
[    1.638371] sd 0:0:0:0: [sda] Attached SCSI disk
[    1.640429] rq->load.weight, rq->cfs.load.weight : 5242880 5242880
[    1.640653] acpi_cpufreq: overriding BIOS provided _PSD data
[    1.661028] cfg80211: Loading compiled-in X.509 certificates for regulatory database
[    1.669523] input: HD-Audio Generic Headphone as /devices/pci0000:00/0000:00:14.2/sound/card1/input14
[    1.675130] cfg80211: Loaded X.509 cert 'sforshee: 00b28ddf47aef9cea7'
[    1.678507] platform regulatory.0: Direct firmware load for regulatory.db failed with error -2
[    1.681906] cfg80211: failed to load regulatory.db
[    1.685321] ALSA device list:
[    1.688622]   #0: HDA ATI HDMI at 0xfeb64000 irq 33
[    1.692019]   #1: HD-Audio Generic at 0xfeb60000 irq 16
[    1.889071] usb 4-2: new full-speed USB device number 2 using ohci-pci
[    1.929107] tsc: Refined TSC clocksource calibration: 998.127 MHz
[    1.932275] clocksource: tsc: mask: 0xffffffffffffffff max_cycles: 0x1cc65b93289, max_idle_ns: 881590487074 ns
[    1.935583] clocksource: Switched to clocksource tsc
[    2.161506] usb 4-2: New USB device found, idVendor=13d3, idProduct=3362, bcdDevice= 0.01
[    2.164928] usb 4-2: New USB device strings: Mfr=1, Product=2, SerialNumber=3
[    2.168368] usb 4-2: Product: Bluetooth USB Host Controller
[    2.171811] usb 4-2: Manufacturer: Atheros Communications
[    2.175245] usb 4-2: SerialNumber: Alaska Day 2006
[    2.322354] input: PS/2 Logitech Wheel Mouse as /devices/platform/i8042/serio4/input/input13
[    2.328462] md: Waiting for all devices to be available before autodetect
[    2.331929] md: If you don't use raid, use raid=noautodetect
[    2.335807] md: Autodetecting RAID arrays.
[    2.339231] md: autorun ...
[    2.342561] md: ... autorun DONE.
[    2.350690] EXT4-fs (sda2): mounted filesystem with ordered data mode. Opts: (null)
[    2.354175] VFS: Mounted root (ext4 filesystem) readonly on device 8:2.
[    2.359171] devtmpfs: mounted
[    2.363427] Freeing unused kernel image memory: 1296K
[    2.409114] Write protecting the kernel read-only data: 22528k
[    2.414009] Freeing unused kernel image memory: 1984K
[    2.418505] Freeing unused kernel image memory: 1692K
[    2.421814] Run /sbin/init as init process
[    2.473506] stty (1756) used greatest stack depth: 13792 bytes left
[    2.549110] usb 2-3: new high-speed USB device number 3 using ehci-pci
[    2.573735] sed (1770) used greatest stack depth: 13576 bytes left
[    2.649205] rq->nr_running rq->cfs.nr_running : 1 1
[    2.652721] rq->load.weight, rq->cfs.load.weight : 1048576 1048576
[    2.740408] ip (1814) used greatest stack depth: 12552 bytes left
[    2.782332] usb 2-3: New USB device found, idVendor=04f2, idProduct=b404, bcdDevice=69.63
[    2.786217] usb 2-3: New USB device strings: Mfr=3, Product=1, SerialNumber=2
[    2.790203] usb 2-3: Product: USB2.0 HD UVC WebCam
[    2.794096] usb 2-3: Manufacturer: Chicony Electronics Co.,Ltd.
[    2.797945] usb 2-3: SerialNumber: 0x0001
[    2.861414] udevd[1848]: starting version 3.2.1
[    2.870845] random: udevd: uninitialized urandom read (16 bytes read)
[    2.875094] random: udevd: uninitialized urandom read (16 bytes read)
[    2.879170] random: udevd: uninitialized urandom read (16 bytes read)
[    2.897810] udevd[1849]: starting eudev-3.2.1
[    3.241052] r8169 0000:02:00.0 enp2s0: renamed from eth0
[    3.289817] ath9k 0000:01:00.0 wlp1s0: renamed from wlan0
[    3.409849] [drm] radeon kernel modesetting enabled.
[    3.413513] radeon 0000:00:01.0: remove_conflicting_pci_framebuffers: bar 0: 0xc0000000 -> 0xcfffffff
[    3.417148] radeon 0000:00:01.0: remove_conflicting_pci_framebuffers: bar 2: 0xd0000000 -> 0xd07fffff
[    3.420772] radeon 0000:00:01.0: remove_conflicting_pci_framebuffers: bar 5: 0xfeb00000 -> 0xfeb3ffff
[    3.450507] checking generic (c0000000 420000) vs hw (c0000000 10000000)
[    3.450511] fb0: switching to radeondrmfb from EFI VGA
[    3.456899] Console: switching to colour dummy device 80x25
[    3.457696] radeon 0000:00:01.0: vgaarb: deactivate vga console
[    3.461697] [drm] initializing kernel modesetting (KABINI 0x1002:0x9839 0x1043:0x141D 0x00).
[    3.461772] [drm] doorbell mmio base: 0xD0000000
[    3.461780] [drm] doorbell mmio size: 8388608
[    3.461814] ATOM BIOS: AMD
[    3.461890] [drm] Changing default dispclk from 400Mhz to 600Mhz
[    3.461933] radeon 0000:00:01.0: VRAM: 512M 0x0000000000000000 - 0x000000001FFFFFFF (512M used)
[    3.461947] radeon 0000:00:01.0: GTT: 2048M 0x0000000020000000 - 0x000000009FFFFFFF
[    3.461970] [drm] Detected VRAM RAM=512M, BAR=256M
[    3.461978] [drm] RAM width 128bits DDR
[    3.464546] [TTM] Zone  kernel: Available graphics memory: 1729516 KiB
[    3.464561] [TTM] Initializing pool allocator
[    3.464585] [TTM] Initializing DMA pool allocator
[    3.464649] [drm] radeon: 512M of VRAM memory ready
[    3.464658] [drm] radeon: 2048M of GTT memory ready.
[    3.464697] [drm] Loading kabini Microcode
[    3.470552] [drm] Internal thermal controller without fan control
[    3.471581] [drm] radeon: dpm initialized
[    3.472829] [drm] Found UVD firmware Version: 1.64 Family ID: 9
[    3.477535] [drm] Found VCE firmware/feedback version 40.2.2 / 15!
[    3.477593] [drm] GART: num cpu pages 524288, num gpu pages 524288
[    3.543549] [drm] PCIE GART of 2048M enabled (table at 0x000000000030E000).
[    3.543823] radeon 0000:00:01.0: WB enabled
[    3.543876] radeon 0000:00:01.0: fence driver on ring 0 use gpu addr 0x0000000020000c00 and cpu addr 0x(____ptrval____)
[    3.543893] radeon 0000:00:01.0: fence driver on ring 1 use gpu addr 0x0000000020000c04 and cpu addr 0x(____ptrval____)
[    3.543908] radeon 0000:00:01.0: fence driver on ring 2 use gpu addr 0x0000000020000c08 and cpu addr 0x(____ptrval____)
[    3.543923] radeon 0000:00:01.0: fence driver on ring 3 use gpu addr 0x0000000020000c0c and cpu addr 0x(____ptrval____)
[    3.543937] radeon 0000:00:01.0: fence driver on ring 4 use gpu addr 0x0000000020000c10 and cpu addr 0x(____ptrval____)
[    3.544861] radeon 0000:00:01.0: fence driver on ring 5 use gpu addr 0x0000000000078d30 and cpu addr 0x(____ptrval____)
[    3.545243] radeon 0000:00:01.0: fence driver on ring 6 use gpu addr 0x0000000020000c18 and cpu addr 0x(____ptrval____)
[    3.545258] radeon 0000:00:01.0: fence driver on ring 7 use gpu addr 0x0000000020000c1c and cpu addr 0x(____ptrval____)
[    3.545272] [drm] Supports vblank timestamp caching Rev 2 (21.10.2013).
[    3.545279] [drm] Driver supports precise vblank timestamp query.
[    3.545401] radeon 0000:00:01.0: radeon: using MSI.
[    3.545467] [drm] radeon: irq initialized.
[    3.549363] [drm] ring test on 0 succeeded in 3 usecs
[    3.549489] [drm] ring test on 1 succeeded in 3 usecs
[    3.549529] [drm] ring test on 2 succeeded in 4 usecs
[    3.549860] [drm] ring test on 3 succeeded in 6 usecs
[    3.549879] [drm] ring test on 4 succeeded in 6 usecs
[    3.615795] [drm] ring test on 5 succeeded in 2 usecs
[    3.636795] [drm] UVD initialized successfully.
[    3.664043] color, tsk->comm, weight, vruntime: -109890079986535 udevd 1048576 1956854098
[    3.664048] color, tsk->comm, weight, vruntime: 1 udevd 1048576 1956854098
[    3.664070] color, tsk->comm, weight, vruntime: -109890083127144 udevd 1048576 1956854098
[    3.664080] color, tsk->comm, weight, vruntime: -109890079986535 udevd 1048576 1964354095
[    3.664092] color, tsk->comm, weight, vruntime: -109890083127144 udevd 1048576 1964354096
[    3.664103] rq->nr_running rq->cfs.nr_running : 6 6
[    3.664117] rq->load.weight, rq->cfs.load.weight : 6291456 6291456
[    3.765428] [drm] ring test on 6 succeeded in 20 usecs
[    3.765465] [drm] ring test on 7 succeeded in 3 usecs
[    3.765472] [drm] VCE initialized successfully.
[    3.767568] [drm] ib test on ring 0 succeeded in 0 usecs
[    3.768083] [drm] ib test on ring 1 succeeded in 0 usecs
[    3.768357] [drm] ib test on ring 2 succeeded in 0 usecs
[    3.768634] [drm] ib test on ring 3 succeeded in 0 usecs
[    3.768907] [drm] ib test on ring 4 succeeded in 0 usecs
[    4.299240] [drm] ib test on ring 5 succeeded
[    4.320473] [drm] ib test on ring 6 succeeded
[    4.321450] [drm] ib test on ring 7 succeeded
[    4.369115] [drm] radeon atom DIG backlight initialized
[    4.369137] [drm] Radeon Display Connectors
[    4.369144] [drm] Connector 0:
[    4.369150] [drm]   LVDS-1
[    4.369156] [drm]   HPD1
[    4.369164] [drm]   DDC: 0x6530 0x6530 0x6534 0x6534 0x6538 0x6538 0x653c 0x653c
[    4.369173] [drm]   Encoders:
[    4.369179] [drm]     LCD1: INTERNAL_UNIPHY
[    4.369185] [drm] Connector 1:
[    4.369191] [drm]   HDMI-A-1
[    4.369196] [drm]   HPD2
[    4.369204] [drm]   DDC: 0x6540 0x6540 0x6544 0x6544 0x6548 0x6548 0x654c 0x654c
[    4.369212] [drm]   Encoders:
[    4.369217] [drm]     DFP1: INTERNAL_UNIPHY
[    4.369223] [drm] Connector 2:
[    4.369228] [drm]   VGA-1
[    4.369236] [drm]   DDC: 0x65c0 0x65c0 0x65c4 0x65c4 0x65c8 0x65c8 0x65cc 0x65cc
[    4.369245] [drm]   Encoders:
[    4.369250] [drm]     CRT1: INTERNAL_KLDSCP_DAC1
[    4.669059] rq->nr_running rq->cfs.nr_running : 1 1
[    4.669070] rq->load.weight, rq->cfs.load.weight : 1048576 1048576
[    5.451234] [drm] fb mappable at 0xC0722000
[    5.451256] [drm] vram apper at 0xC0000000
[    5.451263] [drm] size 4325376
[    5.451269] [drm] fb depth is 24
[    5.451274] [drm]    pitch is 5632
[    5.451649] fbcon: radeondrmfb (fb0) is primary device
[    5.559333] Console: switching to colour frame buffer device 170x48
[    5.569668] radeon 0000:00:01.0: fb0: radeondrmfb frame buffer device
[    5.617917] [drm] Initialized radeon 2.50.0 20080528 for 0000:00:01.0 on minor 0
[    5.679092] rq->nr_running rq->cfs.nr_running : 1 1
[    5.679193] rq->load.weight, rq->cfs.load.weight : 1048576 1048576
[    5.713699] Adding 3608572k swap on /dev/sda4.  Priority:1 extents:1 across:3608572k SS
[    5.766477] EXT4-fs (sda2): re-mounted. Opts: (null)
[    5.874139] EXT4-fs (sda2): re-mounted. Opts: (null)
[    6.689069] rq->nr_running rq->cfs.nr_running : 1 1
[    6.689165] rq->load.weight, rq->cfs.load.weight : 1048576 1048576
[    7.699080] rq->nr_running rq->cfs.nr_running : 1 1
[    7.706174] rq->load.weight, rq->cfs.load.weight : 1048576 1048576
[    8.631517] urandom_read: 6 callbacks suppressed
[    8.631522] random: wpa_supplicant: uninitialized urandom read (32 bytes read)
[    8.709097] color, tsk->comm, weight, vruntime: 1 rcu_sched 1048576 6633020409
[    8.709102] color, tsk->comm, weight, vruntime: 1 hostname 1048576 6639025522
[    8.713181] rq->nr_running rq->cfs.nr_running : 1 1
[    8.721539] rq->load.weight, rq->cfs.load.weight : 1048576 1048576
[    9.719066] rq->nr_running rq->cfs.nr_running : 0 0
[    9.727338] rq->load.weight, rq->cfs.load.weight : 0 0
[    9.979956] wlp1s0: authenticate with 64:66:b3:cd:9a:3a
[   10.011222] wlp1s0: send auth to 64:66:b3:cd:9a:3a (try 1/3)
[   10.018452] wlp1s0: authenticated
[   10.029136] wlp1s0: associate with 64:66:b3:cd:9a:3a (try 1/3)
[   10.040163] wlp1s0: RX AssocResp from 64:66:b3:cd:9a:3a (capab=0x431 status=0 aid=1)
[   10.044672] wlp1s0: associated
[   10.076501] IPv6: ADDRCONF(NETDEV_CHANGE): wlp1s0: link becomes ready
[   10.729074] rq->nr_running rq->cfs.nr_running : 0 0
[   10.733432] rq->load.weight, rq->cfs.load.weight : 0 0
[   11.096225] udevd (2252) used greatest stack depth: 11736 bytes left
[   11.739064] rq->nr_running rq->cfs.nr_running : 1 1
[   11.743430] rq->load.weight, rq->cfs.load.weight : 1048576 1048576
[   12.749067] rq->nr_running rq->cfs.nr_running : 1 1
[   12.757651] rq->load.weight, rq->cfs.load.weight : 1048576 1048576
[   13.759064] rq->nr_running rq->cfs.nr_running : 1 1
[   13.767352] rq->load.weight, rq->cfs.load.weight : 1048576 1048576
[   14.769065] rq->nr_running rq->cfs.nr_running : 1 1
[   14.777161] rq->load.weight, rq->cfs.load.weight : 1048576 1048576
[   15.779064] rq->nr_running rq->cfs.nr_running : 1 1
[   15.786932] rq->load.weight, rq->cfs.load.weight : 1048576 1048576
[   16.789063] rq->nr_running rq->cfs.nr_running : 1 1
[   16.796779] rq->load.weight, rq->cfs.load.weight : 1048576 1048576
[   17.799067] rq->nr_running rq->cfs.nr_running : 1 1
[   17.806627] rq->load.weight, rq->cfs.load.weight : 1048576 1048576
[   18.809063] rq->nr_running rq->cfs.nr_running : 1 1
[   18.816630] rq->load.weight, rq->cfs.load.weight : 1048576 1048576
[   19.819062] rq->nr_running rq->cfs.nr_running : 1 1
[   19.826693] rq->load.weight, rq->cfs.load.weight : 1048576 1048576
[   20.829063] rq->nr_running rq->cfs.nr_running : 1 1
[   20.836594] rq->load.weight, rq->cfs.load.weight : 1048576 1048576
[  485.656932] random: crng init done
