[    0.000000] Linux version 5.2.0-rc6+ (root@(none)) (gcc version 9.0.1 20190416 (experimental) (GCC)) #136 SMP Thu Jun 27 20:08:07 +05 2019
[    0.000000] Command line: BOOT_IMAGE=/boot/bzImage root=/dev/sda2 ro
[    0.000000] x86/fpu: Supporting XSAVE feature 0x001: 'x87 floating point registers'
[    0.000000] x86/fpu: Supporting XSAVE feature 0x002: 'SSE registers'
[    0.000000] x86/fpu: Supporting XSAVE feature 0x004: 'AVX registers'
[    0.000000] x86/fpu: xstate_offset[2]:  576, xstate_sizes[2]:  256
[    0.000000] x86/fpu: Enabled xstate features 0x7, context size is 832 bytes, using 'standard' format.
[    0.000000] BIOS-provided physical RAM map:
[    0.000000] BIOS-e820: [mem 0x0000000000000000-0x000000000009ffff] usable
[    0.000000] BIOS-e820: [mem 0x0000000000100000-0x000000009d0f7fff] usable
[    0.000000] BIOS-e820: [mem 0x000000009d0f8000-0x000000009d127fff] reserved
[    0.000000] BIOS-e820: [mem 0x000000009d128000-0x000000009d370fff] usable
[    0.000000] BIOS-e820: [mem 0x000000009d371000-0x000000009dc56fff] ACPI NVS
[    0.000000] BIOS-e820: [mem 0x000000009dc57000-0x000000009e959fff] reserved
[    0.000000] BIOS-e820: [mem 0x000000009e95a000-0x000000009e9cafff] type 20
[    0.000000] BIOS-e820: [mem 0x000000009e9cb000-0x000000009e9cbfff] usable
[    0.000000] BIOS-e820: [mem 0x000000009e9cc000-0x000000009e9d3fff] ACPI NVS
[    0.000000] BIOS-e820: [mem 0x000000009e9d4000-0x000000009eb24fff] usable
[    0.000000] BIOS-e820: [mem 0x000000009eb25000-0x000000009f041fff] reserved
[    0.000000] BIOS-e820: [mem 0x000000009f042000-0x000000009f080fff] usable
[    0.000000] BIOS-e820: [mem 0x000000009f081000-0x000000009f3f1fff] reserved
[    0.000000] BIOS-e820: [mem 0x000000009f3f2000-0x000000009f3fffff] usable
[    0.000000] BIOS-e820: [mem 0x00000000fec00000-0x00000000fec01fff] reserved
[    0.000000] BIOS-e820: [mem 0x00000000fec10000-0x00000000fec10fff] reserved
[    0.000000] BIOS-e820: [mem 0x00000000fed00000-0x00000000fed00fff] reserved
[    0.000000] BIOS-e820: [mem 0x00000000fed80000-0x00000000fed8ffff] reserved
[    0.000000] BIOS-e820: [mem 0x00000000ff000000-0x00000000ffffffff] reserved
[    0.000000] BIOS-e820: [mem 0x0000000100001000-0x000000013effffff] usable
[    0.000000] NX (Execute Disable) protection: active
[    0.000000] efi: EFI v2.31 by American Megatrends
[    0.000000] efi:  ACPI=0x9d3f3000  ACPI 2.0=0x9d3f3000  SMBIOS=0x9e958998 
[    0.000000] SMBIOS 2.7 present.
[    0.000000] DMI: ASUSTeK COMPUTER INC. X102BA/X102BA, BIOS X102BA.212 08/30/2013
[    0.000000] tsc: Fast TSC calibration using PIT
[    0.000000] tsc: Detected 998.163 MHz processor
[    0.000214] e820: update [mem 0x00000000-0x00000fff] usable ==> reserved
[    0.000219] e820: remove [mem 0x000a0000-0x000fffff] usable
[    0.000240] last_pfn = 0x13f000 max_arch_pfn = 0x400000000
[    0.000250] MTRR default type: uncachable
[    0.000251] MTRR fixed ranges enabled:
[    0.000255]   00000-9FFFF write-back
[    0.000258]   A0000-BFFFF write-through
[    0.000260]   C0000-DFFFF uncachable
[    0.000263]   E0000-FFFFF write-protect
[    0.000265] MTRR variable ranges enabled:
[    0.000269]   0 base 0000000000 mask FF80000000 write-back
[    0.000273]   1 base 0080000000 mask FFE0000000 write-back
[    0.000276]   2 base 009F400000 mask FFFFC00000 uncachable
[    0.000279]   3 base 009F800000 mask FFFF800000 uncachable
[    0.000280]   4 disabled
[    0.000282]   5 disabled
[    0.000283]   6 disabled
[    0.000284]   7 disabled
[    0.000286] TOM2: 000000013f000000 aka 5104M
[    0.000801] x86/PAT: Configuration [0-7]: WB  WC  UC- UC  WB  WP  UC- WT  
[    0.001074] e820: update [mem 0x9f400000-0xffffffff] usable ==> reserved
[    0.001089] last_pfn = 0x9f400 max_arch_pfn = 0x400000000
[    0.014808] check: Scanning 1 areas for low memory corruption
[    0.014821] Using GB pages for direct mapping
[    0.014829] BRK [0x2de01000, 0x2de01fff] PGTABLE
[    0.014834] BRK [0x2de02000, 0x2de02fff] PGTABLE
[    0.014837] BRK [0x2de03000, 0x2de03fff] PGTABLE
[    0.015014] BRK [0x2de04000, 0x2de04fff] PGTABLE
[    0.015019] BRK [0x2de05000, 0x2de05fff] PGTABLE
[    0.015303] BRK [0x2de06000, 0x2de06fff] PGTABLE
[    0.016629] BRK [0x2de07000, 0x2de07fff] PGTABLE
[    0.016896] BRK [0x2de08000, 0x2de08fff] PGTABLE
[    0.017120] BRK [0x2de09000, 0x2de09fff] PGTABLE
[    0.017405] BRK [0x2de0a000, 0x2de0afff] PGTABLE
[    0.017732] BRK [0x2de0b000, 0x2de0bfff] PGTABLE
[    0.017957] Secure boot could not be determined
[    0.017972] ACPI: Early table checksum verification disabled
[    0.017983] ACPI: RSDP 0x000000009D3F3000 000024 (v02 _ASUS_)
[    0.017995] ACPI: XSDT 0x000000009D3F3088 000094 (v01 _ASUS_ Notebook 01072009 AMI  00010013)
[    0.018012] ACPI: FACP 0x000000009D400748 00010C (v05 _ASUS_ Notebook 01072009 AMI  00010013)
[    0.018028] ACPI BIOS Warning (bug): Optional FADT field Pm2ControlBlock has valid Length but zero Address: 0x0000000000000000/0x1 (20190509/tbfadt-615)
[    0.018042] ACPI: DSDT 0x000000009D3F31A8 00D59D (v02 _ASUS_ Notebook 00000000 INTL 20091112)
[    0.018053] ACPI: FACS 0x000000009DC4B080 000040
[    0.018062] ACPI: APIC 0x000000009D400858 00007E (v03 _ASUS_ Notebook 01072009 AMI  00010013)
[    0.018073] ACPI: FPDT 0x000000009D4008D8 000044 (v01 _ASUS_ Notebook 01072009 AMI  00010013)
[    0.018084] ACPI: ECDT 0x000000009D400920 0000C1 (v01 _ASUS_ Notebook 01072009 AMI. 00000005)
[    0.018094] ACPI: MCFG 0x000000009D4009E8 00003C (v01 _ASUS_ Notebook 01072009 MSFT 00010013)
[    0.018105] ACPI: HPET 0x000000009D400A28 000038 (v01 _ASUS_ Notebook 01072009 AMI  00000005)
[    0.018115] ACPI: VFCT 0x000000009D400A60 004684 (v01 _ASUS_ Notebook 00000001 AMD  31504F47)
[    0.018126] ACPI: BGRT 0x000000009D4050E8 000038 (v00 _ASUS_ Notebook 01072009 ASUS 00010013)
[    0.018137] ACPI: SSDT 0x000000009D405120 0005E0 (v01 AMD    AGESA    00000001 AMD  00000001)
[    0.018148] ACPI: SSDT 0x000000009D405700 0046D1 (v02 AMD    AGESA    00000002 MSFT 04000000)
[    0.018158] ACPI: CRAT 0x000000009D409DD8 000228 (v01 AMD    AGESA    00000001 AMD  00000001)
[    0.018169] ACPI: SSDT 0x000000009D40A000 001411 (v01 AMD    CPMDFIGP 00000001 INTL 20051117)
[    0.018179] ACPI: SSDT 0x000000009D40B418 0010E8 (v01 AMD    CPMCMN   00000001 INTL 20051117)
[    0.018190] ACPI: MSDM 0x000000009D127F98 000055 (v03 _ASUS_ Notebook 00000000 ASUS 00000001)
[    0.018219] ACPI: Local APIC address 0xfee00000
[    0.018479] No NUMA configuration found
[    0.018483] Faking a node at [mem 0x0000000000000000-0x000000013effffff]
[    0.018497] NODE_DATA(0) allocated [mem 0x13effa000-0x13effdfff]
[    0.018550] Zone ranges:
[    0.018553]   DMA      [mem 0x0000000000001000-0x0000000000ffffff]
[    0.018558]   DMA32    [mem 0x0000000001000000-0x00000000ffffffff]
[    0.018562]   Normal   [mem 0x0000000100000000-0x000000013effffff]
[    0.018567] Movable zone start for each node
[    0.018569] Early memory node ranges
[    0.018573]   node   0: [mem 0x0000000000001000-0x000000000009ffff]
[    0.018577]   node   0: [mem 0x0000000000100000-0x000000009d0f7fff]
[    0.018580]   node   0: [mem 0x000000009d128000-0x000000009d370fff]
[    0.018583]   node   0: [mem 0x000000009e9cb000-0x000000009e9cbfff]
[    0.018586]   node   0: [mem 0x000000009e9d4000-0x000000009eb24fff]
[    0.018589]   node   0: [mem 0x000000009f042000-0x000000009f080fff]
[    0.018593]   node   0: [mem 0x000000009f3f2000-0x000000009f3fffff]
[    0.018596]   node   0: [mem 0x0000000100001000-0x000000013effffff]
[    0.018923] Zeroed struct page in unavailable ranges: 11138 pages
[    0.018931] Initmem setup node 0 [mem 0x0000000000001000-0x000000013effffff]
[    0.018939] On node 0 totalpages: 902270
[    0.018942]   DMA zone: 64 pages used for memmap
[    0.018944]   DMA zone: 23 pages reserved
[    0.018947]   DMA zone: 3999 pages, LIFO batch:0
[    0.019159]   DMA32 zone: 10004 pages used for memmap
[    0.019161]   DMA32 zone: 640224 pages, LIFO batch:63
[    0.058722]   Normal zone: 4032 pages used for memmap
[    0.058728]   Normal zone: 258047 pages, LIFO batch:63
[    0.071840] ACPI: PM-Timer IO Port: 0x808
[    0.071851] ACPI: Local APIC address 0xfee00000
[    0.071869] ACPI: LAPIC_NMI (acpi_id[0xff] high edge lint[0x1])
[    0.071885] IOAPIC[0]: apic_id 3, version 33, address 0xfec00000, GSI 0-23
[    0.071895] IOAPIC[1]: apic_id 4, version 33, address 0xfec01000, GSI 24-55
[    0.071902] ACPI: INT_SRC_OVR (bus 0 bus_irq 0 global_irq 2 dfl dfl)
[    0.071908] ACPI: INT_SRC_OVR (bus 0 bus_irq 9 global_irq 9 low level)
[    0.071912] ACPI: IRQ0 used by override.
[    0.071915] ACPI: IRQ9 used by override.
[    0.071920] Using ACPI (MADT) for SMP configuration information
[    0.071925] ACPI: HPET id: 0x10228210 base: 0xfed00000
[    0.071940] smpboot: Allowing 4 CPUs, 2 hotplug CPUs
[    0.072013] PM: Registered nosave memory: [mem 0x00000000-0x00000fff]
[    0.072020] PM: Registered nosave memory: [mem 0x000a0000-0x000fffff]
[    0.072027] PM: Registered nosave memory: [mem 0x9d0f8000-0x9d127fff]
[    0.072034] PM: Registered nosave memory: [mem 0x9d371000-0x9dc56fff]
[    0.072037] PM: Registered nosave memory: [mem 0x9dc57000-0x9e959fff]
[    0.072040] PM: Registered nosave memory: [mem 0x9e95a000-0x9e9cafff]
[    0.072046] PM: Registered nosave memory: [mem 0x9e9cc000-0x9e9d3fff]
[    0.072053] PM: Registered nosave memory: [mem 0x9eb25000-0x9f041fff]
[    0.072059] PM: Registered nosave memory: [mem 0x9f081000-0x9f3f1fff]
[    0.072066] PM: Registered nosave memory: [mem 0x9f400000-0xfebfffff]
[    0.072069] PM: Registered nosave memory: [mem 0xfec00000-0xfec01fff]
[    0.072071] PM: Registered nosave memory: [mem 0xfec02000-0xfec0ffff]
[    0.072074] PM: Registered nosave memory: [mem 0xfec10000-0xfec10fff]
[    0.072077] PM: Registered nosave memory: [mem 0xfec11000-0xfecfffff]
[    0.072079] PM: Registered nosave memory: [mem 0xfed00000-0xfed00fff]
[    0.072082] PM: Registered nosave memory: [mem 0xfed01000-0xfed7ffff]
[    0.072085] PM: Registered nosave memory: [mem 0xfed80000-0xfed8ffff]
[    0.072088] PM: Registered nosave memory: [mem 0xfed90000-0xfeffffff]
[    0.072090] PM: Registered nosave memory: [mem 0xff000000-0xffffffff]
[    0.072093] PM: Registered nosave memory: [mem 0x100000000-0x100000fff]
[    0.072100] [mem 0x9f400000-0xfebfffff] available for PCI devices
[    0.072112] clocksource: refined-jiffies: mask: 0xffffffff max_cycles: 0xffffffff, max_idle_ns: 19112604462750000 ns
[    0.492445] setup_percpu: NR_CPUS:64 nr_cpumask_bits:64 nr_cpu_ids:4 nr_node_ids:1
[    0.493638] percpu: Embedded 51 pages/cpu s170008 r8192 d30696 u524288
[    0.493676] pcpu-alloc: s170008 r8192 d30696 u524288 alloc=1*2097152
[    0.493679] pcpu-alloc: [0] 0 1 2 3 
[    0.493759] Built 1 zonelists, mobility grouping on.  Total pages: 888147
[    0.493763] Policy zone: Normal
[    0.493770] Kernel command line: BOOT_IMAGE=/boot/bzImage root=/dev/sda2 ro
[    0.558522] Memory: 3432168K/3609080K available (14357K kernel code, 1433K rwdata, 4456K rodata, 1296K init, 856K bss, 176912K reserved, 0K cma-reserved)
[    0.558742] SLUB: HWalign=64, Order=0-3, MinObjects=0, CPUs=4, Nodes=1
[    0.558979] rcu: Hierarchical RCU implementation.
[    0.558983] rcu: 	RCU event tracing is enabled.
[    0.558987] rcu: 	RCU restricting CPUs from NR_CPUS=64 to nr_cpu_ids=4.
[    0.558992] rcu: RCU calculated value of scheduler-enlistment delay is 10 jiffies.
[    0.558996] rcu: Adjusting geometry for rcu_fanout_leaf=16, nr_cpu_ids=4
[    0.559587] NR_IRQS: 4352, nr_irqs: 1000, preallocated irqs: 16
[    0.560184] random: get_random_bytes called from start_kernel+0x2c6/0x493 with crng_init=0
[    0.560268] Console: colour dummy device 80x25
[    0.560942] printk: console [tty0] enabled
[    0.560990] ACPI: Core revision 20190509
[    0.561791] clocksource: hpet: mask: 0xffffffff max_cycles: 0xffffffff, max_idle_ns: 133484873504 ns
[    0.561821] hpet clockevent registered
[    0.561832] APIC: Switch to symmetric I/O mode setup
[    0.562693] ..TIMER: vector=0x30 apic1=0 pin1=2 apic2=-1 pin2=-1
[    0.611832] clocksource: tsc-early: mask: 0xffffffffffffffff max_cycles: 0x1cc69f7f992, max_idle_ns: 881590416994 ns
[    0.611848] Calibrating delay loop (skipped), value calculated using timer frequency.. 1996.32 BogoMIPS (lpj=9981630)
[    0.611864] pid_max: default: 32768 minimum: 301
[    0.614456] LSM: Security Framework initializing
[    0.614490] SELinux:  Initializing.
[    0.614527] *** VALIDATE SELinux ***
[    0.616779] Dentry cache hash table entries: 524288 (order: 10, 4194304 bytes)
[    0.617964] Inode-cache hash table entries: 262144 (order: 9, 2097152 bytes)
[    0.618064] Mount-cache hash table entries: 8192 (order: 4, 65536 bytes)
[    0.618109] Mountpoint-cache hash table entries: 8192 (order: 4, 65536 bytes)
[    0.618518] *** VALIDATE proc ***
[    0.618609] *** VALIDATE cgroup1 ***
[    0.618619] *** VALIDATE cgroup2 ***
[    0.618724] LVT offset 1 assigned for vector 0xf9
[    0.618741] Last level iTLB entries: 4KB 512, 2MB 8, 4MB 4
[    0.618749] Last level dTLB entries: 4KB 512, 2MB 256, 4MB 128, 1GB 0
[    0.618759] Spectre V2 : Mitigation: Full AMD retpoline
[    0.618765] Spectre V2 : Spectre v2 / SpectreRSB mitigation: Filling RSB on context switch
[    0.618777] Speculative Store Bypass: Mitigation: Speculative Store Bypass disabled via prctl and seccomp
[    0.619359] Freeing SMP alternatives memory: 40K
[    0.631846] smpboot: CPU0: AMD A4-1200 APU with Radeon(TM) HD Graphics (family: 0x16, model: 0x0, stepping: 0x1)
[    0.631846] Performance Events: AMD PMU driver.
[    0.631846] ... version:                0
[    0.631846] ... bit width:              48
[    0.631846] ... generic registers:      4
[    0.631846] ... value mask:             0000ffffffffffff
[    0.631846] ... max period:             00007fffffffffff
[    0.631846] ... fixed-purpose events:   0
[    0.631846] ... event mask:             000000000000000f
[    0.631846] rcu: Hierarchical SRCU implementation.
[    0.631846] MCE: In-kernel MCE decoding enabled.
[    0.631846] smp: Bringing up secondary CPUs ...
[    0.631846] x86: Booting SMP configuration:
[    0.631846] .... node  #0, CPUs:      #1
[    0.631846] smp: Brought up 1 node, 2 CPUs
[    0.631846] smpboot: Max logical packages: 2
[    0.631846] smpboot: Total of 2 processors activated (3992.65 BogoMIPS)
[    0.631846] devtmpfs: initialized
[    0.631846] PM: Registering ACPI NVS region [mem 0x9d371000-0x9dc56fff] (9330688 bytes)
[    0.631846] PM: Registering ACPI NVS region [mem 0x9e9cc000-0x9e9d3fff] (32768 bytes)
[    0.631846] clocksource: jiffies: mask: 0xffffffff max_cycles: 0xffffffff, max_idle_ns: 19112604462750000 ns
[    0.631846] futex hash table entries: 1024 (order: 4, 65536 bytes)
[    0.631846] kworker/u8:0 (22) used greatest stack depth: 14624 bytes left
[    0.631846] NET: Registered protocol family 16
[    0.631846] audit: initializing netlink subsys (disabled)
[    0.631846] audit: type=2000 audit(1561701820.060:1): state=initialized audit_enabled=0 res=1
[    0.631846] cpuidle: using governor ladder
[    0.631846] cpuidle: using governor menu
[    0.631846] ACPI FADT declares the system doesn't support PCIe ASPM, so disable it
[    0.631846] ACPI: bus type PCI registered
[    0.631846] PCI: MMCONFIG for domain 0000 [bus 00-ff] at [mem 0xe0000000-0xefffffff] (base 0xe0000000)
[    0.631846] PCI: not using MMCONFIG
[    0.631846] PCI: Using configuration type 1 for base access
[    0.631846] PCI: Using configuration type 1 for extended access
[    0.631880] rq->curr == THREAD(this messg)
[    0.631886] color, tsk->comm, weight, vruntime: -128529143869031 kworker/u8:1 1048576 47834697
[    0.631896] color, tsk->comm, weight, vruntime: -128529143879400 kworker/u8:1 1048576 47834697
[    0.631907] color, tsk->comm, weight, vruntime: -128529143869031 kworker/u8:1 1048576 47834697
[    0.631918] color, tsk->comm, weight, vruntime: 1 kworker/u8:1 1048576 48048984
[    0.631929] color, tsk->comm, weight, vruntime: -128529136096103 kworker/u8:1 1048576 48334698
[    0.631939] color, tsk->comm, weight, vruntime: -128529143879400 kworker/u8:1 1048576 48734697
[    0.631950] color, tsk->comm, weight, vruntime: -128529136096103 kworker/u8:1 1048576 49334697
[    0.631959] proc in rq 7
[    0.631970] rq->nr_running rq->cfs.nr_running : 8 8
[    0.631980] rq->load.weight, rq->cfs.load.weight : 8388608 8388608
[    0.631981] ----------------^^^^CPU0^^^^^-----------------------
[    0.631989] rq->curr->pid == 1
[    0.631997] color, tsk->comm, weight, vruntime: -128529143889768 kworker/u8:0 1048576 28351403
[    0.632004] color, tsk->comm, weight, vruntime: -128529136099559 kworker/u8:1 1048576 34351403
[    0.632014] color, tsk->comm, weight, vruntime: 1 kworker/u8:1 1048576 34951403
[    0.632025] color, tsk->comm, weight, vruntime: -128529136099559 kthreadd 1048576 37351400
[    0.632034] proc in rq 4
[    0.632044] rq->nr_running rq->cfs.nr_running : 5 5
[    0.632054] rq->load.weight, rq->cfs.load.weight : 5242880 5242880
[    0.632055] ----------------^^^^CPU1^^^^^-----------------------
[    0.632062] rq->curr->pid == 0
[    0.632069] proc in rq 0
[    0.632075] rq->nr_running rq->cfs.nr_running : 0 0
[    0.632085] rq->load.weight, rq->cfs.load.weight : 0 0
[    0.632086] ----------------^^^^CPU2^^^^^-----------------------
[    0.632093] rq->curr->pid == 0
[    0.632100] proc in rq 0
[    0.632106] rq->nr_running rq->cfs.nr_running : 0 0
[    0.632116] rq->load.weight, rq->cfs.load.weight : 0 0
[    0.632117] ----------------^^^^CPU3^^^^^-----------------------
[    0.647640] kworker/u8:0 (47) used greatest stack depth: 14160 bytes left
[    0.682198] HugeTLB registered 2.00 MiB page size, pre-allocated 0 pages
[    0.696945] ACPI: Added _OSI(Module Device)
[    0.696945] ACPI: Added _OSI(Processor Device)
[    0.696945] ACPI: Added _OSI(3.0 _SCP Extensions)
[    0.696945] ACPI: Added _OSI(Processor Aggregator Device)
[    0.696945] ACPI: Added _OSI(Linux-Dell-Video)
[    0.696945] ACPI: Added _OSI(Linux-Lenovo-NV-HDMI-Audio)
[    0.696945] ACPI: Added _OSI(Linux-HPI-Hybrid-Graphics)
[    0.729920] ACPI: 5 ACPI AML tables successfully acquired and loaded
[    0.733368] ACPI: EC: EC started
[    0.733378] ACPI: EC: interrupt blocked
[    0.735798] ACPI: \: Used as first EC
[    0.735811] ACPI: \: GPE=0x3, EC_CMD/EC_SC=0x66, EC_DATA=0x62
[    0.735818] ACPI: EC: Boot ECDT EC used to handle transactions
[    0.741177] ACPI: [Firmware Bug]: BIOS _OSI(Linux) query ignored
[    0.745632] ACPI: Interpreter enabled
[    0.745709] ACPI: (supports S0 S3 S4 S5)
[    0.745720] ACPI: Using IOAPIC for interrupt routing
[    0.745929] PCI: MMCONFIG for domain 0000 [bus 00-ff] at [mem 0xe0000000-0xefffffff] (base 0xe0000000)
[    0.746092] PCI: MMCONFIG at [mem 0xe0000000-0xefffffff] reserved in ACPI motherboard resources
[    0.746150] PCI: Using host bridge windows from ACPI; if necessary, use "pci=nocrs" and report a bug
[    0.746929] ACPI: Enabled 3 GPEs in block 00 to 1F
[    1.681878] rq->curr == THREAD(this messg)
[    1.681882] proc in rq 0
[    1.681900] rq->nr_running rq->cfs.nr_running : 1 1
[    1.681912] rq->load.weight, rq->cfs.load.weight : 1048576 1048576
[    1.681914] ----------------^^^^CPU0^^^^^-----------------------
[    1.681922] rq->curr->pid == 1
[    1.681929] proc in rq 0
[    1.681936] rq->nr_running rq->cfs.nr_running : 1 1
[    1.681946] rq->load.weight, rq->cfs.load.weight : 1048576 1048576
[    1.681947] ----------------^^^^CPU1^^^^^-----------------------
[    1.681955] rq->curr->pid == 0
[    1.681962] proc in rq 0
[    1.681968] rq->nr_running rq->cfs.nr_running : 0 0
[    1.681978] rq->load.weight, rq->cfs.load.weight : 0 0
[    1.681980] ----------------^^^^CPU2^^^^^-----------------------
[    1.681987] rq->curr->pid == 0
[    1.681994] proc in rq 0
[    1.682000] rq->nr_running rq->cfs.nr_running : 0 0
[    1.682009] rq->load.weight, rq->cfs.load.weight : 0 0
[    1.682011] ----------------^^^^CPU3^^^^^-----------------------
[    1.714809] ACPI: PCI Root Bridge [PCI0] (domain 0000 [bus 00-ff])
[    1.714847] acpi PNP0A08:00: _OSC: OS supports [ExtendedConfig ASPM ClockPM Segments MSI HPX-Type3]
[    1.715439] acpi PNP0A08:00: _OSC: platform does not support [LTR]
[    1.715993] acpi PNP0A08:00: _OSC: OS now controls [PME AER PCIeCapability]
[    1.716006] acpi PNP0A08:00: FADT indicates ASPM is unsupported, using BIOS configuration
[    1.716544] PCI host bridge to bus 0000:00
[    1.716559] pci_bus 0000:00: root bus resource [io  0x0000-0x03af window]
[    1.716570] pci_bus 0000:00: root bus resource [io  0x03e0-0x0cf7 window]
[    1.716581] pci_bus 0000:00: root bus resource [io  0x03b0-0x03df window]
[    1.716592] pci_bus 0000:00: root bus resource [io  0x0d00-0xffff window]
[    1.716603] pci_bus 0000:00: root bus resource [mem 0x000a0000-0x000bffff window]
[    1.716615] pci_bus 0000:00: root bus resource [mem 0x000c0000-0x000dffff window]
[    1.716628] pci_bus 0000:00: root bus resource [mem 0xc0000000-0xffffffff window]
[    1.716640] pci_bus 0000:00: root bus resource [bus 00-ff]
[    1.716669] pci 0000:00:00.0: [1022:1536] type 00 class 0x060000
[    1.716961] pci 0000:00:01.0: [1002:9839] type 00 class 0x030000
[    1.717003] pci 0000:00:01.0: reg 0x10: [mem 0xc0000000-0xcfffffff 64bit pref]
[    1.717028] pci 0000:00:01.0: reg 0x18: [mem 0xd0000000-0xd07fffff 64bit pref]
[    1.717048] pci 0000:00:01.0: reg 0x20: [io  0xf000-0xf0ff]
[    1.717066] pci 0000:00:01.0: reg 0x24: [mem 0xfeb00000-0xfeb3ffff]
[    1.717085] pci 0000:00:01.0: reg 0x30: [mem 0xfeb40000-0xfeb5ffff pref]
[    1.717099] pci 0000:00:01.0: enabling Extended Tags
[    1.717130] pci 0000:00:01.0: BAR 0: assigned to efifb
[    1.717190] pci 0000:00:01.0: supports D1 D2
[    1.717201] pci 0000:00:01.0: PME# supported from D1 D2 D3hot
[    1.717436] pci 0000:00:01.1: [1002:9840] type 00 class 0x040300
[    1.717473] pci 0000:00:01.1: reg 0x10: [mem 0xfeb64000-0xfeb67fff 64bit]
[    1.717513] pci 0000:00:01.1: enabling Extended Tags
[    1.717582] pci 0000:00:01.1: supports D1 D2
[    1.717781] pci 0000:00:02.0: [1022:1538] type 00 class 0x060000
[    1.718027] pci 0000:00:02.2: [1022:1439] type 01 class 0x060400
[    1.718097] pci 0000:00:02.2: enabling Extended Tags
[    1.718180] pci 0000:00:02.2: PME# supported from D0 D3hot D3cold
[    1.718421] pci 0000:00:02.3: [1022:1439] type 01 class 0x060400
[    1.718490] pci 0000:00:02.3: enabling Extended Tags
[    1.718569] pci 0000:00:02.3: PME# supported from D0 D3hot D3cold
[    1.718835] pci 0000:00:10.0: [1022:7814] type 00 class 0x0c0330
[    1.718880] pci 0000:00:10.0: reg 0x10: [mem 0xfeb68000-0xfeb69fff 64bit]
[    1.719021] pci 0000:00:10.0: PME# supported from D0 D3hot D3cold
[    1.719268] pci 0000:00:11.0: [1022:7801] type 00 class 0x010601
[    1.719306] pci 0000:00:11.0: reg 0x10: [io  0xf140-0xf147]
[    1.719326] pci 0000:00:11.0: reg 0x14: [io  0xf130-0xf133]
[    1.719345] pci 0000:00:11.0: reg 0x18: [io  0xf120-0xf127]
[    1.719363] pci 0000:00:11.0: reg 0x1c: [io  0xf110-0xf113]
[    1.719382] pci 0000:00:11.0: reg 0x20: [io  0xf100-0xf10f]
[    1.719401] pci 0000:00:11.0: reg 0x24: [mem 0xfeb6f000-0xfeb6f3ff]
[    1.719479] pci 0000:00:11.0: PME# supported from D3hot
[    1.719696] pci 0000:00:12.0: [1022:7807] type 00 class 0x0c0310
[    1.719726] pci 0000:00:12.0: reg 0x10: [mem 0xfeb6e000-0xfeb6efff]
[    1.719985] pci 0000:00:12.2: [1022:7808] type 00 class 0x0c0320
[    1.720021] pci 0000:00:12.2: reg 0x10: [mem 0xfeb6d000-0xfeb6d0ff]
[    1.720125] pci 0000:00:12.2: supports D1 D2
[    1.720136] pci 0000:00:12.2: PME# supported from D0 D1 D2 D3hot D3cold
[    1.720353] pci 0000:00:13.0: [1022:7807] type 00 class 0x0c0310
[    1.720382] pci 0000:00:13.0: reg 0x10: [mem 0xfeb6c000-0xfeb6cfff]
[    1.720641] pci 0000:00:13.2: [1022:7808] type 00 class 0x0c0320
[    1.720676] pci 0000:00:13.2: reg 0x10: [mem 0xfeb6b000-0xfeb6b0ff]
[    1.720780] pci 0000:00:13.2: supports D1 D2
[    1.720791] pci 0000:00:13.2: PME# supported from D0 D1 D2 D3hot D3cold
[    1.721005] pci 0000:00:14.0: [1022:780b] type 00 class 0x0c0500
[    1.721270] pci 0000:00:14.2: [1022:780d] type 00 class 0x040300
[    1.721309] pci 0000:00:14.2: reg 0x10: [mem 0xfeb60000-0xfeb63fff 64bit]
[    1.721400] pci 0000:00:14.2: PME# supported from D0 D3hot D3cold
[    1.721608] pci 0000:00:14.3: [1022:780e] type 00 class 0x060100
[    1.724798] pci 0000:00:14.7: [1022:7813] type 00 class 0x080501
[    1.724850] pci 0000:00:14.7: reg 0x10: [mem 0xfeb6a000-0xfeb6a0ff 64bit]
[    1.725182] pci 0000:00:18.0: [1022:1530] type 00 class 0x060000
[    1.725454] pci 0000:00:18.1: [1022:1531] type 00 class 0x060000
[    1.725713] pci 0000:00:18.2: [1022:1532] type 00 class 0x060000
[    1.725970] pci 0000:00:18.3: [1022:1533] type 00 class 0x060000
[    1.726245] pci 0000:00:18.4: [1022:1534] type 00 class 0x060000
[    1.726503] pci 0000:00:18.5: [1022:1535] type 00 class 0x060000
[    1.726963] pci 0000:01:00.0: [168c:0032] type 00 class 0x028000
[    1.727019] pci 0000:01:00.0: reg 0x10: [mem 0xfea00000-0xfea7ffff 64bit]
[    1.727084] pci 0000:01:00.0: reg 0x30: [mem 0xfea80000-0xfea8ffff pref]
[    1.727220] pci 0000:01:00.0: supports D1 D2
[    1.727231] pci 0000:01:00.0: PME# supported from D0 D1 D2 D3hot D3cold
[    1.727565] pci 0000:00:02.2: PCI bridge to [bus 01]
[    1.727586] pci 0000:00:02.2:   bridge window [mem 0xfea00000-0xfeafffff]
[    1.727780] pci 0000:02:00.0: [10ec:8136] type 00 class 0x020000
[    1.727854] pci 0000:02:00.0: reg 0x10: [io  0xe000-0xe0ff]
[    1.727900] pci 0000:02:00.0: reg 0x18: [mem 0xd0804000-0xd0804fff 64bit pref]
[    1.727936] pci 0000:02:00.0: reg 0x20: [mem 0xd0800000-0xd0803fff 64bit pref]
[    1.728111] pci 0000:02:00.0: supports D1 D2
[    1.728122] pci 0000:02:00.0: PME# supported from D0 D1 D2 D3hot D3cold
[    1.728482] pci 0000:00:02.3: PCI bridge to [bus 02]
[    1.728500] pci 0000:00:02.3:   bridge window [io  0xe000-0xefff]
[    1.728517] pci 0000:00:02.3:   bridge window [mem 0xd0800000-0xd08fffff 64bit pref]
[    1.752394] ACPI: PCI Interrupt Link [LNKA] (IRQs 4 7 10 11 14 15) *0
[    1.752631] ACPI: PCI Interrupt Link [LNKB] (IRQs 4 7 10 11 14 15) *0
[    1.752859] ACPI: PCI Interrupt Link [LNKC] (IRQs 4 7 10 11 14 15) *0
[    1.753084] ACPI: PCI Interrupt Link [LNKD] (IRQs 4 7 10 11 14 15) *0
[    1.753276] ACPI: PCI Interrupt Link [LNKE] (IRQs 4 7 10 11 14 15) *0
[    1.753431] ACPI: PCI Interrupt Link [LNKF] (IRQs 4 7 10 11 14 15) *0
[    1.753587] ACPI: PCI Interrupt Link [LNKG] (IRQs 4 7 10 11 14 15) *0
[    1.753741] ACPI: PCI Interrupt Link [LNKH] (IRQs 4 7 10 11 14 15) *0
[    1.755048] ACPI: EC: interrupt unblocked
[    1.755070] ACPI: EC: event unblocked
[    1.755088] ACPI: \_SB_.PCI0.SBRG.EC0_: GPE=0x3, EC_CMD/EC_SC=0x66, EC_DATA=0x62
[    1.755101] ACPI: \_SB_.PCI0.SBRG.EC0_: Boot DSDT EC used to handle transactions and events
[    1.755428] pci 0000:00:01.0: vgaarb: setting as boot VGA device
[    1.755428] pci 0000:00:01.0: vgaarb: VGA device added: decodes=io+mem,owns=io+mem,locks=none
[    1.755428] pci 0000:00:01.0: vgaarb: bridge control possible
[    1.755428] vgaarb: loaded
[    1.755428] SCSI subsystem initialized
[    1.755428] libata version 3.00 loaded.
[    1.756520] ACPI: bus type USB registered
[    1.756520] usbcore: registered new interface driver usbfs
[    1.756520] usbcore: registered new interface driver hub
[    1.757504] usbcore: registered new device driver usb
[    1.757512] pps_core: LinuxPPS API ver. 1 registered
[    1.757512] pps_core: Software ver. 5.3.6 - Copyright 2005-2007 Rodolfo Giometti <giometti@linux.it>
[    1.757512] PTP clock support registered
[    1.758089] EDAC MC: Ver: 3.0.0
[    1.759777] Registered efivars operations
[    1.760310] Advanced Linux Sound Architecture Driver Initialized.
[    1.760385] PCI: Using ACPI for IRQ routing
[    1.769597] PCI: pci_cache_line_size set to 64 bytes
[    1.769710] e820: reserve RAM buffer [mem 0x9d0f8000-0x9fffffff]
[    1.769715] e820: reserve RAM buffer [mem 0x9d371000-0x9fffffff]
[    1.769720] e820: reserve RAM buffer [mem 0x9e9cc000-0x9fffffff]
[    1.769723] e820: reserve RAM buffer [mem 0x9eb25000-0x9fffffff]
[    1.769726] e820: reserve RAM buffer [mem 0x9f081000-0x9fffffff]
[    1.769729] e820: reserve RAM buffer [mem 0x9f400000-0x9fffffff]
[    1.769732] e820: reserve RAM buffer [mem 0x13f000000-0x13fffffff]
[    1.770067] NetLabel: Initializing
[    1.770076] NetLabel:  domain hash size = 128
[    1.770082] NetLabel:  protocols = UNLABELED CIPSOv4 CALIPSO
[    1.770138] NetLabel:  unlabeled traffic allowed by default
[    1.771929] hpet0: at MMIO 0xfed00000, IRQs 2, 8, 0
[    1.771929] hpet0: 3 comparators, 32-bit 14.318180 MHz counter
[    1.781855] clocksource: Switched to clocksource tsc-early
[    1.832012] VFS: Disk quotas dquot_6.6.0
[    1.832083] VFS: Dquot-cache hash table entries: 512 (order 0, 4096 bytes)
[    1.832181] *** VALIDATE hugetlbfs ***
[    1.832290] pnp: PnP ACPI init
[    1.832781] system 00:00: [mem 0xe0000000-0xefffffff] has been reserved
[    1.832872] system 00:00: Plug and Play ACPI device, IDs PNP0c01 (active)
[    1.833130] system 00:01: [mem 0xa0000000-0xbfffffff] has been reserved
[    1.833208] system 00:01: Plug and Play ACPI device, IDs PNP0c02 (active)
[    1.833473] system 00:02: Plug and Play ACPI device, IDs PNP0c02 (active)
[    1.833616] pnp 00:03: Plug and Play ACPI device, IDs PNP0b00 (active)
[    1.833847] system 00:04: [io  0x04d0-0x04d1] has been reserved
[    1.833921] system 00:04: Plug and Play ACPI device, IDs PNP0c02 (active)
[    1.834185] pnp 00:05: Plug and Play ACPI device, IDs ETD0108 SYN0a00 SYN0002 PNP0f03 PNP0f13 PNP0f12 (active)
[    1.834360] pnp 00:06: Plug and Play ACPI device, IDs ATK3001 PNP030b (active)
[    1.835173] system 00:07: [io  0x04d0-0x04d1] has been reserved
[    1.835187] system 00:07: [io  0x040b] has been reserved
[    1.835198] system 00:07: [io  0x04d6] has been reserved
[    1.835209] system 00:07: [io  0x0c00-0x0c01] has been reserved
[    1.835220] system 00:07: [io  0x0c14] has been reserved
[    1.835231] system 00:07: [io  0x0c50-0x0c51] has been reserved
[    1.835241] system 00:07: [io  0x0c52] has been reserved
[    1.835252] system 00:07: [io  0x0c6c] has been reserved
[    1.835262] system 00:07: [io  0x0c6f] has been reserved
[    1.835272] system 00:07: [io  0x0cd0-0x0cd1] has been reserved
[    1.835283] system 00:07: [io  0x0cd2-0x0cd3] has been reserved
[    1.835294] system 00:07: [io  0x0cd4-0x0cd5] has been reserved
[    1.835305] system 00:07: [io  0x0cd6-0x0cd7] has been reserved
[    1.835315] system 00:07: [io  0x0cd8-0x0cdf] has been reserved
[    1.835326] system 00:07: [io  0x0800-0x089f] has been reserved
[    1.835337] system 00:07: [io  0x0900-0x090f] has been reserved
[    1.835347] system 00:07: [io  0x0910-0x091f] has been reserved
[    1.835359] system 00:07: [io  0xfe00-0xfefe] has been reserved
[    1.835373] system 00:07: [mem 0xfec00000-0xfec00fff] could not be reserved
[    1.835385] system 00:07: [mem 0xfee00000-0xfee00fff] has been reserved
[    1.835397] system 00:07: [mem 0xfed80000-0xfed8ffff] has been reserved
[    1.835408] system 00:07: [mem 0xfed61000-0xfed70fff] has been reserved
[    1.835420] system 00:07: [mem 0xfec10000-0xfec10fff] has been reserved
[    1.835432] system 00:07: [mem 0xfed00000-0xfed00fff] could not be reserved
[    1.835444] system 00:07: [mem 0xff000000-0xffffffff] has been reserved
[    1.835515] system 00:07: Plug and Play ACPI device, IDs PNP0c02 (active)
[    1.836339] pnp: PnP ACPI: found 8 devices
[    1.851396] clocksource: acpi_pm: mask: 0xffffff max_cycles: 0xffffff, max_idle_ns: 2085701024 ns
[    1.851461] pci 0000:00:02.2: PCI bridge to [bus 01]
[    1.851482] pci 0000:00:02.2:   bridge window [mem 0xfea00000-0xfeafffff]
[    1.851501] pci 0000:00:02.3: PCI bridge to [bus 02]
[    1.851513] pci 0000:00:02.3:   bridge window [io  0xe000-0xefff]
[    1.851530] pci 0000:00:02.3:   bridge window [mem 0xd0800000-0xd08fffff 64bit pref]
[    1.851553] pci_bus 0000:00: resource 4 [io  0x0000-0x03af window]
[    1.851564] pci_bus 0000:00: resource 5 [io  0x03e0-0x0cf7 window]
[    1.851575] pci_bus 0000:00: resource 6 [io  0x03b0-0x03df window]
[    1.851585] pci_bus 0000:00: resource 7 [io  0x0d00-0xffff window]
[    1.851596] pci_bus 0000:00: resource 8 [mem 0x000a0000-0x000bffff window]
[    1.851607] pci_bus 0000:00: resource 9 [mem 0x000c0000-0x000dffff window]
[    1.851617] pci_bus 0000:00: resource 10 [mem 0xc0000000-0xffffffff window]
[    1.851628] pci_bus 0000:01: resource 1 [mem 0xfea00000-0xfeafffff]
[    1.851639] pci_bus 0000:02: resource 0 [io  0xe000-0xefff]
[    1.851649] pci_bus 0000:02: resource 2 [mem 0xd0800000-0xd08fffff 64bit pref]
[    1.852552] NET: Registered protocol family 2
[    1.861999] tcp_listen_portaddr_hash hash table entries: 2048 (order: 3, 32768 bytes)
[    1.862061] TCP established hash table entries: 32768 (order: 6, 262144 bytes)
[    1.862287] TCP bind hash table entries: 32768 (order: 7, 524288 bytes)
[    1.862522] TCP: Hash tables configured (established 32768 bind 32768)
[    1.862692] UDP hash table entries: 2048 (order: 4, 65536 bytes)
[    1.862759] UDP-Lite hash table entries: 2048 (order: 4, 65536 bytes)
[    1.862942] NET: Registered protocol family 1
[    1.863315] RPC: Registered named UNIX socket transport module.
[    1.863326] RPC: Registered udp transport module.
[    1.863332] RPC: Registered tcp transport module.
[    1.863339] RPC: Registered tcp NFSv4.1 backchannel transport module.
[    1.863924] pci 0000:00:01.0: Video device with shadowed ROM at [mem 0x000c0000-0x000dffff]
[    1.864441] pci 0000:00:12.0: enabling device (0000 -> 0002)
[    1.865055] pci 0000:00:12.2: PME# does not work under D3, disabling it
[    1.865080] pci 0000:00:13.0: enabling device (0000 -> 0002)
[    1.865678] pci 0000:00:13.2: PME# does not work under D3, disabling it
[    1.865776] PCI: CLS 64 bytes, default 64
[    1.865918] PCI-DMA: Using software bounce buffering for IO (SWIOTLB)
[    1.865930] software IO TLB: mapped [mem 0x97989000-0x9b989000] (64MB)
[    1.866141] amd_uncore: AMD NB counters detected
[    1.866158] amd_uncore: AMD LLC counters detected
[    1.866281] LVT offset 0 assigned for vector 0x400
[    1.866371] perf: AMD IBS detected (0x000000ff)
[    1.866392] kvm: no hardware support
[    1.866501] kvm: Nested Virtualization enabled
[    1.866514] kvm: Nested Paging enabled
[    1.867443] check: Scanning for low memory corruption every 60 seconds
[    1.871068] Initialise system trusted keyrings
[    1.871390] workingset: timestamp_bits=56 max_order=20 bucket_order=0
[    1.886670] fuse: init (API version 7.31)
[    1.888153] Key type asymmetric registered
[    1.888165] Asymmetric key parser 'x509' registered
[    1.888203] Block layer SCSI generic (bsg) driver version 0.4 loaded (major 249)
[    1.888215] io scheduler mq-deadline registered
[    1.888223] io scheduler kyber registered
[    1.888910] pcieport 0000:00:02.2: PME: Signaling with IRQ 25
[    1.889363] pcieport 0000:00:02.3: PME: Signaling with IRQ 27
[    1.890513] uvesafb: failed to execute /sbin/v86d
[    1.890527] uvesafb: make sure that the v86d helper is installed and executable
[    1.890539] uvesafb: Getting VBE info block failed (eax=0x4f00, err=-2)
[    1.890548] uvesafb: vbe_init() failed with -22
[    1.890567] uvesafb: probe of uvesafb.0 failed with error -22
[    1.890647] efifb: probing for efifb
[    1.890696] efifb: framebuffer at 0xc0000000, using 4224k, total 4224k
[    1.890707] efifb: mode is 1366x768x32, linelength=5632, pages=1
[    1.890713] efifb: scrolling: redraw
[    1.890722] efifb: Truecolor: size=8:8:8:8, shift=24:16:8:0
[    1.901385] Console: switching to colour frame buffer device 170x48
[    1.910823] fb0: EFI VGA frame buffer device
[    1.912058] ACPI: AC Adapter [AC0] (on-line)
[    1.912447] input: Power Button as /devices/LNXSYSTM:00/LNXSYBUS:00/PNP0C0C:00/input/input0
[    1.912607] ACPI: Power Button [PWRB]
[    1.912885] input: Lid Switch as /devices/LNXSYSTM:00/LNXSYBUS:00/PNP0C0D:00/input/input1
[    1.913031] ACPI: Lid Switch [LID]
[    1.913299] input: Sleep Button as /devices/LNXSYSTM:00/LNXSYBUS:00/PNP0C0E:00/input/input2
[    1.913462] ACPI: Sleep Button [SLPB]
[    1.913734] input: Power Button as /devices/LNXSYSTM:00/LNXPWRBN:00/input/input3
[    1.913871] ACPI: Power Button [PWRF]
[    1.917713] thermal LNXTHERM:00: registered as thermal_zone0
[    1.917818] ACPI: Thermal Zone [THRM] (63 C)
[    1.919598] Serial: 8250/16550 driver, 4 ports, IRQ sharing enabled
[    1.926702] Non-volatile memory driver v1.3
[    1.926971] Linux agpgart interface v0.103
[    1.934614] loop: module loaded
[    1.935261] ahci 0000:00:11.0: version 3.0
[    1.935713] ahci 0000:00:11.0: AHCI 0001.0300 32 slots 2 ports 6 Gbps 0x3 impl SATA mode
[    1.935853] ahci 0000:00:11.0: flags: 64bit ncq sntf ilck pm led clo pmp pio slum part 
[    1.951948] scsi host0: ahci
[    1.955771] scsi host1: ahci
[    1.959152] ata1: SATA max UDMA/133 abar m1024@0xfeb6f000 port 0xfeb6f100 irq 28
[    1.962340] ata2: SATA max UDMA/133 abar m1024@0xfeb6f000 port 0xfeb6f180 irq 28
[    1.966288] tun: Universal TUN/TAP device driver, 1.6
[    1.969614] e1000: Intel(R) PRO/1000 Network Driver - version 7.3.21-k8-NAPI
[    1.972796] e1000: Copyright (c) 1999-2006 Intel Corporation.
[    1.976056] e1000e: Intel(R) PRO/1000 Network Driver - 3.2.6-k
[    1.979165] e1000e: Copyright(c) 1999 - 2015 Intel Corporation.
[    1.983067] sky2: driver version 1.30
[    1.986299] r8169 0000:02:00.0: can't disable ASPM; OS doesn't have ASPM control
[    1.990367] libphy: r8169: probed
[    1.993923] r8169 0000:02:00.0 eth0: RTL8105e, 74:d0:2b:a3:a6:42, XID 40a, IRQ 30
[    1.997348] ath9k 0000:01:00.0: enabling device (0000 -> 0002)
[    2.000878] ath: phy0: Disable PLL PowerSave
[    2.012665] ath: phy0: ASPM enabled: 0x42
[    2.015836] ath: EEPROM regdomain: 0x60
[    2.015838] ath: EEPROM indicates we should expect a direct regpair map
[    2.015843] ath: Country alpha2 being used: 00
[    2.015845] ath: Regpair used: 0x60
[    2.023970] ieee80211 phy0: Selected rate control algorithm 'minstrel_ht'
[    2.024474] ieee80211 phy0: Atheros AR9485 Rev:1 mem=0xffffa53f42e80000, irq=31
[    2.032323] ehci_hcd: USB 2.0 'Enhanced' Host Controller (EHCI) Driver
[    2.035597] ehci-pci: EHCI PCI platform driver
[    2.040040] battery: ACPI: Battery Slot [BAT0] (battery present)
[    2.043683] ehci-pci 0000:00:12.2: EHCI Host Controller
[    2.047133] ehci-pci 0000:00:12.2: new USB bus registered, assigned bus number 1
[    2.050436] ehci-pci 0000:00:12.2: applying AMD SB700/SB800/Hudson-2/3 EHCI dummy qh workaround
[    2.053803] ehci-pci 0000:00:12.2: debug port 1
[    2.057278] ehci-pci 0000:00:12.2: irq 17, io mem 0xfeb6d000
[    2.081936] ehci-pci 0000:00:12.2: USB 2.0 started, EHCI 1.00
[    2.085298] usb usb1: New USB device found, idVendor=1d6b, idProduct=0002, bcdDevice= 5.02
[    2.088589] usb usb1: New USB device strings: Mfr=3, Product=2, SerialNumber=1
[    2.091834] usb usb1: Product: EHCI Host Controller
[    2.095040] usb usb1: Manufacturer: Linux 5.2.0-rc6+ ehci_hcd
[    2.098194] usb usb1: SerialNumber: 0000:00:12.2
[    2.101618] hub 1-0:1.0: USB hub found
[    2.104681] hub 1-0:1.0: 4 ports detected
[    2.109854] ehci-pci 0000:00:13.2: EHCI Host Controller
[    2.113066] ehci-pci 0000:00:13.2: new USB bus registered, assigned bus number 2
[    2.116057] ehci-pci 0000:00:13.2: applying AMD SB700/SB800/Hudson-2/3 EHCI dummy qh workaround
[    2.119081] ehci-pci 0000:00:13.2: debug port 1
[    2.122172] ehci-pci 0000:00:13.2: irq 17, io mem 0xfeb6b000
[    2.151902] ehci-pci 0000:00:13.2: USB 2.0 started, EHCI 1.00
[    2.154943] usb usb2: New USB device found, idVendor=1d6b, idProduct=0002, bcdDevice= 5.02
[    2.157974] usb usb2: New USB device strings: Mfr=3, Product=2, SerialNumber=1
[    2.160965] usb usb2: Product: EHCI Host Controller
[    2.163938] usb usb2: Manufacturer: Linux 5.2.0-rc6+ ehci_hcd
[    2.166871] usb usb2: SerialNumber: 0000:00:13.2
[    2.170151] hub 2-0:1.0: USB hub found
[    2.173100] hub 2-0:1.0: 4 ports detected
[    2.178050] ohci_hcd: USB 1.1 'Open' Host Controller (OHCI) Driver
[    2.181012] ohci-pci: OHCI PCI platform driver
[    2.184339] ohci-pci 0000:00:12.0: OHCI PCI host controller
[    2.187366] ohci-pci 0000:00:12.0: new USB bus registered, assigned bus number 3
[    2.190384] ohci-pci 0000:00:12.0: irq 18, io mem 0xfeb6e000
[    2.265997] usb usb3: New USB device found, idVendor=1d6b, idProduct=0001, bcdDevice= 5.02
[    2.268983] usb usb3: New USB device strings: Mfr=3, Product=2, SerialNumber=1
[    2.271932] usb usb3: Product: OHCI PCI host controller
[    2.274829] usb usb3: Manufacturer: Linux 5.2.0-rc6+ ohci_hcd
[    2.277699] usb usb3: SerialNumber: 0000:00:12.0
[    2.280846] hub 3-0:1.0: USB hub found
[    2.283774] hub 3-0:1.0: 4 ports detected
[    2.288774] ohci-pci 0000:00:13.0: OHCI PCI host controller
[    2.291818] ohci-pci 0000:00:13.0: new USB bus registered, assigned bus number 4
[    2.294698] ohci-pci 0000:00:13.0: irq 18, io mem 0xfeb6c000
[    2.297493] ata2: SATA link down (SStatus 0 SControl 300)
[    2.366027] usb usb4: New USB device found, idVendor=1d6b, idProduct=0001, bcdDevice= 5.02
[    2.368855] usb usb4: New USB device strings: Mfr=3, Product=2, SerialNumber=1
[    2.371674] usb usb4: Product: OHCI PCI host controller
[    2.374469] usb usb4: Manufacturer: Linux 5.2.0-rc6+ ohci_hcd
[    2.377239] usb usb4: SerialNumber: 0000:00:13.0
[    2.380303] hub 4-0:1.0: USB hub found
[    2.383112] hub 4-0:1.0: 4 ports detected
[    2.387838] uhci_hcd: USB Universal Host Controller Interface driver
[    2.390680] usbcore: registered new interface driver usblp
[    2.393815] usbcore: registered new interface driver usb-storage
[    2.396581] usbcore: registered new interface driver ch341
[    2.399257] usbserial: USB Serial support registered for ch341-uart
[    2.402197] i8042: PNP: PS/2 Controller [PNP030b:PS2K,PNP0f03:PS2M] at 0x60,0x64 irq 1,12
[    2.406758] i8042: Detected active multiplexing controller, rev 1.1
[    2.410277] serio: i8042 KBD port at 0x60,0x64 irq 1
[    2.413237] serio: i8042 AUX0 port at 0x60,0x64 irq 12
[    2.416112] serio: i8042 AUX1 port at 0x60,0x64 irq 12
[    2.418908] serio: i8042 AUX2 port at 0x60,0x64 irq 12
[    2.421559] serio: i8042 AUX3 port at 0x60,0x64 irq 12
[    2.424996] mousedev: PS/2 mouse device common for all mice
[    2.428584] rtc_cmos 00:03: RTC can wake from S4
[    2.431633] rtc_cmos 00:03: registered as rtc0
[    2.434305] rtc_cmos 00:03: alarms up to one month, y3k, 114 bytes nvram, hpet irqs
[    2.437534] device-mapper: ioctl: 4.40.0-ioctl (2019-01-18) initialised: dm-devel@redhat.com
[    2.440432] EFI Variables Facility v0.08 2004-May-17
[    2.452863] hidraw: raw HID events driver (C) Jiri Kosina
[    2.458259] usbcore: registered new interface driver usbhid
[    2.461001] usbhid: USB HID core driver
[    2.471292] snd_hda_intel 0000:00:01.1: enabling device (0000 -> 0002)
[    2.474256] ata1: SATA link up 6.0 Gbps (SStatus 133 SControl 300)
[    2.477184] input: AT Translated Set 2 keyboard as /devices/platform/i8042/serio0/input/input4
[    2.482281] snd_hda_intel 0000:00:01.1: Force to non-snoop mode
[    2.485935] ata1.00: ATA-8: KINGSTON SV300S37A120G, 603ABBF0, max UDMA/133
[    2.488753] ata1.00: 234441648 sectors, multi 1: LBA48 NCQ (depth 32), AA
[    2.494605] Initializing XFRM netlink socket
[    2.499217] ata1.00: configured for UDMA/133
[    2.502617] scsi 0:0:0:0: Direct-Access     ATA      KINGSTON SV300S3 BBF0 PQ: 0 ANSI: 5
[    2.506123] random: fast init done
[    2.509361] sd 0:0:0:0: [sda] 234441648 512-byte logical blocks: (120 GB/112 GiB)
[    2.512787] sd 0:0:0:0: [sda] Write Protect is off
[    2.515715] sd 0:0:0:0: [sda] Mode Sense: 00 3a 00 00
[    2.516095] sd 0:0:0:0: Attached scsi generic sg0 type 0
[    2.519794] snd_hda_codec_generic hdaudioC0D0: autoconfig for Generic: line_outs=0 (0x0/0x0/0x0/0x0/0x0) type:line
[    2.522865] snd_hda_codec_generic hdaudioC0D0:    speaker_outs=0 (0x0/0x0/0x0/0x0/0x0)
[    2.525872] snd_hda_codec_generic hdaudioC0D0:    hp_outs=0 (0x0/0x0/0x0/0x0/0x0)
[    2.528848] snd_hda_codec_generic hdaudioC0D0:    mono: mono_out=0x0
[    2.531772] snd_hda_codec_generic hdaudioC0D0:    dig-out=0x3/0x0
[    2.534681] snd_hda_codec_generic hdaudioC0D0:    inputs:
[    2.537701] sd 0:0:0:0: [sda] Write cache: enabled, read cache: enabled, doesn't support DPO or FUA
[    2.543461] NET: Registered protocol family 10
[    2.547360] snd_hda_codec_realtek hdaudioC1D0: autoconfig for ALC3229: line_outs=1 (0x14/0x0/0x0/0x0/0x0) type:speaker
[    2.550505] snd_hda_codec_realtek hdaudioC1D0:    speaker_outs=0 (0x0/0x0/0x0/0x0/0x0)
[    2.553635] snd_hda_codec_realtek hdaudioC1D0:    hp_outs=1 (0x21/0x0/0x0/0x0/0x0)
[    2.556762] snd_hda_codec_realtek hdaudioC1D0:    mono: mono_out=0x0
[    2.559893] snd_hda_codec_realtek hdaudioC1D0:    inputs:
[    2.562982] snd_hda_codec_realtek hdaudioC1D0:      Mic=0x19
[    2.567364] Segment Routing with IPv6
[    2.570487] sit: IPv6, IPv4 and MPLS over IPv4 tunneling driver
[    2.574097] NET: Registered protocol family 17
[    2.577778] mce: Using 6 MCE banks
[    2.581082] microcode: CPU0: patch_level=0x0700010b
[    2.584156] microcode: CPU1: patch_level=0x0700010b
[    2.588374]  sda: sda1 sda2 sda3 sda4 sda5 sda6
[    2.591878] microcode: Microcode Update Driver: v2.2.
[    2.591918] sched_clock: Marking stable (2590087089, 1768007)->(2711785377, -119930281)
[    2.598234] input: HDA ATI HDMI HDMI as /devices/pci0000:00/0000:00:01.1/sound/card0/input6
[    2.602474] registered taskstats version 1
[    2.605600] Loading compiled-in X.509 certificates
[    2.613130] sd 0:0:0:0: [sda] Attached SCSI disk
[    2.622062] rq->curr == THREAD(this messg)
[    2.622067] color, tsk->comm, weight, vruntime: 1 kworker/0:0 1048576 1941878432
[    2.625135] proc in rq 1
[    2.628265] rq->nr_running rq->cfs.nr_running : 2 2
[    2.634438] rq->load.weight, rq->cfs.load.weight : 2097152 2097152
[    2.634440] ----------------^^^^CPU0^^^^^-----------------------
[    2.637505] rq->curr->pid == 1459
[    2.640527] proc in rq 0
[    2.643519] rq->nr_running rq->cfs.nr_running : 1 1
[    2.649388] rq->load.weight, rq->cfs.load.weight : 1048576 1048576
[    2.649390] ----------------^^^^CPU1^^^^^-----------------------
[    2.652378] rq->curr->pid == 0
[    2.655337] proc in rq 0
[    2.658239] rq->nr_running rq->cfs.nr_running : 0 0
[    2.663931] rq->load.weight, rq->cfs.load.weight : 0 0
[    2.663933] ----------------^^^^CPU2^^^^^-----------------------
[    2.666798] rq->curr->pid == 0
[    2.669614] proc in rq 0
[    2.672378] rq->nr_running rq->cfs.nr_running : 0 0
[    2.677873] rq->load.weight, rq->cfs.load.weight : 0 0
[    2.677875] ----------------^^^^CPU3^^^^^-----------------------
[    2.685408] input: HD-Audio Generic Headphone as /devices/pci0000:00/0000:00:14.2/sound/card1/input14
[    2.692527] acpi_cpufreq: overriding BIOS provided _PSD data
[    2.695703] cfg80211: Loading compiled-in X.509 certificates for regulatory database
[    2.700271] cfg80211: Loaded X.509 cert 'sforshee: 00b28ddf47aef9cea7'
[    2.703109] ALSA device list:
[    2.705908]   #0: HDA ATI HDMI at 0xfeb64000 irq 33
[    2.708737]   #1: HD-Audio Generic at 0xfeb60000 irq 16
[    2.711716] platform regulatory.0: Direct firmware load for regulatory.db failed with error -2
[    2.714804] cfg80211: failed to load regulatory.db
[    2.871865] tsc: Refined TSC clocksource calibration: 998.127 MHz
[    2.874880] clocksource: tsc: mask: 0xffffffffffffffff max_cycles: 0x1cc65b93289, max_idle_ns: 881590487074 ns
[    2.881869] clocksource: Switched to clocksource tsc
[    2.901908] usb 4-2: new full-speed USB device number 2 using ohci-pci
[    3.174904] usb 4-2: New USB device found, idVendor=13d3, idProduct=3362, bcdDevice= 0.01
[    3.178172] usb 4-2: New USB device strings: Mfr=1, Product=2, SerialNumber=3
[    3.181427] usb 4-2: Product: Bluetooth USB Host Controller
[    3.184691] usb 4-2: Manufacturer: Atheros Communications
[    3.187897] usb 4-2: SerialNumber: Alaska Day 2006
[    3.315125] input: PS/2 Logitech Wheel Mouse as /devices/platform/i8042/serio4/input/input13
[    3.321256] md: Waiting for all devices to be available before autodetect
[    3.324492] md: If you don't use raid, use raid=noautodetect
[    3.328192] md: Autodetecting RAID arrays.
[    3.331403] md: autorun ...
[    3.334568] md: ... autorun DONE.
[    3.342398] EXT4-fs (sda2): mounted filesystem with ordered data mode. Opts: (null)
[    3.345644] VFS: Mounted root (ext4 filesystem) readonly on device 8:2.
[    3.350020] devtmpfs: mounted
[    3.354202] Freeing unused kernel image memory: 1296K
[    3.401958] Write protecting the kernel read-only data: 22528k
[    3.406814] Freeing unused kernel image memory: 1984K
[    3.411227] Freeing unused kernel image memory: 1688K
[    3.414485] Run /sbin/init as init process
[    3.475518] stty (1759) used greatest stack depth: 13792 bytes left
[    3.501921] usb 2-3: new high-speed USB device number 3 using ehci-pci
[    3.583459] sed (1773) used greatest stack depth: 13576 bytes left
[    3.632837] rq->curr == THREAD(this messg)
[    3.632845] color, tsk->comm, weight, vruntime: 1 kworker/0:0 1048576 2931038777
[    3.636335] proc in rq 1
[    3.639896] rq->nr_running rq->cfs.nr_running : 2 2
[    3.647030] rq->load.weight, rq->cfs.load.weight : 2097152 2097152
[    3.647033] ----------------^^^^CPU0^^^^^-----------------------
[    3.650592] rq->curr->pid == 0
[    3.654161] proc in rq 0
[    3.657635] rq->nr_running rq->cfs.nr_running : 0 0
[    3.664445] rq->load.weight, rq->cfs.load.weight : 0 0
[    3.664447] ----------------^^^^CPU1^^^^^-----------------------
[    3.667875] rq->curr->pid == 0
[    3.667877] proc in rq 0
[    3.667880] rq->nr_running rq->cfs.nr_running : 0 0
[    3.667881] rq->load.weight, rq->cfs.load.weight : 0 0
[    3.667883] ----------------^^^^CPU2^^^^^-----------------------
[    3.667885] rq->curr->pid == 0
[    3.667886] proc in rq 0
[    3.667888] rq->nr_running rq->cfs.nr_running : 0 0
[    3.667889] rq->load.weight, rq->cfs.load.weight : 0 0
[    3.667891] ----------------^^^^CPU3^^^^^-----------------------
[    3.744789] usb 2-3: New USB device found, idVendor=04f2, idProduct=b404, bcdDevice=69.63
[    3.751385] usb 2-3: New USB device strings: Mfr=3, Product=1, SerialNumber=2
[    3.754734] usb 2-3: Product: USB2.0 HD UVC WebCam
[    3.758000] usb 2-3: Manufacturer: Chicony Electronics Co.,Ltd.
[    3.761233] usb 2-3: SerialNumber: 0x0001
[    3.864878] ip (1820) used greatest stack depth: 13432 bytes left
[    3.870729] ip (1821) used greatest stack depth: 12552 bytes left
[    3.994314] udevd[1851]: starting version 3.2.1
[    4.002893] random: udevd: uninitialized urandom read (16 bytes read)
[    4.006726] random: udevd: uninitialized urandom read (16 bytes read)
[    4.010418] random: udevd: uninitialized urandom read (16 bytes read)
[    4.042434] udevd[1852]: starting eudev-3.2.1
[    4.337705] ath9k 0000:01:00.0 wlp1s0: renamed from wlan0
[    4.365586] r8169 0000:02:00.0 enp2s0: renamed from eth0
[    4.444258] [drm] radeon kernel modesetting enabled.
[    4.447798] radeon 0000:00:01.0: remove_conflicting_pci_framebuffers: bar 0: 0xc0000000 -> 0xcfffffff
[    4.451269] radeon 0000:00:01.0: remove_conflicting_pci_framebuffers: bar 2: 0xd0000000 -> 0xd07fffff
[    4.454691] radeon 0000:00:01.0: remove_conflicting_pci_framebuffers: bar 5: 0xfeb00000 -> 0xfeb3ffff
[    4.479712] checking generic (c0000000 420000) vs hw (c0000000 10000000)
[    4.479718] fb0: switching to radeondrmfb from EFI VGA
[    4.483053] Console: switching to colour dummy device 80x25
[    4.492465] radeon 0000:00:01.0: vgaarb: deactivate vga console
[    4.493377] [drm] initializing kernel modesetting (KABINI 0x1002:0x9839 0x1043:0x141D 0x00).
[    4.493455] [drm] doorbell mmio base: 0xD0000000
[    4.493463] [drm] doorbell mmio size: 8388608
[    4.493500] ATOM BIOS: AMD
[    4.493581] [drm] Changing default dispclk from 400Mhz to 600Mhz
[    4.493621] radeon 0000:00:01.0: VRAM: 512M 0x0000000000000000 - 0x000000001FFFFFFF (512M used)
[    4.493636] radeon 0000:00:01.0: GTT: 2048M 0x0000000020000000 - 0x000000009FFFFFFF
[    4.493659] [drm] Detected VRAM RAM=512M, BAR=256M
[    4.493667] [drm] RAM width 128bits DDR
[    4.522036] [TTM] Zone  kernel: Available graphics memory: 1729510 KiB
[    4.522055] [TTM] Initializing pool allocator
[    4.522074] [TTM] Initializing DMA pool allocator
[    4.522137] [drm] radeon: 512M of VRAM memory ready
[    4.522146] [drm] radeon: 2048M of GTT memory ready.
[    4.522185] [drm] Loading kabini Microcode
[    4.527065] [drm] Internal thermal controller without fan control
[    4.528298] [drm] radeon: dpm initialized
[    4.529601] [drm] Found UVD firmware Version: 1.64 Family ID: 9
[    4.534450] [drm] Found VCE firmware/feedback version 40.2.2 / 15!
[    4.534507] [drm] GART: num cpu pages 524288, num gpu pages 524288
[    4.611995] [drm] PCIE GART of 2048M enabled (table at 0x000000000030E000).
[    4.612286] radeon 0000:00:01.0: WB enabled
[    4.612336] radeon 0000:00:01.0: fence driver on ring 0 use gpu addr 0x0000000020000c00 and cpu addr 0x(____ptrval____)
[    4.612354] radeon 0000:00:01.0: fence driver on ring 1 use gpu addr 0x0000000020000c04 and cpu addr 0x(____ptrval____)
[    4.612369] radeon 0000:00:01.0: fence driver on ring 2 use gpu addr 0x0000000020000c08 and cpu addr 0x(____ptrval____)
[    4.612384] radeon 0000:00:01.0: fence driver on ring 3 use gpu addr 0x0000000020000c0c and cpu addr 0x(____ptrval____)
[    4.612399] radeon 0000:00:01.0: fence driver on ring 4 use gpu addr 0x0000000020000c10 and cpu addr 0x(____ptrval____)
[    4.613335] radeon 0000:00:01.0: fence driver on ring 5 use gpu addr 0x0000000000078d30 and cpu addr 0x(____ptrval____)
[    4.613732] radeon 0000:00:01.0: fence driver on ring 6 use gpu addr 0x0000000020000c18 and cpu addr 0x(____ptrval____)
[    4.613749] radeon 0000:00:01.0: fence driver on ring 7 use gpu addr 0x0000000020000c1c and cpu addr 0x(____ptrval____)
[    4.613762] [drm] Supports vblank timestamp caching Rev 2 (21.10.2013).
[    4.613770] [drm] Driver supports precise vblank timestamp query.
[    4.613889] radeon 0000:00:01.0: radeon: using MSI.
[    4.613952] [drm] radeon: irq initialized.
[    4.617901] [drm] ring test on 0 succeeded in 4 usecs
[    4.618008] [drm] ring test on 1 succeeded in 4 usecs
[    4.618052] [drm] ring test on 2 succeeded in 4 usecs
[    4.618381] [drm] ring test on 3 succeeded in 6 usecs
[    4.618398] [drm] ring test on 4 succeeded in 5 usecs
[    4.629810] rq->curr == THREAD(this messg)
[    4.629815] proc in rq 0
[    4.629831] rq->nr_running rq->cfs.nr_running : 1 1
[    4.629843] rq->load.weight, rq->cfs.load.weight : 1048576 1048576
[    4.629845] ----------------^^^^CPU0^^^^^-----------------------
[    4.629853] rq->curr->pid == 3145
[    4.629863] color, tsk->comm, weight, vruntime: 1 udevd 1048576 1836907929
[    4.629871] color, tsk->comm, weight, vruntime: -128529143548264 udevd 1048576 1839325276
[    4.629879] proc in rq 2
[    4.629889] rq->nr_running rq->cfs.nr_running : 3 3
[    4.629900] rq->load.weight, rq->cfs.load.weight : 3145728 3145728
[    4.629902] ----------------^^^^CPU1^^^^^-----------------------
[    4.629909] rq->curr->pid == 0
[    4.629917] proc in rq 0
[    4.629923] rq->nr_running rq->cfs.nr_running : 0 0
[    4.629933] rq->load.weight, rq->cfs.load.weight : 0 0
[    4.629935] ----------------^^^^CPU2^^^^^-----------------------
[    4.629942] rq->curr->pid == 0
[    4.629951] proc in rq 0
[    4.629957] rq->nr_running rq->cfs.nr_running : 0 0
[    4.629967] rq->load.weight, rq->cfs.load.weight : 0 0
[    4.629969] ----------------^^^^CPU3^^^^^-----------------------
[    4.728843] [drm] ring test on 5 succeeded in 2 usecs
[    4.763043] [drm] UVD initialized successfully.
[    4.915910] [drm] ring test on 6 succeeded in 20 usecs
[    4.915944] [drm] ring test on 7 succeeded in 4 usecs
[    4.915952] [drm] VCE initialized successfully.
[    4.917833] [drm] ib test on ring 0 succeeded in 0 usecs
[    4.918111] [drm] ib test on ring 1 succeeded in 0 usecs
[    4.918382] [drm] ib test on ring 2 succeeded in 0 usecs
[    4.918659] [drm] ib test on ring 3 succeeded in 0 usecs
[    4.918931] [drm] ib test on ring 4 succeeded in 0 usecs
[    5.462054] [drm] ib test on ring 5 succeeded
[    5.483312] [drm] ib test on ring 6 succeeded
[    5.484314] [drm] ib test on ring 7 succeeded
[    5.531907] [drm] radeon atom DIG backlight initialized
[    5.531928] [drm] Radeon Display Connectors
[    5.531935] [drm] Connector 0:
[    5.531942] [drm]   LVDS-1
[    5.531947] [drm]   HPD1
[    5.531956] [drm]   DDC: 0x6530 0x6530 0x6534 0x6534 0x6538 0x6538 0x653c 0x653c
[    5.531965] [drm]   Encoders:
[    5.531971] [drm]     LCD1: INTERNAL_UNIPHY
[    5.531977] [drm] Connector 1:
[    5.531983] [drm]   HDMI-A-1
[    5.531988] [drm]   HPD2
[    5.531995] [drm]   DDC: 0x6540 0x6540 0x6544 0x6544 0x6548 0x6548 0x654c 0x654c
[    5.532003] [drm]   Encoders:
[    5.532009] [drm]     DFP1: INTERNAL_UNIPHY
[    5.532015] [drm] Connector 2:
[    5.532020] [drm]   VGA-1
[    5.532028] [drm]   DDC: 0x65c0 0x65c0 0x65c4 0x65c4 0x65c8 0x65c8 0x65cc 0x65cc
[    5.532036] [drm]   Encoders:
[    5.532042] [drm]     CRT1: INTERNAL_KLDSCP_DAC1
[    5.741866] rq->curr == idle (init_task)
[    5.741868] proc in rq 0
[    5.741879] rq->nr_running rq->cfs.nr_running : 0 0
[    5.741890] rq->load.weight, rq->cfs.load.weight : 0 0
[    5.741892] ----------------^^^^CPU0^^^^^-----------------------
[    5.741899] rq->curr == THREAD(this messg)
[    5.741906] proc in rq 0
[    5.741913] rq->nr_running rq->cfs.nr_running : 1 1
[    5.741923] rq->load.weight, rq->cfs.load.weight : 1048576 1048576
[    5.741925] ----------------^^^^CPU1^^^^^-----------------------
[    5.741932] rq->curr->pid == 0
[    5.741939] proc in rq 0
[    5.741946] rq->nr_running rq->cfs.nr_running : 0 0
[    5.741956] rq->load.weight, rq->cfs.load.weight : 0 0
[    5.741957] ----------------^^^^CPU2^^^^^-----------------------
[    5.741964] rq->curr->pid == 0
[    5.741971] proc in rq 0
[    5.741977] rq->nr_running rq->cfs.nr_running : 0 0
[    5.741987] rq->load.weight, rq->cfs.load.weight : 0 0
[    5.741988] ----------------^^^^CPU3^^^^^-----------------------
[    6.584037] [drm] fb mappable at 0xC0722000
[    6.584057] [drm] vram apper at 0xC0000000
[    6.584064] [drm] size 4325376
[    6.584070] [drm] fb depth is 24
[    6.584076] [drm]    pitch is 5632
[    6.584400] fbcon: radeondrmfb (fb0) is primary device
[    6.641870] rq->curr == idle (init_task)
[    6.641872] proc in rq 0
[    6.641875] rq->nr_running rq->cfs.nr_running : 0 0
[    6.641877] rq->load.weight, rq->cfs.load.weight : 0 0
[    6.641878] ----------------^^^^CPU0^^^^^-----------------------
[    6.641879] rq->curr == THREAD(this messg)
[    6.641881] proc in rq 0
[    6.641883] rq->nr_running rq->cfs.nr_running : 1 1
[    6.641885] rq->load.weight, rq->cfs.load.weight : 1048576 1048576
[    6.641886] ----------------^^^^CPU1^^^^^-----------------------
[    6.641888] rq->curr->pid == 0
[    6.641889] proc in rq 0
[    6.641891] rq->nr_running rq->cfs.nr_running : 0 0
[    6.641892] rq->load.weight, rq->cfs.load.weight : 0 0
[    6.641894] ----------------^^^^CPU2^^^^^-----------------------
[    6.641895] rq->curr->pid == 0
[    6.641897] proc in rq 0
[    6.641899] rq->nr_running rq->cfs.nr_running : 0 0
[    6.641900] rq->load.weight, rq->cfs.load.weight : 0 0
[    6.641901] ----------------^^^^CPU3^^^^^-----------------------
[    6.692118] Console: switching to colour frame buffer device 170x48
[    6.703816] radeon 0000:00:01.0: fb0: radeondrmfb frame buffer device
[    6.950034] [drm] Initialized radeon 2.50.0 20080528 for 0000:00:01.0 on minor 0
[    7.062074] Adding 3608572k swap on /dev/sda4.  Priority:1 extents:1 across:3608572k SS
[    7.129401] EXT4-fs (sda2): re-mounted. Opts: (null)
[    7.249192] EXT4-fs (sda2): re-mounted. Opts: (null)
[    7.701869] rq->curr == idle (init_task)
[    7.701874] proc in rq 0
[    7.705324] rq->nr_running rq->cfs.nr_running : 0 0
[    7.712244] rq->load.weight, rq->cfs.load.weight : 0 0
[    7.712246] ----------------^^^^CPU0^^^^^-----------------------
[    7.715740] rq->curr == THREAD(this messg)
[    7.719259] proc in rq 0
[    7.722764] rq->nr_running rq->cfs.nr_running : 1 1
[    7.729701] rq->load.weight, rq->cfs.load.weight : 1048576 1048576
[    7.729702] ----------------^^^^CPU1^^^^^-----------------------
[    7.733264] rq->curr->pid == 0
[    7.736859] proc in rq 0
[    7.740463] rq->nr_running rq->cfs.nr_running : 0 0
[    7.747639] rq->load.weight, rq->cfs.load.weight : 0 0
[    7.747641] ----------------^^^^CPU2^^^^^-----------------------
[    7.751258] rq->curr->pid == 0
[    7.754915] proc in rq 0
[    7.758544] rq->nr_running rq->cfs.nr_running : 0 0
[    7.765736] rq->load.weight, rq->cfs.load.weight : 0 0
[    7.765738] ----------------^^^^CPU3^^^^^-----------------------
[    8.633070] rq->curr->pid == 3428
[    8.636829] proc in rq 0
[    8.640597] rq->nr_running rq->cfs.nr_running : 1 1
[    8.648077] rq->load.weight, rq->cfs.load.weight : 1048576 1048576
[    8.648080] ----------------^^^^CPU0^^^^^-----------------------
[    8.651828] rq->curr == THREAD(this messg)
[    8.655641] color, tsk->comm, weight, vruntime: 1 syslogd 1048576 5715673257
[    8.659424] proc in rq 1
[    8.663302] rq->nr_running rq->cfs.nr_running : 2 2
[    8.670910] rq->load.weight, rq->cfs.load.weight : 2097152 2097152
[    8.670913] ----------------^^^^CPU1^^^^^-----------------------
[    8.674767] rq->curr->pid == 0
[    8.678559] proc in rq 0
[    8.682246] rq->nr_running rq->cfs.nr_running : 0 0
[    8.689206] rq->load.weight, rq->cfs.load.weight : 0 0
[    8.689209] ----------------^^^^CPU2^^^^^-----------------------
[    8.692576] rq->curr->pid == 0
[    8.695851] proc in rq 0
[    8.699032] rq->nr_running rq->cfs.nr_running : 0 0
[    8.705324] rq->load.weight, rq->cfs.load.weight : 0 0
[    8.705327] ----------------^^^^CPU3^^^^^-----------------------
[    9.534728] urandom_read: 6 callbacks suppressed
[    9.534735] random: wpa_supplicant: uninitialized urandom read (32 bytes read)
[    9.631907] rq->curr == THREAD(this messg)
[    9.631917] color, tsk->comm, weight, vruntime: -128529230055783 syslogd 1048576 6680984752
[    9.635228] color, tsk->comm, weight, vruntime: -128529164342120 syslogd 1048576 6681185203
[    9.638594] color, tsk->comm, weight, vruntime: -128529230055783 syslogd 1048576 6681551691
[    9.642012] color, tsk->comm, weight, vruntime: 1 syslogd 1048576 6681746320
[    9.645396] color, tsk->comm, weight, vruntime: -128529164369767 syslogd 1048576 6681746320
[    9.648757] color, tsk->comm, weight, vruntime: -128529164342119 syslogd 1048576 6681746320
[    9.652105] color, tsk->comm, weight, vruntime: -128529164369768 syslogd 1048576 6682488651
[    9.655392] color, tsk->comm, weight, vruntime: -128529164352487 dhclient 1048576 6689847515
[    9.658702] proc in rq 8
[    9.662014] rq->nr_running rq->cfs.nr_running : 9 9
[    9.668473] rq->load.weight, rq->cfs.load.weight : 9437184 9437184
[    9.668477] ----------------^^^^CPU0^^^^^-----------------------
[    9.671767] rq->curr->pid == 3428
[    9.675163] color, tsk->comm, weight, vruntime: -128529136103015 syslogd 1048576 6465441547
[    9.678443] color, tsk->comm, weight, vruntime: -128529136103015 syslogd 1048576 6465910090
[    9.681835] color, tsk->comm, weight, vruntime: -128529136113383 syslogd 1048576 6465944557
[    9.685220] color, tsk->comm, weight, vruntime: -128529155915623 syslogd 1048576 6466018052
[    9.688578] color, tsk->comm, weight, vruntime: -128529155915623 syslogd 1048576 6466240187
[    9.691913] color, tsk->comm, weight, vruntime: -128529136096103 syslogd 1048576 6466397821
[    9.695153] color, tsk->comm, weight, vruntime: -128529136096103 syslogd 1048576 6466745372
[    9.698330] color, tsk->comm, weight, vruntime: -128529136689383 syslogd 1048576 6466930946
[    9.701438] color, tsk->comm, weight, vruntime: -128529136689383 syslogd 1048576 6467052564
[    9.704580] color, tsk->comm, weight, vruntime: -128529253102056 syslogd 1048576 6467379555
[    9.707612] color, tsk->comm, weight, vruntime: -128529253102056 syslogd 1048576 6467366194
[    9.710587] color, tsk->comm, weight, vruntime: -128529144840039 syslogd 1048576 6467421895
[    9.713528] color, tsk->comm, weight, vruntime: -128529136685927 syslogd 1048576 6467362868
[    9.716422] color, tsk->comm, weight, vruntime: -128529136699751 syslogd 1048576 6467365724
[    9.719283] color, tsk->comm, weight, vruntime: -128529144840039 syslogd 1048576 6468602666
[    9.722085] proc in rq 15
[    9.724816] rq->nr_running rq->cfs.nr_running : 16 16
[    9.730171] rq->load.weight, rq->cfs.load.weight : 16777216 16777216
[    9.730175] ----------------^^^^CPU1^^^^^-----------------------
[    9.732949] rq->curr->pid == 0
[    9.735735] proc in rq 0
[    9.738484] rq->nr_running rq->cfs.nr_running : 0 0
[    9.743910] rq->load.weight, rq->cfs.load.weight : 0 0
[    9.743913] ----------------^^^^CPU2^^^^^-----------------------
[    9.746626] rq->curr->pid == 0
[    9.749418] proc in rq 0
[    9.752199] rq->nr_running rq->cfs.nr_running : 0 0
[    9.757594] rq->load.weight, rq->cfs.load.weight : 0 0
[    9.757599] ----------------^^^^CPU3^^^^^-----------------------
[   10.641882] rq->curr == THREAD(this messg)
[   10.644599] proc in rq 0
[   10.647255] rq->nr_running rq->cfs.nr_running : 1 1
[   10.652439] rq->load.weight, rq->cfs.load.weight : 1048576 1048576
[   10.652441] ----------------^^^^CPU0^^^^^-----------------------
[   10.655087] rq->curr->pid == 4546
[   10.657674] proc in rq 0
[   10.660244] rq->nr_running rq->cfs.nr_running : 0 0
[   10.665464] rq->load.weight, rq->cfs.load.weight : 0 0
[   10.665467] ----------------^^^^CPU1^^^^^-----------------------
[   10.668064] rq->curr->pid == 0
[   10.670711] proc in rq 0
[   10.673386] rq->nr_running rq->cfs.nr_running : 0 0
[   10.678700] rq->load.weight, rq->cfs.load.weight : 0 0
[   10.678704] ----------------^^^^CPU2^^^^^-----------------------
[   10.681324] rq->curr->pid == 0
[   10.683978] proc in rq 0
[   10.686601] rq->nr_running rq->cfs.nr_running : 0 0
[   10.691664] rq->load.weight, rq->cfs.load.weight : 0 0
[   10.691666] ----------------^^^^CPU3^^^^^-----------------------
[   10.879943] wlp1s0: authenticate with 64:66:b3:cd:9a:3a
[   10.901295] wlp1s0: send auth to 64:66:b3:cd:9a:3a (try 1/3)
[   10.907080] wlp1s0: authenticated
[   10.912814] wlp1s0: associate with 64:66:b3:cd:9a:3a (try 1/3)
[   10.920066] wlp1s0: RX AssocResp from 64:66:b3:cd:9a:3a (capab=0x431 status=0 aid=1)
[   10.924248] wlp1s0: associated
[   11.212043] IPv6: ADDRCONF(NETDEV_CHANGE): wlp1s0: link becomes ready
[   11.631870] rq->curr == THREAD(this messg)
[   11.631874] proc in rq 0
[   11.634891] rq->nr_running rq->cfs.nr_running : 1 1
[   11.640928] rq->load.weight, rq->cfs.load.weight : 1048576 1048576
[   11.640930] ----------------^^^^CPU0^^^^^-----------------------
[   11.644071] rq->curr->pid == 0
[   11.647286] proc in rq 0
[   11.650389] rq->nr_running rq->cfs.nr_running : 1 1
[   11.656599] rq->load.weight, rq->cfs.load.weight : 1048576 1048576
[   11.656603] ----------------^^^^CPU1^^^^^-----------------------
[   11.659694] rq->curr->pid == 0
[   11.662804] proc in rq 0
[   11.665932] rq->nr_running rq->cfs.nr_running : 0 0
[   11.672102] rq->load.weight, rq->cfs.load.weight : 0 0
[   11.672104] ----------------^^^^CPU2^^^^^-----------------------
[   11.675226] rq->curr->pid == 0
[   11.678315] proc in rq 0
[   11.681395] rq->nr_running rq->cfs.nr_running : 0 0
[   11.687598] rq->load.weight, rq->cfs.load.weight : 0 0
[   11.687602] ----------------^^^^CPU3^^^^^-----------------------
[   12.117626] udevd (2547) used greatest stack depth: 11736 bytes left
[   12.631878] rq->curr == idle (init_task)
[   12.631882] proc in rq 0
[   12.634881] rq->nr_running rq->cfs.nr_running : 0 0
[   12.640768] rq->load.weight, rq->cfs.load.weight : 0 0
[   12.640770] ----------------^^^^CPU0^^^^^-----------------------
[   12.643731] rq->curr == THREAD(this messg)
[   12.646692] proc in rq 0
[   12.649709] rq->nr_running rq->cfs.nr_running : 1 1
[   12.655710] rq->load.weight, rq->cfs.load.weight : 1048576 1048576
[   12.655714] ----------------^^^^CPU1^^^^^-----------------------
[   12.658706] rq->curr->pid == 0
[   12.661687] proc in rq 0
[   12.664698] rq->nr_running rq->cfs.nr_running : 0 0
[   12.670696] rq->load.weight, rq->cfs.load.weight : 0 0
[   12.670700] ----------------^^^^CPU2^^^^^-----------------------
[   12.673705] rq->curr->pid == 0
[   12.676721] proc in rq 0
[   12.679702] rq->nr_running rq->cfs.nr_running : 0 0
[   12.685690] rq->load.weight, rq->cfs.load.weight : 0 0
[   12.685693] ----------------^^^^CPU3^^^^^-----------------------
[   13.671871] rq->curr == idle (init_task)
[   13.674869] proc in rq 0
[   13.677832] rq->nr_running rq->cfs.nr_running : 0 0
[   13.683730] rq->load.weight, rq->cfs.load.weight : 0 0
[   13.683732] ----------------^^^^CPU0^^^^^-----------------------
[   13.686713] rq->curr == THREAD(this messg)
[   13.689665] proc in rq 0
[   13.692595] rq->nr_running rq->cfs.nr_running : 1 1
[   13.698373] rq->load.weight, rq->cfs.load.weight : 1048576 1048576
[   13.698377] ----------------^^^^CPU1^^^^^-----------------------
[   13.701295] rq->curr->pid == 0
[   13.704241] proc in rq 0
[   13.707154] rq->nr_running rq->cfs.nr_running : 0 0
[   13.712893] rq->load.weight, rq->cfs.load.weight : 0 0
[   13.712895] ----------------^^^^CPU2^^^^^-----------------------
[   13.715817] rq->curr->pid == 0
[   13.718723] proc in rq 0
[   13.721576] rq->nr_running rq->cfs.nr_running : 0 0
[   13.727319] rq->load.weight, rq->cfs.load.weight : 0 0
[   13.727323] ----------------^^^^CPU3^^^^^-----------------------
[   14.631873] rq->curr == idle (init_task)
[   14.634790] proc in rq 0
[   14.637665] rq->nr_running rq->cfs.nr_running : 0 0
[   14.643384] rq->load.weight, rq->cfs.load.weight : 0 0
[   14.643386] ----------------^^^^CPU0^^^^^-----------------------
[   14.646330] rq->curr == THREAD(this messg)
[   14.649267] proc in rq 0
[   14.652193] rq->nr_running rq->cfs.nr_running : 1 1
[   14.657929] rq->load.weight, rq->cfs.load.weight : 1048576 1048576
[   14.657932] ----------------^^^^CPU1^^^^^-----------------------
[   14.660825] rq->curr->pid == 0
[   14.663765] proc in rq 0
[   14.666690] rq->nr_running rq->cfs.nr_running : 0 0
[   14.672504] rq->load.weight, rq->cfs.load.weight : 0 0
[   14.672506] ----------------^^^^CPU2^^^^^-----------------------
[   14.675413] rq->curr->pid == 0
[   14.678310] proc in rq 0
[   14.681160] rq->nr_running rq->cfs.nr_running : 0 0
[   14.686855] rq->load.weight, rq->cfs.load.weight : 0 0
[   14.686859] ----------------^^^^CPU3^^^^^-----------------------
[   15.621872] rq->curr == idle (init_task)
[   15.624778] proc in rq 0
[   15.627642] rq->nr_running rq->cfs.nr_running : 0 0
[   15.633308] rq->load.weight, rq->cfs.load.weight : 0 0
[   15.633310] ----------------^^^^CPU0^^^^^-----------------------
[   15.636225] rq->curr == THREAD(this messg)
[   15.639140] proc in rq 0
[   15.642055] rq->nr_running rq->cfs.nr_running : 1 1
[   15.647797] rq->load.weight, rq->cfs.load.weight : 1048576 1048576
[   15.647801] ----------------^^^^CPU1^^^^^-----------------------
[   15.650698] rq->curr->pid == 0
[   15.653643] proc in rq 0
[   15.656573] rq->nr_running rq->cfs.nr_running : 0 0
[   15.662300] rq->load.weight, rq->cfs.load.weight : 0 0
[   15.662302] ----------------^^^^CPU2^^^^^-----------------------
[   15.665217] rq->curr->pid == 0
[   15.668120] proc in rq 0
[   15.670977] rq->nr_running rq->cfs.nr_running : 0 0
[   15.676682] rq->load.weight, rq->cfs.load.weight : 0 0
[   15.676686] ----------------^^^^CPU3^^^^^-----------------------
[   16.631926] rq->curr == idle (init_task)
[   16.634825] proc in rq 0
[   16.637694] rq->nr_running rq->cfs.nr_running : 0 0
[   16.643369] rq->load.weight, rq->cfs.load.weight : 0 0
[   16.643371] ----------------^^^^CPU0^^^^^-----------------------
[   16.646291] rq->curr == THREAD(this messg)
[   16.649207] proc in rq 0
[   16.652129] rq->nr_running rq->cfs.nr_running : 1 1
[   16.657870] rq->load.weight, rq->cfs.load.weight : 1048576 1048576
[   16.657873] ----------------^^^^CPU1^^^^^-----------------------
[   16.660771] rq->curr->pid == 0
[   16.663719] proc in rq 0
[   16.666643] rq->nr_running rq->cfs.nr_running : 0 0
[   16.672372] rq->load.weight, rq->cfs.load.weight : 0 0
[   16.672374] ----------------^^^^CPU2^^^^^-----------------------
[   16.675286] rq->curr->pid == 0
[   16.678186] proc in rq 0
[   16.681039] rq->nr_running rq->cfs.nr_running : 0 0
[   16.686737] rq->load.weight, rq->cfs.load.weight : 0 0
[   16.686741] ----------------^^^^CPU3^^^^^-----------------------
[   17.671901] rq->curr == idle (init_task)
[   17.674857] proc in rq 0
[   17.677727] rq->nr_running rq->cfs.nr_running : 0 0
[   17.683400] rq->load.weight, rq->cfs.load.weight : 0 0
[   17.683401] ----------------^^^^CPU0^^^^^-----------------------
[   17.686320] rq->curr == THREAD(this messg)
[   17.689235] proc in rq 0
[   17.692155] rq->nr_running rq->cfs.nr_running : 1 1
[   17.697902] rq->load.weight, rq->cfs.load.weight : 1048576 1048576
[   17.697906] ----------------^^^^CPU1^^^^^-----------------------
[   17.700804] rq->curr->pid == 0
[   17.703746] proc in rq 0
[   17.706673] rq->nr_running rq->cfs.nr_running : 0 0
[   17.712395] rq->load.weight, rq->cfs.load.weight : 0 0
[   17.712397] ----------------^^^^CPU2^^^^^-----------------------
[   17.715308] rq->curr->pid == 0
[   17.718208] proc in rq 0
[   17.721058] rq->nr_running rq->cfs.nr_running : 0 0
[   17.726749] rq->load.weight, rq->cfs.load.weight : 0 0
[   17.726753] ----------------^^^^CPU3^^^^^-----------------------
[   18.631879] rq->curr == idle (init_task)
[   18.634777] proc in rq 0
[   18.637638] rq->nr_running rq->cfs.nr_running : 0 0
[   18.643303] rq->load.weight, rq->cfs.load.weight : 0 0
[   18.643304] ----------------^^^^CPU0^^^^^-----------------------
[   18.646217] rq->curr == THREAD(this messg)
[   18.649124] proc in rq 0
[   18.652037] rq->nr_running rq->cfs.nr_running : 1 1
[   18.657769] rq->load.weight, rq->cfs.load.weight : 1048576 1048576
[   18.657773] ----------------^^^^CPU1^^^^^-----------------------
[   18.660762] rq->curr->pid == 0
[   18.663703] proc in rq 0
[   18.666625] rq->nr_running rq->cfs.nr_running : 0 0
[   18.672339] rq->load.weight, rq->cfs.load.weight : 0 0
[   18.672341] ----------------^^^^CPU2^^^^^-----------------------
[   18.675250] rq->curr->pid == 0
[   18.678149] proc in rq 0
[   18.680999] rq->nr_running rq->cfs.nr_running : 0 0
[   18.686698] rq->load.weight, rq->cfs.load.weight : 0 0
[   18.686702] ----------------^^^^CPU3^^^^^-----------------------
[   19.671870] rq->curr == idle (init_task)
[   19.674773] proc in rq 0
[   19.677640] rq->nr_running rq->cfs.nr_running : 0 0
[   19.683310] rq->load.weight, rq->cfs.load.weight : 0 0
[   19.683312] ----------------^^^^CPU0^^^^^-----------------------
[   19.686330] rq->curr == THREAD(this messg)
[   19.689242] proc in rq 0
[   19.692158] rq->nr_running rq->cfs.nr_running : 1 1
[   19.697909] rq->load.weight, rq->cfs.load.weight : 1048576 1048576
[   19.697912] ----------------^^^^CPU1^^^^^-----------------------
[   19.700809] rq->curr->pid == 0
[   19.703753] proc in rq 0
[   19.706685] rq->nr_running rq->cfs.nr_running : 0 0
[   19.712419] rq->load.weight, rq->cfs.load.weight : 0 0
[   19.712421] ----------------^^^^CPU2^^^^^-----------------------
[   19.715335] rq->curr->pid == 0
[   19.718242] proc in rq 0
[   19.721101] rq->nr_running rq->cfs.nr_running : 0 0
[   19.726815] rq->load.weight, rq->cfs.load.weight : 0 0
[   19.726819] ----------------^^^^CPU3^^^^^-----------------------
[   20.631878] rq->curr == idle (init_task)
[   20.634782] proc in rq 0
[   20.637657] rq->nr_running rq->cfs.nr_running : 0 0
[   20.643345] rq->load.weight, rq->cfs.load.weight : 0 0
[   20.643347] ----------------^^^^CPU0^^^^^-----------------------
[   20.646275] rq->curr == THREAD(this messg)
[   20.649201] proc in rq 0
[   20.652130] rq->nr_running rq->cfs.nr_running : 1 1
[   20.657891] rq->load.weight, rq->cfs.load.weight : 1048576 1048576
[   20.657894] ----------------^^^^CPU1^^^^^-----------------------
[   20.660800] rq->curr->pid == 0
[   20.663753] proc in rq 0
[   20.666686] rq->nr_running rq->cfs.nr_running : 0 0
[   20.672427] rq->load.weight, rq->cfs.load.weight : 0 0
[   20.672429] ----------------^^^^CPU2^^^^^-----------------------
[   20.675349] rq->curr->pid == 0
[   20.678258] proc in rq 0
[   20.681118] rq->nr_running rq->cfs.nr_running : 0 0
[   20.686828] rq->load.weight, rq->cfs.load.weight : 0 0
[   20.686832] ----------------^^^^CPU3^^^^^-----------------------
[  109.377965] random: crng init done
