[    0.000000] Linux version 5.2.0-rc7+ (root@(none)) (gcc version 9.0.1 20190416 (experimental) (GCC)) #164 SMP Tue Jul 2 17:02:45 +05 2019
[    0.000000] Command line: BOOT_IMAGE=/boot/bzImage root=/dev/sda2 ro
[    0.000000] x86/fpu: Supporting XSAVE feature 0x001: 'x87 floating point registers'
[    0.000000] x86/fpu: Supporting XSAVE feature 0x002: 'SSE registers'
[    0.000000] x86/fpu: Supporting XSAVE feature 0x004: 'AVX registers'
[    0.000000] x86/fpu: xstate_offset[2]:  576, xstate_sizes[2]:  256
[    0.000000] x86/fpu: Enabled xstate features 0x7, context size is 832 bytes, using 'standard' format.
[    0.000000] BIOS-provided physical RAM map:
[    0.000000] BIOS-e820: [mem 0x0000000000000000-0x000000000009ffff] usable
[    0.000000] BIOS-e820: [mem 0x0000000000100000-0x000000009d0f7fff] usable
[    0.000000] BIOS-e820: [mem 0x000000009d0f8000-0x000000009d127fff] reserved
[    0.000000] BIOS-e820: [mem 0x000000009d128000-0x000000009d370fff] usable
[    0.000000] BIOS-e820: [mem 0x000000009d371000-0x000000009dc56fff] ACPI NVS
[    0.000000] BIOS-e820: [mem 0x000000009dc57000-0x000000009e959fff] reserved
[    0.000000] BIOS-e820: [mem 0x000000009e95a000-0x000000009e9cafff] type 20
[    0.000000] BIOS-e820: [mem 0x000000009e9cb000-0x000000009e9cbfff] usable
[    0.000000] BIOS-e820: [mem 0x000000009e9cc000-0x000000009e9d3fff] ACPI NVS
[    0.000000] BIOS-e820: [mem 0x000000009e9d4000-0x000000009eb24fff] usable
[    0.000000] BIOS-e820: [mem 0x000000009eb25000-0x000000009f041fff] reserved
[    0.000000] BIOS-e820: [mem 0x000000009f042000-0x000000009f080fff] usable
[    0.000000] BIOS-e820: [mem 0x000000009f081000-0x000000009f3f1fff] reserved
[    0.000000] BIOS-e820: [mem 0x000000009f3f2000-0x000000009f3fffff] usable
[    0.000000] BIOS-e820: [mem 0x00000000fec00000-0x00000000fec01fff] reserved
[    0.000000] BIOS-e820: [mem 0x00000000fec10000-0x00000000fec10fff] reserved
[    0.000000] BIOS-e820: [mem 0x00000000fed00000-0x00000000fed00fff] reserved
[    0.000000] BIOS-e820: [mem 0x00000000fed80000-0x00000000fed8ffff] reserved
[    0.000000] BIOS-e820: [mem 0x00000000ff000000-0x00000000ffffffff] reserved
[    0.000000] BIOS-e820: [mem 0x0000000100001000-0x000000013effffff] usable
[    0.000000] NX (Execute Disable) protection: active
[    0.000000] efi: EFI v2.31 by American Megatrends
[    0.000000] efi:  ACPI=0x9d3f3000  ACPI 2.0=0x9d3f3000  SMBIOS=0x9e958998 
[    0.000000] SMBIOS 2.7 present.
[    0.000000] DMI: ASUSTeK COMPUTER INC. X102BA/X102BA, BIOS X102BA.212 08/30/2013
[    0.000000] tsc: Fast TSC calibration using PIT
[    0.000000] tsc: Detected 998.170 MHz processor
[    0.000214] e820: update [mem 0x00000000-0x00000fff] usable ==> reserved
[    0.000219] e820: remove [mem 0x000a0000-0x000fffff] usable
[    0.000240] last_pfn = 0x13f000 max_arch_pfn = 0x400000000
[    0.000249] MTRR default type: uncachable
[    0.000251] MTRR fixed ranges enabled:
[    0.000255]   00000-9FFFF write-back
[    0.000258]   A0000-BFFFF write-through
[    0.000261]   C0000-DFFFF uncachable
[    0.000264]   E0000-FFFFF write-protect
[    0.000265] MTRR variable ranges enabled:
[    0.000270]   0 base 0000000000 mask FF80000000 write-back
[    0.000274]   1 base 0080000000 mask FFE0000000 write-back
[    0.000278]   2 base 009F400000 mask FFFFC00000 uncachable
[    0.000281]   3 base 009F800000 mask FFFF800000 uncachable
[    0.000282]   4 disabled
[    0.000284]   5 disabled
[    0.000285]   6 disabled
[    0.000286]   7 disabled
[    0.000288] TOM2: 000000013f000000 aka 5104M
[    0.000804] x86/PAT: Configuration [0-7]: WB  WC  UC- UC  WB  WP  UC- WT  
[    0.001077] e820: update [mem 0x9f400000-0xffffffff] usable ==> reserved
[    0.001091] last_pfn = 0x9f400 max_arch_pfn = 0x400000000
[    0.014438] check: Scanning 1 areas for low memory corruption
[    0.014451] Using GB pages for direct mapping
[    0.014458] BRK [0x46e01000, 0x46e01fff] PGTABLE
[    0.014465] BRK [0x46e02000, 0x46e02fff] PGTABLE
[    0.014468] BRK [0x46e03000, 0x46e03fff] PGTABLE
[    0.014573] BRK [0x46e04000, 0x46e04fff] PGTABLE
[    0.014577] BRK [0x46e05000, 0x46e05fff] PGTABLE
[    0.014719] BRK [0x46e06000, 0x46e06fff] PGTABLE
[    0.015559] BRK [0x46e07000, 0x46e07fff] PGTABLE
[    0.015757] BRK [0x46e08000, 0x46e08fff] PGTABLE
[    0.015912] BRK [0x46e09000, 0x46e09fff] PGTABLE
[    0.016128] BRK [0x46e0a000, 0x46e0afff] PGTABLE
[    0.016385] BRK [0x46e0b000, 0x46e0bfff] PGTABLE
[    0.016535] Secure boot could not be determined
[    0.016551] ACPI: Early table checksum verification disabled
[    0.016561] ACPI: RSDP 0x000000009D3F3000 000024 (v02 _ASUS_)
[    0.016573] ACPI: XSDT 0x000000009D3F3088 000094 (v01 _ASUS_ Notebook 01072009 AMI  00010013)
[    0.016590] ACPI: FACP 0x000000009D400748 00010C (v05 _ASUS_ Notebook 01072009 AMI  00010013)
[    0.016606] ACPI BIOS Warning (bug): Optional FADT field Pm2ControlBlock has valid Length but zero Address: 0x0000000000000000/0x1 (20190509/tbfadt-615)
[    0.016620] ACPI: DSDT 0x000000009D3F31A8 00D59D (v02 _ASUS_ Notebook 00000000 INTL 20091112)
[    0.016632] ACPI: FACS 0x000000009DC4B080 000040
[    0.016641] ACPI: APIC 0x000000009D400858 00007E (v03 _ASUS_ Notebook 01072009 AMI  00010013)
[    0.016652] ACPI: FPDT 0x000000009D4008D8 000044 (v01 _ASUS_ Notebook 01072009 AMI  00010013)
[    0.016662] ACPI: ECDT 0x000000009D400920 0000C1 (v01 _ASUS_ Notebook 01072009 AMI. 00000005)
[    0.016673] ACPI: MCFG 0x000000009D4009E8 00003C (v01 _ASUS_ Notebook 01072009 MSFT 00010013)
[    0.016683] ACPI: HPET 0x000000009D400A28 000038 (v01 _ASUS_ Notebook 01072009 AMI  00000005)
[    0.016693] ACPI: VFCT 0x000000009D400A60 004684 (v01 _ASUS_ Notebook 00000001 AMD  31504F47)
[    0.016704] ACPI: BGRT 0x000000009D4050E8 000038 (v00 _ASUS_ Notebook 01072009 ASUS 00010013)
[    0.016715] ACPI: SSDT 0x000000009D405120 0005E0 (v01 AMD    AGESA    00000001 AMD  00000001)
[    0.016725] ACPI: SSDT 0x000000009D405700 0046D1 (v02 AMD    AGESA    00000002 MSFT 04000000)
[    0.016736] ACPI: CRAT 0x000000009D409DD8 000228 (v01 AMD    AGESA    00000001 AMD  00000001)
[    0.016746] ACPI: SSDT 0x000000009D40A000 001411 (v01 AMD    CPMDFIGP 00000001 INTL 20051117)
[    0.016757] ACPI: SSDT 0x000000009D40B418 0010E8 (v01 AMD    CPMCMN   00000001 INTL 20051117)
[    0.016767] ACPI: MSDM 0x000000009D127F98 000055 (v03 _ASUS_ Notebook 00000000 ASUS 00000001)
[    0.016795] ACPI: Local APIC address 0xfee00000
[    0.017149] No NUMA configuration found
[    0.017154] Faking a node at [mem 0x0000000000000000-0x000000013effffff]
[    0.017167] NODE_DATA(0) allocated [mem 0x13effa000-0x13effdfff]
[    0.017221] Zone ranges:
[    0.017225]   DMA      [mem 0x0000000000001000-0x0000000000ffffff]
[    0.017230]   DMA32    [mem 0x0000000001000000-0x00000000ffffffff]
[    0.017234]   Normal   [mem 0x0000000100000000-0x000000013effffff]
[    0.017238] Movable zone start for each node
[    0.017241] Early memory node ranges
[    0.017245]   node   0: [mem 0x0000000000001000-0x000000000009ffff]
[    0.017248]   node   0: [mem 0x0000000000100000-0x000000009d0f7fff]
[    0.017252]   node   0: [mem 0x000000009d128000-0x000000009d370fff]
[    0.017255]   node   0: [mem 0x000000009e9cb000-0x000000009e9cbfff]
[    0.017258]   node   0: [mem 0x000000009e9d4000-0x000000009eb24fff]
[    0.017261]   node   0: [mem 0x000000009f042000-0x000000009f080fff]
[    0.017264]   node   0: [mem 0x000000009f3f2000-0x000000009f3fffff]
[    0.017267]   node   0: [mem 0x0000000100001000-0x000000013effffff]
[    0.017599] Zeroed struct page in unavailable ranges: 11138 pages
[    0.017606] Initmem setup node 0 [mem 0x0000000000001000-0x000000013effffff]
[    0.017615] On node 0 totalpages: 902270
[    0.017618]   DMA zone: 64 pages used for memmap
[    0.017620]   DMA zone: 23 pages reserved
[    0.017623]   DMA zone: 3999 pages, LIFO batch:0
[    0.017841]   DMA32 zone: 10004 pages used for memmap
[    0.017844]   DMA32 zone: 640224 pages, LIFO batch:63
[    0.058530]   Normal zone: 4032 pages used for memmap
[    0.058537]   Normal zone: 258047 pages, LIFO batch:63
[    0.071940] ACPI: PM-Timer IO Port: 0x808
[    0.071952] ACPI: Local APIC address 0xfee00000
[    0.071969] ACPI: LAPIC_NMI (acpi_id[0xff] high edge lint[0x1])
[    0.071985] IOAPIC[0]: apic_id 3, version 33, address 0xfec00000, GSI 0-23
[    0.071996] IOAPIC[1]: apic_id 4, version 33, address 0xfec01000, GSI 24-55
[    0.072003] ACPI: INT_SRC_OVR (bus 0 bus_irq 0 global_irq 2 dfl dfl)
[    0.072010] ACPI: INT_SRC_OVR (bus 0 bus_irq 9 global_irq 9 low level)
[    0.072014] ACPI: IRQ0 used by override.
[    0.072017] ACPI: IRQ9 used by override.
[    0.072022] Using ACPI (MADT) for SMP configuration information
[    0.072027] ACPI: HPET id: 0x10228210 base: 0xfed00000
[    0.072043] smpboot: Allowing 4 CPUs, 2 hotplug CPUs
[    0.072117] PM: Registered nosave memory: [mem 0x00000000-0x00000fff]
[    0.072125] PM: Registered nosave memory: [mem 0x000a0000-0x000fffff]
[    0.072132] PM: Registered nosave memory: [mem 0x9d0f8000-0x9d127fff]
[    0.072139] PM: Registered nosave memory: [mem 0x9d371000-0x9dc56fff]
[    0.072142] PM: Registered nosave memory: [mem 0x9dc57000-0x9e959fff]
[    0.072145] PM: Registered nosave memory: [mem 0x9e95a000-0x9e9cafff]
[    0.072151] PM: Registered nosave memory: [mem 0x9e9cc000-0x9e9d3fff]
[    0.072158] PM: Registered nosave memory: [mem 0x9eb25000-0x9f041fff]
[    0.072165] PM: Registered nosave memory: [mem 0x9f081000-0x9f3f1fff]
[    0.072171] PM: Registered nosave memory: [mem 0x9f400000-0xfebfffff]
[    0.072174] PM: Registered nosave memory: [mem 0xfec00000-0xfec01fff]
[    0.072177] PM: Registered nosave memory: [mem 0xfec02000-0xfec0ffff]
[    0.072180] PM: Registered nosave memory: [mem 0xfec10000-0xfec10fff]
[    0.072182] PM: Registered nosave memory: [mem 0xfec11000-0xfecfffff]
[    0.072185] PM: Registered nosave memory: [mem 0xfed00000-0xfed00fff]
[    0.072188] PM: Registered nosave memory: [mem 0xfed01000-0xfed7ffff]
[    0.072191] PM: Registered nosave memory: [mem 0xfed80000-0xfed8ffff]
[    0.072193] PM: Registered nosave memory: [mem 0xfed90000-0xfeffffff]
[    0.072196] PM: Registered nosave memory: [mem 0xff000000-0xffffffff]
[    0.072199] PM: Registered nosave memory: [mem 0x100000000-0x100000fff]
[    0.072205] [mem 0x9f400000-0xfebfffff] available for PCI devices
[    0.072218] clocksource: refined-jiffies: mask: 0xffffffff max_cycles: 0xffffffff, max_idle_ns: 19112604462750000 ns
[    0.514718] setup_percpu: NR_CPUS:64 nr_cpumask_bits:64 nr_cpu_ids:4 nr_node_ids:1
[    0.515913] percpu: Embedded 51 pages/cpu s170008 r8192 d30696 u524288
[    0.515953] pcpu-alloc: s170008 r8192 d30696 u524288 alloc=1*2097152
[    0.515955] pcpu-alloc: [0] 0 1 2 3 
[    0.516037] Built 1 zonelists, mobility grouping on.  Total pages: 888147
[    0.516042] Policy zone: Normal
[    0.516048] Kernel command line: BOOT_IMAGE=/boot/bzImage root=/dev/sda2 ro
[    0.580759] Memory: 3432168K/3609080K available (14357K kernel code, 1433K rwdata, 4456K rodata, 1296K init, 856K bss, 176912K reserved, 0K cma-reserved)
[    0.580977] SLUB: HWalign=64, Order=0-3, MinObjects=0, CPUs=4, Nodes=1
[    0.581215] rcu: Hierarchical RCU implementation.
[    0.581219] rcu: 	RCU event tracing is enabled.
[    0.581223] rcu: 	RCU restricting CPUs from NR_CPUS=64 to nr_cpu_ids=4.
[    0.581228] rcu: RCU calculated value of scheduler-enlistment delay is 10 jiffies.
[    0.581232] rcu: Adjusting geometry for rcu_fanout_leaf=16, nr_cpu_ids=4
[    0.581827] NR_IRQS: 4352, nr_irqs: 1000, preallocated irqs: 16
[    0.582417] random: get_random_bytes called from start_kernel+0x2c6/0x493 with crng_init=0
[    0.582501] Console: colour dummy device 80x25
[    0.583183] printk: console [tty0] enabled
[    0.583228] ACPI: Core revision 20190509
[    0.583920] clocksource: hpet: mask: 0xffffffff max_cycles: 0xffffffff, max_idle_ns: 133484873504 ns
[    0.583952] hpet clockevent registered
[    0.583963] APIC: Switch to symmetric I/O mode setup
[    0.584822] ..TIMER: vector=0x30 apic1=0 pin1=2 apic2=-1 pin2=-1
[    0.633961] clocksource: tsc-early: mask: 0xffffffffffffffff max_cycles: 0x1cc6acd754f, max_idle_ns: 881590525304 ns
[    0.633977] Calibrating delay loop (skipped), value calculated using timer frequency.. 1996.34 BogoMIPS (lpj=9981700)
[    0.633993] pid_max: default: 32768 minimum: 301
[    0.636594] LSM: Security Framework initializing
[    0.636627] SELinux:  Initializing.
[    0.636664] *** VALIDATE SELinux ***
[    0.639030] Dentry cache hash table entries: 524288 (order: 10, 4194304 bytes)
[    0.640277] Inode-cache hash table entries: 262144 (order: 9, 2097152 bytes)
[    0.640379] Mount-cache hash table entries: 8192 (order: 4, 65536 bytes)
[    0.640426] Mountpoint-cache hash table entries: 8192 (order: 4, 65536 bytes)
[    0.640829] *** VALIDATE proc ***
[    0.640918] *** VALIDATE cgroup1 ***
[    0.640929] *** VALIDATE cgroup2 ***
[    0.641034] LVT offset 1 assigned for vector 0xf9
[    0.641050] Last level iTLB entries: 4KB 512, 2MB 8, 4MB 4
[    0.641058] Last level dTLB entries: 4KB 512, 2MB 256, 4MB 128, 1GB 0
[    0.641067] Spectre V2 : Mitigation: Full AMD retpoline
[    0.641074] Spectre V2 : Spectre v2 / SpectreRSB mitigation: Filling RSB on context switch
[    0.641086] Speculative Store Bypass: Mitigation: Speculative Store Bypass disabled via prctl and seccomp
[    0.641668] Freeing SMP alternatives memory: 40K
[    0.653975] smpboot: CPU0: AMD A4-1200 APU with Radeon(TM) HD Graphics (family: 0x16, model: 0x0, stepping: 0x1)
[    0.653975] Performance Events: AMD PMU driver.
[    0.653975] ... version:                0
[    0.653975] ... bit width:              48
[    0.653975] ... generic registers:      4
[    0.653975] ... value mask:             0000ffffffffffff
[    0.653975] ... max period:             00007fffffffffff
[    0.653975] ... fixed-purpose events:   0
[    0.653975] ... event mask:             000000000000000f
[    0.653975] rcu: Hierarchical SRCU implementation.
[    0.653975] MCE: In-kernel MCE decoding enabled.
[    0.653975] smp: Bringing up secondary CPUs ...
[    0.653975] x86: Booting SMP configuration:
[    0.653975] .... node  #0, CPUs:      #1
[    0.653975] smp: Brought up 1 node, 2 CPUs
[    0.653975] smpboot: Max logical packages: 2
[    0.653975] smpboot: Total of 2 processors activated (3992.68 BogoMIPS)
[    0.653975] devtmpfs: initialized
[    0.653975] PM: Registering ACPI NVS region [mem 0x9d371000-0x9dc56fff] (9330688 bytes)
[    0.653975] PM: Registering ACPI NVS region [mem 0x9e9cc000-0x9e9d3fff] (32768 bytes)
[    0.653975] clocksource: jiffies: mask: 0xffffffff max_cycles: 0xffffffff, max_idle_ns: 19112604462750000 ns
[    0.653975] futex hash table entries: 1024 (order: 4, 65536 bytes)
[    0.653975] kworker/u8:0 (22) used greatest stack depth: 14624 bytes left
[    0.653975] NET: Registered protocol family 16
[    0.653975] audit: initializing netlink subsys (disabled)
[    0.653975] audit: type=2000 audit(1562315366.060:1): state=initialized audit_enabled=0 res=1
[    0.653975] cpuidle: using governor ladder
[    0.653975] cpuidle: using governor menu
[    0.653975] ACPI FADT declares the system doesn't support PCIe ASPM, so disable it
[    0.653975] ACPI: bus type PCI registered
[    0.653975] PCI: MMCONFIG for domain 0000 [bus 00-ff] at [mem 0xe0000000-0xefffffff] (base 0xe0000000)
[    0.653975] PCI: not using MMCONFIG
[    0.653975] PCI: Using configuration type 1 for base access
[    0.653975] PCI: Using configuration type 1 for extended access
[    0.654009] rq->curr == THREAD(this messg)
[    0.654010] state TASK_RUNNING
[    0.654022] color, tsk->comm, weight, vruntime, state: -120589896822375 kworker/u8:1 1048576 47831602 0
[    0.654030] color, tsk->comm, weight, vruntime, state: -120589896832744 kworker/u8:1 1048576 47831602 0
[    0.654043] color, tsk->comm, weight, vruntime, state: -120589896822375 kworker/u8:1 1048576 47831602 0
[    0.654054] color, tsk->comm, weight, vruntime, state: 1 kworker/u8:1 1048576 48045889 0
[    0.654066] color, tsk->comm, weight, vruntime, state: -120589889049447 kworker/u8:1 1048576 48331603 0
[    0.654077] color, tsk->comm, weight, vruntime, state: -120589896832744 kworker/u8:1 1048576 48731602 0
[    0.654088] color, tsk->comm, weight, vruntime, state: -120589889049447 kworker/u8:1 1048576 49331602 0
[    0.654098] proc in rq 7
[    0.654108] rq->nr_running rq->cfs.nr_running : 8 8
[    0.654118] rq->load.weight, rq->cfs.load.weight : 8388608 8388608
[    0.654120] ----------------^^^^CPU0^^^^^-----------------------
[    0.654127] rq->curr->pid == 1
[    0.654134] state TASK_RUNNING
[    0.654141] color, tsk->comm, weight, vruntime, state: -120589896843112 kworker/u8:0 1048576 28351403 0
[    0.654148] color, tsk->comm, weight, vruntime, state: -120589889052903 kworker/u8:1 1048576 34351403 0
[    0.654159] color, tsk->comm, weight, vruntime, state: 1 kworker/u8:1 1048576 34951403 0
[    0.654171] color, tsk->comm, weight, vruntime, state: -120589889052903 kthreadd 1048576 37351400 0
[    0.654180] proc in rq 4
[    0.654190] rq->nr_running rq->cfs.nr_running : 5 5
[    0.654200] rq->load.weight, rq->cfs.load.weight : 5242880 5242880
[    0.654201] ----------------^^^^CPU1^^^^^-----------------------
[    0.654209] rq->curr->pid == 0
[    0.654215] state TASK_RUNNING
[    0.654221] proc in rq 0
[    0.654227] rq->nr_running rq->cfs.nr_running : 0 0
[    0.654237] rq->load.weight, rq->cfs.load.weight : 0 0
[    0.654238] ----------------^^^^CPU2^^^^^-----------------------
[    0.654245] rq->curr->pid == 0
[    0.654252] state TASK_RUNNING
[    0.654257] proc in rq 0
[    0.654263] rq->nr_running rq->cfs.nr_running : 0 0
[    0.654273] rq->load.weight, rq->cfs.load.weight : 0 0
[    0.654274] ----------------^^^^CPU3^^^^^-----------------------
[    0.669745] kworker/u8:0 (47) used greatest stack depth: 14160 bytes left
[    0.703623] HugeTLB registered 2.00 MiB page size, pre-allocated 0 pages
[    0.718839] ACPI: Added _OSI(Module Device)
[    0.718839] ACPI: Added _OSI(Processor Device)
[    0.718839] ACPI: Added _OSI(3.0 _SCP Extensions)
[    0.718839] ACPI: Added _OSI(Processor Aggregator Device)
[    0.718839] ACPI: Added _OSI(Linux-Dell-Video)
[    0.718839] ACPI: Added _OSI(Linux-Lenovo-NV-HDMI-Audio)
[    0.718839] ACPI: Added _OSI(Linux-HPI-Hybrid-Graphics)
[    0.753931] ACPI: 5 ACPI AML tables successfully acquired and loaded
[    0.757540] ACPI: EC: EC started
[    0.757550] ACPI: EC: interrupt blocked
[    0.759983] ACPI: \: Used as first EC
[    0.759995] ACPI: \: GPE=0x3, EC_CMD/EC_SC=0x66, EC_DATA=0x62
[    0.760003] ACPI: EC: Boot ECDT EC used to handle transactions
[    0.765589] ACPI: [Firmware Bug]: BIOS _OSI(Linux) query ignored
[    0.798052] ACPI: Interpreter enabled
[    0.798137] ACPI: (supports S0 S3 S4 S5)
[    0.798148] ACPI: Using IOAPIC for interrupt routing
[    0.798346] PCI: MMCONFIG for domain 0000 [bus 00-ff] at [mem 0xe0000000-0xefffffff] (base 0xe0000000)
[    0.798514] PCI: MMCONFIG at [mem 0xe0000000-0xefffffff] reserved in ACPI motherboard resources
[    0.798571] PCI: Using host bridge windows from ACPI; if necessary, use "pci=nocrs" and report a bug
[    0.799405] ACPI: Enabled 3 GPEs in block 00 to 1F
[    0.857070] ACPI: PCI Root Bridge [PCI0] (domain 0000 [bus 00-ff])
[    0.857103] acpi PNP0A08:00: _OSC: OS supports [ExtendedConfig ASPM ClockPM Segments MSI HPX-Type3]
[    0.857739] acpi PNP0A08:00: _OSC: platform does not support [LTR]
[    0.858332] acpi PNP0A08:00: _OSC: OS now controls [PME AER PCIeCapability]
[    0.858345] acpi PNP0A08:00: FADT indicates ASPM is unsupported, using BIOS configuration
[    0.858902] PCI host bridge to bus 0000:00
[    0.858916] pci_bus 0000:00: root bus resource [io  0x0000-0x03af window]
[    0.858928] pci_bus 0000:00: root bus resource [io  0x03e0-0x0cf7 window]
[    0.858939] pci_bus 0000:00: root bus resource [io  0x03b0-0x03df window]
[    0.858950] pci_bus 0000:00: root bus resource [io  0x0d00-0xffff window]
[    0.858961] pci_bus 0000:00: root bus resource [mem 0x000a0000-0x000bffff window]
[    0.858974] pci_bus 0000:00: root bus resource [mem 0x000c0000-0x000dffff window]
[    0.858986] pci_bus 0000:00: root bus resource [mem 0xc0000000-0xffffffff window]
[    0.858999] pci_bus 0000:00: root bus resource [bus 00-ff]
[    0.859027] pci 0000:00:00.0: [1022:1536] type 00 class 0x060000
[    0.859318] pci 0000:00:01.0: [1002:9839] type 00 class 0x030000
[    0.859359] pci 0000:00:01.0: reg 0x10: [mem 0xc0000000-0xcfffffff 64bit pref]
[    0.859384] pci 0000:00:01.0: reg 0x18: [mem 0xd0000000-0xd07fffff 64bit pref]
[    0.859404] pci 0000:00:01.0: reg 0x20: [io  0xf000-0xf0ff]
[    0.859423] pci 0000:00:01.0: reg 0x24: [mem 0xfeb00000-0xfeb3ffff]
[    0.859442] pci 0000:00:01.0: reg 0x30: [mem 0xfeb40000-0xfeb5ffff pref]
[    0.859456] pci 0000:00:01.0: enabling Extended Tags
[    0.859485] pci 0000:00:01.0: BAR 0: assigned to efifb
[    0.859542] pci 0000:00:01.0: supports D1 D2
[    0.859552] pci 0000:00:01.0: PME# supported from D1 D2 D3hot
[    0.859782] pci 0000:00:01.1: [1002:9840] type 00 class 0x040300
[    0.859818] pci 0000:00:01.1: reg 0x10: [mem 0xfeb64000-0xfeb67fff 64bit]
[    0.859858] pci 0000:00:01.1: enabling Extended Tags
[    0.859925] pci 0000:00:01.1: supports D1 D2
[    0.860123] pci 0000:00:02.0: [1022:1538] type 00 class 0x060000
[    0.860366] pci 0000:00:02.2: [1022:1439] type 01 class 0x060400
[    0.860435] pci 0000:00:02.2: enabling Extended Tags
[    0.860516] pci 0000:00:02.2: PME# supported from D0 D3hot D3cold
[    0.860754] pci 0000:00:02.3: [1022:1439] type 01 class 0x060400
[    0.860823] pci 0000:00:02.3: enabling Extended Tags
[    0.860901] pci 0000:00:02.3: PME# supported from D0 D3hot D3cold
[    0.861163] pci 0000:00:10.0: [1022:7814] type 00 class 0x0c0330
[    0.861207] pci 0000:00:10.0: reg 0x10: [mem 0xfeb68000-0xfeb69fff 64bit]
[    0.861347] pci 0000:00:10.0: PME# supported from D0 D3hot D3cold
[    0.861591] pci 0000:00:11.0: [1022:7801] type 00 class 0x010601
[    0.861629] pci 0000:00:11.0: reg 0x10: [io  0xf140-0xf147]
[    0.861648] pci 0000:00:11.0: reg 0x14: [io  0xf130-0xf133]
[    0.861667] pci 0000:00:11.0: reg 0x18: [io  0xf120-0xf127]
[    0.861686] pci 0000:00:11.0: reg 0x1c: [io  0xf110-0xf113]
[    0.861705] pci 0000:00:11.0: reg 0x20: [io  0xf100-0xf10f]
[    0.861724] pci 0000:00:11.0: reg 0x24: [mem 0xfeb6f000-0xfeb6f3ff]
[    0.861801] pci 0000:00:11.0: PME# supported from D3hot
[    0.862015] pci 0000:00:12.0: [1022:7807] type 00 class 0x0c0310
[    0.862045] pci 0000:00:12.0: reg 0x10: [mem 0xfeb6e000-0xfeb6efff]
[    0.862304] pci 0000:00:12.2: [1022:7808] type 00 class 0x0c0320
[    0.862339] pci 0000:00:12.2: reg 0x10: [mem 0xfeb6d000-0xfeb6d0ff]
[    0.862443] pci 0000:00:12.2: supports D1 D2
[    0.862453] pci 0000:00:12.2: PME# supported from D0 D1 D2 D3hot D3cold
[    0.862668] pci 0000:00:13.0: [1022:7807] type 00 class 0x0c0310
[    0.862698] pci 0000:00:13.0: reg 0x10: [mem 0xfeb6c000-0xfeb6cfff]
[    0.862953] pci 0000:00:13.2: [1022:7808] type 00 class 0x0c0320
[    0.862989] pci 0000:00:13.2: reg 0x10: [mem 0xfeb6b000-0xfeb6b0ff]
[    0.863092] pci 0000:00:13.2: supports D1 D2
[    0.863102] pci 0000:00:13.2: PME# supported from D0 D1 D2 D3hot D3cold
[    0.863314] pci 0000:00:14.0: [1022:780b] type 00 class 0x0c0500
[    0.863576] pci 0000:00:14.2: [1022:780d] type 00 class 0x040300
[    0.863615] pci 0000:00:14.2: reg 0x10: [mem 0xfeb60000-0xfeb63fff 64bit]
[    0.863705] pci 0000:00:14.2: PME# supported from D0 D3hot D3cold
[    0.863910] pci 0000:00:14.3: [1022:780e] type 00 class 0x060100
[    0.867123] pci 0000:00:14.7: [1022:7813] type 00 class 0x080501
[    0.867173] pci 0000:00:14.7: reg 0x10: [mem 0xfeb6a000-0xfeb6a0ff 64bit]
[    0.867448] pci 0000:00:18.0: [1022:1530] type 00 class 0x060000
[    0.867714] pci 0000:00:18.1: [1022:1531] type 00 class 0x060000
[    0.867965] pci 0000:00:18.2: [1022:1532] type 00 class 0x060000
[    0.868218] pci 0000:00:18.3: [1022:1533] type 00 class 0x060000
[    0.868483] pci 0000:00:18.4: [1022:1534] type 00 class 0x060000
[    0.868734] pci 0000:00:18.5: [1022:1535] type 00 class 0x060000
[    0.869185] pci 0000:01:00.0: [168c:0032] type 00 class 0x028000
[    0.869264] pci 0000:01:00.0: reg 0x10: [mem 0xfea00000-0xfea7ffff 64bit]
[    0.869327] pci 0000:01:00.0: reg 0x30: [mem 0xfea80000-0xfea8ffff pref]
[    0.869497] pci 0000:01:00.0: supports D1 D2
[    0.869508] pci 0000:01:00.0: PME# supported from D0 D1 D2 D3hot D3cold
[    0.869823] pci 0000:00:02.2: PCI bridge to [bus 01]
[    0.869843] pci 0000:00:02.2:   bridge window [mem 0xfea00000-0xfeafffff]
[    0.870037] pci 0000:02:00.0: [10ec:8136] type 00 class 0x020000
[    0.870105] pci 0000:02:00.0: reg 0x10: [io  0xe000-0xe0ff]
[    0.870151] pci 0000:02:00.0: reg 0x18: [mem 0xd0804000-0xd0804fff 64bit pref]
[    0.870186] pci 0000:02:00.0: reg 0x20: [mem 0xd0800000-0xd0803fff 64bit pref]
[    0.870372] pci 0000:02:00.0: supports D1 D2
[    0.870383] pci 0000:02:00.0: PME# supported from D0 D1 D2 D3hot D3cold
[    0.870749] pci 0000:00:02.3: PCI bridge to [bus 02]
[    0.870768] pci 0000:00:02.3:   bridge window [io  0xe000-0xefff]
[    0.870786] pci 0000:00:02.3:   bridge window [mem 0xd0800000-0xd08fffff 64bit pref]
[    0.894487] ACPI: PCI Interrupt Link [LNKA] (IRQs 4 7 10 11 14 15) *0
[    0.894728] ACPI: PCI Interrupt Link [LNKB] (IRQs 4 7 10 11 14 15) *0
[    0.894962] ACPI: PCI Interrupt Link [LNKC] (IRQs 4 7 10 11 14 15) *0
[    0.895192] ACPI: PCI Interrupt Link [LNKD] (IRQs 4 7 10 11 14 15) *0
[    0.895387] ACPI: PCI Interrupt Link [LNKE] (IRQs 4 7 10 11 14 15) *0
[    0.895548] ACPI: PCI Interrupt Link [LNKF] (IRQs 4 7 10 11 14 15) *0
[    0.895706] ACPI: PCI Interrupt Link [LNKG] (IRQs 4 7 10 11 14 15) *0
[    0.895864] ACPI: PCI Interrupt Link [LNKH] (IRQs 4 7 10 11 14 15) *0
[    0.897194] ACPI: EC: interrupt unblocked
[    0.897217] ACPI: EC: event unblocked
[    0.897235] ACPI: \_SB_.PCI0.SBRG.EC0_: GPE=0x3, EC_CMD/EC_SC=0x66, EC_DATA=0x62
[    0.897248] ACPI: \_SB_.PCI0.SBRG.EC0_: Boot DSDT EC used to handle transactions and events
[    0.897609] pci 0000:00:01.0: vgaarb: setting as boot VGA device
[    0.897609] pci 0000:00:01.0: vgaarb: VGA device added: decodes=io+mem,owns=io+mem,locks=none
[    0.897609] pci 0000:00:01.0: vgaarb: bridge control possible
[    0.897609] vgaarb: loaded
[    0.897609] SCSI subsystem initialized
[    0.897609] libata version 3.00 loaded.
[    0.898403] ACPI: bus type USB registered
[    0.898403] usbcore: registered new interface driver usbfs
[    0.898403] usbcore: registered new interface driver hub
[    0.899383] usbcore: registered new device driver usb
[    0.899736] pps_core: LinuxPPS API ver. 1 registered
[    0.899736] pps_core: Software ver. 5.3.6 - Copyright 2005-2007 Rodolfo Giometti <giometti@linux.it>
[    0.899841] PTP clock support registered
[    0.900016] EDAC MC: Ver: 3.0.0
[    0.901290] Registered efivars operations
[    0.903990] Advanced Linux Sound Architecture Driver Initialized.
[    0.903990] PCI: Using ACPI for IRQ routing
[    0.911398] PCI: pci_cache_line_size set to 64 bytes
[    0.911515] e820: reserve RAM buffer [mem 0x9d0f8000-0x9fffffff]
[    0.911521] e820: reserve RAM buffer [mem 0x9d371000-0x9fffffff]
[    0.911526] e820: reserve RAM buffer [mem 0x9e9cc000-0x9fffffff]
[    0.911530] e820: reserve RAM buffer [mem 0x9eb25000-0x9fffffff]
[    0.911533] e820: reserve RAM buffer [mem 0x9f081000-0x9fffffff]
[    0.911536] e820: reserve RAM buffer [mem 0x9f400000-0x9fffffff]
[    0.911539] e820: reserve RAM buffer [mem 0x13f000000-0x13fffffff]
[    0.914350] NetLabel: Initializing
[    0.914350] NetLabel:  domain hash size = 128
[    0.914350] NetLabel:  protocols = UNLABELED CIPSOv4 CALIPSO
[    0.914350] NetLabel:  unlabeled traffic allowed by default
[    0.914350] hpet0: at MMIO 0xfed00000, IRQs 2, 8, 0
[    0.914350] hpet0: 3 comparators, 32-bit 14.318180 MHz counter
[    0.919686] clocksource: Switched to clocksource tsc-early
[    0.974965] VFS: Disk quotas dquot_6.6.0
[    0.975035] VFS: Dquot-cache hash table entries: 512 (order 0, 4096 bytes)
[    0.975127] *** VALIDATE hugetlbfs ***
[    0.975243] pnp: PnP ACPI init
[    0.975737] system 00:00: [mem 0xe0000000-0xefffffff] has been reserved
[    0.975832] system 00:00: Plug and Play ACPI device, IDs PNP0c01 (active)
[    0.976089] system 00:01: [mem 0xa0000000-0xbfffffff] has been reserved
[    0.976163] system 00:01: Plug and Play ACPI device, IDs PNP0c02 (active)
[    0.976436] system 00:02: Plug and Play ACPI device, IDs PNP0c02 (active)
[    0.976579] pnp 00:03: Plug and Play ACPI device, IDs PNP0b00 (active)
[    0.976810] system 00:04: [io  0x04d0-0x04d1] has been reserved
[    0.976882] system 00:04: Plug and Play ACPI device, IDs PNP0c02 (active)
[    0.977143] pnp 00:05: Plug and Play ACPI device, IDs ETD0108 SYN0a00 SYN0002 PNP0f03 PNP0f13 PNP0f12 (active)
[    0.977323] pnp 00:06: Plug and Play ACPI device, IDs ATK3001 PNP030b (active)
[    0.978188] system 00:07: [io  0x04d0-0x04d1] has been reserved
[    0.978202] system 00:07: [io  0x040b] has been reserved
[    0.978214] system 00:07: [io  0x04d6] has been reserved
[    0.978225] system 00:07: [io  0x0c00-0x0c01] has been reserved
[    0.978236] system 00:07: [io  0x0c14] has been reserved
[    0.978246] system 00:07: [io  0x0c50-0x0c51] has been reserved
[    0.978257] system 00:07: [io  0x0c52] has been reserved
[    0.978267] system 00:07: [io  0x0c6c] has been reserved
[    0.978278] system 00:07: [io  0x0c6f] has been reserved
[    0.978288] system 00:07: [io  0x0cd0-0x0cd1] has been reserved
[    0.978299] system 00:07: [io  0x0cd2-0x0cd3] has been reserved
[    0.978310] system 00:07: [io  0x0cd4-0x0cd5] has been reserved
[    0.978320] system 00:07: [io  0x0cd6-0x0cd7] has been reserved
[    0.978331] system 00:07: [io  0x0cd8-0x0cdf] has been reserved
[    0.978346] system 00:07: [io  0x0800-0x089f] has been reserved
[    0.978357] system 00:07: [io  0x0900-0x090f] has been reserved
[    0.978368] system 00:07: [io  0x0910-0x091f] has been reserved
[    0.978379] system 00:07: [io  0xfe00-0xfefe] has been reserved
[    0.978393] system 00:07: [mem 0xfec00000-0xfec00fff] could not be reserved
[    0.978405] system 00:07: [mem 0xfee00000-0xfee00fff] has been reserved
[    0.978417] system 00:07: [mem 0xfed80000-0xfed8ffff] has been reserved
[    0.978429] system 00:07: [mem 0xfed61000-0xfed70fff] has been reserved
[    0.978441] system 00:07: [mem 0xfec10000-0xfec10fff] has been reserved
[    0.978453] system 00:07: [mem 0xfed00000-0xfed00fff] could not be reserved
[    0.978465] system 00:07: [mem 0xff000000-0xffffffff] has been reserved
[    0.978546] system 00:07: Plug and Play ACPI device, IDs PNP0c02 (active)
[    0.979412] pnp: PnP ACPI: found 8 devices
[    0.994407] clocksource: acpi_pm: mask: 0xffffff max_cycles: 0xffffff, max_idle_ns: 2085701024 ns
[    0.994473] pci 0000:00:02.2: PCI bridge to [bus 01]
[    0.994493] pci 0000:00:02.2:   bridge window [mem 0xfea00000-0xfeafffff]
[    0.994513] pci 0000:00:02.3: PCI bridge to [bus 02]
[    0.994525] pci 0000:00:02.3:   bridge window [io  0xe000-0xefff]
[    0.994542] pci 0000:00:02.3:   bridge window [mem 0xd0800000-0xd08fffff 64bit pref]
[    0.994567] pci_bus 0000:00: resource 4 [io  0x0000-0x03af window]
[    0.994578] pci_bus 0000:00: resource 5 [io  0x03e0-0x0cf7 window]
[    0.994589] pci_bus 0000:00: resource 6 [io  0x03b0-0x03df window]
[    0.994599] pci_bus 0000:00: resource 7 [io  0x0d00-0xffff window]
[    0.994610] pci_bus 0000:00: resource 8 [mem 0x000a0000-0x000bffff window]
[    0.994621] pci_bus 0000:00: resource 9 [mem 0x000c0000-0x000dffff window]
[    0.994632] pci_bus 0000:00: resource 10 [mem 0xc0000000-0xffffffff window]
[    0.994644] pci_bus 0000:01: resource 1 [mem 0xfea00000-0xfeafffff]
[    0.994655] pci_bus 0000:02: resource 0 [io  0xe000-0xefff]
[    0.994665] pci_bus 0000:02: resource 2 [mem 0xd0800000-0xd08fffff 64bit pref]
[    0.994940] NET: Registered protocol family 2
[    1.004092] tcp_listen_portaddr_hash hash table entries: 2048 (order: 3, 32768 bytes)
[    1.004174] TCP established hash table entries: 32768 (order: 6, 262144 bytes)
[    1.004407] TCP bind hash table entries: 32768 (order: 7, 524288 bytes)
[    1.004639] TCP: Hash tables configured (established 32768 bind 32768)
[    1.004800] UDP hash table entries: 2048 (order: 4, 65536 bytes)
[    1.004860] UDP-Lite hash table entries: 2048 (order: 4, 65536 bytes)
[    1.005034] NET: Registered protocol family 1
[    1.005413] RPC: Registered named UNIX socket transport module.
[    1.005423] RPC: Registered udp transport module.
[    1.005430] RPC: Registered tcp transport module.
[    1.005436] RPC: Registered tcp NFSv4.1 backchannel transport module.
[    1.006025] pci 0000:00:01.0: Video device with shadowed ROM at [mem 0x000c0000-0x000dffff]
[    1.006543] pci 0000:00:12.0: enabling device (0000 -> 0002)
[    1.007171] pci 0000:00:12.2: PME# does not work under D3, disabling it
[    1.007195] pci 0000:00:13.0: enabling device (0000 -> 0002)
[    1.007848] pci 0000:00:13.2: PME# does not work under D3, disabling it
[    1.007935] PCI: CLS 64 bytes, default 64
[    1.008080] PCI-DMA: Using software bounce buffering for IO (SWIOTLB)
[    1.008091] software IO TLB: mapped [mem 0x97989000-0x9b989000] (64MB)
[    1.008308] amd_uncore: AMD NB counters detected
[    1.008325] amd_uncore: AMD LLC counters detected
[    1.008429] LVT offset 0 assigned for vector 0x400
[    1.008482] perf: AMD IBS detected (0x000000ff)
[    1.008503] kvm: no hardware support
[    1.008603] kvm: Nested Virtualization enabled
[    1.008615] kvm: Nested Paging enabled
[    1.009586] check: Scanning for low memory corruption every 60 seconds
[    1.012093] Initialise system trusted keyrings
[    1.013885] workingset: timestamp_bits=56 max_order=20 bucket_order=0
[    1.028382] fuse: init (API version 7.31)
[    1.029868] Key type asymmetric registered
[    1.029879] Asymmetric key parser 'x509' registered
[    1.029921] Block layer SCSI generic (bsg) driver version 0.4 loaded (major 249)
[    1.029933] io scheduler mq-deadline registered
[    1.029941] io scheduler kyber registered
[    1.030627] pcieport 0000:00:02.2: PME: Signaling with IRQ 25
[    1.031069] pcieport 0000:00:02.3: PME: Signaling with IRQ 27
[    1.032189] uvesafb: failed to execute /sbin/v86d
[    1.032202] uvesafb: make sure that the v86d helper is installed and executable
[    1.032215] uvesafb: Getting VBE info block failed (eax=0x4f00, err=-2)
[    1.032223] uvesafb: vbe_init() failed with -22
[    1.032242] uvesafb: probe of uvesafb.0 failed with error -22
[    1.032312] efifb: probing for efifb
[    1.032361] efifb: framebuffer at 0xc0000000, using 4224k, total 4224k
[    1.032371] efifb: mode is 1366x768x32, linelength=5632, pages=1
[    1.032377] efifb: scrolling: redraw
[    1.032386] efifb: Truecolor: size=8:8:8:8, shift=24:16:8:0
[    1.043023] Console: switching to colour frame buffer device 170x48
[    1.053406] fb0: EFI VGA frame buffer device
[    1.054137] ACPI: AC Adapter [AC0] (on-line)
[    1.054396] input: Power Button as /devices/LNXSYSTM:00/LNXSYBUS:00/PNP0C0C:00/input/input0
[    1.054554] ACPI: Power Button [PWRB]
[    1.054741] input: Lid Switch as /devices/LNXSYSTM:00/LNXSYBUS:00/PNP0C0D:00/input/input1
[    1.054886] ACPI: Lid Switch [LID]
[    1.055056] input: Sleep Button as /devices/LNXSYSTM:00/LNXSYBUS:00/PNP0C0E:00/input/input2
[    1.055446] ACPI: Sleep Button [SLPB]
[    1.055629] input: Power Button as /devices/LNXSYSTM:00/LNXPWRBN:00/input/input3
[    1.055856] ACPI: Power Button [PWRF]
[    1.059520] thermal LNXTHERM:00: registered as thermal_zone0
[    1.059625] ACPI: Thermal Zone [THRM] (43 C)
[    1.061126] Serial: 8250/16550 driver, 4 ports, IRQ sharing enabled
[    1.067659] Non-volatile memory driver v1.3
[    1.067869] Linux agpgart interface v0.103
[    1.075554] loop: module loaded
[    1.076465] ahci 0000:00:11.0: version 3.0
[    1.076916] ahci 0000:00:11.0: AHCI 0001.0300 32 slots 2 ports 6 Gbps 0x3 impl SATA mode
[    1.077057] ahci 0000:00:11.0: flags: 64bit ncq sntf ilck pm led clo pmp pio slum part 
[    1.082127] scsi host0: ahci
[    1.086087] scsi host1: ahci
[    1.089550] ata1: SATA max UDMA/133 abar m1024@0xfeb6f000 port 0xfeb6f100 irq 28
[    1.092752] ata2: SATA max UDMA/133 abar m1024@0xfeb6f000 port 0xfeb6f180 irq 28
[    1.096486] tun: Universal TUN/TAP device driver, 1.6
[    1.099879] e1000: Intel(R) PRO/1000 Network Driver - version 7.3.21-k8-NAPI
[    1.103080] e1000: Copyright (c) 1999-2006 Intel Corporation.
[    1.106988] e1000e: Intel(R) PRO/1000 Network Driver - 3.2.6-k
[    1.110181] e1000e: Copyright(c) 1999 - 2015 Intel Corporation.
[    1.114143] sky2: driver version 1.30
[    1.117464] r8169 0000:02:00.0: can't disable ASPM; OS doesn't have ASPM control
[    1.121702] libphy: r8169: probed
[    1.125462] r8169 0000:02:00.0 eth0: RTL8105e, 74:d0:2b:a3:a6:42, XID 40a, IRQ 30
[    1.130156] ath9k 0000:01:00.0: enabling device (0000 -> 0002)
[    1.135227] ath: phy0: Disable PLL PowerSave
[    1.146321] ath: phy0: ASPM enabled: 0x42
[    1.149555] ath: EEPROM regdomain: 0x60
[    1.149557] ath: EEPROM indicates we should expect a direct regpair map
[    1.149562] ath: Country alpha2 being used: 00
[    1.149564] ath: Regpair used: 0x60
[    1.159897] ieee80211 phy0: Selected rate control algorithm 'minstrel_ht'
[    1.160622] ieee80211 phy0: Atheros AR9485 Rev:1 mem=0xffff9dee42f00000, irq=31
[    1.164559] ehci_hcd: USB 2.0 'Enhanced' Host Controller (EHCI) Driver
[    1.167884] ehci-pci: EHCI PCI platform driver
[    1.171700] ehci-pci 0000:00:12.2: EHCI Host Controller
[    1.175143] ehci-pci 0000:00:12.2: new USB bus registered, assigned bus number 1
[    1.178520] ehci-pci 0000:00:12.2: applying AMD SB700/SB800/Hudson-2/3 EHCI dummy qh workaround
[    1.181876] ehci-pci 0000:00:12.2: debug port 1
[    1.185276] ehci-pci 0000:00:12.2: irq 17, io mem 0xfeb6d000
[    1.190667] battery: ACPI: Battery Slot [BAT0] (battery present)
[    1.227562] ehci-pci 0000:00:12.2: USB 2.0 started, EHCI 1.00
[    1.230994] usb usb1: New USB device found, idVendor=1d6b, idProduct=0002, bcdDevice= 5.02
[    1.234347] usb usb1: New USB device strings: Mfr=3, Product=2, SerialNumber=1
[    1.237666] usb usb1: Product: EHCI Host Controller
[    1.240910] usb usb1: Manufacturer: Linux 5.2.0-rc7+ ehci_hcd
[    1.244122] usb usb1: SerialNumber: 0000:00:12.2
[    1.247683] hub 1-0:1.0: USB hub found
[    1.250785] hub 1-0:1.0: 4 ports detected
[    1.256277] ehci-pci 0000:00:13.2: EHCI Host Controller
[    1.259509] ehci-pci 0000:00:13.2: new USB bus registered, assigned bus number 2
[    1.262557] ehci-pci 0000:00:13.2: applying AMD SB700/SB800/Hudson-2/3 EHCI dummy qh workaround
[    1.265640] ehci-pci 0000:00:13.2: debug port 1
[    1.268801] ehci-pci 0000:00:13.2: irq 17, io mem 0xfeb6b000
[    1.297545] ehci-pci 0000:00:13.2: USB 2.0 started, EHCI 1.00
[    1.300639] usb usb2: New USB device found, idVendor=1d6b, idProduct=0002, bcdDevice= 5.02
[    1.303736] usb usb2: New USB device strings: Mfr=3, Product=2, SerialNumber=1
[    1.306792] usb usb2: Product: EHCI Host Controller
[    1.309818] usb usb2: Manufacturer: Linux 5.2.0-rc7+ ehci_hcd
[    1.312813] usb usb2: SerialNumber: 0000:00:13.2
[    1.316216] hub 2-0:1.0: USB hub found
[    1.319247] hub 2-0:1.0: 4 ports detected
[    1.324491] ohci_hcd: USB 1.1 'Open' Host Controller (OHCI) Driver
[    1.327622] ohci-pci: OHCI PCI platform driver
[    1.330865] ohci-pci 0000:00:12.0: OHCI PCI host controller
[    1.334031] ohci-pci 0000:00:12.0: new USB bus registered, assigned bus number 3
[    1.337105] ohci-pci 0000:00:12.0: irq 18, io mem 0xfeb6e000
[    1.411651] usb usb3: New USB device found, idVendor=1d6b, idProduct=0001, bcdDevice= 5.02
[    1.414691] usb usb3: New USB device strings: Mfr=3, Product=2, SerialNumber=1
[    1.417708] usb usb3: Product: OHCI PCI host controller
[    1.420668] usb usb3: Manufacturer: Linux 5.2.0-rc7+ ohci_hcd
[    1.423601] usb usb3: SerialNumber: 0000:00:12.0
[    1.426542] ata2: SATA link down (SStatus 0 SControl 300)
[    1.429876] hub 3-0:1.0: USB hub found
[    1.432847] hub 3-0:1.0: 4 ports detected
[    1.438172] ohci-pci 0000:00:13.0: OHCI PCI host controller
[    1.441219] ohci-pci 0000:00:13.0: new USB bus registered, assigned bus number 4
[    1.444131] ohci-pci 0000:00:13.0: irq 18, io mem 0xfeb6c000
[    1.521648] usb usb4: New USB device found, idVendor=1d6b, idProduct=0001, bcdDevice= 5.02
[    1.524584] usb usb4: New USB device strings: Mfr=3, Product=2, SerialNumber=1
[    1.527499] usb usb4: Product: OHCI PCI host controller
[    1.530372] usb usb4: Manufacturer: Linux 5.2.0-rc7+ ohci_hcd
[    1.533272] usb usb4: SerialNumber: 0000:00:13.0
[    1.536493] hub 4-0:1.0: USB hub found
[    1.539360] hub 4-0:1.0: 4 ports detected
[    1.544364] uhci_hcd: USB Universal Host Controller Interface driver
[    1.547403] usbcore: registered new interface driver usblp
[    1.550534] usbcore: registered new interface driver usb-storage
[    1.553465] usbcore: registered new interface driver ch341
[    1.556282] usbserial: USB Serial support registered for ch341-uart
[    1.559339] i8042: PNP: PS/2 Controller [PNP030b:PS2K,PNP0f03:PS2M] at 0x60,0x64 irq 1,12
[    1.564041] i8042: Detected active multiplexing controller, rev 1.1
[    1.567704] serio: i8042 KBD port at 0x60,0x64 irq 1
[    1.570554] serio: i8042 AUX0 port at 0x60,0x64 irq 12
[    1.573478] serio: i8042 AUX1 port at 0x60,0x64 irq 12
[    1.576329] serio: i8042 AUX2 port at 0x60,0x64 irq 12
[    1.579081] serio: i8042 AUX3 port at 0x60,0x64 irq 12
[    1.582541] mousedev: PS/2 mouse device common for all mice
[    1.586194] rtc_cmos 00:03: RTC can wake from S4
[    1.589365] rtc_cmos 00:03: registered as rtc0
[    1.592037] rtc_cmos 00:03: alarms up to one month, y3k, 114 bytes nvram, hpet irqs
[    1.595317] device-mapper: ioctl: 4.40.0-ioctl (2019-01-18) initialised: dm-devel@redhat.com
[    1.598282] EFI Variables Facility v0.08 2004-May-17
[    1.607536] ata1: SATA link up 6.0 Gbps (SStatus 133 SControl 300)
[    1.613892] hidraw: raw HID events driver (C) Jiri Kosina
[    1.617505] ata1.00: ATA-8: KINGSTON SV300S37A120G, 603ABBF0, max UDMA/133
[    1.620101] usbcore: registered new interface driver usbhid
[    1.620360] ata1.00: 234441648 sectors, multi 1: LBA48 NCQ (depth 32), AA
[    1.623181] usbhid: USB HID core driver
[    1.631787] input: AT Translated Set 2 keyboard as /devices/platform/i8042/serio0/input/input4
[    1.637773] ata1.00: configured for UDMA/133
[    1.639352] snd_hda_intel 0000:00:01.1: enabling device (0000 -> 0002)
[    1.644024] scsi 0:0:0:0: Direct-Access     ATA      KINGSTON SV300S3 BBF0 PQ: 0 ANSI: 5
[    1.648039] sd 0:0:0:0: [sda] 234441648 512-byte logical blocks: (120 GB/112 GiB)
[    1.651073] sd 0:0:0:0: [sda] Write Protect is off
[    1.654038] sd 0:0:0:0: [sda] Mode Sense: 00 3a 00 00
[    1.654251] sd 0:0:0:0: Attached scsi generic sg0 type 0
[    1.654856] rq->curr == THREAD(this messg)
[    1.654858] state TASK_RUNNING
[    1.659366] sd 0:0:0:0: [sda] Write cache: enabled, read cache: enabled, doesn't support DPO or FUA
[    1.660205] color, tsk->comm, weight, vruntime, state: 1 kworker/0:0 1048576 972209796 0
[    1.660209] color, tsk->comm, weight, vruntime, state: -120589890079080 kworker/u8:3 1048576 979709794 0
[    1.663609] snd_hda_intel 0000:00:01.1: Force to non-snoop mode
[    1.666236] proc in rq 2
[    1.666238] rq->nr_running rq->cfs.nr_running : 3 3
[    1.666240] rq->load.weight, rq->cfs.load.weight : 3145728 3145728
[    1.666242] ----------------^^^^CPU0^^^^^-----------------------
[    1.666244] rq->curr->pid == 1
[    1.666245] state TASK_RUNNING
[    1.666249] color, tsk->comm, weight, vruntime, state: -120589908498152 rcu_sched 1048576 768651024 0
[    1.666256] color, tsk->comm, weight, vruntime, state: 1 kworker/u8:5 1048576 775315162 0
[    1.687355] Initializing XFRM netlink socket
[    1.687787] proc in rq 2
[    1.687790] rq->nr_running rq->cfs.nr_running : 3 3
[    1.693067] NET: Registered protocol family 10
[    1.694011] rq->load.weight, rq->cfs.load.weight : 3145728 3145728
[    1.694013] ----------------^^^^CPU1^^^^^-----------------------
[    1.707546] Segment Routing with IPv6
[    1.709826] rq->curr->pid == 0
[    1.709828] state TASK_RUNNING
[    1.713104] sit: IPv6, IPv4 and MPLS over IPv4 tunneling driver
[    1.716050] proc in rq 0
[    1.716053] rq->nr_running rq->cfs.nr_running : 0 0
[    1.716055] rq->load.weight, rq->cfs.load.weight : 0 0
[    1.716056] ----------------^^^^CPU2^^^^^-----------------------
[    1.716061] rq->curr->pid == 0
[    1.726326] NET: Registered protocol family 17
[    1.728809] state TASK_RUNNING
[    1.728811] proc in rq 0
[    1.728813] rq->nr_running rq->cfs.nr_running : 0 0
[    1.728815] rq->load.weight, rq->cfs.load.weight : 0 0
[    1.728816] ----------------^^^^CPU3^^^^^-----------------------
[    1.765104] mce: Using 6 MCE banks
[    1.771799] snd_hda_codec_generic hdaudioC0D0: autoconfig for Generic: line_outs=0 (0x0/0x0/0x0/0x0/0x0) type:line
[    1.774894] snd_hda_codec_generic hdaudioC0D0:    speaker_outs=0 (0x0/0x0/0x0/0x0/0x0)
[    1.775101]  sda: sda1 sda2 sda3 sda4 sda5 sda6
[    1.777928] snd_hda_codec_generic hdaudioC0D0:    hp_outs=0 (0x0/0x0/0x0/0x0/0x0)
[    1.783927] snd_hda_codec_generic hdaudioC0D0:    mono: mono_out=0x0
[    1.785223] sd 0:0:0:0: [sda] Attached SCSI disk
[    1.786914] snd_hda_codec_generic hdaudioC0D0:    dig-out=0x3/0x0
[    1.792895] snd_hda_codec_generic hdaudioC0D0:    inputs:
[    1.796363] random: fast init done
[    1.802974] snd_hda_codec_realtek hdaudioC1D0: autoconfig for ALC3229: line_outs=1 (0x14/0x0/0x0/0x0/0x0) type:speaker
[    1.806065] snd_hda_codec_realtek hdaudioC1D0:    speaker_outs=0 (0x0/0x0/0x0/0x0/0x0)
[    1.809103] snd_hda_codec_realtek hdaudioC1D0:    hp_outs=1 (0x21/0x0/0x0/0x0/0x0)
[    1.812051] snd_hda_codec_realtek hdaudioC1D0:    mono: mono_out=0x0
[    1.814968] snd_hda_codec_realtek hdaudioC1D0:    inputs:
[    1.817848] snd_hda_codec_realtek hdaudioC1D0:      Mic=0x19
[    1.821221] microcode: CPU0: patch_level=0x0700010b
[    1.824054] microcode: CPU1: patch_level=0x0700010b
[    1.827060] microcode: Microcode Update Driver: v2.2.
[    1.827099] sched_clock: Marking stable (1822316787, 1661596)->(1943980093, -120001710)
[    1.833276] registered taskstats version 1
[    1.836084] Loading compiled-in X.509 certificates
[    1.845220] input: HDA ATI HDMI HDMI as /devices/pci0000:00/0000:00:01.1/sound/card0/input10
[    1.856227] input: HD-Audio Generic Headphone as /devices/pci0000:00/0000:00:14.2/sound/card1/input11
[    1.860950] acpi_cpufreq: overriding BIOS provided _PSD data
[    1.864392] cfg80211: Loading compiled-in X.509 certificates for regulatory database
[    1.869037] cfg80211: Loaded X.509 cert 'sforshee: 00b28ddf47aef9cea7'
[    1.872038] ALSA device list:
[    1.875074] platform regulatory.0: Direct firmware load for regulatory.db failed with error -2
[    1.878165] cfg80211: failed to load regulatory.db
[    1.881438]   #0: HDA ATI HDMI at 0xfeb64000 irq 33
[    1.884704]   #1: HD-Audio Generic at 0xfeb60000 irq 16
[    1.964008] usb 4-2: new full-speed USB device number 2 using ohci-pci
[    2.024032] tsc: Refined TSC clocksource calibration: 998.127 MHz
[    2.027205] clocksource: tsc: mask: 0xffffffffffffffff max_cycles: 0x1cc65b93289, max_idle_ns: 881590487074 ns
[    2.154046] clocksource: Switched to clocksource tsc
[    2.366584] usb 4-2: New USB device found, idVendor=13d3, idProduct=3362, bcdDevice= 0.01
[    2.369948] usb 4-2: New USB device strings: Mfr=1, Product=2, SerialNumber=3
[    2.373304] usb 4-2: Product: Bluetooth USB Host Controller
[    2.376696] usb 4-2: Manufacturer: Atheros Communications
[    2.380078] usb 4-2: SerialNumber: Alaska Day 2006
[    2.522968] input: PS/2 Logitech Wheel Mouse as /devices/platform/i8042/serio4/input/input14
[    2.529115] md: Waiting for all devices to be available before autodetect
[    2.532588] md: If you don't use raid, use raid=noautodetect
[    2.536458] md: Autodetecting RAID arrays.
[    2.539808] md: autorun ...
[    2.543073] md: ... autorun DONE.
[    2.551087] EXT4-fs (sda2): mounted filesystem with ordered data mode. Opts: (null)
[    2.554484] VFS: Mounted root (ext4 filesystem) readonly on device 8:2.
[    2.559077] devtmpfs: mounted
[    2.563186] Freeing unused kernel image memory: 1296K
[    2.664015] rq->curr == THREAD(this messg)
[    2.664016] state TASK_RUNNING
[    2.667342] proc in rq 0
[    2.670550] rq->nr_running rq->cfs.nr_running : 1 1
[    2.676888] rq->load.weight, rq->cfs.load.weight : 1048576 1048576
[    2.676890] ----------------^^^^CPU0^^^^^-----------------------
[    2.680121] rq->curr->pid == 0
[    2.683387] state TASK_RUNNING
[    2.684211] Write protecting the kernel read-only data: 22528k
[    2.686673] proc in rq 0
[    2.686675] rq->nr_running rq->cfs.nr_running : 1 1
[    2.699873] rq->load.weight, rq->cfs.load.weight : 1048576 1048576
[    2.699875] ----------------^^^^CPU1^^^^^-----------------------
[    2.703167] rq->curr->pid == 0
[    2.706478] state TASK_RUNNING
[    2.709709] proc in rq 0
[    2.710895] Freeing unused kernel image memory: 1984K
[    2.712931] rq->nr_running rq->cfs.nr_running : 0 0
[    2.722144] rq->load.weight, rq->cfs.load.weight : 0 0
[    2.722146] ----------------^^^^CPU2^^^^^-----------------------
[    2.725176] rq->curr->pid == 0
[    2.726179] Freeing unused kernel image memory: 1688K
[    2.728231] state TASK_RUNNING
[    2.728235] proc in rq 0
[    2.731175] Run /sbin/init as init process
[    2.734136] rq->nr_running rq->cfs.nr_running : 0 0
[    2.734138] rq->load.weight, rq->cfs.load.weight : 0 0
[    2.734140] ----------------^^^^CPU3^^^^^-----------------------
[    2.748336] usb 2-3: new high-speed USB device number 3 using ehci-pci
[    2.806237] stty (1759) used greatest stack depth: 13792 bytes left
[    2.905255] sed (1773) used greatest stack depth: 13592 bytes left
[    2.996825] usb 2-3: New USB device found, idVendor=04f2, idProduct=b404, bcdDevice=69.63
[    2.999948] usb 2-3: New USB device strings: Mfr=3, Product=1, SerialNumber=2
[    3.003071] usb 2-3: Product: USB2.0 HD UVC WebCam
[    3.006196] usb 2-3: Manufacturer: Chicony Electronics Co.,Ltd.
[    3.009337] usb 2-3: SerialNumber: 0x0001
[    3.069988] ip (1821) used greatest stack depth: 12552 bytes left
[    3.176249] udevd[1851]: starting version 3.2.1
[    3.184778] random: udevd: uninitialized urandom read (16 bytes read)
[    3.188463] random: udevd: uninitialized urandom read (16 bytes read)
[    3.192050] random: udevd: uninitialized urandom read (16 bytes read)
[    3.224544] udevd[1852]: starting eudev-3.2.1
[    3.536840] ath9k 0000:01:00.0 wlp1s0: renamed from wlan0
[    3.585007] r8169 0000:02:00.0 enp2s0: renamed from eth0
[    3.636495] [drm] radeon kernel modesetting enabled.
[    3.639868] radeon 0000:00:01.0: remove_conflicting_pci_framebuffers: bar 0: 0xc0000000 -> 0xcfffffff
[    3.643258] radeon 0000:00:01.0: remove_conflicting_pci_framebuffers: bar 2: 0xd0000000 -> 0xd07fffff
[    3.646680] radeon 0000:00:01.0: remove_conflicting_pci_framebuffers: bar 5: 0xfeb00000 -> 0xfeb3ffff
[    3.655142] rq->curr == THREAD(this messg)
[    3.655145] state TASK_RUNNING
[    3.658504] color, tsk->comm, weight, vruntime, state: -120589914451559 udevd 1048576 2961208740 0
[    3.661718] color, tsk->comm, weight, vruntime, state: 1 udevd 1048576 2961232214 0
[    3.665113] color, tsk->comm, weight, vruntime, state: -120589914455015 udevd 1048576 2961294464 0
[    3.668436] color, tsk->comm, weight, vruntime, state: -120589914451560 udevd 1048576 2963707887 0
[    3.671811] color, tsk->comm, weight, vruntime, state: -120589914455015 alsactl 1048576 2966960165 0
[    3.674713] checking generic (c0000000 420000) vs hw (c0000000 10000000)
[    3.675201] proc in rq 5
[    3.675204] rq->nr_running rq->cfs.nr_running : 6 6
[    3.678534] fb0: switching to radeondrmfb from EFI VGA
[    3.681827] rq->load.weight, rq->cfs.load.weight : 6291456 6291456
[    3.681831] ----------------^^^^CPU0^^^^^-----------------------
[    3.691835] rq->curr->pid == 1852
[    3.695216] state TASK_RUNNING
[    3.698565] color, tsk->comm, weight, vruntime, state: 1 udevd 1048576 1679611706 0
[    3.701912] color, tsk->comm, weight, vruntime, state: 1 udevd 1048576 1680205950 0
[    3.701914] proc in rq 2
[    3.701916] rq->nr_running rq->cfs.nr_running : 3 3
[    3.701918] rq->load.weight, rq->cfs.load.weight : 3145728 3145728
[    3.701919] ----------------^^^^CPU1^^^^^-----------------------
[    3.701921] rq->curr->pid == 0
[    3.701923] state TASK_RUNNING
[    3.701924] proc in rq 0
[    3.701926] rq->nr_running rq->cfs.nr_running : 0 0
[    3.701927] rq->load.weight, rq->cfs.load.weight : 0 0
[    3.701929] ----------------^^^^CPU2^^^^^-----------------------
[    3.701930] rq->curr->pid == 0
[    3.701932] state TASK_RUNNING
[    3.701933] proc in rq 0
[    3.701935] rq->nr_running rq->cfs.nr_running : 0 0
[    3.701936] rq->load.weight, rq->cfs.load.weight : 0 0
[    3.701937] ----------------^^^^CPU3^^^^^-----------------------
[    3.702087] Console: switching to colour dummy device 80x25
[    3.702668] radeon 0000:00:01.0: vgaarb: deactivate vga console
[    3.703434] [drm] initializing kernel modesetting (KABINI 0x1002:0x9839 0x1043:0x141D 0x00).
[    3.703504] [drm] doorbell mmio base: 0xD0000000
[    3.703512] [drm] doorbell mmio size: 8388608
[    3.703548] ATOM BIOS: AMD
[    3.703623] [drm] Changing default dispclk from 400Mhz to 600Mhz
[    3.703667] radeon 0000:00:01.0: VRAM: 512M 0x0000000000000000 - 0x000000001FFFFFFF (512M used)
[    3.703683] radeon 0000:00:01.0: GTT: 2048M 0x0000000020000000 - 0x000000009FFFFFFF
[    3.703704] [drm] Detected VRAM RAM=512M, BAR=256M
[    3.703711] [drm] RAM width 128bits DDR
[    3.713011] [TTM] Zone  kernel: Available graphics memory: 1729510 KiB
[    3.713030] [TTM] Initializing pool allocator
[    3.713049] [TTM] Initializing DMA pool allocator
[    3.713119] [drm] radeon: 512M of VRAM memory ready
[    3.713129] [drm] radeon: 2048M of GTT memory ready.
[    3.713237] [drm] Loading kabini Microcode
[    3.732007] [drm] Internal thermal controller without fan control
[    3.732899] [drm] radeon: dpm initialized
[    3.735486] [drm] Found UVD firmware Version: 1.64 Family ID: 9
[    3.740524] [drm] Found VCE firmware/feedback version 40.2.2 / 15!
[    3.740585] [drm] GART: num cpu pages 524288, num gpu pages 524288
[    3.789036] [drm] PCIE GART of 2048M enabled (table at 0x000000000030E000).
[    3.789313] radeon 0000:00:01.0: WB enabled
[    3.789359] radeon 0000:00:01.0: fence driver on ring 0 use gpu addr 0x0000000020000c00 and cpu addr 0x(____ptrval____)
[    3.789377] radeon 0000:00:01.0: fence driver on ring 1 use gpu addr 0x0000000020000c04 and cpu addr 0x(____ptrval____)
[    3.789392] radeon 0000:00:01.0: fence driver on ring 2 use gpu addr 0x0000000020000c08 and cpu addr 0x(____ptrval____)
[    3.789407] radeon 0000:00:01.0: fence driver on ring 3 use gpu addr 0x0000000020000c0c and cpu addr 0x(____ptrval____)
[    3.789422] radeon 0000:00:01.0: fence driver on ring 4 use gpu addr 0x0000000020000c10 and cpu addr 0x(____ptrval____)
[    3.790368] radeon 0000:00:01.0: fence driver on ring 5 use gpu addr 0x0000000000078d30 and cpu addr 0x(____ptrval____)
[    3.790769] radeon 0000:00:01.0: fence driver on ring 6 use gpu addr 0x0000000020000c18 and cpu addr 0x(____ptrval____)
[    3.790786] radeon 0000:00:01.0: fence driver on ring 7 use gpu addr 0x0000000020000c1c and cpu addr 0x(____ptrval____)
[    3.790800] [drm] Supports vblank timestamp caching Rev 2 (21.10.2013).
[    3.790808] [drm] Driver supports precise vblank timestamp query.
[    3.790925] radeon 0000:00:01.0: radeon: using MSI.
[    3.790988] [drm] radeon: irq initialized.
[    3.794964] [drm] ring test on 0 succeeded in 4 usecs
[    3.795070] [drm] ring test on 1 succeeded in 3 usecs
[    3.795108] [drm] ring test on 2 succeeded in 4 usecs
[    3.795439] [drm] ring test on 3 succeeded in 6 usecs
[    3.795457] [drm] ring test on 4 succeeded in 6 usecs
[    3.845005] [drm] ring test on 5 succeeded in 2 usecs
[    3.868783] [drm] UVD initialized successfully.
[    3.983039] [drm] ring test on 6 succeeded in 19 usecs
[    3.983073] [drm] ring test on 7 succeeded in 4 usecs
[    3.983080] [drm] VCE initialized successfully.
[    3.984972] [drm] ib test on ring 0 succeeded in 0 usecs
[    3.985253] [drm] ib test on ring 1 succeeded in 0 usecs
[    3.985527] [drm] ib test on ring 2 succeeded in 0 usecs
[    3.985807] [drm] ib test on ring 3 succeeded in 0 usecs
[    3.986088] [drm] ib test on ring 4 succeeded in 0 usecs
[    4.554189] [drm] ib test on ring 5 succeeded
[    4.575444] [drm] ib test on ring 6 succeeded
[    4.576449] [drm] ib test on ring 7 succeeded
[    4.624047] [drm] radeon atom DIG backlight initialized
[    4.624069] [drm] Radeon Display Connectors
[    4.624076] [drm] Connector 0:
[    4.624083] [drm]   LVDS-1
[    4.624089] [drm]   HPD1
[    4.624097] [drm]   DDC: 0x6530 0x6530 0x6534 0x6534 0x6538 0x6538 0x653c 0x653c
[    4.624106] [drm]   Encoders:
[    4.624112] [drm]     LCD1: INTERNAL_UNIPHY
[    4.624118] [drm] Connector 1:
[    4.624124] [drm]   HDMI-A-1
[    4.624129] [drm]   HPD2
[    4.624137] [drm]   DDC: 0x6540 0x6540 0x6544 0x6544 0x6548 0x6548 0x654c 0x654c
[    4.624145] [drm]   Encoders:
[    4.624151] [drm]     DFP1: INTERNAL_UNIPHY
[    4.624157] [drm] Connector 2:
[    4.624162] [drm]   VGA-1
[    4.624169] [drm]   DDC: 0x65c0 0x65c0 0x65c4 0x65c4 0x65c8 0x65c8 0x65cc 0x65cc
[    4.624178] [drm]   Encoders:
[    4.624183] [drm]     CRT1: INTERNAL_KLDSCP_DAC1
[    4.654026] rq->curr == THREAD(this messg)
[    4.654029] state TASK_RUNNING
[    4.654047] proc in rq 0
[    4.654054] rq->nr_running rq->cfs.nr_running : 1 1
[    4.654066] rq->load.weight, rq->cfs.load.weight : 1048576 1048576
[    4.654068] ----------------^^^^CPU0^^^^^-----------------------
[    4.654075] rq->curr->pid == 15
[    4.654082] state TASK_RUNNING
[    4.654088] proc in rq 0
[    4.654094] rq->nr_running rq->cfs.nr_running : 1 1
[    4.654104] rq->load.weight, rq->cfs.load.weight : 1048576 1048576
[    4.654106] ----------------^^^^CPU1^^^^^-----------------------
[    4.654114] rq->curr->pid == 0
[    4.654120] state TASK_RUNNING
[    4.654126] proc in rq 0
[    4.654132] rq->nr_running rq->cfs.nr_running : 0 0
[    4.654141] rq->load.weight, rq->cfs.load.weight : 0 0
[    4.654143] ----------------^^^^CPU2^^^^^-----------------------
[    4.654150] rq->curr->pid == 0
[    4.654156] state TASK_RUNNING
[    4.654162] proc in rq 0
[    4.654168] rq->nr_running rq->cfs.nr_running : 0 0
[    4.654177] rq->load.weight, rq->cfs.load.weight : 0 0
[    4.654179] ----------------^^^^CPU3^^^^^-----------------------
[    5.676182] [drm] fb mappable at 0xC0722000
[    5.676203] [drm] vram apper at 0xC0000000
[    5.676210] [drm] size 4325376
[    5.676216] [drm] fb depth is 24
[    5.676221] [drm]    pitch is 5632
[    5.676461] fbcon: radeondrmfb (fb0) is primary device
[    5.676504] rq->curr == THREAD(this messg)
[    5.676506] state TASK_RUNNING
[    5.676509] proc in rq 0
[    5.676512] rq->nr_running rq->cfs.nr_running : 1 1
[    5.676514] rq->load.weight, rq->cfs.load.weight : 1048576 1048576
[    5.676515] ----------------^^^^CPU0^^^^^-----------------------
[    5.676517] rq->curr->pid == 2238
[    5.676518] state TASK_RUNNING
[    5.676527] color, tsk->comm, weight, vruntime, state: 1 udevd 1048576 2002982321 0
[    5.676530] color, tsk->comm, weight, vruntime, state: -120589914458472 kworker/u8:2 1048576 2006902739 0
[    5.676532] proc in rq 2
[    5.676534] rq->nr_running rq->cfs.nr_running : 3 3
[    5.676535] rq->load.weight, rq->cfs.load.weight : 3145728 3145728
[    5.676537] ----------------^^^^CPU1^^^^^-----------------------
[    5.676538] rq->curr->pid == 0
[    5.676539] state TASK_RUNNING
[    5.676541] proc in rq 0
[    5.676543] rq->nr_running rq->cfs.nr_running : 0 0
[    5.676544] rq->load.weight, rq->cfs.load.weight : 0 0
[    5.676545] ----------------^^^^CPU2^^^^^-----------------------
[    5.676547] rq->curr->pid == 0
[    5.676548] state TASK_RUNNING
[    5.676549] proc in rq 0
[    5.676551] rq->nr_running rq->cfs.nr_running : 0 0
[    5.676552] rq->load.weight, rq->cfs.load.weight : 0 0
[    5.676554] ----------------^^^^CPU3^^^^^-----------------------
[    5.784257] Console: switching to colour frame buffer device 170x48
[    5.809256] radeon 0000:00:01.0: fb0: radeondrmfb frame buffer device
[    6.664001] rq->curr == THREAD(this messg)
[    6.664002] state TASK_RUNNING
[    6.666688] proc in rq 0
[    6.669323] rq->nr_running rq->cfs.nr_running : 1 1
[    6.674656] rq->load.weight, rq->cfs.load.weight : 1048576 1048576
[    6.674658] ----------------^^^^CPU0^^^^^-----------------------
[    6.677390] rq->curr->pid == 0
[    6.680134] state TASK_RUNNING
[    6.682840] proc in rq 0
[    6.685519] rq->nr_running rq->cfs.nr_running : 0 0
[    6.690910] rq->load.weight, rq->cfs.load.weight : 0 0
[    6.690912] ----------------^^^^CPU1^^^^^-----------------------
[    6.693646] rq->curr->pid == 0
[    6.696417] state TASK_RUNNING
[    6.699142] proc in rq 0
[    6.701823] rq->nr_running rq->cfs.nr_running : 0 0
[    6.707225] rq->load.weight, rq->cfs.load.weight : 0 0
[    6.707227] ----------------^^^^CPU2^^^^^-----------------------
[    6.709987] rq->curr->pid == 0
[    6.712807] state TASK_RUNNING
[    6.715608] proc in rq 0
[    6.718375] rq->nr_running rq->cfs.nr_running : 0 0
[    6.723925] rq->load.weight, rq->cfs.load.weight : 0 0
[    6.723927] ----------------^^^^CPU3^^^^^-----------------------
[    7.704002] rq->curr == THREAD(this messg)
[    7.706834] state TASK_RUNNING
[    7.709639] proc in rq 0
[    7.712407] rq->nr_running rq->cfs.nr_running : 1 1
[    7.717944] rq->load.weight, rq->cfs.load.weight : 1048576 1048576
[    7.717946] ----------------^^^^CPU0^^^^^-----------------------
[    7.720729] rq->curr->pid == 0
[    7.723465] state TASK_RUNNING
[    7.726192] proc in rq 0
[    7.728876] rq->nr_running rq->cfs.nr_running : 1 1
[    7.732411] [drm] Initialized radeon 2.50.0 20080528 for 0000:00:01.0 on minor 0
[    7.734174] rq->load.weight, rq->cfs.load.weight : 1048576 1048576
[    7.734176] ----------------^^^^CPU1^^^^^-----------------------
[    7.734178] rq->curr->pid == 0
[    7.734179] state TASK_RUNNING
[    7.734183] proc in rq 0
[    7.748210] rq->nr_running rq->cfs.nr_running : 0 0
[    7.753733] rq->load.weight, rq->cfs.load.weight : 0 0
[    7.753736] ----------------^^^^CPU2^^^^^-----------------------
[    7.756563] rq->curr->pid == 0
[    7.759393] state TASK_RUNNING
[    7.762198] proc in rq 0
[    7.764977] rq->nr_running rq->cfs.nr_running : 0 0
[    7.770413] rq->load.weight, rq->cfs.load.weight : 0 0
[    7.770414] ----------------^^^^CPU3^^^^^-----------------------
[    7.843853] Adding 3608572k swap on /dev/sda4.  Priority:1 extents:1 across:3608572k SS
[    7.911987] EXT4-fs (sda2): re-mounted. Opts: (null)
[    8.031438] EXT4-fs (sda2): re-mounted. Opts: (null)
[    8.664049] rq->curr == THREAD(this messg)
[    8.664052] state TASK_RUNNING
[    8.667583] proc in rq 0
[    8.671054] rq->nr_running rq->cfs.nr_running : 1 1
[    8.677947] rq->load.weight, rq->cfs.load.weight : 1048576 1048576
[    8.677949] ----------------^^^^CPU0^^^^^-----------------------
[    8.681494] rq->curr->pid == 0
[    8.681496] state TASK_RUNNING
[    8.681500] proc in rq 0
[    8.681502] rq->nr_running rq->cfs.nr_running : 1 1
[    8.681505] rq->load.weight, rq->cfs.load.weight : 1048576 1048576
[    8.681506] ----------------^^^^CPU1^^^^^-----------------------
[    8.681508] rq->curr->pid == 0
[    8.681509] state TASK_RUNNING
[    8.681511] proc in rq 0
[    8.681513] rq->nr_running rq->cfs.nr_running : 0 0
[    8.681514] rq->load.weight, rq->cfs.load.weight : 0 0
[    8.681515] ----------------^^^^CPU2^^^^^-----------------------
[    8.681517] rq->curr->pid == 0
[    8.681518] state TASK_RUNNING
[    8.681520] proc in rq 0
[    8.681521] rq->nr_running rq->cfs.nr_running : 0 0
[    8.681523] rq->load.weight, rq->cfs.load.weight : 0 0
[    8.681524] ----------------^^^^CPU3^^^^^-----------------------
[    9.704066] rq->curr == THREAD(this messg)
[    9.707691] state TASK_RUNNING
[    9.711289] proc in rq 0
[    9.714886] rq->nr_running rq->cfs.nr_running : 1 1
[    9.722128] rq->load.weight, rq->cfs.load.weight : 1048576 1048576
[    9.722132] ----------------^^^^CPU0^^^^^-----------------------
[    9.725869] rq->curr->pid == 3429
[    9.729576] state TASK_RUNNING
[    9.733166] color, tsk->comm, weight, vruntime, state: -120589917557608 klogd 1048576 4581010770 0
[    9.736655] color, tsk->comm, weight, vruntime, state: -120589917561063 syslogd 1048576 4582594883 128
[    9.740142] color, tsk->comm, weight, vruntime, state: -120589889639271 syslogd 1048576 4582513925 128
[    9.743533] color, tsk->comm, weight, vruntime, state: -120589926768871 syslogd 1048576 4582684403 128
[    9.746864] color, tsk->comm, weight, vruntime, state: -120589926782695 syslogd 1048576 4582597710 128
[    9.750083] color, tsk->comm, weight, vruntime, state: -120589926782695 syslogd 1048576 4582666082 128
[    9.753192] color, tsk->comm, weight, vruntime, state: -120589926779240 syslogd 1048576 4582663229 128
[    9.756296] color, tsk->comm, weight, vruntime, state: -120589917574887 syslogd 1048576 4582624368 128
[    9.759225] color, tsk->comm, weight, vruntime, state: -120589903724391 syslogd 1048576 4582780739 128
[    9.762025] color, tsk->comm, weight, vruntime, state: -120589907013224 syslogd 1048576 4582936818 128
[    9.764846] color, tsk->comm, weight, vruntime, state: -120589907013223 syslogd 1048576 4582918935 128
[    9.767640] color, tsk->comm, weight, vruntime, state: -120589907033959 syslogd 1048576 4583052132 128
[    9.770421] color, tsk->comm, weight, vruntime, state: -120589907033959 syslogd 1048576 4583100801 128
[    9.773179] color, tsk->comm, weight, vruntime, state: -120589903714023 syslogd 1048576 4583567505 128
[    9.775906] proc in rq 14
[    9.778601] rq->nr_running rq->cfs.nr_running : 15 15
[    9.783981] rq->load.weight, rq->cfs.load.weight : 15728640 15728640
[    9.784014] ----------------^^^^CPU1^^^^^-----------------------
[    9.786727] rq->curr->pid == 0
[    9.789406] state TASK_RUNNING
[    9.792006] proc in rq 0
[    9.794648] rq->nr_running rq->cfs.nr_running : 0 0
[    9.799875] rq->load.weight, rq->cfs.load.weight : 0 0
[    9.799878] ----------------^^^^CPU2^^^^^-----------------------
[    9.802482] rq->curr->pid == 0
[    9.805132] state TASK_RUNNING
[    9.807737] proc in rq 0
[    9.810350] rq->nr_running rq->cfs.nr_running : 0 0
[    9.815608] rq->load.weight, rq->cfs.load.weight : 0 0
[    9.815612] ----------------^^^^CPU3^^^^^-----------------------
[   10.356712] urandom_read: 6 callbacks suppressed
[   10.356718] random: wpa_supplicant: uninitialized urandom read (32 bytes read)
[   10.674014] rq->curr == idle (init_task)
[   10.674017] state TASK_RUNNING
[   10.676912] proc in rq 0
[   10.679792] rq->nr_running rq->cfs.nr_running : 0 0
[   10.685410] rq->load.weight, rq->cfs.load.weight : 0 0
[   10.685412] ----------------^^^^CPU0^^^^^-----------------------
[   10.688310] rq->curr == THREAD(this messg)
[   10.691206] state TASK_RUNNING
[   10.694080] proc in rq 0
[   10.696933] rq->nr_running rq->cfs.nr_running : 1 1
[   10.702508] rq->load.weight, rq->cfs.load.weight : 1048576 1048576
[   10.702510] ----------------^^^^CPU1^^^^^-----------------------
[   10.705365] rq->curr->pid == 0
[   10.708222] state TASK_RUNNING
[   10.711044] proc in rq 0
[   10.713859] rq->nr_running rq->cfs.nr_running : 0 0
[   10.719657] rq->load.weight, rq->cfs.load.weight : 0 0
[   10.719661] ----------------^^^^CPU2^^^^^-----------------------
[   10.722596] rq->curr->pid == 0
[   10.725603] state TASK_RUNNING
[   10.728626] proc in rq 0
[   10.731624] rq->nr_running rq->cfs.nr_running : 0 0
[   10.737744] rq->load.weight, rq->cfs.load.weight : 0 0
[   10.737748] ----------------^^^^CPU3^^^^^-----------------------
[   11.654004] rq->curr == idle (init_task)
[   11.657173] state TASK_RUNNING
[   11.660260] proc in rq 0
[   11.663322] rq->nr_running rq->cfs.nr_running : 0 0
[   11.669437] rq->load.weight, rq->cfs.load.weight : 0 0
[   11.669440] ----------------^^^^CPU0^^^^^-----------------------
[   11.672476] rq->curr == THREAD(this messg)
[   11.675577] state TASK_RUNNING
[   11.678696] proc in rq 0
[   11.681758] rq->nr_running rq->cfs.nr_running : 1 1
[   11.687891] rq->load.weight, rq->cfs.load.weight : 1048576 1048576
[   11.687894] ----------------^^^^CPU1^^^^^-----------------------
[   11.690959] rq->curr->pid == 0
[   11.694086] state TASK_RUNNING
[   11.697222] proc in rq 0
[   11.700301] rq->nr_running rq->cfs.nr_running : 0 0
[   11.706423] rq->load.weight, rq->cfs.load.weight : 0 0
[   11.706425] ----------------^^^^CPU2^^^^^-----------------------
[   11.709535] rq->curr->pid == 0
[   11.712630] state TASK_RUNNING
[   11.715634] proc in rq 0
[   11.718529] rq->nr_running rq->cfs.nr_running : 0 0
[   11.722185] wlp1s0: authenticate with 64:66:b3:cd:9a:3a
[   11.724180] rq->load.weight, rq->cfs.load.weight : 0 0
[   11.724182] ----------------^^^^CPU3^^^^^-----------------------
[   11.747787] wlp1s0: send auth to 64:66:b3:cd:9a:3a (try 1/3)
[   11.756360] wlp1s0: authenticated
[   11.764608] wlp1s0: associate with 64:66:b3:cd:9a:3a (try 1/3)
[   11.771934] wlp1s0: RX AssocResp from 64:66:b3:cd:9a:3a (capab=0x431 status=0 aid=1)
[   11.775920] wlp1s0: associated
[   11.805676] IPv6: ADDRCONF(NETDEV_CHANGE): wlp1s0: link becomes ready
[   12.664004] rq->curr == idle (init_task)
[   12.664007] state TASK_RUNNING
[   12.666881] proc in rq 0
[   12.669706] rq->nr_running rq->cfs.nr_running : 0 0
[   12.675308] rq->load.weight, rq->cfs.load.weight : 0 0
[   12.675310] ----------------^^^^CPU0^^^^^-----------------------
[   12.678141] rq->curr == THREAD(this messg)
[   12.680992] state TASK_RUNNING
[   12.683841] color, tsk->comm, weight, vruntime, state: 1 ksoftirqd/1 1048576 7122010732 0
[   12.686758] proc in rq 1
[   12.689750] rq->nr_running rq->cfs.nr_running : 2 2
[   12.695580] rq->load.weight, rq->cfs.load.weight : 2097152 2097152
[   12.695582] ----------------^^^^CPU1^^^^^-----------------------
[   12.698583] rq->curr->pid == 0
[   12.701584] state TASK_RUNNING
[   12.704584] proc in rq 0
[   12.707572] rq->nr_running rq->cfs.nr_running : 0 0
[   12.713383] rq->load.weight, rq->cfs.load.weight : 0 0
[   12.713385] ----------------^^^^CPU2^^^^^-----------------------
[   12.716343] rq->curr->pid == 0
[   12.719365] state TASK_RUNNING
[   12.722323] proc in rq 0
[   12.725273] rq->nr_running rq->cfs.nr_running : 0 0
[   12.731105] rq->load.weight, rq->cfs.load.weight : 0 0
[   12.731108] ----------------^^^^CPU3^^^^^-----------------------
[   13.674006] rq->curr == idle (init_task)
[   13.676989] state TASK_RUNNING
[   13.679936] proc in rq 0
[   13.682844] rq->nr_running rq->cfs.nr_running : 0 0
[   13.688649] rq->load.weight, rq->cfs.load.weight : 0 0
[   13.688653] ----------------^^^^CPU0^^^^^-----------------------
[   13.691601] rq->curr == THREAD(this messg)
[   13.694602] state TASK_RUNNING
[   13.697688] proc in rq 0
[   13.700613] rq->nr_running rq->cfs.nr_running : 1 1
[   13.706399] rq->load.weight, rq->cfs.load.weight : 1048576 1048576
[   13.706401] ----------------^^^^CPU1^^^^^-----------------------
[   13.709393] rq->curr->pid == 0
[   13.712391] state TASK_RUNNING
[   13.715384] proc in rq 0
[   13.718357] rq->nr_running rq->cfs.nr_running : 0 0
[   13.724200] rq->load.weight, rq->cfs.load.weight : 0 0
[   13.724202] ----------------^^^^CPU2^^^^^-----------------------
[   13.727144] rq->curr->pid == 0
[   13.730072] state TASK_RUNNING
[   13.732964] proc in rq 0
[   13.735835] rq->nr_running rq->cfs.nr_running : 0 0
[   13.741473] rq->load.weight, rq->cfs.load.weight : 0 0
[   13.741476] ----------------^^^^CPU3^^^^^-----------------------
[   14.469430] udevd (2238) used greatest stack depth: 11784 bytes left
[   14.664078] rq->curr->pid == 1852
[   14.664081] state TASK_RUNNING
[   14.666976] proc in rq 0
[   14.669800] rq->nr_running rq->cfs.nr_running : 0 0
[   14.675398] rq->load.weight, rq->cfs.load.weight : 0 0
[   14.675400] ----------------^^^^CPU0^^^^^-----------------------
[   14.678257] rq->curr == THREAD(this messg)
[   14.681060] state TASK_RUNNING
[   14.683789] proc in rq 0
[   14.686541] rq->nr_running rq->cfs.nr_running : 1 1
[   14.691958] rq->load.weight, rq->cfs.load.weight : 1048576 1048576
[   14.691962] ----------------^^^^CPU1^^^^^-----------------------
[   14.694692] rq->curr->pid == 0
[   14.697457] state TASK_RUNNING
[   14.700198] proc in rq 0
[   14.702914] rq->nr_running rq->cfs.nr_running : 0 0
[   14.708373] rq->load.weight, rq->cfs.load.weight : 0 0
[   14.708376] ----------------^^^^CPU2^^^^^-----------------------
[   14.711084] rq->curr->pid == 0
[   14.713829] state TASK_RUNNING
[   14.716605] proc in rq 0
[   14.719376] rq->nr_running rq->cfs.nr_running : 0 0
[   14.724912] rq->load.weight, rq->cfs.load.weight : 0 0
[   14.724914] ----------------^^^^CPU3^^^^^-----------------------
[   15.764004] rq->curr == idle (init_task)
[   15.766748] state TASK_RUNNING
[   15.769492] proc in rq 0
[   15.772211] rq->nr_running rq->cfs.nr_running : 0 0
[   15.777671] rq->load.weight, rq->cfs.load.weight : 0 0
[   15.777674] ----------------^^^^CPU0^^^^^-----------------------
[   15.780389] rq->curr == THREAD(this messg)
[   15.783123] state TASK_RUNNING
[   15.785912] color, tsk->comm, weight, vruntime, state: 1 kworker/1:0 1048576 10216281178 0
[   15.788684] proc in rq 1
[   15.791524] rq->nr_running rq->cfs.nr_running : 2 2
[   15.797162] rq->load.weight, rq->cfs.load.weight : 2097152 2097152
[   15.797165] ----------------^^^^CPU1^^^^^-----------------------
[   15.800021] rq->curr->pid == 0
[   15.802906] state TASK_RUNNING
[   15.805801] proc in rq 0
[   15.808691] rq->nr_running rq->cfs.nr_running : 0 0
[   15.814336] rq->load.weight, rq->cfs.load.weight : 0 0
[   15.814338] ----------------^^^^CPU2^^^^^-----------------------
[   15.817219] rq->curr->pid == 0
[   15.820110] state TASK_RUNNING
[   15.822970] proc in rq 0
[   15.825836] rq->nr_running rq->cfs.nr_running : 0 0
[   15.831493] rq->load.weight, rq->cfs.load.weight : 0 0
[   15.831496] ----------------^^^^CPU3^^^^^-----------------------
[   16.664009] rq->curr == idle (init_task)
[   16.666901] state TASK_RUNNING
[   16.669747] proc in rq 0
[   16.672564] rq->nr_running rq->cfs.nr_running : 0 0
[   16.678219] rq->load.weight, rq->cfs.load.weight : 0 0
[   16.678223] ----------------^^^^CPU0^^^^^-----------------------
[   16.681034] rq->curr == THREAD(this messg)
[   16.683860] state TASK_RUNNING
[   16.686742] color, tsk->comm, weight, vruntime, state: 1 kworker/1:0 1048576 11105304080 0
[   16.689607] proc in rq 1
[   16.692542] rq->nr_running rq->cfs.nr_running : 2 2
[   16.698368] rq->load.weight, rq->cfs.load.weight : 2097152 2097152
[   16.698372] ----------------^^^^CPU1^^^^^-----------------------
[   16.701322] rq->curr->pid == 0
[   16.704332] state TASK_RUNNING
[   16.707322] proc in rq 0
[   16.710256] rq->nr_running rq->cfs.nr_running : 0 0
[   16.716065] rq->load.weight, rq->cfs.load.weight : 0 0
[   16.716067] ----------------^^^^CPU2^^^^^-----------------------
[   16.719042] rq->curr->pid == 0
[   16.722030] state TASK_RUNNING
[   16.725012] proc in rq 0
[   16.727976] rq->nr_running rq->cfs.nr_running : 0 0
[   16.733751] rq->load.weight, rq->cfs.load.weight : 0 0
[   16.733754] ----------------^^^^CPU3^^^^^-----------------------
[   17.664005] rq->curr == idle (init_task)
[   17.666985] state TASK_RUNNING
[   17.669946] proc in rq 0
[   17.672876] rq->nr_running rq->cfs.nr_running : 0 0
[   17.678731] rq->load.weight, rq->cfs.load.weight : 0 0
[   17.678735] ----------------^^^^CPU0^^^^^-----------------------
[   17.681662] rq->curr == THREAD(this messg)
[   17.684586] state TASK_RUNNING
[   17.687465] proc in rq 0
[   17.690281] rq->nr_running rq->cfs.nr_running : 1 1
[   17.695953] rq->load.weight, rq->cfs.load.weight : 1048576 1048576
[   17.695955] ----------------^^^^CPU1^^^^^-----------------------
[   17.698797] rq->curr->pid == 0
[   17.701640] state TASK_RUNNING
[   17.704505] proc in rq 0
[   17.707361] rq->nr_running rq->cfs.nr_running : 0 0
[   17.712947] rq->load.weight, rq->cfs.load.weight : 0 0
[   17.712949] ----------------^^^^CPU2^^^^^-----------------------
[   17.715772] rq->curr->pid == 0
[   17.718659] state TASK_RUNNING
[   17.721509] proc in rq 0
[   17.724359] rq->nr_running rq->cfs.nr_running : 0 0
[   17.729995] rq->load.weight, rq->cfs.load.weight : 0 0
[   17.729998] ----------------^^^^CPU3^^^^^-----------------------
[   18.664007] rq->curr == idle (init_task)
[   18.666852] state TASK_RUNNING
[   18.669690] proc in rq 0
[   18.672503] rq->nr_running rq->cfs.nr_running : 0 0
[   18.678151] rq->load.weight, rq->cfs.load.weight : 0 0
[   18.678155] ----------------^^^^CPU0^^^^^-----------------------
[   18.680964] rq->curr == THREAD(this messg)
[   18.683786] state TASK_RUNNING
[   18.686596] color, tsk->comm, weight, vruntime, state: 1 kworker/1:0 1048576 13127483924 0
[   18.689339] proc in rq 1
[   18.692170] rq->nr_running rq->cfs.nr_running : 2 2
[   18.697788] rq->load.weight, rq->cfs.load.weight : 2097152 2097152
[   18.697791] ----------------^^^^CPU1^^^^^-----------------------
[   18.700598] rq->curr->pid == 0
[   18.703439] state TASK_RUNNING
[   18.706312] proc in rq 0
[   18.709181] rq->nr_running rq->cfs.nr_running : 0 0
[   18.714850] rq->load.weight, rq->cfs.load.weight : 0 0
[   18.714852] ----------------^^^^CPU2^^^^^-----------------------
[   18.717688] rq->curr->pid == 0
[   18.720537] state TASK_RUNNING
[   18.723377] proc in rq 0
[   18.726291] rq->nr_running rq->cfs.nr_running : 0 0
[   18.731945] rq->load.weight, rq->cfs.load.weight : 0 0
[   18.731948] ----------------^^^^CPU3^^^^^-----------------------
[   19.764007] rq->curr == idle (init_task)
[   19.766854] state TASK_RUNNING
[   19.769698] proc in rq 0
[   19.772518] rq->nr_running rq->cfs.nr_running : 0 0
[   19.778174] rq->load.weight, rq->cfs.load.weight : 0 0
[   19.778177] ----------------^^^^CPU0^^^^^-----------------------
[   19.780991] rq->curr == THREAD(this messg)
[   19.783822] state TASK_RUNNING
[   19.786706] color, tsk->comm, weight, vruntime, state: 1 kworker/1:0 1048576 14214892283 0
[   19.789575] proc in rq 1
[   19.792516] rq->nr_running rq->cfs.nr_running : 2 2
[   19.798352] rq->load.weight, rq->cfs.load.weight : 2097152 2097152
[   19.798355] ----------------^^^^CPU1^^^^^-----------------------
[   19.801306] rq->curr->pid == 0
[   19.804316] state TASK_RUNNING
[   19.807321] proc in rq 0
[   19.810257] rq->nr_running rq->cfs.nr_running : 0 0
[   19.816071] rq->load.weight, rq->cfs.load.weight : 0 0
[   19.816073] ----------------^^^^CPU2^^^^^-----------------------
[   19.819052] rq->curr->pid == 0
[   19.822041] state TASK_RUNNING
[   19.825028] proc in rq 0
[   19.828003] rq->nr_running rq->cfs.nr_running : 0 0
[   19.833787] rq->load.weight, rq->cfs.load.weight : 0 0
[   19.833789] ----------------^^^^CPU3^^^^^-----------------------
[   20.674034] rq->curr == THREAD(this messg)
[   20.674150] state TASK_RUNNING
[   20.674218] proc in rq 0
[   20.674270] rq->nr_running rq->cfs.nr_running : 1 1
[   20.674388] rq->load.weight, rq->cfs.load.weight : 1048576 1048576
[   20.674390] ----------------^^^^CPU0^^^^^-----------------------
[   20.674486] rq->curr->pid == 0
[   20.674579] state TASK_RUNNING
[   20.674630] proc in rq 0
[   20.674681] rq->nr_running rq->cfs.nr_running : 0 0
[   20.674798] rq->load.weight, rq->cfs.load.weight : 0 0
[   20.674799] ----------------^^^^CPU1^^^^^-----------------------
[   20.674880] rq->curr->pid == 0
[   20.674974] state TASK_RUNNING
[   20.675024] proc in rq 0
[   20.675075] rq->nr_running rq->cfs.nr_running : 0 0
[   20.675192] rq->load.weight, rq->cfs.load.weight : 0 0
[   20.675193] ----------------^^^^CPU2^^^^^-----------------------
[   20.675274] rq->curr->pid == 0
[   20.675366] state TASK_RUNNING
[   20.675417] proc in rq 0
[   20.675467] rq->nr_running rq->cfs.nr_running : 0 0
[   20.675585] rq->load.weight, rq->cfs.load.weight : 0 0
[   20.675586] ----------------^^^^CPU3^^^^^-----------------------
[   28.495379] random: crng init done
