[    0.000000] Linux version 5.2.0+ (root@(none)) (gcc version 9.0.1 20190416 (experimental) (GCC)) #216 SMP Fri Jul 19 13:34:52 +05 2019
[    0.000000] Command line: BOOT_IMAGE=/boot/bzImage root=/dev/sda2 ro
[    0.000000] x86/fpu: Supporting XSAVE feature 0x001: 'x87 floating point registers'
[    0.000000] x86/fpu: Supporting XSAVE feature 0x002: 'SSE registers'
[    0.000000] x86/fpu: Supporting XSAVE feature 0x004: 'AVX registers'
[    0.000000] x86/fpu: xstate_offset[2]:  576, xstate_sizes[2]:  256
[    0.000000] x86/fpu: Enabled xstate features 0x7, context size is 832 bytes, using 'standard' format.
[    0.000000] BIOS-provided physical RAM map:
[    0.000000] BIOS-e820: [mem 0x0000000000000000-0x000000000009ffff] usable
[    0.000000] BIOS-e820: [mem 0x0000000000100000-0x000000009d0f7fff] usable
[    0.000000] BIOS-e820: [mem 0x000000009d0f8000-0x000000009d127fff] reserved
[    0.000000] BIOS-e820: [mem 0x000000009d128000-0x000000009d370fff] usable
[    0.000000] BIOS-e820: [mem 0x000000009d371000-0x000000009dc56fff] ACPI NVS
[    0.000000] BIOS-e820: [mem 0x000000009dc57000-0x000000009e959fff] reserved
[    0.000000] BIOS-e820: [mem 0x000000009e95a000-0x000000009e9cafff] type 20
[    0.000000] BIOS-e820: [mem 0x000000009e9cb000-0x000000009e9cbfff] usable
[    0.000000] BIOS-e820: [mem 0x000000009e9cc000-0x000000009e9d3fff] ACPI NVS
[    0.000000] BIOS-e820: [mem 0x000000009e9d4000-0x000000009eb24fff] usable
[    0.000000] BIOS-e820: [mem 0x000000009eb25000-0x000000009f041fff] reserved
[    0.000000] BIOS-e820: [mem 0x000000009f042000-0x000000009f080fff] usable
[    0.000000] BIOS-e820: [mem 0x000000009f081000-0x000000009f3f1fff] reserved
[    0.000000] BIOS-e820: [mem 0x000000009f3f2000-0x000000009f3fffff] usable
[    0.000000] BIOS-e820: [mem 0x00000000fec00000-0x00000000fec01fff] reserved
[    0.000000] BIOS-e820: [mem 0x00000000fec10000-0x00000000fec10fff] reserved
[    0.000000] BIOS-e820: [mem 0x00000000fed00000-0x00000000fed00fff] reserved
[    0.000000] BIOS-e820: [mem 0x00000000fed80000-0x00000000fed8ffff] reserved
[    0.000000] BIOS-e820: [mem 0x00000000ff000000-0x00000000ffffffff] reserved
[    0.000000] BIOS-e820: [mem 0x0000000100001000-0x000000013effffff] usable
[    0.000000] NX (Execute Disable) protection: active
[    0.000000] efi: EFI v2.31 by American Megatrends
[    0.000000] efi:  ACPI=0x9d3f3000  ACPI 2.0=0x9d3f3000  SMBIOS=0x9e958998 
[    0.000000] SMBIOS 2.7 present.
[    0.000000] DMI: ASUSTeK COMPUTER INC. X102BA/X102BA, BIOS X102BA.212 08/30/2013
[    0.000000] tsc: Fast TSC calibration using PIT
[    0.000000] tsc: Detected 998.129 MHz processor
[    0.000213] e820: update [mem 0x00000000-0x00000fff] usable ==> reserved
[    0.000217] e820: remove [mem 0x000a0000-0x000fffff] usable
[    0.000238] last_pfn = 0x13f000 max_arch_pfn = 0x400000000
[    0.000248] MTRR default type: uncachable
[    0.000250] MTRR fixed ranges enabled:
[    0.000254]   00000-9FFFF write-back
[    0.000256]   A0000-BFFFF write-through
[    0.000259]   C0000-DFFFF uncachable
[    0.000261]   E0000-FFFFF write-protect
[    0.000263] MTRR variable ranges enabled:
[    0.000267]   0 base 0000000000 mask FF80000000 write-back
[    0.000271]   1 base 0080000000 mask FFE0000000 write-back
[    0.000274]   2 base 009F400000 mask FFFFC00000 uncachable
[    0.000277]   3 base 009F800000 mask FFFF800000 uncachable
[    0.000278]   4 disabled
[    0.000279]   5 disabled
[    0.000281]   6 disabled
[    0.000282]   7 disabled
[    0.000284] TOM2: 000000013f000000 aka 5104M
[    0.000810] x86/PAT: Configuration [0-7]: WB  WC  UC- UC  WB  WP  UC- WT  
[    0.001080] e820: update [mem 0x9f400000-0xffffffff] usable ==> reserved
[    0.001093] last_pfn = 0x9f400 max_arch_pfn = 0x400000000
[    0.013951] check: Scanning 1 areas for low memory corruption
[    0.013964] Using GB pages for direct mapping
[    0.013971] BRK [0x126e01000, 0x126e01fff] PGTABLE
[    0.013978] BRK [0x126e02000, 0x126e02fff] PGTABLE
[    0.013981] BRK [0x126e03000, 0x126e03fff] PGTABLE
[    0.014067] BRK [0x126e04000, 0x126e04fff] PGTABLE
[    0.014071] BRK [0x126e05000, 0x126e05fff] PGTABLE
[    0.014173] BRK [0x126e06000, 0x126e06fff] PGTABLE
[    0.014586] BRK [0x126e07000, 0x126e07fff] PGTABLE
[    0.014729] BRK [0x126e08000, 0x126e08fff] PGTABLE
[    0.014901] BRK [0x126e09000, 0x126e09fff] PGTABLE
[    0.015087] BRK [0x126e0a000, 0x126e0afff] PGTABLE
[    0.015227] BRK [0x126e0b000, 0x126e0bfff] PGTABLE
[    0.015433] BRK [0x126e0c000, 0x126e0cfff] PGTABLE
[    0.015829] Secure boot could not be determined
[    0.015844] ACPI: Early table checksum verification disabled
[    0.015855] ACPI: RSDP 0x000000009D3F3000 000024 (v02 _ASUS_)
[    0.015865] ACPI: XSDT 0x000000009D3F3088 000094 (v01 _ASUS_ Notebook 01072009 AMI  00010013)
[    0.015881] ACPI: FACP 0x000000009D400748 00010C (v05 _ASUS_ Notebook 01072009 AMI  00010013)
[    0.015895] ACPI BIOS Warning (bug): Optional FADT field Pm2ControlBlock has valid Length but zero Address: 0x0000000000000000/0x1 (20190703/tbfadt-615)
[    0.015908] ACPI: DSDT 0x000000009D3F31A8 00D59D (v02 _ASUS_ Notebook 00000000 INTL 20091112)
[    0.015918] ACPI: FACS 0x000000009DC4B080 000040
[    0.015925] ACPI: APIC 0x000000009D400858 00007E (v03 _ASUS_ Notebook 01072009 AMI  00010013)
[    0.015935] ACPI: FPDT 0x000000009D4008D8 000044 (v01 _ASUS_ Notebook 01072009 AMI  00010013)
[    0.015944] ACPI: ECDT 0x000000009D400920 0000C1 (v01 _ASUS_ Notebook 01072009 AMI. 00000005)
[    0.015953] ACPI: MCFG 0x000000009D4009E8 00003C (v01 _ASUS_ Notebook 01072009 MSFT 00010013)
[    0.015962] ACPI: HPET 0x000000009D400A28 000038 (v01 _ASUS_ Notebook 01072009 AMI  00000005)
[    0.015971] ACPI: VFCT 0x000000009D400A60 004684 (v01 _ASUS_ Notebook 00000001 AMD  31504F47)
[    0.015981] ACPI: BGRT 0x000000009D4050E8 000038 (v00 _ASUS_ Notebook 01072009 ASUS 00010013)
[    0.015990] ACPI: SSDT 0x000000009D405120 0005E0 (v01 AMD    AGESA    00000001 AMD  00000001)
[    0.016000] ACPI: SSDT 0x000000009D405700 0046D1 (v02 AMD    AGESA    00000002 MSFT 04000000)
[    0.016009] ACPI: CRAT 0x000000009D409DD8 000228 (v01 AMD    AGESA    00000001 AMD  00000001)
[    0.016018] ACPI: SSDT 0x000000009D40A000 001411 (v01 AMD    CPMDFIGP 00000001 INTL 20051117)
[    0.016027] ACPI: SSDT 0x000000009D40B418 0010E8 (v01 AMD    CPMCMN   00000001 INTL 20051117)
[    0.016036] ACPI: MSDM 0x000000009D127F98 000055 (v03 _ASUS_ Notebook 00000000 ASUS 00000001)
[    0.016064] ACPI: Local APIC address 0xfee00000
[    0.016420] No NUMA configuration found
[    0.016424] Faking a node at [mem 0x0000000000000000-0x000000013effffff]
[    0.016438] NODE_DATA(0) allocated [mem 0x13effb000-0x13effefff]
[    0.016491] Zone ranges:
[    0.016495]   DMA      [mem 0x0000000000001000-0x0000000000ffffff]
[    0.016499]   DMA32    [mem 0x0000000001000000-0x00000000ffffffff]
[    0.016504]   Normal   [mem 0x0000000100000000-0x000000013effffff]
[    0.016508] Movable zone start for each node
[    0.016511] Early memory node ranges
[    0.016515]   node   0: [mem 0x0000000000001000-0x000000000009ffff]
[    0.016518]   node   0: [mem 0x0000000000100000-0x000000009d0f7fff]
[    0.016521]   node   0: [mem 0x000000009d128000-0x000000009d370fff]
[    0.016524]   node   0: [mem 0x000000009e9cb000-0x000000009e9cbfff]
[    0.016528]   node   0: [mem 0x000000009e9d4000-0x000000009eb24fff]
[    0.016531]   node   0: [mem 0x000000009f042000-0x000000009f080fff]
[    0.016534]   node   0: [mem 0x000000009f3f2000-0x000000009f3fffff]
[    0.016537]   node   0: [mem 0x0000000100001000-0x000000013effffff]
[    0.016863] Zeroed struct page in unavailable ranges: 11138 pages
[    0.016870] Initmem setup node 0 [mem 0x0000000000001000-0x000000013effffff]
[    0.016879] On node 0 totalpages: 902270
[    0.016882]   DMA zone: 64 pages used for memmap
[    0.016884]   DMA zone: 23 pages reserved
[    0.016887]   DMA zone: 3999 pages, LIFO batch:0
[    0.017107]   DMA32 zone: 10004 pages used for memmap
[    0.017109]   DMA32 zone: 640224 pages, LIFO batch:63
[    0.057106]   Normal zone: 4032 pages used for memmap
[    0.057112]   Normal zone: 258047 pages, LIFO batch:63
[    0.070248] ACPI: PM-Timer IO Port: 0x808
[    0.070260] ACPI: Local APIC address 0xfee00000
[    0.070276] ACPI: LAPIC_NMI (acpi_id[0xff] high edge lint[0x1])
[    0.070292] IOAPIC[0]: apic_id 3, version 33, address 0xfec00000, GSI 0-23
[    0.070302] IOAPIC[1]: apic_id 4, version 33, address 0xfec01000, GSI 24-55
[    0.070309] ACPI: INT_SRC_OVR (bus 0 bus_irq 0 global_irq 2 dfl dfl)
[    0.070315] ACPI: INT_SRC_OVR (bus 0 bus_irq 9 global_irq 9 low level)
[    0.070319] ACPI: IRQ0 used by override.
[    0.070322] ACPI: IRQ9 used by override.
[    0.070327] Using ACPI (MADT) for SMP configuration information
[    0.070332] ACPI: HPET id: 0x10228210 base: 0xfed00000
[    0.070347] smpboot: Allowing 4 CPUs, 2 hotplug CPUs
[    0.070418] PM: Registered nosave memory: [mem 0x00000000-0x00000fff]
[    0.070425] PM: Registered nosave memory: [mem 0x000a0000-0x000fffff]
[    0.070432] PM: Registered nosave memory: [mem 0x9d0f8000-0x9d127fff]
[    0.070438] PM: Registered nosave memory: [mem 0x9d371000-0x9dc56fff]
[    0.070441] PM: Registered nosave memory: [mem 0x9dc57000-0x9e959fff]
[    0.070444] PM: Registered nosave memory: [mem 0x9e95a000-0x9e9cafff]
[    0.070450] PM: Registered nosave memory: [mem 0x9e9cc000-0x9e9d3fff]
[    0.070456] PM: Registered nosave memory: [mem 0x9eb25000-0x9f041fff]
[    0.070463] PM: Registered nosave memory: [mem 0x9f081000-0x9f3f1fff]
[    0.070469] PM: Registered nosave memory: [mem 0x9f400000-0xfebfffff]
[    0.070472] PM: Registered nosave memory: [mem 0xfec00000-0xfec01fff]
[    0.070474] PM: Registered nosave memory: [mem 0xfec02000-0xfec0ffff]
[    0.070477] PM: Registered nosave memory: [mem 0xfec10000-0xfec10fff]
[    0.070480] PM: Registered nosave memory: [mem 0xfec11000-0xfecfffff]
[    0.070482] PM: Registered nosave memory: [mem 0xfed00000-0xfed00fff]
[    0.070485] PM: Registered nosave memory: [mem 0xfed01000-0xfed7ffff]
[    0.070488] PM: Registered nosave memory: [mem 0xfed80000-0xfed8ffff]
[    0.070490] PM: Registered nosave memory: [mem 0xfed90000-0xfeffffff]
[    0.070493] PM: Registered nosave memory: [mem 0xff000000-0xffffffff]
[    0.070496] PM: Registered nosave memory: [mem 0x100000000-0x100000fff]
[    0.070503] [mem 0x9f400000-0xfebfffff] available for PCI devices
[    0.070514] clocksource: refined-jiffies: mask: 0xffffffff max_cycles: 0xffffffff, max_idle_ns: 19112604462750000 ns
[    0.495692] setup_percpu: NR_CPUS:64 nr_cpumask_bits:64 nr_cpu_ids:4 nr_node_ids:1
[    0.496870] percpu: Embedded 51 pages/cpu s169944 r8192 d30760 u524288
[    0.496908] pcpu-alloc: s169944 r8192 d30760 u524288 alloc=1*2097152
[    0.496911] pcpu-alloc: [0] 0 1 2 3 
[    0.496989] Built 1 zonelists, mobility grouping on.  Total pages: 888147
[    0.496993] Policy zone: Normal
[    0.497000] Kernel command line: BOOT_IMAGE=/boot/bzImage root=/dev/sda2 ro
[    0.498965] Dentry cache hash table entries: 524288 (order: 10, 4194304 bytes, linear)
[    0.499891] Inode-cache hash table entries: 262144 (order: 9, 2097152 bytes, linear)
[    0.499969] mem auto-init: stack:off, heap alloc:off, heap free:off
[    0.563768] Memory: 3426032K/3609080K available (14356K kernel code, 1439K rwdata, 4524K rodata, 1300K init, 796K bss, 183048K reserved, 0K cma-reserved)
[    0.563976] SLUB: HWalign=64, Order=0-3, MinObjects=0, CPUs=4, Nodes=1
[    0.564213] rcu: Hierarchical RCU implementation.
[    0.564217] rcu: 	RCU event tracing is enabled.
[    0.564220] rcu: 	RCU restricting CPUs from NR_CPUS=64 to nr_cpu_ids=4.
[    0.564225] rcu: RCU calculated value of scheduler-enlistment delay is 10 jiffies.
[    0.564229] rcu: Adjusting geometry for rcu_fanout_leaf=16, nr_cpu_ids=4
[    0.564828] NR_IRQS: 4352, nr_irqs: 1000, preallocated irqs: 16
[    0.565431] random: get_random_bytes called from start_kernel+0x314/0x4e1 with crng_init=0
[    0.565515] Console: colour dummy device 80x25
[    0.566266] printk: console [tty0] enabled
[    0.566314] ACPI: Core revision 20190703
[    0.566800] clocksource: hpet: mask: 0xffffffff max_cycles: 0xffffffff, max_idle_ns: 133484873504 ns
[    0.566839] APIC: Switch to symmetric I/O mode setup
[    0.567702] ..TIMER: vector=0x30 apic1=0 pin1=2 apic2=-1 pin2=-1
[    0.616841] clocksource: tsc-early: mask: 0xffffffffffffffff max_cycles: 0x1cc65f36a68, max_idle_ns: 881590538042 ns
[    0.616859] Calibrating delay loop (skipped), value calculated using timer frequency.. 1996.25 BogoMIPS (lpj=9981290)
[    0.616874] pid_max: default: 32768 minimum: 301
[    0.619535] LSM: Security Framework initializing
[    0.619568] SELinux:  Initializing.
[    0.619605] *** VALIDATE SELinux ***
[    0.619669] Mount-cache hash table entries: 8192 (order: 4, 65536 bytes, linear)
[    0.619707] Mountpoint-cache hash table entries: 8192 (order: 4, 65536 bytes, linear)
[    0.620093] *** VALIDATE proc ***
[    0.620183] *** VALIDATE cgroup1 ***
[    0.620194] *** VALIDATE cgroup2 ***
[    0.620298] LVT offset 1 assigned for vector 0xf9
[    0.620317] Last level iTLB entries: 4KB 512, 2MB 8, 4MB 4
[    0.620325] Last level dTLB entries: 4KB 512, 2MB 256, 4MB 128, 1GB 0
[    0.620335] Spectre V2 : Mitigation: Full AMD retpoline
[    0.620342] Spectre V2 : Spectre v2 / SpectreRSB mitigation: Filling RSB on context switch
[    0.620353] Speculative Store Bypass: Mitigation: Speculative Store Bypass disabled via prctl and seccomp
[    0.620938] Freeing SMP alternatives memory: 40K
[    0.626856] smpboot: CPU0: AMD A4-1200 APU with Radeon(TM) HD Graphics (family: 0x16, model: 0x0, stepping: 0x1)
[    0.626856] Performance Events: AMD PMU driver.
[    0.626856] ... version:                0
[    0.626856] ... bit width:              48
[    0.626856] ... generic registers:      4
[    0.626856] ... value mask:             0000ffffffffffff
[    0.626856] ... max period:             00007fffffffffff
[    0.626856] ... fixed-purpose events:   0
[    0.626856] ... event mask:             000000000000000f
[    0.626856] rcu: Hierarchical SRCU implementation.
[    0.626856] MCE: In-kernel MCE decoding enabled.
[    0.626856] smp: Bringing up secondary CPUs ...
[    0.626856] x86: Booting SMP configuration:
[    0.626856] .... node  #0, CPUs:      #1
[    0.626856] smp: Brought up 1 node, 2 CPUs
[    0.626856] smpboot: Max logical packages: 2
[    0.626856] smpboot: Total of 2 processors activated (3992.51 BogoMIPS)
[    0.626856] devtmpfs: initialized
[    0.626856] PM: Registering ACPI NVS region [mem 0x9d371000-0x9dc56fff] (9330688 bytes)
[    0.626856] PM: Registering ACPI NVS region [mem 0x9e9cc000-0x9e9d3fff] (32768 bytes)
[    0.626856] clocksource: jiffies: mask: 0xffffffff max_cycles: 0xffffffff, max_idle_ns: 19112604462750000 ns
[    0.626856] futex hash table entries: 1024 (order: 4, 65536 bytes, linear)
[    0.626856] kworker/u8:0 (22) used greatest stack depth: 14600 bytes left
[    0.626856] NET: Registered protocol family 16
[    0.626856] audit: initializing netlink subsys (disabled)
[    0.626856] audit: type=2000 audit(1563525516.050:1): state=initialized audit_enabled=0 res=1
[    0.626856] cpuidle: using governor ladder
[    0.626856] cpuidle: using governor menu
[    0.626856] ACPI FADT declares the system doesn't support PCIe ASPM, so disable it
[    0.626856] ACPI: bus type PCI registered
[    0.626856] PCI: MMCONFIG for domain 0000 [bus 00-ff] at [mem 0xe0000000-0xefffffff] (base 0xe0000000)
[    0.626856] PCI: not using MMCONFIG
[    0.626856] PCI: Using configuration type 1 for base access
[    0.626856] PCI: Using configuration type 1 for extended access
[    0.626890] rq->curr == THREAD(this messg)
[    0.626892] state TASK_RUNNING
[    0.626905] color, tsk->comm, weight, vruntime, state: -106233958149735 kworker/u8:1 1048576 48032683 0
[    0.626914] color, tsk->comm, weight, vruntime, state: -106233958160104 kworker/u8:1 1048576 48032683 0
[    0.626927] color, tsk->comm, weight, vruntime, state: -106233958149735 kworker/u8:1 1048576 48032683 0
[    0.626939] color, tsk->comm, weight, vruntime, state: 1 kworker/u8:1 1048576 48246970 0
[    0.626951] color, tsk->comm, weight, vruntime, state: -106233958798183 kworker/u8:1 1048576 48532684 0
[    0.626962] color, tsk->comm, weight, vruntime, state: -106233958160104 kworker/u8:1 1048576 48932683 0
[    0.626974] color, tsk->comm, weight, vruntime, state: -106233958798183 kworker/u8:1 1048576 49532683 0
[    0.626986] comm swapper/0 pid 1 state 0
[    0.627001] comm kthreadd pid 2 state 1
[    0.627008] comm rcu_gp pid 3 state 1026
[    0.627015] comm rcu_par_gp pid 4 state 1026
[    0.627023] comm kworker/0:0 pid 5 state 1026
[    0.627030] comm kworker/0:0H pid 6 state 1026
[    0.627037] comm kworker/u8:0 pid 7 state 0
[    0.627044] comm mm_percpu_wq pid 8 state 1026
[    0.627051] comm ksoftirqd/0 pid 9 state 1
[    0.627058] comm rcu_sched pid 10 state 1026
[    0.627066] comm migration/0 pid 11 state 1
[    0.627073] comm cpuhp/0 pid 12 state 1
[    0.627080] comm cpuhp/1 pid 13 state 1
[    0.627086] comm migration/1 pid 14 state 1
[    0.627094] comm ksoftirqd/1 pid 15 state 1
[    0.627101] comm kworker/1:0 pid 16 state 258
[    0.627108] comm kworker/1:0H pid 17 state 1026
[    0.627115] comm THREAD pid 18 state 0
[    0.627122] comm kdevtmpfs pid 19 state 1
[    0.627129] comm netns pid 20 state 1026
[    0.627136] comm kworker/u8:1 pid 21 state 1026
[    0.627144] comm kauditd pid 24 state 1
[    0.627151] comm kworker/u8:1 pid 25 state 0
[    0.627158] comm kworker/u8:1 pid 26 state 0
[    0.627165] comm kworker/u8:1 pid 27 state 0
[    0.627172] comm kworker/u8:1 pid 28 state 0
[    0.627178] comm kworker/u8:1 pid 29 state 0
[    0.627185] comm kworker/u8:1 pid 31 state 0
[    0.627192] comm kworker/u8:1 pid 33 state 0
[    0.627199] comm kworker/u8:1 pid 34 state 0
[    0.627206] comm kworker/u8:1 pid 35 state 0
[    0.627212] comm kworker/0:1 pid 37 state 1026
[    0.627219] comm kthreadd pid 38 state 0
[    0.627225] proc in rq 7
[    0.627227] rq->nr_running rq->cfs.nr_running : 8 8
[    0.627238] rq->cfs.load.weight :  8388608
[    0.627240] ----------------^^^^CPU0^^^^^-----------------------
[    0.627246] rq->curr->pid == 1
[    0.627253] state TASK_RUNNING
[    0.627261] color, tsk->comm, weight, vruntime, state: -106233958170472 kworker/u8:0 1048576 28351403 0
[    0.627268] color, tsk->comm, weight, vruntime, state: -106233958801639 kworker/u8:1 1048576 34351403 0
[    0.627280] color, tsk->comm, weight, vruntime, state: 1 kworker/u8:1 1048576 34951403 0
[    0.627291] color, tsk->comm, weight, vruntime, state: -106233958801639 kthreadd 1048576 37351400 0
[    0.627301] comm swapper/0 pid 1 state 0
[    0.627316] comm kthreadd pid 2 state 1
[    0.627323] comm rcu_gp pid 3 state 1026
[    0.627329] comm rcu_par_gp pid 4 state 1026
[    0.627336] comm kworker/0:0 pid 5 state 1026
[    0.627343] comm kworker/0:0H pid 6 state 1026
[    0.627349] comm kworker/u8:0 pid 7 state 0
[    0.627356] comm mm_percpu_wq pid 8 state 1026
[    0.627363] comm ksoftirqd/0 pid 9 state 1
[    0.627369] comm rcu_sched pid 10 state 1026
[    0.627376] comm migration/0 pid 11 state 1
[    0.627383] comm cpuhp/0 pid 12 state 1
[    0.627389] comm cpuhp/1 pid 13 state 1
[    0.627396] comm migration/1 pid 14 state 1
[    0.627402] comm ksoftirqd/1 pid 15 state 1
[    0.627409] comm kworker/1:0 pid 16 state 258
[    0.627416] comm kworker/1:0H pid 17 state 1026
[    0.627423] comm THREAD pid 18 state 0
[    0.627429] comm kdevtmpfs pid 19 state 1
[    0.627436] comm netns pid 20 state 1026
[    0.627442] comm kworker/u8:1 pid 21 state 1026
[    0.627449] comm kauditd pid 24 state 1
[    0.627455] comm kworker/u8:1 pid 25 state 0
[    0.627462] comm kworker/u8:1 pid 26 state 0
[    0.627468] comm kworker/u8:1 pid 27 state 0
[    0.627475] comm kworker/u8:1 pid 28 state 0
[    0.627482] comm kworker/u8:1 pid 29 state 0
[    0.627488] comm kworker/u8:1 pid 31 state 0
[    0.627495] comm kworker/u8:1 pid 33 state 0
[    0.627501] comm kworker/u8:1 pid 34 state 0
[    0.627508] comm kworker/u8:1 pid 35 state 0
[    0.627514] comm kworker/0:1 pid 37 state 1026
[    0.627521] comm kthreadd pid 38 state 0
[    0.627527] proc in rq 4
[    0.627529] rq->nr_running rq->cfs.nr_running : 5 5
[    0.627539] rq->cfs.load.weight :  5242880
[    0.627541] ----------------^^^^CPU1^^^^^-----------------------
[    0.627547] rq->curr->pid == 0
[    0.627554] state TASK_RUNNING
[    0.627561] comm swapper/0 pid 1 state 0
[    0.627572] comm kthreadd pid 2 state 1
[    0.627578] comm rcu_gp pid 3 state 1026
[    0.627585] comm rcu_par_gp pid 4 state 1026
[    0.627591] comm kworker/0:0 pid 5 state 1026
[    0.627598] comm kworker/0:0H pid 6 state 1026
[    0.627605] comm kworker/u8:0 pid 7 state 0
[    0.627612] comm mm_percpu_wq pid 8 state 1026
[    0.627619] comm ksoftirqd/0 pid 9 state 1
[    0.627625] comm rcu_sched pid 10 state 1026
[    0.627632] comm migration/0 pid 11 state 1
[    0.627639] comm cpuhp/0 pid 12 state 1
[    0.627645] comm cpuhp/1 pid 13 state 1
[    0.627652] comm migration/1 pid 14 state 1
[    0.627658] comm ksoftirqd/1 pid 15 state 1
[    0.627665] comm kworker/1:0 pid 16 state 258
[    0.627672] comm kworker/1:0H pid 17 state 1026
[    0.627678] comm THREAD pid 18 state 0
[    0.627685] comm kdevtmpfs pid 19 state 1
[    0.627691] comm netns pid 20 state 1026
[    0.627698] comm kworker/u8:1 pid 21 state 1026
[    0.627705] comm kauditd pid 24 state 1
[    0.627711] comm kworker/u8:1 pid 25 state 0
[    0.627718] comm kworker/u8:1 pid 26 state 0
[    0.627724] comm kworker/u8:1 pid 27 state 0
[    0.627731] comm kworker/u8:1 pid 28 state 0
[    0.627737] comm kworker/u8:1 pid 29 state 0
[    0.627744] comm kworker/u8:1 pid 31 state 0
[    0.627751] comm kworker/u8:1 pid 33 state 0
[    0.627757] comm kworker/u8:1 pid 34 state 0
[    0.627764] comm kworker/u8:1 pid 35 state 0
[    0.627771] comm kworker/0:1 pid 37 state 1026
[    0.627778] comm kthreadd pid 38 state 0
[    0.627783] proc in rq 0
[    0.627785] rq->nr_running rq->cfs.nr_running : 0 0
[    0.627795] rq->cfs.load.weight :  0
[    0.627797] ----------------^^^^CPU2^^^^^-----------------------
[    0.627803] rq->curr->pid == 0
[    0.627810] state TASK_RUNNING
[    0.627817] comm swapper/0 pid 1 state 0
[    0.627828] comm kthreadd pid 2 state 1
[    0.627834] comm rcu_gp pid 3 state 1026
[    0.627840] comm rcu_par_gp pid 4 state 1026
[    0.627847] comm kworker/0:0 pid 5 state 1026
[    0.627854] comm kworker/0:0H pid 6 state 1026
[    0.627861] comm kworker/u8:0 pid 7 state 0
[    0.627867] comm mm_percpu_wq pid 8 state 1026
[    0.627874] comm ksoftirqd/0 pid 9 state 1
[    0.627880] comm rcu_sched pid 10 state 1026
[    0.627887] comm migration/0 pid 11 state 1
[    0.627894] comm cpuhp/0 pid 12 state 1
[    0.627900] comm cpuhp/1 pid 13 state 1
[    0.627907] comm migration/1 pid 14 state 1
[    0.627913] comm ksoftirqd/1 pid 15 state 1
[    0.627920] comm kworker/1:0 pid 16 state 258
[    0.627926] comm kworker/1:0H pid 17 state 1026
[    0.627933] comm THREAD pid 18 state 0
[    0.627940] comm kdevtmpfs pid 19 state 1
[    0.627946] comm netns pid 20 state 1026
[    0.627953] comm kworker/u8:1 pid 21 state 1026
[    0.627960] comm kauditd pid 24 state 1
[    0.627966] comm kworker/u8:1 pid 25 state 0
[    0.627973] comm kworker/u8:1 pid 26 state 0
[    0.627979] comm kworker/u8:1 pid 27 state 0
[    0.627986] comm kworker/u8:1 pid 28 state 0
[    0.627993] comm kworker/u8:1 pid 29 state 0
[    0.627999] comm kworker/u8:1 pid 31 state 0
[    0.628006] comm kworker/u8:1 pid 33 state 0
[    0.628012] comm kworker/u8:1 pid 34 state 0
[    0.628019] comm kworker/u8:1 pid 35 state 0
[    0.628025] comm kworker/0:1 pid 37 state 1026
[    0.628032] comm kthreadd pid 38 state 0
[    0.628038] proc in rq 0
[    0.628040] rq->nr_running rq->cfs.nr_running : 0 0
[    0.628050] rq->cfs.load.weight :  0
[    0.628051] ----------------^^^^CPU3^^^^^-----------------------
[    0.642713] kworker/u8:0 (47) used greatest stack depth: 14136 bytes left
[    0.676544] HugeTLB registered 2.00 MiB page size, pre-allocated 0 pages
[    0.691565] ACPI: Added _OSI(Module Device)
[    0.691565] ACPI: Added _OSI(Processor Device)
[    0.691565] ACPI: Added _OSI(3.0 _SCP Extensions)
[    0.691565] ACPI: Added _OSI(Processor Aggregator Device)
[    0.691565] ACPI: Added _OSI(Linux-Dell-Video)
[    0.691565] ACPI: Added _OSI(Linux-Lenovo-NV-HDMI-Audio)
[    0.691565] ACPI: Added _OSI(Linux-HPI-Hybrid-Graphics)
[    0.724728] ACPI: 5 ACPI AML tables successfully acquired and loaded
[    0.727993] ACPI: EC: EC started
[    0.728003] ACPI: EC: interrupt blocked
[    0.730109] ACPI: \: Used as first EC
[    0.730121] ACPI: \: GPE=0x3, EC_CMD/EC_SC=0x66, EC_DATA=0x62
[    0.730129] ACPI: EC: Boot ECDT EC used to handle transactions
[    0.732397] ACPI: [Firmware Bug]: BIOS _OSI(Linux) query ignored
[    0.737026] ACPI: Interpreter enabled
[    0.737105] ACPI: (supports S0 S3 S4 S5)
[    0.737116] ACPI: Using IOAPIC for interrupt routing
[    0.737325] PCI: MMCONFIG for domain 0000 [bus 00-ff] at [mem 0xe0000000-0xefffffff] (base 0xe0000000)
[    0.737496] PCI: MMCONFIG at [mem 0xe0000000-0xefffffff] reserved in ACPI motherboard resources
[    0.737553] PCI: Using host bridge windows from ACPI; if necessary, use "pci=nocrs" and report a bug
[    0.738349] ACPI: Enabled 3 GPEs in block 00 to 1F
[    2.649760] ACPI: PCI Root Bridge [PCI0] (domain 0000 [bus 00-ff])
[    2.649793] acpi PNP0A08:00: _OSC: OS supports [ExtendedConfig ASPM ClockPM Segments MSI HPX-Type3]
[    2.650421] acpi PNP0A08:00: _OSC: platform does not support [LTR]
[    2.651008] acpi PNP0A08:00: _OSC: OS now controls [PME AER PCIeCapability]
[    2.651021] acpi PNP0A08:00: FADT indicates ASPM is unsupported, using BIOS configuration
[    2.651591] PCI host bridge to bus 0000:00
[    2.651606] pci_bus 0000:00: root bus resource [io  0x0000-0x03af window]
[    2.651617] pci_bus 0000:00: root bus resource [io  0x03e0-0x0cf7 window]
[    2.651628] pci_bus 0000:00: root bus resource [io  0x03b0-0x03df window]
[    2.651640] pci_bus 0000:00: root bus resource [io  0x0d00-0xffff window]
[    2.651651] pci_bus 0000:00: root bus resource [mem 0x000a0000-0x000bffff window]
[    2.651664] pci_bus 0000:00: root bus resource [mem 0x000c0000-0x000dffff window]
[    2.651676] pci_bus 0000:00: root bus resource [mem 0xc0000000-0xffffffff window]
[    2.651690] pci_bus 0000:00: root bus resource [bus 00-ff]
[    2.651726] pci 0000:00:00.0: [1022:1536] type 00 class 0x060000
[    2.652013] pci 0000:00:01.0: [1002:9839] type 00 class 0x030000
[    2.652053] pci 0000:00:01.0: reg 0x10: [mem 0xc0000000-0xcfffffff 64bit pref]
[    2.652081] pci 0000:00:01.0: reg 0x18: [mem 0xd0000000-0xd07fffff 64bit pref]
[    2.652101] pci 0000:00:01.0: reg 0x20: [io  0xf000-0xf0ff]
[    2.652119] pci 0000:00:01.0: reg 0x24: [mem 0xfeb00000-0xfeb3ffff]
[    2.652137] pci 0000:00:01.0: reg 0x30: [mem 0xfeb40000-0xfeb5ffff pref]
[    2.652152] pci 0000:00:01.0: enabling Extended Tags
[    2.652183] pci 0000:00:01.0: BAR 0: assigned to efifb
[    2.652240] pci 0000:00:01.0: supports D1 D2
[    2.652250] pci 0000:00:01.0: PME# supported from D1 D2 D3hot
[    2.652483] pci 0000:00:01.1: [1002:9840] type 00 class 0x040300
[    2.652519] pci 0000:00:01.1: reg 0x10: [mem 0xfeb64000-0xfeb67fff 64bit]
[    2.652560] pci 0000:00:01.1: enabling Extended Tags
[    2.652629] pci 0000:00:01.1: supports D1 D2
[    2.652825] pci 0000:00:02.0: [1022:1538] type 00 class 0x060000
[    2.653069] pci 0000:00:02.2: [1022:1439] type 01 class 0x060400
[    2.653140] pci 0000:00:02.2: enabling Extended Tags
[    2.653223] pci 0000:00:02.2: PME# supported from D0 D3hot D3cold
[    2.656868] pci 0000:00:02.3: [1022:1439] type 01 class 0x060400
[    2.656868] pci 0000:00:02.3: enabling Extended Tags
[    2.656868] pci 0000:00:02.3: PME# supported from D0 D3hot D3cold
[    2.656868] pci 0000:00:10.0: [1022:7814] type 00 class 0x0c0330
[    2.656868] pci 0000:00:10.0: reg 0x10: [mem 0xfeb68000-0xfeb69fff 64bit]
[    2.656868] pci 0000:00:10.0: PME# supported from D0 D3hot D3cold
[    2.656868] pci 0000:00:11.0: [1022:7801] type 00 class 0x010601
[    2.656868] pci 0000:00:11.0: reg 0x10: [io  0xf140-0xf147]
[    2.656868] pci 0000:00:11.0: reg 0x14: [io  0xf130-0xf133]
[    2.656868] pci 0000:00:11.0: reg 0x18: [io  0xf120-0xf127]
[    2.656868] pci 0000:00:11.0: reg 0x1c: [io  0xf110-0xf113]
[    2.656868] pci 0000:00:11.0: reg 0x20: [io  0xf100-0xf10f]
[    2.656868] pci 0000:00:11.0: reg 0x24: [mem 0xfeb6f000-0xfeb6f3ff]
[    2.656945] pci 0000:00:11.0: PME# supported from D3hot
[    2.657207] pci 0000:00:12.0: [1022:7807] type 00 class 0x0c0310
[    2.657238] pci 0000:00:12.0: reg 0x10: [mem 0xfeb6e000-0xfeb6efff]
[    2.657544] pci 0000:00:12.2: [1022:7808] type 00 class 0x0c0320
[    2.657580] pci 0000:00:12.2: reg 0x10: [mem 0xfeb6d000-0xfeb6d0ff]
[    2.657685] pci 0000:00:12.2: supports D1 D2
[    2.657696] pci 0000:00:12.2: PME# supported from D0 D1 D2 D3hot D3cold
[    2.657960] pci 0000:00:13.0: [1022:7807] type 00 class 0x0c0310
[    2.657990] pci 0000:00:13.0: reg 0x10: [mem 0xfeb6c000-0xfeb6cfff]
[    2.658296] pci 0000:00:13.2: [1022:7808] type 00 class 0x0c0320
[    2.658331] pci 0000:00:13.2: reg 0x10: [mem 0xfeb6b000-0xfeb6b0ff]
[    2.658435] pci 0000:00:13.2: supports D1 D2
[    2.658446] pci 0000:00:13.2: PME# supported from D0 D1 D2 D3hot D3cold
[    2.658708] pci 0000:00:14.0: [1022:780b] type 00 class 0x0c0500
[    2.659014] pci 0000:00:14.2: [1022:780d] type 00 class 0x040300
[    2.659053] pci 0000:00:14.2: reg 0x10: [mem 0xfeb60000-0xfeb63fff 64bit]
[    2.659145] pci 0000:00:14.2: PME# supported from D0 D3hot D3cold
[    2.659397] pci 0000:00:14.3: [1022:780e] type 00 class 0x060100
[    2.659724] pci 0000:00:14.7: [1022:7813] type 00 class 0x080501
[    2.659758] pci 0000:00:14.7: reg 0x10: [mem 0xfeb6a000-0xfeb6a0ff 64bit]
[    2.660029] pci 0000:00:18.0: [1022:1530] type 00 class 0x060000
[    2.660292] pci 0000:00:18.1: [1022:1531] type 00 class 0x060000
[    2.660552] pci 0000:00:18.2: [1022:1532] type 00 class 0x060000
[    2.660812] pci 0000:00:18.3: [1022:1533] type 00 class 0x060000
[    2.661084] pci 0000:00:18.4: [1022:1534] type 00 class 0x060000
[    2.661345] pci 0000:00:18.5: [1022:1535] type 00 class 0x060000
[    2.661802] pci 0000:01:00.0: [168c:0032] type 00 class 0x028000
[    2.661860] pci 0000:01:00.0: reg 0x10: [mem 0xfea00000-0xfea7ffff 64bit]
[    2.661922] pci 0000:01:00.0: reg 0x30: [mem 0xfea80000-0xfea8ffff pref]
[    2.662056] pci 0000:01:00.0: supports D1 D2
[    2.662068] pci 0000:01:00.0: PME# supported from D0 D1 D2 D3hot D3cold
[    2.665942] pci 0000:00:02.2: PCI bridge to [bus 01]
[    2.665942] pci 0000:00:02.2:   bridge window [mem 0xfea00000-0xfeafffff]
[    2.667064] pci 0000:02:00.0: [10ec:8136] type 00 class 0x020000
[    2.667064] pci 0000:02:00.0: reg 0x10: [io  0xe000-0xe0ff]
[    2.667064] pci 0000:02:00.0: reg 0x18: [mem 0xd0804000-0xd0804fff 64bit pref]
[    2.667064] pci 0000:02:00.0: reg 0x20: [mem 0xd0800000-0xd0803fff 64bit pref]
[    2.667064] pci 0000:02:00.0: supports D1 D2
[    2.667064] pci 0000:02:00.0: PME# supported from D0 D1 D2 D3hot D3cold
[    2.667064] pci 0000:00:02.3: PCI bridge to [bus 02]
[    2.667064] pci 0000:00:02.3:   bridge window [io  0xe000-0xefff]
[    2.667064] pci 0000:00:02.3:   bridge window [mem 0xd0800000-0xd08fffff 64bit pref]
[    3.686888] rq->curr == THREAD(this messg)
[    3.686890] state TASK_RUNNING
[    3.686906] comm swapper/0 pid 1 state 2
[    3.686919] comm kthreadd pid 2 state 1
[    3.686926] comm rcu_gp pid 3 state 1026
[    3.686934] comm rcu_par_gp pid 4 state 1026
[    3.686941] comm kworker/0:0 pid 5 state 1026
[    3.686948] comm kworker/0:0H pid 6 state 1026
[    3.686956] comm kworker/u8:0 pid 7 state 1026
[    3.686963] comm mm_percpu_wq pid 8 state 1026
[    3.686970] comm ksoftirqd/0 pid 9 state 1
[    3.686977] comm rcu_sched pid 10 state 1026
[    3.686985] comm migration/0 pid 11 state 1
[    3.686992] comm cpuhp/0 pid 12 state 1
[    3.687000] comm cpuhp/1 pid 13 state 1
[    3.687007] comm migration/1 pid 14 state 1
[    3.687015] comm ksoftirqd/1 pid 15 state 1
[    3.687022] comm kworker/1:0 pid 16 state 1026
[    3.687029] comm kworker/1:0H pid 17 state 1026
[    3.687036] comm THREAD pid 18 state 0
[    3.687043] comm kdevtmpfs pid 19 state 1
[    3.687050] comm netns pid 20 state 1026
[    3.687057] comm kworker/u8:1 pid 21 state 1026
[    3.687064] comm kauditd pid 24 state 1
[    3.687071] comm kworker/0:1 pid 37 state 1026
[    3.687078] comm kworker/1:1 pid 38 state 1026
[    3.687086] comm kworker/u8:2 pid 317 state 0
[    3.687093] comm kworker/u8:3 pid 581 state 1026
[    3.687100] comm kworker/1:2 pid 582 state 1026
[    3.687107] comm oom_reaper pid 665 state 1
[    3.687114] comm writeback pid 737 state 1026
[    3.687122] comm kcompactd0 pid 738 state 1
[    3.687129] comm kblockd pid 788 state 1026
[    3.687136] comm kworker/u8:4 pid 870 state 1026
[    3.687142] proc in rq 0
[    3.687145] rq->nr_running rq->cfs.nr_running : 1 1
[    3.687155] rq->cfs.load.weight :  1048576
[    3.687157] ----------------^^^^CPU0^^^^^-----------------------
[    3.687163] rq->curr->pid == 1
[    3.687170] state TASK_RUNNING
[    3.687179] color, tsk->comm, weight, vruntime, state: 1 kworker/u8:2 1048576 344724771 0
[    3.687186] comm swapper/0 pid 1 state 0
[    3.687201] comm kthreadd pid 2 state 1
[    3.687207] comm rcu_gp pid 3 state 1026
[    3.687214] comm rcu_par_gp pid 4 state 1026
[    3.687221] comm kworker/0:0 pid 5 state 1026
[    3.687228] comm kworker/0:0H pid 6 state 1026
[    3.687234] comm kworker/u8:0 pid 7 state 1026
[    3.687241] comm mm_percpu_wq pid 8 state 1026
[    3.687248] comm ksoftirqd/0 pid 9 state 1
[    3.687254] comm rcu_sched pid 10 state 1026
[    3.687261] comm migration/0 pid 11 state 1
[    3.687268] comm cpuhp/0 pid 12 state 1
[    3.687274] comm cpuhp/1 pid 13 state 1
[    3.687281] comm migration/1 pid 14 state 1
[    3.687287] comm ksoftirqd/1 pid 15 state 1
[    3.687294] comm kworker/1:0 pid 16 state 1026
[    3.687261] ACPI: PCI Interrupt Link [LNKA] (IRQs 4
[    3.687306] comm kworker/1:0H pid 17 state 1026
[    3.687266]  7 10 11 14 15) *0
[    3.687319] comm THREAD pid 18 state 0
[    3.687324] comm kdevtmpfs pid 19 state 1
[    3.687340] comm netns pid 20 state 1026
[    3.687347] comm kworker/u8:1 pid 21 state 1026
[    3.687354] comm kauditd pid 24 state 1
[    3.687361] comm kworker/0:1 pid 37 state 1026
[    3.687368] comm kworker/1:1 pid 38 state 1026
[    3.687374] comm kworker/u8:2 pid 317 state 0
[    3.687381] comm kworker/u8:3 pid 581 state 1026
[    3.687388] comm kworker/1:2 pid 582 state 1026
[    3.687395] comm oom_reaper pid 665 state 1
[    3.687402] comm writeback pid 737 state 1026
[    3.687408] comm kcompactd0 pid 738 state 1
[    3.687415] comm kblockd pid 788 state 1026
[    3.687422] comm kworker/u8:4 pid 870 state 1026
[    3.687428] proc in rq 1
[    3.687430] rq->nr_running rq->cfs.nr_running : 2 2
[    3.687440] rq->cfs.load.weight :  2097152
[    3.687442] ----------------^^^^CPU1^^^^^-----------------------
[    3.687449] rq->curr->pid == 0
[    3.687456] state TASK_RUNNING
[    3.687463] comm swapper/0 pid 1 state 0
[    3.687473] comm kthreadd pid 2 state 1
[    3.687480] comm rcu_gp pid 3 state 1026
[    3.687486] comm rcu_par_gp pid 4 state 1026
[    3.687493] comm kworker/0:0 pid 5 state 1026
[    3.687500] comm kworker/0:0H pid 6 state 1026
[    3.687506] comm kworker/u8:0 pid 7 state 1026
[    3.687513] comm mm_percpu_wq pid 8 state 1026
[    3.687520] comm ksoftirqd/0 pid 9 state 1
[    3.687526] comm rcu_sched pid 10 state 1026
[    3.687533] comm migration/0 pid 11 state 1
[    3.687540] comm cpuhp/0 pid 12 state 1
[    3.687503] ACPI: PCI Interrupt Link [LNKB] (IRQs 4 7
[    3.687548] comm cpuhp/1 pid 13 state 1
[    3.687508]  10 11 14 15) *0
[    3.687565] comm migration/1 pid 14 state 1
[    3.687572] comm ksoftirqd/1 pid 15 state 1
[    3.687579] comm kworker/1:0 pid 16 state 1026
[    3.687585] comm kworker/1:0H pid 17 state 1026
[    3.687592] comm THREAD pid 18 state 0
[    3.687599] comm kdevtmpfs pid 19 state 1
[    3.687605] comm netns pid 20 state 1026
[    3.687612] comm kworker/u8:1 pid 21 state 1026
[    3.687618] comm kauditd pid 24 state 1
[    3.687625] comm kworker/0:1 pid 37 state 1026
[    3.687632] comm kworker/1:1 pid 38 state 1026
[    3.687638] comm kworker/u8:2 pid 317 state 0
[    3.687645] comm kworker/u8:3 pid 581 state 1026
[    3.687652] comm kworker/1:2 pid 582 state 1026
[    3.687659] comm oom_reaper pid 665 state 1
[    3.687665] comm writeback pid 737 state 1026
[    3.687672] comm kcompactd0 pid 738 state 1
[    3.687679] comm kblockd pid 788 state 1026
[    3.687685] comm kworker/u8:4 pid 870 state 1026
[    3.687691] proc in rq 0
[    3.687693] rq->nr_running rq->cfs.nr_running : 0 0
[    3.687703] rq->cfs.load.weight :  0
[    3.687705] ----------------^^^^CPU2^^^^^-----------------------
[    3.687712] rq->curr->pid == 0
[    3.687718] state TASK_RUNNING
[    3.687725] comm swapper/0 pid 1 state 0
[    3.687736] comm kthreadd pid 2 state 1
[    3.687742] comm rcu_gp pid 3 state 1026
[    3.687749] comm rcu_par_gp pid 4 state 1026
[    3.687755] comm kworker/0:0 pid 5 state 1026
[    3.687762] comm kworker/0:0H pid 6 state 1026
[    3.687769] comm kworker/u8:0 pid 7 state 1026
[    3.687734] ACPI: PCI Interrupt Link [LNKC] (IRQs 4
[    3.687778] comm mm_percpu_wq pid 8 state 1026
[    3.687738]  7 10 11 14 15) *0
[    3.687796] comm ksoftirqd/0 pid 9 state 1
[    3.687803] comm rcu_sched pid 10 state 1026
[    3.687809] comm migration/0 pid 11 state 1
[    3.687816] comm cpuhp/0 pid 12 state 1
[    3.687823] comm cpuhp/1 pid 13 state 1
[    3.687829] comm migration/1 pid 14 state 1
[    3.687836] comm ksoftirqd/1 pid 15 state 1
[    3.687842] comm kworker/1:0 pid 16 state 1026
[    3.687849] comm kworker/1:0H pid 17 state 1026
[    3.687856] comm THREAD pid 18 state 0
[    3.687862] comm kdevtmpfs pid 19 state 1
[    3.687869] comm netns pid 20 state 1026
[    3.687875] comm kworker/u8:1 pid 21 state 1026
[    3.687882] comm kauditd pid 24 state 1
[    3.687889] comm kworker/0:1 pid 37 state 1026
[    3.687895] comm kworker/1:1 pid 38 state 1026
[    3.687902] comm kworker/u8:2 pid 317 state 0
[    3.687909] comm kworker/u8:3 pid 581 state 1026
[    3.687916] comm kworker/1:2 pid 582 state 1026
[    3.687923] comm oom_reaper pid 665 state 1
[    3.687929] comm writeback pid 737 state 1026
[    3.687936] comm kcompactd0 pid 738 state 1
[    3.687943] comm kblockd pid 788 state 1026
[    3.687949] comm kworker/u8:4 pid 870 state 1026
[    3.687955] proc in rq 0
[    3.687957] rq->nr_running rq->cfs.nr_running : 0 0
[    3.687967] rq->cfs.load.weight :  0
[    3.687969] ----------------^^^^CPU3^^^^^-----------------------
[    3.687963] ACPI: PCI Interrupt Link [LNKD] (IRQs 4 7 10 11 14 15) *0
[    3.688169] ACPI: PCI Interrupt Link [LNKE] (IRQs 4 7 10 11 14 15) *0
[    3.688332] ACPI: PCI Interrupt Link [LNKF] (IRQs 4 7 10 11 14 15) *0
[    3.688495] ACPI: PCI Interrupt Link [LNKG] (IRQs 4 7 10 11 14 15) *0
[    3.688656] ACPI: PCI Interrupt Link [LNKH] (IRQs 4 7 10 11 14 15) *0
[    3.689941] ACPI: EC: interrupt unblocked
[    3.689964] ACPI: EC: event unblocked
[    3.689982] ACPI: \_SB_.PCI0.SBRG.EC0_: GPE=0x3, EC_CMD/EC_SC=0x66, EC_DATA=0x62
[    3.689995] ACPI: \_SB_.PCI0.SBRG.EC0_: Boot DSDT EC used to handle transactions and events
[    3.690396] pci 0000:00:01.0: vgaarb: setting as boot VGA device
[    3.690396] pci 0000:00:01.0: vgaarb: VGA device added: decodes=io+mem,owns=io+mem,locks=none
[    3.690396] pci 0000:00:01.0: vgaarb: bridge control possible
[    3.690396] vgaarb: loaded
[    3.690396] SCSI subsystem initialized
[    3.690396] libata version 3.00 loaded.
[    3.690396] ACPI: bus type USB registered
[    3.690396] usbcore: registered new interface driver usbfs
[    3.690396] usbcore: registered new interface driver hub
[    3.691867] usbcore: registered new device driver usb
[    3.692225] pps_core: LinuxPPS API ver. 1 registered
[    3.692225] pps_core: Software ver. 5.3.6 - Copyright 2005-2007 Rodolfo Giometti <giometti@linux.it>
[    3.692225] PTP clock support registered
[    3.692393] EDAC MC: Ver: 3.0.0
[    3.692393] Registered efivars operations
[    3.696870] Advanced Linux Sound Architecture Driver Initialized.
[    3.696870] PCI: Using ACPI for IRQ routing
[    3.703062] PCI: pci_cache_line_size set to 64 bytes
[    3.703176] e820: reserve RAM buffer [mem 0x9d0f8000-0x9fffffff]
[    3.703182] e820: reserve RAM buffer [mem 0x9d371000-0x9fffffff]
[    3.703187] e820: reserve RAM buffer [mem 0x9e9cc000-0x9fffffff]
[    3.703191] e820: reserve RAM buffer [mem 0x9eb25000-0x9fffffff]
[    3.703194] e820: reserve RAM buffer [mem 0x9f081000-0x9fffffff]
[    3.703197] e820: reserve RAM buffer [mem 0x9f400000-0x9fffffff]
[    3.703200] e820: reserve RAM buffer [mem 0x13f000000-0x13fffffff]
[    3.703571] NetLabel: Initializing
[    3.703581] NetLabel:  domain hash size = 128
[    3.703588] NetLabel:  protocols = UNLABELED CIPSOv4 CALIPSO
[    3.703645] NetLabel:  unlabeled traffic allowed by default
[    3.706972] hpet0: at MMIO 0xfed00000, IRQs 2, 8, 0
[    3.706972] hpet0: 3 comparators, 32-bit 14.318180 MHz counter
[    3.713453] clocksource: Switched to clocksource tsc-early
[    3.768578] VFS: Disk quotas dquot_6.6.0
[    3.768646] VFS: Dquot-cache hash table entries: 512 (order 0, 4096 bytes)
[    3.768737] *** VALIDATE hugetlbfs ***
[    3.768846] pnp: PnP ACPI init
[    3.769348] system 00:00: [mem 0xe0000000-0xefffffff] has been reserved
[    3.769441] system 00:00: Plug and Play ACPI device, IDs PNP0c01 (active)
[    3.769706] system 00:01: [mem 0xa0000000-0xbfffffff] has been reserved
[    3.769780] system 00:01: Plug and Play ACPI device, IDs PNP0c02 (active)
[    3.770041] system 00:02: Plug and Play ACPI device, IDs PNP0c02 (active)
[    3.770190] pnp 00:03: Plug and Play ACPI device, IDs PNP0b00 (active)
[    3.770426] system 00:04: [io  0x04d0-0x04d1] has been reserved
[    3.770496] system 00:04: Plug and Play ACPI device, IDs PNP0c02 (active)
[    3.770753] pnp 00:05: Plug and Play ACPI device, IDs ETD0108 SYN0a00 SYN0002 PNP0f03 PNP0f13 PNP0f12 (active)
[    3.770930] pnp 00:06: Plug and Play ACPI device, IDs ATK3001 PNP030b (active)
[    3.771765] system 00:07: [io  0x04d0-0x04d1] has been reserved
[    3.771779] system 00:07: [io  0x040b] has been reserved
[    3.771790] system 00:07: [io  0x04d6] has been reserved
[    3.771802] system 00:07: [io  0x0c00-0x0c01] has been reserved
[    3.771813] system 00:07: [io  0x0c14] has been reserved
[    3.771824] system 00:07: [io  0x0c50-0x0c51] has been reserved
[    3.771835] system 00:07: [io  0x0c52] has been reserved
[    3.771846] system 00:07: [io  0x0c6c] has been reserved
[    3.771857] system 00:07: [io  0x0c6f] has been reserved
[    3.771868] system 00:07: [io  0x0cd0-0x0cd1] has been reserved
[    3.771883] system 00:07: [io  0x0cd2-0x0cd3] has been reserved
[    3.771895] system 00:07: [io  0x0cd4-0x0cd5] has been reserved
[    3.771906] system 00:07: [io  0x0cd6-0x0cd7] has been reserved
[    3.771917] system 00:07: [io  0x0cd8-0x0cdf] has been reserved
[    3.771928] system 00:07: [io  0x0800-0x089f] has been reserved
[    3.771939] system 00:07: [io  0x0900-0x090f] has been reserved
[    3.771950] system 00:07: [io  0x0910-0x091f] has been reserved
[    3.771962] system 00:07: [io  0xfe00-0xfefe] has been reserved
[    3.771976] system 00:07: [mem 0xfec00000-0xfec00fff] could not be reserved
[    3.771989] system 00:07: [mem 0xfee00000-0xfee00fff] has been reserved
[    3.772001] system 00:07: [mem 0xfed80000-0xfed8ffff] has been reserved
[    3.772013] system 00:07: [mem 0xfed61000-0xfed70fff] has been reserved
[    3.772025] system 00:07: [mem 0xfec10000-0xfec10fff] has been reserved
[    3.772038] system 00:07: [mem 0xfed00000-0xfed00fff] could not be reserved
[    3.772050] system 00:07: [mem 0xff000000-0xffffffff] has been reserved
[    3.772120] system 00:07: Plug and Play ACPI device, IDs PNP0c02 (active)
[    3.772972] pnp: PnP ACPI: found 8 devices
[    3.783459] thermal_sys: Registered thermal governor 'step_wise'
[    3.783462] thermal_sys: Registered thermal governor 'user_space'
[    3.788109] clocksource: acpi_pm: mask: 0xffffff max_cycles: 0xffffff, max_idle_ns: 2085701024 ns
[    3.788958] pci 0000:00:02.2: PCI bridge to [bus 01]
[    3.788980] pci 0000:00:02.2:   bridge window [mem 0xfea00000-0xfeafffff]
[    3.788999] pci 0000:00:02.3: PCI bridge to [bus 02]
[    3.789012] pci 0000:00:02.3:   bridge window [io  0xe000-0xefff]
[    3.789029] pci 0000:00:02.3:   bridge window [mem 0xd0800000-0xd08fffff 64bit pref]
[    3.789052] pci_bus 0000:00: resource 4 [io  0x0000-0x03af window]
[    3.789064] pci_bus 0000:00: resource 5 [io  0x03e0-0x0cf7 window]
[    3.789075] pci_bus 0000:00: resource 6 [io  0x03b0-0x03df window]
[    3.789086] pci_bus 0000:00: resource 7 [io  0x0d00-0xffff window]
[    3.789096] pci_bus 0000:00: resource 8 [mem 0x000a0000-0x000bffff window]
[    3.789107] pci_bus 0000:00: resource 9 [mem 0x000c0000-0x000dffff window]
[    3.789119] pci_bus 0000:00: resource 10 [mem 0xc0000000-0xffffffff window]
[    3.789130] pci_bus 0000:01: resource 1 [mem 0xfea00000-0xfeafffff]
[    3.789141] pci_bus 0000:02: resource 0 [io  0xe000-0xefff]
[    3.789152] pci_bus 0000:02: resource 2 [mem 0xd0800000-0xd08fffff 64bit pref]
[    3.789423] NET: Registered protocol family 2
[    3.797012] tcp_listen_portaddr_hash hash table entries: 2048 (order: 3, 32768 bytes, linear)
[    3.797050] TCP established hash table entries: 32768 (order: 6, 262144 bytes, linear)
[    3.797211] TCP bind hash table entries: 32768 (order: 7, 524288 bytes, linear)
[    3.797432] TCP: Hash tables configured (established 32768 bind 32768)
[    3.797572] UDP hash table entries: 2048 (order: 4, 65536 bytes, linear)
[    3.797622] UDP-Lite hash table entries: 2048 (order: 4, 65536 bytes, linear)
[    3.797807] NET: Registered protocol family 1
[    3.798205] RPC: Registered named UNIX socket transport module.
[    3.798216] RPC: Registered udp transport module.
[    3.798223] RPC: Registered tcp transport module.
[    3.798230] RPC: Registered tcp NFSv4.1 backchannel transport module.
[    3.798832] pci 0000:00:01.0: Video device with shadowed ROM at [mem 0x000c0000-0x000dffff]
[    3.798860] pci 0000:00:01.1: D0 power state depends on 0000:00:01.0
[    3.799365] pci 0000:00:12.0: enabling device (0000 -> 0002)
[    3.800011] pci 0000:00:12.2: PME# does not work under D3, disabling it
[    3.800037] pci 0000:00:13.0: enabling device (0000 -> 0002)
[    3.800668] pci 0000:00:13.2: PME# does not work under D3, disabling it
[    3.800763] PCI: CLS 64 bytes, default 64
[    3.800905] PCI-DMA: Using software bounce buffering for IO (SWIOTLB)
[    3.800917] software IO TLB: mapped [mem 0x97989000-0x9b989000] (64MB)
[    3.801125] amd_uncore: AMD NB counters detected
[    3.801141] amd_uncore: AMD LLC counters detected
[    3.801258] LVT offset 0 assigned for vector 0x400
[    3.801318] perf: AMD IBS detected (0x000000ff)
[    3.801337] kvm: no hardware support
[    3.801442] kvm: Nested Virtualization enabled
[    3.801454] kvm: Nested Paging enabled
[    3.802383] check: Scanning for low memory corruption every 60 seconds
[    3.804918] Initialise system trusted keyrings
[    3.807067] workingset: timestamp_bits=56 max_order=20 bucket_order=0
[    3.812744] kworker/u8:3 (1199) used greatest stack depth: 13968 bytes left
[    3.820205] fuse: init (API version 7.31)
[    3.838081] Key type asymmetric registered
[    3.838100] Asymmetric key parser 'x509' registered
[    3.838154] Block layer SCSI generic (bsg) driver version 0.4 loaded (major 249)
[    3.838166] io scheduler mq-deadline registered
[    3.838174] io scheduler kyber registered
[    3.838878] pcieport 0000:00:02.2: PME: Signaling with IRQ 25
[    3.839318] pcieport 0000:00:02.3: PME: Signaling with IRQ 27
[    3.840453] uvesafb: failed to execute /sbin/v86d
[    3.840467] uvesafb: make sure that the v86d helper is installed and executable
[    3.840479] uvesafb: Getting VBE info block failed (eax=0x4f00, err=-2)
[    3.840487] uvesafb: vbe_init() failed with -22
[    3.840505] uvesafb: probe of uvesafb.0 failed with error -22
[    3.840575] efifb: probing for efifb
[    3.840620] efifb: framebuffer at 0xc0000000, using 4224k, total 4224k
[    3.840630] efifb: mode is 1366x768x32, linelength=5632, pages=1
[    3.840637] efifb: scrolling: redraw
[    3.840647] efifb: Truecolor: size=8:8:8:8, shift=24:16:8:0
[    3.851201] Console: switching to colour frame buffer device 170x48
[    3.860987] fb0: EFI VGA frame buffer device
[    3.867151] ACPI: AC Adapter [AC0] (on-line)
[    3.867421] input: Power Button as /devices/LNXSYSTM:00/LNXSYBUS:00/PNP0C0C:00/input/input0
[    3.867577] ACPI: Power Button [PWRB]
[    3.867764] input: Lid Switch as /devices/LNXSYSTM:00/LNXSYBUS:00/PNP0C0D:00/input/input1
[    3.867909] ACPI: Lid Switch [LID]
[    3.868072] input: Sleep Button as /devices/LNXSYSTM:00/LNXSYBUS:00/PNP0C0E:00/input/input2
[    3.868510] ACPI: Sleep Button [SLPB]
[    3.868698] input: Power Button as /devices/LNXSYSTM:00/LNXPWRBN:00/input/input3
[    3.868918] ACPI: Power Button [PWRF]
[    3.873246] thermal LNXTHERM:00: registered as thermal_zone0
[    3.873351] ACPI: Thermal Zone [THRM] (76 C)
[    3.874999] Serial: 8250/16550 driver, 4 ports, IRQ sharing enabled
[    3.881630] Non-volatile memory driver v1.3
[    3.881834] Linux agpgart interface v0.103
[    3.889588] loop: module loaded
[    3.890238] ahci 0000:00:11.0: version 3.0
[    3.890680] ahci 0000:00:11.0: AHCI 0001.0300 32 slots 2 ports 6 Gbps 0x3 impl SATA mode
[    3.890821] ahci 0000:00:11.0: flags: 64bit ncq sntf ilck pm led clo pmp pio slum part 
[    3.895594] scsi host0: ahci
[    3.899547] scsi host1: ahci
[    3.902881] ata1: SATA max UDMA/133 abar m1024@0xfeb6f000 port 0xfeb6f100 irq 28
[    3.906053] ata2: SATA max UDMA/133 abar m1024@0xfeb6f000 port 0xfeb6f180 irq 28
[    3.910514] tun: Universal TUN/TAP device driver, 1.6
[    3.913937] e1000: Intel(R) PRO/1000 Network Driver - version 7.3.21-k8-NAPI
[    3.917132] e1000: Copyright (c) 1999-2006 Intel Corporation.
[    3.920799] e1000e: Intel(R) PRO/1000 Network Driver - 3.2.6-k
[    3.923912] e1000e: Copyright(c) 1999 - 2015 Intel Corporation.
[    3.927369] sky2: driver version 1.30
[    3.930665] r8169 0000:02:00.0: can't disable ASPM; OS doesn't have ASPM control
[    3.934855] libphy: r8169: probed
[    3.940403] r8169 0000:02:00.0 eth0: RTL8105e, 74:d0:2b:a3:a6:42, XID 40a, IRQ 30
[    3.944223] ath9k 0000:01:00.0: enabling device (0000 -> 0002)
[    3.948616] ath: phy0: Disable PLL PowerSave
[    3.959547] ath: phy0: ASPM enabled: 0x42
[    3.962720] ath: EEPROM regdomain: 0x60
[    3.962722] ath: EEPROM indicates we should expect a direct regpair map
[    3.962727] ath: Country alpha2 being used: 00
[    3.962728] ath: Regpair used: 0x60
[    3.969421] ieee80211 phy0: Selected rate control algorithm 'minstrel_ht'
[    3.971004] ieee80211 phy0: Atheros AR9485 Rev:1 mem=0xffffa5b7c2580000, irq=31
[    3.974885] ehci_hcd: USB 2.0 'Enhanced' Host Controller (EHCI) Driver
[    3.978171] ehci-pci: EHCI PCI platform driver
[    3.981916] ehci-pci 0000:00:12.2: EHCI Host Controller
[    3.985329] ehci-pci 0000:00:12.2: new USB bus registered, assigned bus number 1
[    3.988620] ehci-pci 0000:00:12.2: applying AMD SB700/SB800/Hudson-2/3 EHCI dummy qh workaround
[    3.991938] ehci-pci 0000:00:12.2: debug port 1
[    3.995287] ehci-pci 0000:00:12.2: irq 17, io mem 0xfeb6d000
[    4.027622] ehci-pci 0000:00:12.2: USB 2.0 started, EHCI 1.00
[    4.030963] usb usb1: New USB device found, idVendor=1d6b, idProduct=0002, bcdDevice= 5.02
[    4.034282] usb usb1: New USB device strings: Mfr=3, Product=2, SerialNumber=1
[    4.037569] usb usb1: Product: EHCI Host Controller
[    4.040781] usb usb1: Manufacturer: Linux 5.2.0+ ehci_hcd
[    4.043950] usb usb1: SerialNumber: 0000:00:12.2
[    4.047506] hub 1-0:1.0: USB hub found
[    4.050572] hub 1-0:1.0: 4 ports detected
[    4.055941] ehci-pci 0000:00:13.2: EHCI Host Controller
[    4.060044] ehci-pci 0000:00:13.2: new USB bus registered, assigned bus number 2
[    4.063020] ehci-pci 0000:00:13.2: applying AMD SB700/SB800/Hudson-2/3 EHCI dummy qh workaround
[    4.066021] ehci-pci 0000:00:13.2: debug port 1
[    4.069088] ehci-pci 0000:00:13.2: irq 17, io mem 0xfeb6b000
[    4.096922] ehci-pci 0000:00:13.2: USB 2.0 started, EHCI 1.00
[    4.099912] usb usb2: New USB device found, idVendor=1d6b, idProduct=0002, bcdDevice= 5.02
[    4.102897] usb usb2: New USB device strings: Mfr=3, Product=2, SerialNumber=1
[    4.105895] usb usb2: Product: EHCI Host Controller
[    4.108849] usb usb2: Manufacturer: Linux 5.2.0+ ehci_hcd
[    4.111774] usb usb2: SerialNumber: 0000:00:13.2
[    4.115057] hub 2-0:1.0: USB hub found
[    4.119815] battery: ACPI: Battery Slot [BAT0] (battery present)
[    4.122955] hub 2-0:1.0: 4 ports detected
[    4.128152] ohci_hcd: USB 1.1 'Open' Host Controller (OHCI) Driver
[    4.131174] ohci-pci: OHCI PCI platform driver
[    4.134393] ohci-pci 0000:00:12.0: OHCI PCI host controller
[    4.137680] ohci-pci 0000:00:12.0: new USB bus registered, assigned bus number 3
[    4.140715] ohci-pci 0000:00:12.0: irq 18, io mem 0xfeb6e000
[    4.211004] usb usb3: New USB device found, idVendor=1d6b, idProduct=0001, bcdDevice= 5.02
[    4.214004] usb usb3: New USB device strings: Mfr=3, Product=2, SerialNumber=1
[    4.216965] usb usb3: Product: OHCI PCI host controller
[    4.219875] usb usb3: Manufacturer: Linux 5.2.0+ ohci_hcd
[    4.222745] usb usb3: SerialNumber: 0000:00:12.0
[    4.225968] hub 3-0:1.0: USB hub found
[    4.228805] hub 3-0:1.0: 4 ports detected
[    4.233970] ohci-pci 0000:00:13.0: OHCI PCI host controller
[    4.237126] ohci-pci 0000:00:13.0: new USB bus registered, assigned bus number 4
[    4.239979] ohci-pci 0000:00:13.0: irq 18, io mem 0xfeb6c000
[    4.242806] ata2: SATA link down (SStatus 0 SControl 300)
[    4.311029] usb usb4: New USB device found, idVendor=1d6b, idProduct=0001, bcdDevice= 5.02
[    4.313897] usb usb4: New USB device strings: Mfr=3, Product=2, SerialNumber=1
[    4.316734] usb usb4: Product: OHCI PCI host controller
[    4.319552] usb usb4: Manufacturer: Linux 5.2.0+ ohci_hcd
[    4.322372] usb usb4: SerialNumber: 0000:00:13.0
[    4.325564] hub 4-0:1.0: USB hub found
[    4.328343] hub 4-0:1.0: 4 ports detected
[    4.333245] uhci_hcd: USB Universal Host Controller Interface driver
[    4.336229] usbcore: registered new interface driver usblp
[    4.339300] usbcore: registered new interface driver usb-storage
[    4.342178] usbcore: registered new interface driver ch341
[    4.344930] usbserial: USB Serial support registered for ch341-uart
[    4.348160] i8042: PNP: PS/2 Controller [PNP030b:PS2K,PNP0f03:PS2M] at 0x60,0x64 irq 1,12
[    4.352732] i8042: Detected active multiplexing controller, rev 1.1
[    4.356285] serio: i8042 KBD port at 0x60,0x64 irq 1
[    4.359244] serio: i8042 AUX0 port at 0x60,0x64 irq 12
[    4.362131] serio: i8042 AUX1 port at 0x60,0x64 irq 12
[    4.364981] serio: i8042 AUX2 port at 0x60,0x64 irq 12
[    4.367720] serio: i8042 AUX3 port at 0x60,0x64 irq 12
[    4.371131] mousedev: PS/2 mouse device common for all mice
[    4.374738] rtc_cmos 00:03: RTC can wake from S4
[    4.377801] rtc_cmos 00:03: registered as rtc0
[    4.380465] rtc_cmos 00:03: alarms up to one month, y3k, 114 bytes nvram, hpet irqs
[    4.383729] device-mapper: ioctl: 4.40.0-ioctl (2019-01-18) initialised: dm-devel@redhat.com
[    4.386666] EFI Variables Facility v0.08 2004-May-17
[    4.399468] hidraw: raw HID events driver (C) Jiri Kosina
[    4.405590] usbcore: registered new interface driver usbhid
[    4.408365] usbhid: USB HID core driver
[    4.411118] ata1: SATA link up 6.0 Gbps (SStatus 133 SControl 300)
[    4.414114] input: AT Translated Set 2 keyboard as /devices/platform/i8042/serio0/input/input4
[    4.421396] ata1.00: ATA-8: KINGSTON SV300S37A120G, 603ABBF0, max UDMA/133
[    4.424275] ata1.00: 234441648 sectors, multi 1: LBA48 NCQ (depth 32), AA
[    4.424803] snd_hda_intel 0000:00:01.1: enabling device (0000 -> 0002)
[    4.431691] snd_hda_intel 0000:00:01.1: Force to non-snoop mode
[    4.432699] ata1.00: configured for UDMA/133
[    4.436261] Initializing XFRM netlink socket
[    4.440293] scsi 0:0:0:0: Direct-Access     ATA      KINGSTON SV300S3 BBF0 PQ: 0 ANSI: 5
[    4.443739] sd 0:0:0:0: [sda] 234441648 512-byte logical blocks: (120 GB/112 GiB)
[    4.446737] sd 0:0:0:0: [sda] Write Protect is off
[    4.449616] sd 0:0:0:0: [sda] Mode Sense: 00 3a 00 00
[    4.451950] sd 0:0:0:0: Attached scsi generic sg0 type 0
[    4.454920] sd 0:0:0:0: [sda] Write cache: enabled, read cache: enabled, doesn't support DPO or FUA
[    4.458306] NET: Registered protocol family 10
[    4.458691] snd_hda_codec_generic hdaudioC0D0: autoconfig for Generic: line_outs=0 (0x0/0x0/0x0/0x0/0x0) type:line
[    4.464243] snd_hda_codec_generic hdaudioC0D0:    speaker_outs=0 (0x0/0x0/0x0/0x0/0x0)
[    4.467265] snd_hda_codec_generic hdaudioC0D0:    hp_outs=0 (0x0/0x0/0x0/0x0/0x0)
[    4.467594] Segment Routing with IPv6
[    4.470235] snd_hda_codec_generic hdaudioC0D0:    mono: mono_out=0x0
[    4.473368] sit: IPv6, IPv4 and MPLS over IPv4 tunneling driver
[    4.476186] snd_hda_codec_generic hdaudioC0D0:    dig-out=0x3/0x0
[    4.482292] snd_hda_codec_generic hdaudioC0D0:    inputs:
[    4.486380] NET: Registered protocol family 17
[    4.490131] random: fast init done
[    4.496900] snd_hda_codec_realtek hdaudioC1D0: autoconfig for ALC3229: line_outs=1 (0x14/0x0/0x0/0x0/0x0) type:speaker
[    4.500133] snd_hda_codec_realtek hdaudioC1D0:    speaker_outs=0 (0x0/0x0/0x0/0x0/0x0)
[    4.503338] snd_hda_codec_realtek hdaudioC1D0:    hp_outs=1 (0x21/0x0/0x0/0x0/0x0)
[    4.506472] snd_hda_codec_realtek hdaudioC1D0:    mono: mono_out=0x0
[    4.509568] snd_hda_codec_realtek hdaudioC1D0:    inputs:
[    4.512588] snd_hda_codec_realtek hdaudioC1D0:      Mic=0x19
[    4.516025] microcode: CPU0: patch_level=0x0700010b
[    4.519169] microcode: CPU1: patch_level=0x0700010b
[    4.523035] microcode: Microcode Update Driver: v2.2.
[    4.523092] sched_clock: Marking stable (4517558829, 1530984)->(4639012248, -119922435)
[    4.523389] input: HDA ATI HDMI HDMI as /devices/pci0000:00/0000:00:01.1/sound/card0/input6
[    4.532749]  sda: sda1 sda2 sda3 sda4 sda5 sda6
[    4.536287] registered taskstats version 1
[    4.537868] sd 0:0:0:0: [sda] Attached SCSI disk
[    4.539509] Loading compiled-in X.509 certificates
[    4.547072] acpi_cpufreq: overriding BIOS provided _PSD data
[    4.550584] cfg80211: Loading compiled-in X.509 certificates for regulatory database
[    4.565141] input: HD-Audio Generic Headphone as /devices/pci0000:00/0000:00:14.2/sound/card1/input11
[    4.571030] cfg80211: Loaded X.509 cert 'sforshee: 00b28ddf47aef9cea7'
[    4.574295] ALSA device list:
[    4.577551] platform regulatory.0: Direct firmware load for regulatory.db failed with error -2
[    4.580798] cfg80211: failed to load regulatory.db
[    4.584199]   #0: HDA ATI HDMI at 0xfeb64000 irq 33
[    4.587523]   #1: HD-Audio Generic at 0xfeb60000 irq 16
[    4.776914] usb 4-2: new full-speed USB device number 2 using ohci-pci
[    4.876873] tsc: Refined TSC clocksource calibration: 998.127 MHz
[    4.880150] clocksource: tsc: mask: 0xffffffffffffffff max_cycles: 0x1cc65b93289, max_idle_ns: 881590487074 ns
[    4.886919] clocksource: Switched to clocksource tsc
[    5.049933] usb 4-2: New USB device found, idVendor=13d3, idProduct=3362, bcdDevice= 0.01
[    5.053334] usb 4-2: New USB device strings: Mfr=1, Product=2, SerialNumber=3
[    5.056728] usb 4-2: Product: Bluetooth USB Host Controller
[    5.060090] usb 4-2: Manufacturer: Atheros Communications
[    5.063385] usb 4-2: SerialNumber: Alaska Day 2006
[    5.265589] input: PS/2 Logitech Wheel Mouse as /devices/platform/i8042/serio4/input/input14
[    5.271695] md: Waiting for all devices to be available before autodetect
[    5.275003] md: If you don't use raid, use raid=noautodetect
[    5.278744] md: Autodetecting RAID arrays.
[    5.281991] md: autorun ...
[    5.285177] md: ... autorun DONE.
[    5.290833] EXT4-fs (sda2): INFO: recovery required on readonly filesystem
[    5.294100] EXT4-fs (sda2): write access will be enabled during recovery
[    5.299686] EXT4-fs (sda2): recovery complete
[    5.303898] EXT4-fs (sda2): mounted filesystem with ordered data mode. Opts: (null)
[    5.307324] VFS: Mounted root (ext4 filesystem) readonly on device 8:2.
[    5.311649] devtmpfs: mounted
[    5.315726] Freeing unused kernel image memory: 1300K
[    5.456927] usb 2-3: new high-speed USB device number 3 using ehci-pci
[    5.689730] usb 2-3: New USB device found, idVendor=04f2, idProduct=b404, bcdDevice=69.63
[    5.693121] usb 2-3: New USB device strings: Mfr=3, Product=1, SerialNumber=2
[    5.696497] usb 2-3: Product: USB2.0 HD UVC WebCam
[    5.699983] usb 2-3: Manufacturer: Chicony Electronics Co.,Ltd.
[    5.703421] usb 2-3: SerialNumber: 0x0001
[    6.636885] rq->curr == THREAD(this messg)
[    6.636887] state TASK_RUNNING
[    6.640219] comm swapper/0 pid 1 state 2
[    6.646698] comm kthreadd pid 2 state 1
[    6.649945] comm rcu_gp pid 3 state 1026
[    6.653157] comm rcu_par_gp pid 4 state 1026
[    6.656342] comm kworker/0:0 pid 5 state 1026
[    6.656922] Write protecting the kernel read-only data: 22528k
[    6.659487] comm kworker/0:0H pid 6 state 1026
[    6.665626] comm kworker/u8:0 pid 7 state 1026
[    6.668612] comm mm_percpu_wq pid 8 state 1026
[    6.671513] comm ksoftirqd/0 pid 9 state 1
[    6.674347] comm rcu_sched pid 10 state 1026
[    6.677182] comm migration/0 pid 11 state 1
[    6.679996] comm cpuhp/0 pid 12 state 1
[    6.681110] Freeing unused kernel image memory: 1984K
[    6.682819] comm cpuhp/1 pid 13 state 1
[    6.688298] comm migration/1 pid 14 state 1
[    6.690916] comm ksoftirqd/1 pid 15 state 1
[    6.691899] Freeing unused kernel image memory: 1620K
[    6.693507] comm kworker/1:0 pid 16 state 1026
[    6.696072] Run /sbin/init as init process
[    6.698584] comm kworker/1:0H pid 17 state 1026
[    6.698586] comm THREAD pid 18 state 0
[    6.698589] comm kdevtmpfs pid 19 state 1
[    6.698591] comm netns pid 20 state 1026
[    6.698596] comm kworker/u8:1 pid 21 state 1026
[    6.713016] comm kauditd pid 24 state 1
[    6.715315] comm kworker/0:1 pid 37 state 1026
[    6.717647] comm kworker/1:1 pid 38 state 1026
[    6.719900] comm kworker/u8:2 pid 317 state 1026
[    6.722127] comm kworker/u8:3 pid 581 state 1026
[    6.724308] comm kworker/1:2 pid 582 state 1026
[    6.726453] comm oom_reaper pid 665 state 1
[    6.728564] comm writeback pid 737 state 1026
[    6.730637] comm kcompactd0 pid 738 state 1
[    6.732692] comm kblockd pid 788 state 1026
[    6.734708] comm kworker/u8:4 pid 870 state 1026
[    6.736689] comm ata_sff pid 957 state 1026
[    6.738642] comm md pid 977 state 1026
[    6.740547] comm edac-poller pid 980 state 1026
[    6.742445] comm rpciod pid 1091 state 1026
[    6.744325] comm kworker/u9:0 pid 1092 state 1026
[    6.746209] comm xprtiod pid 1093 state 1026
[    6.748100] comm cfg80211 pid 1096 state 1026
[    6.749988] comm kswapd0 pid 1130 state 1
[    6.751873] comm nfsiod pid 1245 state 1026
[    6.753767] comm acpi_thermal_pm pid 1295 state 1026
[    6.755684] comm scsi_eh_0 pid 1353 state 1
[    6.757603] comm scsi_tmf_0 pid 1354 state 1026
[    6.759495] comm scsi_eh_1 pid 1358 state 1
[    6.761351] comm scsi_tmf_1 pid 1359 state 1026
[    6.763235] comm kworker/1:3 pid 1459 state 1026
[    6.765143] comm dm_bufio_cache pid 1469 state 1026
[    6.767068] comm kworker/1:4 pid 1658 state 1026
[    6.768993] comm kworker/1:5 pid 1681 state 1026
[    6.770887] comm ipv6_addrconf pid 1691 state 1026
[    6.772795] comm kworker/1:1H pid 1699 state 1026
[    6.774691] comm jbd2/sda2-8 pid 1752 state 1
[    6.776572] comm ext4-rsv-conver pid 1753 state 1026
[    6.778481] comm kworker/0:1H pid 1755 state 1026
[    6.780407] proc in rq 0
[    6.780410] rq->nr_running rq->cfs.nr_running : 1 1
[    6.784209] rq->cfs.load.weight :  1048576
[    6.784210] ----------------^^^^CPU0^^^^^-----------------------
[    6.786112] rq->curr->pid == 0
[    6.788067] state TASK_RUNNING
[    6.790006] comm swapper/0 pid 1 state 258
[    6.793894] comm kthreadd pid 2 state 1
[    6.795846] comm rcu_gp pid 3 state 1026
[    6.797800] comm rcu_par_gp pid 4 state 1026
[    6.799745] comm kworker/0:0 pid 5 state 1026
[    6.801720] comm kworker/0:0H pid 6 state 1026
[    6.803692] comm kworker/u8:0 pid 7 state 1026
[    6.805665] comm mm_percpu_wq pid 8 state 1026
[    6.807633] comm ksoftirqd/0 pid 9 state 0
[    6.809588] comm rcu_sched pid 10 state 1026
[    6.811541] comm migration/0 pid 11 state 0
[    6.813492] comm cpuhp/0 pid 12 state 1
[    6.815438] comm cpuhp/1 pid 13 state 1
[    6.817360] comm migration/1 pid 14 state 1
[    6.819272] comm ksoftirqd/1 pid 15 state 1
[    6.821165] comm kworker/1:0 pid 16 state 1026
[    6.823045] comm kworker/1:0H pid 17 state 1026
[    6.824913] comm THREAD pid 18 state 0
[    6.826768] comm kdevtmpfs pid 19 state 1
[    6.828624] comm netns pid 20 state 1026
[    6.830470] comm kworker/u8:1 pid 21 state 1026
[    6.832324] comm kauditd pid 24 state 1
[    6.834171] comm kworker/0:1 pid 37 state 1026
[    6.836019] comm kworker/1:1 pid 38 state 1026
[    6.837840] comm kworker/u8:2 pid 317 state 1026
[    6.839655] comm kworker/u8:3 pid 581 state 1026
[    6.841442] comm kworker/1:2 pid 582 state 1026
[    6.843227] comm oom_reaper pid 665 state 1
[    6.845004] comm writeback pid 737 state 1026
[    6.846776] comm kcompactd0 pid 738 state 1
[    6.848547] comm kblockd pid 788 state 1026
[    6.850338] comm kworker/u8:4 pid 870 state 1026
[    6.852129] comm ata_sff pid 957 state 1026
[    6.853911] comm md pid 977 state 1026
[    6.855681] comm edac-poller pid 980 state 1026
[    6.857463] comm rpciod pid 1091 state 1026
[    6.859226] comm kworker/u9:0 pid 1092 state 1026
[    6.860990] comm xprtiod pid 1093 state 1026
[    6.862745] comm cfg80211 pid 1096 state 1026
[    6.864494] comm kswapd0 pid 1130 state 1
[    6.866212] comm nfsiod pid 1245 state 1026
[    6.867911] comm acpi_thermal_pm pid 1295 state 1026
[    6.869634] comm scsi_eh_0 pid 1353 state 1
[    6.871346] comm scsi_tmf_0 pid 1354 state 1026
[    6.873064] comm scsi_eh_1 pid 1358 state 1
[    6.874781] comm scsi_tmf_1 pid 1359 state 1026
[    6.876506] comm kworker/1:3 pid 1459 state 1026
[    6.878246] comm dm_bufio_cache pid 1469 state 1026
[    6.880000] comm kworker/1:4 pid 1658 state 1026
[    6.881783] comm kworker/1:5 pid 1681 state 1026
[    6.883554] comm ipv6_addrconf pid 1691 state 1026
[    6.885335] comm kworker/1:1H pid 1699 state 1026
[    6.887129] comm jbd2/sda2-8 pid 1752 state 1
[    6.888918] comm ext4-rsv-conver pid 1753 state 1026
[    6.890724] comm kworker/0:1H pid 1755 state 1026
[    6.892568] proc in rq 0
[    6.892570] rq->nr_running rq->cfs.nr_running : 0 0
[    6.896281] rq->cfs.load.weight :  0
[    6.896282] ----------------^^^^CPU1^^^^^-----------------------
[    6.898183] rq->curr->pid == 0
[    6.900148] state TASK_RUNNING
[    6.902095] comm swapper/0 pid 1 state 258
[    6.906000] comm kthreadd pid 2 state 1
[    6.907961] comm rcu_gp pid 3 state 1026
[    6.909910] comm rcu_par_gp pid 4 state 1026
[    6.911855] comm kworker/0:0 pid 5 state 1026
[    6.913833] comm kworker/0:0H pid 6 state 1026
[    6.915806] comm kworker/u8:0 pid 7 state 1026
[    6.917789] comm mm_percpu_wq pid 8 state 1026
[    6.919752] comm ksoftirqd/0 pid 9 state 0
[    6.921706] comm rcu_sched pid 10 state 1026
[    6.923661] comm migration/0 pid 11 state 0
[    6.925614] comm cpuhp/0 pid 12 state 1
[    6.927569] comm cpuhp/1 pid 13 state 1
[    6.929483] comm migration/1 pid 14 state 1
[    6.931394] comm ksoftirqd/1 pid 15 state 1
[    6.933288] comm kworker/1:0 pid 16 state 1026
[    6.935169] comm kworker/1:0H pid 17 state 1026
[    6.937047] comm THREAD pid 18 state 0
[    6.938905] comm kdevtmpfs pid 19 state 1
[    6.940753] comm netns pid 20 state 1026
[    6.942595] comm kworker/u8:1 pid 21 state 1026
[    6.944448] comm kauditd pid 24 state 1
[    6.946295] comm kworker/0:1 pid 37 state 1026
[    6.948152] comm kworker/1:1 pid 38 state 1026
[    6.949967] comm kworker/u8:2 pid 317 state 1026
[    6.951779] comm kworker/u8:3 pid 581 state 1026
[    6.953567] comm kworker/1:2 pid 582 state 1026
[    6.955351] comm oom_reaper pid 665 state 1
[    6.957138] comm writeback pid 737 state 1026
[    6.958914] comm kcompactd0 pid 738 state 1
[    6.960676] comm kblockd pid 788 state 1026
[    6.962465] comm kworker/u8:4 pid 870 state 1026
[    6.964258] comm ata_sff pid 957 state 1026
[    6.966042] comm md pid 977 state 1026
[    6.967820] comm edac-poller pid 980 state 1026
[    6.969596] comm rpciod pid 1091 state 1026
[    6.971357] comm kworker/u9:0 pid 1092 state 1026
[    6.973124] comm xprtiod pid 1093 state 1026
[    6.974880] comm cfg80211 pid 1096 state 1026
[    6.976631] comm kswapd0 pid 1130 state 1
[    6.978360] comm nfsiod pid 1245 state 1026
[    6.980056] comm acpi_thermal_pm pid 1295 state 1026
[    6.981778] comm scsi_eh_0 pid 1353 state 1
[    6.983493] comm scsi_tmf_0 pid 1354 state 1026
[    6.985214] comm scsi_eh_1 pid 1358 state 1
[    6.986941] comm scsi_tmf_1 pid 1359 state 1026
[    6.988671] comm kworker/1:3 pid 1459 state 1026
[    6.990402] comm dm_bufio_cache pid 1469 state 1026
[    6.992157] comm kworker/1:4 pid 1658 state 1026
[    6.993945] comm kworker/1:5 pid 1681 state 1026
[    6.995720] comm ipv6_addrconf pid 1691 state 1026
[    6.997512] comm kworker/1:1H pid 1699 state 1026
[    6.999303] comm jbd2/sda2-8 pid 1752 state 1
[    7.001093] comm ext4-rsv-conver pid 1753 state 1026
[    7.002907] comm kworker/0:1H pid 1755 state 1026
[    7.004756] proc in rq 0
[    7.004759] rq->nr_running rq->cfs.nr_running : 0 0
[    7.008483] rq->cfs.load.weight :  0
[    7.008485] ----------------^^^^CPU2^^^^^-----------------------
[    7.010383] rq->curr->pid == 0
[    7.012348] state TASK_RUNNING
[    7.014300] comm swapper/0 pid 1 state 258
[    7.018214] comm kthreadd pid 2 state 1
[    7.020171] comm rcu_gp pid 3 state 1026
[    7.022119] comm rcu_par_gp pid 4 state 1026
[    7.024067] comm kworker/0:0 pid 5 state 1026
[    7.026047] comm kworker/0:0H pid 6 state 1026
[    7.028027] comm kworker/u8:0 pid 7 state 1026
[    7.030001] comm mm_percpu_wq pid 8 state 1026
[    7.031960] comm ksoftirqd/0 pid 9 state 0
[    7.033914] comm rcu_sched pid 10 state 1026
[    7.035867] comm migration/0 pid 11 state 0
[    7.037828] comm cpuhp/0 pid 12 state 1
[    7.039773] comm cpuhp/1 pid 13 state 1
[    7.041684] comm migration/1 pid 14 state 1
[    7.043594] comm ksoftirqd/1 pid 15 state 1
[    7.045485] comm kworker/1:0 pid 16 state 1026
[    7.047370] comm kworker/1:0H pid 17 state 1026
[    7.049236] comm THREAD pid 18 state 0
[    7.051085] comm kdevtmpfs pid 19 state 1
[    7.052931] comm netns pid 20 state 1026
[    7.054769] comm kworker/u8:1 pid 21 state 1026
[    7.056619] comm kauditd pid 24 state 1
[    7.058468] comm kworker/0:1 pid 37 state 1026
[    7.060311] comm kworker/1:1 pid 38 state 1026
[    7.062118] comm kworker/u8:2 pid 317 state 1026
[    7.063923] comm kworker/u8:3 pid 581 state 1026
[    7.065704] comm kworker/1:2 pid 582 state 1026
[    7.067489] comm oom_reaper pid 665 state 1
[    7.069262] comm writeback pid 737 state 1026
[    7.071028] comm kcompactd0 pid 738 state 1
[    7.072784] comm kblockd pid 788 state 1026
[    7.074566] comm kworker/u8:4 pid 870 state 1026
[    7.076351] comm ata_sff pid 957 state 1026
[    7.078137] comm md pid 977 state 1026
[    7.079902] comm edac-poller pid 980 state 1026
[    7.081665] comm rpciod pid 1091 state 1026
[    7.083420] comm kworker/u9:0 pid 1092 state 1026
[    7.085177] comm xprtiod pid 1093 state 1026
[    7.086934] comm cfg80211 pid 1096 state 1026
[    7.088679] comm kswapd0 pid 1130 state 1
[    7.090392] comm nfsiod pid 1245 state 1026
[    7.092078] comm acpi_thermal_pm pid 1295 state 1026
[    7.093795] comm scsi_eh_0 pid 1353 state 1
[    7.095504] comm scsi_tmf_0 pid 1354 state 1026
[    7.097228] comm scsi_eh_1 pid 1358 state 1
[    7.098942] comm scsi_tmf_1 pid 1359 state 1026
[    7.100662] comm kworker/1:3 pid 1459 state 1026
[    7.102389] comm dm_bufio_cache pid 1469 state 1026
[    7.104141] comm kworker/1:4 pid 1658 state 1026
[    7.105925] comm kworker/1:5 pid 1681 state 1026
[    7.107706] comm ipv6_addrconf pid 1691 state 1026
[    7.109488] comm kworker/1:1H pid 1699 state 1026
[    7.111275] comm jbd2/sda2-8 pid 1752 state 1
[    7.113064] comm ext4-rsv-conver pid 1753 state 1026
[    7.114874] comm kworker/0:1H pid 1755 state 1026
[    7.116718] proc in rq 0
[    7.116721] rq->nr_running rq->cfs.nr_running : 0 0
[    7.120440] rq->cfs.load.weight :  0
[    7.120442] ----------------^^^^CPU3^^^^^-----------------------
[    7.171421] stty (1763) used greatest stack depth: 13672 bytes left
[    7.197790] dmesg (1764) used greatest stack depth: 13520 bytes left
[    7.429410] ip (1821) used greatest stack depth: 12496 bytes left
[    7.529275] udevd[1851]: starting version 3.2.1
[    7.537347] random: udevd: uninitialized urandom read (16 bytes read)
[    7.540270] random: udevd: uninitialized urandom read (16 bytes read)
[    7.543092] random: udevd: uninitialized urandom read (16 bytes read)
[    7.561148] udevd[1852]: starting eudev-3.2.1
[    7.878988] ath9k 0000:01:00.0 wlp1s0: renamed from wlan0
[    7.918437] r8169 0000:02:00.0 enp2s0: renamed from eth0
[    8.029194] [drm] radeon kernel modesetting enabled.
[    8.031832] radeon 0000:00:01.0: remove_conflicting_pci_framebuffers: bar 0: 0xc0000000 -> 0xcfffffff
[    8.034532] radeon 0000:00:01.0: remove_conflicting_pci_framebuffers: bar 2: 0xd0000000 -> 0xd07fffff
[    8.037242] radeon 0000:00:01.0: remove_conflicting_pci_framebuffers: bar 5: 0xfeb00000 -> 0xfeb3ffff
[    8.056150] checking generic (c0000000 420000) vs hw (c0000000 10000000)
[    8.056156] fb0: switching to radeondrmfb from EFI VGA
[    8.061977] Console: switching to colour dummy device 80x25
[    8.062201] radeon 0000:00:01.0: vgaarb: deactivate vga console
[    8.062965] [drm] initializing kernel modesetting (KABINI 0x1002:0x9839 0x1043:0x141D 0x00).
[    8.063029] [drm] doorbell mmio base: 0xD0000000
[    8.063037] [drm] doorbell mmio size: 8388608
[    8.063068] ATOM BIOS: AMD
[    8.063143] [drm] Changing default dispclk from 400Mhz to 600Mhz
[    8.063180] radeon 0000:00:01.0: VRAM: 512M 0x0000000000000000 - 0x000000001FFFFFFF (512M used)
[    8.063196] radeon 0000:00:01.0: GTT: 2048M 0x0000000020000000 - 0x000000009FFFFFFF
[    8.063218] [drm] Detected VRAM RAM=512M, BAR=256M
[    8.063226] [drm] RAM width 128bits DDR
[    8.063416] [TTM] Zone  kernel: Available graphics memory: 1726410 KiB
[    8.063427] [TTM] Initializing pool allocator
[    8.063445] [TTM] Initializing DMA pool allocator
[    8.063507] [drm] radeon: 512M of VRAM memory ready
[    8.063517] [drm] radeon: 2048M of GTT memory ready.
[    8.063548] [drm] Loading kabini Microcode
[    8.067860] [drm] Internal thermal controller without fan control
[    8.068619] [drm] radeon: dpm initialized
[    8.069816] [drm] Found UVD firmware Version: 1.64 Family ID: 9
[    8.074549] [drm] Found VCE firmware/feedback version 40.2.2 / 15!
[    8.074607] [drm] GART: num cpu pages 524288, num gpu pages 524288
[    8.158159] [drm] PCIE GART of 2048M enabled (table at 0x000000000030E000).
[    8.158435] radeon 0000:00:01.0: WB enabled
[    8.158481] radeon 0000:00:01.0: fence driver on ring 0 use gpu addr 0x0000000020000c00 and cpu addr 0x(____ptrval____)
[    8.158499] radeon 0000:00:01.0: fence driver on ring 1 use gpu addr 0x0000000020000c04 and cpu addr 0x(____ptrval____)
[    8.158515] radeon 0000:00:01.0: fence driver on ring 2 use gpu addr 0x0000000020000c08 and cpu addr 0x(____ptrval____)
[    8.158530] radeon 0000:00:01.0: fence driver on ring 3 use gpu addr 0x0000000020000c0c and cpu addr 0x(____ptrval____)
[    8.158545] radeon 0000:00:01.0: fence driver on ring 4 use gpu addr 0x0000000020000c10 and cpu addr 0x(____ptrval____)
[    8.159460] radeon 0000:00:01.0: fence driver on ring 5 use gpu addr 0x0000000000078d30 and cpu addr 0x(____ptrval____)
[    8.159830] radeon 0000:00:01.0: fence driver on ring 6 use gpu addr 0x0000000020000c18 and cpu addr 0x(____ptrval____)
[    8.159846] radeon 0000:00:01.0: fence driver on ring 7 use gpu addr 0x0000000020000c1c and cpu addr 0x(____ptrval____)
[    8.159861] [drm] Supports vblank timestamp caching Rev 2 (21.10.2013).
[    8.159869] [drm] Driver supports precise vblank timestamp query.
[    8.159990] radeon 0000:00:01.0: radeon: using MSI.
[    8.160058] [drm] radeon: irq initialized.
[    8.163847] [drm] ring test on 0 succeeded in 4 usecs
[    8.163946] [drm] ring test on 1 succeeded in 4 usecs
[    8.163990] [drm] ring test on 2 succeeded in 4 usecs
[    8.164310] [drm] ring test on 3 succeeded in 6 usecs
[    8.164328] [drm] ring test on 4 succeeded in 6 usecs
[    8.296913] [drm] ring test on 5 succeeded in 2 usecs
[    8.327002] [drm] UVD initialized successfully.
[    8.455221] [drm] ring test on 6 succeeded in 19 usecs
[    8.455253] [drm] ring test on 7 succeeded in 3 usecs
[    8.455261] [drm] VCE initialized successfully.
[    8.457517] [drm] ib test on ring 0 succeeded in 0 usecs
[    8.457874] [drm] ib test on ring 1 succeeded in 0 usecs
[    8.458195] [drm] ib test on ring 2 succeeded in 0 usecs
[    8.458525] [drm] ib test on ring 3 succeeded in 0 usecs
[    8.459030] [drm] ib test on ring 4 succeeded in 0 usecs
[    8.987058] [drm] ib test on ring 5 succeeded
[    9.008303] [drm] ib test on ring 6 succeeded
[    9.009308] [drm] ib test on ring 7 succeeded
[    9.056924] [drm] radeon atom DIG backlight initialized
[    9.056946] [drm] Radeon Display Connectors
[    9.056953] [drm] Connector 0:
[    9.056960] [drm]   LVDS-1
[    9.056966] [drm]   HPD1
[    9.056975] [drm]   DDC: 0x6530 0x6530 0x6534 0x6534 0x6538 0x6538 0x653c 0x653c
[    9.056984] [drm]   Encoders:
[    9.056990] [drm]     LCD1: INTERNAL_UNIPHY
[    9.056997] [drm] Connector 1:
[    9.057003] [drm]   HDMI-A-1
[    9.057008] [drm]   HPD2
[    9.057016] [drm]   DDC: 0x6540 0x6540 0x6544 0x6544 0x6548 0x6548 0x654c 0x654c
[    9.057025] [drm]   Encoders:
[    9.057031] [drm]     DFP1: INTERNAL_UNIPHY
[    9.057037] [drm] Connector 2:
[    9.057042] [drm]   VGA-1
[    9.057050] [drm]   DDC: 0x65c0 0x65c0 0x65c4 0x65c4 0x65c8 0x65c8 0x65cc 0x65cc
[    9.057059] [drm]   Encoders:
[    9.057065] [drm]     CRT1: INTERNAL_KLDSCP_DAC1
[    9.616877] rq->curr == idle (init_task)
[    9.616879] state TASK_RUNNING
[    9.616891] comm init pid 1 state 1
[    9.616904] comm kthreadd pid 2 state 1
[    9.616911] comm rcu_gp pid 3 state 1026
[    9.616919] comm rcu_par_gp pid 4 state 1026
[    9.616927] comm kworker/0:0 pid 5 state 1026
[    9.616934] comm kworker/0:0H pid 6 state 1026
[    9.616942] comm kworker/u8:0 pid 7 state 1026
[    9.616949] comm mm_percpu_wq pid 8 state 1026
[    9.616956] comm ksoftirqd/0 pid 9 state 1
[    9.616963] comm rcu_sched pid 10 state 1026
[    9.616970] comm migration/0 pid 11 state 1
[    9.616978] comm cpuhp/0 pid 12 state 1
[    9.616985] comm cpuhp/1 pid 13 state 1
[    9.616992] comm migration/1 pid 14 state 1
[    9.616999] comm ksoftirqd/1 pid 15 state 1
[    9.617006] comm kworker/1:0 pid 16 state 1026
[    9.617013] comm kworker/1:0H pid 17 state 1026
[    9.617020] comm THREAD pid 18 state 0
[    9.617027] comm kdevtmpfs pid 19 state 1
[    9.617034] comm netns pid 20 state 1026
[    9.617041] comm kworker/u8:1 pid 21 state 1026
[    9.617048] comm kauditd pid 24 state 1
[    9.617055] comm kworker/0:1 pid 37 state 1026
[    9.617063] comm kworker/1:1 pid 38 state 1026
[    9.617070] comm kworker/u8:2 pid 317 state 1026
[    9.617078] comm kworker/u8:3 pid 581 state 1026
[    9.617085] comm kworker/1:2 pid 582 state 1026
[    9.617093] comm oom_reaper pid 665 state 1
[    9.617100] comm writeback pid 737 state 1026
[    9.617108] comm kcompactd0 pid 738 state 1
[    9.617115] comm kblockd pid 788 state 1026
[    9.617122] comm kworker/u8:4 pid 870 state 1026
[    9.617130] comm ata_sff pid 957 state 1026
[    9.617137] comm md pid 977 state 1026
[    9.617144] comm edac-poller pid 980 state 1026
[    9.617152] comm rpciod pid 1091 state 1026
[    9.617159] comm kworker/u9:0 pid 1092 state 1026
[    9.617167] comm xprtiod pid 1093 state 1026
[    9.617174] comm cfg80211 pid 1096 state 1026
[    9.617182] comm kswapd0 pid 1130 state 1
[    9.617189] comm nfsiod pid 1245 state 1026
[    9.617196] comm acpi_thermal_pm pid 1295 state 1026
[    9.617204] comm scsi_eh_0 pid 1353 state 1
[    9.617211] comm scsi_tmf_0 pid 1354 state 1026
[    9.617218] comm scsi_eh_1 pid 1358 state 1
[    9.617225] comm scsi_tmf_1 pid 1359 state 1026
[    9.617233] comm kworker/1:3 pid 1459 state 1026
[    9.617240] comm dm_bufio_cache pid 1469 state 1026
[    9.617248] comm kworker/1:4 pid 1658 state 1026
[    9.617255] comm kworker/1:5 pid 1681 state 1026
[    9.617263] comm ipv6_addrconf pid 1691 state 1026
[    9.617270] comm kworker/1:1H pid 1699 state 1026
[    9.617277] comm jbd2/sda2-8 pid 1752 state 1
[    9.617284] comm ext4-rsv-conver pid 1753 state 1026
[    9.617292] comm kworker/0:1H pid 1755 state 1026
[    9.617299] comm init pid 1760 state 1
[    9.617306] comm rc pid 1761 state 1
[    9.617313] comm S10udev pid 1837 state 1
[    9.617320] comm udevd pid 1852 state 1
[    9.617327] comm udevd pid 1854 state 1
[    9.617333] comm udevd pid 1927 state 2
[    9.617340] comm udevd pid 1928 state 1
[    9.617347] comm udevd pid 1929 state 1
[    9.617354] comm udevd pid 1930 state 1
[    9.617361] comm udevd pid 1931 state 1
[    9.617368] comm udevd pid 1932 state 1
[    9.617375] comm udevd pid 1933 state 1
[    9.617382] comm udevd pid 2023 state 1
[    9.617389] comm udevd pid 2024 state 1
[    9.617396] comm udevd pid 2025 state 1
[    9.617402] comm udevd pid 2026 state 1
[    9.617409] comm udevadm pid 3139 state 1
[    9.617416] comm ttm_swap pid 3147 state 1026
[    9.617422] proc in rq 0
[    9.617424] rq->nr_running rq->cfs.nr_running : 0 0
[    9.617435] rq->cfs.load.weight :  0
[    9.617436] ----------------^^^^CPU0^^^^^-----------------------
[    9.617442] rq->curr == THREAD(this messg)
[    9.617449] state TASK_RUNNING
[    9.617457] comm init pid 1 state 1
[    9.617467] comm kthreadd pid 2 state 1
[    9.617474] comm rcu_gp pid 3 state 1026
[    9.617480] comm rcu_par_gp pid 4 state 1026
[    9.617487] comm kworker/0:0 pid 5 state 1026
[    9.617494] comm kworker/0:0H pid 6 state 1026
[    9.617501] comm kworker/u8:0 pid 7 state 1026
[    9.617507] comm mm_percpu_wq pid 8 state 1026
[    9.617514] comm ksoftirqd/0 pid 9 state 1
[    9.617521] comm rcu_sched pid 10 state 1026
[    9.617527] comm migration/0 pid 11 state 1
[    9.617534] comm cpuhp/0 pid 12 state 1
[    9.617540] comm cpuhp/1 pid 13 state 1
[    9.617546] comm migration/1 pid 14 state 1
[    9.617553] comm ksoftirqd/1 pid 15 state 1
[    9.617560] comm kworker/1:0 pid 16 state 1026
[    9.617566] comm kworker/1:0H pid 17 state 1026
[    9.617573] comm THREAD pid 18 state 0
[    9.617580] comm kdevtmpfs pid 19 state 1
[    9.617586] comm netns pid 20 state 1026
[    9.617593] comm kworker/u8:1 pid 21 state 1026
[    9.617599] comm kauditd pid 24 state 1
[    9.617606] comm kworker/0:1 pid 37 state 1026
[    9.617612] comm kworker/1:1 pid 38 state 1026
[    9.617619] comm kworker/u8:2 pid 317 state 1026
[    9.617626] comm kworker/u8:3 pid 581 state 1026
[    9.617633] comm kworker/1:2 pid 582 state 1026
[    9.617640] comm oom_reaper pid 665 state 1
[    9.617646] comm writeback pid 737 state 1026
[    9.617653] comm kcompactd0 pid 738 state 1
[    9.617659] comm kblockd pid 788 state 1026
[    9.617666] comm kworker/u8:4 pid 870 state 1026
[    9.617673] comm ata_sff pid 957 state 1026
[    9.617679] comm md pid 977 state 1026
[    9.617686] comm edac-poller pid 980 state 1026
[    9.617692] comm rpciod pid 1091 state 1026
[    9.617699] comm kworker/u9:0 pid 1092 state 1026
[    9.617706] comm xprtiod pid 1093 state 1026
[    9.617713] comm cfg80211 pid 1096 state 1026
[    9.617719] comm kswapd0 pid 1130 state 1
[    9.617726] comm nfsiod pid 1245 state 1026
[    9.617733] comm acpi_thermal_pm pid 1295 state 1026
[    9.617740] comm scsi_eh_0 pid 1353 state 1
[    9.617746] comm scsi_tmf_0 pid 1354 state 1026
[    9.617753] comm scsi_eh_1 pid 1358 state 1
[    9.617760] comm scsi_tmf_1 pid 1359 state 1026
[    9.617766] comm kworker/1:3 pid 1459 state 1026
[    9.617773] comm dm_bufio_cache pid 1469 state 1026
[    9.617780] comm kworker/1:4 pid 1658 state 1026
[    9.617787] comm kworker/1:5 pid 1681 state 1026
[    9.617794] comm ipv6_addrconf pid 1691 state 1026
[    9.617801] comm kworker/1:1H pid 1699 state 1026
[    9.617808] comm jbd2/sda2-8 pid 1752 state 1
[    9.617814] comm ext4-rsv-conver pid 1753 state 1026
[    9.617821] comm kworker/0:1H pid 1755 state 1026
[    9.617828] comm init pid 1760 state 1
[    9.617834] comm rc pid 1761 state 1
[    9.617841] comm S10udev pid 1837 state 1
[    9.617847] comm udevd pid 1852 state 1
[    9.617853] comm udevd pid 1854 state 1
[    9.617860] comm udevd pid 1927 state 2
[    9.617866] comm udevd pid 1928 state 1
[    9.617873] comm udevd pid 1929 state 1
[    9.617879] comm udevd pid 1930 state 1
[    9.617885] comm udevd pid 1931 state 1
[    9.617891] comm udevd pid 1932 state 1
[    9.617898] comm udevd pid 1933 state 1
[    9.617904] comm udevd pid 2023 state 1
[    9.617910] comm udevd pid 2024 state 1
[    9.617917] comm udevd pid 2025 state 1
[    9.617923] comm udevd pid 2026 state 1
[    9.617930] comm udevadm pid 3139 state 1
[    9.617936] comm ttm_swap pid 3147 state 1026
[    9.617942] proc in rq 0
[    9.617944] rq->nr_running rq->cfs.nr_running : 1 1
[    9.617954] rq->cfs.load.weight :  1048576
[    9.617956] ----------------^^^^CPU1^^^^^-----------------------
[    9.617963] rq->curr->pid == 0
[    9.617970] state TASK_RUNNING
[    9.617977] comm init pid 1 state 1
[    9.617987] comm kthreadd pid 2 state 1
[    9.617993] comm rcu_gp pid 3 state 1026
[    9.618000] comm rcu_par_gp pid 4 state 1026
[    9.618006] comm kworker/0:0 pid 5 state 1026
[    9.618013] comm kworker/0:0H pid 6 state 1026
[    9.618020] comm kworker/u8:0 pid 7 state 1026
[    9.618026] comm mm_percpu_wq pid 8 state 1026
[    9.618033] comm ksoftirqd/0 pid 9 state 1
[    9.618040] comm rcu_sched pid 10 state 1026
[    9.618046] comm migration/0 pid 11 state 1
[    9.618053] comm cpuhp/0 pid 12 state 1
[    9.618059] comm cpuhp/1 pid 13 state 1
[    9.618066] comm migration/1 pid 14 state 1
[    9.618072] comm ksoftirqd/1 pid 15 state 1
[    9.618079] comm kworker/1:0 pid 16 state 1026
[    9.618085] comm kworker/1:0H pid 17 state 1026
[    9.618092] comm THREAD pid 18 state 0
[    9.618098] comm kdevtmpfs pid 19 state 1
[    9.618105] comm netns pid 20 state 1026
[    9.618111] comm kworker/u8:1 pid 21 state 1026
[    9.618118] comm kauditd pid 24 state 1
[    9.618124] comm kworker/0:1 pid 37 state 1026
[    9.618131] comm kworker/1:1 pid 38 state 1026
[    9.618138] comm kworker/u8:2 pid 317 state 1026
[    9.618144] comm kworker/u8:3 pid 581 state 1026
[    9.618151] comm kworker/1:2 pid 582 state 1026
[    9.618158] comm oom_reaper pid 665 state 1
[    9.618165] comm writeback pid 737 state 1026
[    9.618171] comm kcompactd0 pid 738 state 1
[    9.618178] comm kblockd pid 788 state 1026
[    9.618184] comm kworker/u8:4 pid 870 state 1026
[    9.618191] comm ata_sff pid 957 state 1026
[    9.618198] comm md pid 977 state 1026
[    9.618204] comm edac-poller pid 980 state 1026
[    9.618211] comm rpciod pid 1091 state 1026
[    9.618217] comm kworker/u9:0 pid 1092 state 1026
[    9.618224] comm xprtiod pid 1093 state 1026
[    9.618231] comm cfg80211 pid 1096 state 1026
[    9.618237] comm kswapd0 pid 1130 state 1
[    9.618244] comm nfsiod pid 1245 state 1026
[    9.618251] comm acpi_thermal_pm pid 1295 state 1026
[    9.618257] comm scsi_eh_0 pid 1353 state 1
[    9.618264] comm scsi_tmf_0 pid 1354 state 1026
[    9.618271] comm scsi_eh_1 pid 1358 state 1
[    9.618277] comm scsi_tmf_1 pid 1359 state 1026
[    9.618284] comm kworker/1:3 pid 1459 state 1026
[    9.618291] comm dm_bufio_cache pid 1469 state 1026
[    9.618298] comm kworker/1:4 pid 1658 state 1026
[    9.618305] comm kworker/1:5 pid 1681 state 1026
[    9.618311] comm ipv6_addrconf pid 1691 state 1026
[    9.618318] comm kworker/1:1H pid 1699 state 1026
[    9.618325] comm jbd2/sda2-8 pid 1752 state 1
[    9.618332] comm ext4-rsv-conver pid 1753 state 1026
[    9.618339] comm kworker/0:1H pid 1755 state 1026
[    9.618346] comm init pid 1760 state 1
[    9.618352] comm rc pid 1761 state 1
[    9.618358] comm S10udev pid 1837 state 1
[    9.618365] comm udevd pid 1852 state 1
[    9.618371] comm udevd pid 1854 state 1
[    9.618377] comm udevd pid 1927 state 2
[    9.618384] comm udevd pid 1928 state 1
[    9.618390] comm udevd pid 1929 state 1
[    9.618396] comm udevd pid 1930 state 1
[    9.618403] comm udevd pid 1931 state 1
[    9.618409] comm udevd pid 1932 state 1
[    9.618415] comm udevd pid 1933 state 1
[    9.618421] comm udevd pid 2023 state 1
[    9.618428] comm udevd pid 2024 state 1
[    9.618434] comm udevd pid 2025 state 1
[    9.618440] comm udevd pid 2026 state 1
[    9.618447] comm udevadm pid 3139 state 1
[    9.618453] comm ttm_swap pid 3147 state 1026
[    9.618459] proc in rq 0
[    9.618461] rq->nr_running rq->cfs.nr_running : 0 0
[    9.618471] rq->cfs.load.weight :  0
[    9.618473] ----------------^^^^CPU2^^^^^-----------------------
[    9.618479] rq->curr->pid == 0
[    9.618486] state TASK_RUNNING
[    9.618493] comm init pid 1 state 1
[    9.618504] comm kthreadd pid 2 state 1
[    9.618510] comm rcu_gp pid 3 state 1026
[    9.618517] comm rcu_par_gp pid 4 state 1026
[    9.618523] comm kworker/0:0 pid 5 state 1026
[    9.618530] comm kworker/0:0H pid 6 state 1026
[    9.618537] comm kworker/u8:0 pid 7 state 1026
[    9.618543] comm mm_percpu_wq pid 8 state 1026
[    9.618550] comm ksoftirqd/0 pid 9 state 1
[    9.618557] comm rcu_sched pid 10 state 1026
[    9.618563] comm migration/0 pid 11 state 1
[    9.618570] comm cpuhp/0 pid 12 state 1
[    9.618576] comm cpuhp/1 pid 13 state 1
[    9.618582] comm migration/1 pid 14 state 1
[    9.618589] comm ksoftirqd/1 pid 15 state 1
[    9.618595] comm kworker/1:0 pid 16 state 1026
[    9.618602] comm kworker/1:0H pid 17 state 1026
[    9.618609] comm THREAD pid 18 state 0
[    9.618615] comm kdevtmpfs pid 19 state 1
[    9.618622] comm netns pid 20 state 1026
[    9.618628] comm kworker/u8:1 pid 21 state 1026
[    9.618635] comm kauditd pid 24 state 1
[    9.618641] comm kworker/0:1 pid 37 state 1026
[    9.618648] comm kworker/1:1 pid 38 state 1026
[    9.618655] comm kworker/u8:2 pid 317 state 1026
[    9.618662] comm kworker/u8:3 pid 581 state 1026
[    9.618669] comm kworker/1:2 pid 582 state 1026
[    9.618675] comm oom_reaper pid 665 state 1
[    9.618682] comm writeback pid 737 state 1026
[    9.618689] comm kcompactd0 pid 738 state 1
[    9.618695] comm kblockd pid 788 state 1026
[    9.618702] comm kworker/u8:4 pid 870 state 1026
[    9.618709] comm ata_sff pid 957 state 1026
[    9.618715] comm md pid 977 state 1026
[    9.618721] comm edac-poller pid 980 state 1026
[    9.618728] comm rpciod pid 1091 state 1026
[    9.618735] comm kworker/u9:0 pid 1092 state 1026
[    9.618742] comm xprtiod pid 1093 state 1026
[    9.618748] comm cfg80211 pid 1096 state 1026
[    9.618755] comm kswapd0 pid 1130 state 1
[    9.618761] comm nfsiod pid 1245 state 1026
[    9.618768] comm acpi_thermal_pm pid 1295 state 1026
[    9.618775] comm scsi_eh_0 pid 1353 state 1
[    9.618782] comm scsi_tmf_0 pid 1354 state 1026
[    9.618788] comm scsi_eh_1 pid 1358 state 1
[    9.618795] comm scsi_tmf_1 pid 1359 state 1026
[    9.618802] comm kworker/1:3 pid 1459 state 1026
[    9.618809] comm dm_bufio_cache pid 1469 state 1026
[    9.618816] comm kworker/1:4 pid 1658 state 1026
[    9.618822] comm kworker/1:5 pid 1681 state 1026
[    9.618829] comm ipv6_addrconf pid 1691 state 1026
[    9.618836] comm kworker/1:1H pid 1699 state 1026
[    9.618843] comm jbd2/sda2-8 pid 1752 state 1
[    9.618850] comm ext4-rsv-conver pid 1753 state 1026
[    9.618857] comm kworker/0:1H pid 1755 state 1026
[    9.618864] comm init pid 1760 state 1
[    9.618870] comm rc pid 1761 state 1
[    9.618876] comm S10udev pid 1837 state 1
[    9.618883] comm udevd pid 1852 state 1
[    9.618889] comm udevd pid 1854 state 1
[    9.618895] comm udevd pid 1927 state 2
[    9.618902] comm udevd pid 1928 state 1
[    9.618908] comm udevd pid 1929 state 1
[    9.618914] comm udevd pid 1930 state 1
[    9.618921] comm udevd pid 1931 state 1
[    9.618927] comm udevd pid 1932 state 1
[    9.618933] comm udevd pid 1933 state 1
[    9.618940] comm udevd pid 2023 state 1
[    9.618946] comm udevd pid 2024 state 1
[    9.618952] comm udevd pid 2025 state 1
[    9.618959] comm udevd pid 2026 state 1
[    9.618965] comm udevadm pid 3139 state 1
[    9.618972] comm ttm_swap pid 3147 state 1026
[    9.618977] proc in rq 0
[    9.618979] rq->nr_running rq->cfs.nr_running : 0 0
[    9.618989] rq->cfs.load.weight :  0
[    9.618991] ----------------^^^^CPU3^^^^^-----------------------
[   10.139029] [drm] fb mappable at 0xC0731000
[   10.139046] [drm] vram apper at 0xC0000000
[   10.139053] [drm] size 4325376
[   10.139059] [drm] fb depth is 24
[   10.139065] [drm]    pitch is 5632
[   10.139304] fbcon: radeondrmfb (fb0) is primary device
[   10.247142] Console: switching to colour frame buffer device 170x48
[   10.257480] radeon 0000:00:01.0: fb0: radeondrmfb frame buffer device
[   10.425931] [drm] Initialized radeon 2.50.0 20080528 for 0000:00:01.0 on minor 0
[   10.657279] Adding 3608572k swap on /dev/sda4.  Priority:1 extents:1 across:3608572k SS
[   10.710137] EXT4-fs (sda2): re-mounted. Opts: (null)
[   10.824026] EXT4-fs (sda2): re-mounted. Opts: (null)
[   12.623129] rq->curr == THREAD(this messg)
[   12.623132] state TASK_RUNNING
[   12.626016] color, tsk->comm, weight, vruntime, state: -106233959372519 syslogd 1048576 9712452607 0
[   12.629026] color, tsk->comm, weight, vruntime, state: -106233959372519 syslogd 1048576 9714452605 0
[   12.632199] color, tsk->comm, weight, vruntime, state: -106233959355240 syslogd 1048576 9714852604 0
[   12.635328] color, tsk->comm, weight, vruntime, state: -106233959372519 syslogd 1048576 9715452604 0
[   12.638546] comm init pid 1 state 1
[   12.644926] comm kthreadd pid 2 state 1
[   12.648169] comm rcu_gp pid 3 state 1026
[   12.651406] comm rcu_par_gp pid 4 state 1026
[   12.654705] comm kworker/0:0 pid 5 state 0
[   12.658057] comm kworker/0:0H pid 6 state 1026
[   12.661400] comm kworker/u8:0 pid 7 state 1026
[   12.664741] comm mm_percpu_wq pid 8 state 1026
[   12.668135] comm ksoftirqd/0 pid 9 state 1
[   12.671494] comm rcu_sched pid 10 state 1026
[   12.674850] comm migration/0 pid 11 state 1
[   12.678192] comm cpuhp/0 pid 12 state 1
[   12.681531] comm cpuhp/1 pid 13 state 1
[   12.684830] comm migration/1 pid 14 state 1
[   12.688112] comm ksoftirqd/1 pid 15 state 1
[   12.691349] comm kworker/1:0 pid 16 state 1026
[   12.694591] comm kworker/1:0H pid 17 state 1026
[   12.697833] comm THREAD pid 18 state 0
[   12.701099] comm kdevtmpfs pid 19 state 1
[   12.704372] comm netns pid 20 state 1026
[   12.707594] comm kworker/u8:1 pid 21 state 1026
[   12.710758] comm kauditd pid 24 state 1
[   12.713855] comm kworker/0:1 pid 37 state 1026
[   12.716858] comm kworker/1:1 pid 38 state 1026
[   12.719757] comm kworker/u8:2 pid 317 state 1026
[   12.722490] comm kworker/u8:3 pid 581 state 1026
[   12.725037] comm kworker/1:2 pid 582 state 1026
[   12.727488] comm oom_reaper pid 665 state 1
[   12.729842] comm writeback pid 737 state 1026
[   12.732237] comm kcompactd0 pid 738 state 1
[   12.734547] comm kblockd pid 788 state 1026
[   12.736715] comm kworker/u8:4 pid 870 state 1026
[   12.738912] comm ata_sff pid 957 state 1026
[   12.741090] comm md pid 977 state 1026
[   12.743235] comm edac-poller pid 980 state 1026
[   12.745451] comm rpciod pid 1091 state 1026
[   12.747657] comm kworker/u9:0 pid 1092 state 1026
[   12.749891] comm xprtiod pid 1093 state 1026
[   12.752078] comm cfg80211 pid 1096 state 1026
[   12.754257] comm kswapd0 pid 1130 state 1
[   12.756431] comm nfsiod pid 1245 state 1026
[   12.758610] comm acpi_thermal_pm pid 1295 state 1026
[   12.760733] comm scsi_eh_0 pid 1353 state 1
[   12.762796] comm scsi_tmf_0 pid 1354 state 1026
[   12.764792] comm scsi_eh_1 pid 1358 state 1
[   12.766811] comm scsi_tmf_1 pid 1359 state 1026
[   12.768858] comm kworker/1:3 pid 1459 state 1026
[   12.770910] comm dm_bufio_cache pid 1469 state 1026
[   12.772907] comm kworker/1:4 pid 1658 state 1026
[   12.774907] comm kworker/1:5 pid 1681 state 1026
[   12.776909] comm ipv6_addrconf pid 1691 state 1026
[   12.778903] comm kworker/1:1H pid 1699 state 1026
[   12.780916] comm jbd2/sda2-8 pid 1752 state 1
[   12.782954] comm ext4-rsv-conver pid 1753 state 1026
[   12.785029] comm kworker/0:1H pid 1755 state 1026
[   12.787117] comm udevd pid 1852 state 1
[   12.789167] comm udevd pid 1854 state 1
[   12.791182] comm udevd pid 1927 state 1
[   12.793188] comm udevd pid 1928 state 1
[   12.795170] comm udevd pid 1929 state 1
[   12.797167] comm udevd pid 1930 state 1
[   12.799120] comm udevd pid 1931 state 1
[   12.801057] comm udevd pid 1932 state 1
[   12.802976] comm udevd pid 1933 state 1
[   12.804849] comm udevd pid 2023 state 1
[   12.806689] comm udevd pid 2024 state 1
[   12.808519] comm udevd pid 2025 state 1
[   12.810328] comm udevd pid 2026 state 1
[   12.812105] comm ttm_swap pid 3147 state 1026
[   12.813890] comm kworker/0:2 pid 3186 state 1026
[   12.815685] comm mount.ntfs-3g pid 3268 state 1
[   12.817505] comm rc pid 3406 state 1
[   12.819295] comm syslogd pid 3434 state 0
[   12.821111] comm klogd pid 3457 state 1
[   12.822932] comm S20network pid 3487 state 1
[   12.824776] comm ifup pid 3493 state 1
[   12.826616] comm wpa pid 3764 state 1
[   12.828471] comm wpa pid 3917 state 1
[   12.830276] comm syslogd pid 3918 state 0
[   12.832068] comm syslogd pid 3920 state 0
[   12.833803] comm syslogd pid 3922 state 0
[   12.835505] comm syslogd pid 3924 state 0
[   12.837187] comm syslogd pid 3926 state 0
[   12.838825] comm syslogd pid 3928 state 0
[   12.840448] comm syslogd pid 3930 state 0
[   12.842042] comm syslogd pid 3932 state 0
[   12.843591] comm wpa pid 3934 state 0
[   12.845134] comm syslogd pid 3937 state 0
[   12.846668] comm syslogd pid 3950 state 0
[   12.848179] comm syslogd pid 3952 state 0
[   12.849613] comm syslogd pid 3954 state 0
[   12.851013] comm syslogd pid 3971 state 0
[   12.852391] comm syslogd pid 3973 state 0
[   12.853741] comm syslogd pid 3991 state 0
[   12.855069] comm syslogd pid 4176 state 0
[   12.856364] comm syslogd pid 4194 state 0
[   12.857640] comm syslogd pid 4195 state 0
[   12.858902] comm syslogd pid 4196 state 0
[   12.860124] comm syslogd pid 4197 state 0
