[    0.000000] Linux version 5.2.0-rc1+ (root@(none)) (gcc version 9.0.1 20190416 (experimental) (GCC)) #117 SMP Fri May 24 22:15:24 +05 2019
[    0.000000] Command line: BOOT_IMAGE=/boot/bzImage root=/dev/sda2 ro
[    0.000000] x86/fpu: Supporting XSAVE feature 0x001: 'x87 floating point registers'
[    0.000000] x86/fpu: Supporting XSAVE feature 0x002: 'SSE registers'
[    0.000000] x86/fpu: Supporting XSAVE feature 0x004: 'AVX registers'
[    0.000000] x86/fpu: xstate_offset[2]:  576, xstate_sizes[2]:  256
[    0.000000] x86/fpu: Enabled xstate features 0x7, context size is 832 bytes, using 'standard' format.
[    0.000000] BIOS-provided physical RAM map:
[    0.000000] BIOS-e820: [mem 0x0000000000000000-0x000000000009ffff] usable
[    0.000000] BIOS-e820: [mem 0x0000000000100000-0x000000009d0f7fff] usable
[    0.000000] BIOS-e820: [mem 0x000000009d0f8000-0x000000009d127fff] reserved
[    0.000000] BIOS-e820: [mem 0x000000009d128000-0x000000009d370fff] usable
[    0.000000] BIOS-e820: [mem 0x000000009d371000-0x000000009dc56fff] ACPI NVS
[    0.000000] BIOS-e820: [mem 0x000000009dc57000-0x000000009e959fff] reserved
[    0.000000] BIOS-e820: [mem 0x000000009e95a000-0x000000009e9cafff] type 20
[    0.000000] BIOS-e820: [mem 0x000000009e9cb000-0x000000009e9cbfff] usable
[    0.000000] BIOS-e820: [mem 0x000000009e9cc000-0x000000009e9d3fff] ACPI NVS
[    0.000000] BIOS-e820: [mem 0x000000009e9d4000-0x000000009eb24fff] usable
[    0.000000] BIOS-e820: [mem 0x000000009eb25000-0x000000009f041fff] reserved
[    0.000000] BIOS-e820: [mem 0x000000009f042000-0x000000009f080fff] usable
[    0.000000] BIOS-e820: [mem 0x000000009f081000-0x000000009f3f1fff] reserved
[    0.000000] BIOS-e820: [mem 0x000000009f3f2000-0x000000009f3fffff] usable
[    0.000000] BIOS-e820: [mem 0x00000000fec00000-0x00000000fec01fff] reserved
[    0.000000] BIOS-e820: [mem 0x00000000fec10000-0x00000000fec10fff] reserved
[    0.000000] BIOS-e820: [mem 0x00000000fed00000-0x00000000fed00fff] reserved
[    0.000000] BIOS-e820: [mem 0x00000000fed80000-0x00000000fed8ffff] reserved
[    0.000000] BIOS-e820: [mem 0x00000000ff000000-0x00000000ffffffff] reserved
[    0.000000] BIOS-e820: [mem 0x0000000100001000-0x000000013effffff] usable
[    0.000000] NX (Execute Disable) protection: active
[    0.000000] efi: EFI v2.31 by American Megatrends
[    0.000000] efi:  ACPI=0x9d3f3000  ACPI 2.0=0x9d3f3000  SMBIOS=0x9e958998 
[    0.000000] SMBIOS 2.7 present.
[    0.000000] DMI: ASUSTeK COMPUTER INC. X102BA/X102BA, BIOS X102BA.212 08/30/2013
[    0.000000] tsc: Fast TSC calibration using PIT
[    0.000000] tsc: Detected 998.129 MHz processor
[    0.000214] e820: update [mem 0x00000000-0x00000fff] usable ==> reserved
[    0.000220] e820: remove [mem 0x000a0000-0x000fffff] usable
[    0.000248] last_pfn = 0x13f000 max_arch_pfn = 0x400000000
[    0.000258] MTRR default type: uncachable
[    0.000260] MTRR fixed ranges enabled:
[    0.000264]   00000-9FFFF write-back
[    0.000267]   A0000-BFFFF write-through
[    0.000270]   C0000-DFFFF uncachable
[    0.000273]   E0000-FFFFF write-protect
[    0.000275] MTRR variable ranges enabled:
[    0.000279]   0 base 0000000000 mask FF80000000 write-back
[    0.000283]   1 base 0080000000 mask FFE0000000 write-back
[    0.000287]   2 base 009F400000 mask FFFFC00000 uncachable
[    0.000290]   3 base 009F800000 mask FFFF800000 uncachable
[    0.000292]   4 disabled
[    0.000293]   5 disabled
[    0.000294]   6 disabled
[    0.000295]   7 disabled
[    0.000298] TOM2: 000000013f000000 aka 5104M
[    0.000818] x86/PAT: Configuration [0-7]: WB  WC  UC- UC  WB  WP  UC- WT  
[    0.001074] e820: update [mem 0x9f400000-0xffffffff] usable ==> reserved
[    0.001089] last_pfn = 0x9f400 max_arch_pfn = 0x400000000
[    0.014277] check: Scanning 1 areas for low memory corruption
[    0.014290] Using GB pages for direct mapping
[    0.014298] BRK [0x115e01000, 0x115e01fff] PGTABLE
[    0.014304] BRK [0x115e02000, 0x115e02fff] PGTABLE
[    0.014308] BRK [0x115e03000, 0x115e03fff] PGTABLE
[    0.014374] BRK [0x115e04000, 0x115e04fff] PGTABLE
[    0.014379] BRK [0x115e05000, 0x115e05fff] PGTABLE
[    0.014743] BRK [0x115e06000, 0x115e06fff] PGTABLE
[    0.014861] BRK [0x115e07000, 0x115e07fff] PGTABLE
[    0.015008] BRK [0x115e08000, 0x115e08fff] PGTABLE
[    0.015168] BRK [0x115e09000, 0x115e09fff] PGTABLE
[    0.015283] BRK [0x115e0a000, 0x115e0afff] PGTABLE
[    0.015462] BRK [0x115e0b000, 0x115e0bfff] PGTABLE
[    0.015691] BRK [0x115e0c000, 0x115e0cfff] PGTABLE
[    0.015800] Secure boot could not be determined
[    0.015816] ACPI: Early table checksum verification disabled
[    0.015827] ACPI: RSDP 0x000000009D3F3000 000024 (v02 _ASUS_)
[    0.015838] ACPI: XSDT 0x000000009D3F3088 000094 (v01 _ASUS_ Notebook 01072009 AMI  00010013)
[    0.015856] ACPI: FACP 0x000000009D400748 00010C (v05 _ASUS_ Notebook 01072009 AMI  00010013)
[    0.015874] ACPI BIOS Warning (bug): Optional FADT field Pm2ControlBlock has valid Length but zero Address: 0x0000000000000000/0x1 (20190509/tbfadt-615)
[    0.015889] ACPI: DSDT 0x000000009D3F31A8 00D59D (v02 _ASUS_ Notebook 00000000 INTL 20091112)
[    0.015901] ACPI: FACS 0x000000009DC4B080 000040
[    0.015910] ACPI: APIC 0x000000009D400858 00007E (v03 _ASUS_ Notebook 01072009 AMI  00010013)
[    0.015922] ACPI: FPDT 0x000000009D4008D8 000044 (v01 _ASUS_ Notebook 01072009 AMI  00010013)
[    0.015932] ACPI: ECDT 0x000000009D400920 0000C1 (v01 _ASUS_ Notebook 01072009 AMI. 00000005)
[    0.015944] ACPI: MCFG 0x000000009D4009E8 00003C (v01 _ASUS_ Notebook 01072009 MSFT 00010013)
[    0.015955] ACPI: HPET 0x000000009D400A28 000038 (v01 _ASUS_ Notebook 01072009 AMI  00000005)
[    0.015966] ACPI: VFCT 0x000000009D400A60 004684 (v01 _ASUS_ Notebook 00000001 AMD  31504F47)
[    0.015978] ACPI: BGRT 0x000000009D4050E8 000038 (v00 _ASUS_ Notebook 01072009 ASUS 00010013)
[    0.015989] ACPI: SSDT 0x000000009D405120 0005E0 (v01 AMD    AGESA    00000001 AMD  00000001)
[    0.016000] ACPI: SSDT 0x000000009D405700 0046D1 (v02 AMD    AGESA    00000002 MSFT 04000000)
[    0.016011] ACPI: CRAT 0x000000009D409DD8 000228 (v01 AMD    AGESA    00000001 AMD  00000001)
[    0.016022] ACPI: SSDT 0x000000009D40A000 001411 (v01 AMD    CPMDFIGP 00000001 INTL 20051117)
[    0.016033] ACPI: SSDT 0x000000009D40B418 0010E8 (v01 AMD    CPMCMN   00000001 INTL 20051117)
[    0.016044] ACPI: MSDM 0x000000009D127F98 000055 (v03 _ASUS_ Notebook 00000000 ASUS 00000001)
[    0.016074] ACPI: Local APIC address 0xfee00000
[    0.016333] No NUMA configuration found
[    0.016338] Faking a node at [mem 0x0000000000000000-0x000000013effffff]
[    0.016351] NODE_DATA(0) allocated [mem 0x13effb000-0x13effefff]
[    0.016403] Zone ranges:
[    0.016407]   DMA      [mem 0x0000000000001000-0x0000000000ffffff]
[    0.016412]   DMA32    [mem 0x0000000001000000-0x00000000ffffffff]
[    0.016417]   Normal   [mem 0x0000000100000000-0x000000013effffff]
[    0.016422] Movable zone start for each node
[    0.016425] Early memory node ranges
[    0.016429]   node   0: [mem 0x0000000000001000-0x000000000009ffff]
[    0.016434]   node   0: [mem 0x0000000000100000-0x000000009d0f7fff]
[    0.016437]   node   0: [mem 0x000000009d128000-0x000000009d370fff]
[    0.016442]   node   0: [mem 0x000000009e9cb000-0x000000009e9cbfff]
[    0.016445]   node   0: [mem 0x000000009e9d4000-0x000000009eb24fff]
[    0.016449]   node   0: [mem 0x000000009f042000-0x000000009f080fff]
[    0.016452]   node   0: [mem 0x000000009f3f2000-0x000000009f3fffff]
[    0.016456]   node   0: [mem 0x0000000100001000-0x000000013effffff]
[    0.016780] Zeroed struct page in unavailable ranges: 11138 pages
[    0.016787] Initmem setup node 0 [mem 0x0000000000001000-0x000000013effffff]
[    0.016800] On node 0 totalpages: 902270
[    0.016803]   DMA zone: 64 pages used for memmap
[    0.016805]   DMA zone: 23 pages reserved
[    0.016808]   DMA zone: 3999 pages, LIFO batch:0
[    0.017029]   DMA32 zone: 10004 pages used for memmap
[    0.017031]   DMA32 zone: 640224 pages, LIFO batch:63
[    0.056585]   Normal zone: 4032 pages used for memmap
[    0.056592]   Normal zone: 258047 pages, LIFO batch:63
[    0.069685] ACPI: PM-Timer IO Port: 0x808
[    0.069698] ACPI: Local APIC address 0xfee00000
[    0.069715] ACPI: LAPIC_NMI (acpi_id[0xff] high edge lint[0x1])
[    0.069731] IOAPIC[0]: apic_id 3, version 33, address 0xfec00000, GSI 0-23
[    0.069743] IOAPIC[1]: apic_id 4, version 33, address 0xfec01000, GSI 24-55
[    0.069750] ACPI: INT_SRC_OVR (bus 0 bus_irq 0 global_irq 2 dfl dfl)
[    0.069756] ACPI: INT_SRC_OVR (bus 0 bus_irq 9 global_irq 9 low level)
[    0.069760] ACPI: IRQ0 used by override.
[    0.069763] ACPI: IRQ9 used by override.
[    0.069768] Using ACPI (MADT) for SMP configuration information
[    0.069773] ACPI: HPET id: 0x10228210 base: 0xfed00000
[    0.069789] smpboot: Allowing 4 CPUs, 2 hotplug CPUs
[    0.069861] PM: Registered nosave memory: [mem 0x00000000-0x00000fff]
[    0.069870] PM: Registered nosave memory: [mem 0x000a0000-0x000fffff]
[    0.069877] PM: Registered nosave memory: [mem 0x9d0f8000-0x9d127fff]
[    0.069884] PM: Registered nosave memory: [mem 0x9d371000-0x9dc56fff]
[    0.069887] PM: Registered nosave memory: [mem 0x9dc57000-0x9e959fff]
[    0.069891] PM: Registered nosave memory: [mem 0x9e95a000-0x9e9cafff]
[    0.069898] PM: Registered nosave memory: [mem 0x9e9cc000-0x9e9d3fff]
[    0.069906] PM: Registered nosave memory: [mem 0x9eb25000-0x9f041fff]
[    0.069912] PM: Registered nosave memory: [mem 0x9f081000-0x9f3f1fff]
[    0.069920] PM: Registered nosave memory: [mem 0x9f400000-0xfebfffff]
[    0.069923] PM: Registered nosave memory: [mem 0xfec00000-0xfec01fff]
[    0.069927] PM: Registered nosave memory: [mem 0xfec02000-0xfec0ffff]
[    0.069930] PM: Registered nosave memory: [mem 0xfec10000-0xfec10fff]
[    0.069934] PM: Registered nosave memory: [mem 0xfec11000-0xfecfffff]
[    0.069937] PM: Registered nosave memory: [mem 0xfed00000-0xfed00fff]
[    0.069941] PM: Registered nosave memory: [mem 0xfed01000-0xfed7ffff]
[    0.069944] PM: Registered nosave memory: [mem 0xfed80000-0xfed8ffff]
[    0.069948] PM: Registered nosave memory: [mem 0xfed90000-0xfeffffff]
[    0.069951] PM: Registered nosave memory: [mem 0xff000000-0xffffffff]
[    0.069955] PM: Registered nosave memory: [mem 0x100000000-0x100000fff]
[    0.069962] [mem 0x9f400000-0xfebfffff] available for PCI devices
[    0.069975] clocksource: refined-jiffies: mask: 0xffffffff max_cycles: 0xffffffff, max_idle_ns: 19112604462750000 ns
[    0.487559] setup_percpu: NR_CPUS:64 nr_cpumask_bits:64 nr_cpu_ids:4 nr_node_ids:1
[    0.488736] percpu: Embedded 51 pages/cpu s170008 r8192 d30696 u524288
[    0.488775] pcpu-alloc: s170008 r8192 d30696 u524288 alloc=1*2097152
[    0.488778] pcpu-alloc: [0] 0 1 2 3 
[    0.488856] Built 1 zonelists, mobility grouping on.  Total pages: 888147
[    0.488862] Policy zone: Normal
[    0.488869] Kernel command line: BOOT_IMAGE=/boot/bzImage root=/dev/sda2 ro
[    0.552642] Memory: 3432176K/3609080K available (14357K kernel code, 1432K rwdata, 4452K rodata, 1296K init, 856K bss, 176904K reserved, 0K cma-reserved)
[    0.552852] SLUB: HWalign=64, Order=0-3, MinObjects=0, CPUs=4, Nodes=1
[    0.553091] rcu: Hierarchical RCU implementation.
[    0.553096] rcu: 	RCU event tracing is enabled.
[    0.553100] rcu: 	RCU restricting CPUs from NR_CPUS=64 to nr_cpu_ids=4.
[    0.553105] rcu: RCU calculated value of scheduler-enlistment delay is 10 jiffies.
[    0.553112] rcu: Adjusting geometry for rcu_fanout_leaf=16, nr_cpu_ids=4
[    0.553699] NR_IRQS: 4352, nr_irqs: 1000, preallocated irqs: 16
[    0.554178] random: get_random_bytes called from start_kernel+0x2c6/0x493 with crng_init=0
[    0.554261] Console: colour dummy device 80x25
[    0.554975] printk: console [tty0] enabled
[    0.555022] ACPI: Core revision 20190509
[    0.555743] clocksource: hpet: mask: 0xffffffff max_cycles: 0xffffffff, max_idle_ns: 133484873504 ns
[    0.555774] hpet clockevent registered
[    0.555785] APIC: Switch to symmetric I/O mode setup
[    0.556528] ..TIMER: vector=0x30 apic1=0 pin1=2 apic2=-1 pin2=-1
[    0.605785] clocksource: tsc-early: mask: 0xffffffffffffffff max_cycles: 0x1cc65f36a68, max_idle_ns: 881590538042 ns
[    0.605802] Calibrating delay loop (skipped), value calculated using timer frequency.. 1996.25 BogoMIPS (lpj=9981290)
[    0.605820] pid_max: default: 32768 minimum: 301
[    0.608368] LSM: Security Framework initializing
[    0.608401] SELinux:  Initializing.
[    0.608439] *** VALIDATE SELinux ***
[    0.610662] Dentry cache hash table entries: 524288 (order: 10, 4194304 bytes)
[    0.611827] Inode-cache hash table entries: 262144 (order: 9, 2097152 bytes)
[    0.611929] Mount-cache hash table entries: 8192 (order: 4, 65536 bytes)
[    0.611974] Mountpoint-cache hash table entries: 8192 (order: 4, 65536 bytes)
[    0.612362] *** VALIDATE proc ***
[    0.612454] *** VALIDATE cgroup1 ***
[    0.612467] *** VALIDATE cgroup2 ***
[    0.612569] LVT offset 1 assigned for vector 0xf9
[    0.612586] Last level iTLB entries: 4KB 512, 2MB 8, 4MB 4
[    0.612595] Last level dTLB entries: 4KB 512, 2MB 256, 4MB 128, 1GB 0
[    0.612606] Spectre V2 : Mitigation: Full AMD retpoline
[    0.612613] Spectre V2 : Spectre v2 / SpectreRSB mitigation: Filling RSB on context switch
[    0.612626] Speculative Store Bypass: Mitigation: Speculative Store Bypass disabled via prctl and seccomp
[    0.613196] Freeing SMP alternatives memory: 40K
[    0.625800] smpboot: CPU0: AMD A4-1200 APU with Radeon(TM) HD Graphics (family: 0x16, model: 0x0, stepping: 0x1)
[    0.625800] Performance Events: AMD PMU driver.
[    0.625800] ... version:                0
[    0.625800] ... bit width:              48
[    0.625800] ... generic registers:      4
[    0.625800] ... value mask:             0000ffffffffffff
[    0.625800] ... max period:             00007fffffffffff
[    0.625800] ... fixed-purpose events:   0
[    0.625800] ... event mask:             000000000000000f
[    0.625800] rcu: Hierarchical SRCU implementation.
[    0.625800] MCE: In-kernel MCE decoding enabled.
[    0.625800] smp: Bringing up secondary CPUs ...
[    0.625800] x86: Booting SMP configuration:
[    0.625800] .... node  #0, CPUs:      #1
[    0.625800] smp: Brought up 1 node, 2 CPUs
[    0.625800] smpboot: Max logical packages: 2
[    0.625800] smpboot: Total of 2 processors activated (3992.51 BogoMIPS)
[    0.625800] devtmpfs: initialized
[    0.625800] PM: Registering ACPI NVS region [mem 0x9d371000-0x9dc56fff] (9330688 bytes)
[    0.625800] PM: Registering ACPI NVS region [mem 0x9e9cc000-0x9e9d3fff] (32768 bytes)
[    0.625800] clocksource: jiffies: mask: 0xffffffff max_cycles: 0xffffffff, max_idle_ns: 19112604462750000 ns
[    0.625800] futex hash table entries: 1024 (order: 4, 65536 bytes)
[    0.625800] kworker/u8:0 (22) used greatest stack depth: 14624 bytes left
[    0.625800] NET: Registered protocol family 16
[    0.625800] audit: initializing netlink subsys (disabled)
[    0.625800] audit: type=2000 audit(1558765832.060:1): state=initialized audit_enabled=0 res=1
[    0.625800] cpuidle: using governor ladder
[    0.625800] cpuidle: using governor menu
[    0.625800] ACPI FADT declares the system doesn't support PCIe ASPM, so disable it
[    0.625800] ACPI: bus type PCI registered
[    0.625800] PCI: MMCONFIG for domain 0000 [bus 00-ff] at [mem 0xe0000000-0xefffffff] (base 0xe0000000)
[    0.625800] PCI: not using MMCONFIG
[    0.625800] PCI: Using configuration type 1 for base access
[    0.625800] PCI: Using configuration type 1 for extended access
[    0.641382] kworker/u8:0 (45) used greatest stack depth: 14160 bytes left
[    0.670931] HugeTLB registered 2.00 MiB page size, pre-allocated 0 pages
[    0.683317] ACPI: Added _OSI(Module Device)
[    0.683317] ACPI: Added _OSI(Processor Device)
[    0.683317] ACPI: Added _OSI(3.0 _SCP Extensions)
[    0.683317] ACPI: Added _OSI(Processor Aggregator Device)
[    0.683317] ACPI: Added _OSI(Linux-Dell-Video)
[    0.683317] ACPI: Added _OSI(Linux-Lenovo-NV-HDMI-Audio)
[    0.683317] ACPI: Added _OSI(Linux-HPI-Hybrid-Graphics)
[    0.716594] ACPI: 5 ACPI AML tables successfully acquired and loaded
[    0.719914] ACPI: EC: EC started
[    0.719923] ACPI: EC: interrupt blocked
[    0.722026] ACPI: \: Used as first EC
[    0.722038] ACPI: \: GPE=0x3, EC_CMD/EC_SC=0x66, EC_DATA=0x62
[    0.722045] ACPI: EC: Boot ECDT EC used to handle transactions
[    0.727161] ACPI: [Firmware Bug]: BIOS _OSI(Linux) query ignored
[    0.731718] ACPI: Interpreter enabled
[    0.731796] ACPI: (supports S0 S3 S4 S5)
[    0.731806] ACPI: Using IOAPIC for interrupt routing
[    0.735538] PCI: MMCONFIG for domain 0000 [bus 00-ff] at [mem 0xe0000000-0xefffffff] (base 0xe0000000)
[    0.735538] PCI: MMCONFIG at [mem 0xe0000000-0xefffffff] reserved in ACPI motherboard resources
[    0.735538] PCI: Using host bridge windows from ACPI; if necessary, use "pci=nocrs" and report a bug
[    0.735806] ACPI: Enabled 3 GPEs in block 00 to 1F
[    0.758025] ACPI: PCI Root Bridge [PCI0] (domain 0000 [bus 00-ff])
[    0.758059] acpi PNP0A08:00: _OSC: OS supports [ExtendedConfig ASPM ClockPM Segments MSI HPX-Type3]
[    0.758687] acpi PNP0A08:00: _OSC: platform does not support [LTR]
[    0.759278] acpi PNP0A08:00: _OSC: OS now controls [PME AER PCIeCapability]
[    0.759290] acpi PNP0A08:00: FADT indicates ASPM is unsupported, using BIOS configuration
[    0.759852] PCI host bridge to bus 0000:00
[    0.759866] pci_bus 0000:00: root bus resource [io  0x0000-0x03af window]
[    0.759877] pci_bus 0000:00: root bus resource [io  0x03e0-0x0cf7 window]
[    0.759888] pci_bus 0000:00: root bus resource [io  0x03b0-0x03df window]
[    0.759898] pci_bus 0000:00: root bus resource [io  0x0d00-0xffff window]
[    0.759909] pci_bus 0000:00: root bus resource [mem 0x000a0000-0x000bffff window]
[    0.759921] pci_bus 0000:00: root bus resource [mem 0x000c0000-0x000dffff window]
[    0.759934] pci_bus 0000:00: root bus resource [mem 0xc0000000-0xffffffff window]
[    0.759946] pci_bus 0000:00: root bus resource [bus 00-ff]
[    0.759976] pci 0000:00:00.0: [1022:1536] type 00 class 0x060000
[    0.760274] pci 0000:00:01.0: [1002:9839] type 00 class 0x030000
[    0.760315] pci 0000:00:01.0: reg 0x10: [mem 0xc0000000-0xcfffffff 64bit pref]
[    0.760340] pci 0000:00:01.0: reg 0x18: [mem 0xd0000000-0xd07fffff 64bit pref]
[    0.760360] pci 0000:00:01.0: reg 0x20: [io  0xf000-0xf0ff]
[    0.760378] pci 0000:00:01.0: reg 0x24: [mem 0xfeb00000-0xfeb3ffff]
[    0.760396] pci 0000:00:01.0: reg 0x30: [mem 0xfeb40000-0xfeb5ffff pref]
[    0.760410] pci 0000:00:01.0: enabling Extended Tags
[    0.760441] pci 0000:00:01.0: BAR 0: assigned to efifb
[    0.760497] pci 0000:00:01.0: supports D1 D2
[    0.760507] pci 0000:00:01.0: PME# supported from D1 D2 D3hot
[    0.760745] pci 0000:00:01.1: [1002:9840] type 00 class 0x040300
[    0.760781] pci 0000:00:01.1: reg 0x10: [mem 0xfeb64000-0xfeb67fff 64bit]
[    0.760821] pci 0000:00:01.1: enabling Extended Tags
[    0.760889] pci 0000:00:01.1: supports D1 D2
[    0.761089] pci 0000:00:02.0: [1022:1538] type 00 class 0x060000
[    0.761337] pci 0000:00:02.2: [1022:1439] type 01 class 0x060400
[    0.761406] pci 0000:00:02.2: enabling Extended Tags
[    0.761488] pci 0000:00:02.2: PME# supported from D0 D3hot D3cold
[    0.761728] pci 0000:00:02.3: [1022:1439] type 01 class 0x060400
[    0.761796] pci 0000:00:02.3: enabling Extended Tags
[    0.761875] pci 0000:00:02.3: PME# supported from D0 D3hot D3cold
[    0.762143] pci 0000:00:10.0: [1022:7814] type 00 class 0x0c0330
[    0.762187] pci 0000:00:10.0: reg 0x10: [mem 0xfeb68000-0xfeb69fff 64bit]
[    0.762329] pci 0000:00:10.0: PME# supported from D0 D3hot D3cold
[    0.762578] pci 0000:00:11.0: [1022:7801] type 00 class 0x010601
[    0.762615] pci 0000:00:11.0: reg 0x10: [io  0xf140-0xf147]
[    0.762634] pci 0000:00:11.0: reg 0x14: [io  0xf130-0xf133]
[    0.762652] pci 0000:00:11.0: reg 0x18: [io  0xf120-0xf127]
[    0.762670] pci 0000:00:11.0: reg 0x1c: [io  0xf110-0xf113]
[    0.762688] pci 0000:00:11.0: reg 0x20: [io  0xf100-0xf10f]
[    0.762707] pci 0000:00:11.0: reg 0x24: [mem 0xfeb6f000-0xfeb6f3ff]
[    0.762784] pci 0000:00:11.0: PME# supported from D3hot
[    0.763001] pci 0000:00:12.0: [1022:7807] type 00 class 0x0c0310
[    0.763029] pci 0000:00:12.0: reg 0x10: [mem 0xfeb6e000-0xfeb6efff]
[    0.763290] pci 0000:00:12.2: [1022:7808] type 00 class 0x0c0320
[    0.763325] pci 0000:00:12.2: reg 0x10: [mem 0xfeb6d000-0xfeb6d0ff]
[    0.763429] pci 0000:00:12.2: supports D1 D2
[    0.763439] pci 0000:00:12.2: PME# supported from D0 D1 D2 D3hot D3cold
[    0.763657] pci 0000:00:13.0: [1022:7807] type 00 class 0x0c0310
[    0.763686] pci 0000:00:13.0: reg 0x10: [mem 0xfeb6c000-0xfeb6cfff]
[    0.763945] pci 0000:00:13.2: [1022:7808] type 00 class 0x0c0320
[    0.763979] pci 0000:00:13.2: reg 0x10: [mem 0xfeb6b000-0xfeb6b0ff]
[    0.764083] pci 0000:00:13.2: supports D1 D2
[    0.764093] pci 0000:00:13.2: PME# supported from D0 D1 D2 D3hot D3cold
[    0.764306] pci 0000:00:14.0: [1022:780b] type 00 class 0x0c0500
[    0.764569] pci 0000:00:14.2: [1022:780d] type 00 class 0x040300
[    0.764607] pci 0000:00:14.2: reg 0x10: [mem 0xfeb60000-0xfeb63fff 64bit]
[    0.764698] pci 0000:00:14.2: PME# supported from D0 D3hot D3cold
[    0.764907] pci 0000:00:14.3: [1022:780e] type 00 class 0x060100
[    0.765188] pci 0000:00:14.7: [1022:7813] type 00 class 0x080501
[    0.765222] pci 0000:00:14.7: reg 0x10: [mem 0xfeb6a000-0xfeb6a0ff 64bit]
[    0.765450] pci 0000:00:18.0: [1022:1530] type 00 class 0x060000
[    0.765668] pci 0000:00:18.1: [1022:1531] type 00 class 0x060000
[    0.771123] pci 0000:00:18.2: [1022:1532] type 00 class 0x060000
[    0.771123] pci 0000:00:18.3: [1022:1533] type 00 class 0x060000
[    0.771123] pci 0000:00:18.4: [1022:1534] type 00 class 0x060000
[    0.773646] pci 0000:00:18.5: [1022:1535] type 00 class 0x060000
[    0.774074] pci 0000:01:00.0: [168c:0032] type 00 class 0x028000
[    0.774074] pci 0000:01:00.0: reg 0x10: [mem 0xfea00000-0xfea7ffff 64bit]
[    0.774074] pci 0000:01:00.0: reg 0x30: [mem 0xfea80000-0xfea8ffff pref]
[    0.774074] pci 0000:01:00.0: supports D1 D2
[    0.774074] pci 0000:01:00.0: PME# supported from D0 D1 D2 D3hot D3cold
[    0.774645] pci 0000:00:02.2: PCI bridge to [bus 01]
[    0.774645] pci 0000:00:02.2:   bridge window [mem 0xfea00000-0xfeafffff]
[    0.774645] pci 0000:02:00.0: [10ec:8136] type 00 class 0x020000
[    0.774645] pci 0000:02:00.0: reg 0x10: [io  0xe000-0xe0ff]
[    0.774645] pci 0000:02:00.0: reg 0x18: [mem 0xd0804000-0xd0804fff 64bit pref]
[    0.774645] pci 0000:02:00.0: reg 0x20: [mem 0xd0800000-0xd0803fff 64bit pref]
[    0.774645] pci 0000:02:00.0: supports D1 D2
[    0.774645] pci 0000:02:00.0: PME# supported from D0 D1 D2 D3hot D3cold
[    0.775553] pci 0000:00:02.3: PCI bridge to [bus 02]
[    0.775553] pci 0000:00:02.3:   bridge window [io  0xe000-0xefff]
[    0.775553] pci 0000:00:02.3:   bridge window [mem 0xd0800000-0xd08fffff 64bit pref]
[    0.776946] ACPI: PCI Interrupt Link [LNKA] (IRQs 4 7 10 11 14 15) *0
[    0.776946] ACPI: PCI Interrupt Link [LNKB] (IRQs 4 7 10 11 14 15) *0
[    0.776946] ACPI: PCI Interrupt Link [LNKC] (IRQs 4 7 10 11 14 15) *0
[    0.776946] ACPI: PCI Interrupt Link [LNKD] (IRQs 4 7 10 11 14 15) *0
[    0.776946] ACPI: PCI Interrupt Link [LNKE] (IRQs 4 7 10 11 14 15) *0
[    0.776946] ACPI: PCI Interrupt Link [LNKF] (IRQs 4 7 10 11 14 15) *0
[    0.776946] ACPI: PCI Interrupt Link [LNKG] (IRQs 4 7 10 11 14 15) *0
[    0.776946] ACPI: PCI Interrupt Link [LNKH] (IRQs 4 7 10 11 14 15) *0
[    0.779736] ACPI: EC: interrupt unblocked
[    0.779736] ACPI: EC: event unblocked
[    0.779736] ACPI: \_SB_.PCI0.SBRG.EC0_: GPE=0x3, EC_CMD/EC_SC=0x66, EC_DATA=0x62
[    0.779736] ACPI: \_SB_.PCI0.SBRG.EC0_: Boot DSDT EC used to handle transactions and events
[    0.779736] pci 0000:00:01.0: vgaarb: setting as boot VGA device
[    0.779736] pci 0000:00:01.0: vgaarb: VGA device added: decodes=io+mem,owns=io+mem,locks=none
[    0.779736] pci 0000:00:01.0: vgaarb: bridge control possible
[    0.779736] vgaarb: loaded
[    0.780926] SCSI subsystem initialized
[    0.781262] libata version 3.00 loaded.
[    0.781262] ACPI: bus type USB registered
[    0.781262] usbcore: registered new interface driver usbfs
[    0.781262] usbcore: registered new interface driver hub
[    0.782123] usbcore: registered new device driver usb
[    0.782471] pps_core: LinuxPPS API ver. 1 registered
[    0.782471] pps_core: Software ver. 5.3.6 - Copyright 2005-2007 Rodolfo Giometti <giometti@linux.it>
[    0.782471] PTP clock support registered
[    0.783030] EDAC MC: Ver: 3.0.0
[    0.783030] Registered efivars operations
[    0.787215] Advanced Linux Sound Architecture Driver Initialized.
[    0.787215] PCI: Using ACPI for IRQ routing
[    0.793006] PCI: pci_cache_line_size set to 64 bytes
[    0.793121] e820: reserve RAM buffer [mem 0x9d0f8000-0x9fffffff]
[    0.793126] e820: reserve RAM buffer [mem 0x9d371000-0x9fffffff]
[    0.793131] e820: reserve RAM buffer [mem 0x9e9cc000-0x9fffffff]
[    0.793135] e820: reserve RAM buffer [mem 0x9eb25000-0x9fffffff]
[    0.793138] e820: reserve RAM buffer [mem 0x9f081000-0x9fffffff]
[    0.793141] e820: reserve RAM buffer [mem 0x9f400000-0x9fffffff]
[    0.793143] e820: reserve RAM buffer [mem 0x13f000000-0x13fffffff]
[    0.793495] NetLabel: Initializing
[    0.793504] NetLabel:  domain hash size = 128
[    0.793510] NetLabel:  protocols = UNLABELED CIPSOv4 CALIPSO
[    0.793562] NetLabel:  unlabeled traffic allowed by default
[    0.797523] hpet0: at MMIO 0xfed00000, IRQs 2, 8, 0
[    0.797523] hpet0: 3 comparators, 32-bit 14.318180 MHz counter
[    0.800193] clocksource: Switched to clocksource tsc-early
[    0.846704] VFS: Disk quotas dquot_6.6.0
[    0.846772] VFS: Dquot-cache hash table entries: 512 (order 0, 4096 bytes)
[    0.846863] *** VALIDATE hugetlbfs ***
[    0.846976] pnp: PnP ACPI init
[    0.847468] system 00:00: [mem 0xe0000000-0xefffffff] has been reserved
[    0.847560] system 00:00: Plug and Play ACPI device, IDs PNP0c01 (active)
[    0.847835] system 00:01: [mem 0xa0000000-0xbfffffff] has been reserved
[    0.847914] system 00:01: Plug and Play ACPI device, IDs PNP0c02 (active)
[    0.848181] system 00:02: Plug and Play ACPI device, IDs PNP0c02 (active)
[    0.848325] pnp 00:03: Plug and Play ACPI device, IDs PNP0b00 (active)
[    0.848559] system 00:04: [io  0x04d0-0x04d1] has been reserved
[    0.848630] system 00:04: Plug and Play ACPI device, IDs PNP0c02 (active)
[    0.848888] pnp 00:05: Plug and Play ACPI device, IDs ETD0108 SYN0a00 SYN0002 PNP0f03 PNP0f13 PNP0f12 (active)
[    0.849064] pnp 00:06: Plug and Play ACPI device, IDs ATK3001 PNP030b (active)
[    0.849872] system 00:07: [io  0x04d0-0x04d1] has been reserved
[    0.849885] system 00:07: [io  0x040b] has been reserved
[    0.849896] system 00:07: [io  0x04d6] has been reserved
[    0.849907] system 00:07: [io  0x0c00-0x0c01] has been reserved
[    0.849918] system 00:07: [io  0x0c14] has been reserved
[    0.849928] system 00:07: [io  0x0c50-0x0c51] has been reserved
[    0.849942] system 00:07: [io  0x0c52] has been reserved
[    0.849953] system 00:07: [io  0x0c6c] has been reserved
[    0.849963] system 00:07: [io  0x0c6f] has been reserved
[    0.849973] system 00:07: [io  0x0cd0-0x0cd1] has been reserved
[    0.849984] system 00:07: [io  0x0cd2-0x0cd3] has been reserved
[    0.849994] system 00:07: [io  0x0cd4-0x0cd5] has been reserved
[    0.850005] system 00:07: [io  0x0cd6-0x0cd7] has been reserved
[    0.850015] system 00:07: [io  0x0cd8-0x0cdf] has been reserved
[    0.850025] system 00:07: [io  0x0800-0x089f] has been reserved
[    0.850036] system 00:07: [io  0x0900-0x090f] has been reserved
[    0.850046] system 00:07: [io  0x0910-0x091f] has been reserved
[    0.850057] system 00:07: [io  0xfe00-0xfefe] has been reserved
[    0.850070] system 00:07: [mem 0xfec00000-0xfec00fff] could not be reserved
[    0.850082] system 00:07: [mem 0xfee00000-0xfee00fff] has been reserved
[    0.850094] system 00:07: [mem 0xfed80000-0xfed8ffff] has been reserved
[    0.850105] system 00:07: [mem 0xfed61000-0xfed70fff] has been reserved
[    0.850117] system 00:07: [mem 0xfec10000-0xfec10fff] has been reserved
[    0.850128] system 00:07: [mem 0xfed00000-0xfed00fff] could not be reserved
[    0.850140] system 00:07: [mem 0xff000000-0xffffffff] has been reserved
[    0.850213] system 00:07: Plug and Play ACPI device, IDs PNP0c02 (active)
[    0.851065] pnp: PnP ACPI: found 8 devices
[    0.866261] clocksource: acpi_pm: mask: 0xffffff max_cycles: 0xffffff, max_idle_ns: 2085701024 ns
[    0.866873] pci 0000:00:02.2: PCI bridge to [bus 01]
[    0.866895] pci 0000:00:02.2:   bridge window [mem 0xfea00000-0xfeafffff]
[    0.866914] pci 0000:00:02.3: PCI bridge to [bus 02]
[    0.866926] pci 0000:00:02.3:   bridge window [io  0xe000-0xefff]
[    0.866942] pci 0000:00:02.3:   bridge window [mem 0xd0800000-0xd08fffff 64bit pref]
[    0.866966] pci_bus 0000:00: resource 4 [io  0x0000-0x03af window]
[    0.866977] pci_bus 0000:00: resource 5 [io  0x03e0-0x0cf7 window]
[    0.866987] pci_bus 0000:00: resource 6 [io  0x03b0-0x03df window]
[    0.866998] pci_bus 0000:00: resource 7 [io  0x0d00-0xffff window]
[    0.867008] pci_bus 0000:00: resource 8 [mem 0x000a0000-0x000bffff window]
[    0.867018] pci_bus 0000:00: resource 9 [mem 0x000c0000-0x000dffff window]
[    0.867029] pci_bus 0000:00: resource 10 [mem 0xc0000000-0xffffffff window]
[    0.867040] pci_bus 0000:01: resource 1 [mem 0xfea00000-0xfeafffff]
[    0.867051] pci_bus 0000:02: resource 0 [io  0xe000-0xefff]
[    0.867060] pci_bus 0000:02: resource 2 [mem 0xd0800000-0xd08fffff 64bit pref]
[    0.867325] NET: Registered protocol family 2
[    0.867781] tcp_listen_portaddr_hash hash table entries: 2048 (order: 3, 32768 bytes)
[    0.867851] TCP established hash table entries: 32768 (order: 6, 262144 bytes)
[    0.868076] TCP bind hash table entries: 32768 (order: 7, 524288 bytes)
[    0.868318] TCP: Hash tables configured (established 32768 bind 32768)
[    0.868476] UDP hash table entries: 2048 (order: 4, 65536 bytes)
[    0.868532] UDP-Lite hash table entries: 2048 (order: 4, 65536 bytes)
[    0.868709] NET: Registered protocol family 1
[    0.873128] RPC: Registered named UNIX socket transport module.
[    0.873138] RPC: Registered udp transport module.
[    0.873145] RPC: Registered tcp transport module.
[    0.873152] RPC: Registered tcp NFSv4.1 backchannel transport module.
[    0.873642] pci 0000:00:01.0: Video device with shadowed ROM at [mem 0x000c0000-0x000dffff]
[    0.874147] pci 0000:00:12.0: enabling device (0000 -> 0002)
[    0.874755] pci 0000:00:12.2: PME# does not work under D3, disabling it
[    0.874780] pci 0000:00:13.0: enabling device (0000 -> 0002)
[    0.875435] pci 0000:00:13.2: PME# does not work under D3, disabling it
[    0.875532] PCI: CLS 64 bytes, default 64
[    0.875682] PCI-DMA: Using software bounce buffering for IO (SWIOTLB)
[    0.875694] software IO TLB: mapped [mem 0x97989000-0x9b989000] (64MB)
[    0.875886] amd_uncore: AMD NB counters detected
[    0.875902] amd_uncore: AMD LLC counters detected
[    0.876022] LVT offset 0 assigned for vector 0x400
[    0.876089] perf: AMD IBS detected (0x000000ff)
[    0.876110] kvm: no hardware support
[    0.876218] kvm: Nested Virtualization enabled
[    0.876230] kvm: Nested Paging enabled
[    0.877155] check: Scanning for low memory corruption every 60 seconds
[    0.879589] Initialise system trusted keyrings
[    0.880046] workingset: timestamp_bits=56 max_order=20 bucket_order=0
[    0.896385] fuse: init (API version 7.30)
[    0.896994] Key type asymmetric registered
[    0.897004] Asymmetric key parser 'x509' registered
[    0.897088] Block layer SCSI generic (bsg) driver version 0.4 loaded (major 249)
[    0.897102] io scheduler mq-deadline registered
[    0.897110] io scheduler kyber registered
[    0.897914] pcieport 0000:00:02.2: PME: Signaling with IRQ 25
[    0.898560] pcieport 0000:00:02.3: PME: Signaling with IRQ 27
[    0.901406] uvesafb: failed to execute /sbin/v86d
[    0.901422] uvesafb: make sure that the v86d helper is installed and executable
[    0.901434] uvesafb: Getting VBE info block failed (eax=0x4f00, err=-2)
[    0.901443] uvesafb: vbe_init() failed with -22
[    0.901461] uvesafb: probe of uvesafb.0 failed with error -22
[    0.901602] efifb: probing for efifb
[    0.901655] efifb: framebuffer at 0xc0000000, using 4224k, total 4224k
[    0.901665] efifb: mode is 1366x768x32, linelength=5632, pages=1
[    0.901671] efifb: scrolling: redraw
[    0.901680] efifb: Truecolor: size=8:8:8:8, shift=24:16:8:0
[    0.912295] Console: switching to colour frame buffer device 170x48
[    0.921987] fb0: EFI VGA frame buffer device
[    0.922651] ACPI: AC Adapter [AC0] (on-line)
[    0.923056] input: Power Button as /devices/LNXSYSTM:00/LNXSYBUS:00/PNP0C0C:00/input/input0
[    0.923215] ACPI: Power Button [PWRB]
[    0.923497] input: Lid Switch as /devices/LNXSYSTM:00/LNXSYBUS:00/PNP0C0D:00/input/input1
[    0.923644] ACPI: Lid Switch [LID]
[    0.923912] input: Sleep Button as /devices/LNXSYSTM:00/LNXSYBUS:00/PNP0C0E:00/input/input2
[    0.924075] ACPI: Sleep Button [SLPB]
[    0.924342] input: Power Button as /devices/LNXSYSTM:00/LNXPWRBN:00/input/input3
[    0.924478] ACPI: Power Button [PWRF]
[    0.928466] thermal LNXTHERM:00: registered as thermal_zone0
[    0.928574] ACPI: Thermal Zone [THRM] (41 C)
[    0.930064] Serial: 8250/16550 driver, 4 ports, IRQ sharing enabled
[    0.936728] Non-volatile memory driver v1.3
[    0.936936] Linux agpgart interface v0.103
[    0.944413] loop: module loaded
[    0.945331] ahci 0000:00:11.0: version 3.0
[    0.945738] ahci 0000:00:11.0: AHCI 0001.0300 32 slots 2 ports 6 Gbps 0x3 impl SATA mode
[    0.945876] ahci 0000:00:11.0: flags: 64bit ncq sntf ilck pm led clo pmp pio slum part 
[    0.952491] scsi host0: ahci
[    0.956419] scsi host1: ahci
[    0.959797] ata1: SATA max UDMA/133 abar m1024@0xfeb6f000 port 0xfeb6f100 irq 28
[    0.962954] ata2: SATA max UDMA/133 abar m1024@0xfeb6f000 port 0xfeb6f180 irq 28
[    0.966904] tun: Universal TUN/TAP device driver, 1.6
[    0.970196] e1000: Intel(R) PRO/1000 Network Driver - version 7.3.21-k8-NAPI
[    0.973358] e1000: Copyright (c) 1999-2006 Intel Corporation.
[    0.977134] e1000e: Intel(R) PRO/1000 Network Driver - 3.2.6-k
[    0.980241] e1000e: Copyright(c) 1999 - 2015 Intel Corporation.
[    0.983403] sky2: driver version 1.30
[    0.986719] r8169 0000:02:00.0: can't disable ASPM; OS doesn't have ASPM control
[    0.990743] libphy: r8169: probed
[    0.994280] r8169 0000:02:00.0 eth0: RTL8105e, 74:d0:2b:a3:a6:42, XID 40a, IRQ 30
[    0.997921] ath9k 0000:01:00.0: enabling device (0000 -> 0002)
[    1.001465] ath: phy0: Disable PLL PowerSave
[    1.012153] ath: phy0: ASPM enabled: 0x42
[    1.015344] ath: EEPROM regdomain: 0x60
[    1.015346] ath: EEPROM indicates we should expect a direct regpair map
[    1.015351] ath: Country alpha2 being used: 00
[    1.015353] ath: Regpair used: 0x60
[    1.018063] ieee80211 phy0: Selected rate control algorithm 'minstrel_ht'
[    1.018568] ieee80211 phy0: Atheros AR9485 Rev:1 mem=0xffffbdc602e80000, irq=31
[    1.022194] ehci_hcd: USB 2.0 'Enhanced' Host Controller (EHCI) Driver
[    1.025489] ehci-pci: EHCI PCI platform driver
[    1.029336] ehci-pci 0000:00:12.2: EHCI Host Controller
[    1.032696] ehci-pci 0000:00:12.2: new USB bus registered, assigned bus number 1
[    1.036241] ehci-pci 0000:00:12.2: applying AMD SB700/SB800/Hudson-2/3 EHCI dummy qh workaround
[    1.039585] ehci-pci 0000:00:12.2: debug port 1
[    1.043512] ehci-pci 0000:00:12.2: irq 17, io mem 0xfeb6d000
[    1.075017] ehci-pci 0000:00:12.2: USB 2.0 started, EHCI 1.00
[    1.078340] usb usb1: New USB device found, idVendor=1d6b, idProduct=0002, bcdDevice= 5.02
[    1.081645] usb usb1: New USB device strings: Mfr=3, Product=2, SerialNumber=1
[    1.084901] usb usb1: Product: EHCI Host Controller
[    1.088110] usb usb1: Manufacturer: Linux 5.2.0-rc1+ ehci_hcd
[    1.091274] usb usb1: SerialNumber: 0000:00:12.2
[    1.095471] hub 1-0:1.0: USB hub found
[    1.098526] hub 1-0:1.0: 4 ports detected
[    1.103765] ehci-pci 0000:00:13.2: EHCI Host Controller
[    1.106926] ehci-pci 0000:00:13.2: new USB bus registered, assigned bus number 2
[    1.109891] ehci-pci 0000:00:13.2: applying AMD SB700/SB800/Hudson-2/3 EHCI dummy qh workaround
[    1.112886] ehci-pci 0000:00:13.2: debug port 1
[    1.116002] ehci-pci 0000:00:13.2: irq 17, io mem 0xfeb6b000
[    1.145017] ehci-pci 0000:00:13.2: USB 2.0 started, EHCI 1.00
[    1.148007] usb usb2: New USB device found, idVendor=1d6b, idProduct=0002, bcdDevice= 5.02
[    1.150992] usb usb2: New USB device strings: Mfr=3, Product=2, SerialNumber=1
[    1.153987] usb usb2: Product: EHCI Host Controller
[    1.156942] usb usb2: Manufacturer: Linux 5.2.0-rc1+ ehci_hcd
[    1.159874] usb usb2: SerialNumber: 0000:00:13.2
[    1.163229] hub 2-0:1.0: USB hub found
[    1.166170] hub 2-0:1.0: 4 ports detected
[    1.171112] ohci_hcd: USB 1.1 'Open' Host Controller (OHCI) Driver
[    1.174073] ohci-pci: OHCI PCI platform driver
[    1.177345] ohci-pci 0000:00:12.0: OHCI PCI host controller
[    1.180361] ohci-pci 0000:00:12.0: new USB bus registered, assigned bus number 3
[    1.183333] ohci-pci 0000:00:12.0: irq 18, io mem 0xfeb6e000
[    1.256780] battery: ACPI: Battery Slot [BAT0] (battery present)
[    1.263941] usb usb3: New USB device found, idVendor=1d6b, idProduct=0001, bcdDevice= 5.02
[    1.266919] usb usb3: New USB device strings: Mfr=3, Product=2, SerialNumber=1
[    1.269842] usb usb3: Product: OHCI PCI host controller
[    1.272722] usb usb3: Manufacturer: Linux 5.2.0-rc1+ ohci_hcd
[    1.275589] usb usb3: SerialNumber: 0000:00:12.0
[    1.279025] hub 3-0:1.0: USB hub found
[    1.281834] hub 3-0:1.0: 4 ports detected
[    1.286961] ohci-pci 0000:00:13.0: OHCI PCI host controller
[    1.289936] ohci-pci 0000:00:13.0: new USB bus registered, assigned bus number 4
[    1.292825] ohci-pci 0000:00:13.0: irq 18, io mem 0xfeb6c000
[    1.305015] ata2: SATA link down (SStatus 0 SControl 300)
[    1.369108] usb usb4: New USB device found, idVendor=1d6b, idProduct=0001, bcdDevice= 5.02
[    1.371957] usb usb4: New USB device strings: Mfr=3, Product=2, SerialNumber=1
[    1.374776] usb usb4: Product: OHCI PCI host controller
[    1.377572] usb usb4: Manufacturer: Linux 5.2.0-rc1+ ohci_hcd
[    1.380381] usb usb4: SerialNumber: 0000:00:13.0
[    1.383585] hub 4-0:1.0: USB hub found
[    1.386411] hub 4-0:1.0: 4 ports detected
[    1.391323] uhci_hcd: USB Universal Host Controller Interface driver
[    1.394303] usbcore: registered new interface driver usblp
[    1.397309] usbcore: registered new interface driver usb-storage
[    1.400225] usbcore: registered new interface driver ch341
[    1.402972] usbserial: USB Serial support registered for ch341-uart
[    1.406036] i8042: PNP: PS/2 Controller [PNP030b:PS2K,PNP0f03:PS2M] at 0x60,0x64 irq 1,12
[    1.410578] i8042: Detected active multiplexing controller, rev 1.1
[    1.414115] serio: i8042 KBD port at 0x60,0x64 irq 1
[    1.416986] serio: i8042 AUX0 port at 0x60,0x64 irq 12
[    1.419850] serio: i8042 AUX1 port at 0x60,0x64 irq 12
[    1.422684] serio: i8042 AUX2 port at 0x60,0x64 irq 12
[    1.425569] serio: i8042 AUX3 port at 0x60,0x64 irq 12
[    1.428800] mousedev: PS/2 mouse device common for all mice
[    1.432446] rtc_cmos 00:03: RTC can wake from S4
[    1.435462] rtc_cmos 00:03: registered as rtc0
[    1.438103] rtc_cmos 00:03: alarms up to one month, y3k, 114 bytes nvram, hpet irqs
[    1.441342] device-mapper: ioctl: 4.40.0-ioctl (2019-01-18) initialised: dm-devel@redhat.com
[    1.444292] EFI Variables Facility v0.08 2004-May-17
[    1.457023] hidraw: raw HID events driver (C) Jiri Kosina
[    1.462384] usbcore: registered new interface driver usbhid
[    1.465183] usbhid: USB HID core driver
[    1.473673] input: AT Translated Set 2 keyboard as /devices/platform/i8042/serio0/input/input4
[    1.479450] snd_hda_intel 0000:00:01.1: enabling device (0000 -> 0002)
[    1.482572] snd_hda_intel 0000:00:01.1: Force to non-snoop mode
[    1.490813] Initializing XFRM netlink socket
[    1.494683] NET: Registered protocol family 10
[    1.497467] ata1: SATA link up 6.0 Gbps (SStatus 133 SControl 300)
[    1.501177] Segment Routing with IPv6
[    1.504451] sit: IPv6, IPv4 and MPLS over IPv4 tunneling driver
[    1.507798] ata1.00: ATA-8: KINGSTON SV300S37A120G, 603ABBF0, max UDMA/133
[    1.507926] snd_hda_codec_generic hdaudioC0D0: autoconfig for Generic: line_outs=0 (0x0/0x0/0x0/0x0/0x0) type:line
[    1.510604] ata1.00: 234441648 sectors, multi 1: LBA48 NCQ (depth 32), AA
[    1.513548] snd_hda_codec_generic hdaudioC0D0:    speaker_outs=0 (0x0/0x0/0x0/0x0/0x0)
[    1.513554] snd_hda_codec_generic hdaudioC0D0:    hp_outs=0 (0x0/0x0/0x0/0x0/0x0)
[    1.513558] snd_hda_codec_generic hdaudioC0D0:    mono: mono_out=0x0
[    1.513563] snd_hda_codec_generic hdaudioC0D0:    dig-out=0x3/0x0
[    1.521941] ata1.00: configured for UDMA/133
[    1.522535] snd_hda_codec_generic hdaudioC0D0:    inputs:
[    1.534768] scsi 0:0:0:0: Direct-Access     ATA      KINGSTON SV300S3 BBF0 PQ: 0 ANSI: 5
[    1.538592] random: fast init done
[    1.544975] sd 0:0:0:0: [sda] 234441648 512-byte logical blocks: (120 GB/112 GiB)
[    1.547999] sd 0:0:0:0: [sda] Write Protect is off
[    1.550987] sd 0:0:0:0: [sda] Mode Sense: 00 3a 00 00
[    1.551354] sd 0:0:0:0: Attached scsi generic sg0 type 0
[    1.554446] sd 0:0:0:0: [sda] Write cache: enabled, read cache: enabled, doesn't support DPO or FUA
[    1.558033] NET: Registered protocol family 17
[    1.562275] snd_hda_codec_realtek hdaudioC1D0: autoconfig for ALC3229: line_outs=1 (0x14/0x0/0x0/0x0/0x0) type:speaker
[    1.565566] snd_hda_codec_realtek hdaudioC1D0:    speaker_outs=0 (0x0/0x0/0x0/0x0/0x0)
[    1.568817] snd_hda_codec_realtek hdaudioC1D0:    hp_outs=1 (0x21/0x0/0x0/0x0/0x0)
[    1.571993] snd_hda_codec_realtek hdaudioC1D0:    mono: mono_out=0x0
[    1.575114] snd_hda_codec_realtek hdaudioC1D0:    inputs:
[    1.578176] snd_hda_codec_realtek hdaudioC1D0:      Mic=0x19
[    1.582288] mce: Using 6 MCE banks
[    1.585577] microcode: CPU0: patch_level=0x0700010b
[    1.588708] microcode: CPU1: patch_level=0x0700010b
[    1.592105] microcode: Microcode Update Driver: v2.2.
[    1.592142] sched_clock: Marking stable (1583633518, 1724427)->(1709748765, -124390820)
[    1.599359]  sda: sda1 sda2 sda3 sda4 sda5 sda6
[    1.602684] registered taskstats version 1
[    1.605879] Loading compiled-in X.509 certificates
[    1.613811] sd 0:0:0:0: [sda] Attached SCSI disk
[    1.618170] input: HDA ATI HDMI HDMI as /devices/pci0000:00/0000:00:01.1/sound/card0/input10
[    1.621407] rq->nr_running rq->cfs.nr_running : 1 1
[    1.624581] rq->load.weight, rq->cfs.load.weight : 1048576 1048576
[    1.637272] input: HD-Audio Generic Headphone as /devices/pci0000:00/0000:00:14.2/sound/card1/input11
[    1.646248] acpi_cpufreq: overriding BIOS provided _PSD data
[    1.649791] cfg80211: Loading compiled-in X.509 certificates for regulatory database
[    1.654641] cfg80211: Loaded X.509 cert 'sforshee: 00b28ddf47aef9cea7'
[    1.658092] platform regulatory.0: Direct firmware load for regulatory.db failed with error -2
[    1.661884] cfg80211: failed to load regulatory.db
[    1.665286] ALSA device list:
[    1.668769]   #0: HDA ATI HDMI at 0xfeb64000 irq 33
[    1.672137]   #1: HD-Audio Generic at 0xfeb60000 irq 16
[    1.855871] usb 4-2: new full-speed USB device number 2 using ohci-pci
[    1.915818] tsc: Refined TSC clocksource calibration: 998.128 MHz
[    1.919016] clocksource: tsc: mask: 0xffffffffffffffff max_cycles: 0x1cc65d64e77, max_idle_ns: 881590512558 ns
[    1.922805] clocksource: Switched to clocksource tsc
[    2.128814] usb 4-2: New USB device found, idVendor=13d3, idProduct=3362, bcdDevice= 0.01
[    2.132196] usb 4-2: New USB device strings: Mfr=1, Product=2, SerialNumber=3
[    2.135590] usb 4-2: Product: Bluetooth USB Host Controller
[    2.138975] usb 4-2: Manufacturer: Atheros Communications
[    2.142342] usb 4-2: SerialNumber: Alaska Day 2006
[    2.298880] input: PS/2 Logitech Wheel Mouse as /devices/platform/i8042/serio4/input/input14
[    2.304991] md: Waiting for all devices to be available before autodetect
[    2.308391] md: If you don't use raid, use raid=noautodetect
[    2.312220] md: Autodetecting RAID arrays.
[    2.315583] md: autorun ...
[    2.318879] md: ... autorun DONE.
[    2.327061] EXT4-fs (sda2): mounted filesystem with ordered data mode. Opts: (null)
[    2.330374] VFS: Mounted root (ext4 filesystem) readonly on device 8:2.
[    2.334862] devtmpfs: mounted
[    2.338990] Freeing unused kernel image memory: 1296K
[    2.375878] Write protecting the kernel read-only data: 22528k
[    2.380815] Freeing unused kernel image memory: 1984K
[    2.385348] Freeing unused kernel image memory: 1692K
[    2.388720] Run /sbin/init as init process
[    2.446307] stty (1756) used greatest stack depth: 13792 bytes left
[    2.495920] usb 2-3: new high-speed USB device number 3 using ehci-pci
[    2.550062] sed (1770) used greatest stack depth: 13560 bytes left
[    2.635909] color, tsk->comm, weight, vruntime: 1 S05modules 1048576 2033819761
[    2.635913] rq->nr_running rq->cfs.nr_running : 3 3
[    2.643437] rq->load.weight, rq->cfs.load.weight : 0 0
[    2.718436] ip (1814) used greatest stack depth: 12552 bytes left
[    2.738754] usb 2-3: New USB device found, idVendor=04f2, idProduct=b404, bcdDevice=69.63
[    2.742638] usb 2-3: New USB device strings: Mfr=3, Product=1, SerialNumber=2
[    2.746543] usb 2-3: Product: USB2.0 HD UVC WebCam
[    2.750408] usb 2-3: Manufacturer: Chicony Electronics Co.,Ltd.
[    2.754231] usb 2-3: SerialNumber: 0x0001
[    2.832165] udevd[1848]: starting version 3.2.1
[    2.841881] random: udevd: uninitialized urandom read (16 bytes read)
[    2.846167] random: udevd: uninitialized urandom read (16 bytes read)
[    2.850291] random: udevd: uninitialized urandom read (16 bytes read)
[    2.868365] udevd[1849]: starting eudev-3.2.1
[    3.226558] ath9k 0000:01:00.0 wlp1s0: renamed from wlan0
[    3.281932] r8169 0000:02:00.0 enp2s0: renamed from eth0
[    3.413169] [drm] radeon kernel modesetting enabled.
[    3.416887] radeon 0000:00:01.0: remove_conflicting_pci_framebuffers: bar 0: 0xc0000000 -> 0xcfffffff
[    3.420540] radeon 0000:00:01.0: remove_conflicting_pci_framebuffers: bar 2: 0xd0000000 -> 0xd07fffff
[    3.424129] radeon 0000:00:01.0: remove_conflicting_pci_framebuffers: bar 5: 0xfeb00000 -> 0xfeb3ffff
[    3.471448] checking generic (c0000000 420000) vs hw (c0000000 10000000)
[    3.471454] fb0: switching to radeondrmfb from EFI VGA
[    3.475155] Console: switching to colour dummy device 80x25
[    3.485655] radeon 0000:00:01.0: vgaarb: deactivate vga console
[    3.488453] [drm] initializing kernel modesetting (KABINI 0x1002:0x9839 0x1043:0x141D 0x00).
[    3.488521] [drm] doorbell mmio base: 0xD0000000
[    3.488529] [drm] doorbell mmio size: 8388608
[    3.488560] ATOM BIOS: AMD
[    3.488634] [drm] Changing default dispclk from 400Mhz to 600Mhz
[    3.488672] radeon 0000:00:01.0: VRAM: 512M 0x0000000000000000 - 0x000000001FFFFFFF (512M used)
[    3.488687] radeon 0000:00:01.0: GTT: 2048M 0x0000000020000000 - 0x000000009FFFFFFF
[    3.488709] [drm] Detected VRAM RAM=512M, BAR=256M
[    3.488717] [drm] RAM width 128bits DDR
[    3.495456] [TTM] Zone  kernel: Available graphics memory: 1729516 KiB
[    3.495474] [TTM] Initializing pool allocator
[    3.495493] [TTM] Initializing DMA pool allocator
[    3.495553] [drm] radeon: 512M of VRAM memory ready
[    3.495563] [drm] radeon: 2048M of GTT memory ready.
[    3.495606] [drm] Loading kabini Microcode
[    3.503656] [drm] Internal thermal controller without fan control
[    3.504865] [drm] radeon: dpm initialized
[    3.506198] [drm] Found UVD firmware Version: 1.64 Family ID: 9
[    3.511667] [drm] Found VCE firmware/feedback version 40.2.2 / 15!
[    3.511724] [drm] GART: num cpu pages 524288, num gpu pages 524288
[    3.578660] [drm] PCIE GART of 2048M enabled (table at 0x000000000030E000).
[    3.578938] radeon 0000:00:01.0: WB enabled
[    3.578983] radeon 0000:00:01.0: fence driver on ring 0 use gpu addr 0x0000000020000c00 and cpu addr 0x(____ptrval____)
[    3.579001] radeon 0000:00:01.0: fence driver on ring 1 use gpu addr 0x0000000020000c04 and cpu addr 0x(____ptrval____)
[    3.579016] radeon 0000:00:01.0: fence driver on ring 2 use gpu addr 0x0000000020000c08 and cpu addr 0x(____ptrval____)
[    3.579031] radeon 0000:00:01.0: fence driver on ring 3 use gpu addr 0x0000000020000c0c and cpu addr 0x(____ptrval____)
[    3.579045] radeon 0000:00:01.0: fence driver on ring 4 use gpu addr 0x0000000020000c10 and cpu addr 0x(____ptrval____)
[    3.579963] radeon 0000:00:01.0: fence driver on ring 5 use gpu addr 0x0000000000078d30 and cpu addr 0x(____ptrval____)
[    3.580335] radeon 0000:00:01.0: fence driver on ring 6 use gpu addr 0x0000000020000c18 and cpu addr 0x(____ptrval____)
[    3.580350] radeon 0000:00:01.0: fence driver on ring 7 use gpu addr 0x0000000020000c1c and cpu addr 0x(____ptrval____)
[    3.580365] [drm] Supports vblank timestamp caching Rev 2 (21.10.2013).
[    3.580372] [drm] Driver supports precise vblank timestamp query.
[    3.580486] radeon 0000:00:01.0: radeon: using MSI.
[    3.580553] [drm] radeon: irq initialized.
[    3.584392] [drm] ring test on 0 succeeded in 4 usecs
[    3.584497] [drm] ring test on 1 succeeded in 4 usecs
[    3.584535] [drm] ring test on 2 succeeded in 4 usecs
[    3.584854] [drm] ring test on 3 succeeded in 6 usecs
[    3.584872] [drm] ring test on 4 succeeded in 6 usecs
[    3.645905] rq->nr_running rq->cfs.nr_running : 1 1
[    3.645924] rq->load.weight, rq->cfs.load.weight : 1048576 1048576
[    3.786932] [drm] ring test on 5 succeeded in 2 usecs
[    3.815927] [drm] UVD initialized successfully.
[    3.927082] [drm] ring test on 6 succeeded in 20 usecs
[    3.927114] [drm] ring test on 7 succeeded in 3 usecs
[    3.927121] [drm] VCE initialized successfully.
[    3.928946] [drm] ib test on ring 0 succeeded in 0 usecs
[    3.929224] [drm] ib test on ring 1 succeeded in 0 usecs
[    3.929496] [drm] ib test on ring 2 succeeded in 0 usecs
[    3.929772] [drm] ib test on ring 3 succeeded in 0 usecs
[    3.930043] [drm] ib test on ring 4 succeeded in 0 usecs
[    4.456004] [drm] ib test on ring 5 succeeded
[    4.477253] [drm] ib test on ring 6 succeeded
[    4.478262] [drm] ib test on ring 7 succeeded
[    4.525866] [drm] radeon atom DIG backlight initialized
[    4.525887] [drm] Radeon Display Connectors
[    4.525894] [drm] Connector 0:
[    4.525900] [drm]   LVDS-1
[    4.525906] [drm]   HPD1
[    4.525914] [drm]   DDC: 0x6530 0x6530 0x6534 0x6534 0x6538 0x6538 0x653c 0x653c
[    4.525923] [drm]   Encoders:
[    4.525929] [drm]     LCD1: INTERNAL_UNIPHY
[    4.525935] [drm] Connector 1:
[    4.525940] [drm]   HDMI-A-1
[    4.525946] [drm]   HPD2
[    4.525953] [drm]   DDC: 0x6540 0x6540 0x6544 0x6544 0x6548 0x6548 0x654c 0x654c
[    4.525961] [drm]   Encoders:
[    4.525967] [drm]     DFP1: INTERNAL_UNIPHY
[    4.525972] [drm] Connector 2:
[    4.525978] [drm]   VGA-1
[    4.525986] [drm]   DDC: 0x65c0 0x65c0 0x65c4 0x65c4 0x65c8 0x65c8 0x65cc 0x65cc
[    4.525994] [drm]   Encoders:
[    4.525999] [drm]     CRT1: INTERNAL_KLDSCP_DAC1
[    4.655813] rq->nr_running rq->cfs.nr_running : 1 1
[    4.655823] rq->load.weight, rq->cfs.load.weight : 1048576 1048576
[    5.607983] [drm] fb mappable at 0xC0722000
[    5.608004] [drm] vram apper at 0xC0000000
[    5.608010] [drm] size 4325376
[    5.608016] [drm] fb depth is 24
[    5.608021] [drm]    pitch is 5632
[    5.608346] fbcon: radeondrmfb (fb0) is primary device
[    5.665816] rq->nr_running rq->cfs.nr_running : 1 1
[    5.665818] rq->load.weight, rq->cfs.load.weight : 1048576 1048576
[    5.716067] Console: switching to colour frame buffer device 170x48
[    5.726565] radeon 0000:00:01.0: fb0: radeondrmfb frame buffer device
[    5.774621] [drm] Initialized radeon 2.50.0 20080528 for 0000:00:01.0 on minor 0
[    5.859770] Adding 3608572k swap on /dev/sda4.  Priority:1 extents:1 across:3608572k SS
[    5.913249] EXT4-fs (sda2): re-mounted. Opts: (null)
[    6.020634] EXT4-fs (sda2): re-mounted. Opts: (null)
[    6.675816] rq->nr_running rq->cfs.nr_running : 1 1
[    6.675907] rq->load.weight, rq->cfs.load.weight : 1048576 1048576
[    7.685865] rq->nr_running rq->cfs.nr_running : 1 1
[    7.692820] rq->load.weight, rq->cfs.load.weight : 1048576 1048576
[    8.695946] color, tsk->comm, weight, vruntime: -105607969982823 syslogd 1048576 7718826080
[    8.699682] color, tsk->comm, weight, vruntime: -105607969968999 syslogd 1048576 7719353355
[    8.703593] color, tsk->comm, weight, vruntime: -105608016953191 syslogd 1048576 7719445362
[    8.707465] color, tsk->comm, weight, vruntime: -105607980989416 syslogd 1048576 7724947706
[    8.711219] color, tsk->comm, weight, vruntime: -105608016411624 syslogd 1048576 7731301139
[    8.715000] rq->nr_running rq->cfs.nr_running : 13 13
[    8.722572] rq->load.weight, rq->cfs.load.weight : 4194304 4194304
[    8.818332] urandom_read: 6 callbacks suppressed
[    8.818337] random: wpa_supplicant: uninitialized urandom read (32 bytes read)
[    9.705815] rq->nr_running rq->cfs.nr_running : 1 1
[    9.709695] rq->load.weight, rq->cfs.load.weight : 1048576 1048576
[   10.166693] wlp1s0: authenticate with 64:66:b3:cd:9a:3a
[   10.197784] wlp1s0: send auth to 64:66:b3:cd:9a:3a (try 1/3)
[   10.204870] wlp1s0: authenticated
[   10.215894] wlp1s0: associate with 64:66:b3:cd:9a:3a (try 1/3)
[   10.224373] wlp1s0: RX AssocResp from 64:66:b3:cd:9a:3a (capab=0x431 status=0 aid=1)
[   10.229664] wlp1s0: associated
[   10.261397] IPv6: ADDRCONF(NETDEV_CHANGE): wlp1s0: link becomes ready
[   10.715816] rq->nr_running rq->cfs.nr_running : 1 1
[   10.719951] rq->load.weight, rq->cfs.load.weight : 1048576 1048576
[   11.092701] udevd (2619) used greatest stack depth: 11736 bytes left
[   11.725813] rq->nr_running rq->cfs.nr_running : 1 1
[   11.729931] rq->load.weight, rq->cfs.load.weight : 1048576 1048576
[   12.735815] rq->nr_running rq->cfs.nr_running : 1 1
[   12.743766] rq->load.weight, rq->cfs.load.weight : 1048576 1048576
[   13.745812] rq->nr_running rq->cfs.nr_running : 1 1
[   13.753381] rq->load.weight, rq->cfs.load.weight : 1048576 1048576
[   14.755815] rq->nr_running rq->cfs.nr_running : 1 1
[   14.763100] rq->load.weight, rq->cfs.load.weight : 1048576 1048576
[   15.765813] rq->nr_running rq->cfs.nr_running : 1 1
[   15.773040] rq->load.weight, rq->cfs.load.weight : 1048576 1048576
[   16.775815] rq->nr_running rq->cfs.nr_running : 1 1
[   16.782869] rq->load.weight, rq->cfs.load.weight : 1048576 1048576
[   17.785817] rq->nr_running rq->cfs.nr_running : 1 1
[   17.793001] rq->load.weight, rq->cfs.load.weight : 1048576 1048576
[   18.795817] rq->nr_running rq->cfs.nr_running : 1 1
[   18.802898] rq->load.weight, rq->cfs.load.weight : 1048576 1048576
[   19.805840] rq->nr_running rq->cfs.nr_running : 1 1
[   19.805853] rq->load.weight, rq->cfs.load.weight : 1048576 1048576
[   20.815843] rq->nr_running rq->cfs.nr_running : 1 1
[   20.815855] rq->load.weight, rq->cfs.load.weight : 1048576 1048576
[  363.117624] random: crng init done
