[    0.000000] Linux version 5.1.0-rc6+ (root@(none)) (gcc version 9.0.1 20190416 (experimental) (GCC)) #18 SMP Sat Apr 27 14:05:18 +05 2019
[    0.000000] Command line: BOOT_IMAGE=/boot/1 root=/dev/sda2 ro
[    0.000000] x86/fpu: Supporting XSAVE feature 0x001: 'x87 floating point registers'
[    0.000000] x86/fpu: Supporting XSAVE feature 0x002: 'SSE registers'
[    0.000000] x86/fpu: Supporting XSAVE feature 0x004: 'AVX registers'
[    0.000000] x86/fpu: xstate_offset[2]:  576, xstate_sizes[2]:  256
[    0.000000] x86/fpu: Enabled xstate features 0x7, context size is 832 bytes, using 'standard' format.
[    0.000000] BIOS-provided physical RAM map:
[    0.000000] BIOS-e820: [mem 0x0000000000000000-0x000000000009ffff] usable
[    0.000000] BIOS-e820: [mem 0x0000000000100000-0x000000009d0f7fff] usable
[    0.000000] BIOS-e820: [mem 0x000000009d0f8000-0x000000009d127fff] reserved
[    0.000000] BIOS-e820: [mem 0x000000009d128000-0x000000009d370fff] usable
[    0.000000] BIOS-e820: [mem 0x000000009d371000-0x000000009dc56fff] ACPI NVS
[    0.000000] BIOS-e820: [mem 0x000000009dc57000-0x000000009e959fff] reserved
[    0.000000] BIOS-e820: [mem 0x000000009e95a000-0x000000009e9cafff] type 20
[    0.000000] BIOS-e820: [mem 0x000000009e9cb000-0x000000009e9cbfff] usable
[    0.000000] BIOS-e820: [mem 0x000000009e9cc000-0x000000009e9d3fff] ACPI NVS
[    0.000000] BIOS-e820: [mem 0x000000009e9d4000-0x000000009eb24fff] usable
[    0.000000] BIOS-e820: [mem 0x000000009eb25000-0x000000009f041fff] reserved
[    0.000000] BIOS-e820: [mem 0x000000009f042000-0x000000009f080fff] usable
[    0.000000] BIOS-e820: [mem 0x000000009f081000-0x000000009f3f1fff] reserved
[    0.000000] BIOS-e820: [mem 0x000000009f3f2000-0x000000009f3fffff] usable
[    0.000000] BIOS-e820: [mem 0x00000000fec00000-0x00000000fec01fff] reserved
[    0.000000] BIOS-e820: [mem 0x00000000fec10000-0x00000000fec10fff] reserved
[    0.000000] BIOS-e820: [mem 0x00000000fed00000-0x00000000fed00fff] reserved
[    0.000000] BIOS-e820: [mem 0x00000000fed80000-0x00000000fed8ffff] reserved
[    0.000000] BIOS-e820: [mem 0x00000000ff000000-0x00000000ffffffff] reserved
[    0.000000] BIOS-e820: [mem 0x0000000100001000-0x000000013effffff] usable
[    0.000000] NX (Execute Disable) protection: active
[    0.000000] efi: EFI v2.31 by American Megatrends
[    0.000000] efi:  ACPI=0x9d3f3000  ACPI 2.0=0x9d3f3000  SMBIOS=0x9e958998 
[    0.000000] SMBIOS 2.7 present.
[    0.000000] DMI: ASUSTeK COMPUTER INC. X102BA/X102BA, BIOS X102BA.212 08/30/2013
[    0.000000] tsc: Fast TSC calibration using PIT
[    0.000000] tsc: Detected 998.051 MHz processor
[    0.000213] e820: update [mem 0x00000000-0x00000fff] usable ==> reserved
[    0.000218] e820: remove [mem 0x000a0000-0x000fffff] usable
[    0.000243] last_pfn = 0x13f000 max_arch_pfn = 0x400000000
[    0.000254] MTRR default type: uncachable
[    0.000255] MTRR fixed ranges enabled:
[    0.000258]   00000-9FFFF write-back
[    0.000261]   A0000-BFFFF write-through
[    0.000264]   C0000-DFFFF uncachable
[    0.000266]   E0000-FFFFF write-protect
[    0.000268] MTRR variable ranges enabled:
[    0.000272]   0 base 0000000000 mask FF80000000 write-back
[    0.000275]   1 base 0080000000 mask FFE0000000 write-back
[    0.000279]   2 base 009F400000 mask FFFFC00000 uncachable
[    0.000282]   3 base 009F800000 mask FFFF800000 uncachable
[    0.000283]   4 disabled
[    0.000284]   5 disabled
[    0.000285]   6 disabled
[    0.000287]   7 disabled
[    0.000289] TOM2: 000000013f000000 aka 5104M
[    0.000815] x86/PAT: Configuration [0-7]: WB  WC  UC- UC  WB  WP  UC- WT  
[    0.001077] e820: update [mem 0x9f400000-0xffffffff] usable ==> reserved
[    0.001091] last_pfn = 0x9f400 max_arch_pfn = 0x400000000
[    0.013975] check: Scanning 1 areas for low memory corruption
[    0.013988] Using GB pages for direct mapping
[    0.013995] BRK [0x124e01000, 0x124e01fff] PGTABLE
[    0.014001] BRK [0x124e02000, 0x124e02fff] PGTABLE
[    0.014005] BRK [0x124e03000, 0x124e03fff] PGTABLE
[    0.014225] BRK [0x124e04000, 0x124e04fff] PGTABLE
[    0.014233] BRK [0x124e05000, 0x124e05fff] PGTABLE
[    0.014588] BRK [0x124e06000, 0x124e06fff] PGTABLE
[    0.015630] BRK [0x124e07000, 0x124e07fff] PGTABLE
[    0.015898] BRK [0x124e08000, 0x124e08fff] PGTABLE
[    0.016194] BRK [0x124e09000, 0x124e09fff] PGTABLE
[    0.016502] BRK [0x124e0a000, 0x124e0afff] PGTABLE
[    0.016770] BRK [0x124e0b000, 0x124e0bfff] PGTABLE
[    0.017098] BRK [0x124e0c000, 0x124e0cfff] PGTABLE
[    0.017735] Secure boot could not be determined
[    0.017751] ACPI: Early table checksum verification disabled
[    0.017761] ACPI: RSDP 0x000000009D3F3000 000024 (v02 _ASUS_)
[    0.017772] ACPI: XSDT 0x000000009D3F3088 000094 (v01 _ASUS_ Notebook 01072009 AMI  00010013)
[    0.017789] ACPI: FACP 0x000000009D400748 00010C (v05 _ASUS_ Notebook 01072009 AMI  00010013)
[    0.017804] ACPI BIOS Warning (bug): Optional FADT field Pm2ControlBlock has valid Length but zero Address: 0x0000000000000000/0x1 (20190215/tbfadt-615)
[    0.017818] ACPI: DSDT 0x000000009D3F31A8 00D59D (v02 _ASUS_ Notebook 00000000 INTL 20091112)
[    0.017829] ACPI: FACS 0x000000009DC4B080 000040
[    0.017836] ACPI: APIC 0x000000009D400858 00007E (v03 _ASUS_ Notebook 01072009 AMI  00010013)
[    0.017846] ACPI: FPDT 0x000000009D4008D8 000044 (v01 _ASUS_ Notebook 01072009 AMI  00010013)
[    0.017856] ACPI: ECDT 0x000000009D400920 0000C1 (v01 _ASUS_ Notebook 01072009 AMI. 00000005)
[    0.017866] ACPI: MCFG 0x000000009D4009E8 00003C (v01 _ASUS_ Notebook 01072009 MSFT 00010013)
[    0.017875] ACPI: HPET 0x000000009D400A28 000038 (v01 _ASUS_ Notebook 01072009 AMI  00000005)
[    0.017885] ACPI: VFCT 0x000000009D400A60 004684 (v01 _ASUS_ Notebook 00000001 AMD  31504F47)
[    0.017895] ACPI: BGRT 0x000000009D4050E8 000038 (v00 _ASUS_ Notebook 01072009 ASUS 00010013)
[    0.017905] ACPI: SSDT 0x000000009D405120 0005E0 (v01 AMD    AGESA    00000001 AMD  00000001)
[    0.017915] ACPI: SSDT 0x000000009D405700 0046D1 (v02 AMD    AGESA    00000002 MSFT 04000000)
[    0.017924] ACPI: CRAT 0x000000009D409DD8 000228 (v01 AMD    AGESA    00000001 AMD  00000001)
[    0.017934] ACPI: SSDT 0x000000009D40A000 001411 (v01 AMD    CPMDFIGP 00000001 INTL 20051117)
[    0.017943] ACPI: SSDT 0x000000009D40B418 0010E8 (v01 AMD    CPMCMN   00000001 INTL 20051117)
[    0.017953] ACPI: MSDM 0x000000009D127F98 000055 (v03 _ASUS_ Notebook 00000000 ASUS 00000001)
[    0.017980] ACPI: Local APIC address 0xfee00000
[    0.018335] No NUMA configuration found
[    0.018340] Faking a node at [mem 0x0000000000000000-0x000000013effffff]
[    0.018353] NODE_DATA(0) allocated [mem 0x13effb000-0x13effefff]
[    0.018405] Zone ranges:
[    0.018409]   DMA      [mem 0x0000000000001000-0x0000000000ffffff]
[    0.018414]   DMA32    [mem 0x0000000001000000-0x00000000ffffffff]
[    0.018418]   Normal   [mem 0x0000000100000000-0x000000013effffff]
[    0.018422] Movable zone start for each node
[    0.018425] Early memory node ranges
[    0.018429]   node   0: [mem 0x0000000000001000-0x000000000009ffff]
[    0.018432]   node   0: [mem 0x0000000000100000-0x000000009d0f7fff]
[    0.018435]   node   0: [mem 0x000000009d128000-0x000000009d370fff]
[    0.018439]   node   0: [mem 0x000000009e9cb000-0x000000009e9cbfff]
[    0.018441]   node   0: [mem 0x000000009e9d4000-0x000000009eb24fff]
[    0.018444]   node   0: [mem 0x000000009f042000-0x000000009f080fff]
[    0.018447]   node   0: [mem 0x000000009f3f2000-0x000000009f3fffff]
[    0.018450]   node   0: [mem 0x0000000100001000-0x000000013effffff]
[    0.019284] Zeroed struct page in unavailable ranges: 11138 pages
[    0.019291] Initmem setup node 0 [mem 0x0000000000001000-0x000000013effffff]
[    0.019299] On node 0 totalpages: 902270
[    0.019302]   DMA zone: 64 pages used for memmap
[    0.019304]   DMA zone: 23 pages reserved
[    0.019306]   DMA zone: 3999 pages, LIFO batch:0
[    0.019707]   DMA32 zone: 10004 pages used for memmap
[    0.019710]   DMA32 zone: 640224 pages, LIFO batch:63
[    0.089312]   Normal zone: 4032 pages used for memmap
[    0.089318]   Normal zone: 258047 pages, LIFO batch:63
[    0.114172] ACPI: PM-Timer IO Port: 0x808
[    0.114184] ACPI: Local APIC address 0xfee00000
[    0.114200] ACPI: LAPIC_NMI (acpi_id[0xff] high edge lint[0x1])
[    0.114216] IOAPIC[0]: apic_id 3, version 33, address 0xfec00000, GSI 0-23
[    0.114226] IOAPIC[1]: apic_id 4, version 33, address 0xfec01000, GSI 24-55
[    0.114233] ACPI: INT_SRC_OVR (bus 0 bus_irq 0 global_irq 2 dfl dfl)
[    0.114239] ACPI: INT_SRC_OVR (bus 0 bus_irq 9 global_irq 9 low level)
[    0.114243] ACPI: IRQ0 used by override.
[    0.114245] ACPI: IRQ9 used by override.
[    0.114250] Using ACPI (MADT) for SMP configuration information
[    0.114255] ACPI: HPET id: 0x10228210 base: 0xfed00000
[    0.114271] smpboot: Allowing 4 CPUs, 2 hotplug CPUs
[    0.114342] PM: Registered nosave memory: [mem 0x00000000-0x00000fff]
[    0.114349] PM: Registered nosave memory: [mem 0x000a0000-0x000fffff]
[    0.114356] PM: Registered nosave memory: [mem 0x9d0f8000-0x9d127fff]
[    0.114362] PM: Registered nosave memory: [mem 0x9d371000-0x9dc56fff]
[    0.114365] PM: Registered nosave memory: [mem 0x9dc57000-0x9e959fff]
[    0.114368] PM: Registered nosave memory: [mem 0x9e95a000-0x9e9cafff]
[    0.114374] PM: Registered nosave memory: [mem 0x9e9cc000-0x9e9d3fff]
[    0.114381] PM: Registered nosave memory: [mem 0x9eb25000-0x9f041fff]
[    0.114387] PM: Registered nosave memory: [mem 0x9f081000-0x9f3f1fff]
[    0.114393] PM: Registered nosave memory: [mem 0x9f400000-0xfebfffff]
[    0.114396] PM: Registered nosave memory: [mem 0xfec00000-0xfec01fff]
[    0.114399] PM: Registered nosave memory: [mem 0xfec02000-0xfec0ffff]
[    0.114402] PM: Registered nosave memory: [mem 0xfec10000-0xfec10fff]
[    0.114405] PM: Registered nosave memory: [mem 0xfec11000-0xfecfffff]
[    0.114407] PM: Registered nosave memory: [mem 0xfed00000-0xfed00fff]
[    0.114410] PM: Registered nosave memory: [mem 0xfed01000-0xfed7ffff]
[    0.114413] PM: Registered nosave memory: [mem 0xfed80000-0xfed8ffff]
[    0.114416] PM: Registered nosave memory: [mem 0xfed90000-0xfeffffff]
[    0.114419] PM: Registered nosave memory: [mem 0xff000000-0xffffffff]
[    0.114422] PM: Registered nosave memory: [mem 0x100000000-0x100000fff]
[    0.114428] [mem 0x9f400000-0xfebfffff] available for PCI devices
[    0.114440] clocksource: refined-jiffies: mask: 0xffffffff max_cycles: 0xffffffff, max_idle_ns: 19112604462750000 ns
[    0.635805] random: get_random_bytes called from start_kernel+0x8b/0x48b with crng_init=0
[    0.635841] setup_percpu: NR_CPUS:64 nr_cpumask_bits:64 nr_cpu_ids:4 nr_node_ids:1
[    0.636937] percpu: Embedded 43 pages/cpu s137240 r8192 d30696 u524288
[    0.636976] pcpu-alloc: s137240 r8192 d30696 u524288 alloc=1*2097152
[    0.636979] pcpu-alloc: [0] 0 1 2 3 
[    0.637054] Built 1 zonelists, mobility grouping on.  Total pages: 888147
[    0.637059] Policy zone: Normal
[    0.637066] Kernel command line: BOOT_IMAGE=/boot/1 root=/dev/sda2 ro
[    0.701415] Memory: 3432304K/3609080K available (14357K kernel code, 1434K rwdata, 4408K rodata, 1260K init, 920K bss, 176776K reserved, 0K cma-reserved)
[    0.701646] SLUB: HWalign=64, Order=0-3, MinObjects=0, CPUs=4, Nodes=1
[    0.701873] rcu: Hierarchical RCU implementation.
[    0.701876] rcu: 	RCU event tracing is enabled.
[    0.701880] rcu: 	RCU restricting CPUs from NR_CPUS=64 to nr_cpu_ids=4.
[    0.701885] rcu: RCU calculated value of scheduler-enlistment delay is 10 jiffies.
[    0.701888] rcu: Adjusting geometry for rcu_fanout_leaf=16, nr_cpu_ids=4
[    0.702484] NR_IRQS: 4352, nr_irqs: 1000, preallocated irqs: 16
[    0.703047] Console: colour dummy device 80x25
[    0.703720] printk: console [tty0] enabled
[    0.703768] ACPI: Core revision 20190215
[    0.704474] clocksource: hpet: mask: 0xffffffff max_cycles: 0xffffffff, max_idle_ns: 133484873504 ns
[    0.704504] hpet clockevent registered
[    0.704515] APIC: Switch to symmetric I/O mode setup
[    0.705376] ..TIMER: vector=0x30 apic1=0 pin1=2 apic2=-1 pin2=-1
[    0.754519] clocksource: tsc-early: mask: 0xffffffffffffffff max_cycles: 0x1cc5cc0fd94, max_idle_ns: 881590572006 ns
[    0.754536] Calibrating delay loop (skipped), value calculated using timer frequency.. 1996.10 BogoMIPS (lpj=9980510)
[    0.754551] pid_max: default: 32768 minimum: 301
[    0.756997] LSM: Security Framework initializing
[    0.757031] SELinux:  Initializing.
[    0.757066] *** VALIDATE SELinux ***
[    0.759297] Dentry cache hash table entries: 524288 (order: 10, 4194304 bytes)
[    0.760475] Inode-cache hash table entries: 262144 (order: 9, 2097152 bytes)
[    0.760575] Mount-cache hash table entries: 8192 (order: 4, 65536 bytes)
[    0.760621] Mountpoint-cache hash table entries: 8192 (order: 4, 65536 bytes)
[    0.761020] *** VALIDATE proc ***
[    0.761109] *** VALIDATE cgroup1 ***
[    0.761120] *** VALIDATE cgroup2 ***
[    0.761180] mce: CPU supports 6 MCE banks
[    0.761209] LVT offset 1 assigned for vector 0xf9
[    0.761224] Last level iTLB entries: 4KB 512, 2MB 8, 4MB 4
[    0.761232] Last level dTLB entries: 4KB 512, 2MB 256, 4MB 128, 1GB 0
[    0.761241] Spectre V2 : Mitigation: Full AMD retpoline
[    0.761248] Spectre V2 : Spectre v2 / SpectreRSB mitigation: Filling RSB on context switch
[    0.761260] Speculative Store Bypass: Mitigation: Speculative Store Bypass disabled via prctl and seccomp
[    0.761834] Freeing SMP alternatives memory: 40K
[    0.774534] smpboot: CPU0: AMD A4-1200 APU with Radeon(TM) HD Graphics (family: 0x16, model: 0x0, stepping: 0x1)
[    0.774534] Performance Events: AMD PMU driver.
[    0.774534] ... version:                0
[    0.774534] ... bit width:              48
[    0.774534] ... generic registers:      4
[    0.774534] ... value mask:             0000ffffffffffff
[    0.774534] ... max period:             00007fffffffffff
[    0.774534] ... fixed-purpose events:   0
[    0.774534] ... event mask:             000000000000000f
[    0.774534] rcu: Hierarchical SRCU implementation.
[    0.774534] MCE: In-kernel MCE decoding enabled.
[    0.774534] smp: Bringing up secondary CPUs ...
[    0.774534] x86: Booting SMP configuration:
[    0.774534] .... node  #0, CPUs:      #1
[    0.774534] smp: Brought up 1 node, 2 CPUs
[    0.774534] smpboot: Max logical packages: 2
[    0.774534] smpboot: Total of 2 processors activated (3992.20 BogoMIPS)
[    0.774534] Blablamod: thread_function(): data = 85.
[    0.774534] rq load weight: 1048576
[    0.774534] devtmpfs: initialized
[    0.774534] PM: Registering ACPI NVS region [mem 0x9d371000-0x9dc56fff] (9330688 bytes)
[    0.774534] PM: Registering ACPI NVS region [mem 0x9e9cc000-0x9e9d3fff] (32768 bytes)
[    0.774534] clocksource: jiffies: mask: 0xffffffff max_cycles: 0xffffffff, max_idle_ns: 19112604462750000 ns
[    0.774534] futex hash table entries: 1024 (order: 4, 65536 bytes)
[    0.774534] kworker/u8:0 (22) used greatest stack depth: 14624 bytes left
[    0.774534] NET: Registered protocol family 16
[    0.774534] audit: initializing netlink subsys (disabled)
[    0.774534] audit: type=2000 audit(1556356098.060:1): state=initialized audit_enabled=0 res=1
[    0.774534] cpuidle: using governor ladder
[    0.774534] cpuidle: using governor menu
[    0.774534] ACPI FADT declares the system doesn't support PCIe ASPM, so disable it
[    0.774534] ACPI: bus type PCI registered
[    0.774534] PCI: MMCONFIG for domain 0000 [bus 00-ff] at [mem 0xe0000000-0xefffffff] (base 0xe0000000)
[    0.774534] PCI: not using MMCONFIG
[    0.774534] PCI: Using configuration type 1 for base access
[    0.774534] PCI: Using configuration type 1 for extended access
[    0.790239] kworker/u8:0 (48) used greatest stack depth: 14160 bytes left
[    0.819352] HugeTLB registered 2.00 MiB page size, pre-allocated 0 pages
[    0.823895] ACPI: Added _OSI(Module Device)
[    0.823895] ACPI: Added _OSI(Processor Device)
[    0.823895] ACPI: Added _OSI(3.0 _SCP Extensions)
[    0.823895] ACPI: Added _OSI(Processor Aggregator Device)
[    0.823895] ACPI: Added _OSI(Linux-Dell-Video)
[    0.823895] ACPI: Added _OSI(Linux-Lenovo-NV-HDMI-Audio)
[    0.823895] ACPI: Added _OSI(Linux-HPI-Hybrid-Graphics)
[    0.860000] ACPI: 5 ACPI AML tables successfully acquired and loaded
[    0.864625] ACPI: EC: EC started
[    0.864625] ACPI: EC: interrupt blocked
[    0.865399] ACPI: \: Used as first EC
[    0.865411] ACPI: \: GPE=0x3, EC_CMD/EC_SC=0x66, EC_DATA=0x62
[    0.865418] ACPI: EC: Boot ECDT EC used to handle transactions
[    0.870452] ACPI: [Firmware Bug]: BIOS _OSI(Linux) query ignored
[    0.875076] ACPI: Interpreter enabled
[    0.875162] ACPI: (supports S0 S3 S4 S5)
[    0.875172] ACPI: Using IOAPIC for interrupt routing
[    0.878925] PCI: MMCONFIG for domain 0000 [bus 00-ff] at [mem 0xe0000000-0xefffffff] (base 0xe0000000)
[    0.878925] PCI: MMCONFIG at [mem 0xe0000000-0xefffffff] reserved in ACPI motherboard resources
[    0.878925] PCI: Using host bridge windows from ACPI; if necessary, use "pci=nocrs" and report a bug
[    0.878925] ACPI: Enabled 3 GPEs in block 00 to 1F
[    0.904551] ACPI: PCI Root Bridge [PCI0] (domain 0000 [bus 00-ff])
[    0.904551] acpi PNP0A08:00: _OSC: OS supports [ExtendedConfig ASPM ClockPM Segments MSI]
[    0.904551] acpi PNP0A08:00: _OSC: platform does not support [LTR]
[    0.904551] acpi PNP0A08:00: _OSC: OS now controls [PME AER PCIeCapability]
[    0.904551] acpi PNP0A08:00: FADT indicates ASPM is unsupported, using BIOS configuration
[    0.904551] PCI host bridge to bus 0000:00
[    0.904551] pci_bus 0000:00: root bus resource [io  0x0000-0x03af window]
[    0.904551] pci_bus 0000:00: root bus resource [io  0x03e0-0x0cf7 window]
[    0.904551] pci_bus 0000:00: root bus resource [io  0x03b0-0x03df window]
[    0.904551] pci_bus 0000:00: root bus resource [io  0x0d00-0xffff window]
[    0.904551] pci_bus 0000:00: root bus resource [mem 0x000a0000-0x000bffff window]
[    0.904551] pci_bus 0000:00: root bus resource [mem 0x000c0000-0x000dffff window]
[    0.904551] pci_bus 0000:00: root bus resource [mem 0xc0000000-0xffffffff window]
[    0.904551] pci_bus 0000:00: root bus resource [bus 00-ff]
[    0.904551] pci 0000:00:00.0: [1022:1536] type 00 class 0x060000
[    0.904551] pci 0000:00:01.0: [1002:9839] type 00 class 0x030000
[    0.904551] pci 0000:00:01.0: reg 0x10: [mem 0xc0000000-0xcfffffff 64bit pref]
[    0.904551] pci 0000:00:01.0: reg 0x18: [mem 0xd0000000-0xd07fffff 64bit pref]
[    0.904551] pci 0000:00:01.0: reg 0x20: [io  0xf000-0xf0ff]
[    0.904551] pci 0000:00:01.0: reg 0x24: [mem 0xfeb00000-0xfeb3ffff]
[    0.904551] pci 0000:00:01.0: reg 0x30: [mem 0xfeb40000-0xfeb5ffff pref]
[    0.904551] pci 0000:00:01.0: enabling Extended Tags
[    0.904551] pci 0000:00:01.0: BAR 0: assigned to efifb
[    0.904551] pci 0000:00:01.0: supports D1 D2
[    0.904551] pci 0000:00:01.0: PME# supported from D1 D2 D3hot
[    0.904551] pci 0000:00:01.1: [1002:9840] type 00 class 0x040300
[    0.904551] pci 0000:00:01.1: reg 0x10: [mem 0xfeb64000-0xfeb67fff 64bit]
[    0.904551] pci 0000:00:01.1: enabling Extended Tags
[    0.904551] pci 0000:00:01.1: supports D1 D2
[    0.909470] pci 0000:00:02.0: [1022:1538] type 00 class 0x060000
[    0.909750] pci 0000:00:02.2: [1022:1439] type 01 class 0x060400
[    0.909750] pci 0000:00:02.2: enabling Extended Tags
[    0.909750] pci 0000:00:02.2: PME# supported from D0 D3hot D3cold
[    0.910129] pci 0000:00:02.3: [1022:1439] type 01 class 0x060400
[    0.910166] pci 0000:00:02.3: enabling Extended Tags
[    0.910166] pci 0000:00:02.3: PME# supported from D0 D3hot D3cold
[    0.910557] pci 0000:00:10.0: [1022:7814] type 00 class 0x0c0330
[    0.910557] pci 0000:00:10.0: reg 0x10: [mem 0xfeb68000-0xfeb69fff 64bit]
[    0.910557] pci 0000:00:10.0: PME# supported from D0 D3hot D3cold
[    0.910987] pci 0000:00:11.0: [1022:7801] type 00 class 0x010601
[    0.910987] pci 0000:00:11.0: reg 0x10: [io  0xf140-0xf147]
[    0.910987] pci 0000:00:11.0: reg 0x14: [io  0xf130-0xf133]
[    0.910987] pci 0000:00:11.0: reg 0x18: [io  0xf120-0xf127]
[    0.910987] pci 0000:00:11.0: reg 0x1c: [io  0xf110-0xf113]
[    0.910987] pci 0000:00:11.0: reg 0x20: [io  0xf100-0xf10f]
[    0.910987] pci 0000:00:11.0: reg 0x24: [mem 0xfeb6f000-0xfeb6f3ff]
[    0.910987] pci 0000:00:11.0: PME# supported from D3hot
[    0.911319] pci 0000:00:12.0: [1022:7807] type 00 class 0x0c0310
[    0.911319] pci 0000:00:12.0: reg 0x10: [mem 0xfeb6e000-0xfeb6efff]
[    0.911629] pci 0000:00:12.2: [1022:7808] type 00 class 0x0c0320
[    0.911629] pci 0000:00:12.2: reg 0x10: [mem 0xfeb6d000-0xfeb6d0ff]
[    0.911629] pci 0000:00:12.2: supports D1 D2
[    0.911629] pci 0000:00:12.2: PME# supported from D0 D1 D2 D3hot D3cold
[    0.911971] pci 0000:00:13.0: [1022:7807] type 00 class 0x0c0310
[    0.911971] pci 0000:00:13.0: reg 0x10: [mem 0xfeb6c000-0xfeb6cfff]
[    0.912256] pci 0000:00:13.2: [1022:7808] type 00 class 0x0c0320
[    0.912256] pci 0000:00:13.2: reg 0x10: [mem 0xfeb6b000-0xfeb6b0ff]
[    0.912256] pci 0000:00:13.2: supports D1 D2
[    0.912256] pci 0000:00:13.2: PME# supported from D0 D1 D2 D3hot D3cold
[    0.912600] pci 0000:00:14.0: [1022:780b] type 00 class 0x0c0500
[    0.912863] pci 0000:00:14.2: [1022:780d] type 00 class 0x040300
[    0.912896] pci 0000:00:14.2: reg 0x10: [mem 0xfeb60000-0xfeb63fff 64bit]
[    0.912896] pci 0000:00:14.2: PME# supported from D0 D3hot D3cold
[    0.913191] pci 0000:00:14.3: [1022:780e] type 00 class 0x060100
[    0.913466] pci 0000:00:14.7: [1022:7813] type 00 class 0x080501
[    0.913500] pci 0000:00:14.7: reg 0x10: [mem 0xfeb6a000-0xfeb6a0ff 64bit]
[    0.913707] pci 0000:00:18.0: [1022:1530] type 00 class 0x060000
[    0.913944] pci 0000:00:18.1: [1022:1531] type 00 class 0x060000
[    0.914154] pci 0000:00:18.2: [1022:1532] type 00 class 0x060000
[    0.914361] pci 0000:00:18.3: [1022:1533] type 00 class 0x060000
[    0.914561] pci 0000:00:18.4: [1022:1534] type 00 class 0x060000
[    0.914801] pci 0000:00:18.5: [1022:1535] type 00 class 0x060000
[    0.915124] pci 0000:01:00.0: [168c:0032] type 00 class 0x028000
[    0.915124] pci 0000:01:00.0: reg 0x10: [mem 0xfea00000-0xfea7ffff 64bit]
[    0.915124] pci 0000:01:00.0: reg 0x30: [mem 0xfea80000-0xfea8ffff pref]
[    0.915124] pci 0000:01:00.0: supports D1 D2
[    0.915124] pci 0000:01:00.0: PME# supported from D0 D1 D2 D3hot D3cold
[    0.915620] pci 0000:00:02.2: PCI bridge to [bus 01]
[    0.915620] pci 0000:00:02.2:   bridge window [mem 0xfea00000-0xfeafffff]
[    0.915833] pci 0000:02:00.0: [10ec:8136] type 00 class 0x020000
[    0.915833] pci 0000:02:00.0: reg 0x10: [io  0xe000-0xe0ff]
[    0.915833] pci 0000:02:00.0: reg 0x18: [mem 0xd0804000-0xd0804fff 64bit pref]
[    0.915833] pci 0000:02:00.0: reg 0x20: [mem 0xd0800000-0xd0803fff 64bit pref]
[    0.915833] pci 0000:02:00.0: supports D1 D2
[    0.915833] pci 0000:02:00.0: PME# supported from D0 D1 D2 D3hot D3cold
[    0.916391] pci 0000:00:02.3: PCI bridge to [bus 02]
[    0.916391] pci 0000:00:02.3:   bridge window [io  0xe000-0xefff]
[    0.916391] pci 0000:00:02.3:   bridge window [mem 0xd0800000-0xd08fffff 64bit pref]
[    0.918484] ACPI: PCI Interrupt Link [LNKA] (IRQs 4 7 10 11 14 15) *0
[    0.918484] ACPI: PCI Interrupt Link [LNKB] (IRQs 4 7 10 11 14 15) *0
[    0.918484] ACPI: PCI Interrupt Link [LNKC] (IRQs 4 7 10 11 14 15) *0
[    0.918484] ACPI: PCI Interrupt Link [LNKD] (IRQs 4 7 10 11 14 15) *0
[    0.918484] ACPI: PCI Interrupt Link [LNKE] (IRQs 4 7 10 11 14 15) *0
[    0.918484] ACPI: PCI Interrupt Link [LNKF] (IRQs 4 7 10 11 14 15) *0
[    0.918484] ACPI: PCI Interrupt Link [LNKG] (IRQs 4 7 10 11 14 15) *0
[    0.918484] ACPI: PCI Interrupt Link [LNKH] (IRQs 4 7 10 11 14 15) *0
[    0.920916] ACPI: EC: interrupt unblocked
[    0.920916] ACPI: EC: event unblocked
[    0.920916] ACPI: \_SB_.PCI0.SBRG.EC0_: GPE=0x3, EC_CMD/EC_SC=0x66, EC_DATA=0x62
[    0.920916] ACPI: \_SB_.PCI0.SBRG.EC0_: Boot DSDT EC used to handle transactions and events
[    0.921627] pci 0000:00:01.0: vgaarb: setting as boot VGA device
[    0.921627] pci 0000:00:01.0: vgaarb: VGA device added: decodes=io+mem,owns=io+mem,locks=none
[    0.921627] pci 0000:00:01.0: vgaarb: bridge control possible
[    0.921627] vgaarb: loaded
[    0.921990] SCSI subsystem initialized
[    0.923834] libata version 3.00 loaded.
[    0.923908] ACPI: bus type USB registered
[    0.923971] usbcore: registered new interface driver usbfs
[    0.924033] usbcore: registered new interface driver hub
[    0.924094] usbcore: registered new device driver usb
[    0.924155] pps_core: LinuxPPS API ver. 1 registered
[    0.924155] pps_core: Software ver. 5.3.6 - Copyright 2005-2007 Rodolfo Giometti <giometti@linux.it>
[    0.924220] PTP clock support registered
[    0.924431] EDAC MC: Ver: 3.0.0
[    0.925251] Registered efivars operations
[    0.929652] Advanced Linux Sound Architecture Driver Initialized.
[    0.929735] PCI: Using ACPI for IRQ routing
[    0.935676] PCI: pci_cache_line_size set to 64 bytes
[    0.935791] e820: reserve RAM buffer [mem 0x9d0f8000-0x9fffffff]
[    0.935797] e820: reserve RAM buffer [mem 0x9d371000-0x9fffffff]
[    0.935803] e820: reserve RAM buffer [mem 0x9e9cc000-0x9fffffff]
[    0.935807] e820: reserve RAM buffer [mem 0x9eb25000-0x9fffffff]
[    0.935810] e820: reserve RAM buffer [mem 0x9f081000-0x9fffffff]
[    0.935813] e820: reserve RAM buffer [mem 0x9f400000-0x9fffffff]
[    0.935816] e820: reserve RAM buffer [mem 0x13f000000-0x13fffffff]
[    0.939955] NetLabel: Initializing
[    0.939955] NetLabel:  domain hash size = 128
[    0.939955] NetLabel:  protocols = UNLABELED CIPSOv4 CALIPSO
[    0.939955] NetLabel:  unlabeled traffic allowed by default
[    0.940282] hpet0: at MMIO 0xfed00000, IRQs 2, 8, 0
[    0.940282] hpet0: 3 comparators, 32-bit 14.318180 MHz counter
[    0.942726] clocksource: Switched to clocksource tsc-early
[    0.984408] VFS: Disk quotas dquot_6.6.0
[    0.984473] VFS: Dquot-cache hash table entries: 512 (order 0, 4096 bytes)
[    0.984567] *** VALIDATE hugetlbfs ***
[    0.984672] pnp: PnP ACPI init
[    0.985176] system 00:00: [mem 0xe0000000-0xefffffff] has been reserved
[    0.985261] system 00:00: Plug and Play ACPI device, IDs PNP0c01 (active)
[    0.985521] system 00:01: [mem 0xa0000000-0xbfffffff] has been reserved
[    0.985593] system 00:01: Plug and Play ACPI device, IDs PNP0c02 (active)
[    0.985852] system 00:02: Plug and Play ACPI device, IDs PNP0c02 (active)
[    0.985992] pnp 00:03: Plug and Play ACPI device, IDs PNP0b00 (active)
[    0.986233] system 00:04: [io  0x04d0-0x04d1] has been reserved
[    0.986304] system 00:04: Plug and Play ACPI device, IDs PNP0c02 (active)
[    0.986570] pnp 00:05: Plug and Play ACPI device, IDs ETD0108 SYN0a00 SYN0002 PNP0f03 PNP0f13 PNP0f12 (active)
[    0.986748] pnp 00:06: Plug and Play ACPI device, IDs ATK3001 PNP030b (active)
[    0.987599] system 00:07: [io  0x04d0-0x04d1] has been reserved
[    0.987614] system 00:07: [io  0x040b] has been reserved
[    0.987625] system 00:07: [io  0x04d6] has been reserved
[    0.987636] system 00:07: [io  0x0c00-0x0c01] has been reserved
[    0.987648] system 00:07: [io  0x0c14] has been reserved
[    0.987663] system 00:07: [io  0x0c50-0x0c51] has been reserved
[    0.987674] system 00:07: [io  0x0c52] has been reserved
[    0.987684] system 00:07: [io  0x0c6c] has been reserved
[    0.987694] system 00:07: [io  0x0c6f] has been reserved
[    0.987705] system 00:07: [io  0x0cd0-0x0cd1] has been reserved
[    0.987715] system 00:07: [io  0x0cd2-0x0cd3] has been reserved
[    0.987726] system 00:07: [io  0x0cd4-0x0cd5] has been reserved
[    0.987737] system 00:07: [io  0x0cd6-0x0cd7] has been reserved
[    0.987747] system 00:07: [io  0x0cd8-0x0cdf] has been reserved
[    0.987757] system 00:07: [io  0x0800-0x089f] has been reserved
[    0.987768] system 00:07: [io  0x0900-0x090f] has been reserved
[    0.987778] system 00:07: [io  0x0910-0x091f] has been reserved
[    0.987789] system 00:07: [io  0xfe00-0xfefe] has been reserved
[    0.987803] system 00:07: [mem 0xfec00000-0xfec00fff] could not be reserved
[    0.987815] system 00:07: [mem 0xfee00000-0xfee00fff] has been reserved
[    0.987827] system 00:07: [mem 0xfed80000-0xfed8ffff] has been reserved
[    0.987839] system 00:07: [mem 0xfed61000-0xfed70fff] has been reserved
[    0.987850] system 00:07: [mem 0xfec10000-0xfec10fff] has been reserved
[    0.987862] system 00:07: [mem 0xfed00000-0xfed00fff] could not be reserved
[    0.987874] system 00:07: [mem 0xff000000-0xffffffff] has been reserved
[    0.987953] system 00:07: Plug and Play ACPI device, IDs PNP0c02 (active)
[    0.988830] pnp: PnP ACPI: found 8 devices
[    1.003743] clocksource: acpi_pm: mask: 0xffffff max_cycles: 0xffffff, max_idle_ns: 2085701024 ns
[    1.003809] pci 0000:00:02.2: PCI bridge to [bus 01]
[    1.003829] pci 0000:00:02.2:   bridge window [mem 0xfea00000-0xfeafffff]
[    1.003848] pci 0000:00:02.3: PCI bridge to [bus 02]
[    1.003860] pci 0000:00:02.3:   bridge window [io  0xe000-0xefff]
[    1.003877] pci 0000:00:02.3:   bridge window [mem 0xd0800000-0xd08fffff 64bit pref]
[    1.003901] pci_bus 0000:00: resource 4 [io  0x0000-0x03af window]
[    1.003906] pci_bus 0000:00: resource 5 [io  0x03e0-0x0cf7 window]
[    1.003911] pci_bus 0000:00: resource 6 [io  0x03b0-0x03df window]
[    1.003916] pci_bus 0000:00: resource 7 [io  0x0d00-0xffff window]
[    1.003921] pci_bus 0000:00: resource 8 [mem 0x000a0000-0x000bffff window]
[    1.003926] pci_bus 0000:00: resource 9 [mem 0x000c0000-0x000dffff window]
[    1.003931] pci_bus 0000:00: resource 10 [mem 0xc0000000-0xffffffff window]
[    1.003936] pci_bus 0000:01: resource 1 [mem 0xfea00000-0xfeafffff]
[    1.003941] pci_bus 0000:02: resource 0 [io  0xe000-0xefff]
[    1.003946] pci_bus 0000:02: resource 2 [mem 0xd0800000-0xd08fffff 64bit pref]
[    1.004201] NET: Registered protocol family 2
[    1.005261] tcp_listen_portaddr_hash hash table entries: 2048 (order: 3, 32768 bytes)
[    1.005322] TCP established hash table entries: 32768 (order: 6, 262144 bytes)
[    1.005540] TCP bind hash table entries: 32768 (order: 7, 524288 bytes)
[    1.005791] TCP: Hash tables configured (established 32768 bind 32768)
[    1.005957] UDP hash table entries: 2048 (order: 4, 65536 bytes)
[    1.006014] UDP-Lite hash table entries: 2048 (order: 4, 65536 bytes)
[    1.006199] NET: Registered protocol family 1
[    1.013271] RPC: Registered named UNIX socket transport module.
[    1.013283] RPC: Registered udp transport module.
[    1.013291] RPC: Registered tcp transport module.
[    1.013298] RPC: Registered tcp NFSv4.1 backchannel transport module.
[    1.013832] pci 0000:00:01.0: Video device with shadowed ROM at [mem 0x000c0000-0x000dffff]
[    1.014387] pci 0000:00:12.0: enabling device (0000 -> 0002)
[    1.015010] pci 0000:00:12.2: PME# does not work under D3, disabling it
[    1.015035] pci 0000:00:13.0: enabling device (0000 -> 0002)
[    1.015649] pci 0000:00:13.2: PME# does not work under D3, disabling it
[    1.015746] PCI: CLS 64 bytes, default 64
[    1.015869] PCI-DMA: Using software bounce buffering for IO (SWIOTLB)
[    1.015882] software IO TLB: mapped [mem 0x97989000-0x9b989000] (64MB)
[    1.016082] amd_uncore: AMD NB counters detected
[    1.016099] amd_uncore: AMD LLC counters detected
[    1.016219] LVT offset 0 assigned for vector 0x400
[    1.016287] perf: AMD IBS detected (0x000000ff)
[    1.016307] kvm: no hardware support
[    1.016444] kvm: Nested Virtualization enabled
[    1.016457] kvm: Nested Paging enabled
[    1.017380] check: Scanning for low memory corruption every 60 seconds
[    1.017442] kworker/u8:0 (1049) used greatest stack depth: 14016 bytes left
[    1.021138] Initialise system trusted keyrings
[    1.021434] workingset: timestamp_bits=56 max_order=20 bucket_order=0
[    1.035977] fuse init (API version 7.29)
[    1.044318] Key type asymmetric registered
[    1.044336] Asymmetric key parser 'x509' registered
[    1.044393] Block layer SCSI generic (bsg) driver version 0.4 loaded (major 249)
[    1.044406] io scheduler mq-deadline registered
[    1.044414] io scheduler kyber registered
[    1.045132] pcieport 0000:00:02.2: Signaling PME with IRQ 25
[    1.046053] pcieport 0000:00:02.3: Signaling PME with IRQ 27
[    1.047735] uvesafb: failed to execute /sbin/v86d
[    1.047751] uvesafb: make sure that the v86d helper is installed and executable
[    1.047763] uvesafb: Getting VBE info block failed (eax=0x4f00, err=-2)
[    1.047771] uvesafb: vbe_init() failed with -22
[    1.047787] uvesafb: probe of uvesafb.0 failed with error -22
[    1.047844] efifb: probing for efifb
[    1.047887] efifb: framebuffer at 0xc0000000, using 4224k, total 4224k
[    1.047899] efifb: mode is 1366x768x32, linelength=5632, pages=1
[    1.047906] efifb: scrolling: redraw
[    1.047915] efifb: Truecolor: size=8:8:8:8, shift=24:16:8:0
[    1.058558] Console: switching to colour frame buffer device 170x48
[    1.068108] fb0: EFI VGA frame buffer device
[    1.068735] ACPI: AC Adapter [AC0] (off-line)
[    1.069159] input: Power Button as /devices/LNXSYSTM:00/LNXSYBUS:00/PNP0C0C:00/input/input0
[    1.069314] ACPI: Power Button [PWRB]
[    1.069591] input: Lid Switch as /devices/LNXSYSTM:00/LNXSYBUS:00/PNP0C0D:00/input/input1
[    1.069736] ACPI: Lid Switch [LID]
[    1.070400] input: Sleep Button as /devices/LNXSYSTM:00/LNXSYBUS:00/PNP0C0E:00/input/input2
[    1.070564] ACPI: Sleep Button [SLPB]
[    1.070840] input: Power Button as /devices/LNXSYSTM:00/LNXPWRBN:00/input/input3
[    1.070978] ACPI: Power Button [PWRF]
[    1.074849] thermal LNXTHERM:00: registered as thermal_zone0
[    1.074955] ACPI: Thermal Zone [THRM] (75 C)
[    1.077591] Serial: 8250/16550 driver, 4 ports, IRQ sharing enabled
[    1.083240] Non-volatile memory driver v1.3
[    1.083447] Linux agpgart interface v0.103
[    1.091423] loop: module loaded
[    1.092031] ahci 0000:00:11.0: version 3.0
[    1.092468] ahci 0000:00:11.0: AHCI 0001.0300 32 slots 2 ports 6 Gbps 0x3 impl SATA mode
[    1.092606] ahci 0000:00:11.0: flags: 64bit ncq sntf ilck pm led clo pmp pio slum part 
[    1.097416] scsi host0: ahci
[    1.101291] scsi host1: ahci
[    1.104645] ata1: SATA max UDMA/133 abar m1024@0xfeb6f000 port 0xfeb6f100 irq 28
[    1.107795] ata2: SATA max UDMA/133 abar m1024@0xfeb6f000 port 0xfeb6f180 irq 28
[    1.111809] tun: Universal TUN/TAP device driver, 1.6
[    1.115140] e1000: Intel(R) PRO/1000 Network Driver - version 7.3.21-k8-NAPI
[    1.118290] e1000: Copyright (c) 1999-2006 Intel Corporation.
[    1.122037] e1000e: Intel(R) PRO/1000 Network Driver - 3.2.6-k
[    1.125135] e1000e: Copyright(c) 1999 - 2015 Intel Corporation.
[    1.128295] sky2: driver version 1.30
[    1.131607] r8169 0000:02:00.0: can't disable ASPM; OS doesn't have ASPM control
[    1.135766] libphy: r8169: probed
[    1.139287] r8169 0000:02:00.0 eth0: RTL8105e, 74:d0:2b:a3:a6:42, XID 40a, IRQ 30
[    1.142802] ath9k 0000:01:00.0: enabling device (0000 -> 0002)
[    1.146340] ath: phy0: Disable PLL PowerSave
[    1.157193] ath: phy0: ASPM enabled: 0x442
[    1.160376] ath: EEPROM regdomain: 0x60
[    1.160378] ath: EEPROM indicates we should expect a direct regpair map
[    1.160383] ath: Country alpha2 being used: 00
[    1.160385] ath: Regpair used: 0x60
[    1.163008] ieee80211 phy0: Selected rate control algorithm 'minstrel_ht'
[    1.163617] ieee80211 phy0: Atheros AR9485 Rev:1 mem=0xffffa8f902d80000, irq=31
[    1.167230] ehci_hcd: USB 2.0 'Enhanced' Host Controller (EHCI) Driver
[    1.170510] ehci-pci: EHCI PCI platform driver
[    1.174344] ehci-pci 0000:00:12.2: EHCI Host Controller
[    1.177706] ehci-pci 0000:00:12.2: new USB bus registered, assigned bus number 1
[    1.181160] ehci-pci 0000:00:12.2: applying AMD SB700/SB800/Hudson-2/3 EHCI dummy qh workaround
[    1.184457] ehci-pci 0000:00:12.2: debug port 1
[    1.187889] ehci-pci 0000:00:12.2: irq 17, io mem 0xfeb6d000
[    1.220002] ehci-pci 0000:00:12.2: USB 2.0 started, EHCI 1.00
[    1.223317] usb usb1: New USB device found, idVendor=1d6b, idProduct=0002, bcdDevice= 5.01
[    1.226613] usb usb1: New USB device strings: Mfr=3, Product=2, SerialNumber=1
[    1.229859] usb usb1: Product: EHCI Host Controller
[    1.233056] usb usb1: Manufacturer: Linux 5.1.0-rc6+ ehci_hcd
[    1.236209] usb usb1: SerialNumber: 0000:00:12.2
[    1.241232] battery: ACPI: Battery Slot [BAT0] (battery present)
[    1.244761] hub 1-0:1.0: USB hub found
[    1.247908] hub 1-0:1.0: 4 ports detected
[    1.253235] ehci-pci 0000:00:13.2: EHCI Host Controller
[    1.256385] ehci-pci 0000:00:13.2: new USB bus registered, assigned bus number 2
[    1.259362] ehci-pci 0000:00:13.2: applying AMD SB700/SB800/Hudson-2/3 EHCI dummy qh workaround
[    1.262390] ehci-pci 0000:00:13.2: debug port 1
[    1.265711] ehci-pci 0000:00:13.2: irq 17, io mem 0xfeb6b000
[    1.300013] ehci-pci 0000:00:13.2: USB 2.0 started, EHCI 1.00
[    1.303052] usb usb2: New USB device found, idVendor=1d6b, idProduct=0002, bcdDevice= 5.01
[    1.306067] usb usb2: New USB device strings: Mfr=3, Product=2, SerialNumber=1
[    1.309040] usb usb2: Product: EHCI Host Controller
[    1.311988] usb usb2: Manufacturer: Linux 5.1.0-rc6+ ehci_hcd
[    1.314906] usb usb2: SerialNumber: 0000:00:13.2
[    1.318190] hub 2-0:1.0: USB hub found
[    1.321112] hub 2-0:1.0: 4 ports detected
[    1.326260] ohci_hcd: USB 1.1 'Open' Host Controller (OHCI) Driver
[    1.329225] ohci-pci: OHCI PCI platform driver
[    1.332486] ohci-pci 0000:00:12.0: OHCI PCI host controller
[    1.335503] ohci-pci 0000:00:12.0: new USB bus registered, assigned bus number 3
[    1.338487] ohci-pci 0000:00:12.0: irq 18, io mem 0xfeb6e000
[    1.414129] usb usb3: New USB device found, idVendor=1d6b, idProduct=0001, bcdDevice= 5.01
[    1.417092] usb usb3: New USB device strings: Mfr=3, Product=2, SerialNumber=1
[    1.420031] usb usb3: Product: OHCI PCI host controller
[    1.422916] usb usb3: Manufacturer: Linux 5.1.0-rc6+ ohci_hcd
[    1.425775] usb usb3: SerialNumber: 0000:00:12.0
[    1.428906] hub 3-0:1.0: USB hub found
[    1.431820] hub 3-0:1.0: 4 ports detected
[    1.437025] ohci-pci 0000:00:13.0: OHCI PCI host controller
[    1.440043] ohci-pci 0000:00:13.0: new USB bus registered, assigned bus number 4
[    1.442889] ohci-pci 0000:00:13.0: irq 18, io mem 0xfeb6c000
[    1.450042] ata2: SATA link down (SStatus 0 SControl 300)
[    1.514124] usb usb4: New USB device found, idVendor=1d6b, idProduct=0001, bcdDevice= 5.01
[    1.516980] usb usb4: New USB device strings: Mfr=3, Product=2, SerialNumber=1
[    1.519804] usb usb4: Product: OHCI PCI host controller
[    1.522604] usb usb4: Manufacturer: Linux 5.1.0-rc6+ ohci_hcd
[    1.525418] usb usb4: SerialNumber: 0000:00:13.0
[    1.528559] hub 4-0:1.0: USB hub found
[    1.531336] hub 4-0:1.0: 4 ports detected
[    1.536293] uhci_hcd: USB Universal Host Controller Interface driver
[    1.539154] usbcore: registered new interface driver usblp
[    1.542191] usbcore: registered new interface driver usb-storage
[    1.544992] usbcore: registered new interface driver ch341
[    1.547682] usbserial: USB Serial support registered for ch341-uart
[    1.550690] i8042: PNP: PS/2 Controller [PNP030b:PS2K,PNP0f03:PS2M] at 0x60,0x64 irq 1,12
[    1.555187] i8042: Detected active multiplexing controller, rev 1.1
[    1.558699] serio: i8042 KBD port at 0x60,0x64 irq 1
[    1.561639] serio: i8042 AUX0 port at 0x60,0x64 irq 12
[    1.564506] serio: i8042 AUX1 port at 0x60,0x64 irq 12
[    1.567295] serio: i8042 AUX2 port at 0x60,0x64 irq 12
[    1.569943] serio: i8042 AUX3 port at 0x60,0x64 irq 12
[    1.573339] mousedev: PS/2 mouse device common for all mice
[    1.576887] rtc_cmos 00:03: RTC can wake from S4
[    1.579978] rtc_cmos 00:03: registered as rtc0
[    1.582592] rtc_cmos 00:03: alarms up to one month, y3k, 114 bytes nvram, hpet irqs
[    1.585788] device-mapper: ioctl: 4.40.0-ioctl (2019-01-18) initialised: dm-devel@redhat.com
[    1.588666] EFI Variables Facility v0.08 2004-May-17
[    1.601055] hidraw: raw HID events driver (C) Jiri Kosina
[    1.606320] usbcore: registered new interface driver usbhid
[    1.609064] usbhid: USB HID core driver
[    1.619105] snd_hda_intel 0000:00:01.1: enabling device (0000 -> 0002)
[    1.622151] input: AT Translated Set 2 keyboard as /devices/platform/i8042/serio0/input/input4
[    1.626946] snd_hda_intel 0000:00:01.1: Force to non-snoop mode
[    1.633315] Initializing XFRM netlink socket
[    1.637179] NET: Registered protocol family 10
[    1.640049] ata1: SATA link up 6.0 Gbps (SStatus 133 SControl 300)
[    1.643794] Segment Routing with IPv6
[    1.646695] sit: IPv6, IPv4 and MPLS over IPv4 tunneling driver
[    1.650269] ata1.00: ATA-8: KINGSTON SV300S37A120G, 603ABBF0, max UDMA/133
[    1.650623] snd_hda_codec_generic hdaudioC0D0: autoconfig for Generic: line_outs=0 (0x0/0x0/0x0/0x0/0x0) type:line
[    1.653119] ata1.00: 234441648 sectors, multi 1: LBA48 NCQ (depth 32), AA
[    1.656072] snd_hda_codec_generic hdaudioC0D0:    speaker_outs=0 (0x0/0x0/0x0/0x0/0x0)
[    1.662097] snd_hda_codec_generic hdaudioC0D0:    hp_outs=0 (0x0/0x0/0x0/0x0/0x0)
[    1.665121] snd_hda_codec_generic hdaudioC0D0:    mono: mono_out=0x0
[    1.667321] ata1.00: configured for UDMA/133
[    1.668102] snd_hda_codec_generic hdaudioC0D0:    dig-out=0x3/0x0
[    1.673961] snd_hda_codec_generic hdaudioC0D0:    inputs:
[    1.678006] scsi 0:0:0:0: Direct-Access     ATA      KINGSTON SV300S3 BBF0 PQ: 0 ANSI: 5
[    1.681797] random: fast init done
[    1.688157] sd 0:0:0:0: [sda] 234441648 512-byte logical blocks: (120 GB/112 GiB)
[    1.691270] sd 0:0:0:0: [sda] Write Protect is off
[    1.694298] sd 0:0:0:0: [sda] Mode Sense: 00 3a 00 00
[    1.694647] sd 0:0:0:0: Attached scsi generic sg0 type 0
[    1.697857] NET: Registered protocol family 17
[    1.701184] snd_hda_codec_realtek hdaudioC1D0: autoconfig for ALC3229: line_outs=1 (0x14/0x0/0x0/0x0/0x0) type:speaker
[    1.704371] snd_hda_codec_realtek hdaudioC1D0:    speaker_outs=0 (0x0/0x0/0x0/0x0/0x0)
[    1.707585] snd_hda_codec_realtek hdaudioC1D0:    hp_outs=1 (0x21/0x0/0x0/0x0/0x0)
[    1.710778] snd_hda_codec_realtek hdaudioC1D0:    mono: mono_out=0x0
[    1.713882] snd_hda_codec_realtek hdaudioC1D0:    inputs:
[    1.716910] snd_hda_codec_realtek hdaudioC1D0:      Mic=0x19
[    1.720307] sd 0:0:0:0: [sda] Write cache: enabled, read cache: enabled, doesn't support DPO or FUA
[    1.723782] microcode: CPU0: patch_level=0x0700010b
[    1.726934] microcode: CPU1: patch_level=0x0700010b
[    1.730957] microcode: Microcode Update Driver: v2.2.
[    1.730994] sched_clock: Marking stable (1728507367, 1567759)->(1858298544, -128223418)
[    1.740418]  sda: sda1 sda2 sda3 sda4 sda5 sda6
[    1.745282] sd 0:0:0:0: [sda] Attached SCSI disk
[    1.748766] registered taskstats version 1
[    1.751994] Loading compiled-in X.509 certificates
[    1.761203] input: HDA ATI HDMI HDMI as /devices/pci0000:00/0000:00:01.1/sound/card0/input6
[    1.766392] rq load weight: 3145728
[    1.769602] Blablamod: thread_function(): 4294937403.
[    1.779026] input: HD-Audio Generic Headphone as /devices/pci0000:00/0000:00:14.2/sound/card1/input8
[    1.783651] acpi_cpufreq: overriding BIOS provided _PSD data
[    1.787345] cfg80211: Loading compiled-in X.509 certificates for regulatory database
[    1.792116] cfg80211: Loaded X.509 cert 'sforshee: 00b28ddf47aef9cea7'
[    1.795457] ALSA device list:
[    1.798700]   #0: HDA ATI HDMI at 0xfeb64000 irq 33
[    1.801972]   #1: HD-Audio Generic at 0xfeb60000 irq 16
[    1.805326] platform regulatory.0: Direct firmware load for regulatory.db failed with error -2
[    1.808674] cfg80211: failed to load regulatory.db
[    1.984601] usb 4-2: new full-speed USB device number 2 using ohci-pci
[    2.064554] tsc: Refined TSC clocksource calibration: 998.127 MHz
[    2.067860] clocksource: tsc: mask: 0xffffffffffffffff max_cycles: 0x1cc65b93289, max_idle_ns: 881590487074 ns
[    2.071909] clocksource: Switched to clocksource tsc
[    2.195370] usb 4-2: device descriptor read/64, error -62
[    2.464496] input: PS/2 Logitech Wheel Mouse as /devices/platform/i8042/serio4/input/input14
[    2.470597] md: Waiting for all devices to be available before autodetect
[    2.474017] md: If you don't use raid, use raid=noautodetect
[    2.477842] md: Autodetecting RAID arrays.
[    2.481260] md: autorun ...
[    2.484615] md: ... autorun DONE.
[    2.492559] EXT4-fs (sda2): mounted filesystem with ordered data mode. Opts: (null)
[    2.496000] VFS: Mounted root (ext4 filesystem) readonly on device 8:2.
[    2.500904] devtmpfs: mounted
[    2.505136] Freeing unused kernel image memory: 1260K
[    2.534581] usb 4-2: device descriptor read/64, error -62
[    2.534650] Write protecting the kernel read-only data: 22528k
[    2.542823] Freeing unused kernel image memory: 1984K
[    2.547424] Freeing unused kernel image memory: 1736K
[    2.550742] Run /sbin/init as init process
[    2.608194] stty (1762) used greatest stack depth: 13832 bytes left
[    2.684595] usb 2-3: new high-speed USB device number 3 using ehci-pci
[    2.701646] sed (1776) used greatest stack depth: 13608 bytes left
[    2.784604] rq load weight: 1048576
[    2.788278] Blablamod: thread_function(): 4294937504.
[    2.855270] ip (1820) used greatest stack depth: 12480 bytes left
[    2.874596] usb 4-2: new full-speed USB device number 3 using ohci-pci
[    2.925392] usb 2-3: New USB device found, idVendor=04f2, idProduct=b404, bcdDevice=69.63
[    2.929385] usb 2-3: New USB device strings: Mfr=3, Product=1, SerialNumber=2
[    2.933361] usb 2-3: Product: USB2.0 HD UVC WebCam
[    2.937296] usb 2-3: Manufacturer: Chicony Electronics Co.,Ltd.
[    2.941160] usb 2-3: SerialNumber: 0x0001
[    2.980730] udevd[1854]: starting version 3.2.1
[    2.991143] random: udevd: uninitialized urandom read (16 bytes read)
[    2.995490] random: udevd: uninitialized urandom read (16 bytes read)
[    2.999643] random: udevd: uninitialized urandom read (16 bytes read)
[    3.017837] udevd[1855]: starting eudev-3.2.1
[    3.094617] usb 4-2: device descriptor read/64, error -62
[    3.369579] ath9k 0000:01:00.0 wlp1s0: renamed from wlan0
[    3.385251] r8169 0000:02:00.0 enp2s0: renamed from eth0
[    3.436252] usb 4-2: device descriptor read/64, error -62
[    3.534155] [drm] radeon kernel modesetting enabled.
[    3.537993] checking generic (c0000000 420000) vs hw (c0000000 10000000)
[    3.537997] fb0: switching to radeondrmfb from EFI VGA
[    3.541661] Console: switching to colour dummy device 80x25
[    3.548335] radeon 0000:00:01.0: vgaarb: deactivate vga console
[    3.550561] [drm] initializing kernel modesetting (KABINI 0x1002:0x9839 0x1043:0x141D 0x00).
[    3.550634] [drm] doorbell mmio base: 0xD0000000
[    3.550642] [drm] doorbell mmio size: 8388608
[    3.550676] ATOM BIOS: AMD
[    3.550751] [drm] Changing default dispclk from 400Mhz to 600Mhz
[    3.550789] radeon 0000:00:01.0: VRAM: 512M 0x0000000000000000 - 0x000000001FFFFFFF (512M used)
[    3.550804] radeon 0000:00:01.0: GTT: 2048M 0x0000000020000000 - 0x000000009FFFFFFF
[    3.550824] [drm] Detected VRAM RAM=512M, BAR=256M
[    3.550832] [drm] RAM width 128bits DDR
[    3.554657] usb usb4-port2: attempt power cycle
[    3.557583] [TTM] Zone  kernel: Available graphics memory: 1729584 kiB
[    3.557603] [TTM] Initializing pool allocator
[    3.557622] [TTM] Initializing DMA pool allocator
[    3.557678] [drm] radeon: 512M of VRAM memory ready
[    3.557688] [drm] radeon: 2048M of GTT memory ready.
[    3.557753] [drm] Loading kabini Microcode
[    3.568668] [drm] Internal thermal controller without fan control
[    3.569875] [drm] radeon: dpm initialized
[    3.571028] [drm] Found UVD firmware Version: 1.64 Family ID: 9
[    3.576525] [drm] Found VCE firmware/feedback version 40.2.2 / 15!
[    3.577540] [drm] GART: num cpu pages 524288, num gpu pages 524288
[    3.660070] [drm] PCIE GART of 2048M enabled (table at 0x000000000030E000).
[    3.660351] radeon 0000:00:01.0: WB enabled
[    3.660397] radeon 0000:00:01.0: fence driver on ring 0 use gpu addr 0x0000000020000c00 and cpu addr 0x(____ptrval____)
[    3.660414] radeon 0000:00:01.0: fence driver on ring 1 use gpu addr 0x0000000020000c04 and cpu addr 0x(____ptrval____)
[    3.660429] radeon 0000:00:01.0: fence driver on ring 2 use gpu addr 0x0000000020000c08 and cpu addr 0x(____ptrval____)
[    3.660443] radeon 0000:00:01.0: fence driver on ring 3 use gpu addr 0x0000000020000c0c and cpu addr 0x(____ptrval____)
[    3.660457] radeon 0000:00:01.0: fence driver on ring 4 use gpu addr 0x0000000020000c10 and cpu addr 0x(____ptrval____)
[    3.661389] radeon 0000:00:01.0: fence driver on ring 5 use gpu addr 0x0000000000078d30 and cpu addr 0x(____ptrval____)
[    3.661770] radeon 0000:00:01.0: fence driver on ring 6 use gpu addr 0x0000000020000c18 and cpu addr 0x(____ptrval____)
[    3.661787] radeon 0000:00:01.0: fence driver on ring 7 use gpu addr 0x0000000020000c1c and cpu addr 0x(____ptrval____)
[    3.661800] [drm] Supports vblank timestamp caching Rev 2 (21.10.2013).
[    3.661808] [drm] Driver supports precise vblank timestamp query.
[    3.661919] radeon 0000:00:01.0: radeon: using MSI.
[    3.661987] [drm] radeon: irq initialized.
[    3.665971] [drm] ring test on 0 succeeded in 4 usecs
[    3.666089] [drm] ring test on 1 succeeded in 4 usecs
[    3.666128] [drm] ring test on 2 succeeded in 4 usecs
[    3.666458] [drm] ring test on 3 succeeded in 6 usecs
[    3.666476] [drm] ring test on 4 succeeded in 6 usecs
[    3.731804] [drm] ring test on 5 succeeded in 2 usecs
[    3.757720] [drm] UVD initialized successfully.
[    3.795798] rq load weight: 6291456
[    3.795817] Blablamod: thread_function(): 4294937605.
[    3.873200] [drm] ring test on 6 succeeded in 19 usecs
[    3.873233] [drm] ring test on 7 succeeded in 3 usecs
[    3.873240] [drm] VCE initialized successfully.
[    3.875623] [drm] ib test on ring 0 succeeded in 0 usecs
[    3.875908] [drm] ib test on ring 1 succeeded in 0 usecs
[    3.876188] [drm] ib test on ring 2 succeeded in 0 usecs
[    3.876469] [drm] ib test on ring 3 succeeded in 0 usecs
[    3.876745] [drm] ib test on ring 4 succeeded in 0 usecs
[    4.104603] usb 4-2: new full-speed USB device number 4 using ohci-pci
[    4.434733] [drm] ib test on ring 5 succeeded
[    4.455954] [drm] ib test on ring 6 succeeded
[    4.456929] [drm] ib test on ring 7 succeeded
[    4.504599] [drm] radeon atom DIG backlight initialized
[    4.504621] [drm] Radeon Display Connectors
[    4.504628] [drm] Connector 0:
[    4.504635] [drm]   LVDS-1
[    4.504640] [drm]   HPD1
[    4.504649] [drm]   DDC: 0x6530 0x6530 0x6534 0x6534 0x6538 0x6538 0x653c 0x653c
[    4.504658] [drm]   Encoders:
[    4.504664] [drm]     LCD1: INTERNAL_UNIPHY
[    4.504670] [drm] Connector 1:
[    4.504675] [drm]   HDMI-A-1
[    4.504681] [drm]   HPD2
[    4.504688] [drm]   DDC: 0x6540 0x6540 0x6544 0x6544 0x6548 0x6548 0x654c 0x654c
[    4.504696] [drm]   Encoders:
[    4.504702] [drm]     DFP1: INTERNAL_UNIPHY
[    4.504708] [drm] Connector 2:
[    4.504713] [drm]   VGA-1
[    4.504721] [drm]   DDC: 0x65c0 0x65c0 0x65c4 0x65c4 0x65c8 0x65c8 0x65cc 0x65cc
[    4.504730] [drm]   Encoders:
[    4.504735] [drm]     CRT1: INTERNAL_KLDSCP_DAC1
[    4.544593] usb 4-2: device not accepting address 4, error -62
[    4.754593] usb 4-2: new full-speed USB device number 5 using ohci-pci
[    4.804543] rq load weight: 1048576
[    4.804553] Blablamod: thread_function(): 4294937706.
[    5.194591] usb 4-2: device not accepting address 5, error -62
[    5.194645] usb usb4-port2: unable to enumerate USB device
[    5.566722] [drm] fb mappable at 0xC0722000
[    5.566738] [drm] vram apper at 0xC0000000
[    5.566745] [drm] size 4325376
[    5.566751] [drm] fb depth is 24
[    5.566757] [drm]    pitch is 5632
[    5.567146] fbcon: radeondrmfb (fb0) is primary device
[    5.674816] Console: switching to colour frame buffer device 170x48
[    5.685161] radeon 0000:00:01.0: fb0: radeondrmfb frame buffer device
[    5.739343] ACPI Debug:  "=== ALIB 0 - true ==="
[    5.740100] [drm] Initialized radeon 2.50.0 20080528 for 0000:00:01.0 on minor 0
[    5.814577] rq load weight: 1048576
[    5.814659] Blablamod: thread_function(): 4294937807.
[    5.827441] Adding 3608572k swap on /dev/sda4.  Priority:1 extents:1 across:3608572k SS
[    5.881564] EXT4-fs (sda2): re-mounted. Opts: (null)
[    5.987923] EXT4-fs (sda2): re-mounted. Opts: (null)
[    6.824551] rq load weight: 1048576
[    6.824625] Blablamod: thread_function(): 4294937908.
[    7.834551] rq load weight: 1048576
[    7.838106] Blablamod: thread_function(): 4294938009.
[    8.616986] urandom_read: 6 callbacks suppressed
[    8.616991] random: wpa_supplicant: uninitialized urandom read (32 bytes read)
[    8.844574] rq load weight: 0
[    8.848387] Blablamod: thread_function(): 4294938110.
[    9.854549] rq load weight: 0
[    9.858362] Blablamod: thread_function(): 4294938211.
[    9.972716] wlp1s0: authenticate with 64:66:b3:cd:9a:3a
[    9.991996] wlp1s0: send auth to 64:66:b3:cd:9a:3a (try 1/3)
[    9.998869] wlp1s0: authenticated
[   10.005439] wlp1s0: associate with 64:66:b3:cd:9a:3a (try 1/3)
[   10.013820] wlp1s0: RX AssocResp from 64:66:b3:cd:9a:3a (capab=0x431 status=0 aid=1)
[   10.018785] wlp1s0: associated
[   10.049605] IPv6: ADDRCONF(NETDEV_CHANGE): wlp1s0: link becomes ready
[   10.864547] rq load weight: 0
[   10.868492] Blablamod: thread_function(): 4294938312.
[   11.230183] udevd (1909) used greatest stack depth: 11752 bytes left
[   11.874551] rq load weight: 1048576
[   11.878569] Blablamod: thread_function(): 4294938413.
[   12.884547] rq load weight: 1048576
[   12.888519] Blablamod: thread_function(): 4294938514.
[   13.894545] rq load weight: 1048576
[   13.898384] Blablamod: thread_function(): 4294938615.
[   14.904553] rq load weight: 0
[   14.904566] Blablamod: thread_function(): 4294938716.
[   15.914583] rq load weight: 2356224
[   15.914594] Blablamod: thread_function(): 4294938817.
[   16.924550] rq load weight: 0
[   16.924561] Blablamod: thread_function(): 4294938918.
[   17.934551] rq load weight: 0
[   17.934562] Blablamod: thread_function(): 4294939019.
[   18.944549] rq load weight: 0
[   18.944560] Blablamod: thread_function(): 4294939120.
[   19.954552] rq load weight: 0
[   19.954564] Blablamod: thread_function(): 4294939221.
[   20.964565] rq load weight: 0
[   20.964577] Blablamod: thread_function(): 4294939322.
[   21.974559] rq load weight: 1048576
[   21.974569] Blablamod: thread_function(): 4294939423.
[   22.984553] rq load weight: 1048576
[   22.984564] Blablamod: thread_function(): 4294939524.
[   23.994547] rq load weight: 1048576
[   23.994557] Blablamod: thread_function(): 4294939625.
[   25.004548] rq load weight: 1048576
[   25.004558] Blablamod: thread_function(): 4294939726.
[   26.014549] rq load weight: 1048576
[   26.014559] Blablamod: thread_function(): 4294939827.
[   27.024547] rq load weight: 1048576
[   27.024556] Blablamod: thread_function(): 4294939928.
[   28.034547] rq load weight: 1048576
[   28.034556] Blablamod: thread_function(): 4294940029.
[   29.044547] rq load weight: 1048576
[   29.044555] Blablamod: thread_function(): 4294940130.
[   30.054550] rq load weight: 1048576
[   30.054559] Blablamod: thread_function(): 4294940231.
[   31.064552] rq load weight: 1048576
[   31.064562] Blablamod: thread_function(): 4294940332.
[   32.074550] rq load weight: 1048576
[   32.074559] Blablamod: thread_function(): 4294940433.
[   33.084551] rq load weight: 1048576
[   33.084560] Blablamod: thread_function(): 4294940534.
[   34.094552] rq load weight: 1048576
[   34.094561] Blablamod: thread_function(): 4294940635.
[   35.104547] rq load weight: 1048576
[   35.104556] Blablamod: thread_function(): 4294940736.
[   36.114553] rq load weight: 1048576
[   36.114561] Blablamod: thread_function(): 4294940837.
[   37.124550] rq load weight: 1048576
[   37.124560] Blablamod: thread_function(): 4294940938.
[   38.134552] rq load weight: 1048576
[   38.134560] Blablamod: thread_function(): 4294941039.
