[    0.000000] Linux version 5.2.0-rc6+ (root@(none)) (gcc version 9.0.1 20190416 (experimental) (GCC)) #151 SMP Fri Jun 28 22:30:49 +05 2019
[    0.000000] Command line: BOOT_IMAGE=/boot/bzImage root=/dev/sda2 ro
[    0.000000] x86/fpu: Supporting XSAVE feature 0x001: 'x87 floating point registers'
[    0.000000] x86/fpu: Supporting XSAVE feature 0x002: 'SSE registers'
[    0.000000] x86/fpu: Supporting XSAVE feature 0x004: 'AVX registers'
[    0.000000] x86/fpu: xstate_offset[2]:  576, xstate_sizes[2]:  256
[    0.000000] x86/fpu: Enabled xstate features 0x7, context size is 832 bytes, using 'standard' format.
[    0.000000] BIOS-provided physical RAM map:
[    0.000000] BIOS-e820: [mem 0x0000000000000000-0x000000000009ffff] usable
[    0.000000] BIOS-e820: [mem 0x0000000000100000-0x000000009d0f7fff] usable
[    0.000000] BIOS-e820: [mem 0x000000009d0f8000-0x000000009d127fff] reserved
[    0.000000] BIOS-e820: [mem 0x000000009d128000-0x000000009d370fff] usable
[    0.000000] BIOS-e820: [mem 0x000000009d371000-0x000000009dc56fff] ACPI NVS
[    0.000000] BIOS-e820: [mem 0x000000009dc57000-0x000000009e959fff] reserved
[    0.000000] BIOS-e820: [mem 0x000000009e95a000-0x000000009e9cafff] type 20
[    0.000000] BIOS-e820: [mem 0x000000009e9cb000-0x000000009e9cbfff] usable
[    0.000000] BIOS-e820: [mem 0x000000009e9cc000-0x000000009e9d3fff] ACPI NVS
[    0.000000] BIOS-e820: [mem 0x000000009e9d4000-0x000000009eb24fff] usable
[    0.000000] BIOS-e820: [mem 0x000000009eb25000-0x000000009f041fff] reserved
[    0.000000] BIOS-e820: [mem 0x000000009f042000-0x000000009f080fff] usable
[    0.000000] BIOS-e820: [mem 0x000000009f081000-0x000000009f3f1fff] reserved
[    0.000000] BIOS-e820: [mem 0x000000009f3f2000-0x000000009f3fffff] usable
[    0.000000] BIOS-e820: [mem 0x00000000fec00000-0x00000000fec01fff] reserved
[    0.000000] BIOS-e820: [mem 0x00000000fec10000-0x00000000fec10fff] reserved
[    0.000000] BIOS-e820: [mem 0x00000000fed00000-0x00000000fed00fff] reserved
[    0.000000] BIOS-e820: [mem 0x00000000fed80000-0x00000000fed8ffff] reserved
[    0.000000] BIOS-e820: [mem 0x00000000ff000000-0x00000000ffffffff] reserved
[    0.000000] BIOS-e820: [mem 0x0000000100001000-0x000000013effffff] usable
[    0.000000] NX (Execute Disable) protection: active
[    0.000000] efi: EFI v2.31 by American Megatrends
[    0.000000] efi:  ACPI=0x9d3f3000  ACPI 2.0=0x9d3f3000  SMBIOS=0x9e958998 
[    0.000000] SMBIOS 2.7 present.
[    0.000000] DMI: ASUSTeK COMPUTER INC. X102BA/X102BA, BIOS X102BA.212 08/30/2013
[    0.000000] tsc: Fast TSC calibration using PIT
[    0.000000] tsc: Detected 998.084 MHz processor
[    0.000214] e820: update [mem 0x00000000-0x00000fff] usable ==> reserved
[    0.000219] e820: remove [mem 0x000a0000-0x000fffff] usable
[    0.000240] last_pfn = 0x13f000 max_arch_pfn = 0x400000000
[    0.000249] MTRR default type: uncachable
[    0.000251] MTRR fixed ranges enabled:
[    0.000255]   00000-9FFFF write-back
[    0.000257]   A0000-BFFFF write-through
[    0.000260]   C0000-DFFFF uncachable
[    0.000263]   E0000-FFFFF write-protect
[    0.000264] MTRR variable ranges enabled:
[    0.000269]   0 base 0000000000 mask FF80000000 write-back
[    0.000273]   1 base 0080000000 mask FFE0000000 write-back
[    0.000276]   2 base 009F400000 mask FFFFC00000 uncachable
[    0.000280]   3 base 009F800000 mask FFFF800000 uncachable
[    0.000281]   4 disabled
[    0.000282]   5 disabled
[    0.000283]   6 disabled
[    0.000284]   7 disabled
[    0.000287] TOM2: 000000013f000000 aka 5104M
[    0.000809] x86/PAT: Configuration [0-7]: WB  WC  UC- UC  WB  WP  UC- WT  
[    0.001071] e820: update [mem 0x9f400000-0xffffffff] usable ==> reserved
[    0.001085] last_pfn = 0x9f400 max_arch_pfn = 0x400000000
[    0.014805] check: Scanning 1 areas for low memory corruption
[    0.014819] Using GB pages for direct mapping
[    0.014826] BRK [0x42e01000, 0x42e01fff] PGTABLE
[    0.014832] BRK [0x42e02000, 0x42e02fff] PGTABLE
[    0.014836] BRK [0x42e03000, 0x42e03fff] PGTABLE
[    0.014946] BRK [0x42e04000, 0x42e04fff] PGTABLE
[    0.014950] BRK [0x42e05000, 0x42e05fff] PGTABLE
[    0.015101] BRK [0x42e06000, 0x42e06fff] PGTABLE
[    0.015995] BRK [0x42e07000, 0x42e07fff] PGTABLE
[    0.016204] BRK [0x42e08000, 0x42e08fff] PGTABLE
[    0.016369] BRK [0x42e09000, 0x42e09fff] PGTABLE
[    0.016595] BRK [0x42e0a000, 0x42e0afff] PGTABLE
[    0.016864] BRK [0x42e0b000, 0x42e0bfff] PGTABLE
[    0.017022] Secure boot could not be determined
[    0.017037] ACPI: Early table checksum verification disabled
[    0.017048] ACPI: RSDP 0x000000009D3F3000 000024 (v02 _ASUS_)
[    0.017060] ACPI: XSDT 0x000000009D3F3088 000094 (v01 _ASUS_ Notebook 01072009 AMI  00010013)
[    0.017077] ACPI: FACP 0x000000009D400748 00010C (v05 _ASUS_ Notebook 01072009 AMI  00010013)
[    0.017094] ACPI BIOS Warning (bug): Optional FADT field Pm2ControlBlock has valid Length but zero Address: 0x0000000000000000/0x1 (20190509/tbfadt-615)
[    0.017108] ACPI: DSDT 0x000000009D3F31A8 00D59D (v02 _ASUS_ Notebook 00000000 INTL 20091112)
[    0.017119] ACPI: FACS 0x000000009DC4B080 000040
[    0.017128] ACPI: APIC 0x000000009D400858 00007E (v03 _ASUS_ Notebook 01072009 AMI  00010013)
[    0.017139] ACPI: FPDT 0x000000009D4008D8 000044 (v01 _ASUS_ Notebook 01072009 AMI  00010013)
[    0.017150] ACPI: ECDT 0x000000009D400920 0000C1 (v01 _ASUS_ Notebook 01072009 AMI. 00000005)
[    0.017160] ACPI: MCFG 0x000000009D4009E8 00003C (v01 _ASUS_ Notebook 01072009 MSFT 00010013)
[    0.017170] ACPI: HPET 0x000000009D400A28 000038 (v01 _ASUS_ Notebook 01072009 AMI  00000005)
[    0.017181] ACPI: VFCT 0x000000009D400A60 004684 (v01 _ASUS_ Notebook 00000001 AMD  31504F47)
[    0.017192] ACPI: BGRT 0x000000009D4050E8 000038 (v00 _ASUS_ Notebook 01072009 ASUS 00010013)
[    0.017202] ACPI: SSDT 0x000000009D405120 0005E0 (v01 AMD    AGESA    00000001 AMD  00000001)
[    0.017213] ACPI: SSDT 0x000000009D405700 0046D1 (v02 AMD    AGESA    00000002 MSFT 04000000)
[    0.017223] ACPI: CRAT 0x000000009D409DD8 000228 (v01 AMD    AGESA    00000001 AMD  00000001)
[    0.017234] ACPI: SSDT 0x000000009D40A000 001411 (v01 AMD    CPMDFIGP 00000001 INTL 20051117)
[    0.017244] ACPI: SSDT 0x000000009D40B418 0010E8 (v01 AMD    CPMCMN   00000001 INTL 20051117)
[    0.017254] ACPI: MSDM 0x000000009D127F98 000055 (v03 _ASUS_ Notebook 00000000 ASUS 00000001)
[    0.017283] ACPI: Local APIC address 0xfee00000
[    0.017544] No NUMA configuration found
[    0.017548] Faking a node at [mem 0x0000000000000000-0x000000013effffff]
[    0.017562] NODE_DATA(0) allocated [mem 0x13effa000-0x13effdfff]
[    0.017615] Zone ranges:
[    0.017620]   DMA      [mem 0x0000000000001000-0x0000000000ffffff]
[    0.017624]   DMA32    [mem 0x0000000001000000-0x00000000ffffffff]
[    0.017629]   Normal   [mem 0x0000000100000000-0x000000013effffff]
[    0.017633] Movable zone start for each node
[    0.017636] Early memory node ranges
[    0.017640]   node   0: [mem 0x0000000000001000-0x000000000009ffff]
[    0.017643]   node   0: [mem 0x0000000000100000-0x000000009d0f7fff]
[    0.017647]   node   0: [mem 0x000000009d128000-0x000000009d370fff]
[    0.017650]   node   0: [mem 0x000000009e9cb000-0x000000009e9cbfff]
[    0.017653]   node   0: [mem 0x000000009e9d4000-0x000000009eb24fff]
[    0.017656]   node   0: [mem 0x000000009f042000-0x000000009f080fff]
[    0.017659]   node   0: [mem 0x000000009f3f2000-0x000000009f3fffff]
[    0.017662]   node   0: [mem 0x0000000100001000-0x000000013effffff]
[    0.017991] Zeroed struct page in unavailable ranges: 11138 pages
[    0.017999] Initmem setup node 0 [mem 0x0000000000001000-0x000000013effffff]
[    0.018008] On node 0 totalpages: 902270
[    0.018011]   DMA zone: 64 pages used for memmap
[    0.018013]   DMA zone: 23 pages reserved
[    0.018016]   DMA zone: 3999 pages, LIFO batch:0
[    0.018233]   DMA32 zone: 10004 pages used for memmap
[    0.018235]   DMA32 zone: 640224 pages, LIFO batch:63
[    0.057816]   Normal zone: 4032 pages used for memmap
[    0.057824]   Normal zone: 258047 pages, LIFO batch:63
[    0.070948] ACPI: PM-Timer IO Port: 0x808
[    0.070960] ACPI: Local APIC address 0xfee00000
[    0.070978] ACPI: LAPIC_NMI (acpi_id[0xff] high edge lint[0x1])
[    0.070995] IOAPIC[0]: apic_id 3, version 33, address 0xfec00000, GSI 0-23
[    0.071006] IOAPIC[1]: apic_id 4, version 33, address 0xfec01000, GSI 24-55
[    0.071013] ACPI: INT_SRC_OVR (bus 0 bus_irq 0 global_irq 2 dfl dfl)
[    0.071019] ACPI: INT_SRC_OVR (bus 0 bus_irq 9 global_irq 9 low level)
[    0.071023] ACPI: IRQ0 used by override.
[    0.071026] ACPI: IRQ9 used by override.
[    0.071031] Using ACPI (MADT) for SMP configuration information
[    0.071036] ACPI: HPET id: 0x10228210 base: 0xfed00000
[    0.071052] smpboot: Allowing 4 CPUs, 2 hotplug CPUs
[    0.071125] PM: Registered nosave memory: [mem 0x00000000-0x00000fff]
[    0.071132] PM: Registered nosave memory: [mem 0x000a0000-0x000fffff]
[    0.071139] PM: Registered nosave memory: [mem 0x9d0f8000-0x9d127fff]
[    0.071146] PM: Registered nosave memory: [mem 0x9d371000-0x9dc56fff]
[    0.071149] PM: Registered nosave memory: [mem 0x9dc57000-0x9e959fff]
[    0.071152] PM: Registered nosave memory: [mem 0x9e95a000-0x9e9cafff]
[    0.071158] PM: Registered nosave memory: [mem 0x9e9cc000-0x9e9d3fff]
[    0.071165] PM: Registered nosave memory: [mem 0x9eb25000-0x9f041fff]
[    0.071171] PM: Registered nosave memory: [mem 0x9f081000-0x9f3f1fff]
[    0.071178] PM: Registered nosave memory: [mem 0x9f400000-0xfebfffff]
[    0.071180] PM: Registered nosave memory: [mem 0xfec00000-0xfec01fff]
[    0.071183] PM: Registered nosave memory: [mem 0xfec02000-0xfec0ffff]
[    0.071186] PM: Registered nosave memory: [mem 0xfec10000-0xfec10fff]
[    0.071189] PM: Registered nosave memory: [mem 0xfec11000-0xfecfffff]
[    0.071191] PM: Registered nosave memory: [mem 0xfed00000-0xfed00fff]
[    0.071194] PM: Registered nosave memory: [mem 0xfed01000-0xfed7ffff]
[    0.071197] PM: Registered nosave memory: [mem 0xfed80000-0xfed8ffff]
[    0.071200] PM: Registered nosave memory: [mem 0xfed90000-0xfeffffff]
[    0.071202] PM: Registered nosave memory: [mem 0xff000000-0xffffffff]
[    0.071205] PM: Registered nosave memory: [mem 0x100000000-0x100000fff]
[    0.071211] [mem 0x9f400000-0xfebfffff] available for PCI devices
[    0.071224] clocksource: refined-jiffies: mask: 0xffffffff max_cycles: 0xffffffff, max_idle_ns: 19112604462750000 ns
[    0.489945] setup_percpu: NR_CPUS:64 nr_cpumask_bits:64 nr_cpu_ids:4 nr_node_ids:1
[    0.491138] percpu: Embedded 51 pages/cpu s170008 r8192 d30696 u524288
[    0.491177] pcpu-alloc: s170008 r8192 d30696 u524288 alloc=1*2097152
[    0.491180] pcpu-alloc: [0] 0 1 2 3 
[    0.491259] Built 1 zonelists, mobility grouping on.  Total pages: 888147
[    0.491263] Policy zone: Normal
[    0.491270] Kernel command line: BOOT_IMAGE=/boot/bzImage root=/dev/sda2 ro
[    0.556068] Memory: 3432168K/3609080K available (14357K kernel code, 1433K rwdata, 4456K rodata, 1296K init, 856K bss, 176912K reserved, 0K cma-reserved)
[    0.556295] SLUB: HWalign=64, Order=0-3, MinObjects=0, CPUs=4, Nodes=1
[    0.556534] rcu: Hierarchical RCU implementation.
[    0.556538] rcu: 	RCU event tracing is enabled.
[    0.556542] rcu: 	RCU restricting CPUs from NR_CPUS=64 to nr_cpu_ids=4.
[    0.556547] rcu: RCU calculated value of scheduler-enlistment delay is 10 jiffies.
[    0.556550] rcu: Adjusting geometry for rcu_fanout_leaf=16, nr_cpu_ids=4
[    0.557144] NR_IRQS: 4352, nr_irqs: 1000, preallocated irqs: 16
[    0.557621] random: get_random_bytes called from start_kernel+0x2c6/0x493 with crng_init=0
[    0.557705] Console: colour dummy device 80x25
[    0.558390] printk: console [tty0] enabled
[    0.558438] ACPI: Core revision 20190509
[    0.559236] clocksource: hpet: mask: 0xffffffff max_cycles: 0xffffffff, max_idle_ns: 133484873504 ns
[    0.559264] hpet clockevent registered
[    0.559275] APIC: Switch to symmetric I/O mode setup
[    0.560017] ..TIMER: vector=0x30 apic1=0 pin1=2 apic2=-1 pin2=-1
[    0.609278] clocksource: tsc-early: mask: 0xffffffffffffffff max_cycles: 0x1cc60a50c73, max_idle_ns: 881590448847 ns
[    0.609295] Calibrating delay loop (skipped), value calculated using timer frequency.. 1996.16 BogoMIPS (lpj=9980840)
[    0.609311] pid_max: default: 32768 minimum: 301
[    0.611919] LSM: Security Framework initializing
[    0.611954] SELinux:  Initializing.
[    0.611991] *** VALIDATE SELinux ***
[    0.614239] Dentry cache hash table entries: 524288 (order: 10, 4194304 bytes)
[    0.615420] Inode-cache hash table entries: 262144 (order: 9, 2097152 bytes)
[    0.615521] Mount-cache hash table entries: 8192 (order: 4, 65536 bytes)
[    0.615567] Mountpoint-cache hash table entries: 8192 (order: 4, 65536 bytes)
[    0.615964] *** VALIDATE proc ***
[    0.616054] *** VALIDATE cgroup1 ***
[    0.616065] *** VALIDATE cgroup2 ***
[    0.616170] LVT offset 1 assigned for vector 0xf9
[    0.616187] Last level iTLB entries: 4KB 512, 2MB 8, 4MB 4
[    0.616195] Last level dTLB entries: 4KB 512, 2MB 256, 4MB 128, 1GB 0
[    0.616204] Spectre V2 : Mitigation: Full AMD retpoline
[    0.616211] Spectre V2 : Spectre v2 / SpectreRSB mitigation: Filling RSB on context switch
[    0.616222] Speculative Store Bypass: Mitigation: Speculative Store Bypass disabled via prctl and seccomp
[    0.616800] Freeing SMP alternatives memory: 40K
[    0.629293] smpboot: CPU0: AMD A4-1200 APU with Radeon(TM) HD Graphics (family: 0x16, model: 0x0, stepping: 0x1)
[    0.629293] Performance Events: AMD PMU driver.
[    0.629293] ... version:                0
[    0.629293] ... bit width:              48
[    0.629293] ... generic registers:      4
[    0.629293] ... value mask:             0000ffffffffffff
[    0.629293] ... max period:             00007fffffffffff
[    0.629293] ... fixed-purpose events:   0
[    0.629293] ... event mask:             000000000000000f
[    0.629293] rcu: Hierarchical SRCU implementation.
[    0.629293] MCE: In-kernel MCE decoding enabled.
[    0.629293] smp: Bringing up secondary CPUs ...
[    0.629293] x86: Booting SMP configuration:
[    0.629293] .... node  #0, CPUs:      #1
[    0.629293] smp: Brought up 1 node, 2 CPUs
[    0.629293] smpboot: Max logical packages: 2
[    0.629293] smpboot: Total of 2 processors activated (3992.33 BogoMIPS)
[    0.629293] devtmpfs: initialized
[    0.629293] PM: Registering ACPI NVS region [mem 0x9d371000-0x9dc56fff] (9330688 bytes)
[    0.629293] PM: Registering ACPI NVS region [mem 0x9e9cc000-0x9e9d3fff] (32768 bytes)
[    0.629293] clocksource: jiffies: mask: 0xffffffff max_cycles: 0xffffffff, max_idle_ns: 19112604462750000 ns
[    0.629293] futex hash table entries: 1024 (order: 4, 65536 bytes)
[    0.629293] kworker/u8:0 (22) used greatest stack depth: 14624 bytes left
[    0.629293] NET: Registered protocol family 16
[    0.629293] audit: initializing netlink subsys (disabled)
[    0.629293] audit: type=2000 audit(1561796758.060:1): state=initialized audit_enabled=0 res=1
[    0.629293] cpuidle: using governor ladder
[    0.629293] cpuidle: using governor menu
[    0.629293] ACPI FADT declares the system doesn't support PCIe ASPM, so disable it
[    0.629293] ACPI: bus type PCI registered
[    0.629293] PCI: MMCONFIG for domain 0000 [bus 00-ff] at [mem 0xe0000000-0xefffffff] (base 0xe0000000)
[    0.629293] PCI: not using MMCONFIG
[    0.629293] PCI: Using configuration type 1 for base access
[    0.629293] PCI: Using configuration type 1 for extended access
[    0.629326] rq->curr == THREAD(this messg)
[    0.629332] color, tsk->comm, weight, vruntime: -119507565063783 kworker/u8:1 1048576 47832756
[    0.629342] color, tsk->comm, weight, vruntime: -119507565074152 kworker/u8:1 1048576 47832756
[    0.629353] color, tsk->comm, weight, vruntime: -119507565063783 kworker/u8:1 1048576 47832756
[    0.629364] color, tsk->comm, weight, vruntime: 1 kworker/u8:1 1048576 48047043
[    0.629375] color, tsk->comm, weight, vruntime: -119507557290855 kworker/u8:1 1048576 48332757
[    0.629385] color, tsk->comm, weight, vruntime: -119507565074152 kworker/u8:1 1048576 48732756
[    0.629396] color, tsk->comm, weight, vruntime: -119507557290855 kworker/u8:1 1048576 49332756
[    0.629406] proc in rq 7
[    0.629416] rq->nr_running rq->cfs.nr_running : 8 8
[    0.629426] rq->load.weight, rq->cfs.load.weight : 8388608 8388608
[    0.629428] ----------------^^^^CPU0^^^^^-----------------------
[    0.629435] rq->curr->pid == 1
[    0.629443] color, tsk->comm, weight, vruntime: -119507557294312 kworker/u8:0 1048576 28351403
[    0.629450] color, tsk->comm, weight, vruntime: 1 kworker/u8:1 1048576 34951403
[    0.629461] color, tsk->comm, weight, vruntime: -119507557294312 kthreadd 1048576 37351400
[    0.629469] proc in rq 3
[    0.629479] rq->nr_running rq->cfs.nr_running : 4 4
[    0.629489] rq->load.weight, rq->cfs.load.weight : 4194304 4194304
[    0.629491] ----------------^^^^CPU1^^^^^-----------------------
[    0.629499] rq->curr->pid == 0
[    0.629506] proc in rq 0
[    0.629512] rq->nr_running rq->cfs.nr_running : 0 0
[    0.629522] rq->load.weight, rq->cfs.load.weight : 0 0
[    0.629523] ----------------^^^^CPU2^^^^^-----------------------
[    0.629530] rq->curr->pid == 0
[    0.629537] proc in rq 0
[    0.629543] rq->nr_running rq->cfs.nr_running : 0 0
[    0.629553] rq->load.weight, rq->cfs.load.weight : 0 0
[    0.629555] ----------------^^^^CPU3^^^^^-----------------------
[    0.645075] kworker/u8:0 (48) used greatest stack depth: 14160 bytes left
[    0.678300] HugeTLB registered 2.00 MiB page size, pre-allocated 0 pages
[    0.685813] ACPI: Added _OSI(Module Device)
[    0.685813] ACPI: Added _OSI(Processor Device)
[    0.685813] ACPI: Added _OSI(3.0 _SCP Extensions)
[    0.685813] ACPI: Added _OSI(Processor Aggregator Device)
[    0.685813] ACPI: Added _OSI(Linux-Dell-Video)
[    0.685813] ACPI: Added _OSI(Linux-Lenovo-NV-HDMI-Audio)
[    0.685813] ACPI: Added _OSI(Linux-HPI-Hybrid-Graphics)
[    0.717440] ACPI: 5 ACPI AML tables successfully acquired and loaded
[    0.720848] ACPI: EC: EC started
[    0.720858] ACPI: EC: interrupt blocked
[    0.723229] ACPI: \: Used as first EC
[    0.723241] ACPI: \: GPE=0x3, EC_CMD/EC_SC=0x66, EC_DATA=0x62
[    0.723248] ACPI: EC: Boot ECDT EC used to handle transactions
[    0.728532] ACPI: [Firmware Bug]: BIOS _OSI(Linux) query ignored
[    0.732944] ACPI: Interpreter enabled
[    0.733020] ACPI: (supports S0 S3 S4 S5)
[    0.733031] ACPI: Using IOAPIC for interrupt routing
[    0.733227] PCI: MMCONFIG for domain 0000 [bus 00-ff] at [mem 0xe0000000-0xefffffff] (base 0xe0000000)
[    0.733389] PCI: MMCONFIG at [mem 0xe0000000-0xefffffff] reserved in ACPI motherboard resources
[    0.733454] PCI: Using host bridge windows from ACPI; if necessary, use "pci=nocrs" and report a bug
[    0.734204] ACPI: Enabled 3 GPEs in block 00 to 1F
[    0.766782] ACPI: PCI Root Bridge [PCI0] (domain 0000 [bus 00-ff])
[    0.766782] acpi PNP0A08:00: _OSC: OS supports [ExtendedConfig ASPM ClockPM Segments MSI HPX-Type3]
[    0.766782] acpi PNP0A08:00: _OSC: platform does not support [LTR]
[    0.766782] acpi PNP0A08:00: _OSC: OS now controls [PME AER PCIeCapability]
[    0.766782] acpi PNP0A08:00: FADT indicates ASPM is unsupported, using BIOS configuration
[    0.769359] PCI host bridge to bus 0000:00
[    0.769359] pci_bus 0000:00: root bus resource [io  0x0000-0x03af window]
[    0.769359] pci_bus 0000:00: root bus resource [io  0x03e0-0x0cf7 window]
[    0.769359] pci_bus 0000:00: root bus resource [io  0x03b0-0x03df window]
[    0.769359] pci_bus 0000:00: root bus resource [io  0x0d00-0xffff window]
[    0.769359] pci_bus 0000:00: root bus resource [mem 0x000a0000-0x000bffff window]
[    0.769359] pci_bus 0000:00: root bus resource [mem 0x000c0000-0x000dffff window]
[    0.769359] pci_bus 0000:00: root bus resource [mem 0xc0000000-0xffffffff window]
[    0.769359] pci_bus 0000:00: root bus resource [bus 00-ff]
[    0.769359] pci 0000:00:00.0: [1022:1536] type 00 class 0x060000
[    0.769792] pci 0000:00:01.0: [1002:9839] type 00 class 0x030000
[    0.769792] pci 0000:00:01.0: reg 0x10: [mem 0xc0000000-0xcfffffff 64bit pref]
[    0.769792] pci 0000:00:01.0: reg 0x18: [mem 0xd0000000-0xd07fffff 64bit pref]
[    0.769792] pci 0000:00:01.0: reg 0x20: [io  0xf000-0xf0ff]
[    0.769792] pci 0000:00:01.0: reg 0x24: [mem 0xfeb00000-0xfeb3ffff]
[    0.769792] pci 0000:00:01.0: reg 0x30: [mem 0xfeb40000-0xfeb5ffff pref]
[    0.769792] pci 0000:00:01.0: enabling Extended Tags
[    0.769792] pci 0000:00:01.0: BAR 0: assigned to efifb
[    0.769792] pci 0000:00:01.0: supports D1 D2
[    0.769792] pci 0000:00:01.0: PME# supported from D1 D2 D3hot
[    0.769850] pci 0000:00:01.1: [1002:9840] type 00 class 0x040300
[    0.769850] pci 0000:00:01.1: reg 0x10: [mem 0xfeb64000-0xfeb67fff 64bit]
[    0.769850] pci 0000:00:01.1: enabling Extended Tags
[    0.769850] pci 0000:00:01.1: supports D1 D2
[    0.770323] pci 0000:00:02.0: [1022:1538] type 00 class 0x060000
[    0.770672] pci 0000:00:02.2: [1022:1439] type 01 class 0x060400
[    0.770672] pci 0000:00:02.2: enabling Extended Tags
[    0.770672] pci 0000:00:02.2: PME# supported from D0 D3hot D3cold
[    0.770935] pci 0000:00:02.3: [1022:1439] type 01 class 0x060400
[    0.770935] pci 0000:00:02.3: enabling Extended Tags
[    0.770935] pci 0000:00:02.3: PME# supported from D0 D3hot D3cold
[    0.771334] pci 0000:00:10.0: [1022:7814] type 00 class 0x0c0330
[    0.771334] pci 0000:00:10.0: reg 0x10: [mem 0xfeb68000-0xfeb69fff 64bit]
[    0.771334] pci 0000:00:10.0: PME# supported from D0 D3hot D3cold
[    0.771719] pci 0000:00:11.0: [1022:7801] type 00 class 0x010601
[    0.771719] pci 0000:00:11.0: reg 0x10: [io  0xf140-0xf147]
[    0.771719] pci 0000:00:11.0: reg 0x14: [io  0xf130-0xf133]
[    0.771719] pci 0000:00:11.0: reg 0x18: [io  0xf120-0xf127]
[    0.771719] pci 0000:00:11.0: reg 0x1c: [io  0xf110-0xf113]
[    0.771719] pci 0000:00:11.0: reg 0x20: [io  0xf100-0xf10f]
[    0.771719] pci 0000:00:11.0: reg 0x24: [mem 0xfeb6f000-0xfeb6f3ff]
[    0.771719] pci 0000:00:11.0: PME# supported from D3hot
[    0.772172] pci 0000:00:12.0: [1022:7807] type 00 class 0x0c0310
[    0.772172] pci 0000:00:12.0: reg 0x10: [mem 0xfeb6e000-0xfeb6efff]
[    0.772172] pci 0000:00:12.2: [1022:7808] type 00 class 0x0c0320
[    0.772172] pci 0000:00:12.2: reg 0x10: [mem 0xfeb6d000-0xfeb6d0ff]
[    0.772172] pci 0000:00:12.2: supports D1 D2
[    0.772172] pci 0000:00:12.2: PME# supported from D0 D1 D2 D3hot D3cold
[    0.772172] pci 0000:00:13.0: [1022:7807] type 00 class 0x0c0310
[    0.772172] pci 0000:00:13.0: reg 0x10: [mem 0xfeb6c000-0xfeb6cfff]
[    0.772172] pci 0000:00:13.2: [1022:7808] type 00 class 0x0c0320
[    0.772172] pci 0000:00:13.2: reg 0x10: [mem 0xfeb6b000-0xfeb6b0ff]
[    0.772172] pci 0000:00:13.2: supports D1 D2
[    0.772172] pci 0000:00:13.2: PME# supported from D0 D1 D2 D3hot D3cold
[    0.772172] pci 0000:00:14.0: [1022:780b] type 00 class 0x0c0500
[    0.772172] pci 0000:00:14.2: [1022:780d] type 00 class 0x040300
[    0.772172] pci 0000:00:14.2: reg 0x10: [mem 0xfeb60000-0xfeb63fff 64bit]
[    0.772172] pci 0000:00:14.2: PME# supported from D0 D3hot D3cold
[    0.772172] pci 0000:00:14.3: [1022:780e] type 00 class 0x060100
[    0.772172] pci 0000:00:14.7: [1022:7813] type 00 class 0x080501
[    0.772172] pci 0000:00:14.7: reg 0x10: [mem 0xfeb6a000-0xfeb6a0ff 64bit]
[    0.772384] pci 0000:00:18.0: [1022:1530] type 00 class 0x060000
[    0.772599] pci 0000:00:18.1: [1022:1531] type 00 class 0x060000
[    0.772808] pci 0000:00:18.2: [1022:1532] type 00 class 0x060000
[    0.773016] pci 0000:00:18.3: [1022:1533] type 00 class 0x060000
[    0.773238] pci 0000:00:18.4: [1022:1534] type 00 class 0x060000
[    0.773443] pci 0000:00:18.5: [1022:1535] type 00 class 0x060000
[    0.773800] pci 0000:01:00.0: [168c:0032] type 00 class 0x028000
[    0.773871] pci 0000:01:00.0: reg 0x10: [mem 0xfea00000-0xfea7ffff 64bit]
[    0.773935] pci 0000:01:00.0: reg 0x30: [mem 0xfea80000-0xfea8ffff pref]
[    0.774070] pci 0000:01:00.0: supports D1 D2
[    0.774080] pci 0000:01:00.0: PME# supported from D0 D1 D2 D3hot D3cold
[    0.774343] pci 0000:00:02.2: PCI bridge to [bus 01]
[    0.774363] pci 0000:00:02.2:   bridge window [mem 0xfea00000-0xfeafffff]
[    0.774503] pci 0000:02:00.0: [10ec:8136] type 00 class 0x020000
[    0.774553] pci 0000:02:00.0: reg 0x10: [io  0xe000-0xe0ff]
[    0.774599] pci 0000:02:00.0: reg 0x18: [mem 0xd0804000-0xd0804fff 64bit pref]
[    0.774633] pci 0000:02:00.0: reg 0x20: [mem 0xd0800000-0xd0803fff 64bit pref]
[    0.774803] pci 0000:02:00.0: supports D1 D2
[    0.774813] pci 0000:02:00.0: PME# supported from D0 D1 D2 D3hot D3cold
[    0.775108] pci 0000:00:02.3: PCI bridge to [bus 02]
[    0.775124] pci 0000:00:02.3:   bridge window [io  0xe000-0xefff]
[    0.775142] pci 0000:00:02.3:   bridge window [mem 0xd0800000-0xd08fffff 64bit pref]
[    0.789807] ACPI: PCI Interrupt Link [LNKA] (IRQs 4 7 10 11 14 15) *0
[    0.790047] ACPI: PCI Interrupt Link [LNKB] (IRQs 4 7 10 11 14 15) *0
[    0.790275] ACPI: PCI Interrupt Link [LNKC] (IRQs 4 7 10 11 14 15) *0
[    0.790502] ACPI: PCI Interrupt Link [LNKD] (IRQs 4 7 10 11 14 15) *0
[    0.790694] ACPI: PCI Interrupt Link [LNKE] (IRQs 4 7 10 11 14 15) *0
[    0.790852] ACPI: PCI Interrupt Link [LNKF] (IRQs 4 7 10 11 14 15) *0
[    0.791009] ACPI: PCI Interrupt Link [LNKG] (IRQs 4 7 10 11 14 15) *0
[    0.791165] ACPI: PCI Interrupt Link [LNKH] (IRQs 4 7 10 11 14 15) *0
[    0.792493] ACPI: EC: interrupt unblocked
[    0.792516] ACPI: EC: event unblocked
[    0.792533] ACPI: \_SB_.PCI0.SBRG.EC0_: GPE=0x3, EC_CMD/EC_SC=0x66, EC_DATA=0x62
[    0.792546] ACPI: \_SB_.PCI0.SBRG.EC0_: Boot DSDT EC used to handle transactions and events
[    0.792786] pci 0000:00:01.0: vgaarb: setting as boot VGA device
[    0.792786] pci 0000:00:01.0: vgaarb: VGA device added: decodes=io+mem,owns=io+mem,locks=none
[    0.792786] pci 0000:00:01.0: vgaarb: bridge control possible
[    0.792786] vgaarb: loaded
[    0.792786] SCSI subsystem initialized
[    0.792786] libata version 3.00 loaded.
[    0.793825] ACPI: bus type USB registered
[    0.793825] usbcore: registered new interface driver usbfs
[    0.793825] usbcore: registered new interface driver hub
[    0.794817] usbcore: registered new device driver usb
[    0.794827] pps_core: LinuxPPS API ver. 1 registered
[    0.794827] pps_core: Software ver. 5.3.6 - Copyright 2005-2007 Rodolfo Giometti <giometti@linux.it>
[    0.794827] PTP clock support registered
[    0.795390] EDAC MC: Ver: 3.0.0
[    0.795390] Registered efivars operations
[    0.796659] Advanced Linux Sound Architecture Driver Initialized.
[    0.796744] PCI: Using ACPI for IRQ routing
[    0.806191] PCI: pci_cache_line_size set to 64 bytes
[    0.806306] e820: reserve RAM buffer [mem 0x9d0f8000-0x9fffffff]
[    0.806313] e820: reserve RAM buffer [mem 0x9d371000-0x9fffffff]
[    0.806318] e820: reserve RAM buffer [mem 0x9e9cc000-0x9fffffff]
[    0.806322] e820: reserve RAM buffer [mem 0x9eb25000-0x9fffffff]
[    0.806326] e820: reserve RAM buffer [mem 0x9f081000-0x9fffffff]
[    0.806329] e820: reserve RAM buffer [mem 0x9f400000-0x9fffffff]
[    0.806332] e820: reserve RAM buffer [mem 0x13f000000-0x13fffffff]
[    0.809514] NetLabel: Initializing
[    0.809514] NetLabel:  domain hash size = 128
[    0.809514] NetLabel:  protocols = UNLABELED CIPSOv4 CALIPSO
[    0.809514] NetLabel:  unlabeled traffic allowed by default
[    0.809514] hpet0: at MMIO 0xfed00000, IRQs 2, 8, 0
[    0.809514] hpet0: 3 comparators, 32-bit 14.318180 MHz counter
[    0.819318] clocksource: Switched to clocksource tsc-early
[    0.871340] VFS: Disk quotas dquot_6.6.0
[    0.871410] VFS: Dquot-cache hash table entries: 512 (order 0, 4096 bytes)
[    0.871503] *** VALIDATE hugetlbfs ***
[    0.871615] pnp: PnP ACPI init
[    0.872115] system 00:00: [mem 0xe0000000-0xefffffff] has been reserved
[    0.872211] system 00:00: Plug and Play ACPI device, IDs PNP0c01 (active)
[    0.872465] system 00:01: [mem 0xa0000000-0xbfffffff] has been reserved
[    0.872539] system 00:01: Plug and Play ACPI device, IDs PNP0c02 (active)
[    0.872807] system 00:02: Plug and Play ACPI device, IDs PNP0c02 (active)
[    0.872989] pnp 00:03: Plug and Play ACPI device, IDs PNP0b00 (active)
[    0.873224] system 00:04: [io  0x04d0-0x04d1] has been reserved
[    0.873296] system 00:04: Plug and Play ACPI device, IDs PNP0c02 (active)
[    0.873546] pnp 00:05: Plug and Play ACPI device, IDs ETD0108 SYN0a00 SYN0002 PNP0f03 PNP0f13 PNP0f12 (active)
[    0.873727] pnp 00:06: Plug and Play ACPI device, IDs ATK3001 PNP030b (active)
[    0.874527] system 00:07: [io  0x04d0-0x04d1] has been reserved
[    0.874542] system 00:07: [io  0x040b] has been reserved
[    0.874553] system 00:07: [io  0x04d6] has been reserved
[    0.874564] system 00:07: [io  0x0c00-0x0c01] has been reserved
[    0.874574] system 00:07: [io  0x0c14] has been reserved
[    0.874585] system 00:07: [io  0x0c50-0x0c51] has been reserved
[    0.874596] system 00:07: [io  0x0c52] has been reserved
[    0.874606] system 00:07: [io  0x0c6c] has been reserved
[    0.874617] system 00:07: [io  0x0c6f] has been reserved
[    0.874627] system 00:07: [io  0x0cd0-0x0cd1] has been reserved
[    0.874638] system 00:07: [io  0x0cd2-0x0cd3] has been reserved
[    0.874649] system 00:07: [io  0x0cd4-0x0cd5] has been reserved
[    0.874659] system 00:07: [io  0x0cd6-0x0cd7] has been reserved
[    0.874670] system 00:07: [io  0x0cd8-0x0cdf] has been reserved
[    0.874681] system 00:07: [io  0x0800-0x089f] has been reserved
[    0.874691] system 00:07: [io  0x0900-0x090f] has been reserved
[    0.874702] system 00:07: [io  0x0910-0x091f] has been reserved
[    0.874713] system 00:07: [io  0xfe00-0xfefe] has been reserved
[    0.874728] system 00:07: [mem 0xfec00000-0xfec00fff] could not be reserved
[    0.874740] system 00:07: [mem 0xfee00000-0xfee00fff] has been reserved
[    0.874752] system 00:07: [mem 0xfed80000-0xfed8ffff] has been reserved
[    0.874764] system 00:07: [mem 0xfed61000-0xfed70fff] has been reserved
[    0.874780] system 00:07: [mem 0xfec10000-0xfec10fff] has been reserved
[    0.874792] system 00:07: [mem 0xfed00000-0xfed00fff] could not be reserved
[    0.874804] system 00:07: [mem 0xff000000-0xffffffff] has been reserved
[    0.874890] system 00:07: Plug and Play ACPI device, IDs PNP0c02 (active)
[    0.875715] pnp: PnP ACPI: found 8 devices
[    0.890809] clocksource: acpi_pm: mask: 0xffffff max_cycles: 0xffffff, max_idle_ns: 2085701024 ns
[    0.890874] pci 0000:00:02.2: PCI bridge to [bus 01]
[    0.890895] pci 0000:00:02.2:   bridge window [mem 0xfea00000-0xfeafffff]
[    0.890914] pci 0000:00:02.3: PCI bridge to [bus 02]
[    0.890926] pci 0000:00:02.3:   bridge window [io  0xe000-0xefff]
[    0.890943] pci 0000:00:02.3:   bridge window [mem 0xd0800000-0xd08fffff 64bit pref]
[    0.890967] pci_bus 0000:00: resource 4 [io  0x0000-0x03af window]
[    0.890978] pci_bus 0000:00: resource 5 [io  0x03e0-0x0cf7 window]
[    0.890988] pci_bus 0000:00: resource 6 [io  0x03b0-0x03df window]
[    0.890999] pci_bus 0000:00: resource 7 [io  0x0d00-0xffff window]
[    0.891009] pci_bus 0000:00: resource 8 [mem 0x000a0000-0x000bffff window]
[    0.891020] pci_bus 0000:00: resource 9 [mem 0x000c0000-0x000dffff window]
[    0.891031] pci_bus 0000:00: resource 10 [mem 0xc0000000-0xffffffff window]
[    0.891043] pci_bus 0000:01: resource 1 [mem 0xfea00000-0xfeafffff]
[    0.891053] pci_bus 0000:02: resource 0 [io  0xe000-0xefff]
[    0.891063] pci_bus 0000:02: resource 2 [mem 0xd0800000-0xd08fffff 64bit pref]
[    0.891324] NET: Registered protocol family 2
[    0.899423] tcp_listen_portaddr_hash hash table entries: 2048 (order: 3, 32768 bytes)
[    0.899498] TCP established hash table entries: 32768 (order: 6, 262144 bytes)
[    0.899716] TCP bind hash table entries: 32768 (order: 7, 524288 bytes)
[    0.899950] TCP: Hash tables configured (established 32768 bind 32768)
[    0.900114] UDP hash table entries: 2048 (order: 4, 65536 bytes)
[    0.900171] UDP-Lite hash table entries: 2048 (order: 4, 65536 bytes)
[    0.900347] NET: Registered protocol family 1
[    0.900737] RPC: Registered named UNIX socket transport module.
[    0.900747] RPC: Registered udp transport module.
[    0.900754] RPC: Registered tcp transport module.
[    0.900761] RPC: Registered tcp NFSv4.1 backchannel transport module.
[    0.901348] pci 0000:00:01.0: Video device with shadowed ROM at [mem 0x000c0000-0x000dffff]
[    0.901872] pci 0000:00:12.0: enabling device (0000 -> 0002)
[    0.902481] pci 0000:00:12.2: PME# does not work under D3, disabling it
[    0.902505] pci 0000:00:13.0: enabling device (0000 -> 0002)
[    0.903138] pci 0000:00:13.2: PME# does not work under D3, disabling it
[    0.903237] PCI: CLS 64 bytes, default 64
[    0.903384] PCI-DMA: Using software bounce buffering for IO (SWIOTLB)
[    0.903397] software IO TLB: mapped [mem 0x97989000-0x9b989000] (64MB)
[    0.903590] amd_uncore: AMD NB counters detected
[    0.903606] amd_uncore: AMD LLC counters detected
[    0.903739] LVT offset 0 assigned for vector 0x400
[    0.903826] perf: AMD IBS detected (0x000000ff)
[    0.903847] kvm: no hardware support
[    0.903957] kvm: Nested Virtualization enabled
[    0.903970] kvm: Nested Paging enabled
[    0.904884] check: Scanning for low memory corruption every 60 seconds
[    0.908531] Initialise system trusted keyrings
[    0.908837] workingset: timestamp_bits=56 max_order=20 bucket_order=0
[    0.930443] fuse: init (API version 7.31)
[    0.932155] Key type asymmetric registered
[    0.932167] Asymmetric key parser 'x509' registered
[    0.932205] Block layer SCSI generic (bsg) driver version 0.4 loaded (major 249)
[    0.932218] io scheduler mq-deadline registered
[    0.932226] io scheduler kyber registered
[    0.933029] pcieport 0000:00:02.2: PME: Signaling with IRQ 25
[    0.933460] pcieport 0000:00:02.3: PME: Signaling with IRQ 27
[    0.934588] uvesafb: failed to execute /sbin/v86d
[    0.934600] uvesafb: make sure that the v86d helper is installed and executable
[    0.934612] uvesafb: Getting VBE info block failed (eax=0x4f00, err=-2)
[    0.934621] uvesafb: vbe_init() failed with -22
[    0.934638] uvesafb: probe of uvesafb.0 failed with error -22
[    0.934703] efifb: probing for efifb
[    0.934750] efifb: framebuffer at 0xc0000000, using 4224k, total 4224k
[    0.934759] efifb: mode is 1366x768x32, linelength=5632, pages=1
[    0.934766] efifb: scrolling: redraw
[    0.934775] efifb: Truecolor: size=8:8:8:8, shift=24:16:8:0
[    0.945322] Console: switching to colour frame buffer device 170x48
[    0.955103] fb0: EFI VGA frame buffer device
[    0.959494] ACPI: AC Adapter [AC0] (on-line)
[    0.959768] input: Power Button as /devices/LNXSYSTM:00/LNXSYBUS:00/PNP0C0C:00/input/input0
[    0.959923] ACPI: Power Button [PWRB]
[    0.960105] input: Lid Switch as /devices/LNXSYSTM:00/LNXSYBUS:00/PNP0C0D:00/input/input1
[    0.960252] ACPI: Lid Switch [LID]
[    0.960420] input: Sleep Button as /devices/LNXSYSTM:00/LNXSYBUS:00/PNP0C0E:00/input/input2
[    0.960839] ACPI: Sleep Button [SLPB]
[    0.961021] input: Power Button as /devices/LNXSYSTM:00/LNXPWRBN:00/input/input3
[    0.961245] ACPI: Power Button [PWRF]
[    0.965604] thermal LNXTHERM:00: registered as thermal_zone0
[    0.965711] ACPI: Thermal Zone [THRM] (46 C)
[    0.967407] Serial: 8250/16550 driver, 4 ports, IRQ sharing enabled
[    0.973752] Non-volatile memory driver v1.3
[    0.973958] Linux agpgart interface v0.103
[    0.981416] loop: module loaded
[    0.982023] ahci 0000:00:11.0: version 3.0
[    0.982492] ahci 0000:00:11.0: AHCI 0001.0300 32 slots 2 ports 6 Gbps 0x3 impl SATA mode
[    0.982632] ahci 0000:00:11.0: flags: 64bit ncq sntf ilck pm led clo pmp pio slum part 
[    0.987757] scsi host0: ahci
[    0.991601] scsi host1: ahci
[    0.995028] ata1: SATA max UDMA/133 abar m1024@0xfeb6f000 port 0xfeb6f100 irq 28
[    0.998190] ata2: SATA max UDMA/133 abar m1024@0xfeb6f000 port 0xfeb6f180 irq 28
[    1.002572] tun: Universal TUN/TAP device driver, 1.6
[    1.006315] e1000: Intel(R) PRO/1000 Network Driver - version 7.3.21-k8-NAPI
[    1.009485] e1000: Copyright (c) 1999-2006 Intel Corporation.
[    1.012706] e1000e: Intel(R) PRO/1000 Network Driver - 3.2.6-k
[    1.015844] e1000e: Copyright(c) 1999 - 2015 Intel Corporation.
[    1.019353] sky2: driver version 1.30
[    1.022630] r8169 0000:02:00.0: can't disable ASPM; OS doesn't have ASPM control
[    1.026952] libphy: r8169: probed
[    1.030474] r8169 0000:02:00.0 eth0: RTL8105e, 74:d0:2b:a3:a6:42, XID 40a, IRQ 30
[    1.034398] ath9k 0000:01:00.0: enabling device (0000 -> 0002)
[    1.039380] ath: phy0: Disable PLL PowerSave
[    1.050847] ath: phy0: ASPM enabled: 0x42
[    1.054026] ath: EEPROM regdomain: 0x60
[    1.054028] ath: EEPROM indicates we should expect a direct regpair map
[    1.054033] ath: Country alpha2 being used: 00
[    1.054035] ath: Regpair used: 0x60
[    1.065915] battery: ACPI: Battery Slot [BAT0] (battery present)
[    1.069714] ieee80211 phy0: Selected rate control algorithm 'minstrel_ht'
[    1.070236] ieee80211 phy0: Atheros AR9485 Rev:1 mem=0xffff976bc2e80000, irq=31
[    1.074193] ehci_hcd: USB 2.0 'Enhanced' Host Controller (EHCI) Driver
[    1.077469] ehci-pci: EHCI PCI platform driver
[    1.081052] ehci-pci 0000:00:12.2: EHCI Host Controller
[    1.084656] ehci-pci 0000:00:12.2: new USB bus registered, assigned bus number 1
[    1.087946] ehci-pci 0000:00:12.2: applying AMD SB700/SB800/Hudson-2/3 EHCI dummy qh workaround
[    1.091276] ehci-pci 0000:00:12.2: debug port 1
[    1.094701] ehci-pci 0000:00:12.2: irq 17, io mem 0xfeb6d000
[    1.122928] ehci-pci 0000:00:12.2: USB 2.0 started, EHCI 1.00
[    1.126272] usb usb1: New USB device found, idVendor=1d6b, idProduct=0002, bcdDevice= 5.02
[    1.129551] usb usb1: New USB device strings: Mfr=3, Product=2, SerialNumber=1
[    1.132781] usb usb1: Product: EHCI Host Controller
[    1.135959] usb usb1: Manufacturer: Linux 5.2.0-rc6+ ehci_hcd
[    1.139095] usb usb1: SerialNumber: 0000:00:12.2
[    1.142485] hub 1-0:1.0: USB hub found
[    1.145541] hub 1-0:1.0: 4 ports detected
[    1.150731] ehci-pci 0000:00:13.2: EHCI Host Controller
[    1.153858] ehci-pci 0000:00:13.2: new USB bus registered, assigned bus number 2
[    1.156827] ehci-pci 0000:00:13.2: applying AMD SB700/SB800/Hudson-2/3 EHCI dummy qh workaround
[    1.159829] ehci-pci 0000:00:13.2: debug port 1
[    1.162812] ehci-pci 0000:00:13.2: irq 17, io mem 0xfeb6b000
[    1.192896] ehci-pci 0000:00:13.2: USB 2.0 started, EHCI 1.00
[    1.195911] usb usb2: New USB device found, idVendor=1d6b, idProduct=0002, bcdDevice= 5.02
[    1.198921] usb usb2: New USB device strings: Mfr=3, Product=2, SerialNumber=1
[    1.201889] usb usb2: Product: EHCI Host Controller
[    1.204835] usb usb2: Manufacturer: Linux 5.2.0-rc6+ ehci_hcd
[    1.207749] usb usb2: SerialNumber: 0000:00:13.2
[    1.210994] hub 2-0:1.0: USB hub found
[    1.213920] hub 2-0:1.0: 4 ports detected
[    1.218868] ohci_hcd: USB 1.1 'Open' Host Controller (OHCI) Driver
[    1.221819] ohci-pci: OHCI PCI platform driver
[    1.225111] ohci-pci 0000:00:12.0: OHCI PCI host controller
[    1.228110] ohci-pci 0000:00:12.0: new USB bus registered, assigned bus number 3
[    1.231081] ohci-pci 0000:00:12.0: irq 18, io mem 0xfeb6e000
[    1.307019] usb usb3: New USB device found, idVendor=1d6b, idProduct=0001, bcdDevice= 5.02
[    1.309973] usb usb3: New USB device strings: Mfr=3, Product=2, SerialNumber=1
[    1.312901] usb usb3: Product: OHCI PCI host controller
[    1.315776] usb usb3: Manufacturer: Linux 5.2.0-rc6+ ohci_hcd
[    1.318622] usb usb3: SerialNumber: 0000:00:12.0
[    1.321741] hub 3-0:1.0: USB hub found
[    1.324637] hub 3-0:1.0: 4 ports detected
[    1.329630] ohci-pci 0000:00:13.0: OHCI PCI host controller
[    1.332646] ohci-pci 0000:00:13.0: new USB bus registered, assigned bus number 4
[    1.335501] ata2: SATA link down (SStatus 0 SControl 300)
[    1.338372] ohci-pci 0000:00:13.0: irq 18, io mem 0xfeb6c000
[    1.417021] usb usb4: New USB device found, idVendor=1d6b, idProduct=0001, bcdDevice= 5.02
[    1.419880] usb usb4: New USB device strings: Mfr=3, Product=2, SerialNumber=1
[    1.422730] usb usb4: Product: OHCI PCI host controller
[    1.425555] usb usb4: Manufacturer: Linux 5.2.0-rc6+ ohci_hcd
[    1.428356] usb usb4: SerialNumber: 0000:00:13.0
[    1.431450] hub 4-0:1.0: USB hub found
[    1.434427] hub 4-0:1.0: 4 ports detected
[    1.439195] uhci_hcd: USB Universal Host Controller Interface driver
[    1.442095] usbcore: registered new interface driver usblp
[    1.444953] usbcore: registered new interface driver usb-storage
[    1.447751] usbcore: registered new interface driver ch341
[    1.450456] usbserial: USB Serial support registered for ch341-uart
[    1.453492] i8042: PNP: PS/2 Controller [PNP030b:PS2K,PNP0f03:PS2M] at 0x60,0x64 irq 1,12
[    1.458069] i8042: Detected active multiplexing controller, rev 1.1
[    1.461620] serio: i8042 KBD port at 0x60,0x64 irq 1
[    1.464664] serio: i8042 AUX0 port at 0x60,0x64 irq 12
[    1.467569] serio: i8042 AUX1 port at 0x60,0x64 irq 12
[    1.470399] serio: i8042 AUX2 port at 0x60,0x64 irq 12
[    1.473095] serio: i8042 AUX3 port at 0x60,0x64 irq 12
[    1.476552] mousedev: PS/2 mouse device common for all mice
[    1.480171] rtc_cmos 00:03: RTC can wake from S4
[    1.483278] rtc_cmos 00:03: registered as rtc0
[    1.485929] rtc_cmos 00:03: alarms up to one month, y3k, 114 bytes nvram, hpet irqs
[    1.489183] device-mapper: ioctl: 4.40.0-ioctl (2019-01-18) initialised: dm-devel@redhat.com
[    1.492110] EFI Variables Facility v0.08 2004-May-17
[    1.504675] hidraw: raw HID events driver (C) Jiri Kosina
[    1.509990] usbcore: registered new interface driver usbhid
[    1.512754] usbhid: USB HID core driver
[    1.521500] input: AT Translated Set 2 keyboard as /devices/platform/i8042/serio0/input/input4
[    1.524398] ata1: SATA link up 6.0 Gbps (SStatus 133 SControl 300)
[    1.529513] snd_hda_intel 0000:00:01.1: enabling device (0000 -> 0002)
[    1.532641] snd_hda_intel 0000:00:01.1: Force to non-snoop mode
[    1.534431] ata1.00: ATA-8: KINGSTON SV300S37A120G, 603ABBF0, max UDMA/133
[    1.538255] ata1.00: 234441648 sectors, multi 1: LBA48 NCQ (depth 32), AA
[    1.545349] Initializing XFRM netlink socket
[    1.549445] NET: Registered protocol family 10
[    1.553583] snd_hda_codec_generic hdaudioC0D0: autoconfig for Generic: line_outs=0 (0x0/0x0/0x0/0x0/0x0) type:line
[    1.553751] ata1.00: configured for UDMA/133
[    1.556543] snd_hda_codec_generic hdaudioC0D0:    speaker_outs=0 (0x0/0x0/0x0/0x0/0x0)
[    1.556548] snd_hda_codec_generic hdaudioC0D0:    hp_outs=0 (0x0/0x0/0x0/0x0/0x0)
[    1.556552] snd_hda_codec_generic hdaudioC0D0:    mono: mono_out=0x0
[    1.556558] snd_hda_codec_generic hdaudioC0D0:    dig-out=0x3/0x0
[    1.571444] snd_hda_codec_generic hdaudioC0D0:    inputs:
[    1.575100] scsi 0:0:0:0: Direct-Access     ATA      KINGSTON SV300S3 BBF0 PQ: 0 ANSI: 5
[    1.578767] Segment Routing with IPv6
[    1.580134] random: fast init done
[    1.581790] sit: IPv6, IPv4 and MPLS over IPv4 tunneling driver
[    1.587710] snd_hda_codec_realtek hdaudioC1D0: autoconfig for ALC3229: line_outs=1 (0x14/0x0/0x0/0x0/0x0) type:speaker
[    1.587726] sd 0:0:0:0: [sda] 234441648 512-byte logical blocks: (120 GB/112 GiB)
[    1.590747] snd_hda_codec_realtek hdaudioC1D0:    speaker_outs=0 (0x0/0x0/0x0/0x0/0x0)
[    1.594161] sd 0:0:0:0: Attached scsi generic sg0 type 0
[    1.596905] snd_hda_codec_realtek hdaudioC1D0:    hp_outs=1 (0x21/0x0/0x0/0x0/0x0)
[    1.600111] sd 0:0:0:0: [sda] Write Protect is off
[    1.603197] snd_hda_codec_realtek hdaudioC1D0:    mono: mono_out=0x0
[    1.606411] sd 0:0:0:0: [sda] Mode Sense: 00 3a 00 00
[    1.609660] snd_hda_codec_realtek hdaudioC1D0:    inputs:
[    1.609992] sd 0:0:0:0: [sda] Write cache: enabled, read cache: enabled, doesn't support DPO or FUA
[    1.612826] snd_hda_codec_realtek hdaudioC1D0:      Mic=0x19
[    1.616653] NET: Registered protocol family 17
[    1.624006] mce: Using 6 MCE banks
[    1.627470] microcode: CPU0: patch_level=0x0700010b
[    1.630789] microcode: CPU1: patch_level=0x0700010b
[    1.630931] rq->curr == THREAD(this messg)
[    1.630936] color, tsk->comm, weight, vruntime: 1 kworker/0:0 1048576 927462138
[    1.637436] proc in rq 1
[    1.640811] rq->nr_running rq->cfs.nr_running : 2 2
[    1.644627] microcode: Microcode Update Driver: v2.2.
[    1.644660] sched_clock: Marking stable (1637523286, 1776104)->(1759336176, -120036786)
[    1.647501] rq->load.weight, rq->cfs.load.weight : 2097152 2097152
[    1.647505] ----------------^^^^CPU0^^^^^-----------------------
[    1.651345] input: HDA ATI HDMI HDMI as /devices/pci0000:00/0000:00:01.1/sound/card0/input6
[    1.654164] rq->curr->pid == 1619
[    1.654168] color, tsk->comm, weight, vruntime: -119507564746471 swapper/0 1048576 846834291
[    1.658141] registered taskstats version 1
[    1.660872] color, tsk->comm, weight, vruntime: -119507564746471 kworker/u8:2 1048576 847097596
[    1.660878] color, tsk->comm, weight, vruntime: 1 kworker/u8:2 1048576 847321579
[    1.664304] Loading compiled-in X.509 certificates
[    1.666612] acpi_cpufreq: overriding BIOS provided _PSD data
[    1.667696] color, tsk->comm, weight, vruntime: -119507572371047 kworker/u8:2 1048576 847889385
[    1.667698] proc in rq 4
[    1.678441] cfg80211: Loading compiled-in X.509 certificates for regulatory database
[    1.681529] rq->nr_running rq->cfs.nr_running : 5 5
[    1.686512] cfg80211: Loaded X.509 cert 'sforshee: 00b28ddf47aef9cea7'
[    1.688431] rq->load.weight, rq->cfs.load.weight : 5242880 5242880
[    1.688432] ----------------^^^^CPU1^^^^^-----------------------
[    1.695133] platform regulatory.0: Direct firmware load for regulatory.db failed with error -2
[    1.695420] rq->curr->pid == 0
[    1.695422] proc in rq 0
[    1.698886] cfg80211: failed to load regulatory.db
[    1.702327] rq->nr_running rq->cfs.nr_running : 0 0
[    1.702329] rq->load.weight, rq->cfs.load.weight : 0 0
[    1.702331] ----------------^^^^CPU2^^^^^-----------------------
[    1.702333] rq->curr->pid == 0
[    1.702334] proc in rq 0
[    1.702336] rq->nr_running rq->cfs.nr_running : 0 0
[    1.702338] rq->load.weight, rq->cfs.load.weight : 0 0
[    1.702339] ----------------^^^^CPU3^^^^^-----------------------
[    1.713618] input: HD-Audio Generic Headphone as /devices/pci0000:00/0000:00:14.2/sound/card1/input9
[    1.717112] ALSA device list:
[    1.761752]   #0: HDA ATI HDMI at 0xfeb64000 irq 33
[    1.765046]   #1: HD-Audio Generic at 0xfeb60000 irq 16
[    1.769172]  sda: sda1 sda2 sda3 sda4 sda5 sda6
[    1.774215] sd 0:0:0:0: [sda] Attached SCSI disk
[    1.909326] usb 4-2: new full-speed USB device number 2 using ohci-pci
[    1.919315] tsc: Refined TSC clocksource calibration: 998.127 MHz
[    1.922723] clocksource: tsc: mask: 0xffffffffffffffff max_cycles: 0x1cc65b93289, max_idle_ns: 881590487074 ns
[    1.929312] clocksource: Switched to clocksource tsc
[    2.182007] usb 4-2: New USB device found, idVendor=13d3, idProduct=3362, bcdDevice= 0.01
[    2.185556] usb 4-2: New USB device strings: Mfr=1, Product=2, SerialNumber=3
[    2.189087] usb 4-2: Product: Bluetooth USB Host Controller
[    2.192591] usb 4-2: Manufacturer: Atheros Communications
[    2.196033] usb 4-2: SerialNumber: Alaska Day 2006
[    2.461655] input: PS/2 Logitech Wheel Mouse as /devices/platform/i8042/serio4/input/input14
[    2.467815] md: Waiting for all devices to be available before autodetect
[    2.471286] md: If you don't use raid, use raid=noautodetect
[    2.475146] md: Autodetecting RAID arrays.
[    2.478483] md: autorun ...
[    2.481744] md: ... autorun DONE.
[    2.489534] EXT4-fs (sda2): mounted filesystem with ordered data mode. Opts: (null)
[    2.492868] VFS: Mounted root (ext4 filesystem) readonly on device 8:2.
[    2.497326] devtmpfs: mounted
[    2.501493] Freeing unused kernel image memory: 1296K
[    2.569360] usb 2-3: new high-speed USB device number 3 using ehci-pci
[    2.639326] rq->curr == THREAD(this messg)
[    2.639329] proc in rq 0
[    2.642472] rq->nr_running rq->cfs.nr_running : 1 1
[    2.648636] rq->load.weight, rq->cfs.load.weight : 1048576 1048576
[    2.648638] ----------------^^^^CPU0^^^^^-----------------------
[    2.651765] rq->curr->pid == 0
[    2.654834] proc in rq 0
[    2.657830] rq->nr_running rq->cfs.nr_running : 0 0
[    2.659481] Write protecting the kernel read-only data: 22528k
[    2.660832] rq->load.weight, rq->cfs.load.weight : 0 0
[    2.660834] ----------------^^^^CPU1^^^^^-----------------------
[    2.669972] rq->curr->pid == 0
[    2.673044] proc in rq 0
[    2.676077] rq->nr_running rq->cfs.nr_running : 0 0
[    2.682181] rq->load.weight, rq->cfs.load.weight : 0 0
[    2.682183] ----------------^^^^CPU2^^^^^-----------------------
[    2.683350] Freeing unused kernel image memory: 1984K
[    2.685315] rq->curr->pid == 0
[    2.685318] proc in rq 0
[    2.694414] rq->nr_running rq->cfs.nr_running : 0 0
[    2.695427] Freeing unused kernel image memory: 1688K
[    2.697382] rq->load.weight, rq->cfs.load.weight : 0 0
[    2.697385] ----------------^^^^CPU3^^^^^-----------------------
[    2.700446] Run /sbin/init as init process
[    2.763941] stty (1759) used greatest stack depth: 13792 bytes left
[    2.812219] usb 2-3: New USB device found, idVendor=04f2, idProduct=b404, bcdDevice=69.63
[    2.815142] usb 2-3: New USB device strings: Mfr=3, Product=1, SerialNumber=2
[    2.818018] usb 2-3: Product: USB2.0 HD UVC WebCam
[    2.820877] usb 2-3: Manufacturer: Chicony Electronics Co.,Ltd.
[    2.823742] usb 2-3: SerialNumber: 0x0001
[    2.874069] sed (1777) used greatest stack depth: 13576 bytes left
[    3.040734] ip (1821) used greatest stack depth: 12552 bytes left
[    3.129682] udevd[1851]: starting version 3.2.1
[    3.138378] random: udevd: uninitialized urandom read (16 bytes read)
[    3.142120] random: udevd: uninitialized urandom read (16 bytes read)
[    3.145665] random: udevd: uninitialized urandom read (16 bytes read)
[    3.169849] udevd[1852]: starting eudev-3.2.1
[    3.499082] ath9k 0000:01:00.0 wlp1s0: renamed from wlan0
[    3.539951] r8169 0000:02:00.0 enp2s0: renamed from eth0
[    3.639646] rq->curr->pid == 2011
[    3.639652] color, tsk->comm, weight, vruntime: 1 alsactl 1048576 2520504312
[    3.642839] color, tsk->comm, weight, vruntime: 1 udevd 1048576 2525327593
[    3.646059] proc in rq 2
[    3.649239] rq->nr_running rq->cfs.nr_running : 3 3
[    3.655569] rq->load.weight, rq->cfs.load.weight : 3145728 3145728
[    3.655572] ----------------^^^^CPU0^^^^^-----------------------
[    3.658793] rq->curr == THREAD(this messg)
[    3.662031] color, tsk->comm, weight, vruntime: -119507590943591 ksoftirqd/1 1048576 2052454367
[    3.662875] [drm] radeon kernel modesetting enabled.
[    3.665231] color, tsk->comm, weight, vruntime: 1 udevd 1048576 2058454367
[    3.665237] color, tsk->comm, weight, vruntime: -119507570529128 udevd 1048576 2060854364
[    3.668624] radeon 0000:00:01.0: remove_conflicting_pci_framebuffers: bar 0: 0xc0000000 -> 0xcfffffff
[    3.671822] color, tsk->comm, weight, vruntime: -119507590943591 udevd 1048576 2065556217
[    3.671823] proc in rq 4
[    3.671826] rq->nr_running rq->cfs.nr_running : 5 5
[    3.671827] rq->load.weight, rq->cfs.load.weight : 5242880 5242880
[    3.671829] ----------------^^^^CPU1^^^^^-----------------------
[    3.671833] rq->curr->pid == 0
[    3.675156] radeon 0000:00:01.0: remove_conflicting_pci_framebuffers: bar 2: 0xd0000000 -> 0xd07fffff
[    3.678512] proc in rq 0
[    3.678514] rq->nr_running rq->cfs.nr_running : 0 0
[    3.681965] radeon 0000:00:01.0: remove_conflicting_pci_framebuffers: bar 5: 0xfeb00000 -> 0xfeb3ffff
[    3.685434] rq->load.weight, rq->cfs.load.weight : 0 0
[    3.685438] ----------------^^^^CPU2^^^^^-----------------------
[    3.696301] checking generic (c0000000 420000) vs hw (c0000000 10000000)
[    3.699410] rq->curr->pid == 0
[    3.699412] proc in rq 0
[    3.699415] rq->nr_running rq->cfs.nr_running : 0 0
[    3.699419] rq->load.weight, rq->cfs.load.weight : 0 0
[    3.699420] ----------------^^^^CPU3^^^^^-----------------------
[    3.702909] fb0: switching to radeondrmfb from EFI VGA
[    3.747314] Console: switching to colour dummy device 80x25
[    3.747547] radeon 0000:00:01.0: vgaarb: deactivate vga console
[    3.748350] [drm] initializing kernel modesetting (KABINI 0x1002:0x9839 0x1043:0x141D 0x00).
[    3.748413] [drm] doorbell mmio base: 0xD0000000
[    3.748421] [drm] doorbell mmio size: 8388608
[    3.748456] ATOM BIOS: AMD
[    3.748532] [drm] Changing default dispclk from 400Mhz to 600Mhz
[    3.748642] radeon 0000:00:01.0: VRAM: 512M 0x0000000000000000 - 0x000000001FFFFFFF (512M used)
[    3.748658] radeon 0000:00:01.0: GTT: 2048M 0x0000000020000000 - 0x000000009FFFFFFF
[    3.748680] [drm] Detected VRAM RAM=512M, BAR=256M
[    3.748688] [drm] RAM width 128bits DDR
[    3.759437] [TTM] Zone  kernel: Available graphics memory: 1729510 KiB
[    3.759456] [TTM] Initializing pool allocator
[    3.759475] [TTM] Initializing DMA pool allocator
[    3.759539] [drm] radeon: 512M of VRAM memory ready
[    3.759549] [drm] radeon: 2048M of GTT memory ready.
[    3.759587] [drm] Loading kabini Microcode
[    3.765378] [drm] Internal thermal controller without fan control
[    3.766591] [drm] radeon: dpm initialized
[    3.767812] [drm] Found UVD firmware Version: 1.64 Family ID: 9
[    3.772688] [drm] Found VCE firmware/feedback version 40.2.2 / 15!
[    3.772735] [drm] GART: num cpu pages 524288, num gpu pages 524288
[    3.832746] [drm] PCIE GART of 2048M enabled (table at 0x000000000030E000).
[    3.833032] radeon 0000:00:01.0: WB enabled
[    3.833079] radeon 0000:00:01.0: fence driver on ring 0 use gpu addr 0x0000000020000c00 and cpu addr 0x(____ptrval____)
[    3.833096] radeon 0000:00:01.0: fence driver on ring 1 use gpu addr 0x0000000020000c04 and cpu addr 0x(____ptrval____)
[    3.833111] radeon 0000:00:01.0: fence driver on ring 2 use gpu addr 0x0000000020000c08 and cpu addr 0x(____ptrval____)
[    3.833126] radeon 0000:00:01.0: fence driver on ring 3 use gpu addr 0x0000000020000c0c and cpu addr 0x(____ptrval____)
[    3.833140] radeon 0000:00:01.0: fence driver on ring 4 use gpu addr 0x0000000020000c10 and cpu addr 0x(____ptrval____)
[    3.834057] radeon 0000:00:01.0: fence driver on ring 5 use gpu addr 0x0000000000078d30 and cpu addr 0x(____ptrval____)
[    3.835605] radeon 0000:00:01.0: fence driver on ring 6 use gpu addr 0x0000000020000c18 and cpu addr 0x(____ptrval____)
[    3.835627] radeon 0000:00:01.0: fence driver on ring 7 use gpu addr 0x0000000020000c1c and cpu addr 0x(____ptrval____)
[    3.835641] [drm] Supports vblank timestamp caching Rev 2 (21.10.2013).
[    3.835649] [drm] Driver supports precise vblank timestamp query.
[    3.835760] radeon 0000:00:01.0: radeon: using MSI.
[    3.835821] [drm] radeon: irq initialized.
[    3.839713] [drm] ring test on 0 succeeded in 4 usecs
[    3.839821] [drm] ring test on 1 succeeded in 4 usecs
[    3.839861] [drm] ring test on 2 succeeded in 4 usecs
[    3.840192] [drm] ring test on 3 succeeded in 6 usecs
[    3.840211] [drm] ring test on 4 succeeded in 6 usecs
[    3.887481] [drm] ring test on 5 succeeded in 2 usecs
[    3.908746] [drm] UVD initialized successfully.
[    4.026237] [drm] ring test on 6 succeeded in 20 usecs
[    4.026270] [drm] ring test on 7 succeeded in 3 usecs
[    4.026277] [drm] VCE initialized successfully.
[    4.028354] [drm] ib test on ring 0 succeeded in 0 usecs
[    4.028647] [drm] ib test on ring 1 succeeded in 0 usecs
[    4.028926] [drm] ib test on ring 2 succeeded in 0 usecs
[    4.029207] [drm] ib test on ring 3 succeeded in 0 usecs
[    4.029541] [drm] ib test on ring 4 succeeded in 0 usecs
[    4.052749] [drm] ib test on ring 5 succeeded
[    4.074564] [drm] ib test on ring 6 succeeded
[    4.075823] [drm] ib test on ring 7 succeeded
[    4.119411] [drm] radeon atom DIG backlight initialized
[    4.119437] [drm] Radeon Display Connectors
[    4.119445] [drm] Connector 0:
[    4.119452] [drm]   LVDS-1
[    4.119458] [drm]   HPD1
[    4.119467] [drm]   DDC: 0x6530 0x6530 0x6534 0x6534 0x6538 0x6538 0x653c 0x653c
[    4.119476] [drm]   Encoders:
[    4.119482] [drm]     LCD1: INTERNAL_UNIPHY
[    4.119489] [drm] Connector 1:
[    4.119494] [drm]   HDMI-A-1
[    4.119500] [drm]   HPD2
[    4.119507] [drm]   DDC: 0x6540 0x6540 0x6544 0x6544 0x6548 0x6548 0x654c 0x654c
[    4.119516] [drm]   Encoders:
[    4.119521] [drm]     DFP1: INTERNAL_UNIPHY
[    4.119528] [drm] Connector 2:
[    4.119533] [drm]   VGA-1
[    4.119541] [drm]   DDC: 0x65c0 0x65c0 0x65c4 0x65c4 0x65c8 0x65c8 0x65cc 0x65cc
[    4.119550] [drm]   Encoders:
[    4.119556] [drm]     CRT1: INTERNAL_KLDSCP_DAC1
[    4.639327] rq->curr == THREAD(this messg)
[    4.639332] proc in rq 0
[    4.639351] rq->nr_running rq->cfs.nr_running : 1 1
[    4.639363] rq->load.weight, rq->cfs.load.weight : 1048576 1048576
[    4.639365] ----------------^^^^CPU0^^^^^-----------------------
[    4.639372] rq->curr->pid == 0
[    4.639380] proc in rq 0
[    4.639386] rq->nr_running rq->cfs.nr_running : 0 0
[    4.639396] rq->load.weight, rq->cfs.load.weight : 0 0
[    4.639398] ----------------^^^^CPU1^^^^^-----------------------
[    4.639405] rq->curr->pid == 0
[    4.639412] proc in rq 0
[    4.639418] rq->nr_running rq->cfs.nr_running : 0 0
[    4.639428] rq->load.weight, rq->cfs.load.weight : 0 0
[    4.639429] ----------------^^^^CPU2^^^^^-----------------------
[    4.639436] rq->curr->pid == 0
[    4.639443] proc in rq 0
[    4.639449] rq->nr_running rq->cfs.nr_running : 0 0
[    4.639459] rq->load.weight, rq->cfs.load.weight : 0 0
[    4.639460] ----------------^^^^CPU3^^^^^-----------------------
[    5.171489] [drm] fb mappable at 0xC0722000
[    5.171511] [drm] vram apper at 0xC0000000
[    5.171518] [drm] size 4325376
[    5.171524] [drm] fb depth is 24
[    5.171529] [drm]    pitch is 5632
[    5.171910] fbcon: radeondrmfb (fb0) is primary device
[    5.279567] Console: switching to colour frame buffer device 170x48
[    5.289901] radeon 0000:00:01.0: fb0: radeondrmfb frame buffer device
[    5.679332] rq->curr == THREAD(this messg)
[    5.679334] proc in rq 0
[    5.679408] rq->nr_running rq->cfs.nr_running : 1 1
[    5.679527] rq->load.weight, rq->cfs.load.weight : 1048576 1048576
[    5.679529] ----------------^^^^CPU0^^^^^-----------------------
[    5.679624] rq->curr->pid == 0
[    5.679717] proc in rq 0
[    5.679768] rq->nr_running rq->cfs.nr_running : 0 0
[    5.679885] rq->load.weight, rq->cfs.load.weight : 0 0
[    5.679887] ----------------^^^^CPU1^^^^^-----------------------
[    5.679967] rq->curr->pid == 0
[    5.680060] proc in rq 0
[    5.680110] rq->nr_running rq->cfs.nr_running : 0 0
[    5.680227] rq->load.weight, rq->cfs.load.weight : 0 0
[    5.680229] ----------------^^^^CPU2^^^^^-----------------------
[    5.680309] rq->curr->pid == 0
[    5.680401] proc in rq 0
[    5.680452] rq->nr_running rq->cfs.nr_running : 0 0
[    5.680568] rq->load.weight, rq->cfs.load.weight : 0 0
[    5.680570] ----------------^^^^CPU3^^^^^-----------------------
[    6.639316] rq->curr == THREAD(this messg)
[    6.639413] proc in rq 0
[    6.642128] rq->nr_running rq->cfs.nr_running : 1 1
[    6.647498] rq->load.weight, rq->cfs.load.weight : 1048576 1048576
[    6.647500] ----------------^^^^CPU0^^^^^-----------------------
[    6.650231] rq->curr->pid == 0
[    6.652949] proc in rq 0
[    6.655666] rq->nr_running rq->cfs.nr_running : 0 0
[    6.661090] rq->load.weight, rq->cfs.load.weight : 0 0
[    6.661092] ----------------^^^^CPU1^^^^^-----------------------
[    6.663812] rq->curr->pid == 0
[    6.666540] proc in rq 0
[    6.667624] [drm] Initialized radeon 2.50.0 20080528 for 0000:00:01.0 on minor 0
[    6.669269] rq->nr_running rq->cfs.nr_running : 0 0
[    6.669273] rq->load.weight, rq->cfs.load.weight : 0 0
[    6.669274] ----------------^^^^CPU2^^^^^-----------------------
[    6.680480] rq->curr->pid == 0
[    6.683333] proc in rq 0
[    6.686173] rq->nr_running rq->cfs.nr_running : 0 0
[    6.691778] rq->load.weight, rq->cfs.load.weight : 0 0
[    6.691780] ----------------^^^^CPU3^^^^^-----------------------
[    6.769264] Adding 3608572k swap on /dev/sda4.  Priority:1 extents:1 across:3608572k SS
[    6.837125] EXT4-fs (sda2): re-mounted. Opts: (null)
[    6.956461] EXT4-fs (sda2): re-mounted. Opts: (null)
[    7.656068] rq->curr == THREAD(this messg)
[    7.656073] proc in rq 0
[    7.659684] rq->nr_running rq->cfs.nr_running : 1 1
[    7.666885] rq->load.weight, rq->cfs.load.weight : 1048576 1048576
[    7.666888] ----------------^^^^CPU0^^^^^-----------------------
[    7.670551] rq->curr->pid == 0
[    7.674179] proc in rq 0
[    7.677803] rq->nr_running rq->cfs.nr_running : 0 0
[    7.685041] rq->load.weight, rq->cfs.load.weight : 0 0
[    7.685042] ----------------^^^^CPU1^^^^^-----------------------
[    7.688664] rq->curr->pid == 0
[    7.692326] proc in rq 0
[    7.696005] rq->nr_running rq->cfs.nr_running : 0 0
[    7.703311] rq->load.weight, rq->cfs.load.weight : 0 0
[    7.703313] ----------------^^^^CPU2^^^^^-----------------------
[    7.703316] rq->curr->pid == 0
[    7.703318] proc in rq 0
[    7.703320] rq->nr_running rq->cfs.nr_running : 0 0
[    7.703321] rq->load.weight, rq->cfs.load.weight : 0 0
[    7.703323] ----------------^^^^CPU3^^^^^-----------------------
[    8.639339] rq->curr == THREAD(this messg)
[    8.643051] proc in rq 0
[    8.646749] rq->nr_running rq->cfs.nr_running : 1 1
[    8.654157] rq->load.weight, rq->cfs.load.weight : 1048576 1048576
[    8.654159] ----------------^^^^CPU0^^^^^-----------------------
[    8.657851] rq->curr->pid == 3452
[    8.661572] proc in rq 0
[    8.665247] rq->nr_running rq->cfs.nr_running : 1 1
[    8.672567] rq->load.weight, rq->cfs.load.weight : 1048576 1048576
[    8.672569] ----------------^^^^CPU1^^^^^-----------------------
[    8.676296] rq->curr->pid == 0
[    8.680061] proc in rq 0
[    8.683676] rq->nr_running rq->cfs.nr_running : 0 0
[    8.690624] rq->load.weight, rq->cfs.load.weight : 0 0
[    8.690627] ----------------^^^^CPU2^^^^^-----------------------
[    8.693967] rq->curr->pid == 0
[    8.697265] proc in rq 0
[    8.700585] rq->nr_running rq->cfs.nr_running : 0 0
[    8.706942] rq->load.weight, rq->cfs.load.weight : 0 0
[    8.706946] ----------------^^^^CPU3^^^^^-----------------------
[    9.252079] urandom_read: 6 callbacks suppressed
[    9.252085] random: wpa_supplicant: uninitialized urandom read (32 bytes read)
[    9.739318] rq->curr == idle (init_task)
[    9.739323] proc in rq 0
[    9.742512] rq->nr_running rq->cfs.nr_running : 0 0
[    9.748908] rq->load.weight, rq->cfs.load.weight : 0 0
[    9.748910] ----------------^^^^CPU0^^^^^-----------------------
[    9.752167] rq->curr == THREAD(this messg)
[    9.755477] color, tsk->comm, weight, vruntime: -119507590943592 syslogd 1048576 5416210219
[    9.758731] color, tsk->comm, weight, vruntime: 1 syslogd 1048576 7765308109
[    9.762097] proc in rq 2
[    9.765471] rq->nr_running rq->cfs.nr_running : 3 3
[    9.772158] rq->load.weight, rq->cfs.load.weight : 3145728 3145728
[    9.772161] ----------------^^^^CPU1^^^^^-----------------------
[    9.775530] rq->curr->pid == 0
[    9.778863] proc in rq 0
[    9.782250] rq->nr_running rq->cfs.nr_running : 0 0
[    9.788949] rq->load.weight, rq->cfs.load.weight : 0 0
[    9.788952] ----------------^^^^CPU2^^^^^-----------------------
[    9.792303] rq->curr->pid == 0
[    9.795690] proc in rq 0
[    9.799033] rq->nr_running rq->cfs.nr_running : 0 0
[    9.805684] rq->load.weight, rq->cfs.load.weight : 0 0
[    9.805687] ----------------^^^^CPU3^^^^^-----------------------
[   10.617316] wlp1s0: authenticate with 64:66:b3:cd:9a:3a
[   10.639291] wlp1s0: send auth to 64:66:b3:cd:9a:3a (try 1/3)
[   10.639939] rq->curr->pid == 4318
[   10.639945] color, tsk->comm, weight, vruntime: -119507572381416 syslogd 1048576 7832620181
[   10.645932] color, tsk->comm, weight, vruntime: 1 syslogd 1048576 7839080704
[   10.645939] wlp1s0: authenticated
[   10.649275] proc in rq 2
[   10.649277] rq->nr_running rq->cfs.nr_running : 3 3
[   10.659379] wlp1s0: associate with 64:66:b3:cd:9a:3a (try 1/3)
[   10.662632] rq->load.weight, rq->cfs.load.weight : 3145728 3145728
[   10.662635] ----------------^^^^CPU0^^^^^-----------------------
[   10.669345] rq->curr == THREAD(this messg)
[   10.672839] color, tsk->comm, weight, vruntime: -119507557946216 kworker/1:0 1048576 6301668564
[   10.672858] wlp1s0: RX AssocResp from 64:66:b3:cd:9a:3a (capab=0x431 status=0 aid=1)
[   10.676264] color, tsk->comm, weight, vruntime: 1 ksoftirqd/1 1048576 6301668564
[   10.676265] proc in rq 2
[   10.681494] wlp1s0: associated
[   10.683175] rq->nr_running rq->cfs.nr_running : 3 3
[   10.697592] rq->load.weight, rq->cfs.load.weight : 3145728 3145728
[   10.697595] ----------------^^^^CPU1^^^^^-----------------------
[   10.701226] rq->curr->pid == 0
[   10.704829] proc in rq 0
[   10.708315] rq->nr_running rq->cfs.nr_running : 0 0
[   10.715081] rq->load.weight, rq->cfs.load.weight : 0 0
[   10.715085] ----------------^^^^CPU2^^^^^-----------------------
[   10.718403] rq->curr->pid == 0
[   10.721785] proc in rq 0
[   10.725077] rq->nr_running rq->cfs.nr_running : 0 0
[   10.731476] rq->load.weight, rq->cfs.load.weight : 0 0
[   10.731478] ----------------^^^^CPU3^^^^^-----------------------
[   10.849484] IPv6: ADDRCONF(NETDEV_CHANGE): wlp1s0: link becomes ready
[   11.166216] udevd (2115) used greatest stack depth: 11784 bytes left
[   11.639317] rq->curr == idle (init_task)
[   11.639320] proc in rq 0
[   11.642530] rq->nr_running rq->cfs.nr_running : 0 0
[   11.648804] rq->load.weight, rq->cfs.load.weight : 0 0
[   11.648806] ----------------^^^^CPU0^^^^^-----------------------
[   11.651970] rq->curr == THREAD(this messg)
[   11.655176] color, tsk->comm, weight, vruntime: 1 syslogd 1048576 7308830671
[   11.658321] color, tsk->comm, weight, vruntime: 1 syslogd 1048576 8009758134
[   11.661580] proc in rq 2
[   11.664808] rq->nr_running rq->cfs.nr_running : 3 3
[   11.671168] rq->load.weight, rq->cfs.load.weight : 3145728 3145728
[   11.671170] ----------------^^^^CPU1^^^^^-----------------------
[   11.674396] rq->curr->pid == 0
[   11.677629] proc in rq 0
[   11.680860] rq->nr_running rq->cfs.nr_running : 0 0
[   11.687266] rq->load.weight, rq->cfs.load.weight : 0 0
[   11.687269] ----------------^^^^CPU2^^^^^-----------------------
[   11.690476] rq->curr->pid == 0
[   11.693692] proc in rq 0
[   11.696851] rq->nr_running rq->cfs.nr_running : 0 0
[   11.703093] rq->load.weight, rq->cfs.load.weight : 0 0
[   11.703096] ----------------^^^^CPU3^^^^^-----------------------
[   12.639322] rq->curr == idle (init_task)
[   12.642484] proc in rq 0
[   12.645613] rq->nr_running rq->cfs.nr_running : 0 0
[   12.651809] rq->load.weight, rq->cfs.load.weight : 0 0
[   12.651811] ----------------^^^^CPU0^^^^^-----------------------
[   12.654952] rq->curr == THREAD(this messg)
[   12.658087] proc in rq 0
[   12.661159] rq->nr_running rq->cfs.nr_running : 1 1
[   12.667111] rq->load.weight, rq->cfs.load.weight : 1048576 1048576
[   12.667115] ----------------^^^^CPU1^^^^^-----------------------
[   12.670094] rq->curr->pid == 0
[   12.673111] proc in rq 0
[   12.676072] rq->nr_running rq->cfs.nr_running : 0 0
[   12.681939] rq->load.weight, rq->cfs.load.weight : 0 0
[   12.681941] ----------------^^^^CPU2^^^^^-----------------------
[   12.684904] rq->curr->pid == 0
[   12.687879] proc in rq 0
[   12.690853] rq->nr_running rq->cfs.nr_running : 0 0
[   12.696742] rq->load.weight, rq->cfs.load.weight : 0 0
[   12.696746] ----------------^^^^CPU3^^^^^-----------------------
[   13.679345] rq->curr == idle (init_task)
[   13.682390] proc in rq 0
[   13.685348] rq->nr_running rq->cfs.nr_running : 0 0
[   13.691227] rq->load.weight, rq->cfs.load.weight : 0 0
[   13.691229] ----------------^^^^CPU0^^^^^-----------------------
[   13.694201] rq->curr == THREAD(this messg)
[   13.697143] proc in rq 0
[   13.700068] rq->nr_running rq->cfs.nr_running : 1 1
[   13.705907] rq->load.weight, rq->cfs.load.weight : 1048576 1048576
[   13.705911] ----------------^^^^CPU1^^^^^-----------------------
[   13.708853] rq->curr->pid == 0
[   13.711826] proc in rq 0
[   13.714771] rq->nr_running rq->cfs.nr_running : 0 0
[   13.720542] rq->load.weight, rq->cfs.load.weight : 0 0
[   13.720544] ----------------^^^^CPU2^^^^^-----------------------
[   13.723465] rq->curr->pid == 0
[   13.726375] proc in rq 0
[   13.729240] rq->nr_running rq->cfs.nr_running : 0 0
[   13.734953] rq->load.weight, rq->cfs.load.weight : 0 0
[   13.734957] ----------------^^^^CPU3^^^^^-----------------------
[   14.629334] rq->curr == idle (init_task)
[   14.632241] proc in rq 0
[   14.635121] rq->nr_running rq->cfs.nr_running : 0 0
[   14.640826] rq->load.weight, rq->cfs.load.weight : 0 0
[   14.640828] ----------------^^^^CPU0^^^^^-----------------------
[   14.643753] rq->curr == THREAD(this messg)
[   14.646682] color, tsk->comm, weight, vruntime: 1 kworker/1:0 1048576 10283464484
[   14.649612] proc in rq 1
[   14.652624] rq->nr_running rq->cfs.nr_running : 2 2
[   14.658474] rq->load.weight, rq->cfs.load.weight : 2097152 2097152
[   14.658476] ----------------^^^^CPU1^^^^^-----------------------
[   14.661487] rq->curr->pid == 0
[   14.664532] proc in rq 0
[   14.667492] rq->nr_running rq->cfs.nr_running : 0 0
[   14.673409] rq->load.weight, rq->cfs.load.weight : 0 0
[   14.673412] ----------------^^^^CPU2^^^^^-----------------------
[   14.676366] rq->curr->pid == 0
[   14.679357] proc in rq 0
[   14.682319] rq->nr_running rq->cfs.nr_running : 0 0
[   14.688211] rq->load.weight, rq->cfs.load.weight : 0 0
[   14.688214] ----------------^^^^CPU3^^^^^-----------------------
[   15.679318] rq->curr == idle (init_task)
[   15.682295] proc in rq 0
[   15.685225] rq->nr_running rq->cfs.nr_running : 0 0
[   15.691060] rq->load.weight, rq->cfs.load.weight : 0 0
[   15.691062] ----------------^^^^CPU0^^^^^-----------------------
[   15.694058] rq->curr == THREAD(this messg)
[   15.697051] color, tsk->comm, weight, vruntime: 1 kworker/1:0 1048576 11321789671
[   15.700033] proc in rq 1
[   15.703089] rq->nr_running rq->cfs.nr_running : 2 2
[   15.709095] rq->load.weight, rq->cfs.load.weight : 2097152 2097152
[   15.709097] ----------------^^^^CPU1^^^^^-----------------------
[   15.712207] rq->curr->pid == 0
[   15.715311] proc in rq 0
[   15.718328] rq->nr_running rq->cfs.nr_running : 0 0
[   15.724458] rq->load.weight, rq->cfs.load.weight : 0 0
[   15.724461] ----------------^^^^CPU2^^^^^-----------------------
[   15.727470] rq->curr->pid == 0
[   15.730514] proc in rq 0
[   15.733525] rq->nr_running rq->cfs.nr_running : 0 0
[   15.739518] rq->load.weight, rq->cfs.load.weight : 0 0
[   15.739520] ----------------^^^^CPU3^^^^^-----------------------
[   16.639389] rq->curr->pid == 9
[   16.639512] color, tsk->comm, weight, vruntime: 1 sed 1048576 8783678015
[   16.639563] proc in rq 1
[   16.639668] rq->nr_running rq->cfs.nr_running : 2 2
[   16.639786] rq->load.weight, rq->cfs.load.weight : 2097152 2097152
[   16.639787] ----------------^^^^CPU0^^^^^-----------------------
[   16.639883] rq->curr == THREAD(this messg)
[   16.639978] color, tsk->comm, weight, vruntime: 1 startx 1048576 12288796842
[   16.640043] proc in rq 1
[   16.640151] rq->nr_running rq->cfs.nr_running : 2 2
[   16.640269] rq->load.weight, rq->cfs.load.weight : 2097152 2097152
[   16.640270] ----------------^^^^CPU1^^^^^-----------------------
[   16.640366] rq->curr->pid == 0
[   16.640459] proc in rq 0
[   16.640509] rq->nr_running rq->cfs.nr_running : 0 0
[   16.640626] rq->load.weight, rq->cfs.load.weight : 0 0
[   16.640627] ----------------^^^^CPU2^^^^^-----------------------
[   16.640708] rq->curr->pid == 0
[   16.640801] proc in rq 0
[   16.640851] rq->nr_running rq->cfs.nr_running : 0 0
[   16.640968] rq->load.weight, rq->cfs.load.weight : 0 0
[   16.640969] ----------------^^^^CPU3^^^^^-----------------------
[   17.679403] rq->curr->pid == 4769
[   17.679414] proc in rq 0
[   17.679418] rq->nr_running rq->cfs.nr_running : 1 1
[   17.679423] rq->load.weight, rq->cfs.load.weight : 1307648 1307648
[   17.679425] ----------------^^^^CPU0^^^^^-----------------------
[   17.679428] rq->curr == THREAD(this messg)
[   17.679431] proc in rq 0
[   17.679435] rq->nr_running rq->cfs.nr_running : 1 1
[   17.679439] rq->load.weight, rq->cfs.load.weight : 1048576 1048576
[   17.679440] ----------------^^^^CPU1^^^^^-----------------------
[   17.679444] rq->curr->pid == 0
[   17.679447] proc in rq 0
[   17.679450] rq->nr_running rq->cfs.nr_running : 0 0
[   17.679454] rq->load.weight, rq->cfs.load.weight : 0 0
[   17.679456] ----------------^^^^CPU2^^^^^-----------------------
[   17.679459] rq->curr->pid == 0
[   17.679462] proc in rq 0
[   17.679465] rq->nr_running rq->cfs.nr_running : 0 0
[   17.679469] rq->load.weight, rq->cfs.load.weight : 0 0
[   17.679470] ----------------^^^^CPU3^^^^^-----------------------
[   18.639321] rq->curr == idle (init_task)
[   18.639330] proc in rq 0
[   18.639335] rq->nr_running rq->cfs.nr_running : 0 0
[   18.639340] rq->load.weight, rq->cfs.load.weight : 0 0
[   18.639342] ----------------^^^^CPU0^^^^^-----------------------
[   18.639344] rq->curr == THREAD(this messg)
[   18.639348] proc in rq 0
[   18.639351] rq->nr_running rq->cfs.nr_running : 1 1
[   18.639356] rq->load.weight, rq->cfs.load.weight : 1048576 1048576
[   18.639357] ----------------^^^^CPU1^^^^^-----------------------
[   18.639360] rq->curr->pid == 0
[   18.639364] proc in rq 0
[   18.639367] rq->nr_running rq->cfs.nr_running : 0 0
[   18.639371] rq->load.weight, rq->cfs.load.weight : 0 0
[   18.639373] ----------------^^^^CPU2^^^^^-----------------------
[   18.639377] rq->curr->pid == 0
[   18.639379] proc in rq 0
[   18.639383] rq->nr_running rq->cfs.nr_running : 0 0
[   18.639387] rq->load.weight, rq->cfs.load.weight : 0 0
[   18.639388] ----------------^^^^CPU3^^^^^-----------------------
[   19.635547] rq->curr == idle (init_task)
[   19.635560] proc in rq 0
[   19.635564] rq->nr_running rq->cfs.nr_running : 1 1
[   19.635569] rq->load.weight, rq->cfs.load.weight : 1307648 1307648
[   19.635570] ----------------^^^^CPU0^^^^^-----------------------
[   19.635573] rq->curr == THREAD(this messg)
[   19.635576] proc in rq 0
[   19.635580] rq->nr_running rq->cfs.nr_running : 1 1
[   19.635584] rq->load.weight, rq->cfs.load.weight : 1048576 1048576
[   19.635586] ----------------^^^^CPU1^^^^^-----------------------
[   19.635589] rq->curr->pid == 0
[   19.635592] proc in rq 0
[   19.635595] rq->nr_running rq->cfs.nr_running : 0 0
[   19.635599] rq->load.weight, rq->cfs.load.weight : 0 0
[   19.635601] ----------------^^^^CPU2^^^^^-----------------------
[   19.635604] rq->curr->pid == 0
[   19.635607] proc in rq 0
[   19.635610] rq->nr_running rq->cfs.nr_running : 0 0
[   19.635615] rq->load.weight, rq->cfs.load.weight : 0 0
[   19.635616] ----------------^^^^CPU3^^^^^-----------------------
[   20.649327] rq->curr == THREAD(this messg)
[   20.649337] proc in rq 0
[   20.649342] rq->nr_running rq->cfs.nr_running : 1 1
[   20.649347] rq->load.weight, rq->cfs.load.weight : 1048576 1048576
[   20.649349] ----------------^^^^CPU0^^^^^-----------------------
[   20.649353] rq->curr->pid == 0
[   20.649356] proc in rq 0
[   20.649359] rq->nr_running rq->cfs.nr_running : 0 0
[   20.649364] rq->load.weight, rq->cfs.load.weight : 0 0
[   20.649365] ----------------^^^^CPU1^^^^^-----------------------
[   20.649368] rq->curr->pid == 0
[   20.649371] proc in rq 0
[   20.649374] rq->nr_running rq->cfs.nr_running : 0 0
[   20.649378] rq->load.weight, rq->cfs.load.weight : 0 0
[   20.649380] ----------------^^^^CPU2^^^^^-----------------------
[   20.649383] rq->curr->pid == 0
[   20.649386] proc in rq 0
[   20.649389] rq->nr_running rq->cfs.nr_running : 0 0
[   20.649393] rq->load.weight, rq->cfs.load.weight : 0 0
[   20.649394] ----------------^^^^CPU3^^^^^-----------------------
[   23.340672] random: crng init done
