[    0.000000] Linux version 5.2.0-rc7+ (root@(none)) (gcc version 9.0.1 20190416 (experimental) (GCC)) #167 SMP Fri Jul 5 17:46:41 +05 2019
[    0.000000] Command line: BOOT_IMAGE=/boot/bzImage root=/dev/sda2 ro
[    0.000000] x86/fpu: Supporting XSAVE feature 0x001: 'x87 floating point registers'
[    0.000000] x86/fpu: Supporting XSAVE feature 0x002: 'SSE registers'
[    0.000000] x86/fpu: Supporting XSAVE feature 0x004: 'AVX registers'
[    0.000000] x86/fpu: xstate_offset[2]:  576, xstate_sizes[2]:  256
[    0.000000] x86/fpu: Enabled xstate features 0x7, context size is 832 bytes, using 'standard' format.
[    0.000000] BIOS-provided physical RAM map:
[    0.000000] BIOS-e820: [mem 0x0000000000000000-0x000000000009ffff] usable
[    0.000000] BIOS-e820: [mem 0x0000000000100000-0x000000009d0f7fff] usable
[    0.000000] BIOS-e820: [mem 0x000000009d0f8000-0x000000009d127fff] reserved
[    0.000000] BIOS-e820: [mem 0x000000009d128000-0x000000009d370fff] usable
[    0.000000] BIOS-e820: [mem 0x000000009d371000-0x000000009dc56fff] ACPI NVS
[    0.000000] BIOS-e820: [mem 0x000000009dc57000-0x000000009e959fff] reserved
[    0.000000] BIOS-e820: [mem 0x000000009e95a000-0x000000009e9cafff] type 20
[    0.000000] BIOS-e820: [mem 0x000000009e9cb000-0x000000009e9cbfff] usable
[    0.000000] BIOS-e820: [mem 0x000000009e9cc000-0x000000009e9d3fff] ACPI NVS
[    0.000000] BIOS-e820: [mem 0x000000009e9d4000-0x000000009eb24fff] usable
[    0.000000] BIOS-e820: [mem 0x000000009eb25000-0x000000009f041fff] reserved
[    0.000000] BIOS-e820: [mem 0x000000009f042000-0x000000009f080fff] usable
[    0.000000] BIOS-e820: [mem 0x000000009f081000-0x000000009f3f1fff] reserved
[    0.000000] BIOS-e820: [mem 0x000000009f3f2000-0x000000009f3fffff] usable
[    0.000000] BIOS-e820: [mem 0x00000000fec00000-0x00000000fec01fff] reserved
[    0.000000] BIOS-e820: [mem 0x00000000fec10000-0x00000000fec10fff] reserved
[    0.000000] BIOS-e820: [mem 0x00000000fed00000-0x00000000fed00fff] reserved
[    0.000000] BIOS-e820: [mem 0x00000000fed80000-0x00000000fed8ffff] reserved
[    0.000000] BIOS-e820: [mem 0x00000000ff000000-0x00000000ffffffff] reserved
[    0.000000] BIOS-e820: [mem 0x0000000100001000-0x000000013effffff] usable
[    0.000000] NX (Execute Disable) protection: active
[    0.000000] efi: EFI v2.31 by American Megatrends
[    0.000000] efi:  ACPI=0x9d3f3000  ACPI 2.0=0x9d3f3000  SMBIOS=0x9e958998 
[    0.000000] SMBIOS 2.7 present.
[    0.000000] DMI: ASUSTeK COMPUTER INC. X102BA/X102BA, BIOS X102BA.212 08/30/2013
[    0.000000] tsc: Fast TSC calibration using PIT
[    0.000000] tsc: Detected 998.132 MHz processor
[    0.000213] e820: update [mem 0x00000000-0x00000fff] usable ==> reserved
[    0.000218] e820: remove [mem 0x000a0000-0x000fffff] usable
[    0.000237] last_pfn = 0x13f000 max_arch_pfn = 0x400000000
[    0.000247] MTRR default type: uncachable
[    0.000249] MTRR fixed ranges enabled:
[    0.000253]   00000-9FFFF write-back
[    0.000255]   A0000-BFFFF write-through
[    0.000259]   C0000-DFFFF uncachable
[    0.000261]   E0000-FFFFF write-protect
[    0.000263] MTRR variable ranges enabled:
[    0.000267]   0 base 0000000000 mask FF80000000 write-back
[    0.000271]   1 base 0080000000 mask FFE0000000 write-back
[    0.000274]   2 base 009F400000 mask FFFFC00000 uncachable
[    0.000278]   3 base 009F800000 mask FFFF800000 uncachable
[    0.000279]   4 disabled
[    0.000280]   5 disabled
[    0.000281]   6 disabled
[    0.000282]   7 disabled
[    0.000285] TOM2: 000000013f000000 aka 5104M
[    0.000794] x86/PAT: Configuration [0-7]: WB  WC  UC- UC  WB  WP  UC- WT  
[    0.001062] e820: update [mem 0x9f400000-0xffffffff] usable ==> reserved
[    0.001077] last_pfn = 0x9f400 max_arch_pfn = 0x400000000
[    0.014418] check: Scanning 1 areas for low memory corruption
[    0.014431] Using GB pages for direct mapping
[    0.014438] BRK [0x122e01000, 0x122e01fff] PGTABLE
[    0.014445] BRK [0x122e02000, 0x122e02fff] PGTABLE
[    0.014448] BRK [0x122e03000, 0x122e03fff] PGTABLE
[    0.014552] BRK [0x122e04000, 0x122e04fff] PGTABLE
[    0.014557] BRK [0x122e05000, 0x122e05fff] PGTABLE
[    0.014698] BRK [0x122e06000, 0x122e06fff] PGTABLE
[    0.015192] BRK [0x122e07000, 0x122e07fff] PGTABLE
[    0.015349] BRK [0x122e08000, 0x122e08fff] PGTABLE
[    0.015534] BRK [0x122e09000, 0x122e09fff] PGTABLE
[    0.015732] BRK [0x122e0a000, 0x122e0afff] PGTABLE
[    0.015887] BRK [0x122e0b000, 0x122e0bfff] PGTABLE
[    0.016102] BRK [0x122e0c000, 0x122e0cfff] PGTABLE
[    0.016510] Secure boot could not be determined
[    0.016526] ACPI: Early table checksum verification disabled
[    0.016536] ACPI: RSDP 0x000000009D3F3000 000024 (v02 _ASUS_)
[    0.016548] ACPI: XSDT 0x000000009D3F3088 000094 (v01 _ASUS_ Notebook 01072009 AMI  00010013)
[    0.016565] ACPI: FACP 0x000000009D400748 00010C (v05 _ASUS_ Notebook 01072009 AMI  00010013)
[    0.016581] ACPI BIOS Warning (bug): Optional FADT field Pm2ControlBlock has valid Length but zero Address: 0x0000000000000000/0x1 (20190509/tbfadt-615)
[    0.016595] ACPI: DSDT 0x000000009D3F31A8 00D59D (v02 _ASUS_ Notebook 00000000 INTL 20091112)
[    0.016606] ACPI: FACS 0x000000009DC4B080 000040
[    0.016615] ACPI: APIC 0x000000009D400858 00007E (v03 _ASUS_ Notebook 01072009 AMI  00010013)
[    0.016625] ACPI: FPDT 0x000000009D4008D8 000044 (v01 _ASUS_ Notebook 01072009 AMI  00010013)
[    0.016635] ACPI: ECDT 0x000000009D400920 0000C1 (v01 _ASUS_ Notebook 01072009 AMI. 00000005)
[    0.016645] ACPI: MCFG 0x000000009D4009E8 00003C (v01 _ASUS_ Notebook 01072009 MSFT 00010013)
[    0.016655] ACPI: HPET 0x000000009D400A28 000038 (v01 _ASUS_ Notebook 01072009 AMI  00000005)
[    0.016665] ACPI: VFCT 0x000000009D400A60 004684 (v01 _ASUS_ Notebook 00000001 AMD  31504F47)
[    0.016676] ACPI: BGRT 0x000000009D4050E8 000038 (v00 _ASUS_ Notebook 01072009 ASUS 00010013)
[    0.016686] ACPI: SSDT 0x000000009D405120 0005E0 (v01 AMD    AGESA    00000001 AMD  00000001)
[    0.016696] ACPI: SSDT 0x000000009D405700 0046D1 (v02 AMD    AGESA    00000002 MSFT 04000000)
[    0.016706] ACPI: CRAT 0x000000009D409DD8 000228 (v01 AMD    AGESA    00000001 AMD  00000001)
[    0.016716] ACPI: SSDT 0x000000009D40A000 001411 (v01 AMD    CPMDFIGP 00000001 INTL 20051117)
[    0.016726] ACPI: SSDT 0x000000009D40B418 0010E8 (v01 AMD    CPMCMN   00000001 INTL 20051117)
[    0.016737] ACPI: MSDM 0x000000009D127F98 000055 (v03 _ASUS_ Notebook 00000000 ASUS 00000001)
[    0.016764] ACPI: Local APIC address 0xfee00000
[    0.017118] No NUMA configuration found
[    0.017122] Faking a node at [mem 0x0000000000000000-0x000000013effffff]
[    0.017135] NODE_DATA(0) allocated [mem 0x13effb000-0x13effefff]
[    0.017188] Zone ranges:
[    0.017192]   DMA      [mem 0x0000000000001000-0x0000000000ffffff]
[    0.017197]   DMA32    [mem 0x0000000001000000-0x00000000ffffffff]
[    0.017201]   Normal   [mem 0x0000000100000000-0x000000013effffff]
[    0.017205] Movable zone start for each node
[    0.017208] Early memory node ranges
[    0.017211]   node   0: [mem 0x0000000000001000-0x000000000009ffff]
[    0.017215]   node   0: [mem 0x0000000000100000-0x000000009d0f7fff]
[    0.017218]   node   0: [mem 0x000000009d128000-0x000000009d370fff]
[    0.017221]   node   0: [mem 0x000000009e9cb000-0x000000009e9cbfff]
[    0.017225]   node   0: [mem 0x000000009e9d4000-0x000000009eb24fff]
[    0.017227]   node   0: [mem 0x000000009f042000-0x000000009f080fff]
[    0.017230]   node   0: [mem 0x000000009f3f2000-0x000000009f3fffff]
[    0.017233]   node   0: [mem 0x0000000100001000-0x000000013effffff]
[    0.017562] Zeroed struct page in unavailable ranges: 11138 pages
[    0.017569] Initmem setup node 0 [mem 0x0000000000001000-0x000000013effffff]
[    0.017578] On node 0 totalpages: 902270
[    0.017582]   DMA zone: 64 pages used for memmap
[    0.017583]   DMA zone: 23 pages reserved
[    0.017586]   DMA zone: 3999 pages, LIFO batch:0
[    0.017805]   DMA32 zone: 10004 pages used for memmap
[    0.017807]   DMA32 zone: 640224 pages, LIFO batch:63
[    0.058398]   Normal zone: 4032 pages used for memmap
[    0.058405]   Normal zone: 258047 pages, LIFO batch:63
[    0.071792] ACPI: PM-Timer IO Port: 0x808
[    0.071804] ACPI: Local APIC address 0xfee00000
[    0.071821] ACPI: LAPIC_NMI (acpi_id[0xff] high edge lint[0x1])
[    0.071836] IOAPIC[0]: apic_id 3, version 33, address 0xfec00000, GSI 0-23
[    0.071847] IOAPIC[1]: apic_id 4, version 33, address 0xfec01000, GSI 24-55
[    0.071855] ACPI: INT_SRC_OVR (bus 0 bus_irq 0 global_irq 2 dfl dfl)
[    0.071861] ACPI: INT_SRC_OVR (bus 0 bus_irq 9 global_irq 9 low level)
[    0.071865] ACPI: IRQ0 used by override.
[    0.071868] ACPI: IRQ9 used by override.
[    0.071873] Using ACPI (MADT) for SMP configuration information
[    0.071877] ACPI: HPET id: 0x10228210 base: 0xfed00000
[    0.071893] smpboot: Allowing 4 CPUs, 2 hotplug CPUs
[    0.071965] PM: Registered nosave memory: [mem 0x00000000-0x00000fff]
[    0.071972] PM: Registered nosave memory: [mem 0x000a0000-0x000fffff]
[    0.071979] PM: Registered nosave memory: [mem 0x9d0f8000-0x9d127fff]
[    0.071985] PM: Registered nosave memory: [mem 0x9d371000-0x9dc56fff]
[    0.071988] PM: Registered nosave memory: [mem 0x9dc57000-0x9e959fff]
[    0.071991] PM: Registered nosave memory: [mem 0x9e95a000-0x9e9cafff]
[    0.071998] PM: Registered nosave memory: [mem 0x9e9cc000-0x9e9d3fff]
[    0.072004] PM: Registered nosave memory: [mem 0x9eb25000-0x9f041fff]
[    0.072011] PM: Registered nosave memory: [mem 0x9f081000-0x9f3f1fff]
[    0.072017] PM: Registered nosave memory: [mem 0x9f400000-0xfebfffff]
[    0.072020] PM: Registered nosave memory: [mem 0xfec00000-0xfec01fff]
[    0.072023] PM: Registered nosave memory: [mem 0xfec02000-0xfec0ffff]
[    0.072026] PM: Registered nosave memory: [mem 0xfec10000-0xfec10fff]
[    0.072029] PM: Registered nosave memory: [mem 0xfec11000-0xfecfffff]
[    0.072031] PM: Registered nosave memory: [mem 0xfed00000-0xfed00fff]
[    0.072034] PM: Registered nosave memory: [mem 0xfed01000-0xfed7ffff]
[    0.072037] PM: Registered nosave memory: [mem 0xfed80000-0xfed8ffff]
[    0.072039] PM: Registered nosave memory: [mem 0xfed90000-0xfeffffff]
[    0.072042] PM: Registered nosave memory: [mem 0xff000000-0xffffffff]
[    0.072045] PM: Registered nosave memory: [mem 0x100000000-0x100000fff]
[    0.072052] [mem 0x9f400000-0xfebfffff] available for PCI devices
[    0.072063] clocksource: refined-jiffies: mask: 0xffffffff max_cycles: 0xffffffff, max_idle_ns: 19112604462750000 ns
[    0.498229] setup_percpu: NR_CPUS:64 nr_cpumask_bits:64 nr_cpu_ids:4 nr_node_ids:1
[    0.499413] percpu: Embedded 51 pages/cpu s170008 r8192 d30696 u524288
[    0.499453] pcpu-alloc: s170008 r8192 d30696 u524288 alloc=1*2097152
[    0.499456] pcpu-alloc: [0] 0 1 2 3 
[    0.499535] Built 1 zonelists, mobility grouping on.  Total pages: 888147
[    0.499540] Policy zone: Normal
[    0.499547] Kernel command line: BOOT_IMAGE=/boot/bzImage root=/dev/sda2 ro
[    0.563672] Memory: 3432176K/3609080K available (14357K kernel code, 1433K rwdata, 4456K rodata, 1296K init, 856K bss, 176904K reserved, 0K cma-reserved)
[    0.563886] SLUB: HWalign=64, Order=0-3, MinObjects=0, CPUs=4, Nodes=1
[    0.564125] rcu: Hierarchical RCU implementation.
[    0.564129] rcu: 	RCU event tracing is enabled.
[    0.564133] rcu: 	RCU restricting CPUs from NR_CPUS=64 to nr_cpu_ids=4.
[    0.564138] rcu: RCU calculated value of scheduler-enlistment delay is 10 jiffies.
[    0.564142] rcu: Adjusting geometry for rcu_fanout_leaf=16, nr_cpu_ids=4
[    0.564727] NR_IRQS: 4352, nr_irqs: 1000, preallocated irqs: 16
[    0.565316] random: get_random_bytes called from start_kernel+0x2c6/0x493 with crng_init=0
[    0.565398] Console: colour dummy device 80x25
[    0.566085] printk: console [tty0] enabled
[    0.566130] ACPI: Core revision 20190509
[    0.566849] clocksource: hpet: mask: 0xffffffff max_cycles: 0xffffffff, max_idle_ns: 133484873504 ns
[    0.566879] hpet clockevent registered
[    0.566889] APIC: Switch to symmetric I/O mode setup
[    0.567747] ..TIMER: vector=0x30 apic1=0 pin1=2 apic2=-1 pin2=-1
[    0.616890] clocksource: tsc-early: mask: 0xffffffffffffffff max_cycles: 0x1cc66513650, max_idle_ns: 881590567773 ns
[    0.616906] Calibrating delay loop (skipped), value calculated using timer frequency.. 1996.26 BogoMIPS (lpj=9981320)
[    0.616921] pid_max: default: 32768 minimum: 301
[    0.619522] LSM: Security Framework initializing
[    0.619556] SELinux:  Initializing.
[    0.619593] *** VALIDATE SELinux ***
[    0.621907] Dentry cache hash table entries: 524288 (order: 10, 4194304 bytes)
[    0.623119] Inode-cache hash table entries: 262144 (order: 9, 2097152 bytes)
[    0.623220] Mount-cache hash table entries: 8192 (order: 4, 65536 bytes)
[    0.623268] Mountpoint-cache hash table entries: 8192 (order: 4, 65536 bytes)
[    0.623671] *** VALIDATE proc ***
[    0.623759] *** VALIDATE cgroup1 ***
[    0.623771] *** VALIDATE cgroup2 ***
[    0.623875] LVT offset 1 assigned for vector 0xf9
[    0.623891] Last level iTLB entries: 4KB 512, 2MB 8, 4MB 4
[    0.623899] Last level dTLB entries: 4KB 512, 2MB 256, 4MB 128, 1GB 0
[    0.623909] Spectre V2 : Mitigation: Full AMD retpoline
[    0.623916] Spectre V2 : Spectre v2 / SpectreRSB mitigation: Filling RSB on context switch
[    0.623927] Speculative Store Bypass: Mitigation: Speculative Store Bypass disabled via prctl and seccomp
[    0.624504] Freeing SMP alternatives memory: 40K
[    0.636904] smpboot: CPU0: AMD A4-1200 APU with Radeon(TM) HD Graphics (family: 0x16, model: 0x0, stepping: 0x1)
[    0.636904] Performance Events: AMD PMU driver.
[    0.636904] ... version:                0
[    0.636904] ... bit width:              48
[    0.636904] ... generic registers:      4
[    0.636904] ... value mask:             0000ffffffffffff
[    0.636904] ... max period:             00007fffffffffff
[    0.636904] ... fixed-purpose events:   0
[    0.636904] ... event mask:             000000000000000f
[    0.636904] rcu: Hierarchical SRCU implementation.
[    0.636904] MCE: In-kernel MCE decoding enabled.
[    0.636904] smp: Bringing up secondary CPUs ...
[    0.636904] x86: Booting SMP configuration:
[    0.636904] .... node  #0, CPUs:      #1
[    0.636904] smp: Brought up 1 node, 2 CPUs
[    0.636904] smpboot: Max logical packages: 2
[    0.636904] smpboot: Total of 2 processors activated (3992.52 BogoMIPS)
[    0.636904] devtmpfs: initialized
[    0.636904] PM: Registering ACPI NVS region [mem 0x9d371000-0x9dc56fff] (9330688 bytes)
[    0.636904] PM: Registering ACPI NVS region [mem 0x9e9cc000-0x9e9d3fff] (32768 bytes)
[    0.636904] clocksource: jiffies: mask: 0xffffffff max_cycles: 0xffffffff, max_idle_ns: 19112604462750000 ns
[    0.636904] futex hash table entries: 1024 (order: 4, 65536 bytes)
[    0.636904] kworker/u8:0 (22) used greatest stack depth: 14624 bytes left
[    0.636904] NET: Registered protocol family 16
[    0.636904] audit: initializing netlink subsys (disabled)
[    0.636904] audit: type=2000 audit(1562394031.060:1): state=initialized audit_enabled=0 res=1
[    0.636904] cpuidle: using governor ladder
[    0.636904] cpuidle: using governor menu
[    0.636904] ACPI FADT declares the system doesn't support PCIe ASPM, so disable it
[    0.636904] ACPI: bus type PCI registered
[    0.636904] PCI: MMCONFIG for domain 0000 [bus 00-ff] at [mem 0xe0000000-0xefffffff] (base 0xe0000000)
[    0.636904] PCI: not using MMCONFIG
[    0.636904] PCI: Using configuration type 1 for base access
[    0.636904] PCI: Using configuration type 1 for extended access
[    0.636938] rq->curr == THREAD(this messg)
[    0.636939] state TASK_RUNNING
[    0.636953] color, tsk->comm, weight, vruntime, state: -101897125408359 kworker/u8:1 1048576 47829780 0
[    0.636960] color, tsk->comm, weight, vruntime, state: -101897125418728 kworker/u8:1 1048576 47829780 0
[    0.636973] color, tsk->comm, weight, vruntime, state: -101897125408359 kworker/u8:1 1048576 47829780 0
[    0.636985] color, tsk->comm, weight, vruntime, state: 1 kworker/u8:1 1048576 48044067 0
[    0.636996] color, tsk->comm, weight, vruntime, state: -101897117635431 kworker/u8:1 1048576 48329781 0
[    0.637007] color, tsk->comm, weight, vruntime, state: -101897125418728 kworker/u8:1 1048576 48729780 0
[    0.637019] color, tsk->comm, weight, vruntime, state: -101897117635431 kworker/u8:1 1048576 49329780 0
[    0.637028] proc in rq 7
[    0.637039] rq->nr_running rq->cfs.nr_running : 8 8
[    0.637049] rq->load.weight, rq->cfs.load.weight : 8388608 8388608
[    0.637050] ----------------^^^^CPU0^^^^^-----------------------
[    0.637057] rq->curr->pid == 1
[    0.637064] state TASK_RUNNING
[    0.637072] color, tsk->comm, weight, vruntime, state: -101897125429096 kworker/u8:0 1048576 28351403 0
[    0.637079] color, tsk->comm, weight, vruntime, state: -101897117638887 kworker/u8:1 1048576 34351403 0
[    0.637090] color, tsk->comm, weight, vruntime, state: 1 kworker/u8:1 1048576 34951403 0
[    0.637102] color, tsk->comm, weight, vruntime, state: -101897117638887 kthreadd 1048576 37351400 0
[    0.637110] proc in rq 4
[    0.637121] rq->nr_running rq->cfs.nr_running : 5 5
[    0.637131] rq->load.weight, rq->cfs.load.weight : 5242880 5242880
[    0.637132] ----------------^^^^CPU1^^^^^-----------------------
[    0.637139] rq->curr->pid == 0
[    0.637146] state TASK_RUNNING
[    0.637152] proc in rq 0
[    0.637158] rq->nr_running rq->cfs.nr_running : 0 0
[    0.637167] rq->load.weight, rq->cfs.load.weight : 0 0
[    0.637169] ----------------^^^^CPU2^^^^^-----------------------
[    0.637176] rq->curr->pid == 0
[    0.637182] state TASK_RUNNING
[    0.637188] proc in rq 0
[    0.637194] rq->nr_running rq->cfs.nr_running : 0 0
[    0.637204] rq->load.weight, rq->cfs.load.weight : 0 0
[    0.637205] ----------------^^^^CPU3^^^^^-----------------------
[    0.652690] kworker/u8:0 (47) used greatest stack depth: 14160 bytes left
[    0.690399] HugeTLB registered 2.00 MiB page size, pre-allocated 0 pages
[    0.702052] ACPI: Added _OSI(Module Device)
[    0.702052] ACPI: Added _OSI(Processor Device)
[    0.702052] ACPI: Added _OSI(3.0 _SCP Extensions)
[    0.702052] ACPI: Added _OSI(Processor Aggregator Device)
[    0.702052] ACPI: Added _OSI(Linux-Dell-Video)
[    0.702052] ACPI: Added _OSI(Linux-Lenovo-NV-HDMI-Audio)
[    0.702052] ACPI: Added _OSI(Linux-HPI-Hybrid-Graphics)
[    0.735017] ACPI: 5 ACPI AML tables successfully acquired and loaded
[    0.738347] ACPI: EC: EC started
[    0.738357] ACPI: EC: interrupt blocked
[    0.740466] ACPI: \: Used as first EC
[    0.740478] ACPI: \: GPE=0x3, EC_CMD/EC_SC=0x66, EC_DATA=0x62
[    0.740486] ACPI: EC: Boot ECDT EC used to handle transactions
[    0.745614] ACPI: [Firmware Bug]: BIOS _OSI(Linux) query ignored
[    0.750200] ACPI: Interpreter enabled
[    0.750278] ACPI: (supports S0 S3 S4 S5)
[    0.750288] ACPI: Using IOAPIC for interrupt routing
[    0.750496] PCI: MMCONFIG for domain 0000 [bus 00-ff] at [mem 0xe0000000-0xefffffff] (base 0xe0000000)
[    0.750669] PCI: MMCONFIG at [mem 0xe0000000-0xefffffff] reserved in ACPI motherboard resources
[    0.750730] PCI: Using host bridge windows from ACPI; if necessary, use "pci=nocrs" and report a bug
[    0.751511] ACPI: Enabled 3 GPEs in block 00 to 1F
[    1.686940] rq->curr == THREAD(this messg)
[    1.686942] state TASK_RUNNING
[    1.686960] proc in rq 0
[    1.686968] rq->nr_running rq->cfs.nr_running : 1 1
[    1.686979] rq->load.weight, rq->cfs.load.weight : 1048576 1048576
[    1.686980] ----------------^^^^CPU0^^^^^-----------------------
[    1.686988] rq->curr->pid == 1
[    1.686995] state TASK_RUNNING
[    1.687004] color, tsk->comm, weight, vruntime, state: 1 kworker/1:0 1048576 339002803 0
[    1.687009] proc in rq 1
[    1.687020] rq->nr_running rq->cfs.nr_running : 2 2
[    1.687030] rq->load.weight, rq->cfs.load.weight : 2097152 2097152
[    1.687031] ----------------^^^^CPU1^^^^^-----------------------
[    1.687039] rq->curr->pid == 0
[    1.687045] state TASK_RUNNING
[    1.687051] proc in rq 0
[    1.687057] rq->nr_running rq->cfs.nr_running : 0 0
[    1.687067] rq->load.weight, rq->cfs.load.weight : 0 0
[    1.687068] ----------------^^^^CPU2^^^^^-----------------------
[    1.687075] rq->curr->pid == 0
[    1.687081] state TASK_RUNNING
[    1.687087] proc in rq 0
[    1.687093] rq->nr_running rq->cfs.nr_running : 0 0
[    1.687102] rq->load.weight, rq->cfs.load.weight : 0 0
[    1.687104] ----------------^^^^CPU3^^^^^-----------------------
[    1.719792] ACPI: PCI Root Bridge [PCI0] (domain 0000 [bus 00-ff])
[    1.719831] acpi PNP0A08:00: _OSC: OS supports [ExtendedConfig ASPM ClockPM Segments MSI HPX-Type3]
[    1.720454] acpi PNP0A08:00: _OSC: platform does not support [LTR]
[    1.721041] acpi PNP0A08:00: _OSC: OS now controls [PME AER PCIeCapability]
[    1.721054] acpi PNP0A08:00: FADT indicates ASPM is unsupported, using BIOS configuration
[    1.721616] PCI host bridge to bus 0000:00
[    1.721631] pci_bus 0000:00: root bus resource [io  0x0000-0x03af window]
[    1.721642] pci_bus 0000:00: root bus resource [io  0x03e0-0x0cf7 window]
[    1.721653] pci_bus 0000:00: root bus resource [io  0x03b0-0x03df window]
[    1.721664] pci_bus 0000:00: root bus resource [io  0x0d00-0xffff window]
[    1.721675] pci_bus 0000:00: root bus resource [mem 0x000a0000-0x000bffff window]
[    1.721688] pci_bus 0000:00: root bus resource [mem 0x000c0000-0x000dffff window]
[    1.721700] pci_bus 0000:00: root bus resource [mem 0xc0000000-0xffffffff window]
[    1.721713] pci_bus 0000:00: root bus resource [bus 00-ff]
[    1.721741] pci 0000:00:00.0: [1022:1536] type 00 class 0x060000
[    1.722027] pci 0000:00:01.0: [1002:9839] type 00 class 0x030000
[    1.722068] pci 0000:00:01.0: reg 0x10: [mem 0xc0000000-0xcfffffff 64bit pref]
[    1.722093] pci 0000:00:01.0: reg 0x18: [mem 0xd0000000-0xd07fffff 64bit pref]
[    1.722113] pci 0000:00:01.0: reg 0x20: [io  0xf000-0xf0ff]
[    1.722131] pci 0000:00:01.0: reg 0x24: [mem 0xfeb00000-0xfeb3ffff]
[    1.722150] pci 0000:00:01.0: reg 0x30: [mem 0xfeb40000-0xfeb5ffff pref]
[    1.722167] pci 0000:00:01.0: enabling Extended Tags
[    1.722197] pci 0000:00:01.0: BAR 0: assigned to efifb
[    1.722254] pci 0000:00:01.0: supports D1 D2
[    1.722264] pci 0000:00:01.0: PME# supported from D1 D2 D3hot
[    1.722494] pci 0000:00:01.1: [1002:9840] type 00 class 0x040300
[    1.722530] pci 0000:00:01.1: reg 0x10: [mem 0xfeb64000-0xfeb67fff 64bit]
[    1.722569] pci 0000:00:01.1: enabling Extended Tags
[    1.722636] pci 0000:00:01.1: supports D1 D2
[    1.722831] pci 0000:00:02.0: [1022:1538] type 00 class 0x060000
[    1.723071] pci 0000:00:02.2: [1022:1439] type 01 class 0x060400
[    1.723140] pci 0000:00:02.2: enabling Extended Tags
[    1.723221] pci 0000:00:02.2: PME# supported from D0 D3hot D3cold
[    1.723458] pci 0000:00:02.3: [1022:1439] type 01 class 0x060400
[    1.723527] pci 0000:00:02.3: enabling Extended Tags
[    1.723604] pci 0000:00:02.3: PME# supported from D0 D3hot D3cold
[    1.723865] pci 0000:00:10.0: [1022:7814] type 00 class 0x0c0330
[    1.723909] pci 0000:00:10.0: reg 0x10: [mem 0xfeb68000-0xfeb69fff 64bit]
[    1.724048] pci 0000:00:10.0: PME# supported from D0 D3hot D3cold
[    1.724289] pci 0000:00:11.0: [1022:7801] type 00 class 0x010601
[    1.724326] pci 0000:00:11.0: reg 0x10: [io  0xf140-0xf147]
[    1.724345] pci 0000:00:11.0: reg 0x14: [io  0xf130-0xf133]
[    1.724364] pci 0000:00:11.0: reg 0x18: [io  0xf120-0xf127]
[    1.724383] pci 0000:00:11.0: reg 0x1c: [io  0xf110-0xf113]
[    1.724402] pci 0000:00:11.0: reg 0x20: [io  0xf100-0xf10f]
[    1.724421] pci 0000:00:11.0: reg 0x24: [mem 0xfeb6f000-0xfeb6f3ff]
[    1.724498] pci 0000:00:11.0: PME# supported from D3hot
[    1.724712] pci 0000:00:12.0: [1022:7807] type 00 class 0x0c0310
[    1.724741] pci 0000:00:12.0: reg 0x10: [mem 0xfeb6e000-0xfeb6efff]
[    1.724997] pci 0000:00:12.2: [1022:7808] type 00 class 0x0c0320
[    1.725032] pci 0000:00:12.2: reg 0x10: [mem 0xfeb6d000-0xfeb6d0ff]
[    1.725135] pci 0000:00:12.2: supports D1 D2
[    1.725145] pci 0000:00:12.2: PME# supported from D0 D1 D2 D3hot D3cold
[    1.725359] pci 0000:00:13.0: [1022:7807] type 00 class 0x0c0310
[    1.725388] pci 0000:00:13.0: reg 0x10: [mem 0xfeb6c000-0xfeb6cfff]
[    1.725639] pci 0000:00:13.2: [1022:7808] type 00 class 0x0c0320
[    1.725675] pci 0000:00:13.2: reg 0x10: [mem 0xfeb6b000-0xfeb6b0ff]
[    1.725777] pci 0000:00:13.2: supports D1 D2
[    1.725788] pci 0000:00:13.2: PME# supported from D0 D1 D2 D3hot D3cold
[    1.725998] pci 0000:00:14.0: [1022:780b] type 00 class 0x0c0500
[    1.726257] pci 0000:00:14.2: [1022:780d] type 00 class 0x040300
[    1.726295] pci 0000:00:14.2: reg 0x10: [mem 0xfeb60000-0xfeb63fff 64bit]
[    1.726385] pci 0000:00:14.2: PME# supported from D0 D3hot D3cold
[    1.726588] pci 0000:00:14.3: [1022:780e] type 00 class 0x060100
[    1.726862] pci 0000:00:14.7: [1022:7813] type 00 class 0x080501
[    1.726896] pci 0000:00:14.7: reg 0x10: [mem 0xfeb6a000-0xfeb6a0ff 64bit]
[    1.730158] pci 0000:00:18.0: [1022:1530] type 00 class 0x060000
[    1.730423] pci 0000:00:18.1: [1022:1531] type 00 class 0x060000
[    1.730680] pci 0000:00:18.2: [1022:1532] type 00 class 0x060000
[    1.730927] pci 0000:00:18.3: [1022:1533] type 00 class 0x060000
[    1.731188] pci 0000:00:18.4: [1022:1534] type 00 class 0x060000
[    1.731432] pci 0000:00:18.5: [1022:1535] type 00 class 0x060000
[    1.731876] pci 0000:01:00.0: [168c:0032] type 00 class 0x028000
[    1.731951] pci 0000:01:00.0: reg 0x10: [mem 0xfea00000-0xfea7ffff 64bit]
[    1.732011] pci 0000:01:00.0: reg 0x30: [mem 0xfea80000-0xfea8ffff pref]
[    1.732146] pci 0000:01:00.0: supports D1 D2
[    1.732157] pci 0000:01:00.0: PME# supported from D0 D1 D2 D3hot D3cold
[    1.732467] pci 0000:00:02.2: PCI bridge to [bus 01]
[    1.732490] pci 0000:00:02.2:   bridge window [mem 0xfea00000-0xfeafffff]
[    1.732681] pci 0000:02:00.0: [10ec:8136] type 00 class 0x020000
[    1.732745] pci 0000:02:00.0: reg 0x10: [io  0xe000-0xe0ff]
[    1.732791] pci 0000:02:00.0: reg 0x18: [mem 0xd0804000-0xd0804fff 64bit pref]
[    1.732826] pci 0000:02:00.0: reg 0x20: [mem 0xd0800000-0xd0803fff 64bit pref]
[    1.732994] pci 0000:02:00.0: supports D1 D2
[    1.733005] pci 0000:02:00.0: PME# supported from D0 D1 D2 D3hot D3cold
[    1.733329] pci 0000:00:02.3: PCI bridge to [bus 02]
[    1.733349] pci 0000:00:02.3:   bridge window [io  0xe000-0xefff]
[    1.733367] pci 0000:00:02.3:   bridge window [mem 0xd0800000-0xd08fffff 64bit pref]
[    1.757423] ACPI: PCI Interrupt Link [LNKA] (IRQs 4 7 10 11 14 15) *0
[    1.757665] ACPI: PCI Interrupt Link [LNKB] (IRQs 4 7 10 11 14 15) *0
[    1.757899] ACPI: PCI Interrupt Link [LNKC] (IRQs 4 7 10 11 14 15) *0
[    1.758129] ACPI: PCI Interrupt Link [LNKD] (IRQs 4 7 10 11 14 15) *0
[    1.758326] ACPI: PCI Interrupt Link [LNKE] (IRQs 4 7 10 11 14 15) *0
[    1.758486] ACPI: PCI Interrupt Link [LNKF] (IRQs 4 7 10 11 14 15) *0
[    1.758646] ACPI: PCI Interrupt Link [LNKG] (IRQs 4 7 10 11 14 15) *0
[    1.758806] ACPI: PCI Interrupt Link [LNKH] (IRQs 4 7 10 11 14 15) *0
[    1.760117] ACPI: EC: interrupt unblocked
[    1.760139] ACPI: EC: event unblocked
[    1.760157] ACPI: \_SB_.PCI0.SBRG.EC0_: GPE=0x3, EC_CMD/EC_SC=0x66, EC_DATA=0x62
[    1.760170] ACPI: \_SB_.PCI0.SBRG.EC0_: Boot DSDT EC used to handle transactions and events
[    1.760501] pci 0000:00:01.0: vgaarb: setting as boot VGA device
[    1.760501] pci 0000:00:01.0: vgaarb: VGA device added: decodes=io+mem,owns=io+mem,locks=none
[    1.760501] pci 0000:00:01.0: vgaarb: bridge control possible
[    1.760501] vgaarb: loaded
[    1.760501] SCSI subsystem initialized
[    1.760501] libata version 3.00 loaded.
[    1.761334] ACPI: bus type USB registered
[    1.761334] usbcore: registered new interface driver usbfs
[    1.761334] usbcore: registered new interface driver hub
[    1.762335] usbcore: registered new device driver usb
[    1.762698] pps_core: LinuxPPS API ver. 1 registered
[    1.762698] pps_core: Software ver. 5.3.6 - Copyright 2005-2007 Rodolfo Giometti <giometti@linux.it>
[    1.762791] PTP clock support registered
[    1.762957] EDAC MC: Ver: 3.0.0
[    1.764257] Registered efivars operations
[    1.766918] Advanced Linux Sound Architecture Driver Initialized.
[    1.766918] PCI: Using ACPI for IRQ routing
[    1.774366] PCI: pci_cache_line_size set to 64 bytes
[    1.774481] e820: reserve RAM buffer [mem 0x9d0f8000-0x9fffffff]
[    1.774487] e820: reserve RAM buffer [mem 0x9d371000-0x9fffffff]
[    1.774492] e820: reserve RAM buffer [mem 0x9e9cc000-0x9fffffff]
[    1.774496] e820: reserve RAM buffer [mem 0x9eb25000-0x9fffffff]
[    1.774499] e820: reserve RAM buffer [mem 0x9f081000-0x9fffffff]
[    1.774502] e820: reserve RAM buffer [mem 0x9f400000-0x9fffffff]
[    1.774504] e820: reserve RAM buffer [mem 0x13f000000-0x13fffffff]
[    1.777294] NetLabel: Initializing
[    1.777294] NetLabel:  domain hash size = 128
[    1.777294] NetLabel:  protocols = UNLABELED CIPSOv4 CALIPSO
[    1.777294] NetLabel:  unlabeled traffic allowed by default
[    1.777294] hpet0: at MMIO 0xfed00000, IRQs 2, 8, 0
[    1.777294] hpet0: 3 comparators, 32-bit 14.318180 MHz counter
[    1.782583] clocksource: Switched to clocksource tsc-early
[    1.837543] VFS: Disk quotas dquot_6.6.0
[    1.837614] VFS: Dquot-cache hash table entries: 512 (order 0, 4096 bytes)
[    1.837704] *** VALIDATE hugetlbfs ***
[    1.837818] pnp: PnP ACPI init
[    1.838311] system 00:00: [mem 0xe0000000-0xefffffff] has been reserved
[    1.838409] system 00:00: Plug and Play ACPI device, IDs PNP0c01 (active)
[    1.838672] system 00:01: [mem 0xa0000000-0xbfffffff] has been reserved
[    1.838745] system 00:01: Plug and Play ACPI device, IDs PNP0c02 (active)
[    1.839014] system 00:02: Plug and Play ACPI device, IDs PNP0c02 (active)
[    1.839158] pnp 00:03: Plug and Play ACPI device, IDs PNP0b00 (active)
[    1.839390] system 00:04: [io  0x04d0-0x04d1] has been reserved
[    1.839462] system 00:04: Plug and Play ACPI device, IDs PNP0c02 (active)
[    1.839718] pnp 00:05: Plug and Play ACPI device, IDs ETD0108 SYN0a00 SYN0002 PNP0f03 PNP0f13 PNP0f12 (active)
[    1.839895] pnp 00:06: Plug and Play ACPI device, IDs ATK3001 PNP030b (active)
[    1.840714] system 00:07: [io  0x04d0-0x04d1] has been reserved
[    1.840728] system 00:07: [io  0x040b] has been reserved
[    1.840739] system 00:07: [io  0x04d6] has been reserved
[    1.840750] system 00:07: [io  0x0c00-0x0c01] has been reserved
[    1.840761] system 00:07: [io  0x0c14] has been reserved
[    1.840772] system 00:07: [io  0x0c50-0x0c51] has been reserved
[    1.840783] system 00:07: [io  0x0c52] has been reserved
[    1.840793] system 00:07: [io  0x0c6c] has been reserved
[    1.840804] system 00:07: [io  0x0c6f] has been reserved
[    1.840814] system 00:07: [io  0x0cd0-0x0cd1] has been reserved
[    1.840825] system 00:07: [io  0x0cd2-0x0cd3] has been reserved
[    1.840836] system 00:07: [io  0x0cd4-0x0cd5] has been reserved
[    1.840847] system 00:07: [io  0x0cd6-0x0cd7] has been reserved
[    1.840858] system 00:07: [io  0x0cd8-0x0cdf] has been reserved
[    1.840873] system 00:07: [io  0x0800-0x089f] has been reserved
[    1.840884] system 00:07: [io  0x0900-0x090f] has been reserved
[    1.840895] system 00:07: [io  0x0910-0x091f] has been reserved
[    1.840906] system 00:07: [io  0xfe00-0xfefe] has been reserved
[    1.840920] system 00:07: [mem 0xfec00000-0xfec00fff] could not be reserved
[    1.840933] system 00:07: [mem 0xfee00000-0xfee00fff] has been reserved
[    1.840944] system 00:07: [mem 0xfed80000-0xfed8ffff] has been reserved
[    1.840956] system 00:07: [mem 0xfed61000-0xfed70fff] has been reserved
[    1.840968] system 00:07: [mem 0xfec10000-0xfec10fff] has been reserved
[    1.840980] system 00:07: [mem 0xfed00000-0xfed00fff] could not be reserved
[    1.840992] system 00:07: [mem 0xff000000-0xffffffff] has been reserved
[    1.841064] system 00:07: Plug and Play ACPI device, IDs PNP0c02 (active)
[    1.841904] pnp: PnP ACPI: found 8 devices
[    1.857036] clocksource: acpi_pm: mask: 0xffffff max_cycles: 0xffffff, max_idle_ns: 2085701024 ns
[    1.857645] pci 0000:00:02.2: PCI bridge to [bus 01]
[    1.857668] pci 0000:00:02.2:   bridge window [mem 0xfea00000-0xfeafffff]
[    1.857687] pci 0000:00:02.3: PCI bridge to [bus 02]
[    1.857700] pci 0000:00:02.3:   bridge window [io  0xe000-0xefff]
[    1.857717] pci 0000:00:02.3:   bridge window [mem 0xd0800000-0xd08fffff 64bit pref]
[    1.857740] pci_bus 0000:00: resource 4 [io  0x0000-0x03af window]
[    1.857751] pci_bus 0000:00: resource 5 [io  0x03e0-0x0cf7 window]
[    1.857762] pci_bus 0000:00: resource 6 [io  0x03b0-0x03df window]
[    1.857772] pci_bus 0000:00: resource 7 [io  0x0d00-0xffff window]
[    1.857783] pci_bus 0000:00: resource 8 [mem 0x000a0000-0x000bffff window]
[    1.857795] pci_bus 0000:00: resource 9 [mem 0x000c0000-0x000dffff window]
[    1.857806] pci_bus 0000:00: resource 10 [mem 0xc0000000-0xffffffff window]
[    1.857818] pci_bus 0000:01: resource 1 [mem 0xfea00000-0xfeafffff]
[    1.857829] pci_bus 0000:02: resource 0 [io  0xe000-0xefff]
[    1.857840] pci_bus 0000:02: resource 2 [mem 0xd0800000-0xd08fffff 64bit pref]
[    1.858107] NET: Registered protocol family 2
[    1.867068] tcp_listen_portaddr_hash hash table entries: 2048 (order: 3, 32768 bytes)
[    1.867146] TCP established hash table entries: 32768 (order: 6, 262144 bytes)
[    1.867380] TCP bind hash table entries: 32768 (order: 7, 524288 bytes)
[    1.867615] TCP: Hash tables configured (established 32768 bind 32768)
[    1.867787] UDP hash table entries: 2048 (order: 4, 65536 bytes)
[    1.867855] UDP-Lite hash table entries: 2048 (order: 4, 65536 bytes)
[    1.868029] NET: Registered protocol family 1
[    1.868408] RPC: Registered named UNIX socket transport module.
[    1.868418] RPC: Registered udp transport module.
[    1.868426] RPC: Registered tcp transport module.
[    1.868432] RPC: Registered tcp NFSv4.1 backchannel transport module.
[    1.869022] pci 0000:00:01.0: Video device with shadowed ROM at [mem 0x000c0000-0x000dffff]
[    1.869536] pci 0000:00:12.0: enabling device (0000 -> 0002)
[    1.870163] pci 0000:00:12.2: PME# does not work under D3, disabling it
[    1.870187] pci 0000:00:13.0: enabling device (0000 -> 0002)
[    1.870800] pci 0000:00:13.2: PME# does not work under D3, disabling it
[    1.870889] PCI: CLS 64 bytes, default 64
[    1.871032] PCI-DMA: Using software bounce buffering for IO (SWIOTLB)
[    1.871044] software IO TLB: mapped [mem 0x97989000-0x9b989000] (64MB)
[    1.871251] amd_uncore: AMD NB counters detected
[    1.871268] amd_uncore: AMD LLC counters detected
[    1.871384] LVT offset 0 assigned for vector 0x400
[    1.871444] perf: AMD IBS detected (0x000000ff)
[    1.871464] kvm: no hardware support
[    1.871566] kvm: Nested Virtualization enabled
[    1.871579] kvm: Nested Paging enabled
[    1.872496] check: Scanning for low memory corruption every 60 seconds
[    1.876047] Initialise system trusted keyrings
[    1.887142] workingset: timestamp_bits=56 max_order=20 bucket_order=0
[    1.898486] fuse: init (API version 7.31)
[    1.902795] Key type asymmetric registered
[    1.902815] Asymmetric key parser 'x509' registered
[    1.902904] Block layer SCSI generic (bsg) driver version 0.4 loaded (major 249)
[    1.902917] io scheduler mq-deadline registered
[    1.902926] io scheduler kyber registered
[    1.903609] pcieport 0000:00:02.2: PME: Signaling with IRQ 25
[    1.904049] pcieport 0000:00:02.3: PME: Signaling with IRQ 27
[    1.905160] uvesafb: failed to execute /sbin/v86d
[    1.905172] uvesafb: make sure that the v86d helper is installed and executable
[    1.905184] uvesafb: Getting VBE info block failed (eax=0x4f00, err=-2)
[    1.905193] uvesafb: vbe_init() failed with -22
[    1.905210] uvesafb: probe of uvesafb.0 failed with error -22
[    1.905281] efifb: probing for efifb
[    1.905328] efifb: framebuffer at 0xc0000000, using 4224k, total 4224k
[    1.905338] efifb: mode is 1366x768x32, linelength=5632, pages=1
[    1.905345] efifb: scrolling: redraw
[    1.905354] efifb: Truecolor: size=8:8:8:8, shift=24:16:8:0
[    1.915904] Console: switching to colour frame buffer device 170x48
[    1.925642] fb0: EFI VGA frame buffer device
[    1.927120] ACPI: AC Adapter [AC0] (on-line)
[    1.927382] input: Power Button as /devices/LNXSYSTM:00/LNXSYBUS:00/PNP0C0C:00/input/input0
[    1.927539] ACPI: Power Button [PWRB]
[    1.927720] input: Lid Switch as /devices/LNXSYSTM:00/LNXSYBUS:00/PNP0C0D:00/input/input1
[    1.927865] ACPI: Lid Switch [LID]
[    1.928044] input: Sleep Button as /devices/LNXSYSTM:00/LNXSYBUS:00/PNP0C0E:00/input/input2
[    1.928433] ACPI: Sleep Button [SLPB]
[    1.928718] input: Power Button as /devices/LNXSYSTM:00/LNXPWRBN:00/input/input3
[    1.928857] ACPI: Power Button [PWRF]
[    1.932710] thermal LNXTHERM:00: registered as thermal_zone0
[    1.932815] ACPI: Thermal Zone [THRM] (40 C)
[    1.935476] Serial: 8250/16550 driver, 4 ports, IRQ sharing enabled
[    1.940801] Non-volatile memory driver v1.3
[    1.941067] Linux agpgart interface v0.103
[    1.949315] loop: module loaded
[    1.950283] ahci 0000:00:11.0: version 3.0
[    1.950752] ahci 0000:00:11.0: AHCI 0001.0300 32 slots 2 ports 6 Gbps 0x3 impl SATA mode
[    1.950894] ahci 0000:00:11.0: flags: 64bit ncq sntf ilck pm led clo pmp pio slum part 
[    1.955665] scsi host0: ahci
[    1.959698] scsi host1: ahci
[    1.963127] ata1: SATA max UDMA/133 abar m1024@0xfeb6f000 port 0xfeb6f100 irq 28
[    1.966325] ata2: SATA max UDMA/133 abar m1024@0xfeb6f000 port 0xfeb6f180 irq 28
[    1.970312] tun: Universal TUN/TAP device driver, 1.6
[    1.973680] e1000: Intel(R) PRO/1000 Network Driver - version 7.3.21-k8-NAPI
[    1.976875] e1000: Copyright (c) 1999-2006 Intel Corporation.
[    1.981393] e1000e: Intel(R) PRO/1000 Network Driver - 3.2.6-k
[    1.984544] e1000e: Copyright(c) 1999 - 2015 Intel Corporation.
[    1.987830] sky2: driver version 1.30
[    1.991165] r8169 0000:02:00.0: can't disable ASPM; OS doesn't have ASPM control
[    1.995318] libphy: r8169: probed
[    1.999087] r8169 0000:02:00.0 eth0: RTL8105e, 74:d0:2b:a3:a6:42, XID 40a, IRQ 30
[    2.002719] ath9k 0000:01:00.0: enabling device (0000 -> 0002)
[    2.006293] ath: phy0: Disable PLL PowerSave
[    2.017042] ath: phy0: ASPM enabled: 0x42
[    2.020250] ath: EEPROM regdomain: 0x60
[    2.020252] ath: EEPROM indicates we should expect a direct regpair map
[    2.020257] ath: Country alpha2 being used: 00
[    2.020259] ath: Regpair used: 0x60
[    2.023024] ieee80211 phy0: Selected rate control algorithm 'minstrel_ht'
[    2.023739] ieee80211 phy0: Atheros AR9485 Rev:1 mem=0xffffa99842f00000, irq=31
[    2.027787] ehci_hcd: USB 2.0 'Enhanced' Host Controller (EHCI) Driver
[    2.031089] ehci-pci: EHCI PCI platform driver
[    2.034709] ehci-pci 0000:00:12.2: EHCI Host Controller
[    2.039849] ehci-pci 0000:00:12.2: new USB bus registered, assigned bus number 1
[    2.043195] ehci-pci 0000:00:12.2: applying AMD SB700/SB800/Hudson-2/3 EHCI dummy qh workaround
[    2.046581] ehci-pci 0000:00:12.2: debug port 1
[    2.050409] ehci-pci 0000:00:12.2: irq 17, io mem 0xfeb6d000
[    2.076993] ehci-pci 0000:00:12.2: USB 2.0 started, EHCI 1.00
[    2.080358] usb usb1: New USB device found, idVendor=1d6b, idProduct=0002, bcdDevice= 5.02
[    2.083707] usb usb1: New USB device strings: Mfr=3, Product=2, SerialNumber=1
[    2.087024] usb usb1: Product: EHCI Host Controller
[    2.090264] usb usb1: Manufacturer: Linux 5.2.0-rc7+ ehci_hcd
[    2.093469] usb usb1: SerialNumber: 0000:00:12.2
[    2.098616] battery: ACPI: Battery Slot [BAT0] (battery present)
[    2.102311] hub 1-0:1.0: USB hub found
[    2.105530] hub 1-0:1.0: 4 ports detected
[    2.110895] ehci-pci 0000:00:13.2: EHCI Host Controller
[    2.114082] ehci-pci 0000:00:13.2: new USB bus registered, assigned bus number 2
[    2.117333] ehci-pci 0000:00:13.2: applying AMD SB700/SB800/Hudson-2/3 EHCI dummy qh workaround
[    2.120403] ehci-pci 0000:00:13.2: debug port 1
[    2.123458] ehci-pci 0000:00:13.2: irq 17, io mem 0xfeb6b000
[    2.146969] ehci-pci 0000:00:13.2: USB 2.0 started, EHCI 1.00
[    2.150053] usb usb2: New USB device found, idVendor=1d6b, idProduct=0002, bcdDevice= 5.02
[    2.153129] usb usb2: New USB device strings: Mfr=3, Product=2, SerialNumber=1
[    2.156162] usb usb2: Product: EHCI Host Controller
[    2.159184] usb usb2: Manufacturer: Linux 5.2.0-rc7+ ehci_hcd
[    2.162160] usb usb2: SerialNumber: 0000:00:13.2
[    2.165531] hub 2-0:1.0: USB hub found
[    2.168521] hub 2-0:1.0: 4 ports detected
[    2.173703] ohci_hcd: USB 1.1 'Open' Host Controller (OHCI) Driver
[    2.176755] ohci-pci: OHCI PCI platform driver
[    2.179986] ohci-pci 0000:00:12.0: OHCI PCI host controller
[    2.183125] ohci-pci 0000:00:12.0: new USB bus registered, assigned bus number 3
[    2.186159] ohci-pci 0000:00:12.0: irq 18, io mem 0xfeb6e000
[    2.261094] usb usb3: New USB device found, idVendor=1d6b, idProduct=0001, bcdDevice= 5.02
[    2.264114] usb usb3: New USB device strings: Mfr=3, Product=2, SerialNumber=1
[    2.267110] usb usb3: Product: OHCI PCI host controller
[    2.270047] usb usb3: Manufacturer: Linux 5.2.0-rc7+ ohci_hcd
[    2.272959] usb usb3: SerialNumber: 0000:00:12.0
[    2.276224] hub 3-0:1.0: USB hub found
[    2.279185] hub 3-0:1.0: 4 ports detected
[    2.284439] ohci-pci 0000:00:13.0: OHCI PCI host controller
[    2.287518] ohci-pci 0000:00:13.0: new USB bus registered, assigned bus number 4
[    2.290406] ohci-pci 0000:00:13.0: irq 18, io mem 0xfeb6c000
[    2.298319] ata2: SATA link down (SStatus 0 SControl 300)
[    2.361086] usb usb4: New USB device found, idVendor=1d6b, idProduct=0001, bcdDevice= 5.02
[    2.363995] usb usb4: New USB device strings: Mfr=3, Product=2, SerialNumber=1
[    2.366873] usb usb4: Product: OHCI PCI host controller
[    2.369727] usb usb4: Manufacturer: Linux 5.2.0-rc7+ ohci_hcd
[    2.372597] usb usb4: SerialNumber: 0000:00:13.0
[    2.375828] hub 4-0:1.0: USB hub found
[    2.378667] hub 4-0:1.0: 4 ports detected
[    2.383663] uhci_hcd: USB Universal Host Controller Interface driver
[    2.386694] usbcore: registered new interface driver usblp
[    2.389867] usbcore: registered new interface driver usb-storage
[    2.392792] usbcore: registered new interface driver ch341
[    2.395566] usbserial: USB Serial support registered for ch341-uart
[    2.398721] i8042: PNP: PS/2 Controller [PNP030b:PS2K,PNP0f03:PS2M] at 0x60,0x64 irq 1,12
[    2.403354] i8042: Detected active multiplexing controller, rev 1.1
[    2.407322] serio: i8042 KBD port at 0x60,0x64 irq 1
[    2.410157] serio: i8042 AUX0 port at 0x60,0x64 irq 12
[    2.413068] serio: i8042 AUX1 port at 0x60,0x64 irq 12
[    2.415903] serio: i8042 AUX2 port at 0x60,0x64 irq 12
[    2.418621] serio: i8042 AUX3 port at 0x60,0x64 irq 12
[    2.422089] mousedev: PS/2 mouse device common for all mice
[    2.425724] rtc_cmos 00:03: RTC can wake from S4
[    2.428875] rtc_cmos 00:03: registered as rtc0
[    2.431539] rtc_cmos 00:03: alarms up to one month, y3k, 114 bytes nvram, hpet irqs
[    2.434773] device-mapper: ioctl: 4.40.0-ioctl (2019-01-18) initialised: dm-devel@redhat.com
[    2.437818] EFI Variables Facility v0.08 2004-May-17
[    2.450608] hidraw: raw HID events driver (C) Jiri Kosina
[    2.456846] usbcore: registered new interface driver usbhid
[    2.459661] usbhid: USB HID core driver
[    2.465290] input: AT Translated Set 2 keyboard as /devices/platform/i8042/serio0/input/input4
[    2.468385] ata1: SATA link up 6.0 Gbps (SStatus 133 SControl 300)
[    2.476742] snd_hda_intel 0000:00:01.1: enabling device (0000 -> 0002)
[    2.478462] ata1.00: ATA-8: KINGSTON SV300S37A120G, 603ABBF0, max UDMA/133
[    2.480948] snd_hda_intel 0000:00:01.1: Force to non-snoop mode
[    2.482492] ata1.00: 234441648 sectors, multi 1: LBA48 NCQ (depth 32), AA
[    2.492617] snd_hda_codec_generic hdaudioC0D0: autoconfig for Generic: line_outs=0 (0x0/0x0/0x0/0x0/0x0) type:line
[    2.495644] snd_hda_codec_generic hdaudioC0D0:    speaker_outs=0 (0x0/0x0/0x0/0x0/0x0)
[    2.498671] snd_hda_codec_generic hdaudioC0D0:    hp_outs=0 (0x0/0x0/0x0/0x0/0x0)
[    2.501656] snd_hda_codec_generic hdaudioC0D0:    mono: mono_out=0x0
[    2.502938] ata1.00: configured for UDMA/133
[    2.504639] snd_hda_codec_generic hdaudioC0D0:    dig-out=0x3/0x0
[    2.508035] scsi 0:0:0:0: Direct-Access     ATA      KINGSTON SV300S3 BBF0 PQ: 0 ANSI: 5
[    2.510597] snd_hda_codec_generic hdaudioC0D0:    inputs:
[    2.517458] Initializing XFRM netlink socket
[    2.517551] sd 0:0:0:0: [sda] 234441648 512-byte logical blocks: (120 GB/112 GiB)
[    2.520878] NET: Registered protocol family 10
[    2.523770] sd 0:0:0:0: [sda] Write Protect is off
[    2.529565] sd 0:0:0:0: [sda] Mode Sense: 00 3a 00 00
[    2.530334] random: fast init done
[    2.533365] sd 0:0:0:0: Attached scsi generic sg0 type 0
[    2.537546] Segment Routing with IPv6
[    2.537656] sd 0:0:0:0: [sda] Write cache: enabled, read cache: enabled, doesn't support DPO or FUA
[    2.540782] sit: IPv6, IPv4 and MPLS over IPv4 tunneling driver
[    2.549865] snd_hda_codec_realtek hdaudioC1D0: autoconfig for ALC3229: line_outs=1 (0x14/0x0/0x0/0x0/0x0) type:speaker
[    2.553189] snd_hda_codec_realtek hdaudioC1D0:    speaker_outs=0 (0x0/0x0/0x0/0x0/0x0)
[    2.556541] snd_hda_codec_realtek hdaudioC1D0:    hp_outs=1 (0x21/0x0/0x0/0x0/0x0)
[    2.559882] snd_hda_codec_realtek hdaudioC1D0:    mono: mono_out=0x0
[    2.563122] snd_hda_codec_realtek hdaudioC1D0:    inputs:
[    2.566285] snd_hda_codec_realtek hdaudioC1D0:      Mic=0x19
[    2.570426] input: HDA ATI HDMI HDMI as /devices/pci0000:00/0000:00:01.1/sound/card0/input6
[    2.574542] NET: Registered protocol family 17
[    2.578296]  sda: sda1 sda2 sda3 sda4 sda5 sda6
[    2.582150] mce: Using 6 MCE banks
[    2.585569] microcode: CPU0: patch_level=0x0700010b
[    2.589042] microcode: CPU1: patch_level=0x0700010b
[    2.592496] microcode: Microcode Update Driver: v2.2.
[    2.592539] sched_clock: Marking stable (2585220871, 1692763)->(2706896608, -119982974)
[    2.593606] sd 0:0:0:0: [sda] Attached SCSI disk
[    2.603720] registered taskstats version 1
[    2.607007] Loading compiled-in X.509 certificates
[    2.624064] input: HD-Audio Generic Headphone as /devices/pci0000:00/0000:00:14.2/sound/card1/input11
[    2.627107] rq->curr == THREAD(this messg)
[    2.627108] state TASK_RUNNING
[    2.628626] acpi_cpufreq: overriding BIOS provided _PSD data
[    2.630782] color, tsk->comm, weight, vruntime, state: -101897118318439 kworker/0:0 1048576 1906465352 0
[    2.630786] color, tsk->comm, weight, vruntime, state: 1 rcu_sched 1048576 1906465352 0
[    2.640651] color, tsk->comm, weight, vruntime, state: -101897118318439 kworker/u8:2 1048576 1914865349 0
[    2.640942] cfg80211: Loading compiled-in X.509 certificates for regulatory database
[    2.643975] color, tsk->comm, weight, vruntime, state: -101897125087592 kworker/u8:2 1048576 1914865349 0
[    2.643976] proc in rq 4
[    2.653981] rq->nr_running rq->cfs.nr_running : 5 5
[    2.660567] rq->load.weight, rq->cfs.load.weight : 5242880 5242880
[    2.660569] ----------------^^^^CPU0^^^^^-----------------------
[    2.663919] rq->curr->pid == 1610
[    2.667275] state TASK_RUNNING
[    2.670589] color, tsk->comm, weight, vruntime, state: -101897118235624 kworker/1:2 1048576 876040832 0
[    2.673838] color, tsk->comm, weight, vruntime, state: -101897127476200 cryptomgr_probe 1048576 882074152 258
[    2.675033] cfg80211: Loaded X.509 cert 'sforshee: 00b28ddf47aef9cea7'
[    2.677208] proc in rq 2
[    2.677211] rq->nr_running rq->cfs.nr_running : 3 3
[    2.680633] ALSA device list:
[    2.683908] rq->load.weight, rq->cfs.load.weight : 3145728 3145728
[    2.683909] ----------------^^^^CPU1^^^^^-----------------------
[    2.693918]   #0: HDA ATI HDMI at 0xfeb64000 irq 33
[    2.697151] rq->curr->pid == 0
[    2.697152] state TASK_RUNNING
[    2.703912]   #1: HD-Audio Generic at 0xfeb60000 irq 16
[    2.707024] proc in rq 0
[    2.707026] rq->nr_running rq->cfs.nr_running : 0 0
[    2.719495] rq->load.weight, rq->cfs.load.weight : 0 0
[    2.719497] ----------------^^^^CPU2^^^^^-----------------------
[    2.719499] rq->curr->pid == 0
[    2.719500] state TASK_RUNNING
[    2.719502] proc in rq 0
[    2.719503] rq->nr_running rq->cfs.nr_running : 0 0
[    2.719505] rq->load.weight, rq->cfs.load.weight : 0 0
[    2.719506] ----------------^^^^CPU3^^^^^-----------------------
[    2.737183] platform regulatory.0: Direct firmware load for regulatory.db failed with error -2
[    2.737187] cfg80211: failed to load regulatory.db
[    2.876927] tsc: Refined TSC clocksource calibration: 998.128 MHz
[    2.880111] clocksource: tsc: mask: 0xffffffffffffffff max_cycles: 0x1cc65d64e77, max_idle_ns: 881590512558 ns
[    2.886923] clocksource: Switched to clocksource tsc
[    2.946964] usb 4-2: new full-speed USB device number 2 using ohci-pci
[    3.220038] usb 4-2: New USB device found, idVendor=13d3, idProduct=3362, bcdDevice= 0.01
[    3.223317] usb 4-2: New USB device strings: Mfr=1, Product=2, SerialNumber=3
[    3.226596] usb 4-2: Product: Bluetooth USB Host Controller
[    3.229874] usb 4-2: Manufacturer: Atheros Communications
[    3.233071] usb 4-2: SerialNumber: Alaska Day 2006
[    3.330007] input: PS/2 Logitech Wheel Mouse as /devices/platform/i8042/serio4/input/input14
[    3.336138] md: Waiting for all devices to be available before autodetect
[    3.339379] md: If you don't use raid, use raid=noautodetect
[    3.343010] md: Autodetecting RAID arrays.
[    3.346108] md: autorun ...
[    3.349186] md: ... autorun DONE.
[    3.360675] EXT4-fs (sda2): mounted filesystem with ordered data mode. Opts: (null)
[    3.363836] VFS: Mounted root (ext4 filesystem) readonly on device 8:2.
[    3.368319] devtmpfs: mounted
[    3.372326] Freeing unused kernel image memory: 1296K
[    3.496968] usb 2-3: new high-speed USB device number 3 using ehci-pci
[    3.676934] rq->curr == THREAD(this messg)
[    3.676935] state TASK_RUNNING
[    3.679964] proc in rq 0
[    3.682934] rq->nr_running rq->cfs.nr_running : 1 1
[    3.688868] rq->load.weight, rq->cfs.load.weight : 1048576 1048576
[    3.688869] ----------------^^^^CPU0^^^^^-----------------------
[    3.691860] rq->curr->pid == 0
[    3.694845] state TASK_RUNNING
[    3.696993] Write protecting the kernel read-only data: 22528k
[    3.697797] proc in rq 0
[    3.697799] rq->nr_running rq->cfs.nr_running : 1 1
[    3.709663] rq->load.weight, rq->cfs.load.weight : 1048576 1048576
[    3.709665] ----------------^^^^CPU1^^^^^-----------------------
[    3.712707] rq->curr->pid == 0
[    3.715744] state TASK_RUNNING
[    3.716905] Freeing unused kernel image memory: 1984K
[    3.718835] proc in rq 0
[    3.718838] rq->nr_running rq->cfs.nr_running : 0 0
[    3.730914] rq->load.weight, rq->cfs.load.weight : 0 0
[    3.730916] ----------------^^^^CPU2^^^^^-----------------------
[    3.731920] Freeing unused kernel image memory: 1688K
[    3.734017] rq->curr->pid == 0
[    3.734019] state TASK_RUNNING
[    3.737238] Run /sbin/init as init process
[    3.740155] proc in rq 0
[    3.740158] rq->nr_running rq->cfs.nr_running : 0 0
[    3.754334] rq->load.weight, rq->cfs.load.weight : 0 0
[    3.754336] ----------------^^^^CPU3^^^^^-----------------------
[    3.778756] usb 2-3: New USB device found, idVendor=04f2, idProduct=b404, bcdDevice=69.63
[    3.784346] usb 2-3: New USB device strings: Mfr=3, Product=1, SerialNumber=2
[    3.787198] usb 2-3: Product: USB2.0 HD UVC WebCam
[    3.789967] usb 2-3: Manufacturer: Chicony Electronics Co.,Ltd.
[    3.792706] usb 2-3: SerialNumber: 0x0001
[    3.821350] stty (1763) used greatest stack depth: 13792 bytes left
[    3.928105] sed (1777) used greatest stack depth: 13576 bytes left
[    4.080356] ip (1821) used greatest stack depth: 12552 bytes left
[    4.176866] udevd[1851]: starting version 3.2.1
[    4.185754] random: udevd: uninitialized urandom read (16 bytes read)
[    4.189432] random: udevd: uninitialized urandom read (16 bytes read)
[    4.192916] random: udevd: uninitialized urandom read (16 bytes read)
[    4.217465] udevd[1852]: starting eudev-3.2.1
[    4.574605] ath9k 0000:01:00.0 wlp1s0: renamed from wlan0
[    4.598945] r8169 0000:02:00.0 enp2s0: renamed from eth0
[    4.627011] rq->curr->pid == 3117
[    4.627013] state TASK_RUNNING
[    4.630159] color, tsk->comm, weight, vruntime, state: -101897135904488 kworker/0:1H 90891264 3581127627 0
[    4.633245] color, tsk->comm, weight, vruntime, state: 1 udevd 1048576 3584951794 0
[    4.636515] color, tsk->comm, weight, vruntime, state: -101897135904488 udevd 1048576 3587127627 0
[    4.639773] proc in rq 3
[    4.643047] rq->nr_running rq->cfs.nr_running : 4 4
[    4.649577] rq->load.weight, rq->cfs.load.weight : 94036992 94036992
[    4.649580] ----------------^^^^CPU0^^^^^-----------------------
[    4.652862] rq->curr == THREAD(this messg)
[    4.656142] state TASK_RUNNING
[    4.659470] color, tsk->comm, weight, vruntime, state: -101897132001639 kworker/1:0 1048576 2045506702 0
[    4.662745] color, tsk->comm, weight, vruntime, state: 1 udevd 1048576 2045506702 0
[    4.666181] color, tsk->comm, weight, vruntime, state: -101897132001639 udevd 1048576 2045506702 0
[    4.669678] color, tsk->comm, weight, vruntime, state: -101897135890664 udevd 1048576 2053506700 0
[    4.673129] proc in rq 4
[    4.676519] rq->nr_running rq->cfs.nr_running : 5 5
[    4.683258] rq->load.weight, rq->cfs.load.weight : 5242880 5242880
[    4.683262] ----------------^^^^CPU1^^^^^-----------------------
[    4.686726] rq->curr->pid == 0
[    4.690228] state TASK_RUNNING
[    4.693677] proc in rq 0
[    4.697140] rq->nr_running rq->cfs.nr_running : 0 0
[    4.704029] rq->load.weight, rq->cfs.load.weight : 0 0
[    4.704032] ----------------^^^^CPU2^^^^^-----------------------
[    4.707492] rq->curr->pid == 0
[    4.710885] state TASK_RUNNING
[    4.714226] proc in rq 0
[    4.717530] rq->nr_running rq->cfs.nr_running : 0 0
[    4.724042] rq->load.weight, rq->cfs.load.weight : 0 0
[    4.724045] ----------------^^^^CPU3^^^^^-----------------------
[    4.745132] [drm] radeon kernel modesetting enabled.
[    4.774043] radeon 0000:00:01.0: remove_conflicting_pci_framebuffers: bar 0: 0xc0000000 -> 0xcfffffff
[    4.777099] radeon 0000:00:01.0: remove_conflicting_pci_framebuffers: bar 2: 0xd0000000 -> 0xd07fffff
[    4.779959] radeon 0000:00:01.0: remove_conflicting_pci_framebuffers: bar 5: 0xfeb00000 -> 0xfeb3ffff
[    4.794732] checking generic (c0000000 420000) vs hw (c0000000 10000000)
[    4.794738] fb0: switching to radeondrmfb from EFI VGA
[    4.810246] Console: switching to colour dummy device 80x25
[    4.811161] radeon 0000:00:01.0: vgaarb: deactivate vga console
[    4.813640] [drm] initializing kernel modesetting (KABINI 0x1002:0x9839 0x1043:0x141D 0x00).
[    4.813719] [drm] doorbell mmio base: 0xD0000000
[    4.813727] [drm] doorbell mmio size: 8388608
[    4.813762] ATOM BIOS: AMD
[    4.813837] [drm] Changing default dispclk from 400Mhz to 600Mhz
[    4.813878] radeon 0000:00:01.0: VRAM: 512M 0x0000000000000000 - 0x000000001FFFFFFF (512M used)
[    4.813893] radeon 0000:00:01.0: GTT: 2048M 0x0000000020000000 - 0x000000009FFFFFFF
[    4.813914] [drm] Detected VRAM RAM=512M, BAR=256M
[    4.813922] [drm] RAM width 128bits DDR
[    4.822251] [TTM] Zone  kernel: Available graphics memory: 1729514 KiB
[    4.822269] [TTM] Initializing pool allocator
[    4.822287] [TTM] Initializing DMA pool allocator
[    4.822354] [drm] radeon: 512M of VRAM memory ready
[    4.822364] [drm] radeon: 2048M of GTT memory ready.
[    4.822401] [drm] Loading kabini Microcode
[    4.836750] [drm] Internal thermal controller without fan control
[    4.838171] [drm] radeon: dpm initialized
[    4.840159] [drm] Found UVD firmware Version: 1.64 Family ID: 9
[    4.845791] [drm] Found VCE firmware/feedback version 40.2.2 / 15!
[    4.845833] [drm] GART: num cpu pages 524288, num gpu pages 524288
[    4.986345] [drm] PCIE GART of 2048M enabled (table at 0x000000000030E000).
[    4.986630] radeon 0000:00:01.0: WB enabled
[    4.986686] radeon 0000:00:01.0: fence driver on ring 0 use gpu addr 0x0000000020000c00 and cpu addr 0x(____ptrval____)
[    4.986704] radeon 0000:00:01.0: fence driver on ring 1 use gpu addr 0x0000000020000c04 and cpu addr 0x(____ptrval____)
[    4.986719] radeon 0000:00:01.0: fence driver on ring 2 use gpu addr 0x0000000020000c08 and cpu addr 0x(____ptrval____)
[    4.986735] radeon 0000:00:01.0: fence driver on ring 3 use gpu addr 0x0000000020000c0c and cpu addr 0x(____ptrval____)
[    4.986749] radeon 0000:00:01.0: fence driver on ring 4 use gpu addr 0x0000000020000c10 and cpu addr 0x(____ptrval____)
[    4.987734] radeon 0000:00:01.0: fence driver on ring 5 use gpu addr 0x0000000000078d30 and cpu addr 0x(____ptrval____)
[    4.988176] radeon 0000:00:01.0: fence driver on ring 6 use gpu addr 0x0000000020000c18 and cpu addr 0x(____ptrval____)
[    4.988193] radeon 0000:00:01.0: fence driver on ring 7 use gpu addr 0x0000000020000c1c and cpu addr 0x(____ptrval____)
[    4.988207] [drm] Supports vblank timestamp caching Rev 2 (21.10.2013).
[    4.988214] [drm] Driver supports precise vblank timestamp query.
[    4.988326] radeon 0000:00:01.0: radeon: using MSI.
[    4.988389] [drm] radeon: irq initialized.
[    4.992266] [drm] ring test on 0 succeeded in 4 usecs
[    4.992377] [drm] ring test on 1 succeeded in 4 usecs
[    4.992416] [drm] ring test on 2 succeeded in 4 usecs
[    4.992737] [drm] ring test on 3 succeeded in 6 usecs
[    4.992755] [drm] ring test on 4 succeeded in 5 usecs
[    5.139737] [drm] ring test on 5 succeeded in 2 usecs
[    5.175192] [drm] UVD initialized successfully.
[    5.313921] [drm] ring test on 6 succeeded in 20 usecs
[    5.313952] [drm] ring test on 7 succeeded in 3 usecs
[    5.313960] [drm] VCE initialized successfully.
[    5.315807] [drm] ib test on ring 0 succeeded in 0 usecs
[    5.316085] [drm] ib test on ring 1 succeeded in 0 usecs
[    5.316357] [drm] ib test on ring 2 succeeded in 0 usecs
[    5.316634] [drm] ib test on ring 3 succeeded in 0 usecs
[    5.316906] [drm] ib test on ring 4 succeeded in 0 usecs
[    5.646932] rq->curr == idle (init_task)
[    5.646935] state TASK_RUNNING
[    5.646952] proc in rq 0
[    5.646960] rq->nr_running rq->cfs.nr_running : 0 0
[    5.646971] rq->load.weight, rq->cfs.load.weight : 0 0
[    5.646972] ----------------^^^^CPU0^^^^^-----------------------
[    5.646979] rq->curr == THREAD(this messg)
[    5.646986] state TASK_RUNNING
[    5.646992] proc in rq 0
[    5.646998] rq->nr_running rq->cfs.nr_running : 1 1
[    5.647008] rq->load.weight, rq->cfs.load.weight : 1048576 1048576
[    5.647009] ----------------^^^^CPU1^^^^^-----------------------
[    5.647017] rq->curr->pid == 0
[    5.647024] state TASK_RUNNING
[    5.647029] proc in rq 0
[    5.647036] rq->nr_running rq->cfs.nr_running : 0 0
[    5.647045] rq->load.weight, rq->cfs.load.weight : 0 0
[    5.647047] ----------------^^^^CPU2^^^^^-----------------------
[    5.647054] rq->curr->pid == 0
[    5.647061] state TASK_RUNNING
[    5.647066] proc in rq 0
[    5.647072] rq->nr_running rq->cfs.nr_running : 0 0
[    5.647082] rq->load.weight, rq->cfs.load.weight : 0 0
[    5.647084] ----------------^^^^CPU3^^^^^-----------------------
[    5.847115] [drm] ib test on ring 5 succeeded
[    5.868364] [drm] ib test on ring 6 succeeded
[    5.869368] [drm] ib test on ring 7 succeeded
[    5.917729] [drm] radeon atom DIG backlight initialized
[    5.917753] [drm] Radeon Display Connectors
[    5.917760] [drm] Connector 0:
[    5.917766] [drm]   LVDS-1
[    5.917772] [drm]   HPD1
[    5.917781] [drm]   DDC: 0x6530 0x6530 0x6534 0x6534 0x6538 0x6538 0x653c 0x653c
[    5.917790] [drm]   Encoders:
[    5.917796] [drm]     LCD1: INTERNAL_UNIPHY
[    5.917803] [drm] Connector 1:
[    5.917808] [drm]   HDMI-A-1
[    5.917814] [drm]   HPD2
[    5.917821] [drm]   DDC: 0x6540 0x6540 0x6544 0x6544 0x6548 0x6548 0x654c 0x654c
[    5.917830] [drm]   Encoders:
[    5.917835] [drm]     DFP1: INTERNAL_UNIPHY
[    5.917841] [drm] Connector 2:
[    5.917847] [drm]   VGA-1
[    5.917855] [drm]   DDC: 0x65c0 0x65c0 0x65c4 0x65c4 0x65c8 0x65c8 0x65cc 0x65cc
[    5.917863] [drm]   Encoders:
[    5.917869] [drm]     CRT1: INTERNAL_KLDSCP_DAC1
[    6.636929] rq->curr == idle (init_task)
[    6.636930] state TASK_RUNNING
[    6.636940] proc in rq 0
[    6.636947] rq->nr_running rq->cfs.nr_running : 0 0
[    6.636957] rq->load.weight, rq->cfs.load.weight : 0 0
[    6.636959] ----------------^^^^CPU0^^^^^-----------------------
[    6.636966] rq->curr == THREAD(this messg)
[    6.636972] state TASK_RUNNING
[    6.636978] proc in rq 0
[    6.636984] rq->nr_running rq->cfs.nr_running : 1 1
[    6.636995] rq->load.weight, rq->cfs.load.weight : 1048576 1048576
[    6.636996] ----------------^^^^CPU1^^^^^-----------------------
[    6.637004] rq->curr->pid == 0
[    6.637010] state TASK_RUNNING
[    6.637016] proc in rq 0
[    6.637022] rq->nr_running rq->cfs.nr_running : 0 0
[    6.637032] rq->load.weight, rq->cfs.load.weight : 0 0
[    6.637034] ----------------^^^^CPU2^^^^^-----------------------
[    6.637041] rq->curr->pid == 0
[    6.637047] state TASK_RUNNING
[    6.637053] proc in rq 0
[    6.637059] rq->nr_running rq->cfs.nr_running : 0 0
[    6.637069] rq->load.weight, rq->cfs.load.weight : 0 0
[    6.637070] ----------------^^^^CPU3^^^^^-----------------------
[    6.999088] [drm] fb mappable at 0xC0722000
[    6.999104] [drm] vram apper at 0xC0000000
[    6.999110] [drm] size 4325376
[    6.999116] [drm] fb depth is 24
[    6.999122] [drm]    pitch is 5632
[    6.999513] fbcon: radeondrmfb (fb0) is primary device
[    7.107167] Console: switching to colour frame buffer device 170x48
[    7.117523] radeon 0000:00:01.0: fb0: radeondrmfb frame buffer device
[    7.355093] [drm] Initialized radeon 2.50.0 20080528 for 0000:00:01.0 on minor 0
[    7.441399] Adding 3608572k swap on /dev/sda4.  Priority:1 extents:1 across:3608572k SS
[    7.494422] EXT4-fs (sda2): re-mounted. Opts: (null)
[    7.603849] EXT4-fs (sda2): re-mounted. Opts: (null)
[    7.687859] rq->curr->pid == 3267
[    7.687862] state TASK_RUNNING
[    7.687940] proc in rq 0
[    7.687992] rq->nr_running rq->cfs.nr_running : 1 1
[    7.688110] rq->load.weight, rq->cfs.load.weight : 1048576 1048576
[    7.688112] ----------------^^^^CPU0^^^^^-----------------------
[    7.688208] rq->curr == THREAD(this messg)
[    7.688301] state TASK_RUNNING
[    7.688366] proc in rq 0
[    7.688419] rq->nr_running rq->cfs.nr_running : 1 1
[    7.691898] rq->load.weight, rq->cfs.load.weight : 1048576 1048576
[    7.691902] ----------------^^^^CPU1^^^^^-----------------------
[    7.695363] rq->curr->pid == 0
[    7.698877] state TASK_RUNNING
[    7.702326] proc in rq 0
[    7.705741] rq->nr_running rq->cfs.nr_running : 0 0
[    7.712572] rq->load.weight, rq->cfs.load.weight : 0 0
[    7.712575] ----------------^^^^CPU2^^^^^-----------------------
[    7.712578] rq->curr->pid == 0
[    7.712580] state TASK_RUNNING
[    7.712581] proc in rq 0
[    7.712583] rq->nr_running rq->cfs.nr_running : 0 0
[    7.712585] rq->load.weight, rq->cfs.load.weight : 0 0
[    7.712586] ----------------^^^^CPU3^^^^^-----------------------
[    8.626968] rq->curr->pid == 3337
[    8.630562] state TASK_RUNNING
[    8.634151] color, tsk->comm, weight, vruntime, state: 1 echo 1048576 5091246188 0
[    8.634153] proc in rq 1
[    8.634156] rq->nr_running rq->cfs.nr_running : 1 1
[    8.634158] rq->load.weight, rq->cfs.load.weight : 1048576 1048576
[    8.634159] ----------------^^^^CPU0^^^^^-----------------------
[    8.634161] rq->curr == THREAD(this messg)
[    8.634163] state TASK_RUNNING
[    8.634164] proc in rq 0
[    8.634166] rq->nr_running rq->cfs.nr_running : 1 1
[    8.634168] rq->load.weight, rq->cfs.load.weight : 1048576 1048576
[    8.634169] ----------------^^^^CPU1^^^^^-----------------------
[    8.634171] rq->curr->pid == 0
[    8.634172] state TASK_RUNNING
[    8.634174] proc in rq 0
[    8.634176] rq->nr_running rq->cfs.nr_running : 0 0
[    8.634177] rq->load.weight, rq->cfs.load.weight : 0 0
[    8.634179] ----------------^^^^CPU2^^^^^-----------------------
[    8.634180] rq->curr->pid == 0
[    8.634181] state TASK_RUNNING
[    8.634183] proc in rq 0
[    8.634185] rq->nr_running rq->cfs.nr_running : 0 0
[    8.634186] rq->load.weight, rq->cfs.load.weight : 0 0
[    8.634188] ----------------^^^^CPU3^^^^^-----------------------
[    9.666997] rq->curr->pid == 3453
[    9.670031] state TASK_RUNNING
[    9.673111] color, tsk->comm, weight, vruntime, state: -101897125946471 syslogd 1048576 6410525449 0
[    9.676171] color, tsk->comm, weight, vruntime, state: -101897136214887 syslogd 1048576 6410657658 0
[    9.679417] color, tsk->comm, weight, vruntime, state: 1 syslogd 1048576 6410858737 0
[    9.682546] color, tsk->comm, weight, vruntime, state: -101897132249959 syslogd 1048576 6411172579 0
[    9.685615] color, tsk->comm, weight, vruntime, state: 1 syslogd 1048576 6411683857 0
[    9.688763] color, tsk->comm, weight, vruntime, state: -101897127483111 syslogd 1048576 6412856793 128
[    9.691922] proc in rq 6
[    9.695133] rq->nr_running rq->cfs.nr_running : 7 7
[    9.701335] rq->load.weight, rq->cfs.load.weight : 7340032 7340032
[    9.701339] ----------------^^^^CPU0^^^^^-----------------------
[    9.704432] rq->curr == THREAD(this messg)
[    9.707635] state TASK_RUNNING
[    9.710838] color, tsk->comm, weight, vruntime, state: -101897122014312 rcu_sched 1048576 6901382750 0
[    9.714003] color, tsk->comm, weight, vruntime, state: -101897121993575 S10sysklogd 1048576 6907382750 0
[    9.717318] color, tsk->comm, weight, vruntime, state: -101897125949927 syslogd 1048576 6907859070 0
[    9.720579] color, tsk->comm, weight, vruntime, state: -101897121993575 syslogd 1048576 6908216591 0
[    9.723898] color, tsk->comm, weight, vruntime, state: 1 syslogd 1048576 6908664271 0
[    9.727230] color, tsk->comm, weight, vruntime, state: -101897132263783 syslogd 1048576 6908882744 0
[    9.730436] color, tsk->comm, weight, vruntime, state: -101897132270696 syslogd 1048576 6908882745 0
[    9.733655] color, tsk->comm, weight, vruntime, state: -101897125091047 syslogd 1048576 6908882746 0
[    9.736841] color, tsk->comm, weight, vruntime, state: -101897132263783 syslogd 1048576 6908882747 0
[    9.740006] color, tsk->comm, weight, vruntime, state: -101897125949928 syslogd 1048576 6908882747 0
[    9.743049] color, tsk->comm, weight, vruntime, state: -101897136242535 syslogd 1048576 6908882748 0
[    9.746043] color, tsk->comm, weight, vruntime, state: -101897132260328 syslogd 1048576 6908882748 0
[    9.749006] color, tsk->comm, weight, vruntime, state: -101897136242535 syslogd 1048576 6908882748 0
[    9.751905] color, tsk->comm, weight, vruntime, state: -101897125091047 syslogd 1048576 6908882748 0
[    9.754773] color, tsk->comm, weight, vruntime, state: -101897129311207 syslogd 1048576 6908882749 0
[    9.757636] color, tsk->comm, weight, vruntime, state: -101897132260328 syslogd 1048576 6909073889 0
[    9.760445] color, tsk->comm, weight, vruntime, state: -101897129311207 syslogd 1048576 6909727994 0
[    9.763220] color, tsk->comm, weight, vruntime, state: -101897129304296 syslogd 1048576 6910358664 0
[    9.765957] proc in rq 18
[    9.768712] rq->nr_running rq->cfs.nr_running : 19 19
[    9.774095] rq->load.weight, rq->cfs.load.weight : 19922944 19922944
[    9.774099] ----------------^^^^CPU1^^^^^-----------------------
[    9.776868] rq->curr->pid == 0
[    9.779672] state TASK_RUNNING
[    9.782438] proc in rq 0
[    9.785184] rq->nr_running rq->cfs.nr_running : 0 0
[    9.790681] rq->load.weight, rq->cfs.load.weight : 0 0
[    9.790684] ----------------^^^^CPU2^^^^^-----------------------
[    9.793451] rq->curr->pid == 0
[    9.796249] state TASK_RUNNING
[    9.799111] proc in rq 0
[    9.801878] rq->nr_running rq->cfs.nr_running : 0 0
[    9.807388] rq->load.weight, rq->cfs.load.weight : 0 0
[    9.807391] ----------------^^^^CPU3^^^^^-----------------------
[   10.339521] urandom_read: 6 callbacks suppressed
[   10.339527] random: wpa_supplicant: uninitialized urandom read (32 bytes read)
[   10.646936] rq->curr == THREAD(this messg)
[   10.646938] state TASK_RUNNING
[   10.649725] proc in rq 0
[   10.652527] rq->nr_running rq->cfs.nr_running : 1 1
[   10.658071] rq->load.weight, rq->cfs.load.weight : 1048576 1048576
[   10.658073] ----------------^^^^CPU0^^^^^-----------------------
[   10.660871] rq->curr->pid == 3429
[   10.663737] state TASK_RUNNING
[   10.666486] proc in rq 0
[   10.669247] rq->nr_running rq->cfs.nr_running : 0 0
[   10.674726] rq->load.weight, rq->cfs.load.weight : 0 0
[   10.674729] ----------------^^^^CPU1^^^^^-----------------------
[   10.677550] rq->curr->pid == 0
[   10.680315] state TASK_RUNNING
[   10.683074] proc in rq 0
[   10.685842] rq->nr_running rq->cfs.nr_running : 0 0
[   10.691474] rq->load.weight, rq->cfs.load.weight : 0 0
[   10.691476] ----------------^^^^CPU2^^^^^-----------------------
[   10.694354] rq->curr->pid == 0
[   10.697310] state TASK_RUNNING
[   10.700267] proc in rq 0
[   10.703233] rq->nr_running rq->cfs.nr_running : 0 0
[   10.709250] rq->load.weight, rq->cfs.load.weight : 0 0
[   10.709252] ----------------^^^^CPU3^^^^^-----------------------
[   11.676936] rq->curr == THREAD(this messg)
[   11.677903] wlp1s0: authenticate with 64:66:b3:cd:9a:3a
[   11.680090] state TASK_RUNNING
[   11.680093] proc in rq 0
[   11.689308] rq->nr_running rq->cfs.nr_running : 1 1
[   11.695355] rq->load.weight, rq->cfs.load.weight : 1048576 1048576
[   11.695359] ----------------^^^^CPU0^^^^^-----------------------
[   11.698470] rq->curr->pid == 4426
[   11.701568] state TASK_RUNNING
[   11.704702] color, tsk->comm, weight, vruntime, state: 1 syslogd 1048576 7446258184 0
[   11.707823] color, tsk->comm, weight, vruntime, state: 1 wpa_supplicant 1048576 7449403782 0
[   11.710976] proc in rq 2
[   11.714148] rq->nr_running rq->cfs.nr_running : 3 3
[   11.715405] wlp1s0: send auth to 64:66:b3:cd:9a:3a (try 1/3)
[   11.717329] rq->load.weight, rq->cfs.load.weight : 3145728 3145728
[   11.717331] ----------------^^^^CPU1^^^^^-----------------------
[   11.723599] wlp1s0: authenticated
[   11.723779] rq->curr->pid == 0
[   11.723782] state TASK_RUNNING
[   11.736730] proc in rq 0
[   11.739827] rq->nr_running rq->cfs.nr_running : 0 0
[   11.745788] rq->load.weight, rq->cfs.load.weight : 0 0
[   11.745791] ----------------^^^^CPU2^^^^^-----------------------
[   11.746989] wlp1s0: associate with 64:66:b3:cd:9a:3a (try 1/3)
[   11.748727] rq->curr->pid == 0
[   11.748728] state TASK_RUNNING
[   11.756190] wlp1s0: RX AssocResp from 64:66:b3:cd:9a:3a (capab=0x431 status=0 aid=1)
[   11.757542] proc in rq 0
[   11.757545] rq->nr_running rq->cfs.nr_running : 0 0
[   11.757549] rq->load.weight, rq->cfs.load.weight : 0 0
[   11.757551] ----------------^^^^CPU3^^^^^-----------------------
[   11.760765] wlp1s0: associated
[   12.037100] IPv6: ADDRCONF(NETDEV_CHANGE): wlp1s0: link becomes ready
[   12.122895] udevd (3117) used greatest stack depth: 11784 bytes left
[   12.636996] rq->curr == idle (init_task)
[   12.636999] state TASK_RUNNING
[   12.640041] proc in rq 0
[   12.643005] rq->nr_running rq->cfs.nr_running : 0 0
[   12.648992] rq->load.weight, rq->cfs.load.weight : 0 0
[   12.648994] ----------------^^^^CPU0^^^^^-----------------------
[   12.652021] rq->curr == THREAD(this messg)
[   12.655115] state TASK_RUNNING
[   12.658195] proc in rq 0
[   12.661231] rq->nr_running rq->cfs.nr_running : 1 1
[   12.667248] rq->load.weight, rq->cfs.load.weight : 1048576 1048576
[   12.667250] ----------------^^^^CPU1^^^^^-----------------------
[   12.670357] rq->curr->pid == 0
[   12.673434] state TASK_RUNNING
[   12.676468] proc in rq 0
[   12.679485] rq->nr_running rq->cfs.nr_running : 0 0
[   12.685483] rq->load.weight, rq->cfs.load.weight : 0 0
[   12.685487] ----------------^^^^CPU2^^^^^-----------------------
[   12.688524] rq->curr->pid == 0
[   12.691594] state TASK_RUNNING
[   12.694590] proc in rq 0
[   12.697565] rq->nr_running rq->cfs.nr_running : 0 0
[   12.703484] rq->load.weight, rq->cfs.load.weight : 0 0
[   12.703487] ----------------^^^^CPU3^^^^^-----------------------
[   13.736928] rq->curr == idle (init_task)
[   13.739899] state TASK_RUNNING
[   13.742790] proc in rq 0
[   13.745706] rq->nr_running rq->cfs.nr_running : 0 0
[   13.751442] rq->load.weight, rq->cfs.load.weight : 0 0
[   13.751446] ----------------^^^^CPU0^^^^^-----------------------
[   13.754295] rq->curr == THREAD(this messg)
[   13.757167] state TASK_RUNNING
[   13.760065] color, tsk->comm, weight, vruntime, state: 1 kworker/1:0 1048576 9219396304 0
[   13.762919] proc in rq 1
[   13.765905] rq->nr_running rq->cfs.nr_running : 2 2
[   13.771915] rq->load.weight, rq->cfs.load.weight : 2097152 2097152
[   13.771919] ----------------^^^^CPU1^^^^^-----------------------
[   13.774932] rq->curr->pid == 0
[   13.777957] state TASK_RUNNING
[   13.780959] proc in rq 0
[   13.783920] rq->nr_running rq->cfs.nr_running : 0 0
[   13.789714] rq->load.weight, rq->cfs.load.weight : 0 0
[   13.789716] ----------------^^^^CPU2^^^^^-----------------------
[   13.792659] rq->curr->pid == 0
[   13.795585] state TASK_RUNNING
[   13.798494] proc in rq 0
[   13.801380] rq->nr_running rq->cfs.nr_running : 0 0
[   13.806980] rq->load.weight, rq->cfs.load.weight : 0 0
[   13.806982] ----------------^^^^CPU3^^^^^-----------------------
[   14.636932] rq->curr == idle (init_task)
[   14.639767] state TASK_RUNNING
[   14.642588] proc in rq 0
[   14.645387] rq->nr_running rq->cfs.nr_running : 0 0
[   14.651027] rq->load.weight, rq->cfs.load.weight : 0 0
[   14.651031] ----------------^^^^CPU0^^^^^-----------------------
[   14.653825] rq->curr == THREAD(this messg)
[   14.656636] state TASK_RUNNING
[   14.659506] color, tsk->comm, weight, vruntime, state: 1 kworker/1:0 1048576 10110073891 0
[   14.662359] proc in rq 1
[   14.665282] rq->nr_running rq->cfs.nr_running : 2 2
[   14.671108] rq->load.weight, rq->cfs.load.weight : 2097152 2097152
[   14.671111] ----------------^^^^CPU1^^^^^-----------------------
[   14.674045] rq->curr->pid == 0
[   14.677100] state TASK_RUNNING
[   14.680086] proc in rq 0
[   14.683012] rq->nr_running rq->cfs.nr_running : 0 0
[   14.688807] rq->load.weight, rq->cfs.load.weight : 0 0
[   14.688809] ----------------^^^^CPU2^^^^^-----------------------
[   14.691784] rq->curr->pid == 0
[   14.694770] state TASK_RUNNING
[   14.697747] proc in rq 0
[   14.700716] rq->nr_running rq->cfs.nr_running : 0 0
[   14.706486] rq->load.weight, rq->cfs.load.weight : 0 0
[   14.706488] ----------------^^^^CPU3^^^^^-----------------------
[   15.746927] rq->curr == idle (init_task)
[   15.749903] state TASK_RUNNING
[   15.752846] proc in rq 0
[   15.755765] rq->nr_running rq->cfs.nr_running : 0 0
[   15.761606] rq->load.weight, rq->cfs.load.weight : 0 0
[   15.761609] ----------------^^^^CPU0^^^^^-----------------------
[   15.764538] rq->curr == THREAD(this messg)
[   15.767458] state TASK_RUNNING
[   15.770347] proc in rq 0
[   15.773164] rq->nr_running rq->cfs.nr_running : 1 1
[   15.778739] rq->load.weight, rq->cfs.load.weight : 1048576 1048576
[   15.778741] ----------------^^^^CPU1^^^^^-----------------------
[   15.781599] rq->curr->pid == 0
[   15.784449] state TASK_RUNNING
[   15.787318] proc in rq 0
[   15.790187] rq->nr_running rq->cfs.nr_running : 0 0
[   15.795882] rq->load.weight, rq->cfs.load.weight : 0 0
[   15.795884] ----------------^^^^CPU2^^^^^-----------------------
[   15.798700] rq->curr->pid == 0
[   15.801584] state TASK_RUNNING
[   15.804440] proc in rq 0
[   15.807286] rq->nr_running rq->cfs.nr_running : 0 0
[   15.812946] rq->load.weight, rq->cfs.load.weight : 0 0
[   15.812949] ----------------^^^^CPU3^^^^^-----------------------
[   16.636982] rq->curr->pid == 5
[   16.639831] state TASK_RUNNING
[   16.642659] proc in rq 0
[   16.645466] rq->nr_running rq->cfs.nr_running : 0 0
[   16.651106] rq->load.weight, rq->cfs.load.weight : 0 0
[   16.651110] ----------------^^^^CPU0^^^^^-----------------------
[   16.653913] rq->curr == THREAD(this messg)
[   16.656734] state TASK_RUNNING
[   16.659541] color, tsk->comm, weight, vruntime, state: 1 kworker/1:0 1048576 12121017348 0
[   16.662288] proc in rq 1
[   16.665118] rq->nr_running rq->cfs.nr_running : 2 2
[   16.670738] rq->load.weight, rq->cfs.load.weight : 2097152 2097152
[   16.670741] ----------------^^^^CPU1^^^^^-----------------------
[   16.673544] rq->curr->pid == 0
[   16.676375] state TASK_RUNNING
[   16.679232] proc in rq 0
[   16.682094] rq->nr_running rq->cfs.nr_running : 0 0
[   16.687708] rq->load.weight, rq->cfs.load.weight : 0 0
[   16.687710] ----------------^^^^CPU2^^^^^-----------------------
[   16.690546] rq->curr->pid == 0
[   16.693385] state TASK_RUNNING
[   16.696218] proc in rq 0
[   16.699057] rq->nr_running rq->cfs.nr_running : 0 0
[   16.704713] rq->load.weight, rq->cfs.load.weight : 0 0
[   16.704716] ----------------^^^^CPU3^^^^^-----------------------
[   17.627943] rq->curr->pid == 4842
[   17.628059] state TASK_RUNNING
[   17.628115] proc in rq 0
[   17.628166] rq->nr_running rq->cfs.nr_running : 1 1
[   17.628283] rq->load.weight, rq->cfs.load.weight : 1048576 1048576
[   17.628284] ----------------^^^^CPU0^^^^^-----------------------
[   17.628380] rq->curr == THREAD(this messg)
[   17.628472] state TASK_RUNNING
[   17.628541] color, tsk->comm, weight, vruntime, state: 1 kworker/1:0 1048576 13085608359 0
[   17.628591] proc in rq 1
[   17.628717] rq->nr_running rq->cfs.nr_running : 2 2
[   17.628834] rq->load.weight, rq->cfs.load.weight : 2097152 2097152
[   17.628836] ----------------^^^^CPU1^^^^^-----------------------
[   17.628931] rq->curr->pid == 0
[   17.629023] state TASK_RUNNING
[   17.629073] proc in rq 0
[   17.629123] rq->nr_running rq->cfs.nr_running : 0 0
[   17.629239] rq->load.weight, rq->cfs.load.weight : 0 0
[   17.629241] ----------------^^^^CPU2^^^^^-----------------------
[   17.629321] rq->curr->pid == 0
[   17.629415] state TASK_RUNNING
[   17.629466] proc in rq 0
[   17.629516] rq->nr_running rq->cfs.nr_running : 0 0
[   17.629634] rq->load.weight, rq->cfs.load.weight : 0 0
[   17.629635] ----------------^^^^CPU3^^^^^-----------------------
[   18.636970] rq->curr == idle (init_task)
[   18.636983] state TASK_RUNNING
[   18.636987] proc in rq 0
[   18.636991] rq->nr_running rq->cfs.nr_running : 1 1
[   18.636996] rq->load.weight, rq->cfs.load.weight : 1048576 1048576
[   18.636997] ----------------^^^^CPU0^^^^^-----------------------
[   18.637001] rq->curr == THREAD(this messg)
[   18.637003] state TASK_RUNNING
[   18.637006] proc in rq 0
[   18.637009] rq->nr_running rq->cfs.nr_running : 1 1
[   18.637014] rq->load.weight, rq->cfs.load.weight : 1048576 1048576
[   18.637015] ----------------^^^^CPU1^^^^^-----------------------
[   18.637018] rq->curr->pid == 0
[   18.637021] state TASK_RUNNING
[   18.637024] proc in rq 0
[   18.637027] rq->nr_running rq->cfs.nr_running : 0 0
[   18.637031] rq->load.weight, rq->cfs.load.weight : 0 0
[   18.637032] ----------------^^^^CPU2^^^^^-----------------------
[   18.637036] rq->curr->pid == 0
[   18.637038] state TASK_RUNNING
[   18.637041] proc in rq 0
[   18.637044] rq->nr_running rq->cfs.nr_running : 0 0
[   18.637048] rq->load.weight, rq->cfs.load.weight : 0 0
[   18.637049] ----------------^^^^CPU3^^^^^-----------------------
[   19.696928] rq->curr == idle (init_task)
[   19.696937] state TASK_RUNNING
[   19.696941] proc in rq 0
[   19.696945] rq->nr_running rq->cfs.nr_running : 0 0
[   19.696949] rq->load.weight, rq->cfs.load.weight : 0 0
[   19.696951] ----------------^^^^CPU0^^^^^-----------------------
[   19.696954] rq->curr == THREAD(this messg)
[   19.696957] state TASK_RUNNING
[   19.696959] proc in rq 0
[   19.696963] rq->nr_running rq->cfs.nr_running : 1 1
[   19.696967] rq->load.weight, rq->cfs.load.weight : 1048576 1048576
[   19.696969] ----------------^^^^CPU1^^^^^-----------------------
[   19.696972] rq->curr->pid == 0
[   19.696975] state TASK_RUNNING
[   19.696978] proc in rq 0
[   19.696981] rq->nr_running rq->cfs.nr_running : 0 0
[   19.696985] rq->load.weight, rq->cfs.load.weight : 0 0
[   19.696987] ----------------^^^^CPU2^^^^^-----------------------
[   19.696990] rq->curr->pid == 0
[   19.696992] state TASK_RUNNING
[   19.696995] proc in rq 0
[   19.696998] rq->nr_running rq->cfs.nr_running : 0 0
[   19.697002] rq->load.weight, rq->cfs.load.weight : 0 0
[   19.697004] ----------------^^^^CPU3^^^^^-----------------------
[   20.636979] rq->curr->pid == 5
[   20.636988] state TASK_RUNNING
[   20.636992] proc in rq 0
[   20.636996] rq->nr_running rq->cfs.nr_running : 1 1
[   20.637001] rq->load.weight, rq->cfs.load.weight : 1307648 1307648
[   20.637002] ----------------^^^^CPU0^^^^^-----------------------
[   20.637005] rq->curr == THREAD(this messg)
[   20.637007] state TASK_RUNNING
[   20.637010] proc in rq 0
[   20.637014] rq->nr_running rq->cfs.nr_running : 1 1
[   20.637018] rq->load.weight, rq->cfs.load.weight : 1048576 1048576
[   20.637020] ----------------^^^^CPU1^^^^^-----------------------
[   20.637023] rq->curr->pid == 0
[   20.637026] state TASK_RUNNING
[   20.637028] proc in rq 0
[   20.637032] rq->nr_running rq->cfs.nr_running : 0 0
[   20.637036] rq->load.weight, rq->cfs.load.weight : 0 0
[   20.637037] ----------------^^^^CPU2^^^^^-----------------------
[   20.637040] rq->curr->pid == 0
[   20.637043] state TASK_RUNNING
[   20.637046] proc in rq 0
[   20.637049] rq->nr_running rq->cfs.nr_running : 0 0
[   20.637053] rq->load.weight, rq->cfs.load.weight : 0 0
[   20.637054] ----------------^^^^CPU3^^^^^-----------------------
[   25.478594] random: crng init done
