[    0.000000] Linux version 5.0.0+ (root@(none)) (gcc version 9.0.1 20190313 (experimental) (GCC)) #32 SMP Thu Mar 14 17:34:42 +05 2019
[    0.000000] Command line: BOOT_IMAGE=/boot/bzImage root=/dev/sda2 ro
[    0.000000] x86/fpu: Supporting XSAVE feature 0x001: 'x87 floating point registers'
[    0.000000] x86/fpu: Supporting XSAVE feature 0x002: 'SSE registers'
[    0.000000] x86/fpu: Supporting XSAVE feature 0x004: 'AVX registers'
[    0.000000] x86/fpu: xstate_offset[2]:  576, xstate_sizes[2]:  256
[    0.000000] x86/fpu: Enabled xstate features 0x7, context size is 832 bytes, using 'standard' format.
[    0.000000] BIOS-provided physical RAM map:
[    0.000000] BIOS-e820: [mem 0x0000000000000000-0x000000000009ffff] usable
[    0.000000] BIOS-e820: [mem 0x0000000000100000-0x000000009d0f7fff] usable
[    0.000000] BIOS-e820: [mem 0x000000009d0f8000-0x000000009d127fff] reserved
[    0.000000] BIOS-e820: [mem 0x000000009d128000-0x000000009d370fff] usable
[    0.000000] BIOS-e820: [mem 0x000000009d371000-0x000000009dc56fff] ACPI NVS
[    0.000000] BIOS-e820: [mem 0x000000009dc57000-0x000000009e959fff] reserved
[    0.000000] BIOS-e820: [mem 0x000000009e95a000-0x000000009e9cafff] type 20
[    0.000000] BIOS-e820: [mem 0x000000009e9cb000-0x000000009e9cbfff] usable
[    0.000000] BIOS-e820: [mem 0x000000009e9cc000-0x000000009e9d3fff] ACPI NVS
[    0.000000] BIOS-e820: [mem 0x000000009e9d4000-0x000000009eb24fff] usable
[    0.000000] BIOS-e820: [mem 0x000000009eb25000-0x000000009f041fff] reserved
[    0.000000] BIOS-e820: [mem 0x000000009f042000-0x000000009f080fff] usable
[    0.000000] BIOS-e820: [mem 0x000000009f081000-0x000000009f3f1fff] reserved
[    0.000000] BIOS-e820: [mem 0x000000009f3f2000-0x000000009f3fffff] usable
[    0.000000] BIOS-e820: [mem 0x00000000fec00000-0x00000000fec01fff] reserved
[    0.000000] BIOS-e820: [mem 0x00000000fec10000-0x00000000fec10fff] reserved
[    0.000000] BIOS-e820: [mem 0x00000000fed00000-0x00000000fed00fff] reserved
[    0.000000] BIOS-e820: [mem 0x00000000fed80000-0x00000000fed8ffff] reserved
[    0.000000] BIOS-e820: [mem 0x00000000ff000000-0x00000000ffffffff] reserved
[    0.000000] BIOS-e820: [mem 0x0000000100001000-0x000000013effffff] usable
[    0.000000] NX (Execute Disable) protection: active
[    0.000000] efi: EFI v2.31 by American Megatrends
[    0.000000] efi:  ACPI=0x9d3f3000  ACPI 2.0=0x9d3f3000  SMBIOS=0x9e958998 
[    0.000000] SMBIOS 2.7 present.
[    0.000000] DMI: ASUSTeK COMPUTER INC. X102BA/X102BA, BIOS X102BA.212 08/30/2013
[    0.000000] tsc: Fast TSC calibration using PIT
[    0.000000] tsc: Detected 998.028 MHz processor
[    0.000217] e820: update [mem 0x00000000-0x00000fff] usable ==> reserved
[    0.000222] e820: remove [mem 0x000a0000-0x000fffff] usable
[    0.000248] last_pfn = 0x13f000 max_arch_pfn = 0x400000000
[    0.000259] MTRR default type: uncachable
[    0.000260] MTRR fixed ranges enabled:
[    0.000263]   00000-9FFFF write-back
[    0.000266]   A0000-BFFFF write-through
[    0.000269]   C0000-DFFFF uncachable
[    0.000272]   E0000-FFFFF write-protect
[    0.000273] MTRR variable ranges enabled:
[    0.000277]   0 base 0000000000 mask FF80000000 write-back
[    0.000281]   1 base 0080000000 mask FFE0000000 write-back
[    0.000284]   2 base 009F400000 mask FFFFC00000 uncachable
[    0.000287]   3 base 009F800000 mask FFFF800000 uncachable
[    0.000288]   4 disabled
[    0.000289]   5 disabled
[    0.000290]   6 disabled
[    0.000291]   7 disabled
[    0.000294] TOM2: 000000013f000000 aka 5104M
[    0.000817] x86/PAT: Configuration [0-7]: WB  WC  UC- UC  WB  WP  UC- WT  
[    0.001087] e820: update [mem 0x9f400000-0xffffffff] usable ==> reserved
[    0.001101] last_pfn = 0x9f400 max_arch_pfn = 0x400000000
[    0.014248] check: Scanning 1 areas for low memory corruption
[    0.014259] Base memory trampoline at [(____ptrval____)] 99000 size 24576
[    0.014266] Using GB pages for direct mapping
[    0.014272] BRK [0x0de01000, 0x0de01fff] PGTABLE
[    0.014278] BRK [0x0de02000, 0x0de02fff] PGTABLE
[    0.014282] BRK [0x0de03000, 0x0de03fff] PGTABLE
[    0.014344] BRK [0x0de04000, 0x0de04fff] PGTABLE
[    0.014352] BRK [0x0de05000, 0x0de05fff] PGTABLE
[    0.014414] BRK [0x0de06000, 0x0de06fff] PGTABLE
[    0.014976] BRK [0x0de07000, 0x0de07fff] PGTABLE
[    0.015134] BRK [0x0de08000, 0x0de08fff] PGTABLE
[    0.015256] BRK [0x0de09000, 0x0de09fff] PGTABLE
[    0.015433] BRK [0x0de0a000, 0x0de0afff] PGTABLE
[    0.015656] BRK [0x0de0b000, 0x0de0bfff] PGTABLE
[    0.015776] Secure boot could not be determined
[    0.015791] ACPI: Early table checksum verification disabled
[    0.015800] ACPI: RSDP 0x000000009D3F3000 000024 (v02 _ASUS_)
[    0.015811] ACPI: XSDT 0x000000009D3F3088 000094 (v01 _ASUS_ Notebook 01072009 AMI  00010013)
[    0.015829] ACPI: FACP 0x000000009D400748 00010C (v05 _ASUS_ Notebook 01072009 AMI  00010013)
[    0.015845] ACPI BIOS Warning (bug): Optional FADT field Pm2ControlBlock has valid Length but zero Address: 0x0000000000000000/0x1 (20190215/tbfadt-615)
[    0.015859] ACPI: DSDT 0x000000009D3F31A8 00D59D (v02 _ASUS_ Notebook 00000000 INTL 20091112)
[    0.015871] ACPI: FACS 0x000000009DC4B080 000040
[    0.015880] ACPI: APIC 0x000000009D400858 00007E (v03 _ASUS_ Notebook 01072009 AMI  00010013)
[    0.015890] ACPI: FPDT 0x000000009D4008D8 000044 (v01 _ASUS_ Notebook 01072009 AMI  00010013)
[    0.015901] ACPI: ECDT 0x000000009D400920 0000C1 (v01 _ASUS_ Notebook 01072009 AMI. 00000005)
[    0.015911] ACPI: MCFG 0x000000009D4009E8 00003C (v01 _ASUS_ Notebook 01072009 MSFT 00010013)
[    0.015921] ACPI: HPET 0x000000009D400A28 000038 (v01 _ASUS_ Notebook 01072009 AMI  00000005)
[    0.015931] ACPI: VFCT 0x000000009D400A60 004684 (v01 _ASUS_ Notebook 00000001 AMD  31504F47)
[    0.015942] ACPI: BGRT 0x000000009D4050E8 000038 (v00 _ASUS_ Notebook 01072009 ASUS 00010013)
[    0.015952] ACPI: SSDT 0x000000009D405120 0005E0 (v01 AMD    AGESA    00000001 AMD  00000001)
[    0.015962] ACPI: SSDT 0x000000009D405700 0046D1 (v02 AMD    AGESA    00000002 MSFT 04000000)
[    0.015972] ACPI: CRAT 0x000000009D409DD8 000228 (v01 AMD    AGESA    00000001 AMD  00000001)
[    0.015982] ACPI: SSDT 0x000000009D40A000 001411 (v01 AMD    CPMDFIGP 00000001 INTL 20051117)
[    0.015992] ACPI: SSDT 0x000000009D40B418 0010E8 (v01 AMD    CPMCMN   00000001 INTL 20051117)
[    0.016002] ACPI: MSDM 0x000000009D127F98 000055 (v03 _ASUS_ Notebook 00000000 ASUS 00000001)
[    0.016031] ACPI: Local APIC address 0xfee00000
[    0.016442] No NUMA configuration found
[    0.016447] Faking a node at [mem 0x0000000000000000-0x000000013effffff]
[    0.016460] NODE_DATA(0) allocated [mem 0x13effa000-0x13effdfff]
[    0.016512] Zone ranges:
[    0.016516]   DMA      [mem 0x0000000000001000-0x0000000000ffffff]
[    0.016521]   DMA32    [mem 0x0000000001000000-0x00000000ffffffff]
[    0.016525]   Normal   [mem 0x0000000100000000-0x000000013effffff]
[    0.016529] Movable zone start for each node
[    0.016532] Early memory node ranges
[    0.016536]   node   0: [mem 0x0000000000001000-0x000000000009ffff]
[    0.016539]   node   0: [mem 0x0000000000100000-0x000000009d0f7fff]
[    0.016542]   node   0: [mem 0x000000009d128000-0x000000009d370fff]
[    0.016545]   node   0: [mem 0x000000009e9cb000-0x000000009e9cbfff]
[    0.016548]   node   0: [mem 0x000000009e9d4000-0x000000009eb24fff]
[    0.016551]   node   0: [mem 0x000000009f042000-0x000000009f080fff]
[    0.016554]   node   0: [mem 0x000000009f3f2000-0x000000009f3fffff]
[    0.016557]   node   0: [mem 0x0000000100001000-0x000000013effffff]
[    0.017392] Zeroed struct page in unavailable ranges: 11138 pages
[    0.017398] Initmem setup node 0 [mem 0x0000000000001000-0x000000013effffff]
[    0.017407] On node 0 totalpages: 902270
[    0.017409]   DMA zone: 64 pages used for memmap
[    0.017411]   DMA zone: 23 pages reserved
[    0.017414]   DMA zone: 3999 pages, LIFO batch:0
[    0.017812]   DMA32 zone: 10004 pages used for memmap
[    0.017814]   DMA32 zone: 640224 pages, LIFO batch:63
[    0.086373]   Normal zone: 4032 pages used for memmap
[    0.086380]   Normal zone: 258047 pages, LIFO batch:63
[    0.110968] ACPI: PM-Timer IO Port: 0x808
[    0.110980] ACPI: Local APIC address 0xfee00000
[    0.110996] ACPI: LAPIC_NMI (acpi_id[0xff] high edge lint[0x1])
[    0.111012] IOAPIC[0]: apic_id 3, version 33, address 0xfec00000, GSI 0-23
[    0.111022] IOAPIC[1]: apic_id 4, version 33, address 0xfec01000, GSI 24-55
[    0.111029] ACPI: INT_SRC_OVR (bus 0 bus_irq 0 global_irq 2 dfl dfl)
[    0.111035] ACPI: INT_SRC_OVR (bus 0 bus_irq 9 global_irq 9 low level)
[    0.111039] ACPI: IRQ0 used by override.
[    0.111042] ACPI: IRQ9 used by override.
[    0.111046] Using ACPI (MADT) for SMP configuration information
[    0.111051] ACPI: HPET id: 0x10228210 base: 0xfed00000
[    0.111066] smpboot: Allowing 4 CPUs, 2 hotplug CPUs
[    0.111138] PM: Registered nosave memory: [mem 0x00000000-0x00000fff]
[    0.111146] PM: Registered nosave memory: [mem 0x000a0000-0x000fffff]
[    0.111153] PM: Registered nosave memory: [mem 0x9d0f8000-0x9d127fff]
[    0.111160] PM: Registered nosave memory: [mem 0x9d371000-0x9dc56fff]
[    0.111164] PM: Registered nosave memory: [mem 0x9dc57000-0x9e959fff]
[    0.111167] PM: Registered nosave memory: [mem 0x9e95a000-0x9e9cafff]
[    0.111173] PM: Registered nosave memory: [mem 0x9e9cc000-0x9e9d3fff]
[    0.111180] PM: Registered nosave memory: [mem 0x9eb25000-0x9f041fff]
[    0.111187] PM: Registered nosave memory: [mem 0x9f081000-0x9f3f1fff]
[    0.111194] PM: Registered nosave memory: [mem 0x9f400000-0xfebfffff]
[    0.111197] PM: Registered nosave memory: [mem 0xfec00000-0xfec01fff]
[    0.111200] PM: Registered nosave memory: [mem 0xfec02000-0xfec0ffff]
[    0.111203] PM: Registered nosave memory: [mem 0xfec10000-0xfec10fff]
[    0.111206] PM: Registered nosave memory: [mem 0xfec11000-0xfecfffff]
[    0.111209] PM: Registered nosave memory: [mem 0xfed00000-0xfed00fff]
[    0.111212] PM: Registered nosave memory: [mem 0xfed01000-0xfed7ffff]
[    0.111215] PM: Registered nosave memory: [mem 0xfed80000-0xfed8ffff]
[    0.111218] PM: Registered nosave memory: [mem 0xfed90000-0xfeffffff]
[    0.111221] PM: Registered nosave memory: [mem 0xff000000-0xffffffff]
[    0.111224] PM: Registered nosave memory: [mem 0x100000000-0x100000fff]
[    0.111231] [mem 0x9f400000-0xfebfffff] available for PCI devices
[    0.111243] clocksource: refined-jiffies: mask: 0xffffffff max_cycles: 0xffffffff, max_idle_ns: 19112604462750000 ns
[    0.595212] random: get_random_bytes called from start_kernel+0x8b/0x48f with crng_init=0
[    0.595247] setup_percpu: NR_CPUS:64 nr_cpumask_bits:64 nr_cpu_ids:4 nr_node_ids:1
[    0.596351] percpu: Embedded 43 pages/cpu @(____ptrval____) s137240 r8192 d30696 u524288
[    0.596388] pcpu-alloc: s137240 r8192 d30696 u524288 alloc=1*2097152
[    0.596391] pcpu-alloc: [0] 0 1 2 3 
[    0.596466] Built 1 zonelists, mobility grouping on.  Total pages: 888147
[    0.596470] Policy zone: Normal
[    0.596476] Kernel command line: BOOT_IMAGE=/boot/bzImage root=/dev/sda2 ro
[    0.660878] Memory: 3432296K/3609080K available (14357K kernel code, 1434K rwdata, 4400K rodata, 1260K init, 928K bss, 176784K reserved, 0K cma-reserved)
[    0.661100] SLUB: HWalign=64, Order=0-3, MinObjects=0, CPUs=4, Nodes=1
[    0.661327] rcu: Hierarchical RCU implementation.
[    0.661332] rcu: 	RCU event tracing is enabled.
[    0.661335] rcu: 	RCU restricting CPUs from NR_CPUS=64 to nr_cpu_ids=4.
[    0.661340] rcu: RCU calculated value of scheduler-enlistment delay is 10 jiffies.
[    0.661344] rcu: Adjusting geometry for rcu_fanout_leaf=16, nr_cpu_ids=4
[    0.661932] NR_IRQS: 4352, nr_irqs: 1000, preallocated irqs: 16
[    0.662501] Console: colour dummy device 80x25
[    0.663172] printk: console [tty0] enabled
[    0.663221] ACPI: Core revision 20190215
[    0.664010] clocksource: hpet: mask: 0xffffffff max_cycles: 0xffffffff, max_idle_ns: 133484873504 ns
[    0.664040] hpet clockevent registered
[    0.664050] APIC: Switch to symmetric I/O mode setup
[    0.664915] ..TIMER: vector=0x30 apic1=0 pin1=2 apic2=-1 pin2=-1
[    0.714057] clocksource: tsc-early: mask: 0xffffffffffffffff max_cycles: 0x1cc5a067edc, max_idle_ns: 881590431857 ns
[    0.714073] Calibrating delay loop (skipped), value calculated using timer frequency.. 1996.05 BogoMIPS (lpj=9980280)
[    0.714088] pid_max: default: 32768 minimum: 301
[    0.716608] LSM: Security Framework initializing
[    0.716644] SELinux:  Initializing.
[    0.716680] *** VALIDATE SELinux ***
[    0.718914] Dentry cache hash table entries: 524288 (order: 10, 4194304 bytes)
[    0.720088] Inode-cache hash table entries: 262144 (order: 9, 2097152 bytes)
[    0.720189] Mount-cache hash table entries: 8192 (order: 4, 65536 bytes)
[    0.720235] Mountpoint-cache hash table entries: 8192 (order: 4, 65536 bytes)
[    0.720624] *** VALIDATE proc ***
[    0.720716] *** VALIDATE cgroup1 ***
[    0.720726] *** VALIDATE cgroup2 ***
[    0.720785] mce: CPU supports 6 MCE banks
[    0.720816] LVT offset 1 assigned for vector 0xf9
[    0.720832] Last level iTLB entries: 4KB 512, 2MB 8, 4MB 4
[    0.720839] Last level dTLB entries: 4KB 512, 2MB 256, 4MB 128, 1GB 0
[    0.720849] Spectre V2 : Mitigation: Full AMD retpoline
[    0.720855] Spectre V2 : Spectre v2 / SpectreRSB mitigation: Filling RSB on context switch
[    0.720867] Speculative Store Bypass: Mitigation: Speculative Store Bypass disabled via prctl and seccomp
[    0.721451] Freeing SMP alternatives memory: 40K
[    0.734070] smpboot: CPU0: AMD A4-1200 APU with Radeon(TM) HD Graphics (family: 0x16, model: 0x0, stepping: 0x1)
[    0.734070] Performance Events: AMD PMU driver.
[    0.734070] ... version:                0
[    0.734070] ... bit width:              48
[    0.734070] ... generic registers:      4
[    0.734070] ... value mask:             0000ffffffffffff
[    0.734070] ... max period:             00007fffffffffff
[    0.734070] ... fixed-purpose events:   0
[    0.734070] ... event mask:             000000000000000f
[    0.734070] rcu: Hierarchical SRCU implementation.
[    0.734070] MCE: In-kernel MCE decoding enabled.
[    0.734070] smp: Bringing up secondary CPUs ...
[    0.734070] x86: Booting SMP configuration:
[    0.734070] .... node  #0, CPUs:      #1
[    0.734070] smp: Brought up 1 node, 2 CPUs
[    0.734070] smpboot: Max logical packages: 2
[    0.734070] smpboot: Total of 2 processors activated (3992.11 BogoMIPS)
[    0.734070] devtmpfs: initialized
[    0.734070] PM: Registering ACPI NVS region [mem 0x9d371000-0x9dc56fff] (9330688 bytes)
[    0.734070] PM: Registering ACPI NVS region [mem 0x9e9cc000-0x9e9d3fff] (32768 bytes)
[    0.734070] clocksource: jiffies: mask: 0xffffffff max_cycles: 0xffffffff, max_idle_ns: 19112604462750000 ns
[    0.734070] futex hash table entries: 1024 (order: 4, 65536 bytes)
[    0.734070] NET: Registered protocol family 16
[    0.734070] audit: initializing netlink subsys (disabled)
[    0.734070] audit: type=2000 audit(1552722322.060:1): state=initialized audit_enabled=0 res=1
[    0.734070] cpuidle: using governor ladder
[    0.734070] cpuidle: using governor menu
[    0.734070] kworker/u8:1 (34) used greatest stack depth: 14608 bytes left
[    0.734070] ACPI FADT declares the system doesn't support PCIe ASPM, so disable it
[    0.734070] ACPI: bus type PCI registered
[    0.734070] PCI: MMCONFIG for domain 0000 [bus 00-ff] at [mem 0xe0000000-0xefffffff] (base 0xe0000000)
[    0.734070] PCI: not using MMCONFIG
[    0.734070] PCI: Using configuration type 1 for base access
[    0.734070] PCI: Using configuration type 1 for extended access
[    0.744788] kworker/u8:0 (250) used greatest stack depth: 14144 bytes left
[    0.772858] HugeTLB registered 2.00 MiB page size, pre-allocated 0 pages
[    0.772858] ACPI: Added _OSI(Module Device)
[    0.772858] ACPI: Added _OSI(Processor Device)
[    0.772858] ACPI: Added _OSI(3.0 _SCP Extensions)
[    0.772858] ACPI: Added _OSI(Processor Aggregator Device)
[    0.772858] ACPI: Added _OSI(Linux-Dell-Video)
[    0.772858] ACPI: Added _OSI(Linux-Lenovo-NV-HDMI-Audio)
[    0.772858] ACPI: Added _OSI(Linux-HPI-Hybrid-Graphics)
[    0.814516] ACPI: 5 ACPI AML tables successfully acquired and loaded
[    0.818060] ACPI: EC: EC started
[    0.818070] ACPI: EC: interrupt blocked
[    0.820429] ACPI: \: Used as first EC
[    0.820441] ACPI: \: GPE=0x3, EC_CMD/EC_SC=0x66, EC_DATA=0x62
[    0.820449] ACPI: EC: Boot ECDT EC used to handle transactions
[    0.826004] ACPI: [Firmware Bug]: BIOS _OSI(Linux) query ignored
[    0.830926] ACPI: Interpreter enabled
[    0.831014] ACPI: (supports S0 S3 S4 S5)
[    0.831025] ACPI: Using IOAPIC for interrupt routing
[    0.831144] PCI: MMCONFIG for domain 0000 [bus 00-ff] at [mem 0xe0000000-0xefffffff] (base 0xe0000000)
[    0.831322] PCI: MMCONFIG at [mem 0xe0000000-0xefffffff] reserved in ACPI motherboard resources
[    0.831406] PCI: Using host bridge windows from ACPI; if necessary, use "pci=nocrs" and report a bug
[    0.832217] ACPI: Enabled 3 GPEs in block 00 to 1F
[    0.854166] ACPI: PCI Root Bridge [PCI0] (domain 0000 [bus 00-ff])
[    0.854200] acpi PNP0A08:00: _OSC: OS supports [ExtendedConfig ASPM ClockPM Segments MSI]
[    0.854874] acpi PNP0A08:00: _OSC: platform does not support [LTR]
[    0.855506] acpi PNP0A08:00: _OSC: OS now controls [PME AER PCIeCapability]
[    0.855519] acpi PNP0A08:00: FADT indicates ASPM is unsupported, using BIOS configuration
[    0.856134] PCI host bridge to bus 0000:00
[    0.856149] pci_bus 0000:00: root bus resource [io  0x0000-0x03af window]
[    0.856160] pci_bus 0000:00: root bus resource [io  0x03e0-0x0cf7 window]
[    0.856171] pci_bus 0000:00: root bus resource [io  0x03b0-0x03df window]
[    0.856182] pci_bus 0000:00: root bus resource [io  0x0d00-0xffff window]
[    0.856193] pci_bus 0000:00: root bus resource [mem 0x000a0000-0x000bffff window]
[    0.856205] pci_bus 0000:00: root bus resource [mem 0x000c0000-0x000dffff window]
[    0.856217] pci_bus 0000:00: root bus resource [mem 0xc0000000-0xffffffff window]
[    0.856229] pci_bus 0000:00: root bus resource [bus 00-ff]
[    0.856257] pci 0000:00:00.0: [1022:1536] type 00 class 0x060000
[    0.856547] pci 0000:00:01.0: [1002:9839] type 00 class 0x030000
[    0.856580] pci 0000:00:01.0: reg 0x10: [mem 0xc0000000-0xcfffffff 64bit pref]
[    0.856596] pci 0000:00:01.0: reg 0x18: [mem 0xd0000000-0xd07fffff 64bit pref]
[    0.856608] pci 0000:00:01.0: reg 0x20: [io  0xf000-0xf0ff]
[    0.856620] pci 0000:00:01.0: reg 0x24: [mem 0xfeb00000-0xfeb3ffff]
[    0.856632] pci 0000:00:01.0: reg 0x30: [mem 0xfeb40000-0xfeb5ffff pref]
[    0.856641] pci 0000:00:01.0: enabling Extended Tags
[    0.856674] pci 0000:00:01.0: BAR 0: assigned to efifb
[    0.856731] pci 0000:00:01.0: supports D1 D2
[    0.856736] pci 0000:00:01.0: PME# supported from D1 D2 D3hot
[    0.856969] pci 0000:00:01.1: [1002:9840] type 00 class 0x040300
[    0.856997] pci 0000:00:01.1: reg 0x10: [mem 0xfeb64000-0xfeb67fff 64bit]
[    0.857030] pci 0000:00:01.1: enabling Extended Tags
[    0.857101] pci 0000:00:01.1: supports D1 D2
[    0.857298] pci 0000:00:02.0: [1022:1538] type 00 class 0x060000
[    0.857536] pci 0000:00:02.2: [1022:1439] type 01 class 0x060400
[    0.857598] pci 0000:00:02.2: enabling Extended Tags
[    0.857682] pci 0000:00:02.2: PME# supported from D0 D3hot D3cold
[    0.857920] pci 0000:00:02.3: [1022:1439] type 01 class 0x060400
[    0.857982] pci 0000:00:02.3: enabling Extended Tags
[    0.858063] pci 0000:00:02.3: PME# supported from D0 D3hot D3cold
[    0.858323] pci 0000:00:10.0: [1022:7814] type 00 class 0x0c0330
[    0.858360] pci 0000:00:10.0: reg 0x10: [mem 0xfeb68000-0xfeb69fff 64bit]
[    0.858494] pci 0000:00:10.0: PME# supported from D0 D3hot D3cold
[    0.858735] pci 0000:00:11.0: [1022:7801] type 00 class 0x010601
[    0.858765] pci 0000:00:11.0: reg 0x10: [io  0xf140-0xf147]
[    0.858778] pci 0000:00:11.0: reg 0x14: [io  0xf130-0xf133]
[    0.858791] pci 0000:00:11.0: reg 0x18: [io  0xf120-0xf127]
[    0.858803] pci 0000:00:11.0: reg 0x1c: [io  0xf110-0xf113]
[    0.858816] pci 0000:00:11.0: reg 0x20: [io  0xf100-0xf10f]
[    0.858829] pci 0000:00:11.0: reg 0x24: [mem 0xfeb6f000-0xfeb6f3ff]
[    0.858900] pci 0000:00:11.0: PME# supported from D3hot
[    0.859110] pci 0000:00:12.0: [1022:7807] type 00 class 0x0c0310
[    0.859132] pci 0000:00:12.0: reg 0x10: [mem 0xfeb6e000-0xfeb6efff]
[    0.859391] pci 0000:00:12.2: [1022:7808] type 00 class 0x0c0320
[    0.859419] pci 0000:00:12.2: reg 0x10: [mem 0xfeb6d000-0xfeb6d0ff]
[    0.859518] pci 0000:00:12.2: supports D1 D2
[    0.859522] pci 0000:00:12.2: PME# supported from D0 D1 D2 D3hot D3cold
[    0.859734] pci 0000:00:13.0: [1022:7807] type 00 class 0x0c0310
[    0.859756] pci 0000:00:13.0: reg 0x10: [mem 0xfeb6c000-0xfeb6cfff]
[    0.860015] pci 0000:00:13.2: [1022:7808] type 00 class 0x0c0320
[    0.860042] pci 0000:00:13.2: reg 0x10: [mem 0xfeb6b000-0xfeb6b0ff]
[    0.860141] pci 0000:00:13.2: supports D1 D2
[    0.860145] pci 0000:00:13.2: PME# supported from D0 D1 D2 D3hot D3cold
[    0.860355] pci 0000:00:14.0: [1022:780b] type 00 class 0x0c0500
[    0.860613] pci 0000:00:14.2: [1022:780d] type 00 class 0x040300
[    0.860644] pci 0000:00:14.2: reg 0x10: [mem 0xfeb60000-0xfeb63fff 64bit]
[    0.860729] pci 0000:00:14.2: PME# supported from D0 D3hot D3cold
[    0.860936] pci 0000:00:14.3: [1022:780e] type 00 class 0x060100
[    0.861218] pci 0000:00:14.7: [1022:7813] type 00 class 0x080501
[    0.861244] pci 0000:00:14.7: reg 0x10: [mem 0xfeb6a000-0xfeb6a0ff 64bit]
[    0.861466] pci 0000:00:18.0: [1022:1530] type 00 class 0x060000
[    0.861680] pci 0000:00:18.1: [1022:1531] type 00 class 0x060000
[    0.861893] pci 0000:00:18.2: [1022:1532] type 00 class 0x060000
[    0.862101] pci 0000:00:18.3: [1022:1533] type 00 class 0x060000
[    0.862317] pci 0000:00:18.4: [1022:1534] type 00 class 0x060000
[    0.862523] pci 0000:00:18.5: [1022:1535] type 00 class 0x060000
[    0.862879] pci 0000:01:00.0: [168c:0032] type 00 class 0x028000
[    0.862936] pci 0000:01:00.0: reg 0x10: [mem 0xfea00000-0xfea7ffff 64bit]
[    0.863000] pci 0000:01:00.0: reg 0x30: [mem 0xfea80000-0xfea8ffff pref]
[    0.863135] pci 0000:01:00.0: supports D1 D2
[    0.863139] pci 0000:01:00.0: PME# supported from D0 D1 D2 D3hot D3cold
[    0.863402] pci 0000:00:02.2: PCI bridge to [bus 01]
[    0.863423] pci 0000:00:02.2:   bridge window [mem 0xfea00000-0xfeafffff]
[    0.863563] pci 0000:02:00.0: [10ec:8136] type 00 class 0x020000
[    0.863613] pci 0000:02:00.0: reg 0x10: [io  0xe000-0xe0ff]
[    0.863652] pci 0000:02:00.0: reg 0x18: [mem 0xd0804000-0xd0804fff 64bit pref]
[    0.863679] pci 0000:02:00.0: reg 0x20: [mem 0xd0800000-0xd0803fff 64bit pref]
[    0.863838] pci 0000:02:00.0: supports D1 D2
[    0.863842] pci 0000:02:00.0: PME# supported from D0 D1 D2 D3hot D3cold
[    0.864151] pci 0000:00:02.3: PCI bridge to [bus 02]
[    0.864170] pci 0000:00:02.3:   bridge window [io  0xe000-0xefff]
[    0.864182] pci 0000:00:02.3:   bridge window [mem 0xd0800000-0xd08fffff 64bit pref]
[    0.865813] ACPI: PCI Interrupt Link [LNKA] (IRQs 4 7 10 11 14 15) *0
[    0.866063] ACPI: PCI Interrupt Link [LNKB] (IRQs 4 7 10 11 14 15) *0
[    0.866316] ACPI: PCI Interrupt Link [LNKC] (IRQs 4 7 10 11 14 15) *0
[    0.866563] ACPI: PCI Interrupt Link [LNKD] (IRQs 4 7 10 11 14 15) *0
[    0.866774] ACPI: PCI Interrupt Link [LNKE] (IRQs 4 7 10 11 14 15) *0
[    0.866946] ACPI: PCI Interrupt Link [LNKF] (IRQs 4 7 10 11 14 15) *0
[    0.867118] ACPI: PCI Interrupt Link [LNKG] (IRQs 4 7 10 11 14 15) *0
[    0.867289] ACPI: PCI Interrupt Link [LNKH] (IRQs 4 7 10 11 14 15) *0
[    0.868370] ACPI: EC: interrupt unblocked
[    0.868393] ACPI: EC: event unblocked
[    0.868410] ACPI: \_SB_.PCI0.SBRG.EC0_: GPE=0x3, EC_CMD/EC_SC=0x66, EC_DATA=0x62
[    0.868423] ACPI: \_SB_.PCI0.SBRG.EC0_: Boot DSDT EC used to handle transactions and events
[    0.868730] pci 0000:00:01.0: vgaarb: setting as boot VGA device
[    0.868746] pci 0000:00:01.0: vgaarb: VGA device added: decodes=io+mem,owns=io+mem,locks=none
[    0.868772] pci 0000:00:01.0: vgaarb: bridge control possible
[    0.868780] vgaarb: loaded
[    0.869076] SCSI subsystem initialized
[    0.869276] libata version 3.00 loaded.
[    0.869367] ACPI: bus type USB registered
[    0.869443] usbcore: registered new interface driver usbfs
[    0.869482] usbcore: registered new interface driver hub
[    0.869540] usbcore: registered new device driver usb
[    0.869614] pps_core: LinuxPPS API ver. 1 registered
[    0.869623] pps_core: Software ver. 5.3.6 - Copyright 2005-2007 Rodolfo Giometti <giometti@linux.it>
[    0.869650] PTP clock support registered
[    0.870058] EDAC MC: Ver: 3.0.0
[    0.870290] Registered efivars operations
[    0.874267] Advanced Linux Sound Architecture Driver Initialized.
[    0.874359] PCI: Using ACPI for IRQ routing
[    0.884316] PCI: pci_cache_line_size set to 64 bytes
[    0.884331] e820: reserve RAM buffer [mem 0x9d0f8000-0x9fffffff]
[    0.884331] e820: reserve RAM buffer [mem 0x9d371000-0x9fffffff]
[    0.884331] e820: reserve RAM buffer [mem 0x9e9cc000-0x9fffffff]
[    0.884331] e820: reserve RAM buffer [mem 0x9eb25000-0x9fffffff]
[    0.884331] e820: reserve RAM buffer [mem 0x9f081000-0x9fffffff]
[    0.884331] e820: reserve RAM buffer [mem 0x9f400000-0x9fffffff]
[    0.884331] e820: reserve RAM buffer [mem 0x13f000000-0x13fffffff]
[    0.884334] NetLabel: Initializing
[    0.884334] NetLabel:  domain hash size = 128
[    0.884334] NetLabel:  protocols = UNLABELED CIPSOv4 CALIPSO
[    0.884334] NetLabel:  unlabeled traffic allowed by default
[    0.884334] hpet0: at MMIO 0xfed00000, IRQs 2, 8, 0
[    0.884334] hpet0: 3 comparators, 32-bit 14.318180 MHz counter
[    0.884334] clocksource: Switched to clocksource tsc-early
[    0.931039] VFS: Disk quotas dquot_6.6.0
[    0.931106] VFS: Dquot-cache hash table entries: 512 (order 0, 4096 bytes)
[    0.931188] *** VALIDATE hugetlbfs ***
[    0.931296] pnp: PnP ACPI init
[    0.931711] system 00:00: [mem 0xe0000000-0xefffffff] has been reserved
[    0.931747] system 00:00: Plug and Play ACPI device, IDs PNP0c01 (active)
[    0.931965] system 00:01: [mem 0xa0000000-0xbfffffff] has been reserved
[    0.931997] system 00:01: Plug and Play ACPI device, IDs PNP0c02 (active)
[    0.932182] system 00:02: Plug and Play ACPI device, IDs PNP0c02 (active)
[    0.932279] pnp 00:03: Plug and Play ACPI device, IDs PNP0b00 (active)
[    0.932476] system 00:04: [io  0x04d0-0x04d1] has been reserved
[    0.932508] system 00:04: Plug and Play ACPI device, IDs PNP0c02 (active)
[    0.932727] pnp 00:05: Plug and Play ACPI device, IDs ETD0108 SYN0a00 SYN0002 PNP0f03 PNP0f13 PNP0f12 (active)
[    0.932866] pnp 00:06: Plug and Play ACPI device, IDs ATK3001 PNP030b (active)
[    0.933689] system 00:07: [io  0x04d0-0x04d1] has been reserved
[    0.933702] system 00:07: [io  0x040b] has been reserved
[    0.933713] system 00:07: [io  0x04d6] has been reserved
[    0.933723] system 00:07: [io  0x0c00-0x0c01] has been reserved
[    0.933733] system 00:07: [io  0x0c14] has been reserved
[    0.933743] system 00:07: [io  0x0c50-0x0c51] has been reserved
[    0.933754] system 00:07: [io  0x0c52] has been reserved
[    0.933763] system 00:07: [io  0x0c6c] has been reserved
[    0.933773] system 00:07: [io  0x0c6f] has been reserved
[    0.933783] system 00:07: [io  0x0cd0-0x0cd1] has been reserved
[    0.933793] system 00:07: [io  0x0cd2-0x0cd3] has been reserved
[    0.933803] system 00:07: [io  0x0cd4-0x0cd5] has been reserved
[    0.933813] system 00:07: [io  0x0cd6-0x0cd7] has been reserved
[    0.933823] system 00:07: [io  0x0cd8-0x0cdf] has been reserved
[    0.933833] system 00:07: [io  0x0800-0x089f] has been reserved
[    0.933843] system 00:07: [io  0x0900-0x090f] has been reserved
[    0.933853] system 00:07: [io  0x0910-0x091f] has been reserved
[    0.933864] system 00:07: [io  0xfe00-0xfefe] has been reserved
[    0.933877] system 00:07: [mem 0xfec00000-0xfec00fff] could not be reserved
[    0.933888] system 00:07: [mem 0xfee00000-0xfee00fff] has been reserved
[    0.933899] system 00:07: [mem 0xfed80000-0xfed8ffff] has been reserved
[    0.933910] system 00:07: [mem 0xfed61000-0xfed70fff] has been reserved
[    0.933921] system 00:07: [mem 0xfec10000-0xfec10fff] has been reserved
[    0.933933] system 00:07: [mem 0xfed00000-0xfed00fff] could not be reserved
[    0.933944] system 00:07: [mem 0xff000000-0xffffffff] has been reserved
[    0.933970] system 00:07: Plug and Play ACPI device, IDs PNP0c02 (active)
[    0.934852] pnp: PnP ACPI: found 8 devices
[    0.944904] clocksource: acpi_pm: mask: 0xffffff max_cycles: 0xffffff, max_idle_ns: 2085701024 ns
[    0.944970] pci 0000:00:02.2: PCI bridge to [bus 01]
[    0.944990] pci 0000:00:02.2:   bridge window [mem 0xfea00000-0xfeafffff]
[    0.945008] pci 0000:00:02.3: PCI bridge to [bus 02]
[    0.945021] pci 0000:00:02.3:   bridge window [io  0xe000-0xefff]
[    0.945037] pci 0000:00:02.3:   bridge window [mem 0xd0800000-0xd08fffff 64bit pref]
[    0.945060] pci_bus 0000:00: resource 4 [io  0x0000-0x03af window]
[    0.945065] pci_bus 0000:00: resource 5 [io  0x03e0-0x0cf7 window]
[    0.945070] pci_bus 0000:00: resource 6 [io  0x03b0-0x03df window]
[    0.945074] pci_bus 0000:00: resource 7 [io  0x0d00-0xffff window]
[    0.945079] pci_bus 0000:00: resource 8 [mem 0x000a0000-0x000bffff window]
[    0.945083] pci_bus 0000:00: resource 9 [mem 0x000c0000-0x000dffff window]
[    0.945088] pci_bus 0000:00: resource 10 [mem 0xc0000000-0xffffffff window]
[    0.945093] pci_bus 0000:01: resource 1 [mem 0xfea00000-0xfeafffff]
[    0.945098] pci_bus 0000:02: resource 0 [io  0xe000-0xefff]
[    0.945102] pci_bus 0000:02: resource 2 [mem 0xd0800000-0xd08fffff 64bit pref]
[    0.945374] NET: Registered protocol family 2
[    0.945900] tcp_listen_portaddr_hash hash table entries: 2048 (order: 3, 32768 bytes)
[    0.945964] TCP established hash table entries: 32768 (order: 6, 262144 bytes)
[    0.946194] TCP bind hash table entries: 32768 (order: 7, 524288 bytes)
[    0.946444] TCP: Hash tables configured (established 32768 bind 32768)
[    0.946611] UDP hash table entries: 2048 (order: 4, 65536 bytes)
[    0.946666] UDP-Lite hash table entries: 2048 (order: 4, 65536 bytes)
[    0.946845] NET: Registered protocol family 1
[    0.947306] RPC: Registered named UNIX socket transport module.
[    0.947319] RPC: Registered udp transport module.
[    0.947326] RPC: Registered tcp transport module.
[    0.947333] RPC: Registered tcp NFSv4.1 backchannel transport module.
[    0.947716] pci 0000:00:01.0: Video device with shadowed ROM at [mem 0x000c0000-0x000dffff]
[    0.948301] pci 0000:00:12.0: enabling device (0000 -> 0002)
[    0.948909] pci 0000:00:12.2: PME# does not work under D3, disabling it
[    0.948933] pci 0000:00:13.0: enabling device (0000 -> 0002)
[    0.949547] pci 0000:00:13.2: PME# does not work under D3, disabling it
[    0.949645] PCI: CLS 64 bytes, default 64
[    0.949813] PCI-DMA: Using software bounce buffering for IO (SWIOTLB)
[    0.949825] software IO TLB: mapped [mem 0x97989000-0x9b989000] (64MB)
[    0.950022] amd_uncore: AMD NB counters detected
[    0.950039] amd_uncore: AMD LLC counters detected
[    0.950128] LVT offset 0 assigned for vector 0x400
[    0.950184] perf: AMD IBS detected (0x000000ff)
[    0.950204] kvm: no hardware support
[    0.950312] kvm: Nested Virtualization enabled
[    0.950324] kvm: Nested Paging enabled
[    0.951340] check: Scanning for low memory corruption every 60 seconds
[    0.953816] Initialise system trusted keyrings
[    0.954144] workingset: timestamp_bits=56 max_order=20 bucket_order=0
[    0.963800] fuse init (API version 7.29)
[    0.969139] Key type asymmetric registered
[    0.969158] Asymmetric key parser 'x509' registered
[    0.969211] Block layer SCSI generic (bsg) driver version 0.4 loaded (major 249)
[    0.969226] io scheduler mq-deadline registered
[    0.969234] io scheduler kyber registered
[    0.970562] pcieport 0000:00:02.2: Signaling PME with IRQ 25
[    0.971284] pcieport 0000:00:02.3: Signaling PME with IRQ 27
[    0.971951] uvesafb: failed to execute /sbin/v86d
[    0.971962] uvesafb: make sure that the v86d helper is installed and executable
[    0.971973] uvesafb: Getting VBE info block failed (eax=0x4f00, err=-2)
[    0.971981] uvesafb: vbe_init() failed with -22
[    0.971996] uvesafb: probe of uvesafb.0 failed with error -22
[    0.972053] efifb: probing for efifb
[    0.972096] efifb: framebuffer at 0xc0000000, using 4224k, total 4224k
[    0.972105] efifb: mode is 1366x768x32, linelength=5632, pages=1
[    0.972112] efifb: scrolling: redraw
[    0.972120] efifb: Truecolor: size=8:8:8:8, shift=24:16:8:0
[    0.982628] Console: switching to colour frame buffer device 170x48
[    0.991944] fb0: EFI VGA frame buffer device
[    0.992441] ACPI: AC Adapter [AC0] (off-line)
[    0.992714] input: Power Button as /devices/LNXSYSTM:00/LNXSYBUS:00/PNP0C0C:00/input/input0
[    0.992868] ACPI: Power Button [PWRB]
[    0.993060] input: Lid Switch as /devices/LNXSYSTM:00/LNXSYBUS:00/PNP0C0D:00/input/input1
[    0.993205] ACPI: Lid Switch [LID]
[    0.993378] input: Sleep Button as /devices/LNXSYSTM:00/LNXSYBUS:00/PNP0C0E:00/input/input2
[    0.993543] ACPI: Sleep Button [SLPB]
[    0.993725] input: Power Button as /devices/LNXSYSTM:00/LNXPWRBN:00/input/input3
[    0.993863] ACPI: Power Button [PWRF]
[    0.997055] thermal LNXTHERM:00: registered as thermal_zone0
[    0.997158] ACPI: Thermal Zone [THRM] (40 C)
[    0.997459] Serial: 8250/16550 driver, 4 ports, IRQ sharing enabled
[    0.999546] Non-volatile memory driver v1.3
[    0.999757] Linux agpgart interface v0.103
[    1.004097] kworker/u8:1 (1327) used greatest stack depth: 14000 bytes left
[    1.006857] loop: module loaded
[    1.007188] ahci 0000:00:11.0: version 3.0
[    1.007646] ahci 0000:00:11.0: AHCI 0001.0300 32 slots 2 ports 6 Gbps 0x3 impl SATA mode
[    1.010964] ahci 0000:00:11.0: flags: 64bit ncq sntf ilck pm led clo pmp pio slum part 
[    1.015662] scsi host0: ahci
[    1.019336] scsi host1: ahci
[    1.022707] ata1: SATA max UDMA/133 abar m1024@0xfeb6f000 port 0xfeb6f100 irq 28
[    1.025904] ata2: SATA max UDMA/133 abar m1024@0xfeb6f000 port 0xfeb6f180 irq 28
[    1.029584] tun: Universal TUN/TAP device driver, 1.6
[    1.033107] e1000: Intel(R) PRO/1000 Network Driver - version 7.3.21-k8-NAPI
[    1.036295] e1000: Copyright (c) 1999-2006 Intel Corporation.
[    1.039494] e1000e: Intel(R) PRO/1000 Network Driver - 3.2.6-k
[    1.042665] e1000e: Copyright(c) 1999 - 2015 Intel Corporation.
[    1.045902] sky2: driver version 1.30
[    1.050094] libphy: r8169: probed
[    1.053580] r8169 0000:02:00.0 eth0: RTL8105e, 74:d0:2b:a3:a6:42, XID 40a, IRQ 30
[    1.056976] ath9k 0000:01:00.0: enabling device (0000 -> 0002)
[    1.060538] ath: phy0: Disable PLL PowerSave
[    1.071375] ath: phy0: ASPM enabled: 0x442
[    1.074517] ath: EEPROM regdomain: 0x60
[    1.074519] ath: EEPROM indicates we should expect a direct regpair map
[    1.074524] ath: Country alpha2 being used: 00
[    1.074526] ath: Regpair used: 0x60
[    1.076984] ieee80211 phy0: Selected rate control algorithm 'minstrel_ht'
[    1.077591] ieee80211 phy0: Atheros AR9485 Rev:1 mem=0xffffaa9242400000, irq=31
[    1.081223] ehci_hcd: USB 2.0 'Enhanced' Host Controller (EHCI) Driver
[    1.084460] ehci-pci: EHCI PCI platform driver
[    1.087974] ehci-pci 0000:00:12.2: EHCI Host Controller
[    1.091332] ehci-pci 0000:00:12.2: new USB bus registered, assigned bus number 1
[    1.094579] ehci-pci 0000:00:12.2: applying AMD SB700/SB800/Hudson-2/3 EHCI dummy qh workaround
[    1.097858] ehci-pci 0000:00:12.2: debug port 1
[    1.101177] ehci-pci 0000:00:12.2: irq 17, io mem 0xfeb6d000
[    1.130023] ehci-pci 0000:00:12.2: USB 2.0 started, EHCI 1.00
[    1.133365] usb usb1: New USB device found, idVendor=1d6b, idProduct=0002, bcdDevice= 5.00
[    1.136647] usb usb1: New USB device strings: Mfr=3, Product=2, SerialNumber=1
[    1.139893] usb usb1: Product: EHCI Host Controller
[    1.143064] usb usb1: Manufacturer: Linux 5.0.0+ ehci_hcd
[    1.146192] usb usb1: SerialNumber: 0000:00:12.2
[    1.149697] hub 1-0:1.0: USB hub found
[    1.152733] hub 1-0:1.0: 4 ports detected
[    1.158016] ehci-pci 0000:00:13.2: EHCI Host Controller
[    1.161126] ehci-pci 0000:00:13.2: new USB bus registered, assigned bus number 2
[    1.164054] ehci-pci 0000:00:13.2: applying AMD SB700/SB800/Hudson-2/3 EHCI dummy qh workaround
[    1.167015] ehci-pci 0000:00:13.2: debug port 1
[    1.169994] ehci-pci 0000:00:13.2: irq 17, io mem 0xfeb6b000
[    1.200016] ehci-pci 0000:00:13.2: USB 2.0 started, EHCI 1.00
[    1.203054] usb usb2: New USB device found, idVendor=1d6b, idProduct=0002, bcdDevice= 5.00
[    1.206007] usb usb2: New USB device strings: Mfr=3, Product=2, SerialNumber=1
[    1.208929] usb usb2: Product: EHCI Host Controller
[    1.211836] usb usb2: Manufacturer: Linux 5.0.0+ ehci_hcd
[    1.214684] usb usb2: SerialNumber: 0000:00:13.2
[    1.217918] hub 2-0:1.0: USB hub found
[    1.220709] hub 2-0:1.0: 4 ports detected
[    1.225670] ohci_hcd: USB 1.1 'Open' Host Controller (OHCI) Driver
[    1.228483] ohci-pci: OHCI PCI platform driver
[    1.231593] ohci-pci 0000:00:12.0: OHCI PCI host controller
[    1.234577] ohci-pci 0000:00:12.0: new USB bus registered, assigned bus number 3
[    1.237464] ohci-pci 0000:00:12.0: irq 18, io mem 0xfeb6e000
[    1.275574] battery: ACPI: Battery Slot [BAT0] (battery present)
[    1.278621] kworker/u8:2 (1423) used greatest stack depth: 13984 bytes left
[    1.314188] usb usb3: New USB device found, idVendor=1d6b, idProduct=0001, bcdDevice= 5.00
[    1.317091] usb usb3: New USB device strings: Mfr=3, Product=2, SerialNumber=1
[    1.319980] usb usb3: Product: OHCI PCI host controller
[    1.322826] usb usb3: Manufacturer: Linux 5.0.0+ ohci_hcd
[    1.325668] usb usb3: SerialNumber: 0000:00:12.0
[    1.329022] hub 3-0:1.0: USB hub found
[    1.331847] hub 3-0:1.0: 4 ports detected
[    1.336882] ohci-pci 0000:00:13.0: OHCI PCI host controller
[    1.339814] ohci-pci 0000:00:13.0: new USB bus registered, assigned bus number 4
[    1.342633] ohci-pci 0000:00:13.0: irq 18, io mem 0xfeb6c000
[    1.360082] ata2: SATA link down (SStatus 0 SControl 300)
[    1.417826] usb usb4: New USB device found, idVendor=1d6b, idProduct=0001, bcdDevice= 5.00
[    1.420665] usb usb4: New USB device strings: Mfr=3, Product=2, SerialNumber=1
[    1.423453] usb usb4: Product: OHCI PCI host controller
[    1.426268] usb usb4: Manufacturer: Linux 5.0.0+ ohci_hcd
[    1.429075] usb usb4: SerialNumber: 0000:00:13.0
[    1.432332] hub 4-0:1.0: USB hub found
[    1.435075] hub 4-0:1.0: 4 ports detected
[    1.439845] uhci_hcd: USB Universal Host Controller Interface driver
[    1.442679] usbcore: registered new interface driver usblp
[    1.445599] usbcore: registered new interface driver usb-storage
[    1.448385] usbcore: registered new interface driver ch341
[    1.451106] usbserial: USB Serial support registered for ch341-uart
[    1.453960] i8042: PNP: PS/2 Controller [PNP030b:PS2K,PNP0f03:PS2M] at 0x60,0x64 irq 1,12
[    1.458873] i8042: Detected active multiplexing controller, rev 1.1
[    1.462377] serio: i8042 KBD port at 0x60,0x64 irq 1
[    1.465146] serio: i8042 AUX0 port at 0x60,0x64 irq 12
[    1.467989] serio: i8042 AUX1 port at 0x60,0x64 irq 12
[    1.470791] serio: i8042 AUX2 port at 0x60,0x64 irq 12
[    1.473512] serio: i8042 AUX3 port at 0x60,0x64 irq 12
[    1.476473] mousedev: PS/2 mouse device common for all mice
[    1.479676] rtc_cmos 00:03: RTC can wake from S4
[    1.482539] rtc_cmos 00:03: registered as rtc0
[    1.485168] rtc_cmos 00:03: alarms up to one month, y3k, 114 bytes nvram, hpet irqs
[    1.488138] device-mapper: ioctl: 4.40.0-ioctl (2019-01-18) initialised: dm-devel@redhat.com
[    1.490968] intel_pstate: CPU ID not supported
[    1.493679] EFI Variables Facility v0.08 2004-May-17
[    1.504104] hidraw: raw HID events driver (C) Jiri Kosina
[    1.507701] usbcore: registered new interface driver usbhid
[    1.510479] usbhid: USB HID core driver
[    1.516994] snd_hda_intel 0000:00:01.1: enabling device (0000 -> 0002)
[    1.517223] input: AT Translated Set 2 keyboard as /devices/platform/i8042/serio0/input/input4
[    1.520343] snd_hda_intel 0000:00:01.1: Force to non-snoop mode
[    1.527197] Initializing XFRM netlink socket
[    1.531339] NET: Registered protocol family 10
[    1.534988] Segment Routing with IPv6
[    1.537830] sit: IPv6, IPv4 and MPLS over IPv4 tunneling driver
[    1.541228] NET: Registered protocol family 17
[    1.544541] microcode: CPU0: patch_level=0x0700010b
[    1.547347] microcode: CPU1: patch_level=0x0700010b
[    1.550852] snd_hda_codec_generic hdaudioC0D0: autoconfig for Generic: line_outs=0 (0x0/0x0/0x0/0x0/0x0) type:line
[    1.550860] microcode: Microcode Update Driver: v2.2.
[    1.550898] sched_clock: Marking stable (1548964685, 1652485)->(1674901978, -124284808)
[    1.553710] snd_hda_codec_generic hdaudioC0D0:    speaker_outs=0 (0x0/0x0/0x0/0x0/0x0)
[    1.553715] snd_hda_codec_generic hdaudioC0D0:    hp_outs=0 (0x0/0x0/0x0/0x0/0x0)
[    1.553719] snd_hda_codec_generic hdaudioC0D0:    mono: mono_out=0x0
[    1.553723] snd_hda_codec_generic hdaudioC0D0:    dig-out=0x3/0x0
[    1.553727] snd_hda_codec_generic hdaudioC0D0:    inputs:
[    1.556599] ata1: SATA link up 6.0 Gbps (SStatus 133 SControl 300)
[    1.570787] random: fast init done
[    1.571427] registered taskstats version 1
[    1.576483] snd_hda_codec_realtek hdaudioC1D0: autoconfig for ALC3229: line_outs=1 (0x14/0x0/0x0/0x0/0x0) type:speaker
[    1.579218] Loading compiled-in X.509 certificates
[    1.580565] acpi_cpufreq: overriding BIOS provided _PSD data
[    1.582078] snd_hda_codec_realtek hdaudioC1D0:    speaker_outs=0 (0x0/0x0/0x0/0x0/0x0)
[    1.587929] ata1.00: ATA-8: KINGSTON SV300S37A120G, 603ABBF0, max UDMA/133
[    1.590935] snd_hda_codec_realtek hdaudioC1D0:    hp_outs=1 (0x21/0x0/0x0/0x0/0x0)
[    1.594009] ata1.00: 234441648 sectors, multi 1: LBA48 NCQ (depth 32), AA
[    1.597044] snd_hda_codec_realtek hdaudioC1D0:    mono: mono_out=0x0
[    1.603471] cfg80211: Loading compiled-in X.509 certificates for regulatory database
[    1.606306] snd_hda_codec_realtek hdaudioC1D0:    inputs:
[    1.611017] cfg80211: Loaded X.509 cert 'sforshee: 00b28ddf47aef9cea7'
[    1.612790] snd_hda_codec_realtek hdaudioC1D0:      Mic=0x19
[    1.616270] platform regulatory.0: Direct firmware load for regulatory.db failed with error -2
[    1.622936] cfg80211: failed to load regulatory.db
[    1.626482] ata1.00: configured for UDMA/133
[    1.630533] scsi 0:0:0:0: Direct-Access     ATA      KINGSTON SV300S3 BBF0 PQ: 0 ANSI: 5
[    1.630616] input: HDA ATI HDMI HDMI as /devices/pci0000:00/0000:00:01.1/sound/card0/input6
[    1.634818] sd 0:0:0:0: [sda] 234441648 512-byte logical blocks: (120 GB/112 GiB)
[    1.641262] sd 0:0:0:0: [sda] Write Protect is off
[    1.644743] sd 0:0:0:0: [sda] Mode Sense: 00 3a 00 00
[    1.645153] sd 0:0:0:0: Attached scsi generic sg0 type 0
[    1.648858] ALSA device list:
[    1.651817] input: HD-Audio Generic Headphone as /devices/pci0000:00/0000:00:14.2/sound/card1/input8
[    1.652283]   #0: HDA ATI HDMI at 0xfeb64000 irq 33
[    1.659330]   #1: HD-Audio Generic at 0xfeb60000 irq 16
[    1.662937] sd 0:0:0:0: [sda] Write cache: enabled, read cache: enabled, doesn't support DPO or FUA
[    1.667402] sd 0:0:0:0: [sda] Optimal transfer size 0 bytes < PAGE_SIZE (4096 bytes)
[    1.673349]  sda: sda1 sda2 sda3 sda4 sda5 sda6
[    1.678666] sd 0:0:0:0: [sda] Attached SCSI disk
[    1.682353] md: Waiting for all devices to be available before autodetect
[    1.685956] md: If you don't use raid, use raid=noautodetect
[    1.874275] usb 4-1: new full-speed USB device number 2 using ohci-pci
[    2.024270] tsc: Refined TSC clocksource calibration: 998.127 MHz
[    2.027916] clocksource: tsc: mask: 0xffffffffffffffff max_cycles: 0x1cc65b93289, max_idle_ns: 881590487074 ns
[    2.031637] clocksource: Switched to clocksource tsc
[    2.160310] usb 4-1: New USB device found, idVendor=03eb, idProduct=843d, bcdDevice=20.01
[    2.164002] usb 4-1: New USB device strings: Mfr=1, Product=2, SerialNumber=0
[    2.167709] usb 4-1: Product: Atmel maXTouch Digitizer
[    2.171376] usb 4-1: Manufacturer: Atmel
[    2.191714] input: Atmel Atmel maXTouch Digitizer Touchscreen as /devices/pci0000:00/0000:00:13.0/usb4/4-1/4-1:1.0/0003:03EB:843D.0001/input/input15
[    2.196144] input: Atmel Atmel maXTouch Digitizer as /devices/pci0000:00/0000:00:13.0/usb4/4-1/4-1:1.0/0003:03EB:843D.0001/input/input16
[    2.200628] hid-generic 0003:03EB:843D.0001: input,hiddev96,hidraw0: USB HID v1.11 Device [Atmel Atmel maXTouch Digitizer] on usb-0000:00:13.0-1/input0
[    2.213296] hid-generic 0003:03EB:843D.0002: hiddev97,hidraw1: USB HID v1.11 Device [Atmel Atmel maXTouch Digitizer] on usb-0000:00:13.0-1/input1
[    2.374371] input: PS/2 Logitech Wheel Mouse as /devices/platform/i8042/serio4/input/input14
[    2.381950] md: Autodetecting RAID arrays.
[    2.386065] md: autorun ...
[    2.390086] md: ... autorun DONE.
[    2.399424] EXT4-fs (sda2): mounted filesystem with ordered data mode. Opts: (null)
[    2.403501] VFS: Mounted root (ext4 filesystem) readonly on device 8:2.
[    2.408732] devtmpfs: mounted
[    2.413484] Freeing unused kernel image memory: 1260K
[    2.454282] Write protecting the kernel read-only data: 22528k
[    2.459794] Freeing unused kernel image memory: 1984K
[    2.464993] Freeing unused kernel image memory: 1744K
[    2.468842] Run /sbin/init as init process
[    2.515988] stty (1781) used greatest stack depth: 13832 bytes left
[    2.577456] mountpoint (1788) used greatest stack depth: 13792 bytes left
[    2.600373] sed (1795) used greatest stack depth: 13624 bytes left
[    2.741924] ip (1839) used greatest stack depth: 12464 bytes left
[    2.829733] udevd[1869]: starting version 3.2.1
[    2.839892] random: udevd: uninitialized urandom read (16 bytes read)
[    2.844589] random: udevd: uninitialized urandom read (16 bytes read)
[    2.848926] random: udevd: uninitialized urandom read (16 bytes read)
[    2.865327] udevd[1870]: starting eudev-3.2.1
[    2.904166] usb 4-2: new full-speed USB device number 3 using ohci-pci
[    3.120528] [drm] radeon kernel modesetting enabled.
[    3.125659] checking generic (c0000000 420000) vs hw (c0000000 10000000)
[    3.125665] fb0: switching to radeondrmfb from EFI VGA
[    3.131364] Console: switching to colour dummy device 80x25
[    3.137932] [drm] initializing kernel modesetting (KABINI 0x1002:0x9839 0x1043:0x141D 0x00).
[    3.138008] [drm] doorbell mmio base: 0xD0000000
[    3.138016] [drm] doorbell mmio size: 8388608
[    3.138053] ATOM BIOS: AMD
[    3.138130] [drm] Changing default dispclk from 400Mhz to 600Mhz
[    3.138177] radeon 0000:00:01.0: VRAM: 512M 0x0000000000000000 - 0x000000001FFFFFFF (512M used)
[    3.138192] radeon 0000:00:01.0: GTT: 2048M 0x0000000020000000 - 0x000000009FFFFFFF
[    3.138211] [drm] Detected VRAM RAM=512M, BAR=256M
[    3.138218] [drm] RAM width 128bits DDR
[    3.138569] [TTM] Zone  kernel: Available graphics memory: 1729584 kiB
[    3.138581] [TTM] Initializing pool allocator
[    3.138615] [TTM] Initializing DMA pool allocator
[    3.138671] [drm] radeon: 512M of VRAM memory ready
[    3.138680] [drm] radeon: 2048M of GTT memory ready.
[    3.138710] [drm] Loading kabini Microcode
[    3.139579] ath9k 0000:01:00.0 wlp1s0: renamed from wlan0
[    3.152655] [drm] Internal thermal controller without fan control
[    3.155143] r8169 0000:02:00.0 enp2s0: renamed from eth0
[    3.156553] [drm] radeon: dpm initialized
[    3.157723] [drm] Found UVD firmware Version: 1.64 Family ID: 9
[    3.163040] [drm] Found VCE firmware/feedback version 40.2.2 / 15!
[    3.163102] [drm] GART: num cpu pages 524288, num gpu pages 524288
[    3.177188] usb 4-2: New USB device found, idVendor=13d3, idProduct=3362, bcdDevice= 0.01
[    3.177213] usb 4-2: New USB device strings: Mfr=1, Product=2, SerialNumber=3
[    3.177225] usb 4-2: Product: Bluetooth USB Host Controller
[    3.177234] usb 4-2: Manufacturer: Atheros Communications
[    3.177244] usb 4-2: SerialNumber: Alaska Day 2006
[    3.234745] [drm] PCIE GART of 2048M enabled (table at 0x000000000030E000).
[    3.235458] radeon 0000:00:01.0: WB enabled
[    3.235506] radeon 0000:00:01.0: fence driver on ring 0 use gpu addr 0x0000000020000c00 and cpu addr 0x(____ptrval____)
[    3.235557] radeon 0000:00:01.0: fence driver on ring 1 use gpu addr 0x0000000020000c04 and cpu addr 0x(____ptrval____)
[    3.235573] radeon 0000:00:01.0: fence driver on ring 2 use gpu addr 0x0000000020000c08 and cpu addr 0x(____ptrval____)
[    3.235588] radeon 0000:00:01.0: fence driver on ring 3 use gpu addr 0x0000000020000c0c and cpu addr 0x(____ptrval____)
[    3.235602] radeon 0000:00:01.0: fence driver on ring 4 use gpu addr 0x0000000020000c10 and cpu addr 0x(____ptrval____)
[    3.236567] radeon 0000:00:01.0: fence driver on ring 5 use gpu addr 0x0000000000078d30 and cpu addr 0x(____ptrval____)
[    3.238825] radeon 0000:00:01.0: fence driver on ring 6 use gpu addr 0x0000000020000c18 and cpu addr 0x(____ptrval____)
[    3.238849] radeon 0000:00:01.0: fence driver on ring 7 use gpu addr 0x0000000020000c1c and cpu addr 0x(____ptrval____)
[    3.238863] [drm] Supports vblank timestamp caching Rev 2 (21.10.2013).
[    3.238870] [drm] Driver supports precise vblank timestamp query.
[    3.238977] radeon 0000:00:01.0: radeon: using MSI.
[    3.239773] [drm] radeon: irq initialized.
[    3.260315] [drm] ring test on 0 succeeded in 3 usecs
[    3.283420] [drm] ring test on 1 succeeded in 3 usecs
[    3.283497] [drm] ring test on 2 succeeded in 3 usecs
[    3.283822] [drm] ring test on 3 succeeded in 6 usecs
[    3.283842] [drm] ring test on 4 succeeded in 6 usecs
[    3.368411] [drm] ring test on 5 succeeded in 2 usecs
[    3.392961] [drm] UVD initialized successfully.
[    3.513494] [drm] ring test on 6 succeeded in 20 usecs
[    3.513528] [drm] ring test on 7 succeeded in 3 usecs
[    3.513535] [drm] VCE initialized successfully.
[    3.515362] [drm] ib test on ring 0 succeeded in 0 usecs
[    3.515645] [drm] ib test on ring 1 succeeded in 0 usecs
[    3.515918] [drm] ib test on ring 2 succeeded in 0 usecs
[    3.516196] [drm] ib test on ring 3 succeeded in 0 usecs
[    3.516470] [drm] ib test on ring 4 succeeded in 0 usecs
[    3.574162] usb 2-3: new high-speed USB device number 4 using ehci-pci
[    3.807158] usb 2-3: New USB device found, idVendor=04f2, idProduct=b404, bcdDevice=69.63
[    3.807184] usb 2-3: New USB device strings: Mfr=3, Product=1, SerialNumber=2
[    3.807195] usb 2-3: Product: USB2.0 HD UVC WebCam
[    3.807204] usb 2-3: Manufacturer: Chicony Electronics Co.,Ltd.
[    3.807214] usb 2-3: SerialNumber: 0x0001
[    4.044456] [drm] ib test on ring 5 succeeded
[    4.065674] [drm] ib test on ring 6 succeeded
[    4.066647] [drm] ib test on ring 7 succeeded
[    4.114250] [drm] radeon atom DIG backlight initialized
[    4.114277] [drm] Radeon Display Connectors
[    4.114285] [drm] Connector 0:
[    4.114292] [drm]   LVDS-1
[    4.114297] [drm]   HPD1
[    4.114306] [drm]   DDC: 0x6530 0x6530 0x6534 0x6534 0x6538 0x6538 0x653c 0x653c
[    4.114315] [drm]   Encoders:
[    4.114321] [drm]     LCD1: INTERNAL_UNIPHY
[    4.114328] [drm] Connector 1:
[    4.114334] [drm]   HDMI-A-1
[    4.114339] [drm]   HPD2
[    4.114347] [drm]   DDC: 0x6540 0x6540 0x6544 0x6544 0x6548 0x6548 0x654c 0x654c
[    4.114355] [drm]   Encoders:
[    4.114361] [drm]     DFP1: INTERNAL_UNIPHY
[    4.114367] [drm] Connector 2:
[    4.114373] [drm]   VGA-1
[    4.114380] [drm]   DDC: 0x65c0 0x65c0 0x65c4 0x65c4 0x65c8 0x65c8 0x65cc 0x65cc
[    4.114389] [drm]   Encoders:
[    4.114395] [drm]     CRT1: INTERNAL_KLDSCP_DAC1
[    5.176426] [drm] fb mappable at 0xC0722000
[    5.176444] [drm] vram apper at 0xC0000000
[    5.176450] [drm] size 4325376
[    5.176456] [drm] fb depth is 24
[    5.176462] [drm]    pitch is 5632
[    5.176879] fbcon: radeondrmfb (fb0) is primary device
[    5.284585] Console: switching to colour frame buffer device 170x48
[    5.294923] radeon 0000:00:01.0: fb0: radeondrmfb frame buffer device
[    5.356826] [drm] Initialized radeon 2.50.0 20080528 for 0000:00:01.0 on minor 0
[    5.441930] Adding 3608572k swap on /dev/sda4.  Priority:1 extents:1 across:3608572k SS
[    5.491732] EXT4-fs (sda2): re-mounted. Opts: (null)
[    5.588135] EXT4-fs (sda2): re-mounted. Opts: (null)
[    7.936632] urandom_read: 6 callbacks suppressed
[    7.936637] random: wpa_supplicant: uninitialized urandom read (32 bytes read)
[    9.285384] wlp1s0: authenticate with 64:66:b3:cd:9a:3a
[    9.305892] wlp1s0: send auth to 64:66:b3:cd:9a:3a (try 1/3)
[    9.327909] wlp1s0: authenticated
[    9.334256] wlp1s0: associate with 64:66:b3:cd:9a:3a (try 1/3)
[    9.342349] wlp1s0: RX AssocResp from 64:66:b3:cd:9a:3a (capab=0x431 status=0 aid=1)
[    9.346145] wlp1s0: associated
[    9.377971] IPv6: ADDRCONF(NETDEV_CHANGE): wlp1s0: link becomes ready
[   11.029778] udevd (2518) used greatest stack depth: 12176 bytes left
[   51.529168] random: crng init done
