[    0.000000] Linux version 5.1.0+ (root@(none)) (gcc version 9.0.1 20190416 (experimental) (GCC)) #74 SMP Sat May 18 18:02:43 +05 2019
[    0.000000] Command line: BOOT_IMAGE=/boot/bzImage root=/dev/sda2 ro
[    0.000000] x86/fpu: Supporting XSAVE feature 0x001: 'x87 floating point registers'
[    0.000000] x86/fpu: Supporting XSAVE feature 0x002: 'SSE registers'
[    0.000000] x86/fpu: Supporting XSAVE feature 0x004: 'AVX registers'
[    0.000000] x86/fpu: xstate_offset[2]:  576, xstate_sizes[2]:  256
[    0.000000] x86/fpu: Enabled xstate features 0x7, context size is 832 bytes, using 'standard' format.
[    0.000000] BIOS-provided physical RAM map:
[    0.000000] BIOS-e820: [mem 0x0000000000000000-0x000000000009ffff] usable
[    0.000000] BIOS-e820: [mem 0x0000000000100000-0x000000009d0f7fff] usable
[    0.000000] BIOS-e820: [mem 0x000000009d0f8000-0x000000009d127fff] reserved
[    0.000000] BIOS-e820: [mem 0x000000009d128000-0x000000009d370fff] usable
[    0.000000] BIOS-e820: [mem 0x000000009d371000-0x000000009dc56fff] ACPI NVS
[    0.000000] BIOS-e820: [mem 0x000000009dc57000-0x000000009e959fff] reserved
[    0.000000] BIOS-e820: [mem 0x000000009e95a000-0x000000009e9cafff] type 20
[    0.000000] BIOS-e820: [mem 0x000000009e9cb000-0x000000009e9cbfff] usable
[    0.000000] BIOS-e820: [mem 0x000000009e9cc000-0x000000009e9d3fff] ACPI NVS
[    0.000000] BIOS-e820: [mem 0x000000009e9d4000-0x000000009eb24fff] usable
[    0.000000] BIOS-e820: [mem 0x000000009eb25000-0x000000009f041fff] reserved
[    0.000000] BIOS-e820: [mem 0x000000009f042000-0x000000009f080fff] usable
[    0.000000] BIOS-e820: [mem 0x000000009f081000-0x000000009f3f1fff] reserved
[    0.000000] BIOS-e820: [mem 0x000000009f3f2000-0x000000009f3fffff] usable
[    0.000000] BIOS-e820: [mem 0x00000000fec00000-0x00000000fec01fff] reserved
[    0.000000] BIOS-e820: [mem 0x00000000fec10000-0x00000000fec10fff] reserved
[    0.000000] BIOS-e820: [mem 0x00000000fed00000-0x00000000fed00fff] reserved
[    0.000000] BIOS-e820: [mem 0x00000000fed80000-0x00000000fed8ffff] reserved
[    0.000000] BIOS-e820: [mem 0x00000000ff000000-0x00000000ffffffff] reserved
[    0.000000] BIOS-e820: [mem 0x0000000100001000-0x000000013effffff] usable
[    0.000000] NX (Execute Disable) protection: active
[    0.000000] efi: EFI v2.31 by American Megatrends
[    0.000000] efi:  ACPI=0x9d3f3000  ACPI 2.0=0x9d3f3000  SMBIOS=0x9e958998 
[    0.000000] SMBIOS 2.7 present.
[    0.000000] DMI: ASUSTeK COMPUTER INC. X102BA/X102BA, BIOS X102BA.212 08/30/2013
[    0.000000] tsc: Fast TSC calibration using PIT
[    0.000000] tsc: Detected 998.119 MHz processor
[    0.000213] e820: update [mem 0x00000000-0x00000fff] usable ==> reserved
[    0.000217] e820: remove [mem 0x000a0000-0x000fffff] usable
[    0.000240] last_pfn = 0x13f000 max_arch_pfn = 0x400000000
[    0.000250] MTRR default type: uncachable
[    0.000252] MTRR fixed ranges enabled:
[    0.000255]   00000-9FFFF write-back
[    0.000258]   A0000-BFFFF write-through
[    0.000261]   C0000-DFFFF uncachable
[    0.000263]   E0000-FFFFF write-protect
[    0.000265] MTRR variable ranges enabled:
[    0.000269]   0 base 0000000000 mask FF80000000 write-back
[    0.000273]   1 base 0080000000 mask FFE0000000 write-back
[    0.000276]   2 base 009F400000 mask FFFFC00000 uncachable
[    0.000279]   3 base 009F800000 mask FFFF800000 uncachable
[    0.000281]   4 disabled
[    0.000282]   5 disabled
[    0.000283]   6 disabled
[    0.000284]   7 disabled
[    0.000286] TOM2: 000000013f000000 aka 5104M
[    0.000816] x86/PAT: Configuration [0-7]: WB  WC  UC- UC  WB  WP  UC- WT  
[    0.001073] e820: update [mem 0x9f400000-0xffffffff] usable ==> reserved
[    0.001086] last_pfn = 0x9f400 max_arch_pfn = 0x400000000
[    0.014285] check: Scanning 1 areas for low memory corruption
[    0.014299] Using GB pages for direct mapping
[    0.014306] BRK [0x103e01000, 0x103e01fff] PGTABLE
[    0.014313] BRK [0x103e02000, 0x103e02fff] PGTABLE
[    0.014317] BRK [0x103e03000, 0x103e03fff] PGTABLE
[    0.014475] BRK [0x103e04000, 0x103e04fff] PGTABLE
[    0.014479] BRK [0x103e05000, 0x103e05fff] PGTABLE
[    0.015486] BRK [0x103e06000, 0x103e06fff] PGTABLE
[    0.015694] BRK [0x103e07000, 0x103e07fff] PGTABLE
[    0.015934] BRK [0x103e08000, 0x103e08fff] PGTABLE
[    0.016186] BRK [0x103e09000, 0x103e09fff] PGTABLE
[    0.016392] BRK [0x103e0a000, 0x103e0afff] PGTABLE
[    0.016663] BRK [0x103e0b000, 0x103e0bfff] PGTABLE
[    0.016977] BRK [0x103e0c000, 0x103e0cfff] PGTABLE
[    0.017178] Secure boot could not be determined
[    0.017194] ACPI: Early table checksum verification disabled
[    0.017205] ACPI: RSDP 0x000000009D3F3000 000024 (v02 _ASUS_)
[    0.017215] ACPI: XSDT 0x000000009D3F3088 000094 (v01 _ASUS_ Notebook 01072009 AMI  00010013)
[    0.017233] ACPI: FACP 0x000000009D400748 00010C (v05 _ASUS_ Notebook 01072009 AMI  00010013)
[    0.017248] ACPI BIOS Warning (bug): Optional FADT field Pm2ControlBlock has valid Length but zero Address: 0x0000000000000000/0x1 (20190509/tbfadt-615)
[    0.017261] ACPI: DSDT 0x000000009D3F31A8 00D59D (v02 _ASUS_ Notebook 00000000 INTL 20091112)
[    0.017271] ACPI: FACS 0x000000009DC4B080 000040
[    0.017279] ACPI: APIC 0x000000009D400858 00007E (v03 _ASUS_ Notebook 01072009 AMI  00010013)
[    0.017289] ACPI: FPDT 0x000000009D4008D8 000044 (v01 _ASUS_ Notebook 01072009 AMI  00010013)
[    0.017298] ACPI: ECDT 0x000000009D400920 0000C1 (v01 _ASUS_ Notebook 01072009 AMI. 00000005)
[    0.017308] ACPI: MCFG 0x000000009D4009E8 00003C (v01 _ASUS_ Notebook 01072009 MSFT 00010013)
[    0.017317] ACPI: HPET 0x000000009D400A28 000038 (v01 _ASUS_ Notebook 01072009 AMI  00000005)
[    0.017326] ACPI: VFCT 0x000000009D400A60 004684 (v01 _ASUS_ Notebook 00000001 AMD  31504F47)
[    0.017336] ACPI: BGRT 0x000000009D4050E8 000038 (v00 _ASUS_ Notebook 01072009 ASUS 00010013)
[    0.017346] ACPI: SSDT 0x000000009D405120 0005E0 (v01 AMD    AGESA    00000001 AMD  00000001)
[    0.017355] ACPI: SSDT 0x000000009D405700 0046D1 (v02 AMD    AGESA    00000002 MSFT 04000000)
[    0.017365] ACPI: CRAT 0x000000009D409DD8 000228 (v01 AMD    AGESA    00000001 AMD  00000001)
[    0.017374] ACPI: SSDT 0x000000009D40A000 001411 (v01 AMD    CPMDFIGP 00000001 INTL 20051117)
[    0.017384] ACPI: SSDT 0x000000009D40B418 0010E8 (v01 AMD    CPMCMN   00000001 INTL 20051117)
[    0.017393] ACPI: MSDM 0x000000009D127F98 000055 (v03 _ASUS_ Notebook 00000000 ASUS 00000001)
[    0.017419] ACPI: Local APIC address 0xfee00000
[    0.017678] No NUMA configuration found
[    0.017682] Faking a node at [mem 0x0000000000000000-0x000000013effffff]
[    0.017696] NODE_DATA(0) allocated [mem 0x13effb000-0x13effefff]
[    0.017748] Zone ranges:
[    0.017752]   DMA      [mem 0x0000000000001000-0x0000000000ffffff]
[    0.017756]   DMA32    [mem 0x0000000001000000-0x00000000ffffffff]
[    0.017760]   Normal   [mem 0x0000000100000000-0x000000013effffff]
[    0.017764] Movable zone start for each node
[    0.017766] Early memory node ranges
[    0.017770]   node   0: [mem 0x0000000000001000-0x000000000009ffff]
[    0.017773]   node   0: [mem 0x0000000000100000-0x000000009d0f7fff]
[    0.017776]   node   0: [mem 0x000000009d128000-0x000000009d370fff]
[    0.017779]   node   0: [mem 0x000000009e9cb000-0x000000009e9cbfff]
[    0.017782]   node   0: [mem 0x000000009e9d4000-0x000000009eb24fff]
[    0.017785]   node   0: [mem 0x000000009f042000-0x000000009f080fff]
[    0.017788]   node   0: [mem 0x000000009f3f2000-0x000000009f3fffff]
[    0.017791]   node   0: [mem 0x0000000100001000-0x000000013effffff]
[    0.018112] Zeroed struct page in unavailable ranges: 11138 pages
[    0.018119] Initmem setup node 0 [mem 0x0000000000001000-0x000000013effffff]
[    0.018128] On node 0 totalpages: 902270
[    0.018131]   DMA zone: 64 pages used for memmap
[    0.018133]   DMA zone: 23 pages reserved
[    0.018135]   DMA zone: 3999 pages, LIFO batch:0
[    0.018357]   DMA32 zone: 10004 pages used for memmap
[    0.018359]   DMA32 zone: 640224 pages, LIFO batch:63
[    0.058057]   Normal zone: 4032 pages used for memmap
[    0.058064]   Normal zone: 258047 pages, LIFO batch:63
[    0.071237] ACPI: PM-Timer IO Port: 0x808
[    0.071249] ACPI: Local APIC address 0xfee00000
[    0.071266] ACPI: LAPIC_NMI (acpi_id[0xff] high edge lint[0x1])
[    0.071282] IOAPIC[0]: apic_id 3, version 33, address 0xfec00000, GSI 0-23
[    0.071292] IOAPIC[1]: apic_id 4, version 33, address 0xfec01000, GSI 24-55
[    0.071298] ACPI: INT_SRC_OVR (bus 0 bus_irq 0 global_irq 2 dfl dfl)
[    0.071304] ACPI: INT_SRC_OVR (bus 0 bus_irq 9 global_irq 9 low level)
[    0.071309] ACPI: IRQ0 used by override.
[    0.071312] ACPI: IRQ9 used by override.
[    0.071316] Using ACPI (MADT) for SMP configuration information
[    0.071321] ACPI: HPET id: 0x10228210 base: 0xfed00000
[    0.071336] smpboot: Allowing 4 CPUs, 2 hotplug CPUs
[    0.071406] PM: Registered nosave memory: [mem 0x00000000-0x00000fff]
[    0.071413] PM: Registered nosave memory: [mem 0x000a0000-0x000fffff]
[    0.071420] PM: Registered nosave memory: [mem 0x9d0f8000-0x9d127fff]
[    0.071426] PM: Registered nosave memory: [mem 0x9d371000-0x9dc56fff]
[    0.071429] PM: Registered nosave memory: [mem 0x9dc57000-0x9e959fff]
[    0.071432] PM: Registered nosave memory: [mem 0x9e95a000-0x9e9cafff]
[    0.071438] PM: Registered nosave memory: [mem 0x9e9cc000-0x9e9d3fff]
[    0.071445] PM: Registered nosave memory: [mem 0x9eb25000-0x9f041fff]
[    0.071452] PM: Registered nosave memory: [mem 0x9f081000-0x9f3f1fff]
[    0.071458] PM: Registered nosave memory: [mem 0x9f400000-0xfebfffff]
[    0.071461] PM: Registered nosave memory: [mem 0xfec00000-0xfec01fff]
[    0.071464] PM: Registered nosave memory: [mem 0xfec02000-0xfec0ffff]
[    0.071467] PM: Registered nosave memory: [mem 0xfec10000-0xfec10fff]
[    0.071469] PM: Registered nosave memory: [mem 0xfec11000-0xfecfffff]
[    0.071472] PM: Registered nosave memory: [mem 0xfed00000-0xfed00fff]
[    0.071475] PM: Registered nosave memory: [mem 0xfed01000-0xfed7ffff]
[    0.071478] PM: Registered nosave memory: [mem 0xfed80000-0xfed8ffff]
[    0.071480] PM: Registered nosave memory: [mem 0xfed90000-0xfeffffff]
[    0.071483] PM: Registered nosave memory: [mem 0xff000000-0xffffffff]
[    0.071486] PM: Registered nosave memory: [mem 0x100000000-0x100000fff]
[    0.071492] [mem 0x9f400000-0xfebfffff] available for PCI devices
[    0.071504] clocksource: refined-jiffies: mask: 0xffffffff max_cycles: 0xffffffff, max_idle_ns: 19112604462750000 ns
[    0.489130] setup_percpu: NR_CPUS:64 nr_cpumask_bits:64 nr_cpu_ids:4 nr_node_ids:1
[    0.490308] percpu: Embedded 51 pages/cpu s170008 r8192 d30696 u524288
[    0.490346] pcpu-alloc: s170008 r8192 d30696 u524288 alloc=1*2097152
[    0.490349] pcpu-alloc: [0] 0 1 2 3 
[    0.490425] Built 1 zonelists, mobility grouping on.  Total pages: 888147
[    0.490429] Policy zone: Normal
[    0.490435] Kernel command line: BOOT_IMAGE=/boot/bzImage root=/dev/sda2 ro
[    0.554253] Memory: 3432176K/3609080K available (14357K kernel code, 1432K rwdata, 4452K rodata, 1296K init, 856K bss, 176904K reserved, 0K cma-reserved)
[    0.554469] SLUB: HWalign=64, Order=0-3, MinObjects=0, CPUs=4, Nodes=1
[    0.554693] rcu: Hierarchical RCU implementation.
[    0.554697] rcu: 	RCU event tracing is enabled.
[    0.554700] rcu: 	RCU restricting CPUs from NR_CPUS=64 to nr_cpu_ids=4.
[    0.554705] rcu: RCU calculated value of scheduler-enlistment delay is 10 jiffies.
[    0.554708] rcu: Adjusting geometry for rcu_fanout_leaf=16, nr_cpu_ids=4
[    0.555305] NR_IRQS: 4352, nr_irqs: 1000, preallocated irqs: 16
[    0.555901] random: get_random_bytes called from start_kernel+0x2c6/0x493 with crng_init=0
[    0.555982] Console: colour dummy device 80x25
[    0.556643] printk: console [tty0] enabled
[    0.556690] ACPI: Core revision 20190509
[    0.557403] clocksource: hpet: mask: 0xffffffff max_cycles: 0xffffffff, max_idle_ns: 133484873504 ns
[    0.557432] hpet clockevent registered
[    0.557443] APIC: Switch to symmetric I/O mode setup
[    0.558299] ..TIMER: vector=0x30 apic1=0 pin1=2 apic2=-1 pin2=-1
[    0.607445] clocksource: tsc-early: mask: 0xffffffffffffffff max_cycles: 0x1cc64c69fb3, max_idle_ns: 881590589007 ns
[    0.607462] Calibrating delay loop (skipped), value calculated using timer frequency.. 1996.23 BogoMIPS (lpj=9981190)
[    0.607477] pid_max: default: 32768 minimum: 301
[    0.610030] LSM: Security Framework initializing
[    0.610065] SELinux:  Initializing.
[    0.610102] *** VALIDATE SELinux ***
[    0.612326] Dentry cache hash table entries: 524288 (order: 10, 4194304 bytes)
[    0.613493] Inode-cache hash table entries: 262144 (order: 9, 2097152 bytes)
[    0.613592] Mount-cache hash table entries: 8192 (order: 4, 65536 bytes)
[    0.613637] Mountpoint-cache hash table entries: 8192 (order: 4, 65536 bytes)
[    0.614024] *** VALIDATE proc ***
[    0.614113] *** VALIDATE cgroup1 ***
[    0.614124] *** VALIDATE cgroup2 ***
[    0.614227] LVT offset 1 assigned for vector 0xf9
[    0.614243] Last level iTLB entries: 4KB 512, 2MB 8, 4MB 4
[    0.614251] Last level dTLB entries: 4KB 512, 2MB 256, 4MB 128, 1GB 0
[    0.614261] Spectre V2 : Mitigation: Full AMD retpoline
[    0.614267] Spectre V2 : Spectre v2 / SpectreRSB mitigation: Filling RSB on context switch
[    0.614278] Speculative Store Bypass: Mitigation: Speculative Store Bypass disabled via prctl and seccomp
[    0.614844] Freeing SMP alternatives memory: 40K
[    0.627459] smpboot: CPU0: AMD A4-1200 APU with Radeon(TM) HD Graphics (family: 0x16, model: 0x0, stepping: 0x1)
[    0.627459] Performance Events: AMD PMU driver.
[    0.627459] ... version:                0
[    0.627459] ... bit width:              48
[    0.627459] ... generic registers:      4
[    0.627459] ... value mask:             0000ffffffffffff
[    0.627459] ... max period:             00007fffffffffff
[    0.627459] ... fixed-purpose events:   0
[    0.627459] ... event mask:             000000000000000f
[    0.627459] rcu: Hierarchical SRCU implementation.
[    0.627459] MCE: In-kernel MCE decoding enabled.
[    0.627459] smp: Bringing up secondary CPUs ...
[    0.627459] x86: Booting SMP configuration:
[    0.627459] .... node  #0, CPUs:      #1
[    0.627459] smp: Brought up 1 node, 2 CPUs
[    0.627459] smpboot: Max logical packages: 2
[    0.627459] smpboot: Total of 2 processors activated (3992.47 BogoMIPS)
[    0.627459] devtmpfs: initialized
[    0.627459] PM: Registering ACPI NVS region [mem 0x9d371000-0x9dc56fff] (9330688 bytes)
[    0.627459] PM: Registering ACPI NVS region [mem 0x9e9cc000-0x9e9d3fff] (32768 bytes)
[    0.627459] clocksource: jiffies: mask: 0xffffffff max_cycles: 0xffffffff, max_idle_ns: 19112604462750000 ns
[    0.627459] futex hash table entries: 1024 (order: 4, 65536 bytes)
[    0.627459] kworker/u8:0 (22) used greatest stack depth: 14624 bytes left
[    0.627459] NET: Registered protocol family 16
[    0.627459] audit: initializing netlink subsys (disabled)
[    0.627459] audit: type=2000 audit(1558184718.060:1): state=initialized audit_enabled=0 res=1
[    0.627459] cpuidle: using governor ladder
[    0.627459] cpuidle: using governor menu
[    0.627459] ACPI FADT declares the system doesn't support PCIe ASPM, so disable it
[    0.627459] ACPI: bus type PCI registered
[    0.627459] PCI: MMCONFIG for domain 0000 [bus 00-ff] at [mem 0xe0000000-0xefffffff] (base 0xe0000000)
[    0.627459] PCI: not using MMCONFIG
[    0.627459] PCI: Using configuration type 1 for base access
[    0.627459] PCI: Using configuration type 1 for extended access
[    0.643026] kworker/u8:0 (39) used greatest stack depth: 14160 bytes left
[    0.672376] HugeTLB registered 2.00 MiB page size, pre-allocated 0 pages
[    0.683242] ACPI: Added _OSI(Module Device)
[    0.683242] ACPI: Added _OSI(Processor Device)
[    0.683242] ACPI: Added _OSI(3.0 _SCP Extensions)
[    0.683242] ACPI: Added _OSI(Processor Aggregator Device)
[    0.683242] ACPI: Added _OSI(Linux-Dell-Video)
[    0.683242] ACPI: Added _OSI(Linux-Lenovo-NV-HDMI-Audio)
[    0.683242] ACPI: Added _OSI(Linux-HPI-Hybrid-Graphics)
[    0.717553] ACPI: 5 ACPI AML tables successfully acquired and loaded
[    0.719671] ACPI: EC: EC started
[    0.719680] ACPI: EC: interrupt blocked
[    0.721791] ACPI: \: Used as first EC
[    0.721803] ACPI: \: GPE=0x3, EC_CMD/EC_SC=0x66, EC_DATA=0x62
[    0.721810] ACPI: EC: Boot ECDT EC used to handle transactions
[    0.726938] ACPI: [Firmware Bug]: BIOS _OSI(Linux) query ignored
[    0.731498] ACPI: Interpreter enabled
[    0.731577] ACPI: (supports S0 S3 S4 S5)
[    0.731587] ACPI: Using IOAPIC for interrupt routing
[    0.735323] PCI: MMCONFIG for domain 0000 [bus 00-ff] at [mem 0xe0000000-0xefffffff] (base 0xe0000000)
[    0.735323] PCI: MMCONFIG at [mem 0xe0000000-0xefffffff] reserved in ACPI motherboard resources
[    0.735323] PCI: Using host bridge windows from ACPI; if necessary, use "pci=nocrs" and report a bug
[    0.735323] ACPI: Enabled 3 GPEs in block 00 to 1F
[    0.761318] ACPI: PCI Root Bridge [PCI0] (domain 0000 [bus 00-ff])
[    0.761318] acpi PNP0A08:00: _OSC: OS supports [ExtendedConfig ASPM ClockPM Segments MSI HPX-Type3]
[    0.761318] acpi PNP0A08:00: _OSC: platform does not support [LTR]
[    0.761318] acpi PNP0A08:00: _OSC: OS now controls [PME AER PCIeCapability]
[    0.761318] acpi PNP0A08:00: FADT indicates ASPM is unsupported, using BIOS configuration
[    0.763988] PCI host bridge to bus 0000:00
[    0.763988] pci_bus 0000:00: root bus resource [io  0x0000-0x03af window]
[    0.763988] pci_bus 0000:00: root bus resource [io  0x03e0-0x0cf7 window]
[    0.763988] pci_bus 0000:00: root bus resource [io  0x03b0-0x03df window]
[    0.763988] pci_bus 0000:00: root bus resource [io  0x0d00-0xffff window]
[    0.763988] pci_bus 0000:00: root bus resource [mem 0x000a0000-0x000bffff window]
[    0.763988] pci_bus 0000:00: root bus resource [mem 0x000c0000-0x000dffff window]
[    0.763988] pci_bus 0000:00: root bus resource [mem 0xc0000000-0xffffffff window]
[    0.763988] pci_bus 0000:00: root bus resource [bus 00-ff]
[    0.763988] pci 0000:00:00.0: [1022:1536] type 00 class 0x060000
[    0.764383] pci 0000:00:01.0: [1002:9839] type 00 class 0x030000
[    0.764383] pci 0000:00:01.0: reg 0x10: [mem 0xc0000000-0xcfffffff 64bit pref]
[    0.764383] pci 0000:00:01.0: reg 0x18: [mem 0xd0000000-0xd07fffff 64bit pref]
[    0.764383] pci 0000:00:01.0: reg 0x20: [io  0xf000-0xf0ff]
[    0.764383] pci 0000:00:01.0: reg 0x24: [mem 0xfeb00000-0xfeb3ffff]
[    0.764383] pci 0000:00:01.0: reg 0x30: [mem 0xfeb40000-0xfeb5ffff pref]
[    0.764383] pci 0000:00:01.0: enabling Extended Tags
[    0.764383] pci 0000:00:01.0: BAR 0: assigned to efifb
[    0.764383] pci 0000:00:01.0: supports D1 D2
[    0.764383] pci 0000:00:01.0: PME# supported from D1 D2 D3hot
[    0.764869] pci 0000:00:01.1: [1002:9840] type 00 class 0x040300
[    0.764869] pci 0000:00:01.1: reg 0x10: [mem 0xfeb64000-0xfeb67fff 64bit]
[    0.764869] pci 0000:00:01.1: enabling Extended Tags
[    0.764869] pci 0000:00:01.1: supports D1 D2
[    0.765216] pci 0000:00:02.0: [1022:1538] type 00 class 0x060000
[    0.765464] pci 0000:00:02.2: [1022:1439] type 01 class 0x060400
[    0.765464] pci 0000:00:02.2: enabling Extended Tags
[    0.765464] pci 0000:00:02.2: PME# supported from D0 D3hot D3cold
[    0.765867] pci 0000:00:02.3: [1022:1439] type 01 class 0x060400
[    0.765867] pci 0000:00:02.3: enabling Extended Tags
[    0.765867] pci 0000:00:02.3: PME# supported from D0 D3hot D3cold
[    0.766255] pci 0000:00:10.0: [1022:7814] type 00 class 0x0c0330
[    0.766255] pci 0000:00:10.0: reg 0x10: [mem 0xfeb68000-0xfeb69fff 64bit]
[    0.766255] pci 0000:00:10.0: PME# supported from D0 D3hot D3cold
[    0.766713] pci 0000:00:11.0: [1022:7801] type 00 class 0x010601
[    0.766713] pci 0000:00:11.0: reg 0x10: [io  0xf140-0xf147]
[    0.766713] pci 0000:00:11.0: reg 0x14: [io  0xf130-0xf133]
[    0.766713] pci 0000:00:11.0: reg 0x18: [io  0xf120-0xf127]
[    0.766713] pci 0000:00:11.0: reg 0x1c: [io  0xf110-0xf113]
[    0.766713] pci 0000:00:11.0: reg 0x20: [io  0xf100-0xf10f]
[    0.766713] pci 0000:00:11.0: reg 0x24: [mem 0xfeb6f000-0xfeb6f3ff]
[    0.766713] pci 0000:00:11.0: PME# supported from D3hot
[    0.767153] pci 0000:00:12.0: [1022:7807] type 00 class 0x0c0310
[    0.767153] pci 0000:00:12.0: reg 0x10: [mem 0xfeb6e000-0xfeb6efff]
[    0.767442] pci 0000:00:12.2: [1022:7808] type 00 class 0x0c0320
[    0.767442] pci 0000:00:12.2: reg 0x10: [mem 0xfeb6d000-0xfeb6d0ff]
[    0.767442] pci 0000:00:12.2: supports D1 D2
[    0.767442] pci 0000:00:12.2: PME# supported from D0 D1 D2 D3hot D3cold
[    0.767814] pci 0000:00:13.0: [1022:7807] type 00 class 0x0c0310
[    0.767814] pci 0000:00:13.0: reg 0x10: [mem 0xfeb6c000-0xfeb6cfff]
[    0.768114] pci 0000:00:13.2: [1022:7808] type 00 class 0x0c0320
[    0.768114] pci 0000:00:13.2: reg 0x10: [mem 0xfeb6b000-0xfeb6b0ff]
[    0.768114] pci 0000:00:13.2: supports D1 D2
[    0.768114] pci 0000:00:13.2: PME# supported from D0 D1 D2 D3hot D3cold
[    0.768480] pci 0000:00:14.0: [1022:780b] type 00 class 0x0c0500
[    0.768750] pci 0000:00:14.2: [1022:780d] type 00 class 0x040300
[    0.768750] pci 0000:00:14.2: reg 0x10: [mem 0xfeb60000-0xfeb63fff 64bit]
[    0.768750] pci 0000:00:14.2: PME# supported from D0 D3hot D3cold
[    0.769098] pci 0000:00:14.3: [1022:780e] type 00 class 0x060100
[    0.769378] pci 0000:00:14.7: [1022:7813] type 00 class 0x080501
[    0.769378] pci 0000:00:14.7: reg 0x10: [mem 0xfeb6a000-0xfeb6a0ff 64bit]
[    0.769643] pci 0000:00:18.0: [1022:1530] type 00 class 0x060000
[    0.769872] pci 0000:00:18.1: [1022:1531] type 00 class 0x060000
[    0.770087] pci 0000:00:18.2: [1022:1532] type 00 class 0x060000
[    0.770303] pci 0000:00:18.3: [1022:1533] type 00 class 0x060000
[    0.770529] pci 0000:00:18.4: [1022:1534] type 00 class 0x060000
[    0.770750] pci 0000:00:18.5: [1022:1535] type 00 class 0x060000
[    0.771048] pci 0000:01:00.0: [168c:0032] type 00 class 0x028000
[    0.771048] pci 0000:01:00.0: reg 0x10: [mem 0xfea00000-0xfea7ffff 64bit]
[    0.771048] pci 0000:01:00.0: reg 0x30: [mem 0xfea80000-0xfea8ffff pref]
[    0.771048] pci 0000:01:00.0: supports D1 D2
[    0.771048] pci 0000:01:00.0: PME# supported from D0 D1 D2 D3hot D3cold
[    0.771048] pci 0000:00:02.2: PCI bridge to [bus 01]
[    0.771048] pci 0000:00:02.2:   bridge window [mem 0xfea00000-0xfeafffff]
[    0.771048] pci 0000:02:00.0: [10ec:8136] type 00 class 0x020000
[    0.771048] pci 0000:02:00.0: reg 0x10: [io  0xe000-0xe0ff]
[    0.771048] pci 0000:02:00.0: reg 0x18: [mem 0xd0804000-0xd0804fff 64bit pref]
[    0.771048] pci 0000:02:00.0: reg 0x20: [mem 0xd0800000-0xd0803fff 64bit pref]
[    0.771048] pci 0000:02:00.0: supports D1 D2
[    0.771048] pci 0000:02:00.0: PME# supported from D0 D1 D2 D3hot D3cold
[    0.773260] pci 0000:00:02.3: PCI bridge to [bus 02]
[    0.773260] pci 0000:00:02.3:   bridge window [io  0xe000-0xefff]
[    0.773260] pci 0000:00:02.3:   bridge window [mem 0xd0800000-0xd08fffff 64bit pref]
[    0.774975] ACPI: PCI Interrupt Link [LNKA] (IRQs 4 7 10 11 14 15) *0
[    0.774975] ACPI: PCI Interrupt Link [LNKB] (IRQs 4 7 10 11 14 15) *0
[    0.774975] ACPI: PCI Interrupt Link [LNKC] (IRQs 4 7 10 11 14 15) *0
[    0.774975] ACPI: PCI Interrupt Link [LNKD] (IRQs 4 7 10 11 14 15) *0
[    0.774975] ACPI: PCI Interrupt Link [LNKE] (IRQs 4 7 10 11 14 15) *0
[    0.774975] ACPI: PCI Interrupt Link [LNKF] (IRQs 4 7 10 11 14 15) *0
[    0.774975] ACPI: PCI Interrupt Link [LNKG] (IRQs 4 7 10 11 14 15) *0
[    0.774975] ACPI: PCI Interrupt Link [LNKH] (IRQs 4 7 10 11 14 15) *0
[    0.777524] ACPI: EC: interrupt unblocked
[    0.777524] ACPI: EC: event unblocked
[    0.777524] ACPI: \_SB_.PCI0.SBRG.EC0_: GPE=0x3, EC_CMD/EC_SC=0x66, EC_DATA=0x62
[    0.777524] ACPI: \_SB_.PCI0.SBRG.EC0_: Boot DSDT EC used to handle transactions and events
[    0.778377] pci 0000:00:01.0: vgaarb: setting as boot VGA device
[    0.778377] pci 0000:00:01.0: vgaarb: VGA device added: decodes=io+mem,owns=io+mem,locks=none
[    0.778377] pci 0000:00:01.0: vgaarb: bridge control possible
[    0.778377] vgaarb: loaded
[    0.778774] SCSI subsystem initialized
[    0.778868] libata version 3.00 loaded.
[    0.779725] ACPI: bus type USB registered
[    0.779927] usbcore: registered new interface driver usbfs
[    0.780020] usbcore: registered new interface driver hub
[    0.780069] usbcore: registered new device driver usb
[    0.780230] pps_core: LinuxPPS API ver. 1 registered
[    0.780230] pps_core: Software ver. 5.3.6 - Copyright 2005-2007 Rodolfo Giometti <giometti@linux.it>
[    0.780230] PTP clock support registered
[    0.780837] EDAC MC: Ver: 3.0.0
[    0.780837] Registered efivars operations
[    0.784984] Advanced Linux Sound Architecture Driver Initialized.
[    0.784984] PCI: Using ACPI for IRQ routing
[    0.791157] PCI: pci_cache_line_size set to 64 bytes
[    0.791157] e820: reserve RAM buffer [mem 0x9d0f8000-0x9fffffff]
[    0.791157] e820: reserve RAM buffer [mem 0x9d371000-0x9fffffff]
[    0.791157] e820: reserve RAM buffer [mem 0x9e9cc000-0x9fffffff]
[    0.791157] e820: reserve RAM buffer [mem 0x9eb25000-0x9fffffff]
[    0.791157] e820: reserve RAM buffer [mem 0x9f081000-0x9fffffff]
[    0.791157] e820: reserve RAM buffer [mem 0x9f400000-0x9fffffff]
[    0.791157] e820: reserve RAM buffer [mem 0x13f000000-0x13fffffff]
[    0.794975] NetLabel: Initializing
[    0.794975] NetLabel:  domain hash size = 128
[    0.794975] NetLabel:  protocols = UNLABELED CIPSOv4 CALIPSO
[    0.794975] NetLabel:  unlabeled traffic allowed by default
[    0.795259] hpet0: at MMIO 0xfed00000, IRQs 2, 8, 0
[    0.795259] hpet0: 3 comparators, 32-bit 14.318180 MHz counter
[    0.797459] clocksource: Switched to clocksource tsc-early
[    0.847275] VFS: Disk quotas dquot_6.6.0
[    0.847342] VFS: Dquot-cache hash table entries: 512 (order 0, 4096 bytes)
[    0.847434] *** VALIDATE hugetlbfs ***
[    0.847545] pnp: PnP ACPI init
[    0.847944] system 00:00: [mem 0xe0000000-0xefffffff] has been reserved
[    0.847981] system 00:00: Plug and Play ACPI device, IDs PNP0c01 (active)
[    0.848202] system 00:01: [mem 0xa0000000-0xbfffffff] has been reserved
[    0.848234] system 00:01: Plug and Play ACPI device, IDs PNP0c02 (active)
[    0.848414] system 00:02: Plug and Play ACPI device, IDs PNP0c02 (active)
[    0.848516] pnp 00:03: Plug and Play ACPI device, IDs PNP0b00 (active)
[    0.848709] system 00:04: [io  0x04d0-0x04d1] has been reserved
[    0.848740] system 00:04: Plug and Play ACPI device, IDs PNP0c02 (active)
[    0.848955] pnp 00:05: Plug and Play ACPI device, IDs ETD0108 SYN0a00 SYN0002 PNP0f03 PNP0f13 PNP0f12 (active)
[    0.849090] pnp 00:06: Plug and Play ACPI device, IDs ATK3001 PNP030b (active)
[    0.849876] system 00:07: [io  0x04d0-0x04d1] has been reserved
[    0.849890] system 00:07: [io  0x040b] has been reserved
[    0.849901] system 00:07: [io  0x04d6] has been reserved
[    0.849911] system 00:07: [io  0x0c00-0x0c01] has been reserved
[    0.849922] system 00:07: [io  0x0c14] has been reserved
[    0.849932] system 00:07: [io  0x0c50-0x0c51] has been reserved
[    0.849943] system 00:07: [io  0x0c52] has been reserved
[    0.849953] system 00:07: [io  0x0c6c] has been reserved
[    0.849963] system 00:07: [io  0x0c6f] has been reserved
[    0.849973] system 00:07: [io  0x0cd0-0x0cd1] has been reserved
[    0.849983] system 00:07: [io  0x0cd2-0x0cd3] has been reserved
[    0.849993] system 00:07: [io  0x0cd4-0x0cd5] has been reserved
[    0.850004] system 00:07: [io  0x0cd6-0x0cd7] has been reserved
[    0.850014] system 00:07: [io  0x0cd8-0x0cdf] has been reserved
[    0.850024] system 00:07: [io  0x0800-0x089f] has been reserved
[    0.850034] system 00:07: [io  0x0900-0x090f] has been reserved
[    0.850044] system 00:07: [io  0x0910-0x091f] has been reserved
[    0.850055] system 00:07: [io  0xfe00-0xfefe] has been reserved
[    0.850069] system 00:07: [mem 0xfec00000-0xfec00fff] could not be reserved
[    0.850081] system 00:07: [mem 0xfee00000-0xfee00fff] has been reserved
[    0.850092] system 00:07: [mem 0xfed80000-0xfed8ffff] has been reserved
[    0.850103] system 00:07: [mem 0xfed61000-0xfed70fff] has been reserved
[    0.850114] system 00:07: [mem 0xfec10000-0xfec10fff] has been reserved
[    0.850126] system 00:07: [mem 0xfed00000-0xfed00fff] could not be reserved
[    0.850138] system 00:07: [mem 0xff000000-0xffffffff] has been reserved
[    0.850167] system 00:07: Plug and Play ACPI device, IDs PNP0c02 (active)
[    0.851364] pnp: PnP ACPI: found 8 devices
[    0.863885] clocksource: acpi_pm: mask: 0xffffff max_cycles: 0xffffff, max_idle_ns: 2085701024 ns
[    0.864358] pci 0000:00:02.2: PCI bridge to [bus 01]
[    0.864379] pci 0000:00:02.2:   bridge window [mem 0xfea00000-0xfeafffff]
[    0.864397] pci 0000:00:02.3: PCI bridge to [bus 02]
[    0.864410] pci 0000:00:02.3:   bridge window [io  0xe000-0xefff]
[    0.864426] pci 0000:00:02.3:   bridge window [mem 0xd0800000-0xd08fffff 64bit pref]
[    0.864449] pci_bus 0000:00: resource 4 [io  0x0000-0x03af window]
[    0.864460] pci_bus 0000:00: resource 5 [io  0x03e0-0x0cf7 window]
[    0.864470] pci_bus 0000:00: resource 6 [io  0x03b0-0x03df window]
[    0.864480] pci_bus 0000:00: resource 7 [io  0x0d00-0xffff window]
[    0.864490] pci_bus 0000:00: resource 8 [mem 0x000a0000-0x000bffff window]
[    0.864500] pci_bus 0000:00: resource 9 [mem 0x000c0000-0x000dffff window]
[    0.864510] pci_bus 0000:00: resource 10 [mem 0xc0000000-0xffffffff window]
[    0.864521] pci_bus 0000:01: resource 1 [mem 0xfea00000-0xfeafffff]
[    0.864531] pci_bus 0000:02: resource 0 [io  0xe000-0xefff]
[    0.864540] pci_bus 0000:02: resource 2 [mem 0xd0800000-0xd08fffff 64bit pref]
[    0.864800] NET: Registered protocol family 2
[    0.865288] tcp_listen_portaddr_hash hash table entries: 2048 (order: 3, 32768 bytes)
[    0.865347] TCP established hash table entries: 32768 (order: 6, 262144 bytes)
[    0.865560] TCP bind hash table entries: 32768 (order: 7, 524288 bytes)
[    0.865789] TCP: Hash tables configured (established 32768 bind 32768)
[    0.865955] UDP hash table entries: 2048 (order: 4, 65536 bytes)
[    0.866012] UDP-Lite hash table entries: 2048 (order: 4, 65536 bytes)
[    0.866188] NET: Registered protocol family 1
[    0.870643] RPC: Registered named UNIX socket transport module.
[    0.870655] RPC: Registered udp transport module.
[    0.870662] RPC: Registered tcp transport module.
[    0.870668] RPC: Registered tcp NFSv4.1 backchannel transport module.
[    0.871078] pci 0000:00:01.0: Video device with shadowed ROM at [mem 0x000c0000-0x000dffff]
[    0.871625] pci 0000:00:12.0: enabling device (0000 -> 0002)
[    0.872231] pci 0000:00:12.2: PME# does not work under D3, disabling it
[    0.872254] pci 0000:00:13.0: enabling device (0000 -> 0002)
[    0.872851] pci 0000:00:13.2: PME# does not work under D3, disabling it
[    0.872937] PCI: CLS 64 bytes, default 64
[    0.873075] PCI-DMA: Using software bounce buffering for IO (SWIOTLB)
[    0.873086] software IO TLB: mapped [mem 0x97989000-0x9b989000] (64MB)
[    0.873269] amd_uncore: AMD NB counters detected
[    0.873285] amd_uncore: AMD LLC counters detected
[    0.873405] LVT offset 0 assigned for vector 0x400
[    0.873460] perf: AMD IBS detected (0x000000ff)
[    0.873481] kvm: no hardware support
[    0.873597] kvm: Nested Virtualization enabled
[    0.873609] kvm: Nested Paging enabled
[    0.874550] check: Scanning for low memory corruption every 60 seconds
[    0.874614] kworker/u8:2 (1101) used greatest stack depth: 14016 bytes left
[    0.878051] Initialise system trusted keyrings
[    0.878359] workingset: timestamp_bits=56 max_order=20 bucket_order=0
[    0.892874] fuse: init (API version 7.30)
[    0.893496] Key type asymmetric registered
[    0.893507] Asymmetric key parser 'x509' registered
[    0.893596] Block layer SCSI generic (bsg) driver version 0.4 loaded (major 249)
[    0.893609] io scheduler mq-deadline registered
[    0.893617] io scheduler kyber registered
[    0.894422] pcieport 0000:00:02.2: PME: Signaling with IRQ 25
[    0.895092] pcieport 0000:00:02.3: PME: Signaling with IRQ 27
[    0.896188] uvesafb: failed to execute /sbin/v86d
[    0.896200] uvesafb: make sure that the v86d helper is installed and executable
[    0.896212] uvesafb: Getting VBE info block failed (eax=0x4f00, err=-2)
[    0.896220] uvesafb: vbe_init() failed with -22
[    0.896236] uvesafb: probe of uvesafb.0 failed with error -22
[    0.896330] efifb: probing for efifb
[    0.896374] efifb: framebuffer at 0xc0000000, using 4224k, total 4224k
[    0.896383] efifb: mode is 1366x768x32, linelength=5632, pages=1
[    0.896389] efifb: scrolling: redraw
[    0.896398] efifb: Truecolor: size=8:8:8:8, shift=24:16:8:0
[    0.907126] Console: switching to colour frame buffer device 170x48
[    0.917447] fb0: EFI VGA frame buffer device
[    0.918075] ACPI: AC Adapter [AC0] (on-line)
[    0.918511] input: Power Button as /devices/LNXSYSTM:00/LNXSYBUS:00/PNP0C0C:00/input/input0
[    0.918670] ACPI: Power Button [PWRB]
[    0.918949] input: Lid Switch as /devices/LNXSYSTM:00/LNXSYBUS:00/PNP0C0D:00/input/input1
[    0.919096] ACPI: Lid Switch [LID]
[    0.919359] input: Sleep Button as /devices/LNXSYSTM:00/LNXSYBUS:00/PNP0C0E:00/input/input2
[    0.919523] ACPI: Sleep Button [SLPB]
[    0.919796] input: Power Button as /devices/LNXSYSTM:00/LNXPWRBN:00/input/input3
[    0.919935] ACPI: Power Button [PWRF]
[    0.925371] thermal LNXTHERM:00: registered as thermal_zone0
[    0.925479] ACPI: Thermal Zone [THRM] (76 C)
[    0.926027] Serial: 8250/16550 driver, 4 ports, IRQ sharing enabled
[    0.932332] Non-volatile memory driver v1.3
[    0.932585] Linux agpgart interface v0.103
[    0.939939] loop: module loaded
[    0.940563] ahci 0000:00:11.0: version 3.0
[    0.941516] ahci 0000:00:11.0: AHCI 0001.0300 32 slots 2 ports 6 Gbps 0x3 impl SATA mode
[    0.941662] ahci 0000:00:11.0: flags: 64bit ncq sntf ilck pm led clo pmp pio slum part 
[    0.948235] scsi host0: ahci
[    0.954500] scsi host1: ahci
[    0.957971] ata1: SATA max UDMA/133 abar m1024@0xfeb6f000 port 0xfeb6f100 irq 28
[    0.961217] ata2: SATA max UDMA/133 abar m1024@0xfeb6f000 port 0xfeb6f180 irq 28
[    0.965647] tun: Universal TUN/TAP device driver, 1.6
[    0.969116] e1000: Intel(R) PRO/1000 Network Driver - version 7.3.21-k8-NAPI
[    0.972374] e1000: Copyright (c) 1999-2006 Intel Corporation.
[    0.976219] e1000e: Intel(R) PRO/1000 Network Driver - 3.2.6-k
[    0.979390] e1000e: Copyright(c) 1999 - 2015 Intel Corporation.
[    0.982733] sky2: driver version 1.30
[    0.986082] r8169 0000:02:00.0: can't disable ASPM; OS doesn't have ASPM control
[    0.990337] libphy: r8169: probed
[    0.994160] r8169 0000:02:00.0 eth0: RTL8105e, 74:d0:2b:a3:a6:42, XID 40a, IRQ 30
[    0.997748] ath9k 0000:01:00.0: enabling device (0000 -> 0002)
[    1.001445] ath: phy0: Disable PLL PowerSave
[    1.011705] ath: phy0: ASPM enabled: 0x42
[    1.014938] ath: EEPROM regdomain: 0x60
[    1.014939] ath: EEPROM indicates we should expect a direct regpair map
[    1.014944] ath: Country alpha2 being used: 00
[    1.014946] ath: Regpair used: 0x60
[    1.017761] ieee80211 phy0: Selected rate control algorithm 'minstrel_ht'
[    1.018534] ieee80211 phy0: Atheros AR9485 Rev:1 mem=0xffffa04e02d80000, irq=31
[    1.022594] ehci_hcd: USB 2.0 'Enhanced' Host Controller (EHCI) Driver
[    1.025923] ehci-pci: EHCI PCI platform driver
[    1.029563] ehci-pci 0000:00:12.2: EHCI Host Controller
[    1.033551] ehci-pci 0000:00:12.2: new USB bus registered, assigned bus number 1
[    1.036946] ehci-pci 0000:00:12.2: applying AMD SB700/SB800/Hudson-2/3 EHCI dummy qh workaround
[    1.040355] ehci-pci 0000:00:12.2: debug port 1
[    1.043839] ehci-pci 0000:00:12.2: irq 17, io mem 0xfeb6d000
[    1.070988] ehci-pci 0000:00:12.2: USB 2.0 started, EHCI 1.00
[    1.074372] usb usb1: New USB device found, idVendor=1d6b, idProduct=0002, bcdDevice= 5.01
[    1.077743] usb usb1: New USB device strings: Mfr=3, Product=2, SerialNumber=1
[    1.081079] usb usb1: Product: EHCI Host Controller
[    1.084341] usb usb1: Manufacturer: Linux 5.1.0+ ehci_hcd
[    1.087560] usb usb1: SerialNumber: 0000:00:12.2
[    1.091888] hub 1-0:1.0: USB hub found
[    1.095002] hub 1-0:1.0: 4 ports detected
[    1.100445] ehci-pci 0000:00:13.2: EHCI Host Controller
[    1.103723] ehci-pci 0000:00:13.2: new USB bus registered, assigned bus number 2
[    1.106745] ehci-pci 0000:00:13.2: applying AMD SB700/SB800/Hudson-2/3 EHCI dummy qh workaround
[    1.109795] ehci-pci 0000:00:13.2: debug port 1
[    1.112894] ehci-pci 0000:00:13.2: irq 17, io mem 0xfeb6b000
[    1.140972] ehci-pci 0000:00:13.2: USB 2.0 started, EHCI 1.00
[    1.144018] usb usb2: New USB device found, idVendor=1d6b, idProduct=0002, bcdDevice= 5.01
[    1.147057] usb usb2: New USB device strings: Mfr=3, Product=2, SerialNumber=1
[    1.150104] usb usb2: Product: EHCI Host Controller
[    1.153112] usb usb2: Manufacturer: Linux 5.1.0+ ehci_hcd
[    1.156089] usb usb2: SerialNumber: 0000:00:13.2
[    1.160214] hub 2-0:1.0: USB hub found
[    1.163195] hub 2-0:1.0: 4 ports detected
[    1.168352] ohci_hcd: USB 1.1 'Open' Host Controller (OHCI) Driver
[    1.171442] ohci-pci: OHCI PCI platform driver
[    1.174653] ohci-pci 0000:00:12.0: OHCI PCI host controller
[    1.177784] ohci-pci 0000:00:12.0: new USB bus registered, assigned bus number 3
[    1.180796] ohci-pci 0000:00:12.0: irq 18, io mem 0xfeb6e000
[    1.222800] battery: ACPI: Battery Slot [BAT0] (battery present)
[    1.255113] usb usb3: New USB device found, idVendor=1d6b, idProduct=0001, bcdDevice= 5.01
[    1.258115] usb usb3: New USB device strings: Mfr=3, Product=2, SerialNumber=1
[    1.261098] usb usb3: Product: OHCI PCI host controller
[    1.264021] usb usb3: Manufacturer: Linux 5.1.0+ ohci_hcd
[    1.266904] usb usb3: SerialNumber: 0000:00:12.0
[    1.270160] hub 3-0:1.0: USB hub found
[    1.273012] hub 3-0:1.0: 4 ports detected
[    1.278204] ohci-pci 0000:00:13.0: OHCI PCI host controller
[    1.281332] ohci-pci 0000:00:13.0: new USB bus registered, assigned bus number 4
[    1.284208] ohci-pci 0000:00:13.0: irq 18, io mem 0xfeb6c000
[    1.301002] ata2: SATA link down (SStatus 0 SControl 300)
[    1.355073] usb usb4: New USB device found, idVendor=1d6b, idProduct=0001, bcdDevice= 5.01
[    1.357956] usb usb4: New USB device strings: Mfr=3, Product=2, SerialNumber=1
[    1.360808] usb usb4: Product: OHCI PCI host controller
[    1.363637] usb usb4: Manufacturer: Linux 5.1.0+ ohci_hcd
[    1.366472] usb usb4: SerialNumber: 0000:00:13.0
[    1.369745] hub 4-0:1.0: USB hub found
[    1.372545] hub 4-0:1.0: 4 ports detected
[    1.377514] uhci_hcd: USB Universal Host Controller Interface driver
[    1.380515] usbcore: registered new interface driver usblp
[    1.383441] usbcore: registered new interface driver usb-storage
[    1.386373] usbcore: registered new interface driver ch341
[    1.389161] usbserial: USB Serial support registered for ch341-uart
[    1.392400] i8042: PNP: PS/2 Controller [PNP030b:PS2K,PNP0f03:PS2M] at 0x60,0x64 irq 1,12
[    1.396984] i8042: Detected active multiplexing controller, rev 1.1
[    1.400497] serio: i8042 KBD port at 0x60,0x64 irq 1
[    1.403403] serio: i8042 AUX0 port at 0x60,0x64 irq 12
[    1.406301] serio: i8042 AUX1 port at 0x60,0x64 irq 12
[    1.409171] serio: i8042 AUX2 port at 0x60,0x64 irq 12
[    1.412079] serio: i8042 AUX3 port at 0x60,0x64 irq 12
[    1.415327] mousedev: PS/2 mouse device common for all mice
[    1.418933] rtc_cmos 00:03: RTC can wake from S4
[    1.421961] rtc_cmos 00:03: registered as rtc0
[    1.424634] rtc_cmos 00:03: alarms up to one month, y3k, 114 bytes nvram, hpet irqs
[    1.427909] device-mapper: ioctl: 4.40.0-ioctl (2019-01-18) initialised: dm-devel@redhat.com
[    1.430849] EFI Variables Facility v0.08 2004-May-17
[    1.443303] hidraw: raw HID events driver (C) Jiri Kosina
[    1.449403] usbcore: registered new interface driver usbhid
[    1.452217] usbhid: USB HID core driver
[    1.460624] input: AT Translated Set 2 keyboard as /devices/platform/i8042/serio0/input/input4
[    1.465995] snd_hda_intel 0000:00:01.1: enabling device (0000 -> 0002)
[    1.469134] snd_hda_intel 0000:00:01.1: Force to non-snoop mode
[    1.476515] Initializing XFRM netlink socket
[    1.480338] NET: Registered protocol family 10
[    1.484105] Segment Routing with IPv6
[    1.486971] sit: IPv6, IPv4 and MPLS over IPv4 tunneling driver
[    1.490291] NET: Registered protocol family 17
[    1.493828] snd_hda_codec_generic hdaudioC0D0: autoconfig for Generic: line_outs=0 (0x0/0x0/0x0/0x0/0x0) type:line
[    1.496746] snd_hda_codec_generic hdaudioC0D0:    speaker_outs=0 (0x0/0x0/0x0/0x0/0x0)
[    1.499686] snd_hda_codec_generic hdaudioC0D0:    hp_outs=0 (0x0/0x0/0x0/0x0/0x0)
[    1.502645] snd_hda_codec_generic hdaudioC0D0:    mono: mono_out=0x0
[    1.505530] snd_hda_codec_generic hdaudioC0D0:    dig-out=0x3/0x0
[    1.508378] snd_hda_codec_generic hdaudioC0D0:    inputs:
[    1.511214] ata1: SATA link up 6.0 Gbps (SStatus 133 SControl 300)
[    1.515182] mce: Using 6 MCE banks
[    1.518095] microcode: CPU0: patch_level=0x0700010b
[    1.520847] microcode: CPU1: patch_level=0x0700010b
[    1.521894] ata1.00: ATA-8: KINGSTON SV300S37A120G, 603ABBF0, max UDMA/133
[    1.526324] ata1.00: 234441648 sectors, multi 1: LBA48 NCQ (depth 32), AA
[    1.529897] random: fast init done
[    1.535446] microcode: Microcode Update Driver: v2.2.
[    1.535481] sched_clock: Marking stable (1529243234, 1662340)->(1650977264, -120071690)
[    1.538042] ata1.00: configured for UDMA/133
[    1.544475] scsi 0:0:0:0: Direct-Access     ATA      KINGSTON SV300S3 BBF0 PQ: 0 ANSI: 5
[    1.548180] sd 0:0:0:0: [sda] 234441648 512-byte logical blocks: (120 GB/112 GiB)
[    1.551371] sd 0:0:0:0: [sda] Write Protect is off
[    1.554325] sd 0:0:0:0: [sda] Mode Sense: 00 3a 00 00
[    1.554411] sd 0:0:0:0: [sda] Write cache: enabled, read cache: enabled, doesn't support DPO or FUA
[    1.557555] registered taskstats version 1
[    1.557616] sd 0:0:0:0: Attached scsi generic sg0 type 0
[    1.560517] Loading compiled-in X.509 certificates
[    1.567009] snd_hda_codec_realtek hdaudioC1D0: autoconfig for ALC3229: line_outs=1 (0x14/0x0/0x0/0x0/0x0) type:speaker
[    1.568911] acpi_cpufreq: overriding BIOS provided _PSD data
[    1.570266] snd_hda_codec_realtek hdaudioC1D0:    speaker_outs=0 (0x0/0x0/0x0/0x0/0x0)
[    1.576961] snd_hda_codec_realtek hdaudioC1D0:    hp_outs=1 (0x21/0x0/0x0/0x0/0x0)
[    1.580295] snd_hda_codec_realtek hdaudioC1D0:    mono: mono_out=0x0
[    1.583630] snd_hda_codec_realtek hdaudioC1D0:    inputs:
[    1.586905] snd_hda_codec_realtek hdaudioC1D0:      Mic=0x19
[    1.589268] cfg80211: Loading compiled-in X.509 certificates for regulatory database
[    1.595054] input: HDA ATI HDMI HDMI as /devices/pci0000:00/0000:00:01.1/sound/card0/input7
[    1.603336]  sda: sda1 sda2 sda3 sda4 sda5 sda6
[    1.609243] sd 0:0:0:0: [sda] Attached SCSI disk
[    1.620601] input: HD-Audio Generic Headphone as /devices/pci0000:00/0000:00:14.2/sound/card1/input11
[    1.620714] cfg80211: Loaded X.509 cert 'sforshee: 00b28ddf47aef9cea7'
[    1.627297] platform regulatory.0: Direct firmware load for regulatory.db failed with error -2
[    1.630681] color: -117993600810855
[    1.630683] se->load.weight: 1048576
[    1.630685] task->comm: swapper/0
[    1.630686] color: 1
[    1.630688] se->load.weight: 1048576
[    1.630689] task->comm: kworker/u8:0
[    1.630690] color: -117993600810855
[    1.630692] se->load.weight: 1048576
[    1.630693] task->comm: kworker/u8:0
[    1.630694] thread: 3
[    1.630696] rq->cfs.load.weight: 4194304
[    1.665800] ALSA device list:
[    1.669018]   #0: HDA ATI HDMI at 0xfeb64000 irq 33
[    1.672077]   #1: HD-Audio Generic at 0xfeb60000 irq 16
[    1.675233] cfg80211: failed to load regulatory.db
[    1.837522] usb 4-2: new full-speed USB device number 2 using ohci-pci
[    1.917477] tsc: Refined TSC clocksource calibration: 998.127 MHz
[    1.920604] clocksource: tsc: mask: 0xffffffffffffffff max_cycles: 0x1cc65b93289, max_idle_ns: 881590487074 ns
[    1.924223] clocksource: Switched to clocksource tsc
[    2.110063] usb 4-2: New USB device found, idVendor=13d3, idProduct=3362, bcdDevice= 0.01
[    2.113331] usb 4-2: New USB device strings: Mfr=1, Product=2, SerialNumber=3
[    2.116540] usb 4-2: Product: Bluetooth USB Host Controller
[    2.119720] usb 4-2: Manufacturer: Atheros Communications
[    2.122849] usb 4-2: SerialNumber: Alaska Day 2006
[    2.293799] input: PS/2 Logitech Wheel Mouse as /devices/platform/i8042/serio4/input/input14
[    2.299910] md: Waiting for all devices to be available before autodetect
[    2.303060] md: If you don't use raid, use raid=noautodetect
[    2.307102] md: Autodetecting RAID arrays.
[    2.310249] md: autorun ...
[    2.313259] md: ... autorun DONE.
[    2.320826] EXT4-fs (sda2): mounted filesystem with ordered data mode. Opts: (null)
[    2.323872] VFS: Mounted root (ext4 filesystem) readonly on device 8:2.
[    2.328446] devtmpfs: mounted
[    2.332335] Freeing unused kernel image memory: 1296K
[    2.357571] Write protecting the kernel read-only data: 22528k
[    2.362315] Freeing unused kernel image memory: 1984K
[    2.366597] Freeing unused kernel image memory: 1692K
[    2.369640] Run /sbin/init as init process
[    2.421806] stty (1757) used greatest stack depth: 13792 bytes left
[    2.517517] usb 2-3: new high-speed USB device number 3 using ehci-pci
[    2.522019] sed (1771) used greatest stack depth: 13576 bytes left
[    2.637521] color: 1
[    2.640692] se->load.weight: 1048576
[    2.643914] task->comm: rcu_sched
[    2.647138] color: -117993581969256
[    2.650417] se->load.weight: 1048576
[    2.653676] task->comm: kworker/0:0
[    2.653679] color: 1
[    2.653680] se->load.weight: 1048576
[    2.653682] task->comm: S08localnet
[    2.653683] thread: 3
[    2.653685] rq->cfs.load.weight: 1048576
[    2.699307] ip (1815) used greatest stack depth: 12400 bytes left
[    2.760322] usb 2-3: New USB device found, idVendor=04f2, idProduct=b404, bcdDevice=69.63
[    2.763814] usb 2-3: New USB device strings: Mfr=3, Product=1, SerialNumber=2
[    2.767290] usb 2-3: Product: USB2.0 HD UVC WebCam
[    2.770691] usb 2-3: Manufacturer: Chicony Electronics Co.,Ltd.
[    2.774027] usb 2-3: SerialNumber: 0x0001
[    2.807671] udevd[1849]: starting version 3.2.1
[    2.816739] random: udevd: uninitialized urandom read (16 bytes read)
[    2.820515] random: udevd: uninitialized urandom read (16 bytes read)
[    2.824107] random: udevd: uninitialized urandom read (16 bytes read)
[    2.841961] udevd[1850]: starting eudev-3.2.1
[    3.190999] ath9k 0000:01:00.0 wlp1s0: renamed from wlan0
[    3.218180] r8169 0000:02:00.0 enp2s0: renamed from eth0
[    3.369315] [drm] radeon kernel modesetting enabled.
[    3.372587] radeon 0000:00:01.0: remove_conflicting_pci_framebuffers: bar 0: 0xc0000000 -> 0xcfffffff
[    3.375909] radeon 0000:00:01.0: remove_conflicting_pci_framebuffers: bar 2: 0xd0000000 -> 0xd07fffff
[    3.379290] radeon 0000:00:01.0: remove_conflicting_pci_framebuffers: bar 5: 0xfeb00000 -> 0xfeb3ffff
[    3.414521] checking generic (c0000000 420000) vs hw (c0000000 10000000)
[    3.414527] fb0: switching to radeondrmfb from EFI VGA
[    3.417889] Console: switching to colour dummy device 80x25
[    3.421745] radeon 0000:00:01.0: vgaarb: deactivate vga console
[    3.422886] [drm] initializing kernel modesetting (KABINI 0x1002:0x9839 0x1043:0x141D 0x00).
[    3.422949] [drm] doorbell mmio base: 0xD0000000
[    3.422957] [drm] doorbell mmio size: 8388608
[    3.422988] ATOM BIOS: AMD
[    3.423062] [drm] Changing default dispclk from 400Mhz to 600Mhz
[    3.423101] radeon 0000:00:01.0: VRAM: 512M 0x0000000000000000 - 0x000000001FFFFFFF (512M used)
[    3.423116] radeon 0000:00:01.0: GTT: 2048M 0x0000000020000000 - 0x000000009FFFFFFF
[    3.423137] [drm] Detected VRAM RAM=512M, BAR=256M
[    3.423144] [drm] RAM width 128bits DDR
[    3.426572] [TTM] Zone  kernel: Available graphics memory: 1729516 KiB
[    3.426590] [TTM] Initializing pool allocator
[    3.426609] [TTM] Initializing DMA pool allocator
[    3.426673] [drm] radeon: 512M of VRAM memory ready
[    3.426682] [drm] radeon: 2048M of GTT memory ready.
[    3.426735] [drm] Loading kabini Microcode
[    3.434939] [drm] Internal thermal controller without fan control
[    3.435847] [drm] radeon: dpm initialized
[    3.437121] [drm] Found UVD firmware Version: 1.64 Family ID: 9
[    3.441829] [drm] Found VCE firmware/feedback version 40.2.2 / 15!
[    3.441886] [drm] GART: num cpu pages 524288, num gpu pages 524288
[    3.490555] [drm] PCIE GART of 2048M enabled (table at 0x000000000030E000).
[    3.490832] radeon 0000:00:01.0: WB enabled
[    3.490879] radeon 0000:00:01.0: fence driver on ring 0 use gpu addr 0x0000000020000c00 and cpu addr 0x(____ptrval____)
[    3.490897] radeon 0000:00:01.0: fence driver on ring 1 use gpu addr 0x0000000020000c04 and cpu addr 0x(____ptrval____)
[    3.490911] radeon 0000:00:01.0: fence driver on ring 2 use gpu addr 0x0000000020000c08 and cpu addr 0x(____ptrval____)
[    3.490926] radeon 0000:00:01.0: fence driver on ring 3 use gpu addr 0x0000000020000c0c and cpu addr 0x(____ptrval____)
[    3.490939] radeon 0000:00:01.0: fence driver on ring 4 use gpu addr 0x0000000020000c10 and cpu addr 0x(____ptrval____)
[    3.491869] radeon 0000:00:01.0: fence driver on ring 5 use gpu addr 0x0000000000078d30 and cpu addr 0x(____ptrval____)
[    3.492262] radeon 0000:00:01.0: fence driver on ring 6 use gpu addr 0x0000000020000c18 and cpu addr 0x(____ptrval____)
[    3.492278] radeon 0000:00:01.0: fence driver on ring 7 use gpu addr 0x0000000020000c1c and cpu addr 0x(____ptrval____)
[    3.492292] [drm] Supports vblank timestamp caching Rev 2 (21.10.2013).
[    3.492299] [drm] Driver supports precise vblank timestamp query.
[    3.492420] radeon 0000:00:01.0: radeon: using MSI.
[    3.492487] [drm] radeon: irq initialized.
[    3.496327] [drm] ring test on 0 succeeded in 3 usecs
[    3.496443] [drm] ring test on 1 succeeded in 3 usecs
[    3.496482] [drm] ring test on 2 succeeded in 4 usecs
[    3.496807] [drm] ring test on 3 succeeded in 6 usecs
[    3.496826] [drm] ring test on 4 succeeded in 6 usecs
[    3.605566] [drm] ring test on 5 succeeded in 2 usecs
[    3.628436] [drm] UVD initialized successfully.
[    3.647497] color: 1
[    3.647514] se->load.weight: 1048576
[    3.647521] task->comm: udevd
[    3.647527] thread: 1
[    3.647532] rq->cfs.load.weight: 1048576
[    3.763455] [drm] ring test on 6 succeeded in 19 usecs
[    3.763488] [drm] ring test on 7 succeeded in 3 usecs
[    3.763495] [drm] VCE initialized successfully.
[    3.765980] [drm] ib test on ring 0 succeeded in 0 usecs
[    3.766597] [drm] ib test on ring 1 succeeded in 0 usecs
[    3.766871] [drm] ib test on ring 2 succeeded in 0 usecs
[    3.767495] [drm] ib test on ring 3 succeeded in 0 usecs
[    3.767813] [drm] ib test on ring 4 succeeded in 0 usecs
[    4.297663] [drm] ib test on ring 5 succeeded
[    4.318887] [drm] ib test on ring 6 succeeded
[    4.319864] [drm] ib test on ring 7 succeeded
[    4.367524] [drm] radeon atom DIG backlight initialized
[    4.367546] [drm] Radeon Display Connectors
[    4.367553] [drm] Connector 0:
[    4.367559] [drm]   LVDS-1
[    4.367564] [drm]   HPD1
[    4.367572] [drm]   DDC: 0x6530 0x6530 0x6534 0x6534 0x6538 0x6538 0x653c 0x653c
[    4.367581] [drm]   Encoders:
[    4.367587] [drm]     LCD1: INTERNAL_UNIPHY
[    4.367593] [drm] Connector 1:
[    4.367598] [drm]   HDMI-A-1
[    4.367603] [drm]   HPD2
[    4.367610] [drm]   DDC: 0x6540 0x6540 0x6544 0x6544 0x6548 0x6548 0x654c 0x654c
[    4.367618] [drm]   Encoders:
[    4.367624] [drm]     DFP1: INTERNAL_UNIPHY
[    4.367630] [drm] Connector 2:
[    4.367635] [drm]   VGA-1
[    4.367642] [drm]   DDC: 0x65c0 0x65c0 0x65c4 0x65c4 0x65c8 0x65c8 0x65cc 0x65cc
[    4.367650] [drm]   Encoders:
[    4.367656] [drm]     CRT1: INTERNAL_KLDSCP_DAC1
[    4.657471] thread: 0
[    4.657487] rq->cfs.load.weight: 0
[    5.449647] [drm] fb mappable at 0xC0722000
[    5.449661] [drm] vram apper at 0xC0000000
[    5.449668] [drm] size 4325376
[    5.449673] [drm] fb depth is 24
[    5.449679] [drm]    pitch is 5632
[    5.450088] fbcon: radeondrmfb (fb0) is primary device
[    5.557728] Console: switching to colour frame buffer device 170x48
[    5.568147] radeon 0000:00:01.0: fb0: radeondrmfb frame buffer device
[    5.616294] [drm] Initialized radeon 2.50.0 20080528 for 0000:00:01.0 on minor 0
[    5.667525] color: 1
[    5.667594] se->load.weight: 1048576
[    5.667656] task->comm: kworker/0:2
[    5.667713] color: 1
[    5.667751] se->load.weight: 1048576
[    5.667809] task->comm: ksoftirqd/0
[    5.667866] color: 1
[    5.667903] se->load.weight: 1048576
[    5.667961] task->comm: S20swap
[    5.668013] thread: 3
[    5.668053] rq->cfs.load.weight: 1048576
[    5.711781] Adding 3608572k swap on /dev/sda4.  Priority:1 extents:1 across:3608572k SS
[    5.764489] EXT4-fs (sda2): re-mounted. Opts: (null)
[    5.872476] EXT4-fs (sda2): re-mounted. Opts: (null)
[    6.677497] color: 1
[    6.680657] se->load.weight: 1048576
[    6.683875] task->comm: gzip
[    6.687034] thread: 1
[    6.690227] rq->cfs.load.weight: 1048576
[    7.688189] color: -117993636757351
[    7.691444] se->load.weight: 1048576
[    7.694778] task->comm: syslogd
[    7.698145] color: -117993636757351
[    7.701433] se->load.weight: 1048576
[    7.704729] task->comm: syslogd
[    7.708049] color: -117993636753895
[    7.711390] se->load.weight: 1048576
[    7.714744] task->comm: syslogd
[    7.718065] color: -117993636753895
[    7.721331] se->load.weight: 1048576
[    7.724568] task->comm: syslogd
[    7.727774] color: 1
[    7.730789] se->load.weight: 1048576
[    7.733700] task->comm: syslogd
[    7.736627] color: -117993592615399
[    7.739600] se->load.weight: 1048576
[    7.742501] task->comm: syslogd
[    7.745398] color: -117993639620199
[    7.748340] se->load.weight: 1048576
[    7.751280] task->comm: syslogd
[    7.754232] color: -117993667028072
[    7.757121] se->load.weight: 1048576
[    7.760067] task->comm: syslogd
[    7.763007] color: -117993667017703
[    7.765953] se->load.weight: 1048576
[    7.768797] task->comm: syslogd
[    7.771462] color: -117993667014247
[    7.774039] se->load.weight: 1048576
[    7.776524] task->comm: syslogd
[    7.779047] color: -117993666831463
[    7.781451] se->load.weight: 1048576
[    7.783739] task->comm: syslogd
[    7.786004] color: -117993667017703
[    7.788293] se->load.weight: 1048576
[    7.790562] task->comm: syslogd
[    7.792857] color: -117993667017703
[    7.795097] se->load.weight: 1048576
[    7.797294] task->comm: syslogd
[    7.799512] color: -117993666821095
[    7.801758] se->load.weight: 1048576
[    7.803966] task->comm: syslogd
[    7.806146] color: -117993666740071
[    7.808328] se->load.weight: 1048576
[    7.810438] task->comm: syslogd
[    7.812578] color: -117993666740071
[    7.814704] se->load.weight: 1048576
[    7.816832] task->comm: syslogd
[    7.818926] color: -117993666733160
[    7.820932] se->load.weight: 1048576
[    7.822941] task->comm: syslogd
[    7.824943] color: -117993639620199
[    7.826942] se->load.weight: 1048576
[    7.828966] task->comm: syslogd
[    7.830932] color: -117993639620199
[    7.832907] se->load.weight: 1048576
[    7.834881] task->comm: syslogd
[    7.836838] color: 1
[    7.838781] se->load.weight: 1048576
[    7.840742] task->comm: syslogd
[    7.842673] color: -117993639620199
[    7.844692] se->load.weight: 1048576
[    7.846660] task->comm: syslogd
[    7.848673] color: -117993666365799
[    7.850669] se->load.weight: 1048576
[    7.852666] task->comm: syslogd
[    7.854648] color: -117993666319207
[    7.856608] se->load.weight: 1048576
[    7.858590] task->comm: wpa_supplicant
[    7.860556] thread: 23
[    7.862528] rq->cfs.load.weight: 12582912
[    7.949791] urandom_read: 6 callbacks suppressed
[    7.949797] random: wpa_supplicant: uninitialized urandom read (32 bytes read)
[    8.697472] thread: 0
[    8.699576] rq->cfs.load.weight: 1048576
[    9.315405] wlp1s0: authenticate with 64:66:b3:cd:9a:3a
[    9.333244] wlp1s0: send auth to 64:66:b3:cd:9a:3a (try 1/3)
[    9.338593] wlp1s0: authenticated
[    9.347984] wlp1s0: associate with 64:66:b3:cd:9a:3a (try 1/3)
[    9.354693] wlp1s0: RX AssocResp from 64:66:b3:cd:9a:3a (capab=0x431 status=0 aid=1)
[    9.357198] wlp1s0: associated
[    9.387553] IPv6: ADDRCONF(NETDEV_CHANGE): wlp1s0: link becomes ready
[    9.707473] thread: 0
[    9.709881] rq->cfs.load.weight: 1048576
[   10.717476] thread: 0
[   10.719901] rq->cfs.load.weight: 1048576
[   11.083516] udevd (2258) used greatest stack depth: 11736 bytes left
[   11.727477] thread: 0
[   11.729994] rq->cfs.load.weight: 0
[   12.737471] thread: 0
[   12.739980] rq->cfs.load.weight: 0
[   13.747477] thread: 0
[   13.749986] rq->cfs.load.weight: 0
[   14.757475] thread: 0
[   14.759984] rq->cfs.load.weight: 0
[   15.767475] thread: 0
[   15.769983] rq->cfs.load.weight: 0
[   16.777512] color: 1
[   16.777574] se->load.weight: 1048576
[   16.777634] task->comm: kworker/0:2
[   16.777691] color: 1
[   16.777729] se->load.weight: 1048576
[   16.777787] task->comm: rcu_sched
[   16.777841] thread: 2
[   16.777881] rq->cfs.load.weight: 1307648
[   17.787513] color: 1
[   17.787524] se->load.weight: 1048576
[   17.787529] task->comm: rcu_sched
[   17.787533] color: 1
[   17.787536] se->load.weight: 1307648
[   17.787539] task->comm: Xorg
[   17.787542] thread: 2
[   17.787545] rq->cfs.load.weight: 1307648
[   18.797475] thread: 0
[   18.797485] rq->cfs.load.weight: 0
[   19.807478] thread: 0
[   19.807488] rq->cfs.load.weight: 0
[   20.817482] thread: 0
[   20.817491] rq->cfs.load.weight: 1048576
[   24.550074] random: crng init done
