[    0.000000] Linux version 5.2.0-rc4+ (root@(none)) (gcc version 9.0.1 20190416 (experimental) (GCC)) #58 SMP Tue Jun 18 20:57:12 +05 2019
[    0.000000] Command line: BOOT_IMAGE=/boot/bzImage root=/dev/sda2 ro
[    0.000000] x86/fpu: Supporting XSAVE feature 0x001: 'x87 floating point registers'
[    0.000000] x86/fpu: Supporting XSAVE feature 0x002: 'SSE registers'
[    0.000000] x86/fpu: Supporting XSAVE feature 0x004: 'AVX registers'
[    0.000000] x86/fpu: xstate_offset[2]:  576, xstate_sizes[2]:  256
[    0.000000] x86/fpu: Enabled xstate features 0x7, context size is 832 bytes, using 'standard' format.
[    0.000000] BIOS-provided physical RAM map:
[    0.000000] BIOS-e820: [mem 0x0000000000000000-0x000000000009ffff] usable
[    0.000000] BIOS-e820: [mem 0x0000000000100000-0x000000009d0f7fff] usable
[    0.000000] BIOS-e820: [mem 0x000000009d0f8000-0x000000009d127fff] reserved
[    0.000000] BIOS-e820: [mem 0x000000009d128000-0x000000009d370fff] usable
[    0.000000] BIOS-e820: [mem 0x000000009d371000-0x000000009dc56fff] ACPI NVS
[    0.000000] BIOS-e820: [mem 0x000000009dc57000-0x000000009e959fff] reserved
[    0.000000] BIOS-e820: [mem 0x000000009e95a000-0x000000009e9cafff] type 20
[    0.000000] BIOS-e820: [mem 0x000000009e9cb000-0x000000009e9cbfff] usable
[    0.000000] BIOS-e820: [mem 0x000000009e9cc000-0x000000009e9d3fff] ACPI NVS
[    0.000000] BIOS-e820: [mem 0x000000009e9d4000-0x000000009eb24fff] usable
[    0.000000] BIOS-e820: [mem 0x000000009eb25000-0x000000009f041fff] reserved
[    0.000000] BIOS-e820: [mem 0x000000009f042000-0x000000009f080fff] usable
[    0.000000] BIOS-e820: [mem 0x000000009f081000-0x000000009f3f1fff] reserved
[    0.000000] BIOS-e820: [mem 0x000000009f3f2000-0x000000009f3fffff] usable
[    0.000000] BIOS-e820: [mem 0x00000000fec00000-0x00000000fec01fff] reserved
[    0.000000] BIOS-e820: [mem 0x00000000fec10000-0x00000000fec10fff] reserved
[    0.000000] BIOS-e820: [mem 0x00000000fed00000-0x00000000fed00fff] reserved
[    0.000000] BIOS-e820: [mem 0x00000000fed80000-0x00000000fed8ffff] reserved
[    0.000000] BIOS-e820: [mem 0x00000000ff000000-0x00000000ffffffff] reserved
[    0.000000] BIOS-e820: [mem 0x0000000100001000-0x000000013effffff] usable
[    0.000000] NX (Execute Disable) protection: active
[    0.000000] efi: EFI v2.31 by American Megatrends
[    0.000000] efi:  ACPI=0x9d3f3000  ACPI 2.0=0x9d3f3000  SMBIOS=0x9e958998 
[    0.000000] SMBIOS 2.7 present.
[    0.000000] DMI: ASUSTeK COMPUTER INC. X102BA/X102BA, BIOS X102BA.212 08/30/2013
[    0.000000] tsc: Fast TSC calibration using PIT
[    0.000000] tsc: Detected 998.065 MHz processor
[    0.000215] e820: update [mem 0x00000000-0x00000fff] usable ==> reserved
[    0.000219] e820: remove [mem 0x000a0000-0x000fffff] usable
[    0.000241] last_pfn = 0x13f000 max_arch_pfn = 0x400000000
[    0.000251] MTRR default type: uncachable
[    0.000253] MTRR fixed ranges enabled:
[    0.000256]   00000-9FFFF write-back
[    0.000259]   A0000-BFFFF write-through
[    0.000261]   C0000-DFFFF uncachable
[    0.000264]   E0000-FFFFF write-protect
[    0.000265] MTRR variable ranges enabled:
[    0.000269]   0 base 0000000000 mask FF80000000 write-back
[    0.000273]   1 base 0080000000 mask FFE0000000 write-back
[    0.000276]   2 base 009F400000 mask FFFFC00000 uncachable
[    0.000279]   3 base 009F800000 mask FFFF800000 uncachable
[    0.000280]   4 disabled
[    0.000281]   5 disabled
[    0.000282]   6 disabled
[    0.000283]   7 disabled
[    0.000286] TOM2: 000000013f000000 aka 5104M
[    0.000816] x86/PAT: Configuration [0-7]: WB  WC  UC- UC  WB  WP  UC- WT  
[    0.001084] e820: update [mem 0x9f400000-0xffffffff] usable ==> reserved
[    0.001098] last_pfn = 0x9f400 max_arch_pfn = 0x400000000
[    0.014353] check: Scanning 1 areas for low memory corruption
[    0.014366] Using GB pages for direct mapping
[    0.014374] BRK [0x2be01000, 0x2be01fff] PGTABLE
[    0.014379] BRK [0x2be02000, 0x2be02fff] PGTABLE
[    0.014383] BRK [0x2be03000, 0x2be03fff] PGTABLE
[    0.014453] BRK [0x2be04000, 0x2be04fff] PGTABLE
[    0.014458] BRK [0x2be05000, 0x2be05fff] PGTABLE
[    0.014526] BRK [0x2be06000, 0x2be06fff] PGTABLE
[    0.015112] BRK [0x2be07000, 0x2be07fff] PGTABLE
[    0.015273] BRK [0x2be08000, 0x2be08fff] PGTABLE
[    0.015392] BRK [0x2be09000, 0x2be09fff] PGTABLE
[    0.015571] BRK [0x2be0a000, 0x2be0afff] PGTABLE
[    0.015790] BRK [0x2be0b000, 0x2be0bfff] PGTABLE
[    0.015908] Secure boot could not be determined
[    0.015924] ACPI: Early table checksum verification disabled
[    0.015934] ACPI: RSDP 0x000000009D3F3000 000024 (v02 _ASUS_)
[    0.015946] ACPI: XSDT 0x000000009D3F3088 000094 (v01 _ASUS_ Notebook 01072009 AMI  00010013)
[    0.015963] ACPI: FACP 0x000000009D400748 00010C (v05 _ASUS_ Notebook 01072009 AMI  00010013)
[    0.015977] ACPI BIOS Warning (bug): Optional FADT field Pm2ControlBlock has valid Length but zero Address: 0x0000000000000000/0x1 (20190509/tbfadt-615)
[    0.015991] ACPI: DSDT 0x000000009D3F31A8 00D59D (v02 _ASUS_ Notebook 00000000 INTL 20091112)
[    0.016002] ACPI: FACS 0x000000009DC4B080 000040
[    0.016010] ACPI: APIC 0x000000009D400858 00007E (v03 _ASUS_ Notebook 01072009 AMI  00010013)
[    0.016020] ACPI: FPDT 0x000000009D4008D8 000044 (v01 _ASUS_ Notebook 01072009 AMI  00010013)
[    0.016030] ACPI: ECDT 0x000000009D400920 0000C1 (v01 _ASUS_ Notebook 01072009 AMI. 00000005)
[    0.016040] ACPI: MCFG 0x000000009D4009E8 00003C (v01 _ASUS_ Notebook 01072009 MSFT 00010013)
[    0.016050] ACPI: HPET 0x000000009D400A28 000038 (v01 _ASUS_ Notebook 01072009 AMI  00000005)
[    0.016060] ACPI: VFCT 0x000000009D400A60 004684 (v01 _ASUS_ Notebook 00000001 AMD  31504F47)
[    0.016070] ACPI: BGRT 0x000000009D4050E8 000038 (v00 _ASUS_ Notebook 01072009 ASUS 00010013)
[    0.016080] ACPI: SSDT 0x000000009D405120 0005E0 (v01 AMD    AGESA    00000001 AMD  00000001)
[    0.016090] ACPI: SSDT 0x000000009D405700 0046D1 (v02 AMD    AGESA    00000002 MSFT 04000000)
[    0.016100] ACPI: CRAT 0x000000009D409DD8 000228 (v01 AMD    AGESA    00000001 AMD  00000001)
[    0.016109] ACPI: SSDT 0x000000009D40A000 001411 (v01 AMD    CPMDFIGP 00000001 INTL 20051117)
[    0.016119] ACPI: SSDT 0x000000009D40B418 0010E8 (v01 AMD    CPMCMN   00000001 INTL 20051117)
[    0.016129] ACPI: MSDM 0x000000009D127F98 000055 (v03 _ASUS_ Notebook 00000000 ASUS 00000001)
[    0.016156] ACPI: Local APIC address 0xfee00000
[    0.016415] No NUMA configuration found
[    0.016419] Faking a node at [mem 0x0000000000000000-0x000000013effffff]
[    0.016432] NODE_DATA(0) allocated [mem 0x13effa000-0x13effdfff]
[    0.016486] Zone ranges:
[    0.016490]   DMA      [mem 0x0000000000001000-0x0000000000ffffff]
[    0.016495]   DMA32    [mem 0x0000000001000000-0x00000000ffffffff]
[    0.016499]   Normal   [mem 0x0000000100000000-0x000000013effffff]
[    0.016503] Movable zone start for each node
[    0.016506] Early memory node ranges
[    0.016510]   node   0: [mem 0x0000000000001000-0x000000000009ffff]
[    0.016513]   node   0: [mem 0x0000000000100000-0x000000009d0f7fff]
[    0.016517]   node   0: [mem 0x000000009d128000-0x000000009d370fff]
[    0.016520]   node   0: [mem 0x000000009e9cb000-0x000000009e9cbfff]
[    0.016523]   node   0: [mem 0x000000009e9d4000-0x000000009eb24fff]
[    0.016526]   node   0: [mem 0x000000009f042000-0x000000009f080fff]
[    0.016529]   node   0: [mem 0x000000009f3f2000-0x000000009f3fffff]
[    0.016532]   node   0: [mem 0x0000000100001000-0x000000013effffff]
[    0.016851] Zeroed struct page in unavailable ranges: 11138 pages
[    0.016858] Initmem setup node 0 [mem 0x0000000000001000-0x000000013effffff]
[    0.016867] On node 0 totalpages: 902270
[    0.016870]   DMA zone: 64 pages used for memmap
[    0.016871]   DMA zone: 23 pages reserved
[    0.016874]   DMA zone: 3999 pages, LIFO batch:0
[    0.017101]   DMA32 zone: 10004 pages used for memmap
[    0.017103]   DMA32 zone: 640224 pages, LIFO batch:63
[    0.057495]   Normal zone: 4032 pages used for memmap
[    0.057502]   Normal zone: 258047 pages, LIFO batch:63
[    0.071346] ACPI: PM-Timer IO Port: 0x808
[    0.071357] ACPI: Local APIC address 0xfee00000
[    0.071373] ACPI: LAPIC_NMI (acpi_id[0xff] high edge lint[0x1])
[    0.071390] IOAPIC[0]: apic_id 3, version 33, address 0xfec00000, GSI 0-23
[    0.071400] IOAPIC[1]: apic_id 4, version 33, address 0xfec01000, GSI 24-55
[    0.071407] ACPI: INT_SRC_OVR (bus 0 bus_irq 0 global_irq 2 dfl dfl)
[    0.071412] ACPI: INT_SRC_OVR (bus 0 bus_irq 9 global_irq 9 low level)
[    0.071416] ACPI: IRQ0 used by override.
[    0.071419] ACPI: IRQ9 used by override.
[    0.071424] Using ACPI (MADT) for SMP configuration information
[    0.071429] ACPI: HPET id: 0x10228210 base: 0xfed00000
[    0.071444] smpboot: Allowing 4 CPUs, 2 hotplug CPUs
[    0.071514] PM: Registered nosave memory: [mem 0x00000000-0x00000fff]
[    0.071520] PM: Registered nosave memory: [mem 0x000a0000-0x000fffff]
[    0.071527] PM: Registered nosave memory: [mem 0x9d0f8000-0x9d127fff]
[    0.071533] PM: Registered nosave memory: [mem 0x9d371000-0x9dc56fff]
[    0.071537] PM: Registered nosave memory: [mem 0x9dc57000-0x9e959fff]
[    0.071540] PM: Registered nosave memory: [mem 0x9e95a000-0x9e9cafff]
[    0.071546] PM: Registered nosave memory: [mem 0x9e9cc000-0x9e9d3fff]
[    0.071552] PM: Registered nosave memory: [mem 0x9eb25000-0x9f041fff]
[    0.071558] PM: Registered nosave memory: [mem 0x9f081000-0x9f3f1fff]
[    0.071565] PM: Registered nosave memory: [mem 0x9f400000-0xfebfffff]
[    0.071568] PM: Registered nosave memory: [mem 0xfec00000-0xfec01fff]
[    0.071570] PM: Registered nosave memory: [mem 0xfec02000-0xfec0ffff]
[    0.071573] PM: Registered nosave memory: [mem 0xfec10000-0xfec10fff]
[    0.071576] PM: Registered nosave memory: [mem 0xfec11000-0xfecfffff]
[    0.071579] PM: Registered nosave memory: [mem 0xfed00000-0xfed00fff]
[    0.071582] PM: Registered nosave memory: [mem 0xfed01000-0xfed7ffff]
[    0.071584] PM: Registered nosave memory: [mem 0xfed80000-0xfed8ffff]
[    0.071587] PM: Registered nosave memory: [mem 0xfed90000-0xfeffffff]
[    0.071590] PM: Registered nosave memory: [mem 0xff000000-0xffffffff]
[    0.071593] PM: Registered nosave memory: [mem 0x100000000-0x100000fff]
[    0.071600] [mem 0x9f400000-0xfebfffff] available for PCI devices
[    0.071612] clocksource: refined-jiffies: mask: 0xffffffff max_cycles: 0xffffffff, max_idle_ns: 19112604462750000 ns
[    0.500076] setup_percpu: NR_CPUS:64 nr_cpumask_bits:64 nr_cpu_ids:4 nr_node_ids:1
[    0.501271] percpu: Embedded 51 pages/cpu s170008 r8192 d30696 u524288
[    0.501308] pcpu-alloc: s170008 r8192 d30696 u524288 alloc=1*2097152
[    0.501311] pcpu-alloc: [0] 0 1 2 3 
[    0.501387] Built 1 zonelists, mobility grouping on.  Total pages: 888147
[    0.501391] Policy zone: Normal
[    0.501399] Kernel command line: BOOT_IMAGE=/boot/bzImage root=/dev/sda2 ro
[    0.566103] Memory: 3432168K/3609080K available (14357K kernel code, 1432K rwdata, 4456K rodata, 1296K init, 856K bss, 176912K reserved, 0K cma-reserved)
[    0.566318] SLUB: HWalign=64, Order=0-3, MinObjects=0, CPUs=4, Nodes=1
[    0.566556] rcu: Hierarchical RCU implementation.
[    0.566561] rcu: 	RCU event tracing is enabled.
[    0.566565] rcu: 	RCU restricting CPUs from NR_CPUS=64 to nr_cpu_ids=4.
[    0.566570] rcu: RCU calculated value of scheduler-enlistment delay is 10 jiffies.
[    0.566573] rcu: Adjusting geometry for rcu_fanout_leaf=16, nr_cpu_ids=4
[    0.567157] NR_IRQS: 4352, nr_irqs: 1000, preallocated irqs: 16
[    0.567633] random: get_random_bytes called from start_kernel+0x2c6/0x493 with crng_init=0
[    0.567714] Console: colour dummy device 80x25
[    0.568402] printk: console [tty0] enabled
[    0.568445] ACPI: Core revision 20190509
[    0.569141] clocksource: hpet: mask: 0xffffffff max_cycles: 0xffffffff, max_idle_ns: 133484873504 ns
[    0.569170] hpet clockevent registered
[    0.569181] APIC: Switch to symmetric I/O mode setup
[    0.569927] ..TIMER: vector=0x30 apic1=0 pin1=2 apic2=-1 pin2=-1
[    0.619185] clocksource: tsc-early: mask: 0xffffffffffffffff max_cycles: 0x1cc5e68a16e, max_idle_ns: 881590576256 ns
[    0.619201] Calibrating delay loop (skipped), value calculated using timer frequency.. 1996.13 BogoMIPS (lpj=9980650)
[    0.619217] pid_max: default: 32768 minimum: 301
[    0.621782] LSM: Security Framework initializing
[    0.621814] SELinux:  Initializing.
[    0.621849] *** VALIDATE SELinux ***
[    0.624107] Dentry cache hash table entries: 524288 (order: 10, 4194304 bytes)
[    0.625294] Inode-cache hash table entries: 262144 (order: 9, 2097152 bytes)
[    0.625396] Mount-cache hash table entries: 8192 (order: 4, 65536 bytes)
[    0.625442] Mountpoint-cache hash table entries: 8192 (order: 4, 65536 bytes)
[    0.625839] *** VALIDATE proc ***
[    0.625931] *** VALIDATE cgroup1 ***
[    0.625942] *** VALIDATE cgroup2 ***
[    0.626049] LVT offset 1 assigned for vector 0xf9
[    0.626065] Last level iTLB entries: 4KB 512, 2MB 8, 4MB 4
[    0.626073] Last level dTLB entries: 4KB 512, 2MB 256, 4MB 128, 1GB 0
[    0.626083] Spectre V2 : Mitigation: Full AMD retpoline
[    0.626090] Spectre V2 : Spectre v2 / SpectreRSB mitigation: Filling RSB on context switch
[    0.626101] Speculative Store Bypass: Mitigation: Speculative Store Bypass disabled via prctl and seccomp
[    0.626685] Freeing SMP alternatives memory: 40K
[    0.639199] smpboot: CPU0: AMD A4-1200 APU with Radeon(TM) HD Graphics (family: 0x16, model: 0x0, stepping: 0x1)
[    0.639199] Performance Events: AMD PMU driver.
[    0.639199] ... version:                0
[    0.639199] ... bit width:              48
[    0.639199] ... generic registers:      4
[    0.639199] ... value mask:             0000ffffffffffff
[    0.639199] ... max period:             00007fffffffffff
[    0.639199] ... fixed-purpose events:   0
[    0.639199] ... event mask:             000000000000000f
[    0.639199] rcu: Hierarchical SRCU implementation.
[    0.639199] MCE: In-kernel MCE decoding enabled.
[    0.639199] smp: Bringing up secondary CPUs ...
[    0.639199] x86: Booting SMP configuration:
[    0.639199] .... node  #0, CPUs:      #1
[    0.639199] smp: Brought up 1 node, 2 CPUs
[    0.639199] smpboot: Max logical packages: 2
[    0.639199] smpboot: Total of 2 processors activated (3992.26 BogoMIPS)
[    0.639199] devtmpfs: initialized
[    0.639199] PM: Registering ACPI NVS region [mem 0x9d371000-0x9dc56fff] (9330688 bytes)
[    0.639199] PM: Registering ACPI NVS region [mem 0x9e9cc000-0x9e9d3fff] (32768 bytes)
[    0.639199] clocksource: jiffies: mask: 0xffffffff max_cycles: 0xffffffff, max_idle_ns: 19112604462750000 ns
[    0.639199] futex hash table entries: 1024 (order: 4, 65536 bytes)
[    0.639199] kworker/u8:0 (22) used greatest stack depth: 14624 bytes left
[    0.639199] NET: Registered protocol family 16
[    0.639199] audit: initializing netlink subsys (disabled)
[    0.639199] audit: type=2000 audit(1560922775.060:1): state=initialized audit_enabled=0 res=1
[    0.639199] cpuidle: using governor ladder
[    0.639199] cpuidle: using governor menu
[    0.639199] ACPI FADT declares the system doesn't support PCIe ASPM, so disable it
[    0.639199] ACPI: bus type PCI registered
[    0.639199] PCI: MMCONFIG for domain 0000 [bus 00-ff] at [mem 0xe0000000-0xefffffff] (base 0xe0000000)
[    0.639199] PCI: not using MMCONFIG
[    0.639199] PCI: Using configuration type 1 for base access
[    0.639199] PCI: Using configuration type 1 for extended access
[    0.639233] rq->curr == THREAD(this messg)
[    0.639239] color, tsk->comm, weight, vruntime: -127065633762919 kworker/u8:1 1048576 47832713
[    0.639249] color, tsk->comm, weight, vruntime: -127065633773288 kworker/u8:1 1048576 47832713
[    0.639260] color, tsk->comm, weight, vruntime: -127065633762919 kworker/u8:1 1048576 47832713
[    0.639271] color, tsk->comm, weight, vruntime: 1 kworker/u8:1 1048576 48047000
[    0.639281] color, tsk->comm, weight, vruntime: -127065625989991 kworker/u8:1 1048576 48332714
[    0.639292] color, tsk->comm, weight, vruntime: -127065633773288 kworker/u8:1 1048576 48732713
[    0.639303] color, tsk->comm, weight, vruntime: -127065625989991 kworker/u8:1 1048576 49332713
[    0.639312] proc in rq 7
[    0.639323] rq->nr_running rq->cfs.nr_running : 8 8
[    0.639333] rq->load.weight, rq->cfs.load.weight : 8388608 8388608
[    0.639335] ----------------^^^^TUX0^^^^^-----------------------
[    0.639342] rq->curr->pid = 1
[    0.639351] color, tsk->comm, weight, vruntime: -127065633783656 kworker/u8:0 1048576 28351403
[    0.639358] color, tsk->comm, weight, vruntime: -127065625993447 kworker/u8:1 1048576 34351403
[    0.639368] color, tsk->comm, weight, vruntime: 1 kworker/u8:1 1048576 34951403
[    0.639378] color, tsk->comm, weight, vruntime: -127065625993447 kthreadd 1048576 37351400
[    0.639387] proc in rq 4
[    0.639397] rq->nr_running rq->cfs.nr_running : 5 5
[    0.639407] rq->load.weight, rq->cfs.load.weight : 5242880 5242880
[    0.639408] ----------------^^^^TUX1^^^^^-----------------------
[    0.654827] kworker/u8:0 (45) used greatest stack depth: 14160 bytes left
[    0.685356] HugeTLB registered 2.00 MiB page size, pre-allocated 0 pages
[    0.697242] ACPI: Added _OSI(Module Device)
[    0.697242] ACPI: Added _OSI(Processor Device)
[    0.697242] ACPI: Added _OSI(3.0 _SCP Extensions)
[    0.697242] ACPI: Added _OSI(Processor Aggregator Device)
[    0.697242] ACPI: Added _OSI(Linux-Dell-Video)
[    0.697242] ACPI: Added _OSI(Linux-Lenovo-NV-HDMI-Audio)
[    0.697242] ACPI: Added _OSI(Linux-HPI-Hybrid-Graphics)
[    0.735118] ACPI: 5 ACPI AML tables successfully acquired and loaded
[    0.738644] ACPI: EC: EC started
[    0.738653] ACPI: EC: interrupt blocked
[    0.740959] ACPI: \: Used as first EC
[    0.740972] ACPI: \: GPE=0x3, EC_CMD/EC_SC=0x66, EC_DATA=0x62
[    0.740979] ACPI: EC: Boot ECDT EC used to handle transactions
[    0.749204] ACPI: [Firmware Bug]: BIOS _OSI(Linux) query ignored
[    0.751182] ACPI: Interpreter enabled
[    0.751272] ACPI: (supports S0 S3 S4 S5)
[    0.751282] ACPI: Using IOAPIC for interrupt routing
[    0.755039] PCI: MMCONFIG for domain 0000 [bus 00-ff] at [mem 0xe0000000-0xefffffff] (base 0xe0000000)
[    0.755039] PCI: MMCONFIG at [mem 0xe0000000-0xefffffff] reserved in ACPI motherboard resources
[    0.755039] PCI: Using host bridge windows from ACPI; if necessary, use "pci=nocrs" and report a bug
[    0.755039] ACPI: Enabled 3 GPEs in block 00 to 1F
[    0.778684] ACPI: PCI Root Bridge [PCI0] (domain 0000 [bus 00-ff])
[    0.778717] acpi PNP0A08:00: _OSC: OS supports [ExtendedConfig ASPM ClockPM Segments MSI HPX-Type3]
[    0.783462] acpi PNP0A08:00: _OSC: platform does not support [LTR]
[    0.783462] acpi PNP0A08:00: _OSC: OS now controls [PME AER PCIeCapability]
[    0.783462] acpi PNP0A08:00: FADT indicates ASPM is unsupported, using BIOS configuration
[    0.785171] PCI host bridge to bus 0000:00
[    0.785171] pci_bus 0000:00: root bus resource [io  0x0000-0x03af window]
[    0.785171] pci_bus 0000:00: root bus resource [io  0x03e0-0x0cf7 window]
[    0.785171] pci_bus 0000:00: root bus resource [io  0x03b0-0x03df window]
[    0.785171] pci_bus 0000:00: root bus resource [io  0x0d00-0xffff window]
[    0.785171] pci_bus 0000:00: root bus resource [mem 0x000a0000-0x000bffff window]
[    0.785171] pci_bus 0000:00: root bus resource [mem 0x000c0000-0x000dffff window]
[    0.785171] pci_bus 0000:00: root bus resource [mem 0xc0000000-0xffffffff window]
[    0.785171] pci_bus 0000:00: root bus resource [bus 00-ff]
[    0.785171] pci 0000:00:00.0: [1022:1536] type 00 class 0x060000
[    0.785637] pci 0000:00:01.0: [1002:9839] type 00 class 0x030000
[    0.785637] pci 0000:00:01.0: reg 0x10: [mem 0xc0000000-0xcfffffff 64bit pref]
[    0.785637] pci 0000:00:01.0: reg 0x18: [mem 0xd0000000-0xd07fffff 64bit pref]
[    0.785637] pci 0000:00:01.0: reg 0x20: [io  0xf000-0xf0ff]
[    0.785637] pci 0000:00:01.0: reg 0x24: [mem 0xfeb00000-0xfeb3ffff]
[    0.785637] pci 0000:00:01.0: reg 0x30: [mem 0xfeb40000-0xfeb5ffff pref]
[    0.785637] pci 0000:00:01.0: enabling Extended Tags
[    0.785637] pci 0000:00:01.0: BAR 0: assigned to efifb
[    0.785637] pci 0000:00:01.0: supports D1 D2
[    0.785637] pci 0000:00:01.0: PME# supported from D1 D2 D3hot
[    0.785637] pci 0000:00:01.1: [1002:9840] type 00 class 0x040300
[    0.785637] pci 0000:00:01.1: reg 0x10: [mem 0xfeb64000-0xfeb67fff 64bit]
[    0.785637] pci 0000:00:01.1: enabling Extended Tags
[    0.785637] pci 0000:00:01.1: supports D1 D2
[    0.785637] pci 0000:00:02.0: [1022:1538] type 00 class 0x060000
[    0.785637] pci 0000:00:02.2: [1022:1439] type 01 class 0x060400
[    0.785637] pci 0000:00:02.2: enabling Extended Tags
[    0.785637] pci 0000:00:02.2: PME# supported from D0 D3hot D3cold
[    0.785637] pci 0000:00:02.3: [1022:1439] type 01 class 0x060400
[    0.785637] pci 0000:00:02.3: enabling Extended Tags
[    0.785637] pci 0000:00:02.3: PME# supported from D0 D3hot D3cold
[    0.785637] pci 0000:00:10.0: [1022:7814] type 00 class 0x0c0330
[    0.785637] pci 0000:00:10.0: reg 0x10: [mem 0xfeb68000-0xfeb69fff 64bit]
[    0.785637] pci 0000:00:10.0: PME# supported from D0 D3hot D3cold
[    0.785637] pci 0000:00:11.0: [1022:7801] type 00 class 0x010601
[    0.785637] pci 0000:00:11.0: reg 0x10: [io  0xf140-0xf147]
[    0.785637] pci 0000:00:11.0: reg 0x14: [io  0xf130-0xf133]
[    0.785637] pci 0000:00:11.0: reg 0x18: [io  0xf120-0xf127]
[    0.785637] pci 0000:00:11.0: reg 0x1c: [io  0xf110-0xf113]
[    0.785637] pci 0000:00:11.0: reg 0x20: [io  0xf100-0xf10f]
[    0.785637] pci 0000:00:11.0: reg 0x24: [mem 0xfeb6f000-0xfeb6f3ff]
[    0.785637] pci 0000:00:11.0: PME# supported from D3hot
[    0.785637] pci 0000:00:12.0: [1022:7807] type 00 class 0x0c0310
[    0.785637] pci 0000:00:12.0: reg 0x10: [mem 0xfeb6e000-0xfeb6efff]
[    0.785637] pci 0000:00:12.2: [1022:7808] type 00 class 0x0c0320
[    0.785637] pci 0000:00:12.2: reg 0x10: [mem 0xfeb6d000-0xfeb6d0ff]
[    0.785637] pci 0000:00:12.2: supports D1 D2
[    0.785637] pci 0000:00:12.2: PME# supported from D0 D1 D2 D3hot D3cold
[    0.785637] pci 0000:00:13.0: [1022:7807] type 00 class 0x0c0310
[    0.785637] pci 0000:00:13.0: reg 0x10: [mem 0xfeb6c000-0xfeb6cfff]
[    0.785852] pci 0000:00:13.2: [1022:7808] type 00 class 0x0c0320
[    0.785887] pci 0000:00:13.2: reg 0x10: [mem 0xfeb6b000-0xfeb6b0ff]
[    0.785992] pci 0000:00:13.2: supports D1 D2
[    0.786002] pci 0000:00:13.2: PME# supported from D0 D1 D2 D3hot D3cold
[    0.786221] pci 0000:00:14.0: [1022:780b] type 00 class 0x0c0500
[    0.786489] pci 0000:00:14.2: [1022:780d] type 00 class 0x040300
[    0.786527] pci 0000:00:14.2: reg 0x10: [mem 0xfeb60000-0xfeb63fff 64bit]
[    0.786619] pci 0000:00:14.2: PME# supported from D0 D3hot D3cold
[    0.786830] pci 0000:00:14.3: [1022:780e] type 00 class 0x060100
[    0.787114] pci 0000:00:14.7: [1022:7813] type 00 class 0x080501
[    0.787148] pci 0000:00:14.7: reg 0x10: [mem 0xfeb6a000-0xfeb6a0ff 64bit]
[    0.787380] pci 0000:00:18.0: [1022:1530] type 00 class 0x060000
[    0.787600] pci 0000:00:18.1: [1022:1531] type 00 class 0x060000
[    0.787816] pci 0000:00:18.2: [1022:1532] type 00 class 0x060000
[    0.788030] pci 0000:00:18.3: [1022:1533] type 00 class 0x060000
[    0.788258] pci 0000:00:18.4: [1022:1534] type 00 class 0x060000
[    0.788470] pci 0000:00:18.5: [1022:1535] type 00 class 0x060000
[    0.788830] pci 0000:01:00.0: [168c:0032] type 00 class 0x028000
[    0.788888] pci 0000:01:00.0: reg 0x10: [mem 0xfea00000-0xfea7ffff 64bit]
[    0.788952] pci 0000:01:00.0: reg 0x30: [mem 0xfea80000-0xfea8ffff pref]
[    0.789087] pci 0000:01:00.0: supports D1 D2
[    0.789097] pci 0000:01:00.0: PME# supported from D0 D1 D2 D3hot D3cold
[    0.793571] pci 0000:00:02.2: PCI bridge to [bus 01]
[    0.793571] pci 0000:00:02.2:   bridge window [mem 0xfea00000-0xfeafffff]
[    0.793571] pci 0000:02:00.0: [10ec:8136] type 00 class 0x020000
[    0.793571] pci 0000:02:00.0: reg 0x10: [io  0xe000-0xe0ff]
[    0.793571] pci 0000:02:00.0: reg 0x18: [mem 0xd0804000-0xd0804fff 64bit pref]
[    0.793571] pci 0000:02:00.0: reg 0x20: [mem 0xd0800000-0xd0803fff 64bit pref]
[    0.793571] pci 0000:02:00.0: supports D1 D2
[    0.793571] pci 0000:02:00.0: PME# supported from D0 D1 D2 D3hot D3cold
[    0.795797] pci 0000:00:02.3: PCI bridge to [bus 02]
[    0.795797] pci 0000:00:02.3:   bridge window [io  0xe000-0xefff]
[    0.795797] pci 0000:00:02.3:   bridge window [mem 0xd0800000-0xd08fffff 64bit pref]
[    0.797696] ACPI: PCI Interrupt Link [LNKA] (IRQs 4 7 10 11 14 15) *0
[    0.797696] ACPI: PCI Interrupt Link [LNKB] (IRQs 4 7 10 11 14 15) *0
[    0.797696] ACPI: PCI Interrupt Link [LNKC] (IRQs 4 7 10 11 14 15) *0
[    0.797696] ACPI: PCI Interrupt Link [LNKD] (IRQs 4 7 10 11 14 15) *0
[    0.797696] ACPI: PCI Interrupt Link [LNKE] (IRQs 4 7 10 11 14 15) *0
[    0.797696] ACPI: PCI Interrupt Link [LNKF] (IRQs 4 7 10 11 14 15) *0
[    0.797696] ACPI: PCI Interrupt Link [LNKG] (IRQs 4 7 10 11 14 15) *0
[    0.797696] ACPI: PCI Interrupt Link [LNKH] (IRQs 4 7 10 11 14 15) *0
[    0.800387] ACPI: EC: interrupt unblocked
[    0.800387] ACPI: EC: event unblocked
[    0.800387] ACPI: \_SB_.PCI0.SBRG.EC0_: GPE=0x3, EC_CMD/EC_SC=0x66, EC_DATA=0x62
[    0.800387] ACPI: \_SB_.PCI0.SBRG.EC0_: Boot DSDT EC used to handle transactions and events
[    0.800387] pci 0000:00:01.0: vgaarb: setting as boot VGA device
[    0.800387] pci 0000:00:01.0: vgaarb: VGA device added: decodes=io+mem,owns=io+mem,locks=none
[    0.800387] pci 0000:00:01.0: vgaarb: bridge control possible
[    0.800387] vgaarb: loaded
[    0.800387] SCSI subsystem initialized
[    0.802798] libata version 3.00 loaded.
[    0.802798] ACPI: bus type USB registered
[    0.802798] usbcore: registered new interface driver usbfs
[    0.802798] usbcore: registered new interface driver hub
[    0.803723] usbcore: registered new device driver usb
[    0.804076] pps_core: LinuxPPS API ver. 1 registered
[    0.804076] pps_core: Software ver. 5.3.6 - Copyright 2005-2007 Rodolfo Giometti <giometti@linux.it>
[    0.804076] PTP clock support registered
[    0.806434] EDAC MC: Ver: 3.0.0
[    0.809850] Registered efivars operations
[    0.812118] Advanced Linux Sound Architecture Driver Initialized.
[    0.812118] PCI: Using ACPI for IRQ routing
[    0.819153] PCI: pci_cache_line_size set to 64 bytes
[    0.819280] e820: reserve RAM buffer [mem 0x9d0f8000-0x9fffffff]
[    0.819286] e820: reserve RAM buffer [mem 0x9d371000-0x9fffffff]
[    0.819291] e820: reserve RAM buffer [mem 0x9e9cc000-0x9fffffff]
[    0.819294] e820: reserve RAM buffer [mem 0x9eb25000-0x9fffffff]
[    0.819297] e820: reserve RAM buffer [mem 0x9f081000-0x9fffffff]
[    0.819300] e820: reserve RAM buffer [mem 0x9f400000-0x9fffffff]
[    0.819303] e820: reserve RAM buffer [mem 0x13f000000-0x13fffffff]
[    0.823651] NetLabel: Initializing
[    0.823651] NetLabel:  domain hash size = 128
[    0.823651] NetLabel:  protocols = UNLABELED CIPSOv4 CALIPSO
[    0.823651] NetLabel:  unlabeled traffic allowed by default
[    0.823988] hpet0: at MMIO 0xfed00000, IRQs 2, 8, 0
[    0.823988] hpet0: 3 comparators, 32-bit 14.318180 MHz counter
[    0.826447] clocksource: Switched to clocksource tsc-early
[    0.872104] VFS: Disk quotas dquot_6.6.0
[    0.872171] VFS: Dquot-cache hash table entries: 512 (order 0, 4096 bytes)
[    0.872264] *** VALIDATE hugetlbfs ***
[    0.872375] pnp: PnP ACPI init
[    0.872884] system 00:00: [mem 0xe0000000-0xefffffff] has been reserved
[    0.872977] system 00:00: Plug and Play ACPI device, IDs PNP0c01 (active)
[    0.873256] system 00:01: [mem 0xa0000000-0xbfffffff] has been reserved
[    0.873332] system 00:01: Plug and Play ACPI device, IDs PNP0c02 (active)
[    0.873601] system 00:02: Plug and Play ACPI device, IDs PNP0c02 (active)
[    0.873746] pnp 00:03: Plug and Play ACPI device, IDs PNP0b00 (active)
[    0.873985] system 00:04: [io  0x04d0-0x04d1] has been reserved
[    0.874057] system 00:04: Plug and Play ACPI device, IDs PNP0c02 (active)
[    0.874325] pnp 00:05: Plug and Play ACPI device, IDs ETD0108 SYN0a00 SYN0002 PNP0f03 PNP0f13 PNP0f12 (active)
[    0.874511] pnp 00:06: Plug and Play ACPI device, IDs ATK3001 PNP030b (active)
[    0.875394] system 00:07: [io  0x04d0-0x04d1] has been reserved
[    0.875407] system 00:07: [io  0x040b] has been reserved
[    0.875418] system 00:07: [io  0x04d6] has been reserved
[    0.875429] system 00:07: [io  0x0c00-0x0c01] has been reserved
[    0.875439] system 00:07: [io  0x0c14] has been reserved
[    0.875449] system 00:07: [io  0x0c50-0x0c51] has been reserved
[    0.875460] system 00:07: [io  0x0c52] has been reserved
[    0.875470] system 00:07: [io  0x0c6c] has been reserved
[    0.875479] system 00:07: [io  0x0c6f] has been reserved
[    0.875490] system 00:07: [io  0x0cd0-0x0cd1] has been reserved
[    0.875500] system 00:07: [io  0x0cd2-0x0cd3] has been reserved
[    0.875510] system 00:07: [io  0x0cd4-0x0cd5] has been reserved
[    0.875521] system 00:07: [io  0x0cd6-0x0cd7] has been reserved
[    0.875563] system 00:07: [io  0x0cd8-0x0cdf] has been reserved
[    0.875573] system 00:07: [io  0x0800-0x089f] has been reserved
[    0.875584] system 00:07: [io  0x0900-0x090f] has been reserved
[    0.875594] system 00:07: [io  0x0910-0x091f] has been reserved
[    0.875605] system 00:07: [io  0xfe00-0xfefe] has been reserved
[    0.875619] system 00:07: [mem 0xfec00000-0xfec00fff] could not be reserved
[    0.875631] system 00:07: [mem 0xfee00000-0xfee00fff] has been reserved
[    0.875642] system 00:07: [mem 0xfed80000-0xfed8ffff] has been reserved
[    0.875653] system 00:07: [mem 0xfed61000-0xfed70fff] has been reserved
[    0.875664] system 00:07: [mem 0xfec10000-0xfec10fff] has been reserved
[    0.875676] system 00:07: [mem 0xfed00000-0xfed00fff] could not be reserved
[    0.875688] system 00:07: [mem 0xff000000-0xffffffff] has been reserved
[    0.875767] system 00:07: Plug and Play ACPI device, IDs PNP0c02 (active)
[    0.876643] pnp: PnP ACPI: found 8 devices
[    0.891888] clocksource: acpi_pm: mask: 0xffffff max_cycles: 0xffffff, max_idle_ns: 2085701024 ns
[    0.891958] pci 0000:00:02.2: PCI bridge to [bus 01]
[    0.891979] pci 0000:00:02.2:   bridge window [mem 0xfea00000-0xfeafffff]
[    0.891999] pci 0000:00:02.3: PCI bridge to [bus 02]
[    0.892011] pci 0000:00:02.3:   bridge window [io  0xe000-0xefff]
[    0.892028] pci 0000:00:02.3:   bridge window [mem 0xd0800000-0xd08fffff 64bit pref]
[    0.892050] pci_bus 0000:00: resource 4 [io  0x0000-0x03af window]
[    0.892061] pci_bus 0000:00: resource 5 [io  0x03e0-0x0cf7 window]
[    0.892071] pci_bus 0000:00: resource 6 [io  0x03b0-0x03df window]
[    0.892081] pci_bus 0000:00: resource 7 [io  0x0d00-0xffff window]
[    0.892092] pci_bus 0000:00: resource 8 [mem 0x000a0000-0x000bffff window]
[    0.892102] pci_bus 0000:00: resource 9 [mem 0x000c0000-0x000dffff window]
[    0.892112] pci_bus 0000:00: resource 10 [mem 0xc0000000-0xffffffff window]
[    0.892123] pci_bus 0000:01: resource 1 [mem 0xfea00000-0xfeafffff]
[    0.892134] pci_bus 0000:02: resource 0 [io  0xe000-0xefff]
[    0.892143] pci_bus 0000:02: resource 2 [mem 0xd0800000-0xd08fffff 64bit pref]
[    0.892412] NET: Registered protocol family 2
[    0.893496] tcp_listen_portaddr_hash hash table entries: 2048 (order: 3, 32768 bytes)
[    0.893569] TCP established hash table entries: 32768 (order: 6, 262144 bytes)
[    0.893789] TCP bind hash table entries: 32768 (order: 7, 524288 bytes)
[    0.894041] TCP: Hash tables configured (established 32768 bind 32768)
[    0.894199] UDP hash table entries: 2048 (order: 4, 65536 bytes)
[    0.894256] UDP-Lite hash table entries: 2048 (order: 4, 65536 bytes)
[    0.894432] NET: Registered protocol family 1
[    0.894819] RPC: Registered named UNIX socket transport module.
[    0.894829] RPC: Registered udp transport module.
[    0.894836] RPC: Registered tcp transport module.
[    0.894843] RPC: Registered tcp NFSv4.1 backchannel transport module.
[    0.895447] pci 0000:00:01.0: Video device with shadowed ROM at [mem 0x000c0000-0x000dffff]
[    0.896011] pci 0000:00:12.0: enabling device (0000 -> 0002)
[    0.896648] pci 0000:00:12.2: PME# does not work under D3, disabling it
[    0.896672] pci 0000:00:13.0: enabling device (0000 -> 0002)
[    0.897296] pci 0000:00:13.2: PME# does not work under D3, disabling it
[    0.897392] PCI: CLS 64 bytes, default 64
[    0.897528] PCI-DMA: Using software bounce buffering for IO (SWIOTLB)
[    0.897540] software IO TLB: mapped [mem 0x97989000-0x9b989000] (64MB)
[    0.897735] amd_uncore: AMD NB counters detected
[    0.897753] amd_uncore: AMD LLC counters detected
[    0.897877] LVT offset 0 assigned for vector 0x400
[    0.897965] perf: AMD IBS detected (0x000000ff)
[    0.897985] kvm: no hardware support
[    0.898094] kvm: Nested Virtualization enabled
[    0.898106] kvm: Nested Paging enabled
[    0.899038] check: Scanning for low memory corruption every 60 seconds
[    0.902620] Initialise system trusted keyrings
[    0.902948] workingset: timestamp_bits=56 max_order=20 bucket_order=0
[    0.919919] fuse: init (API version 7.31)
[    0.923135] Key type asymmetric registered
[    0.923149] Asymmetric key parser 'x509' registered
[    0.923190] Block layer SCSI generic (bsg) driver version 0.4 loaded (major 249)
[    0.923203] io scheduler mq-deadline registered
[    0.923211] io scheduler kyber registered
[    0.923904] pcieport 0000:00:02.2: PME: Signaling with IRQ 25
[    0.924347] pcieport 0000:00:02.3: PME: Signaling with IRQ 27
[    0.925499] uvesafb: failed to execute /sbin/v86d
[    0.925512] uvesafb: make sure that the v86d helper is installed and executable
[    0.925548] uvesafb: Getting VBE info block failed (eax=0x4f00, err=-2)
[    0.925558] uvesafb: vbe_init() failed with -22
[    0.925576] uvesafb: probe of uvesafb.0 failed with error -22
[    0.925648] efifb: probing for efifb
[    0.925697] efifb: framebuffer at 0xc0000000, using 4224k, total 4224k
[    0.925706] efifb: mode is 1366x768x32, linelength=5632, pages=1
[    0.925713] efifb: scrolling: redraw
[    0.925722] efifb: Truecolor: size=8:8:8:8, shift=24:16:8:0
[    0.936269] Console: switching to colour frame buffer device 170x48
[    0.946208] fb0: EFI VGA frame buffer device
[    0.946838] ACPI: AC Adapter [AC0] (on-line)
[    0.947241] input: Power Button as /devices/LNXSYSTM:00/LNXSYBUS:00/PNP0C0C:00/input/input0
[    0.947400] ACPI: Power Button [PWRB]
[    0.947684] input: Lid Switch as /devices/LNXSYSTM:00/LNXSYBUS:00/PNP0C0D:00/input/input1
[    0.947830] ACPI: Lid Switch [LID]
[    0.948102] input: Sleep Button as /devices/LNXSYSTM:00/LNXSYBUS:00/PNP0C0E:00/input/input2
[    0.948265] ACPI: Sleep Button [SLPB]
[    0.948541] input: Power Button as /devices/LNXSYSTM:00/LNXPWRBN:00/input/input3
[    0.948678] ACPI: Power Button [PWRF]
[    0.953096] thermal LNXTHERM:00: registered as thermal_zone0
[    0.953202] ACPI: Thermal Zone [THRM] (42 C)
[    0.954838] Serial: 8250/16550 driver, 4 ports, IRQ sharing enabled
[    0.961453] Non-volatile memory driver v1.3
[    0.961660] Linux agpgart interface v0.103
[    0.969495] loop: module loaded
[    0.970172] ahci 0000:00:11.0: version 3.0
[    0.970643] ahci 0000:00:11.0: AHCI 0001.0300 32 slots 2 ports 6 Gbps 0x3 impl SATA mode
[    0.970784] ahci 0000:00:11.0: flags: 64bit ncq sntf ilck pm led clo pmp pio slum part 
[    0.975697] scsi host0: ahci
[    0.979544] scsi host1: ahci
[    0.982913] ata1: SATA max UDMA/133 abar m1024@0xfeb6f000 port 0xfeb6f100 irq 28
[    0.986096] ata2: SATA max UDMA/133 abar m1024@0xfeb6f000 port 0xfeb6f180 irq 28
[    0.989998] tun: Universal TUN/TAP device driver, 1.6
[    0.993293] e1000: Intel(R) PRO/1000 Network Driver - version 7.3.21-k8-NAPI
[    0.996482] e1000: Copyright (c) 1999-2006 Intel Corporation.
[    1.000199] e1000e: Intel(R) PRO/1000 Network Driver - 3.2.6-k
[    1.003303] e1000e: Copyright(c) 1999 - 2015 Intel Corporation.
[    1.006552] sky2: driver version 1.30
[    1.009777] r8169 0000:02:00.0: can't disable ASPM; OS doesn't have ASPM control
[    1.013866] libphy: r8169: probed
[    1.017619] r8169 0000:02:00.0 eth0: RTL8105e, 74:d0:2b:a3:a6:42, XID 40a, IRQ 30
[    1.021054] ath9k 0000:01:00.0: enabling device (0000 -> 0002)
[    1.024600] ath: phy0: Disable PLL PowerSave
[    1.035359] ath: phy0: ASPM enabled: 0x42
[    1.038549] ath: EEPROM regdomain: 0x60
[    1.038551] ath: EEPROM indicates we should expect a direct regpair map
[    1.038556] ath: Country alpha2 being used: 00
[    1.038557] ath: Regpair used: 0x60
[    1.041224] ieee80211 phy0: Selected rate control algorithm 'minstrel_ht'
[    1.041723] ieee80211 phy0: Atheros AR9485 Rev:1 mem=0xffffb38e02f00000, irq=31
[    1.045351] ehci_hcd: USB 2.0 'Enhanced' Host Controller (EHCI) Driver
[    1.048622] ehci-pci: EHCI PCI platform driver
[    1.052398] ehci-pci 0000:00:12.2: EHCI Host Controller
[    1.056811] ehci-pci 0000:00:12.2: new USB bus registered, assigned bus number 1
[    1.060148] ehci-pci 0000:00:12.2: applying AMD SB700/SB800/Hudson-2/3 EHCI dummy qh workaround
[    1.063453] ehci-pci 0000:00:12.2: debug port 1
[    1.067339] ehci-pci 0000:00:12.2: irq 17, io mem 0xfeb6d000
[    1.082241] battery: ACPI: Battery Slot [BAT0] (battery present)
[    1.095590] ehci-pci 0000:00:12.2: USB 2.0 started, EHCI 1.00
[    1.098971] usb usb1: New USB device found, idVendor=1d6b, idProduct=0002, bcdDevice= 5.02
[    1.102273] usb usb1: New USB device strings: Mfr=3, Product=2, SerialNumber=1
[    1.105544] usb usb1: Product: EHCI Host Controller
[    1.108743] usb usb1: Manufacturer: Linux 5.2.0-rc4+ ehci_hcd
[    1.111905] usb usb1: SerialNumber: 0000:00:12.2
[    1.115551] hub 1-0:1.0: USB hub found
[    1.118605] hub 1-0:1.0: 4 ports detected
[    1.124154] ehci-pci 0000:00:13.2: EHCI Host Controller
[    1.127306] ehci-pci 0000:00:13.2: new USB bus registered, assigned bus number 2
[    1.130304] ehci-pci 0000:00:13.2: applying AMD SB700/SB800/Hudson-2/3 EHCI dummy qh workaround
[    1.133334] ehci-pci 0000:00:13.2: debug port 1
[    1.136416] ehci-pci 0000:00:13.2: irq 17, io mem 0xfeb6b000
[    1.165601] ehci-pci 0000:00:13.2: USB 2.0 started, EHCI 1.00
[    1.168651] usb usb2: New USB device found, idVendor=1d6b, idProduct=0002, bcdDevice= 5.02
[    1.171686] usb usb2: New USB device strings: Mfr=3, Product=2, SerialNumber=1
[    1.174679] usb usb2: Product: EHCI Host Controller
[    1.177646] usb usb2: Manufacturer: Linux 5.2.0-rc4+ ehci_hcd
[    1.180581] usb usb2: SerialNumber: 0000:00:13.2
[    1.183956] hub 2-0:1.0: USB hub found
[    1.186897] hub 2-0:1.0: 4 ports detected
[    1.192196] ohci_hcd: USB 1.1 'Open' Host Controller (OHCI) Driver
[    1.195218] ohci-pci: OHCI PCI platform driver
[    1.198393] ohci-pci 0000:00:12.0: OHCI PCI host controller
[    1.201536] ohci-pci 0000:00:12.0: new USB bus registered, assigned bus number 3
[    1.204545] ohci-pci 0000:00:12.0: irq 18, io mem 0xfeb6e000
[    1.279717] usb usb3: New USB device found, idVendor=1d6b, idProduct=0001, bcdDevice= 5.02
[    1.282695] usb usb3: New USB device strings: Mfr=3, Product=2, SerialNumber=1
[    1.285657] usb usb3: Product: OHCI PCI host controller
[    1.288556] usb usb3: Manufacturer: Linux 5.2.0-rc4+ ohci_hcd
[    1.291429] usb usb3: SerialNumber: 0000:00:12.0
[    1.294675] hub 3-0:1.0: USB hub found
[    1.297596] hub 3-0:1.0: 4 ports detected
[    1.302922] ohci-pci 0000:00:13.0: OHCI PCI host controller
[    1.305959] ohci-pci 0000:00:13.0: new USB bus registered, assigned bus number 4
[    1.308811] ohci-pci 0000:00:13.0: irq 18, io mem 0xfeb6c000
[    1.325604] ata2: SATA link down (SStatus 0 SControl 300)
[    1.379712] usb usb4: New USB device found, idVendor=1d6b, idProduct=0001, bcdDevice= 5.02
[    1.382580] usb usb4: New USB device strings: Mfr=3, Product=2, SerialNumber=1
[    1.385417] usb usb4: Product: OHCI PCI host controller
[    1.388232] usb usb4: Manufacturer: Linux 5.2.0-rc4+ ohci_hcd
[    1.391062] usb usb4: SerialNumber: 0000:00:13.0
[    1.394258] hub 4-0:1.0: USB hub found
[    1.397048] hub 4-0:1.0: 4 ports detected
[    1.402137] uhci_hcd: USB Universal Host Controller Interface driver
[    1.405112] usbcore: registered new interface driver usblp
[    1.408041] usbcore: registered new interface driver usb-storage
[    1.410929] usbcore: registered new interface driver ch341
[    1.413642] usbserial: USB Serial support registered for ch341-uart
[    1.416772] i8042: PNP: PS/2 Controller [PNP030b:PS2K,PNP0f03:PS2M] at 0x60,0x64 irq 1,12
[    1.421669] i8042: Detected active multiplexing controller, rev 1.1
[    1.425129] serio: i8042 KBD port at 0x60,0x64 irq 1
[    1.428003] serio: i8042 AUX0 port at 0x60,0x64 irq 12
[    1.430867] serio: i8042 AUX1 port at 0x60,0x64 irq 12
[    1.433656] serio: i8042 AUX2 port at 0x60,0x64 irq 12
[    1.436337] serio: i8042 AUX3 port at 0x60,0x64 irq 12
[    1.439798] mousedev: PS/2 mouse device common for all mice
[    1.443409] rtc_cmos 00:03: RTC can wake from S4
[    1.446469] rtc_cmos 00:03: registered as rtc0
[    1.449080] rtc_cmos 00:03: alarms up to one month, y3k, 114 bytes nvram, hpet irqs
[    1.452291] device-mapper: ioctl: 4.40.0-ioctl (2019-01-18) initialised: dm-devel@redhat.com
[    1.455173] EFI Variables Facility v0.08 2004-May-17
[    1.466667] hidraw: raw HID events driver (C) Jiri Kosina
[    1.470388] usbcore: registered new interface driver usbhid
[    1.473129] usbhid: USB HID core driver
[    1.480378] snd_hda_intel 0000:00:01.1: enabling device (0000 -> 0002)
[    1.484984] snd_hda_intel 0000:00:01.1: Force to non-snoop mode
[    1.488023] input: AT Translated Set 2 keyboard as /devices/platform/i8042/serio0/input/input4
[    1.497309] Initializing XFRM netlink socket
[    1.500851] NET: Registered protocol family 10
[    1.504832] Segment Routing with IPv6
[    1.508246] snd_hda_codec_generic hdaudioC0D0: autoconfig for Generic: line_outs=0 (0x0/0x0/0x0/0x0/0x0) type:line
[    1.511084] snd_hda_codec_generic hdaudioC0D0:    speaker_outs=0 (0x0/0x0/0x0/0x0/0x0)
[    1.513921] snd_hda_codec_generic hdaudioC0D0:    hp_outs=0 (0x0/0x0/0x0/0x0/0x0)
[    1.516769] snd_hda_codec_generic hdaudioC0D0:    mono: mono_out=0x0
[    1.519599] snd_hda_codec_generic hdaudioC0D0:    dig-out=0x3/0x0
[    1.522386] snd_hda_codec_generic hdaudioC0D0:    inputs:
[    1.525165] ata1: SATA link up 6.0 Gbps (SStatus 133 SControl 300)
[    1.528311] sit: IPv6, IPv4 and MPLS over IPv4 tunneling driver
[    1.532271] random: fast init done
[    1.535833] ata1.00: ATA-8: KINGSTON SV300S37A120G, 603ABBF0, max UDMA/133
[    1.536257] NET: Registered protocol family 17
[    1.538601] ata1.00: 234441648 sectors, multi 1: LBA48 NCQ (depth 32), AA
[    1.546728] input: HDA ATI HDMI HDMI as /devices/pci0000:00/0000:00:01.1/sound/card0/input6
[    1.550929] snd_hda_codec_realtek hdaudioC1D0: autoconfig for ALC3229: line_outs=1 (0x14/0x0/0x0/0x0/0x0) type:speaker
[    1.552460] ata1.00: configured for UDMA/133
[    1.553923] snd_hda_codec_realtek hdaudioC1D0:    speaker_outs=0 (0x0/0x0/0x0/0x0/0x0)
[    1.560010] snd_hda_codec_realtek hdaudioC1D0:    hp_outs=1 (0x21/0x0/0x0/0x0/0x0)
[    1.563032] snd_hda_codec_realtek hdaudioC1D0:    mono: mono_out=0x0
[    1.566072] snd_hda_codec_realtek hdaudioC1D0:    inputs:
[    1.569098] snd_hda_codec_realtek hdaudioC1D0:      Mic=0x19
[    1.572657] scsi 0:0:0:0: Direct-Access     ATA      KINGSTON SV300S3 BBF0 PQ: 0 ANSI: 5
[    1.576185] sd 0:0:0:0: Attached scsi generic sg0 type 0
[    1.576404] sd 0:0:0:0: [sda] 234441648 512-byte logical blocks: (120 GB/112 GiB)
[    1.579411] mce: Using 6 MCE banks
[    1.582221] sd 0:0:0:0: [sda] Write Protect is off
[    1.588184] microcode: CPU0: patch_level=0x0700010b
[    1.589160] microcode: CPU1: patch_level=0x0700010b
[    1.591280] sd 0:0:0:0: [sda] Mode Sense: 00 3a 00 00
[    1.594474] microcode: Microcode Update Driver: v2.2.
[    1.594515] sched_clock: Marking stable (1583872758, 1672262)->(1712813316, -127268296)
[    1.607118] sd 0:0:0:0: [sda] Write cache: enabled, read cache: enabled, doesn't support DPO or FUA
[    1.614600] registered taskstats version 1
[    1.617865] Loading compiled-in X.509 certificates
[    1.619857]  sda: sda1 sda2 sda3 sda4 sda5 sda6
[    1.623151] input: HD-Audio Generic Headphone as /devices/pci0000:00/0000:00:14.2/sound/card1/input7
[    1.630316] sd 0:0:0:0: [sda] Attached SCSI disk
[    1.630744] acpi_cpufreq: overriding BIOS provided _PSD data
[    1.633617] rq->curr == THREAD(this messg)
[    1.633623] color, tsk->comm, weight, vruntime: -127065645540455 kworker/u8:2 1048576 923155673
[    1.640026] color, tsk->comm, weight, vruntime: -127065640796008 kworker/u8:4 1048576 923262477
[    1.643368] color, tsk->comm, weight, vruntime: 1 kworker/u8:4 1048576 923476764
[    1.643755] cfg80211: Loading compiled-in X.509 certificates for regulatory database
[    1.646619] color, tsk->comm, weight, vruntime: -127065654839655 kworker/u8:4 1048576 923762478
[    1.646621] color, tsk->comm, weight, vruntime: -127065645540456 kworker/u8:4 1048576 924162477
[    1.651561] cfg80211: Loaded X.509 cert 'sforshee: 00b28ddf47aef9cea7'
[    1.653050] color, tsk->comm, weight, vruntime: 1 kworker/u8:4 1048576 875167461
[    1.653052] proc in rq 6
[    1.656361] ALSA device list:
[    1.659581] rq->nr_running rq->cfs.nr_running : 7 7
[    1.662817] platform regulatory.0: Direct firmware load for regulatory.db failed with error -2
[    1.665984] rq->load.weight, rq->cfs.load.weight : 7340032 7340032
[    1.665988] ----------------^^^^TUX0^^^^^-----------------------
[    1.669189] cfg80211: failed to load regulatory.db
[    1.672413] rq->curr->pid = 1458
[    1.672417] color, tsk->comm, weight, vruntime: -127065635791080 rcu_sched 1048576 892046471
[    1.676459]   #0: HDA ATI HDMI at 0xfeb64000 irq 33
[    1.679018] color, tsk->comm, weight, vruntime: 1 kworker/1:2 1048576 897062559
[    1.679020] color, tsk->comm, weight, vruntime: 1 swapper/0 1048576 903062559
[    1.682458]   #1: HD-Audio Generic at 0xfeb60000 irq 16
[    1.685706] proc in rq 3
[    1.685708] rq->nr_running rq->cfs.nr_running : 4 4
[    1.715003] rq->load.weight, rq->cfs.load.weight : 4194304 4194304
[    1.715005] ----------------^^^^TUX1^^^^^-----------------------
[    1.929223] tsc: Refined TSC clocksource calibration: 998.127 MHz
[    1.935799] clocksource: tsc: mask: 0xffffffffffffffff max_cycles: 0x1cc65b93289, max_idle_ns: 881590487074 ns
[    1.943193] clocksource: Switched to clocksource tsc
[    1.949257] usb 4-2: new full-speed USB device number 2 using ohci-pci
[    2.221711] usb 4-2: New USB device found, idVendor=13d3, idProduct=3362, bcdDevice= 0.01
[    2.225130] usb 4-2: New USB device strings: Mfr=1, Product=2, SerialNumber=3
[    2.228532] usb 4-2: Product: Bluetooth USB Host Controller
[    2.231986] usb 4-2: Manufacturer: Atheros Communications
[    2.235435] usb 4-2: SerialNumber: Alaska Day 2006
[    2.332005] input: PS/2 Logitech Wheel Mouse as /devices/platform/i8042/serio4/input/input14
[    2.338138] md: Waiting for all devices to be available before autodetect
[    2.341564] md: If you don't use raid, use raid=noautodetect
[    2.345457] md: Autodetecting RAID arrays.
[    2.348855] md: autorun ...
[    2.352165] md: ... autorun DONE.
[    2.359956] EXT4-fs (sda2): mounted filesystem with ordered data mode. Opts: (null)
[    2.363316] VFS: Mounted root (ext4 filesystem) readonly on device 8:2.
[    2.367839] devtmpfs: mounted
[    2.371994] Freeing unused kernel image memory: 1296K
[    2.409261] Write protecting the kernel read-only data: 22528k
[    2.414222] Freeing unused kernel image memory: 1984K
[    2.418697] Freeing unused kernel image memory: 1688K
[    2.421964] Run /sbin/init as init process
[    2.479484] stty (1758) used greatest stack depth: 13792 bytes left
[    2.529323] usb 2-3: new high-speed USB device number 3 using ehci-pci
[    2.583828] sed (1772) used greatest stack depth: 13592 bytes left
[    2.639253] rq->curr->pid = 1762
[    2.639256] proc in rq 0
[    2.642711] rq->nr_running rq->cfs.nr_running : 1 1
[    2.649517] rq->load.weight, rq->cfs.load.weight : 1048576 1048576
[    2.649520] ----------------^^^^TUX0^^^^^-----------------------
[    2.652922] rq->curr == THREAD(this messg)
[    2.656313] color, tsk->comm, weight, vruntime: 1 kworker/1:2 1048576 1227941927
[    2.659727] color, tsk->comm, weight, vruntime: -127065635791080 ksoftirqd/1 1048576 1227941927
[    2.663121] proc in rq 2
[    2.663124] rq->nr_running rq->cfs.nr_running : 3 3
[    2.663126] rq->load.weight, rq->cfs.load.weight : 3145728 3145728
[    2.663127] ----------------^^^^TUX1^^^^^-----------------------
[    2.769626] ip (1816) used greatest stack depth: 12552 bytes left
[    2.779481] usb 2-3: New USB device found, idVendor=04f2, idProduct=b404, bcdDevice=69.63
[    2.783270] usb 2-3: New USB device strings: Mfr=3, Product=1, SerialNumber=2
[    2.783276] usb 2-3: Product: USB2.0 HD UVC WebCam
[    2.783280] usb 2-3: Manufacturer: Chicony Electronics Co.,Ltd.
[    2.783284] usb 2-3: SerialNumber: 0x0001
[    2.885450] udevd[1850]: starting version 3.2.1
[    2.895672] random: udevd: uninitialized urandom read (16 bytes read)
[    2.899867] random: udevd: uninitialized urandom read (16 bytes read)
[    2.903814] random: udevd: uninitialized urandom read (16 bytes read)
[    2.927191] udevd[1851]: starting eudev-3.2.1
[    3.305268] ath9k 0000:01:00.0 wlp1s0: renamed from wlan0
[    3.332531] r8169 0000:02:00.0 enp2s0: renamed from eth0
[    3.389120] [drm] radeon kernel modesetting enabled.
[    3.397474] radeon 0000:00:01.0: remove_conflicting_pci_framebuffers: bar 0: 0xc0000000 -> 0xcfffffff
[    3.401265] radeon 0000:00:01.0: remove_conflicting_pci_framebuffers: bar 2: 0xd0000000 -> 0xd07fffff
[    3.404920] radeon 0000:00:01.0: remove_conflicting_pci_framebuffers: bar 5: 0xfeb00000 -> 0xfeb3ffff
[    3.408815] checking generic (c0000000 420000) vs hw (c0000000 10000000)
[    3.408819] fb0: switching to radeondrmfb from EFI VGA
[    3.434580] Console: switching to colour dummy device 80x25
[    3.440047] radeon 0000:00:01.0: vgaarb: deactivate vga console
[    3.443741] [drm] initializing kernel modesetting (KABINI 0x1002:0x9839 0x1043:0x141D 0x00).
[    3.443822] [drm] doorbell mmio base: 0xD0000000
[    3.443830] [drm] doorbell mmio size: 8388608
[    3.446953] ATOM BIOS: AMD
[    3.447046] [drm] Changing default dispclk from 400Mhz to 600Mhz
[    3.447102] radeon 0000:00:01.0: VRAM: 512M 0x0000000000000000 - 0x000000001FFFFFFF (512M used)
[    3.447117] radeon 0000:00:01.0: GTT: 2048M 0x0000000020000000 - 0x000000009FFFFFFF
[    3.447152] [drm] Detected VRAM RAM=512M, BAR=256M
[    3.447160] [drm] RAM width 128bits DDR
[    3.472704] [TTM] Zone  kernel: Available graphics memory: 1729510 KiB
[    3.472724] [TTM] Initializing pool allocator
[    3.472745] [TTM] Initializing DMA pool allocator
[    3.472814] [drm] radeon: 512M of VRAM memory ready
[    3.472824] [drm] radeon: 2048M of GTT memory ready.
[    3.472874] [drm] Loading kabini Microcode
[    3.507828] [drm] Internal thermal controller without fan control
[    3.508475] [drm] radeon: dpm initialized
[    3.509725] [drm] Found UVD firmware Version: 1.64 Family ID: 9
[    3.514445] [drm] Found VCE firmware/feedback version 40.2.2 / 15!
[    3.522553] [drm] GART: num cpu pages 524288, num gpu pages 524288
[    3.570619] [drm] PCIE GART of 2048M enabled (table at 0x000000000030E000).
[    3.570901] radeon 0000:00:01.0: WB enabled
[    3.570946] radeon 0000:00:01.0: fence driver on ring 0 use gpu addr 0x0000000020000c00 and cpu addr 0x(____ptrval____)
[    3.570964] radeon 0000:00:01.0: fence driver on ring 1 use gpu addr 0x0000000020000c04 and cpu addr 0x(____ptrval____)
[    3.570979] radeon 0000:00:01.0: fence driver on ring 2 use gpu addr 0x0000000020000c08 and cpu addr 0x(____ptrval____)
[    3.570994] radeon 0000:00:01.0: fence driver on ring 3 use gpu addr 0x0000000020000c0c and cpu addr 0x(____ptrval____)
[    3.571008] radeon 0000:00:01.0: fence driver on ring 4 use gpu addr 0x0000000020000c10 and cpu addr 0x(____ptrval____)
[    3.571926] radeon 0000:00:01.0: fence driver on ring 5 use gpu addr 0x0000000000078d30 and cpu addr 0x(____ptrval____)
[    3.572300] radeon 0000:00:01.0: fence driver on ring 6 use gpu addr 0x0000000020000c18 and cpu addr 0x(____ptrval____)
[    3.572316] radeon 0000:00:01.0: fence driver on ring 7 use gpu addr 0x0000000020000c1c and cpu addr 0x(____ptrval____)
[    3.572330] [drm] Supports vblank timestamp caching Rev 2 (21.10.2013).
[    3.572338] [drm] Driver supports precise vblank timestamp query.
[    3.572452] radeon 0000:00:01.0: radeon: using MSI.
[    3.572514] [drm] radeon: irq initialized.
[    3.576379] [drm] ring test on 0 succeeded in 3 usecs
[    3.576482] [drm] ring test on 1 succeeded in 3 usecs
[    3.576520] [drm] ring test on 2 succeeded in 4 usecs
[    3.576848] [drm] ring test on 3 succeeded in 6 usecs
[    3.576867] [drm] ring test on 4 succeeded in 6 usecs
[    3.633470] [drm] ring test on 5 succeeded in 2 usecs
[    3.649261] rq->curr->pid = 2248
[    3.649268] color, tsk->comm, weight, vruntime: -127065654829287 udevd 1048576 2674626388
[    3.649287] color, tsk->comm, weight, vruntime: -127065654839656 udevd 1048576 2674637681
[    3.649299] color, tsk->comm, weight, vruntime: -127065654850024 udevd 1048576 2674637720
[    3.649310] color, tsk->comm, weight, vruntime: -127065654829287 udevd 1048576 2674715923
[    3.649321] color, tsk->comm, weight, vruntime: 1 udevd 1048576 2674777921
[    3.649331] color, tsk->comm, weight, vruntime: -127065654843112 udevd 1048576 2674782029
[    3.649339] color, tsk->comm, weight, vruntime: -127065654482663 udevd 1048576 2674782418
[    3.649350] color, tsk->comm, weight, vruntime: -127065654850024 hwclock 1048576 2678994296
[    3.649360] color, tsk->comm, weight, vruntime: -127065654482663 udevd 1048576 2685700106
[    3.649370] proc in rq 9
[    3.649380] rq->nr_running rq->cfs.nr_running : 10 10
[    3.649390] rq->load.weight, rq->cfs.load.weight : 10485760 10485760
[    3.649392] ----------------^^^^TUX0^^^^^-----------------------
[    3.649398] rq->curr == THREAD(this messg)
[    3.649407] color, tsk->comm, weight, vruntime: 1 udevd 1048576 1871193418
[    3.649413] proc in rq 1
[    3.649421] rq->nr_running rq->cfs.nr_running : 2 2
[    3.649430] rq->load.weight, rq->cfs.load.weight : 2097152 2097152
[    3.649432] ----------------^^^^TUX1^^^^^-----------------------
[    3.665510] [drm] UVD initialized successfully.
[    3.784605] [drm] ring test on 6 succeeded in 19 usecs
[    3.784636] [drm] ring test on 7 succeeded in 3 usecs
[    3.784643] [drm] VCE initialized successfully.
[    3.786524] [drm] ib test on ring 0 succeeded in 0 usecs
[    3.786804] [drm] ib test on ring 1 succeeded in 0 usecs
[    3.787076] [drm] ib test on ring 2 succeeded in 0 usecs
[    3.787353] [drm] ib test on ring 3 succeeded in 0 usecs
[    3.787627] [drm] ib test on ring 4 succeeded in 0 usecs
[    3.809466] [drm] ib test on ring 5 succeeded
[    3.835516] [drm] ib test on ring 6 succeeded
[    3.836528] [drm] ib test on ring 7 succeeded
[    3.879274] [drm] radeon atom DIG backlight initialized
[    3.879298] [drm] Radeon Display Connectors
[    3.879306] [drm] Connector 0:
[    3.879312] [drm]   LVDS-1
[    3.879318] [drm]   HPD1
[    3.879328] [drm]   DDC: 0x6530 0x6530 0x6534 0x6534 0x6538 0x6538 0x653c 0x653c
[    3.879337] [drm]   Encoders:
[    3.879343] [drm]     LCD1: INTERNAL_UNIPHY
[    3.879350] [drm] Connector 1:
[    3.879356] [drm]   HDMI-A-1
[    3.879361] [drm]   HPD2
[    3.879369] [drm]   DDC: 0x6540 0x6540 0x6544 0x6544 0x6548 0x6548 0x654c 0x654c
[    3.879378] [drm]   Encoders:
[    3.879383] [drm]     DFP1: INTERNAL_UNIPHY
[    3.879389] [drm] Connector 2:
[    3.879395] [drm]   VGA-1
[    3.879402] [drm]   DDC: 0x65c0 0x65c0 0x65c4 0x65c4 0x65c8 0x65c8 0x65cc 0x65cc
[    3.879410] [drm]   Encoders:
[    3.879416] [drm]     CRT1: INTERNAL_KLDSCP_DAC1
[    4.639213] rq->curr == THREAD(this messg)
[    4.639217] proc in rq 0
[    4.639234] rq->nr_running rq->cfs.nr_running : 1 1
[    4.639246] rq->load.weight, rq->cfs.load.weight : 1048576 1048576
[    4.639248] ----------------^^^^TUX0^^^^^-----------------------
[    4.639256] rq->curr->pid = 0
[    4.639263] proc in rq 0
[    4.639270] rq->nr_running rq->cfs.nr_running : 0 0
[    4.639280] rq->load.weight, rq->cfs.load.weight : 0 0
[    4.639281] ----------------^^^^TUX1^^^^^-----------------------
[    4.931395] [drm] fb mappable at 0xC0722000
[    4.931415] [drm] vram apper at 0xC0000000
[    4.931421] [drm] size 4325376
[    4.931427] [drm] fb depth is 24
[    4.931433] [drm]    pitch is 5632
[    4.931767] fbcon: radeondrmfb (fb0) is primary device
[    5.039480] Console: switching to colour frame buffer device 170x48
[    5.049817] radeon 0000:00:01.0: fb0: radeondrmfb frame buffer device
[    5.098112] [drm] Initialized radeon 2.50.0 20080528 for 0000:00:01.0 on minor 0
[    5.183716] Adding 3608572k swap on /dev/sda4.  Priority:1 extents:1 across:3608572k SS
[    5.236963] EXT4-fs (sda2): re-mounted. Opts: (null)
[    5.336234] EXT4-fs (sda2): re-mounted. Opts: (null)
[    5.639223] rq->curr == THREAD(this messg)
[    5.639228] proc in rq 0
[    5.639319] rq->nr_running rq->cfs.nr_running : 1 1
[    5.639438] rq->load.weight, rq->cfs.load.weight : 1048576 1048576
[    5.639440] ----------------^^^^TUX0^^^^^-----------------------
[    5.639536] rq->curr->pid = 0
[    5.639629] proc in rq 0
[    5.639679] rq->nr_running rq->cfs.nr_running : 0 0
[    5.643159] rq->load.weight, rq->cfs.load.weight : 0 0
[    5.643161] ----------------^^^^TUX1^^^^^-----------------------
[    6.639226] rq->curr == THREAD(this messg)
[    6.642841] proc in rq 0
[    6.646469] rq->nr_running rq->cfs.nr_running : 1 1
[    6.653719] rq->load.weight, rq->cfs.load.weight : 1048576 1048576
[    6.653721] ----------------^^^^TUX0^^^^^-----------------------
[    6.657382] rq->curr->pid = 0
[    6.661078] proc in rq 0
[    6.664720] rq->nr_running rq->cfs.nr_running : 0 0
[    6.671930] rq->load.weight, rq->cfs.load.weight : 0 0
[    6.671932] ----------------^^^^TUX1^^^^^-----------------------
[    7.621766] urandom_read: 6 callbacks suppressed
[    7.621772] random: wpa_supplicant: uninitialized urandom read (32 bytes read)
[    7.639256] rq->curr == THREAD(this messg)
[    7.639266] color, tsk->comm, weight, vruntime: -127065718583783 syslogd 1048576 6159523963
[    7.643290] color, tsk->comm, weight, vruntime: -127065633442152 syslogd 1048576 6159590959
[    7.647456] color, tsk->comm, weight, vruntime: -127065661553640 syslogd 1048576 6159796152
[    7.651612] color, tsk->comm, weight, vruntime: -127065718583783 syslogd 1048576 6160385581
[    7.655653] color, tsk->comm, weight, vruntime: -127065661567463 wpa_supplicant 1048576 6166082665
[    7.659715] proc in rq 5
[    7.663721] rq->nr_running rq->cfs.nr_running : 6 6
[    7.671342] rq->load.weight, rq->cfs.load.weight : 6291456 6291456
[    7.671346] ----------------^^^^TUX0^^^^^-----------------------
[    7.675065] rq->curr->pid = 3439
[    7.678657] color, tsk->comm, weight, vruntime: -127065633780199 syslogd 1048576 4712203602
[    7.682149] color, tsk->comm, weight, vruntime: -127065633780199 syslogd 1048576 4712924735
[    7.685686] color, tsk->comm, weight, vruntime: -127065719251175 syslogd 1048576 4713187740
[    7.689264] color, tsk->comm, weight, vruntime: -127065635804903 syslogd 1048576 4713234481
[    7.692619] color, tsk->comm, weight, vruntime: -127065635804903 syslogd 1048576 4713565426
[    7.695889] color, tsk->comm, weight, vruntime: -127065635815271 syslogd 1048576 4713646878
[    7.699141] color, tsk->comm, weight, vruntime: -127065635811815 syslogd 1048576 4713651423
[    7.702444] color, tsk->comm, weight, vruntime: -127065635815271 syslogd 1048576 4713664583
[    7.705694] color, tsk->comm, weight, vruntime: -127065635811815 syslogd 1048576 4713633386
[    7.708856] color, tsk->comm, weight, vruntime: 1 syslogd 1048576 4713897086
[    7.711933] color, tsk->comm, weight, vruntime: -127065737827176 syslogd 1048576 4725967943
[    7.714972] proc in rq 11
[    7.718056] rq->nr_running rq->cfs.nr_running : 12 12
[    7.724178] rq->load.weight, rq->cfs.load.weight : 12582912 12582912
[    7.724182] ----------------^^^^TUX1^^^^^-----------------------
[    8.639212] rq->curr == idle (init_task)
[    8.642345] proc in rq 0
[    8.645523] rq->nr_running rq->cfs.nr_running : 0 0
[    8.651870] rq->load.weight, rq->cfs.load.weight : 0 0
[    8.651872] ----------------^^^^TUX0^^^^^-----------------------
[    8.655065] rq->curr == THREAD(this messg)
[    8.658180] color, tsk->comm, weight, vruntime: 1 kworker/1:1 1048576 5643894545
[    8.661307] proc in rq 1
[    8.664522] rq->nr_running rq->cfs.nr_running : 2 2
[    8.670853] rq->load.weight, rq->cfs.load.weight : 2097152 2097152
[    8.670855] ----------------^^^^TUX1^^^^^-----------------------
[    9.020108] wlp1s0: authenticate with 64:66:b3:cd:9a:3a
[    9.049547] wlp1s0: send auth to 64:66:b3:cd:9a:3a (try 1/3)
[    9.055851] wlp1s0: authenticated
[    9.069289] wlp1s0: associate with 64:66:b3:cd:9a:3a (try 1/3)
[    9.076936] wlp1s0: RX AssocResp from 64:66:b3:cd:9a:3a (capab=0x431 status=0 aid=1)
[    9.081227] wlp1s0: associated
[    9.114343] IPv6: ADDRCONF(NETDEV_CHANGE): wlp1s0: link becomes ready
[    9.639209] rq->curr == THREAD(this messg)
[    9.639213] proc in rq 0
[    9.642319] rq->nr_running rq->cfs.nr_running : 1 1
[    9.648352] rq->load.weight, rq->cfs.load.weight : 1048576 1048576
[    9.648354] ----------------^^^^TUX0^^^^^-----------------------
[    9.651444] rq->curr->pid = 0
[    9.654610] proc in rq 0
[    9.657741] rq->nr_running rq->cfs.nr_running : 1 1
[    9.663947] rq->load.weight, rq->cfs.load.weight : 1048576 1048576
[    9.663950] ----------------^^^^TUX1^^^^^-----------------------
[   10.639213] rq->curr == THREAD(this messg)
[   10.642318] proc in rq 0
[   10.645382] rq->nr_running rq->cfs.nr_running : 1 1
[   10.651421] rq->load.weight, rq->cfs.load.weight : 1048576 1048576
[   10.651423] ----------------^^^^TUX0^^^^^-----------------------
[   10.654542] rq->curr->pid = 4488
[   10.657667] proc in rq 0
[   10.660822] rq->nr_running rq->cfs.nr_running : 0 0
[   10.667178] rq->load.weight, rq->cfs.load.weight : 0 0
[   10.667182] ----------------^^^^TUX1^^^^^-----------------------
[   11.095394] udevd (2251) used greatest stack depth: 11736 bytes left
[   11.639209] rq->curr == THREAD(this messg)
[   11.639213] proc in rq 0
[   11.642567] rq->nr_running rq->cfs.nr_running : 1 1
[   11.649131] rq->load.weight, rq->cfs.load.weight : 1048576 1048576
[   11.649132] ----------------^^^^TUX0^^^^^-----------------------
[   11.652458] rq->curr->pid = 0
[   11.655817] color, tsk->comm, weight, vruntime: 1 kworker/1:1 1048576 6242526861
[   11.659054] proc in rq 1
[   11.662443] rq->nr_running rq->cfs.nr_running : 2 2
[   11.668940] rq->load.weight, rq->cfs.load.weight : 2097152 2097152
[   11.668944] ----------------^^^^TUX1^^^^^-----------------------
[   12.639211] rq->curr == THREAD(this messg)
[   12.642481] proc in rq 0
[   12.645724] rq->nr_running rq->cfs.nr_running : 1 1
[   12.652155] rq->load.weight, rq->cfs.load.weight : 1048576 1048576
[   12.652157] ----------------^^^^TUX0^^^^^-----------------------
[   12.655426] rq->curr->pid = 3439
[   12.658637] proc in rq 0
[   12.661840] rq->nr_running rq->cfs.nr_running : 0 0
[   12.668161] rq->load.weight, rq->cfs.load.weight : 0 0
[   12.668164] ----------------^^^^TUX1^^^^^-----------------------
[   13.639211] rq->curr == THREAD(this messg)
[   13.642380] proc in rq 0
[   13.645515] rq->nr_running rq->cfs.nr_running : 1 1
[   13.651734] rq->load.weight, rq->cfs.load.weight : 1048576 1048576
[   13.651735] ----------------^^^^TUX0^^^^^-----------------------
[   13.654899] rq->curr->pid = 4522
[   13.658010] proc in rq 0
[   13.661094] rq->nr_running rq->cfs.nr_running : 0 0
[   13.667247] rq->load.weight, rq->cfs.load.weight : 0 0
[   13.667250] ----------------^^^^TUX1^^^^^-----------------------
[   14.639212] rq->curr == THREAD(this messg)
[   14.642299] proc in rq 0
[   14.645339] rq->nr_running rq->cfs.nr_running : 1 1
[   14.651462] rq->load.weight, rq->cfs.load.weight : 1048576 1048576
[   14.651464] ----------------^^^^TUX0^^^^^-----------------------
[   14.654607] rq->curr->pid = 4534
[   14.657710] proc in rq 0
[   14.660783] rq->nr_running rq->cfs.nr_running : 0 0
[   14.666914] rq->load.weight, rq->cfs.load.weight : 0 0
[   14.666917] ----------------^^^^TUX1^^^^^-----------------------
[   15.639210] rq->curr == THREAD(this messg)
[   15.642278] proc in rq 0
[   15.645302] rq->nr_running rq->cfs.nr_running : 1 1
[   15.651376] rq->load.weight, rq->cfs.load.weight : 1048576 1048576
[   15.651378] ----------------^^^^TUX0^^^^^-----------------------
[   15.654522] rq->curr->pid = 4544
[   15.657619] proc in rq 0
[   15.660742] rq->nr_running rq->cfs.nr_running : 0 0
[   15.666847] rq->load.weight, rq->cfs.load.weight : 0 0
[   15.666850] ----------------^^^^TUX1^^^^^-----------------------
[   16.639240] rq->curr == idle (init_task)
[   16.639360] proc in rq 0
[   16.639425] rq->nr_running rq->cfs.nr_running : 1 1
[   16.639545] rq->load.weight, rq->cfs.load.weight : 1048576 1048576
[   16.639547] ----------------^^^^TUX0^^^^^-----------------------
[   16.639644] rq->curr == THREAD(this messg)
[   16.639738] proc in rq 0
[   16.639807] rq->nr_running rq->cfs.nr_running : 1 1
[   16.639927] rq->load.weight, rq->cfs.load.weight : 1048576 1048576
[   16.639928] ----------------^^^^TUX1^^^^^-----------------------
[   17.639214] rq->curr == idle (init_task)
[   17.639225] proc in rq 0
[   17.639229] rq->nr_running rq->cfs.nr_running : 0 0
[   17.639234] rq->load.weight, rq->cfs.load.weight : 0 0
[   17.639236] ----------------^^^^TUX0^^^^^-----------------------
[   17.639239] rq->curr == THREAD(this messg)
[   17.639242] proc in rq 0
[   17.639245] rq->nr_running rq->cfs.nr_running : 1 1
[   17.639249] rq->load.weight, rq->cfs.load.weight : 1048576 1048576
[   17.639251] ----------------^^^^TUX1^^^^^-----------------------
[   18.639221] rq->curr == idle (init_task)
[   18.639235] proc in rq 0
[   18.639239] rq->nr_running rq->cfs.nr_running : 0 0
[   18.639244] rq->load.weight, rq->cfs.load.weight : 0 0
[   18.639246] ----------------^^^^TUX0^^^^^-----------------------
[   18.639249] rq->curr == THREAD(this messg)
[   18.639252] proc in rq 0
[   18.639255] rq->nr_running rq->cfs.nr_running : 1 1
[   18.639259] rq->load.weight, rq->cfs.load.weight : 1048576 1048576
[   18.639261] ----------------^^^^TUX1^^^^^-----------------------
[   19.639213] rq->curr == idle (init_task)
[   19.639223] proc in rq 0
[   19.639227] rq->nr_running rq->cfs.nr_running : 0 0
[   19.639232] rq->load.weight, rq->cfs.load.weight : 0 0
[   19.639234] ----------------^^^^TUX0^^^^^-----------------------
[   19.639237] rq->curr == THREAD(this messg)
[   19.639240] proc in rq 0
[   19.639243] rq->nr_running rq->cfs.nr_running : 1 1
[   19.639247] rq->load.weight, rq->cfs.load.weight : 1048576 1048576
[   19.639249] ----------------^^^^TUX1^^^^^-----------------------
[   23.752882] random: crng init done
