[    0.000000] Linux version 5.2.0-rc2+ (root@(none)) (gcc version 9.0.1 20190416 (experimental) (GCC)) #136 SMP Tue May 28 19:57:48 +05 2019
[    0.000000] Command line: BOOT_IMAGE=/boot/bzImage root=/dev/sda2 ro
[    0.000000] x86/fpu: Supporting XSAVE feature 0x001: 'x87 floating point registers'
[    0.000000] x86/fpu: Supporting XSAVE feature 0x002: 'SSE registers'
[    0.000000] x86/fpu: Supporting XSAVE feature 0x004: 'AVX registers'
[    0.000000] x86/fpu: xstate_offset[2]:  576, xstate_sizes[2]:  256
[    0.000000] x86/fpu: Enabled xstate features 0x7, context size is 832 bytes, using 'standard' format.
[    0.000000] BIOS-provided physical RAM map:
[    0.000000] BIOS-e820: [mem 0x0000000000000000-0x000000000009ffff] usable
[    0.000000] BIOS-e820: [mem 0x0000000000100000-0x000000009d0f7fff] usable
[    0.000000] BIOS-e820: [mem 0x000000009d0f8000-0x000000009d127fff] reserved
[    0.000000] BIOS-e820: [mem 0x000000009d128000-0x000000009d370fff] usable
[    0.000000] BIOS-e820: [mem 0x000000009d371000-0x000000009dc56fff] ACPI NVS
[    0.000000] BIOS-e820: [mem 0x000000009dc57000-0x000000009e959fff] reserved
[    0.000000] BIOS-e820: [mem 0x000000009e95a000-0x000000009e9cafff] type 20
[    0.000000] BIOS-e820: [mem 0x000000009e9cb000-0x000000009e9cbfff] usable
[    0.000000] BIOS-e820: [mem 0x000000009e9cc000-0x000000009e9d3fff] ACPI NVS
[    0.000000] BIOS-e820: [mem 0x000000009e9d4000-0x000000009eb24fff] usable
[    0.000000] BIOS-e820: [mem 0x000000009eb25000-0x000000009f041fff] reserved
[    0.000000] BIOS-e820: [mem 0x000000009f042000-0x000000009f080fff] usable
[    0.000000] BIOS-e820: [mem 0x000000009f081000-0x000000009f3f1fff] reserved
[    0.000000] BIOS-e820: [mem 0x000000009f3f2000-0x000000009f3fffff] usable
[    0.000000] BIOS-e820: [mem 0x00000000fec00000-0x00000000fec01fff] reserved
[    0.000000] BIOS-e820: [mem 0x00000000fec10000-0x00000000fec10fff] reserved
[    0.000000] BIOS-e820: [mem 0x00000000fed00000-0x00000000fed00fff] reserved
[    0.000000] BIOS-e820: [mem 0x00000000fed80000-0x00000000fed8ffff] reserved
[    0.000000] BIOS-e820: [mem 0x00000000ff000000-0x00000000ffffffff] reserved
[    0.000000] BIOS-e820: [mem 0x0000000100001000-0x000000013effffff] usable
[    0.000000] NX (Execute Disable) protection: active
[    0.000000] efi: EFI v2.31 by American Megatrends
[    0.000000] efi:  ACPI=0x9d3f3000  ACPI 2.0=0x9d3f3000  SMBIOS=0x9e958998 
[    0.000000] SMBIOS 2.7 present.
[    0.000000] DMI: ASUSTeK COMPUTER INC. X102BA/X102BA, BIOS X102BA.212 08/30/2013
[    0.000000] tsc: Fast TSC calibration using PIT
[    0.000000] tsc: Detected 998.101 MHz processor
[    0.000214] e820: update [mem 0x00000000-0x00000fff] usable ==> reserved
[    0.000218] e820: remove [mem 0x000a0000-0x000fffff] usable
[    0.000240] last_pfn = 0x13f000 max_arch_pfn = 0x400000000
[    0.000251] MTRR default type: uncachable
[    0.000252] MTRR fixed ranges enabled:
[    0.000256]   00000-9FFFF write-back
[    0.000259]   A0000-BFFFF write-through
[    0.000261]   C0000-DFFFF uncachable
[    0.000264]   E0000-FFFFF write-protect
[    0.000265] MTRR variable ranges enabled:
[    0.000270]   0 base 0000000000 mask FF80000000 write-back
[    0.000274]   1 base 0080000000 mask FFE0000000 write-back
[    0.000277]   2 base 009F400000 mask FFFFC00000 uncachable
[    0.000280]   3 base 009F800000 mask FFFF800000 uncachable
[    0.000282]   4 disabled
[    0.000283]   5 disabled
[    0.000284]   6 disabled
[    0.000285]   7 disabled
[    0.000288] TOM2: 000000013f000000 aka 5104M
[    0.000811] x86/PAT: Configuration [0-7]: WB  WC  UC- UC  WB  WP  UC- WT  
[    0.001069] e820: update [mem 0x9f400000-0xffffffff] usable ==> reserved
[    0.001083] last_pfn = 0x9f400 max_arch_pfn = 0x400000000
[    0.014273] check: Scanning 1 areas for low memory corruption
[    0.014286] Using GB pages for direct mapping
[    0.014293] BRK [0x5de01000, 0x5de01fff] PGTABLE
[    0.014299] BRK [0x5de02000, 0x5de02fff] PGTABLE
[    0.014303] BRK [0x5de03000, 0x5de03fff] PGTABLE
[    0.014481] BRK [0x5de04000, 0x5de04fff] PGTABLE
[    0.014485] BRK [0x5de05000, 0x5de05fff] PGTABLE
[    0.014767] BRK [0x5de06000, 0x5de06fff] PGTABLE
[    0.016122] BRK [0x5de07000, 0x5de07fff] PGTABLE
[    0.016393] BRK [0x5de08000, 0x5de08fff] PGTABLE
[    0.016620] BRK [0x5de09000, 0x5de09fff] PGTABLE
[    0.016911] BRK [0x5de0a000, 0x5de0afff] PGTABLE
[    0.017252] BRK [0x5de0b000, 0x5de0bfff] PGTABLE
[    0.017474] Secure boot could not be determined
[    0.017489] ACPI: Early table checksum verification disabled
[    0.017500] ACPI: RSDP 0x000000009D3F3000 000024 (v02 _ASUS_)
[    0.017512] ACPI: XSDT 0x000000009D3F3088 000094 (v01 _ASUS_ Notebook 01072009 AMI  00010013)
[    0.017530] ACPI: FACP 0x000000009D400748 00010C (v05 _ASUS_ Notebook 01072009 AMI  00010013)
[    0.017546] ACPI BIOS Warning (bug): Optional FADT field Pm2ControlBlock has valid Length but zero Address: 0x0000000000000000/0x1 (20190509/tbfadt-615)
[    0.017561] ACPI: DSDT 0x000000009D3F31A8 00D59D (v02 _ASUS_ Notebook 00000000 INTL 20091112)
[    0.017572] ACPI: FACS 0x000000009DC4B080 000040
[    0.017581] ACPI: APIC 0x000000009D400858 00007E (v03 _ASUS_ Notebook 01072009 AMI  00010013)
[    0.017592] ACPI: FPDT 0x000000009D4008D8 000044 (v01 _ASUS_ Notebook 01072009 AMI  00010013)
[    0.017603] ACPI: ECDT 0x000000009D400920 0000C1 (v01 _ASUS_ Notebook 01072009 AMI. 00000005)
[    0.017614] ACPI: MCFG 0x000000009D4009E8 00003C (v01 _ASUS_ Notebook 01072009 MSFT 00010013)
[    0.017624] ACPI: HPET 0x000000009D400A28 000038 (v01 _ASUS_ Notebook 01072009 AMI  00000005)
[    0.017634] ACPI: VFCT 0x000000009D400A60 004684 (v01 _ASUS_ Notebook 00000001 AMD  31504F47)
[    0.017646] ACPI: BGRT 0x000000009D4050E8 000038 (v00 _ASUS_ Notebook 01072009 ASUS 00010013)
[    0.017656] ACPI: SSDT 0x000000009D405120 0005E0 (v01 AMD    AGESA    00000001 AMD  00000001)
[    0.017667] ACPI: SSDT 0x000000009D405700 0046D1 (v02 AMD    AGESA    00000002 MSFT 04000000)
[    0.017678] ACPI: CRAT 0x000000009D409DD8 000228 (v01 AMD    AGESA    00000001 AMD  00000001)
[    0.017688] ACPI: SSDT 0x000000009D40A000 001411 (v01 AMD    CPMDFIGP 00000001 INTL 20051117)
[    0.017698] ACPI: SSDT 0x000000009D40B418 0010E8 (v01 AMD    CPMCMN   00000001 INTL 20051117)
[    0.017709] ACPI: MSDM 0x000000009D127F98 000055 (v03 _ASUS_ Notebook 00000000 ASUS 00000001)
[    0.017736] ACPI: Local APIC address 0xfee00000
[    0.017996] No NUMA configuration found
[    0.018001] Faking a node at [mem 0x0000000000000000-0x000000013effffff]
[    0.018015] NODE_DATA(0) allocated [mem 0x13effa000-0x13effdfff]
[    0.018068] Zone ranges:
[    0.018072]   DMA      [mem 0x0000000000001000-0x0000000000ffffff]
[    0.018077]   DMA32    [mem 0x0000000001000000-0x00000000ffffffff]
[    0.018082]   Normal   [mem 0x0000000100000000-0x000000013effffff]
[    0.018087] Movable zone start for each node
[    0.018090] Early memory node ranges
[    0.018094]   node   0: [mem 0x0000000000001000-0x000000000009ffff]
[    0.018098]   node   0: [mem 0x0000000000100000-0x000000009d0f7fff]
[    0.018101]   node   0: [mem 0x000000009d128000-0x000000009d370fff]
[    0.018105]   node   0: [mem 0x000000009e9cb000-0x000000009e9cbfff]
[    0.018108]   node   0: [mem 0x000000009e9d4000-0x000000009eb24fff]
[    0.018112]   node   0: [mem 0x000000009f042000-0x000000009f080fff]
[    0.018115]   node   0: [mem 0x000000009f3f2000-0x000000009f3fffff]
[    0.018119]   node   0: [mem 0x0000000100001000-0x000000013effffff]
[    0.018438] Zeroed struct page in unavailable ranges: 11138 pages
[    0.018446] Initmem setup node 0 [mem 0x0000000000001000-0x000000013effffff]
[    0.018457] On node 0 totalpages: 902270
[    0.018460]   DMA zone: 64 pages used for memmap
[    0.018462]   DMA zone: 23 pages reserved
[    0.018465]   DMA zone: 3999 pages, LIFO batch:0
[    0.018687]   DMA32 zone: 10004 pages used for memmap
[    0.018689]   DMA32 zone: 640224 pages, LIFO batch:63
[    0.057976]   Normal zone: 4032 pages used for memmap
[    0.057983]   Normal zone: 258047 pages, LIFO batch:63
[    0.070997] ACPI: PM-Timer IO Port: 0x808
[    0.071009] ACPI: Local APIC address 0xfee00000
[    0.071026] ACPI: LAPIC_NMI (acpi_id[0xff] high edge lint[0x1])
[    0.071044] IOAPIC[0]: apic_id 3, version 33, address 0xfec00000, GSI 0-23
[    0.071055] IOAPIC[1]: apic_id 4, version 33, address 0xfec01000, GSI 24-55
[    0.071063] ACPI: INT_SRC_OVR (bus 0 bus_irq 0 global_irq 2 dfl dfl)
[    0.071070] ACPI: INT_SRC_OVR (bus 0 bus_irq 9 global_irq 9 low level)
[    0.071075] ACPI: IRQ0 used by override.
[    0.071078] ACPI: IRQ9 used by override.
[    0.071084] Using ACPI (MADT) for SMP configuration information
[    0.071089] ACPI: HPET id: 0x10228210 base: 0xfed00000
[    0.071106] smpboot: Allowing 4 CPUs, 2 hotplug CPUs
[    0.071180] PM: Registered nosave memory: [mem 0x00000000-0x00000fff]
[    0.071187] PM: Registered nosave memory: [mem 0x000a0000-0x000fffff]
[    0.071194] PM: Registered nosave memory: [mem 0x9d0f8000-0x9d127fff]
[    0.071201] PM: Registered nosave memory: [mem 0x9d371000-0x9dc56fff]
[    0.071204] PM: Registered nosave memory: [mem 0x9dc57000-0x9e959fff]
[    0.071208] PM: Registered nosave memory: [mem 0x9e95a000-0x9e9cafff]
[    0.071214] PM: Registered nosave memory: [mem 0x9e9cc000-0x9e9d3fff]
[    0.071221] PM: Registered nosave memory: [mem 0x9eb25000-0x9f041fff]
[    0.071228] PM: Registered nosave memory: [mem 0x9f081000-0x9f3f1fff]
[    0.071235] PM: Registered nosave memory: [mem 0x9f400000-0xfebfffff]
[    0.071238] PM: Registered nosave memory: [mem 0xfec00000-0xfec01fff]
[    0.071241] PM: Registered nosave memory: [mem 0xfec02000-0xfec0ffff]
[    0.071244] PM: Registered nosave memory: [mem 0xfec10000-0xfec10fff]
[    0.071247] PM: Registered nosave memory: [mem 0xfec11000-0xfecfffff]
[    0.071251] PM: Registered nosave memory: [mem 0xfed00000-0xfed00fff]
[    0.071254] PM: Registered nosave memory: [mem 0xfed01000-0xfed7ffff]
[    0.071257] PM: Registered nosave memory: [mem 0xfed80000-0xfed8ffff]
[    0.071260] PM: Registered nosave memory: [mem 0xfed90000-0xfeffffff]
[    0.071263] PM: Registered nosave memory: [mem 0xff000000-0xffffffff]
[    0.071266] PM: Registered nosave memory: [mem 0x100000000-0x100000fff]
[    0.071273] [mem 0x9f400000-0xfebfffff] available for PCI devices
[    0.071285] clocksource: refined-jiffies: mask: 0xffffffff max_cycles: 0xffffffff, max_idle_ns: 19112604462750000 ns
[    0.490762] setup_percpu: NR_CPUS:64 nr_cpumask_bits:64 nr_cpu_ids:4 nr_node_ids:1
[    0.491952] percpu: Embedded 51 pages/cpu s170008 r8192 d30696 u524288
[    0.491991] pcpu-alloc: s170008 r8192 d30696 u524288 alloc=1*2097152
[    0.491994] pcpu-alloc: [0] 0 1 2 3 
[    0.492072] Built 1 zonelists, mobility grouping on.  Total pages: 888147
[    0.492077] Policy zone: Normal
[    0.492085] Kernel command line: BOOT_IMAGE=/boot/bzImage root=/dev/sda2 ro
[    0.556585] Memory: 3432168K/3609080K available (14357K kernel code, 1432K rwdata, 4452K rodata, 1296K init, 856K bss, 176912K reserved, 0K cma-reserved)
[    0.556805] SLUB: HWalign=64, Order=0-3, MinObjects=0, CPUs=4, Nodes=1
[    0.557042] rcu: Hierarchical RCU implementation.
[    0.557046] rcu: 	RCU event tracing is enabled.
[    0.557050] rcu: 	RCU restricting CPUs from NR_CPUS=64 to nr_cpu_ids=4.
[    0.557055] rcu: RCU calculated value of scheduler-enlistment delay is 10 jiffies.
[    0.557059] rcu: Adjusting geometry for rcu_fanout_leaf=16, nr_cpu_ids=4
[    0.557641] NR_IRQS: 4352, nr_irqs: 1000, preallocated irqs: 16
[    0.558121] random: get_random_bytes called from start_kernel+0x2c6/0x493 with crng_init=0
[    0.558201] Console: colour dummy device 80x25
[    0.558922] printk: console [tty0] enabled
[    0.558970] ACPI: Core revision 20190509
[    0.559693] clocksource: hpet: mask: 0xffffffff max_cycles: 0xffffffff, max_idle_ns: 133484873504 ns
[    0.559723] hpet clockevent registered
[    0.559733] APIC: Switch to symmetric I/O mode setup
[    0.560481] ..TIMER: vector=0x30 apic1=0 pin1=2 apic2=-1 pin2=-1
[    0.609736] clocksource: tsc-early: mask: 0xffffffffffffffff max_cycles: 0x1cc62a745ef, max_idle_ns: 881590506184 ns
[    0.609753] Calibrating delay loop (skipped), value calculated using timer frequency.. 1996.20 BogoMIPS (lpj=9981010)
[    0.609769] pid_max: default: 32768 minimum: 301
[    0.612316] LSM: Security Framework initializing
[    0.612349] SELinux:  Initializing.
[    0.612387] *** VALIDATE SELinux ***
[    0.614632] Dentry cache hash table entries: 524288 (order: 10, 4194304 bytes)
[    0.615812] Inode-cache hash table entries: 262144 (order: 9, 2097152 bytes)
[    0.615916] Mount-cache hash table entries: 8192 (order: 4, 65536 bytes)
[    0.615963] Mountpoint-cache hash table entries: 8192 (order: 4, 65536 bytes)
[    0.616355] *** VALIDATE proc ***
[    0.616444] *** VALIDATE cgroup1 ***
[    0.616455] *** VALIDATE cgroup2 ***
[    0.616561] LVT offset 1 assigned for vector 0xf9
[    0.616578] Last level iTLB entries: 4KB 512, 2MB 8, 4MB 4
[    0.616586] Last level dTLB entries: 4KB 512, 2MB 256, 4MB 128, 1GB 0
[    0.616597] Spectre V2 : Mitigation: Full AMD retpoline
[    0.616604] Spectre V2 : Spectre v2 / SpectreRSB mitigation: Filling RSB on context switch
[    0.616615] Speculative Store Bypass: Mitigation: Speculative Store Bypass disabled via prctl and seccomp
[    0.617190] Freeing SMP alternatives memory: 40K
[    0.629750] smpboot: CPU0: AMD A4-1200 APU with Radeon(TM) HD Graphics (family: 0x16, model: 0x0, stepping: 0x1)
[    0.629750] Performance Events: AMD PMU driver.
[    0.629750] ... version:                0
[    0.629750] ... bit width:              48
[    0.629750] ... generic registers:      4
[    0.629750] ... value mask:             0000ffffffffffff
[    0.629750] ... max period:             00007fffffffffff
[    0.629750] ... fixed-purpose events:   0
[    0.629750] ... event mask:             000000000000000f
[    0.629750] rcu: Hierarchical SRCU implementation.
[    0.629750] MCE: In-kernel MCE decoding enabled.
[    0.629750] smp: Bringing up secondary CPUs ...
[    0.629750] x86: Booting SMP configuration:
[    0.629750] .... node  #0, CPUs:      #1
[    0.629750] smp: Brought up 1 node, 2 CPUs
[    0.629750] smpboot: Max logical packages: 2
[    0.629750] smpboot: Total of 2 processors activated (3992.40 BogoMIPS)
[    0.629750] devtmpfs: initialized
[    0.629750] PM: Registering ACPI NVS region [mem 0x9d371000-0x9dc56fff] (9330688 bytes)
[    0.629750] PM: Registering ACPI NVS region [mem 0x9e9cc000-0x9e9d3fff] (32768 bytes)
[    0.629750] clocksource: jiffies: mask: 0xffffffff max_cycles: 0xffffffff, max_idle_ns: 19112604462750000 ns
[    0.629750] futex hash table entries: 1024 (order: 4, 65536 bytes)
[    0.629750] kworker/u8:0 (22) used greatest stack depth: 14624 bytes left
[    0.629750] NET: Registered protocol family 16
[    0.629750] audit: initializing netlink subsys (disabled)
[    0.629750] audit: type=2000 audit(1559111089.060:1): state=initialized audit_enabled=0 res=1
[    0.629750] cpuidle: using governor ladder
[    0.629750] cpuidle: using governor menu
[    0.629750] ACPI FADT declares the system doesn't support PCIe ASPM, so disable it
[    0.629750] ACPI: bus type PCI registered
[    0.629750] PCI: MMCONFIG for domain 0000 [bus 00-ff] at [mem 0xe0000000-0xefffffff] (base 0xe0000000)
[    0.629750] PCI: not using MMCONFIG
[    0.629750] PCI: Using configuration type 1 for base access
[    0.629750] PCI: Using configuration type 1 for extended access
[    0.645379] kworker/u8:0 (45) used greatest stack depth: 14160 bytes left
[    0.677061] HugeTLB registered 2.00 MiB page size, pre-allocated 0 pages
[    0.687327] ACPI: Added _OSI(Module Device)
[    0.687327] ACPI: Added _OSI(Processor Device)
[    0.687327] ACPI: Added _OSI(3.0 _SCP Extensions)
[    0.687327] ACPI: Added _OSI(Processor Aggregator Device)
[    0.687327] ACPI: Added _OSI(Linux-Dell-Video)
[    0.687327] ACPI: Added _OSI(Linux-Lenovo-NV-HDMI-Audio)
[    0.687327] ACPI: Added _OSI(Linux-HPI-Hybrid-Graphics)
[    0.719841] ACPI: 5 ACPI AML tables successfully acquired and loaded
[    0.723012] ACPI: EC: EC started
[    0.723023] ACPI: EC: interrupt blocked
[    0.725114] ACPI: \: Used as first EC
[    0.725127] ACPI: \: GPE=0x3, EC_CMD/EC_SC=0x66, EC_DATA=0x62
[    0.725135] ACPI: EC: Boot ECDT EC used to handle transactions
[    0.730215] ACPI: [Firmware Bug]: BIOS _OSI(Linux) query ignored
[    0.734744] ACPI: Interpreter enabled
[    0.734823] ACPI: (supports S0 S3 S4 S5)
[    0.734834] ACPI: Using IOAPIC for interrupt routing
[    0.738596] PCI: MMCONFIG for domain 0000 [bus 00-ff] at [mem 0xe0000000-0xefffffff] (base 0xe0000000)
[    0.738596] PCI: MMCONFIG at [mem 0xe0000000-0xefffffff] reserved in ACPI motherboard resources
[    0.738596] PCI: Using host bridge windows from ACPI; if necessary, use "pci=nocrs" and report a bug
[    0.738596] ACPI: Enabled 3 GPEs in block 00 to 1F
[    0.764164] ACPI: PCI Root Bridge [PCI0] (domain 0000 [bus 00-ff])
[    0.764164] acpi PNP0A08:00: _OSC: OS supports [ExtendedConfig ASPM ClockPM Segments MSI HPX-Type3]
[    0.764164] acpi PNP0A08:00: _OSC: platform does not support [LTR]
[    0.764164] acpi PNP0A08:00: _OSC: OS now controls [PME AER PCIeCapability]
[    0.764164] acpi PNP0A08:00: FADT indicates ASPM is unsupported, using BIOS configuration
[    0.766879] PCI host bridge to bus 0000:00
[    0.766879] pci_bus 0000:00: root bus resource [io  0x0000-0x03af window]
[    0.766879] pci_bus 0000:00: root bus resource [io  0x03e0-0x0cf7 window]
[    0.766879] pci_bus 0000:00: root bus resource [io  0x03b0-0x03df window]
[    0.766879] pci_bus 0000:00: root bus resource [io  0x0d00-0xffff window]
[    0.766879] pci_bus 0000:00: root bus resource [mem 0x000a0000-0x000bffff window]
[    0.766879] pci_bus 0000:00: root bus resource [mem 0x000c0000-0x000dffff window]
[    0.766879] pci_bus 0000:00: root bus resource [mem 0xc0000000-0xffffffff window]
[    0.766879] pci_bus 0000:00: root bus resource [bus 00-ff]
[    0.766879] pci 0000:00:00.0: [1022:1536] type 00 class 0x060000
[    0.766879] pci 0000:00:01.0: [1002:9839] type 00 class 0x030000
[    0.766879] pci 0000:00:01.0: reg 0x10: [mem 0xc0000000-0xcfffffff 64bit pref]
[    0.766879] pci 0000:00:01.0: reg 0x18: [mem 0xd0000000-0xd07fffff 64bit pref]
[    0.766879] pci 0000:00:01.0: reg 0x20: [io  0xf000-0xf0ff]
[    0.766879] pci 0000:00:01.0: reg 0x24: [mem 0xfeb00000-0xfeb3ffff]
[    0.766879] pci 0000:00:01.0: reg 0x30: [mem 0xfeb40000-0xfeb5ffff pref]
[    0.766879] pci 0000:00:01.0: enabling Extended Tags
[    0.766879] pci 0000:00:01.0: BAR 0: assigned to efifb
[    0.766879] pci 0000:00:01.0: supports D1 D2
[    0.766879] pci 0000:00:01.0: PME# supported from D1 D2 D3hot
[    0.766879] pci 0000:00:01.1: [1002:9840] type 00 class 0x040300
[    0.766879] pci 0000:00:01.1: reg 0x10: [mem 0xfeb64000-0xfeb67fff 64bit]
[    0.766879] pci 0000:00:01.1: enabling Extended Tags
[    0.766879] pci 0000:00:01.1: supports D1 D2
[    0.766879] pci 0000:00:02.0: [1022:1538] type 00 class 0x060000
[    0.766879] pci 0000:00:02.2: [1022:1439] type 01 class 0x060400
[    0.766879] pci 0000:00:02.2: enabling Extended Tags
[    0.766879] pci 0000:00:02.2: PME# supported from D0 D3hot D3cold
[    0.766879] pci 0000:00:02.3: [1022:1439] type 01 class 0x060400
[    0.766879] pci 0000:00:02.3: enabling Extended Tags
[    0.766879] pci 0000:00:02.3: PME# supported from D0 D3hot D3cold
[    0.766879] pci 0000:00:10.0: [1022:7814] type 00 class 0x0c0330
[    0.766879] pci 0000:00:10.0: reg 0x10: [mem 0xfeb68000-0xfeb69fff 64bit]
[    0.766879] pci 0000:00:10.0: PME# supported from D0 D3hot D3cold
[    0.766879] pci 0000:00:11.0: [1022:7801] type 00 class 0x010601
[    0.766879] pci 0000:00:11.0: reg 0x10: [io  0xf140-0xf147]
[    0.766879] pci 0000:00:11.0: reg 0x14: [io  0xf130-0xf133]
[    0.766879] pci 0000:00:11.0: reg 0x18: [io  0xf120-0xf127]
[    0.766879] pci 0000:00:11.0: reg 0x1c: [io  0xf110-0xf113]
[    0.766879] pci 0000:00:11.0: reg 0x20: [io  0xf100-0xf10f]
[    0.766879] pci 0000:00:11.0: reg 0x24: [mem 0xfeb6f000-0xfeb6f3ff]
[    0.766879] pci 0000:00:11.0: PME# supported from D3hot
[    0.766879] pci 0000:00:12.0: [1022:7807] type 00 class 0x0c0310
[    0.766879] pci 0000:00:12.0: reg 0x10: [mem 0xfeb6e000-0xfeb6efff]
[    0.766879] pci 0000:00:12.2: [1022:7808] type 00 class 0x0c0320
[    0.766879] pci 0000:00:12.2: reg 0x10: [mem 0xfeb6d000-0xfeb6d0ff]
[    0.766916] pci 0000:00:12.2: supports D1 D2
[    0.766926] pci 0000:00:12.2: PME# supported from D0 D1 D2 D3hot D3cold
[    0.767144] pci 0000:00:13.0: [1022:7807] type 00 class 0x0c0310
[    0.767174] pci 0000:00:13.0: reg 0x10: [mem 0xfeb6c000-0xfeb6cfff]
[    0.767431] pci 0000:00:13.2: [1022:7808] type 00 class 0x0c0320
[    0.767467] pci 0000:00:13.2: reg 0x10: [mem 0xfeb6b000-0xfeb6b0ff]
[    0.767572] pci 0000:00:13.2: supports D1 D2
[    0.767582] pci 0000:00:13.2: PME# supported from D0 D1 D2 D3hot D3cold
[    0.767797] pci 0000:00:14.0: [1022:780b] type 00 class 0x0c0500
[    0.768058] pci 0000:00:14.2: [1022:780d] type 00 class 0x040300
[    0.768098] pci 0000:00:14.2: reg 0x10: [mem 0xfeb60000-0xfeb63fff 64bit]
[    0.768190] pci 0000:00:14.2: PME# supported from D0 D3hot D3cold
[    0.768395] pci 0000:00:14.3: [1022:780e] type 00 class 0x060100
[    0.768675] pci 0000:00:14.7: [1022:7813] type 00 class 0x080501
[    0.768709] pci 0000:00:14.7: reg 0x10: [mem 0xfeb6a000-0xfeb6a0ff 64bit]
[    0.768934] pci 0000:00:18.0: [1022:1530] type 00 class 0x060000
[    0.769152] pci 0000:00:18.1: [1022:1531] type 00 class 0x060000
[    0.769363] pci 0000:00:18.2: [1022:1532] type 00 class 0x060000
[    0.769575] pci 0000:00:18.3: [1022:1533] type 00 class 0x060000
[    0.774667] pci 0000:00:18.4: [1022:1534] type 00 class 0x060000
[    0.774967] pci 0000:00:18.5: [1022:1535] type 00 class 0x060000
[    0.775343] pci 0000:01:00.0: [168c:0032] type 00 class 0x028000
[    0.775343] pci 0000:01:00.0: reg 0x10: [mem 0xfea00000-0xfea7ffff 64bit]
[    0.775343] pci 0000:01:00.0: reg 0x30: [mem 0xfea80000-0xfea8ffff pref]
[    0.775343] pci 0000:01:00.0: supports D1 D2
[    0.775343] pci 0000:01:00.0: PME# supported from D0 D1 D2 D3hot D3cold
[    0.775873] pci 0000:00:02.2: PCI bridge to [bus 01]
[    0.775873] pci 0000:00:02.2:   bridge window [mem 0xfea00000-0xfeafffff]
[    0.776020] pci 0000:02:00.0: [10ec:8136] type 00 class 0x020000
[    0.776020] pci 0000:02:00.0: reg 0x10: [io  0xe000-0xe0ff]
[    0.776020] pci 0000:02:00.0: reg 0x18: [mem 0xd0804000-0xd0804fff 64bit pref]
[    0.776020] pci 0000:02:00.0: reg 0x20: [mem 0xd0800000-0xd0803fff 64bit pref]
[    0.776020] pci 0000:02:00.0: supports D1 D2
[    0.776020] pci 0000:02:00.0: PME# supported from D0 D1 D2 D3hot D3cold
[    0.776649] pci 0000:00:02.3: PCI bridge to [bus 02]
[    0.776649] pci 0000:00:02.3:   bridge window [io  0xe000-0xefff]
[    0.776649] pci 0000:00:02.3:   bridge window [mem 0xd0800000-0xd08fffff 64bit pref]
[    0.778607] ACPI: PCI Interrupt Link [LNKA] (IRQs 4 7 10 11 14 15) *0
[    0.778607] ACPI: PCI Interrupt Link [LNKB] (IRQs 4 7 10 11 14 15) *0
[    0.778607] ACPI: PCI Interrupt Link [LNKC] (IRQs 4 7 10 11 14 15) *0
[    0.778607] ACPI: PCI Interrupt Link [LNKD] (IRQs 4 7 10 11 14 15) *0
[    0.778607] ACPI: PCI Interrupt Link [LNKE] (IRQs 4 7 10 11 14 15) *0
[    0.778607] ACPI: PCI Interrupt Link [LNKF] (IRQs 4 7 10 11 14 15) *0
[    0.778607] ACPI: PCI Interrupt Link [LNKG] (IRQs 4 7 10 11 14 15) *0
[    0.778607] ACPI: PCI Interrupt Link [LNKH] (IRQs 4 7 10 11 14 15) *0
[    0.781001] ACPI: EC: interrupt unblocked
[    0.781001] ACPI: EC: event unblocked
[    0.781001] ACPI: \_SB_.PCI0.SBRG.EC0_: GPE=0x3, EC_CMD/EC_SC=0x66, EC_DATA=0x62
[    0.781001] ACPI: \_SB_.PCI0.SBRG.EC0_: Boot DSDT EC used to handle transactions and events
[    0.781713] pci 0000:00:01.0: vgaarb: setting as boot VGA device
[    0.781713] pci 0000:00:01.0: vgaarb: VGA device added: decodes=io+mem,owns=io+mem,locks=none
[    0.781757] pci 0000:00:01.0: vgaarb: bridge control possible
[    0.781757] vgaarb: loaded
[    0.782074] SCSI subsystem initialized
[    0.783790] libata version 3.00 loaded.
[    0.783892] ACPI: bus type USB registered
[    0.783962] usbcore: registered new interface driver usbfs
[    0.784034] usbcore: registered new interface driver hub
[    0.784106] usbcore: registered new device driver usb
[    0.784177] pps_core: LinuxPPS API ver. 1 registered
[    0.784177] pps_core: Software ver. 5.3.6 - Copyright 2005-2007 Rodolfo Giometti <giometti@linux.it>
[    0.784177] PTP clock support registered
[    0.786164] EDAC MC: Ver: 3.0.0
[    0.786595] Registered efivars operations
[    0.790861] Advanced Linux Sound Architecture Driver Initialized.
[    0.790887] PCI: Using ACPI for IRQ routing
[    0.796570] PCI: pci_cache_line_size set to 64 bytes
[    0.796683] e820: reserve RAM buffer [mem 0x9d0f8000-0x9fffffff]
[    0.796689] e820: reserve RAM buffer [mem 0x9d371000-0x9fffffff]
[    0.796694] e820: reserve RAM buffer [mem 0x9e9cc000-0x9fffffff]
[    0.796698] e820: reserve RAM buffer [mem 0x9eb25000-0x9fffffff]
[    0.796701] e820: reserve RAM buffer [mem 0x9f081000-0x9fffffff]
[    0.796704] e820: reserve RAM buffer [mem 0x9f400000-0x9fffffff]
[    0.796707] e820: reserve RAM buffer [mem 0x13f000000-0x13fffffff]
[    0.800625] NetLabel: Initializing
[    0.800625] NetLabel:  domain hash size = 128
[    0.800625] NetLabel:  protocols = UNLABELED CIPSOv4 CALIPSO
[    0.800625] NetLabel:  unlabeled traffic allowed by default
[    0.800818] hpet0: at MMIO 0xfed00000, IRQs 2, 8, 0
[    0.800818] hpet0: 3 comparators, 32-bit 14.318180 MHz counter
[    0.803658] clocksource: Switched to clocksource tsc-early
[    0.852786] VFS: Disk quotas dquot_6.6.0
[    0.852854] VFS: Dquot-cache hash table entries: 512 (order 0, 4096 bytes)
[    0.852952] *** VALIDATE hugetlbfs ***
[    0.853066] pnp: PnP ACPI init
[    0.853563] system 00:00: [mem 0xe0000000-0xefffffff] has been reserved
[    0.853662] system 00:00: Plug and Play ACPI device, IDs PNP0c01 (active)
[    0.853928] system 00:01: [mem 0xa0000000-0xbfffffff] has been reserved
[    0.854002] system 00:01: Plug and Play ACPI device, IDs PNP0c02 (active)
[    0.854270] system 00:02: Plug and Play ACPI device, IDs PNP0c02 (active)
[    0.854416] pnp 00:03: Plug and Play ACPI device, IDs PNP0b00 (active)
[    0.854652] system 00:04: [io  0x04d0-0x04d1] has been reserved
[    0.854724] system 00:04: Plug and Play ACPI device, IDs PNP0c02 (active)
[    0.854984] pnp 00:05: Plug and Play ACPI device, IDs ETD0108 SYN0a00 SYN0002 PNP0f03 PNP0f13 PNP0f12 (active)
[    0.855162] pnp 00:06: Plug and Play ACPI device, IDs ATK3001 PNP030b (active)
[    0.855986] system 00:07: [io  0x04d0-0x04d1] has been reserved
[    0.855999] system 00:07: [io  0x040b] has been reserved
[    0.856010] system 00:07: [io  0x04d6] has been reserved
[    0.856021] system 00:07: [io  0x0c00-0x0c01] has been reserved
[    0.856032] system 00:07: [io  0x0c14] has been reserved
[    0.856043] system 00:07: [io  0x0c50-0x0c51] has been reserved
[    0.856054] system 00:07: [io  0x0c52] has been reserved
[    0.856064] system 00:07: [io  0x0c6c] has been reserved
[    0.856074] system 00:07: [io  0x0c6f] has been reserved
[    0.856085] system 00:07: [io  0x0cd0-0x0cd1] has been reserved
[    0.856095] system 00:07: [io  0x0cd2-0x0cd3] has been reserved
[    0.856106] system 00:07: [io  0x0cd4-0x0cd5] has been reserved
[    0.856117] system 00:07: [io  0x0cd6-0x0cd7] has been reserved
[    0.856127] system 00:07: [io  0x0cd8-0x0cdf] has been reserved
[    0.856138] system 00:07: [io  0x0800-0x089f] has been reserved
[    0.856149] system 00:07: [io  0x0900-0x090f] has been reserved
[    0.856159] system 00:07: [io  0x0910-0x091f] has been reserved
[    0.856171] system 00:07: [io  0xfe00-0xfefe] has been reserved
[    0.856184] system 00:07: [mem 0xfec00000-0xfec00fff] could not be reserved
[    0.856197] system 00:07: [mem 0xfee00000-0xfee00fff] has been reserved
[    0.856209] system 00:07: [mem 0xfed80000-0xfed8ffff] has been reserved
[    0.856220] system 00:07: [mem 0xfed61000-0xfed70fff] has been reserved
[    0.856232] system 00:07: [mem 0xfec10000-0xfec10fff] has been reserved
[    0.856245] system 00:07: [mem 0xfed00000-0xfed00fff] could not be reserved
[    0.856257] system 00:07: [mem 0xff000000-0xffffffff] has been reserved
[    0.856334] system 00:07: Plug and Play ACPI device, IDs PNP0c02 (active)
[    0.857191] pnp: PnP ACPI: found 8 devices
[    0.872426] clocksource: acpi_pm: mask: 0xffffff max_cycles: 0xffffff, max_idle_ns: 2085701024 ns
[    0.872979] pci 0000:00:02.2: PCI bridge to [bus 01]
[    0.873001] pci 0000:00:02.2:   bridge window [mem 0xfea00000-0xfeafffff]
[    0.873020] pci 0000:00:02.3: PCI bridge to [bus 02]
[    0.873034] pci 0000:00:02.3:   bridge window [io  0xe000-0xefff]
[    0.873050] pci 0000:00:02.3:   bridge window [mem 0xd0800000-0xd08fffff 64bit pref]
[    0.873073] pci_bus 0000:00: resource 4 [io  0x0000-0x03af window]
[    0.873085] pci_bus 0000:00: resource 5 [io  0x03e0-0x0cf7 window]
[    0.873096] pci_bus 0000:00: resource 6 [io  0x03b0-0x03df window]
[    0.873107] pci_bus 0000:00: resource 7 [io  0x0d00-0xffff window]
[    0.873118] pci_bus 0000:00: resource 8 [mem 0x000a0000-0x000bffff window]
[    0.873129] pci_bus 0000:00: resource 9 [mem 0x000c0000-0x000dffff window]
[    0.873141] pci_bus 0000:00: resource 10 [mem 0xc0000000-0xffffffff window]
[    0.873152] pci_bus 0000:01: resource 1 [mem 0xfea00000-0xfeafffff]
[    0.873163] pci_bus 0000:02: resource 0 [io  0xe000-0xefff]
[    0.873173] pci_bus 0000:02: resource 2 [mem 0xd0800000-0xd08fffff 64bit pref]
[    0.873441] NET: Registered protocol family 2
[    0.873956] tcp_listen_portaddr_hash hash table entries: 2048 (order: 3, 32768 bytes)
[    0.874016] TCP established hash table entries: 32768 (order: 6, 262144 bytes)
[    0.874240] TCP bind hash table entries: 32768 (order: 7, 524288 bytes)
[    0.874475] TCP: Hash tables configured (established 32768 bind 32768)
[    0.874642] UDP hash table entries: 2048 (order: 4, 65536 bytes)
[    0.874703] UDP-Lite hash table entries: 2048 (order: 4, 65536 bytes)
[    0.874886] NET: Registered protocol family 1
[    0.879474] RPC: Registered named UNIX socket transport module.
[    0.879485] RPC: Registered udp transport module.
[    0.879492] RPC: Registered tcp transport module.
[    0.879499] RPC: Registered tcp NFSv4.1 backchannel transport module.
[    0.879976] pci 0000:00:01.0: Video device with shadowed ROM at [mem 0x000c0000-0x000dffff]
[    0.880491] pci 0000:00:12.0: enabling device (0000 -> 0002)
[    0.881103] pci 0000:00:12.2: PME# does not work under D3, disabling it
[    0.881128] pci 0000:00:13.0: enabling device (0000 -> 0002)
[    0.881728] pci 0000:00:13.2: PME# does not work under D3, disabling it
[    0.881827] PCI: CLS 64 bytes, default 64
[    0.881959] PCI-DMA: Using software bounce buffering for IO (SWIOTLB)
[    0.881971] software IO TLB: mapped [mem 0x97989000-0x9b989000] (64MB)
[    0.882184] amd_uncore: AMD NB counters detected
[    0.882201] amd_uncore: AMD LLC counters detected
[    0.882328] LVT offset 0 assigned for vector 0x400
[    0.882395] perf: AMD IBS detected (0x000000ff)
[    0.882414] kvm: no hardware support
[    0.882521] kvm: Nested Virtualization enabled
[    0.882533] kvm: Nested Paging enabled
[    0.883508] check: Scanning for low memory corruption every 60 seconds
[    0.887088] Initialise system trusted keyrings
[    0.887422] workingset: timestamp_bits=56 max_order=20 bucket_order=0
[    0.904181] fuse: init (API version 7.30)
[    0.904807] Key type asymmetric registered
[    0.904819] Asymmetric key parser 'x509' registered
[    0.904903] Block layer SCSI generic (bsg) driver version 0.4 loaded (major 249)
[    0.904915] io scheduler mq-deadline registered
[    0.904924] io scheduler kyber registered
[    0.905739] pcieport 0000:00:02.2: PME: Signaling with IRQ 25
[    0.906429] pcieport 0000:00:02.3: PME: Signaling with IRQ 27
[    0.909372] uvesafb: failed to execute /sbin/v86d
[    0.909387] uvesafb: make sure that the v86d helper is installed and executable
[    0.909399] uvesafb: Getting VBE info block failed (eax=0x4f00, err=-2)
[    0.909409] uvesafb: vbe_init() failed with -22
[    0.909482] uvesafb: probe of uvesafb.0 failed with error -22
[    0.909567] efifb: probing for efifb
[    0.909621] efifb: framebuffer at 0xc0000000, using 4224k, total 4224k
[    0.909632] efifb: mode is 1366x768x32, linelength=5632, pages=1
[    0.909638] efifb: scrolling: redraw
[    0.909647] efifb: Truecolor: size=8:8:8:8, shift=24:16:8:0
[    0.920289] Console: switching to colour frame buffer device 170x48
[    0.929819] fb0: EFI VGA frame buffer device
[    0.930413] ACPI: AC Adapter [AC0] (on-line)
[    0.930823] input: Power Button as /devices/LNXSYSTM:00/LNXSYBUS:00/PNP0C0C:00/input/input0
[    0.930983] ACPI: Power Button [PWRB]
[    0.931268] input: Lid Switch as /devices/LNXSYSTM:00/LNXSYBUS:00/PNP0C0D:00/input/input1
[    0.931414] ACPI: Lid Switch [LID]
[    0.931683] input: Sleep Button as /devices/LNXSYSTM:00/LNXSYBUS:00/PNP0C0E:00/input/input2
[    0.931846] ACPI: Sleep Button [SLPB]
[    0.932123] input: Power Button as /devices/LNXSYSTM:00/LNXPWRBN:00/input/input3
[    0.932263] ACPI: Power Button [PWRF]
[    0.937755] thermal LNXTHERM:00: registered as thermal_zone0
[    0.937862] ACPI: Thermal Zone [THRM] (42 C)
[    0.939315] Serial: 8250/16550 driver, 4 ports, IRQ sharing enabled
[    0.946176] Non-volatile memory driver v1.3
[    0.946390] Linux agpgart interface v0.103
[    0.954362] loop: module loaded
[    0.955016] ahci 0000:00:11.0: version 3.0
[    0.955474] ahci 0000:00:11.0: AHCI 0001.0300 32 slots 2 ports 6 Gbps 0x3 impl SATA mode
[    0.955615] ahci 0000:00:11.0: flags: 64bit ncq sntf ilck pm led clo pmp pio slum part 
[    0.960587] scsi host0: ahci
[    0.964332] scsi host1: ahci
[    0.967734] ata1: SATA max UDMA/133 abar m1024@0xfeb6f000 port 0xfeb6f100 irq 28
[    0.970904] ata2: SATA max UDMA/133 abar m1024@0xfeb6f000 port 0xfeb6f180 irq 28
[    0.974542] tun: Universal TUN/TAP device driver, 1.6
[    0.977837] e1000: Intel(R) PRO/1000 Network Driver - version 7.3.21-k8-NAPI
[    0.981031] e1000: Copyright (c) 1999-2006 Intel Corporation.
[    0.984739] e1000e: Intel(R) PRO/1000 Network Driver - 3.2.6-k
[    0.987841] e1000e: Copyright(c) 1999 - 2015 Intel Corporation.
[    0.991252] sky2: driver version 1.30
[    0.994478] r8169 0000:02:00.0: can't disable ASPM; OS doesn't have ASPM control
[    0.998559] libphy: r8169: probed
[    1.002248] r8169 0000:02:00.0 eth0: RTL8105e, 74:d0:2b:a3:a6:42, XID 40a, IRQ 30
[    1.005681] ath9k 0000:01:00.0: enabling device (0000 -> 0002)
[    1.009221] ath: phy0: Disable PLL PowerSave
[    1.020021] ath: phy0: ASPM enabled: 0x42
[    1.023182] ath: EEPROM regdomain: 0x60
[    1.023184] ath: EEPROM indicates we should expect a direct regpair map
[    1.023189] ath: Country alpha2 being used: 00
[    1.023191] ath: Regpair used: 0x60
[    1.025899] ieee80211 phy0: Selected rate control algorithm 'minstrel_ht'
[    1.026401] ieee80211 phy0: Atheros AR9485 Rev:1 mem=0xffff960202e00000, irq=31
[    1.030248] ehci_hcd: USB 2.0 'Enhanced' Host Controller (EHCI) Driver
[    1.033505] ehci-pci: EHCI PCI platform driver
[    1.037062] ehci-pci 0000:00:12.2: EHCI Host Controller
[    1.041628] ehci-pci 0000:00:12.2: new USB bus registered, assigned bus number 1
[    1.044971] ehci-pci 0000:00:12.2: applying AMD SB700/SB800/Hudson-2/3 EHCI dummy qh workaround
[    1.048306] ehci-pci 0000:00:12.2: debug port 1
[    1.051854] ehci-pci 0000:00:12.2: irq 17, io mem 0xfeb6d000
[    1.079468] ehci-pci 0000:00:12.2: USB 2.0 started, EHCI 1.00
[    1.082786] usb usb1: New USB device found, idVendor=1d6b, idProduct=0002, bcdDevice= 5.02
[    1.086088] usb usb1: New USB device strings: Mfr=3, Product=2, SerialNumber=1
[    1.089340] usb usb1: Product: EHCI Host Controller
[    1.092546] usb usb1: Manufacturer: Linux 5.2.0-rc2+ ehci_hcd
[    1.095707] usb usb1: SerialNumber: 0000:00:12.2
[    1.099834] hub 1-0:1.0: USB hub found
[    1.102887] hub 1-0:1.0: 4 ports detected
[    1.108165] ehci-pci 0000:00:13.2: EHCI Host Controller
[    1.111332] ehci-pci 0000:00:13.2: new USB bus registered, assigned bus number 2
[    1.114297] ehci-pci 0000:00:13.2: applying AMD SB700/SB800/Hudson-2/3 EHCI dummy qh workaround
[    1.117291] ehci-pci 0000:00:13.2: debug port 1
[    1.120404] ehci-pci 0000:00:13.2: irq 17, io mem 0xfeb6b000
[    1.149495] ehci-pci 0000:00:13.2: USB 2.0 started, EHCI 1.00
[    1.152484] usb usb2: New USB device found, idVendor=1d6b, idProduct=0002, bcdDevice= 5.02
[    1.155467] usb usb2: New USB device strings: Mfr=3, Product=2, SerialNumber=1
[    1.158457] usb usb2: Product: EHCI Host Controller
[    1.161405] usb usb2: Manufacturer: Linux 5.2.0-rc2+ ehci_hcd
[    1.164334] usb usb2: SerialNumber: 0000:00:13.2
[    1.168411] hub 2-0:1.0: USB hub found
[    1.171345] hub 2-0:1.0: 4 ports detected
[    1.176264] ohci_hcd: USB 1.1 'Open' Host Controller (OHCI) Driver
[    1.179223] ohci-pci: OHCI PCI platform driver
[    1.182489] ohci-pci 0000:00:12.0: OHCI PCI host controller
[    1.185503] ohci-pci 0000:00:12.0: new USB bus registered, assigned bus number 3
[    1.188469] ohci-pci 0000:00:12.0: irq 18, io mem 0xfeb6e000
[    1.231231] battery: ACPI: Battery Slot [BAT0] (battery present)
[    1.263621] usb usb3: New USB device found, idVendor=1d6b, idProduct=0001, bcdDevice= 5.02
[    1.266575] usb usb3: New USB device strings: Mfr=3, Product=2, SerialNumber=1
[    1.269514] usb usb3: Product: OHCI PCI host controller
[    1.272391] usb usb3: Manufacturer: Linux 5.2.0-rc2+ ohci_hcd
[    1.275237] usb usb3: SerialNumber: 0000:00:12.0
[    1.278451] hub 3-0:1.0: USB hub found
[    1.281273] hub 3-0:1.0: 4 ports detected
[    1.286414] ohci-pci 0000:00:13.0: OHCI PCI host controller
[    1.289403] ohci-pci 0000:00:13.0: new USB bus registered, assigned bus number 4
[    1.292395] ohci-pci 0000:00:13.0: irq 18, io mem 0xfeb6c000
[    1.309508] ata2: SATA link down (SStatus 0 SControl 300)
[    1.363584] usb usb4: New USB device found, idVendor=1d6b, idProduct=0001, bcdDevice= 5.02
[    1.366431] usb usb4: New USB device strings: Mfr=3, Product=2, SerialNumber=1
[    1.369248] usb usb4: Product: OHCI PCI host controller
[    1.372042] usb usb4: Manufacturer: Linux 5.2.0-rc2+ ohci_hcd
[    1.374851] usb usb4: SerialNumber: 0000:00:13.0
[    1.378056] hub 4-0:1.0: USB hub found
[    1.380825] hub 4-0:1.0: 4 ports detected
[    1.385717] uhci_hcd: USB Universal Host Controller Interface driver
[    1.388697] usbcore: registered new interface driver usblp
[    1.391601] usbcore: registered new interface driver usb-storage
[    1.394504] usbcore: registered new interface driver ch341
[    1.397249] usbserial: USB Serial support registered for ch341-uart
[    1.400475] i8042: PNP: PS/2 Controller [PNP030b:PS2K,PNP0f03:PS2M] at 0x60,0x64 irq 1,12
[    1.405027] i8042: Detected active multiplexing controller, rev 1.1
[    1.408560] serio: i8042 KBD port at 0x60,0x64 irq 1
[    1.411440] serio: i8042 AUX0 port at 0x60,0x64 irq 12
[    1.414318] serio: i8042 AUX1 port at 0x60,0x64 irq 12
[    1.417153] serio: i8042 AUX2 port at 0x60,0x64 irq 12
[    1.420052] serio: i8042 AUX3 port at 0x60,0x64 irq 12
[    1.423300] mousedev: PS/2 mouse device common for all mice
[    1.426928] rtc_cmos 00:03: RTC can wake from S4
[    1.429953] rtc_cmos 00:03: registered as rtc0
[    1.432590] rtc_cmos 00:03: alarms up to one month, y3k, 114 bytes nvram, hpet irqs
[    1.435831] device-mapper: ioctl: 4.40.0-ioctl (2019-01-18) initialised: dm-devel@redhat.com
[    1.438793] EFI Variables Facility v0.08 2004-May-17
[    1.451646] hidraw: raw HID events driver (C) Jiri Kosina
[    1.457803] usbcore: registered new interface driver usbhid
[    1.460590] usbhid: USB HID core driver
[    1.466216] input: AT Translated Set 2 keyboard as /devices/platform/i8042/serio0/input/input4
[    1.474240] snd_hda_intel 0000:00:01.1: enabling device (0000 -> 0002)
[    1.477356] snd_hda_intel 0000:00:01.1: Force to non-snoop mode
[    1.483903] Initializing XFRM netlink socket
[    1.489668] NET: Registered protocol family 10
[    1.493557] Segment Routing with IPv6
[    1.496842] sit: IPv6, IPv4 and MPLS over IPv4 tunneling driver
[    1.500303] snd_hda_codec_generic hdaudioC0D0: autoconfig for Generic: line_outs=0 (0x0/0x0/0x0/0x0/0x0) type:line
[    1.503161] snd_hda_codec_generic hdaudioC0D0:    speaker_outs=0 (0x0/0x0/0x0/0x0/0x0)
[    1.506017] snd_hda_codec_generic hdaudioC0D0:    hp_outs=0 (0x0/0x0/0x0/0x0/0x0)
[    1.508887] snd_hda_codec_generic hdaudioC0D0:    mono: mono_out=0x0
[    1.511726] snd_hda_codec_generic hdaudioC0D0:    dig-out=0x3/0x0
[    1.514526] snd_hda_codec_generic hdaudioC0D0:    inputs:
[    1.517314] ata1: SATA link up 6.0 Gbps (SStatus 133 SControl 300)
[    1.520986] NET: Registered protocol family 17
[    1.524368] mce: Using 6 MCE banks
[    1.527151] microcode: CPU0: patch_level=0x0700010b
[    1.529909] microcode: CPU1: patch_level=0x0700010b
[    1.529924] ata1.00: ATA-8: KINGSTON SV300S37A120G, 603ABBF0, max UDMA/133
[    1.535233] ata1.00: 234441648 sectors, multi 1: LBA48 NCQ (depth 32), AA
[    1.538050] microcode: Microcode Update Driver: v2.2.
[    1.538088] sched_clock: Marking stable (1527687085, 1734379)->(1653335432, -123913968)
[    1.544500] random: fast init done
[    1.547465] ata1.00: configured for UDMA/133
[    1.549907] registered taskstats version 1
[    1.553082] Loading compiled-in X.509 certificates
[    1.556368] scsi 0:0:0:0: Direct-Access     ATA      KINGSTON SV300S3 BBF0 PQ: 0 ANSI: 5
[    1.559744] sd 0:0:0:0: Attached scsi generic sg0 type 0
[    1.559970] sd 0:0:0:0: [sda] 234441648 512-byte logical blocks: (120 GB/112 GiB)
[    1.565451] sd 0:0:0:0: [sda] Write Protect is off
[    1.568313] sd 0:0:0:0: [sda] Mode Sense: 00 3a 00 00
[    1.570152] input: HDA ATI HDMI HDMI as /devices/pci0000:00/0000:00:01.1/sound/card0/input6
[    1.571063] sd 0:0:0:0: [sda] Write cache: enabled, read cache: enabled, doesn't support DPO or FUA
[    1.579767] snd_hda_codec_realtek hdaudioC1D0: autoconfig for ALC3229: line_outs=1 (0x14/0x0/0x0/0x0/0x0) type:speaker
[    1.583027] snd_hda_codec_realtek hdaudioC1D0:    speaker_outs=0 (0x0/0x0/0x0/0x0/0x0)
[    1.586252] snd_hda_codec_realtek hdaudioC1D0:    hp_outs=1 (0x21/0x0/0x0/0x0/0x0)
[    1.589448] snd_hda_codec_realtek hdaudioC1D0:    mono: mono_out=0x0
[    1.592632] snd_hda_codec_realtek hdaudioC1D0:    inputs:
[    1.595762] snd_hda_codec_realtek hdaudioC1D0:      Mic=0x19
[    1.605480]  sda: sda1 sda2 sda3 sda4 sda5 sda6
[    1.610948] sd 0:0:0:0: [sda] Attached SCSI disk
[    1.619684] input: HD-Audio Generic Headphone as /devices/pci0000:00/0000:00:14.2/sound/card1/input11
[    1.624070] acpi_cpufreq: overriding BIOS provided _PSD data
[    1.625947] color, tsk->comm, weight, vruntime: 1 kworker/u8:3 1048576 931846415
[    1.625951] color, tsk->comm, weight, vruntime: -124658306668264 kworker/u8:3 1048576 931954946
[    1.630309] color, tsk->comm, weight, vruntime: 1 kworker/u8:3 1048576 931846415
[    1.633398] color, tsk->comm, weight, vruntime: -124658306668264 kworker/u8:3 1048576 931954946
[    1.633692] cfg80211: Loading compiled-in X.509 certificates for regulatory database
[    1.636507] color, tsk->comm, weight, vruntime: -124658306668264 kworker/u8:3 1048576 931954946
[    1.636509] color, tsk->comm, weight, vruntime: 1 kworker/u8:3 1048576 931846415
[    1.641259] cfg80211: Loaded X.509 cert 'sforshee: 00b28ddf47aef9cea7'
[    1.642748] rq->nr_running rq->cfs.nr_running : 3 3
[    1.646145] platform regulatory.0: Direct firmware load for regulatory.db failed with error -2
[    1.649124] rq->load.weight, rq->cfs.load.weight : 3145728 3145728
[    1.658597] ALSA device list:
[    1.669669]   #0: HDA ATI HDMI at 0xfeb64000 irq 33
[    1.672978] cfg80211: failed to load regulatory.db
[    1.676388]   #1: HD-Audio Generic at 0xfeb60000 irq 16
[    1.839814] usb 4-2: new full-speed USB device number 2 using ohci-pci
[    1.919770] tsc: Refined TSC clocksource calibration: 998.128 MHz
[    1.923111] clocksource: tsc: mask: 0xffffffffffffffff max_cycles: 0x1cc65d64e77, max_idle_ns: 881590512558 ns
[    1.927515] clocksource: Switched to clocksource tsc
[    2.112553] usb 4-2: New USB device found, idVendor=13d3, idProduct=3362, bcdDevice= 0.01
[    2.116104] usb 4-2: New USB device strings: Mfr=1, Product=2, SerialNumber=3
[    2.119612] usb 4-2: Product: Bluetooth USB Host Controller
[    2.123088] usb 4-2: Manufacturer: Atheros Communications
[    2.126506] usb 4-2: SerialNumber: Alaska Day 2006
[    2.339937] input: PS/2 Logitech Wheel Mouse as /devices/platform/i8042/serio4/input/input14
[    2.346090] md: Waiting for all devices to be available before autodetect
[    2.349641] md: If you don't use raid, use raid=noautodetect
[    2.353646] md: Autodetecting RAID arrays.
[    2.357111] md: autorun ...
[    2.360529] md: ... autorun DONE.
[    2.369093] EXT4-fs (sda2): mounted filesystem with ordered data mode. Opts: (null)
[    2.372603] VFS: Mounted root (ext4 filesystem) readonly on device 8:2.
[    2.377298] devtmpfs: mounted
[    2.381468] Freeing unused kernel image memory: 1296K
[    2.409881] Write protecting the kernel read-only data: 22528k
[    2.414874] Freeing unused kernel image memory: 1984K
[    2.419411] Freeing unused kernel image memory: 1692K
[    2.422801] Run /sbin/init as init process
[    2.480069] stty (1760) used greatest stack depth: 13792 bytes left
[    2.509830] usb 2-3: new high-speed USB device number 3 using ehci-pci
[    2.582256] sed (1774) used greatest stack depth: 13560 bytes left
[    2.639832] rq->nr_running rq->cfs.nr_running : 1 1
[    2.643354] rq->load.weight, rq->cfs.load.weight : 1048576 1048576
[    2.742247] ip (1818) used greatest stack depth: 12552 bytes left
[    2.749794] usb 2-3: New USB device found, idVendor=04f2, idProduct=b404, bcdDevice=69.63
[    2.753546] usb 2-3: New USB device strings: Mfr=3, Product=1, SerialNumber=2
[    2.757248] usb 2-3: Product: USB2.0 HD UVC WebCam
[    2.760939] usb 2-3: Manufacturer: Chicony Electronics Co.,Ltd.
[    2.764608] usb 2-3: SerialNumber: 0x0001
[    2.858561] udevd[1852]: starting version 3.2.1
[    2.867919] random: udevd: uninitialized urandom read (16 bytes read)
[    2.872060] random: udevd: uninitialized urandom read (16 bytes read)
[    2.875942] random: udevd: uninitialized urandom read (16 bytes read)
[    2.898766] udevd[1853]: starting eudev-3.2.1
[    3.242491] ath9k 0000:01:00.0 wlp1s0: renamed from wlan0
[    3.288918] r8169 0000:02:00.0 enp2s0: renamed from eth0
[    3.298098] [drm] radeon kernel modesetting enabled.
[    3.302629] radeon 0000:00:01.0: remove_conflicting_pci_framebuffers: bar 0: 0xc0000000 -> 0xcfffffff
[    3.306164] radeon 0000:00:01.0: remove_conflicting_pci_framebuffers: bar 2: 0xd0000000 -> 0xd07fffff
[    3.309646] radeon 0000:00:01.0: remove_conflicting_pci_framebuffers: bar 5: 0xfeb00000 -> 0xfeb3ffff
[    3.318215] checking generic (c0000000 420000) vs hw (c0000000 10000000)
[    3.318220] fb0: switching to radeondrmfb from EFI VGA
[    3.325126] Console: switching to colour dummy device 80x25
[    3.325614] radeon 0000:00:01.0: vgaarb: deactivate vga console
[    3.339504] [drm] initializing kernel modesetting (KABINI 0x1002:0x9839 0x1043:0x141D 0x00).
[    3.339719] [drm] doorbell mmio base: 0xD0000000
[    3.339729] [drm] doorbell mmio size: 8388608
[    3.340411] ATOM BIOS: AMD
[    3.340506] [drm] Changing default dispclk from 400Mhz to 600Mhz
[    3.340558] radeon 0000:00:01.0: VRAM: 512M 0x0000000000000000 - 0x000000001FFFFFFF (512M used)
[    3.340574] radeon 0000:00:01.0: GTT: 2048M 0x0000000020000000 - 0x000000009FFFFFFF
[    3.340608] [drm] Detected VRAM RAM=512M, BAR=256M
[    3.340619] [drm] RAM width 128bits DDR
[    3.345079] [TTM] Zone  kernel: Available graphics memory: 1729512 KiB
[    3.345131] [TTM] Initializing pool allocator
[    3.345537] [TTM] Initializing DMA pool allocator
[    3.345619] [drm] radeon: 512M of VRAM memory ready
[    3.345629] [drm] radeon: 2048M of GTT memory ready.
[    3.345729] [drm] Loading kabini Microcode
[    3.395860] [drm] Internal thermal controller without fan control
[    3.397370] [drm] radeon: dpm initialized
[    3.401878] [drm] Found UVD firmware Version: 1.64 Family ID: 9
[    3.408339] [drm] Found VCE firmware/feedback version 40.2.2 / 15!
[    3.408397] [drm] GART: num cpu pages 524288, num gpu pages 524288
[    3.488749] [drm] PCIE GART of 2048M enabled (table at 0x000000000030E000).
[    3.490149] radeon 0000:00:01.0: WB enabled
[    3.490205] radeon 0000:00:01.0: fence driver on ring 0 use gpu addr 0x0000000020000c00 and cpu addr 0x(____ptrval____)
[    3.490223] radeon 0000:00:01.0: fence driver on ring 1 use gpu addr 0x0000000020000c04 and cpu addr 0x(____ptrval____)
[    3.490239] radeon 0000:00:01.0: fence driver on ring 2 use gpu addr 0x0000000020000c08 and cpu addr 0x(____ptrval____)
[    3.490254] radeon 0000:00:01.0: fence driver on ring 3 use gpu addr 0x0000000020000c0c and cpu addr 0x(____ptrval____)
[    3.490268] radeon 0000:00:01.0: fence driver on ring 4 use gpu addr 0x0000000020000c10 and cpu addr 0x(____ptrval____)
[    3.491201] radeon 0000:00:01.0: fence driver on ring 5 use gpu addr 0x0000000000078d30 and cpu addr 0x(____ptrval____)
[    3.496189] radeon 0000:00:01.0: fence driver on ring 6 use gpu addr 0x0000000020000c18 and cpu addr 0x(____ptrval____)
[    3.496212] radeon 0000:00:01.0: fence driver on ring 7 use gpu addr 0x0000000020000c1c and cpu addr 0x(____ptrval____)
[    3.496228] [drm] Supports vblank timestamp caching Rev 2 (21.10.2013).
[    3.496235] [drm] Driver supports precise vblank timestamp query.
[    3.496350] radeon 0000:00:01.0: radeon: using MSI.
[    3.496413] [drm] radeon: irq initialized.
[    3.505994] [drm] ring test on 0 succeeded in 4 usecs
[    3.506112] [drm] ring test on 1 succeeded in 3 usecs
[    3.506153] [drm] ring test on 2 succeeded in 4 usecs
[    3.506482] [drm] ring test on 3 succeeded in 6 usecs
[    3.506500] [drm] ring test on 4 succeeded in 6 usecs
[    3.642235] [drm] ring test on 5 succeeded in 2 usecs
[    3.653249] color, tsk->comm, weight, vruntime: 1 udevd 1048576 2398748873
[    3.653255] color, tsk->comm, weight, vruntime: 1 udevd 1048576 2398748873
[    3.653275] color, tsk->comm, weight, vruntime: 1 udevd 1048576 2398748873
[    3.653284] rq->nr_running rq->cfs.nr_running : 2 2
[    3.653297] rq->load.weight, rq->cfs.load.weight : 2097152 2097152
[    3.671617] [drm] UVD initialized successfully.
[    3.792563] [drm] ring test on 6 succeeded in 20 usecs
[    3.792597] [drm] ring test on 7 succeeded in 3 usecs
[    3.792604] [drm] VCE initialized successfully.
[    3.795939] [drm] ib test on ring 0 succeeded in 0 usecs
[    3.796227] [drm] ib test on ring 1 succeeded in 0 usecs
[    3.796500] [drm] ib test on ring 2 succeeded in 0 usecs
[    3.797765] [drm] ib test on ring 3 succeeded in 0 usecs
[    3.798061] [drm] ib test on ring 4 succeeded in 0 usecs
[    4.329964] [drm] ib test on ring 5 succeeded
[    4.351213] [drm] ib test on ring 6 succeeded
[    4.352225] [drm] ib test on ring 7 succeeded
[    4.399816] [drm] radeon atom DIG backlight initialized
[    4.399839] [drm] Radeon Display Connectors
[    4.399846] [drm] Connector 0:
[    4.399853] [drm]   LVDS-1
[    4.399859] [drm]   HPD1
[    4.399867] [drm]   DDC: 0x6530 0x6530 0x6534 0x6534 0x6538 0x6538 0x653c 0x653c
[    4.399876] [drm]   Encoders:
[    4.399882] [drm]     LCD1: INTERNAL_UNIPHY
[    4.399889] [drm] Connector 1:
[    4.399895] [drm]   HDMI-A-1
[    4.399901] [drm]   HPD2
[    4.399908] [drm]   DDC: 0x6540 0x6540 0x6544 0x6544 0x6548 0x6548 0x654c 0x654c
[    4.399917] [drm]   Encoders:
[    4.399922] [drm]     DFP1: INTERNAL_UNIPHY
[    4.399929] [drm] Connector 2:
[    4.399934] [drm]   VGA-1
[    4.399942] [drm]   DDC: 0x65c0 0x65c0 0x65c4 0x65c4 0x65c8 0x65c8 0x65cc 0x65cc
[    4.399951] [drm]   Encoders:
[    4.399957] [drm]     CRT1: INTERNAL_KLDSCP_DAC1
[    4.659760] rq->nr_running rq->cfs.nr_running : 1 1
[    4.659771] rq->load.weight, rq->cfs.load.weight : 1048576 1048576
[    5.481939] [drm] fb mappable at 0xC0722000
[    5.481960] [drm] vram apper at 0xC0000000
[    5.481966] [drm] size 4325376
[    5.481972] [drm] fb depth is 24
[    5.481978] [drm]    pitch is 5632
[    5.482352] fbcon: radeondrmfb (fb0) is primary device
[    5.590022] Console: switching to colour frame buffer device 170x48
[    5.600355] radeon 0000:00:01.0: fb0: radeondrmfb frame buffer device
[    5.648597] [drm] Initialized radeon 2.50.0 20080528 for 0000:00:01.0 on minor 0
[    5.669789] rq->nr_running rq->cfs.nr_running : 1 1
[    5.669890] rq->load.weight, rq->cfs.load.weight : 1048576 1048576
[    5.743962] Adding 3608572k swap on /dev/sda4.  Priority:1 extents:1 across:3608572k SS
[    5.797616] EXT4-fs (sda2): re-mounted. Opts: (null)
[    5.906072] EXT4-fs (sda2): re-mounted. Opts: (null)
[    6.679767] rq->nr_running rq->cfs.nr_running : 1 1
[    6.679858] rq->load.weight, rq->cfs.load.weight : 1048576 1048576
[    7.689770] rq->nr_running rq->cfs.nr_running : 1 1
[    7.696853] rq->load.weight, rq->cfs.load.weight : 1048576 1048576
[    8.282342] urandom_read: 6 callbacks suppressed
[    8.282347] random: wpa_supplicant: uninitialized urandom read (32 bytes read)
[    8.699767] rq->nr_running rq->cfs.nr_running : 0 0
[    8.703726] rq->load.weight, rq->cfs.load.weight : 0 0
[    9.640642] wlp1s0: authenticate with 64:66:b3:cd:9a:3a
[    9.671853] wlp1s0: send auth to 64:66:b3:cd:9a:3a (try 1/3)
[    9.679569] wlp1s0: authenticated
[    9.689844] wlp1s0: associate with 64:66:b3:cd:9a:3a (try 1/3)
[    9.698407] wlp1s0: RX AssocResp from 64:66:b3:cd:9a:3a (capab=0x431 status=0 aid=1)
[    9.703573] wlp1s0: associated
[    9.709817] color, tsk->comm, weight, vruntime: 1 klogd 1048576 6731091965
[    9.709822] color, tsk->comm, weight, vruntime: 1 klogd 1048576 6731091965
[    9.714080] rq->nr_running rq->cfs.nr_running : 0 0
[    9.722522] rq->load.weight, rq->cfs.load.weight : 3145728 3145728
[    9.741177] IPv6: ADDRCONF(NETDEV_CHANGE): wlp1s0: link becomes ready
[   10.719765] rq->nr_running rq->cfs.nr_running : 0 0
[   10.724036] rq->load.weight, rq->cfs.load.weight : 0 0
[   11.087138] udevd (3129) used greatest stack depth: 11736 bytes left
[   11.729768] rq->nr_running rq->cfs.nr_running : 1 1
[   11.734042] rq->load.weight, rq->cfs.load.weight : 1048576 1048576
[   12.739764] rq->nr_running rq->cfs.nr_running : 1 1
[   12.748229] rq->load.weight, rq->cfs.load.weight : 1048576 1048576
[   13.749766] rq->nr_running rq->cfs.nr_running : 1 1
[   13.757940] rq->load.weight, rq->cfs.load.weight : 1048576 1048576
[   14.759767] rq->nr_running rq->cfs.nr_running : 1 1
[   14.767635] rq->load.weight, rq->cfs.load.weight : 1048576 1048576
[   15.769764] rq->nr_running rq->cfs.nr_running : 1 1
[   15.777404] rq->load.weight, rq->cfs.load.weight : 1048576 1048576
[   16.779780] color, tsk->comm, weight, vruntime: 1 Xorg 1307648 12549023135
[   16.779902] color, tsk->comm, weight, vruntime: -124658390121448 rcu_sched 1048576 12543023135
[   16.780011] rq->nr_running rq->cfs.nr_running : 0 0
[   16.780217] rq->load.weight, rq->cfs.load.weight : 0 0
[   17.789782] rq->nr_running rq->cfs.nr_running : 1 1
[   17.789796] rq->load.weight, rq->cfs.load.weight : 1307648 1307648
[   18.799770] rq->nr_running rq->cfs.nr_running : 0 0
[   18.799781] rq->load.weight, rq->cfs.load.weight : 0 0
[   19.809770] rq->nr_running rq->cfs.nr_running : 0 0
[   19.809781] rq->load.weight, rq->cfs.load.weight : 0 0
[   20.819778] color, tsk->comm, weight, vruntime: 1 rcu_sched 1048576 13659690321
[   20.819789] color, tsk->comm, weight, vruntime: 1 rcu_sched 1048576 13659690321
[   20.819795] color, tsk->comm, weight, vruntime: 1 rcu_sched 1048576 13659690321
[   20.819799] rq->nr_running rq->cfs.nr_running : 1 1
[   20.819805] rq->load.weight, rq->cfs.load.weight : 1048576 1048576
[   47.768157] random: crng init done
