[    0.000000] Linux version 5.2.0+ (root@(none)) (gcc version 9.0.1 20190416 (experimental) (GCC)) #204 SMP Tue Jul 16 21:39:38 +05 2019
[    0.000000] Command line: BOOT_IMAGE=/boot/bzImage root=/dev/sda2 ro
[    0.000000] x86/fpu: Supporting XSAVE feature 0x001: 'x87 floating point registers'
[    0.000000] x86/fpu: Supporting XSAVE feature 0x002: 'SSE registers'
[    0.000000] x86/fpu: Supporting XSAVE feature 0x004: 'AVX registers'
[    0.000000] x86/fpu: xstate_offset[2]:  576, xstate_sizes[2]:  256
[    0.000000] x86/fpu: Enabled xstate features 0x7, context size is 832 bytes, using 'standard' format.
[    0.000000] BIOS-provided physical RAM map:
[    0.000000] BIOS-e820: [mem 0x0000000000000000-0x000000000009ffff] usable
[    0.000000] BIOS-e820: [mem 0x0000000000100000-0x000000009d0f7fff] usable
[    0.000000] BIOS-e820: [mem 0x000000009d0f8000-0x000000009d127fff] reserved
[    0.000000] BIOS-e820: [mem 0x000000009d128000-0x000000009d370fff] usable
[    0.000000] BIOS-e820: [mem 0x000000009d371000-0x000000009dc56fff] ACPI NVS
[    0.000000] BIOS-e820: [mem 0x000000009dc57000-0x000000009e959fff] reserved
[    0.000000] BIOS-e820: [mem 0x000000009e95a000-0x000000009e9cafff] type 20
[    0.000000] BIOS-e820: [mem 0x000000009e9cb000-0x000000009e9cbfff] usable
[    0.000000] BIOS-e820: [mem 0x000000009e9cc000-0x000000009e9d3fff] ACPI NVS
[    0.000000] BIOS-e820: [mem 0x000000009e9d4000-0x000000009eb24fff] usable
[    0.000000] BIOS-e820: [mem 0x000000009eb25000-0x000000009f041fff] reserved
[    0.000000] BIOS-e820: [mem 0x000000009f042000-0x000000009f080fff] usable
[    0.000000] BIOS-e820: [mem 0x000000009f081000-0x000000009f3f1fff] reserved
[    0.000000] BIOS-e820: [mem 0x000000009f3f2000-0x000000009f3fffff] usable
[    0.000000] BIOS-e820: [mem 0x00000000fec00000-0x00000000fec01fff] reserved
[    0.000000] BIOS-e820: [mem 0x00000000fec10000-0x00000000fec10fff] reserved
[    0.000000] BIOS-e820: [mem 0x00000000fed00000-0x00000000fed00fff] reserved
[    0.000000] BIOS-e820: [mem 0x00000000fed80000-0x00000000fed8ffff] reserved
[    0.000000] BIOS-e820: [mem 0x00000000ff000000-0x00000000ffffffff] reserved
[    0.000000] BIOS-e820: [mem 0x0000000100001000-0x000000013effffff] usable
[    0.000000] NX (Execute Disable) protection: active
[    0.000000] efi: EFI v2.31 by American Megatrends
[    0.000000] efi:  ACPI=0x9d3f3000  ACPI 2.0=0x9d3f3000  SMBIOS=0x9e958998 
[    0.000000] SMBIOS 2.7 present.
[    0.000000] DMI: ASUSTeK COMPUTER INC. X102BA/X102BA, BIOS X102BA.212 08/30/2013
[    0.000000] tsc: Fast TSC calibration using PIT
[    0.000000] tsc: Detected 998.037 MHz processor
[    0.000214] e820: update [mem 0x00000000-0x00000fff] usable ==> reserved
[    0.000219] e820: remove [mem 0x000a0000-0x000fffff] usable
[    0.000241] last_pfn = 0x13f000 max_arch_pfn = 0x400000000
[    0.000251] MTRR default type: uncachable
[    0.000252] MTRR fixed ranges enabled:
[    0.000256]   00000-9FFFF write-back
[    0.000258]   A0000-BFFFF write-through
[    0.000261]   C0000-DFFFF uncachable
[    0.000263]   E0000-FFFFF write-protect
[    0.000265] MTRR variable ranges enabled:
[    0.000269]   0 base 0000000000 mask FF80000000 write-back
[    0.000272]   1 base 0080000000 mask FFE0000000 write-back
[    0.000275]   2 base 009F400000 mask FFFFC00000 uncachable
[    0.000278]   3 base 009F800000 mask FFFF800000 uncachable
[    0.000279]   4 disabled
[    0.000281]   5 disabled
[    0.000282]   6 disabled
[    0.000283]   7 disabled
[    0.000285] TOM2: 000000013f000000 aka 5104M
[    0.000810] x86/PAT: Configuration [0-7]: WB  WC  UC- UC  WB  WP  UC- WT  
[    0.001085] e820: update [mem 0x9f400000-0xffffffff] usable ==> reserved
[    0.001098] last_pfn = 0x9f400 max_arch_pfn = 0x400000000
[    0.014447] check: Scanning 1 areas for low memory corruption
[    0.014461] Using GB pages for direct mapping
[    0.014468] BRK [0x44e01000, 0x44e01fff] PGTABLE
[    0.014474] BRK [0x44e02000, 0x44e02fff] PGTABLE
[    0.014478] BRK [0x44e03000, 0x44e03fff] PGTABLE
[    0.014688] BRK [0x44e04000, 0x44e04fff] PGTABLE
[    0.014693] BRK [0x44e05000, 0x44e05fff] PGTABLE
[    0.015058] BRK [0x44e06000, 0x44e06fff] PGTABLE
[    0.016617] BRK [0x44e07000, 0x44e07fff] PGTABLE
[    0.016919] BRK [0x44e08000, 0x44e08fff] PGTABLE
[    0.017177] BRK [0x44e09000, 0x44e09fff] PGTABLE
[    0.017498] BRK [0x44e0a000, 0x44e0afff] PGTABLE
[    0.017868] BRK [0x44e0b000, 0x44e0bfff] PGTABLE
[    0.018122] Secure boot could not be determined
[    0.018138] ACPI: Early table checksum verification disabled
[    0.018149] ACPI: RSDP 0x000000009D3F3000 000024 (v02 _ASUS_)
[    0.018160] ACPI: XSDT 0x000000009D3F3088 000094 (v01 _ASUS_ Notebook 01072009 AMI  00010013)
[    0.018177] ACPI: FACP 0x000000009D400748 00010C (v05 _ASUS_ Notebook 01072009 AMI  00010013)
[    0.018192] ACPI BIOS Warning (bug): Optional FADT field Pm2ControlBlock has valid Length but zero Address: 0x0000000000000000/0x1 (20190703/tbfadt-615)
[    0.018205] ACPI: DSDT 0x000000009D3F31A8 00D59D (v02 _ASUS_ Notebook 00000000 INTL 20091112)
[    0.018217] ACPI: FACS 0x000000009DC4B080 000040
[    0.018225] ACPI: APIC 0x000000009D400858 00007E (v03 _ASUS_ Notebook 01072009 AMI  00010013)
[    0.018235] ACPI: FPDT 0x000000009D4008D8 000044 (v01 _ASUS_ Notebook 01072009 AMI  00010013)
[    0.018245] ACPI: ECDT 0x000000009D400920 0000C1 (v01 _ASUS_ Notebook 01072009 AMI. 00000005)
[    0.018255] ACPI: MCFG 0x000000009D4009E8 00003C (v01 _ASUS_ Notebook 01072009 MSFT 00010013)
[    0.018265] ACPI: HPET 0x000000009D400A28 000038 (v01 _ASUS_ Notebook 01072009 AMI  00000005)
[    0.018275] ACPI: VFCT 0x000000009D400A60 004684 (v01 _ASUS_ Notebook 00000001 AMD  31504F47)
[    0.018285] ACPI: BGRT 0x000000009D4050E8 000038 (v00 _ASUS_ Notebook 01072009 ASUS 00010013)
[    0.018295] ACPI: SSDT 0x000000009D405120 0005E0 (v01 AMD    AGESA    00000001 AMD  00000001)
[    0.018305] ACPI: SSDT 0x000000009D405700 0046D1 (v02 AMD    AGESA    00000002 MSFT 04000000)
[    0.018315] ACPI: CRAT 0x000000009D409DD8 000228 (v01 AMD    AGESA    00000001 AMD  00000001)
[    0.018325] ACPI: SSDT 0x000000009D40A000 001411 (v01 AMD    CPMDFIGP 00000001 INTL 20051117)
[    0.018335] ACPI: SSDT 0x000000009D40B418 0010E8 (v01 AMD    CPMCMN   00000001 INTL 20051117)
[    0.018345] ACPI: MSDM 0x000000009D127F98 000055 (v03 _ASUS_ Notebook 00000000 ASUS 00000001)
[    0.018373] ACPI: Local APIC address 0xfee00000
[    0.018727] No NUMA configuration found
[    0.018731] Faking a node at [mem 0x0000000000000000-0x000000013effffff]
[    0.018745] NODE_DATA(0) allocated [mem 0x13effa000-0x13effdfff]
[    0.018797] Zone ranges:
[    0.018801]   DMA      [mem 0x0000000000001000-0x0000000000ffffff]
[    0.018805]   DMA32    [mem 0x0000000001000000-0x00000000ffffffff]
[    0.018809]   Normal   [mem 0x0000000100000000-0x000000013effffff]
[    0.018813] Movable zone start for each node
[    0.018816] Early memory node ranges
[    0.018820]   node   0: [mem 0x0000000000001000-0x000000000009ffff]
[    0.018824]   node   0: [mem 0x0000000000100000-0x000000009d0f7fff]
[    0.018827]   node   0: [mem 0x000000009d128000-0x000000009d370fff]
[    0.018830]   node   0: [mem 0x000000009e9cb000-0x000000009e9cbfff]
[    0.018833]   node   0: [mem 0x000000009e9d4000-0x000000009eb24fff]
[    0.018836]   node   0: [mem 0x000000009f042000-0x000000009f080fff]
[    0.018839]   node   0: [mem 0x000000009f3f2000-0x000000009f3fffff]
[    0.018842]   node   0: [mem 0x0000000100001000-0x000000013effffff]
[    0.019184] Zeroed struct page in unavailable ranges: 11138 pages
[    0.019192] Initmem setup node 0 [mem 0x0000000000001000-0x000000013effffff]
[    0.019201] On node 0 totalpages: 902270
[    0.019204]   DMA zone: 64 pages used for memmap
[    0.019206]   DMA zone: 23 pages reserved
[    0.019209]   DMA zone: 3999 pages, LIFO batch:0
[    0.019421]   DMA32 zone: 10004 pages used for memmap
[    0.019424]   DMA32 zone: 640224 pages, LIFO batch:63
[    0.060160]   Normal zone: 4032 pages used for memmap
[    0.060166]   Normal zone: 258047 pages, LIFO batch:63
[    0.073569] ACPI: PM-Timer IO Port: 0x808
[    0.073581] ACPI: Local APIC address 0xfee00000
[    0.073597] ACPI: LAPIC_NMI (acpi_id[0xff] high edge lint[0x1])
[    0.073614] IOAPIC[0]: apic_id 3, version 33, address 0xfec00000, GSI 0-23
[    0.073625] IOAPIC[1]: apic_id 4, version 33, address 0xfec01000, GSI 24-55
[    0.073632] ACPI: INT_SRC_OVR (bus 0 bus_irq 0 global_irq 2 dfl dfl)
[    0.073638] ACPI: INT_SRC_OVR (bus 0 bus_irq 9 global_irq 9 low level)
[    0.073643] ACPI: IRQ0 used by override.
[    0.073645] ACPI: IRQ9 used by override.
[    0.073650] Using ACPI (MADT) for SMP configuration information
[    0.073655] ACPI: HPET id: 0x10228210 base: 0xfed00000
[    0.073672] smpboot: Allowing 4 CPUs, 2 hotplug CPUs
[    0.073743] PM: Registered nosave memory: [mem 0x00000000-0x00000fff]
[    0.073750] PM: Registered nosave memory: [mem 0x000a0000-0x000fffff]
[    0.073757] PM: Registered nosave memory: [mem 0x9d0f8000-0x9d127fff]
[    0.073764] PM: Registered nosave memory: [mem 0x9d371000-0x9dc56fff]
[    0.073767] PM: Registered nosave memory: [mem 0x9dc57000-0x9e959fff]
[    0.073769] PM: Registered nosave memory: [mem 0x9e95a000-0x9e9cafff]
[    0.073776] PM: Registered nosave memory: [mem 0x9e9cc000-0x9e9d3fff]
[    0.073782] PM: Registered nosave memory: [mem 0x9eb25000-0x9f041fff]
[    0.073789] PM: Registered nosave memory: [mem 0x9f081000-0x9f3f1fff]
[    0.073795] PM: Registered nosave memory: [mem 0x9f400000-0xfebfffff]
[    0.073798] PM: Registered nosave memory: [mem 0xfec00000-0xfec01fff]
[    0.073801] PM: Registered nosave memory: [mem 0xfec02000-0xfec0ffff]
[    0.073803] PM: Registered nosave memory: [mem 0xfec10000-0xfec10fff]
[    0.073806] PM: Registered nosave memory: [mem 0xfec11000-0xfecfffff]
[    0.073809] PM: Registered nosave memory: [mem 0xfed00000-0xfed00fff]
[    0.073811] PM: Registered nosave memory: [mem 0xfed01000-0xfed7ffff]
[    0.073814] PM: Registered nosave memory: [mem 0xfed80000-0xfed8ffff]
[    0.073817] PM: Registered nosave memory: [mem 0xfed90000-0xfeffffff]
[    0.073819] PM: Registered nosave memory: [mem 0xff000000-0xffffffff]
[    0.073822] PM: Registered nosave memory: [mem 0x100000000-0x100000fff]
[    0.073828] [mem 0x9f400000-0xfebfffff] available for PCI devices
[    0.073839] clocksource: refined-jiffies: mask: 0xffffffff max_cycles: 0xffffffff, max_idle_ns: 19112604462750000 ns
[    0.533847] setup_percpu: NR_CPUS:64 nr_cpumask_bits:64 nr_cpu_ids:4 nr_node_ids:1
[    0.535040] percpu: Embedded 51 pages/cpu s169944 r8192 d30760 u524288
[    0.535078] pcpu-alloc: s169944 r8192 d30760 u524288 alloc=1*2097152
[    0.535081] pcpu-alloc: [0] 0 1 2 3 
[    0.535159] Built 1 zonelists, mobility grouping on.  Total pages: 888147
[    0.535163] Policy zone: Normal
[    0.535171] Kernel command line: BOOT_IMAGE=/boot/bzImage root=/dev/sda2 ro
[    0.537149] Dentry cache hash table entries: 524288 (order: 10, 4194304 bytes, linear)
[    0.538085] Inode-cache hash table entries: 262144 (order: 9, 2097152 bytes, linear)
[    0.538162] mem auto-init: stack:off, heap alloc:off, heap free:off
[    0.602522] Memory: 3426024K/3609080K available (14356K kernel code, 1439K rwdata, 4492K rodata, 1304K init, 812K bss, 183056K reserved, 0K cma-reserved)
[    0.602751] SLUB: HWalign=64, Order=0-3, MinObjects=0, CPUs=4, Nodes=1
[    0.602987] rcu: Hierarchical RCU implementation.
[    0.602990] rcu: 	RCU event tracing is enabled.
[    0.602994] rcu: 	RCU restricting CPUs from NR_CPUS=64 to nr_cpu_ids=4.
[    0.602999] rcu: RCU calculated value of scheduler-enlistment delay is 10 jiffies.
[    0.603002] rcu: Adjusting geometry for rcu_fanout_leaf=16, nr_cpu_ids=4
[    0.603598] NR_IRQS: 4352, nr_irqs: 1000, preallocated irqs: 16
[    0.604197] random: get_random_bytes called from start_kernel+0x314/0x4e1 with crng_init=0
[    0.604283] Console: colour dummy device 80x25
[    0.605015] printk: console [tty0] enabled
[    0.605062] ACPI: Core revision 20190703
[    0.605552] clocksource: hpet: mask: 0xffffffff max_cycles: 0xffffffff, max_idle_ns: 133484873504 ns
[    0.605591] APIC: Switch to symmetric I/O mode setup
[    0.606450] ..TIMER: vector=0x30 apic1=0 pin1=2 apic2=-1 pin2=-1
[    0.655599] clocksource: tsc-early: mask: 0xffffffffffffffff max_cycles: 0x1cc5b195cc6, max_idle_ns: 881590567757 ns
[    0.655615] Calibrating delay loop (skipped), value calculated using timer frequency.. 1996.07 BogoMIPS (lpj=9980370)
[    0.655630] pid_max: default: 32768 minimum: 301
[    0.658302] LSM: Security Framework initializing
[    0.658338] SELinux:  Initializing.
[    0.658375] *** VALIDATE SELinux ***
[    0.658443] Mount-cache hash table entries: 8192 (order: 4, 65536 bytes, linear)
[    0.658480] Mountpoint-cache hash table entries: 8192 (order: 4, 65536 bytes, linear)
[    0.658868] *** VALIDATE proc ***
[    0.658960] *** VALIDATE cgroup1 ***
[    0.658970] *** VALIDATE cgroup2 ***
[    0.659078] LVT offset 1 assigned for vector 0xf9
[    0.659095] Last level iTLB entries: 4KB 512, 2MB 8, 4MB 4
[    0.659104] Last level dTLB entries: 4KB 512, 2MB 256, 4MB 128, 1GB 0
[    0.659114] Spectre V2 : Mitigation: Full AMD retpoline
[    0.659121] Spectre V2 : Spectre v2 / SpectreRSB mitigation: Filling RSB on context switch
[    0.659133] Speculative Store Bypass: Mitigation: Speculative Store Bypass disabled via prctl and seccomp
[    0.659717] Freeing SMP alternatives memory: 40K
[    0.665613] smpboot: CPU0: AMD A4-1200 APU with Radeon(TM) HD Graphics (family: 0x16, model: 0x0, stepping: 0x1)
[    0.665613] Performance Events: AMD PMU driver.
[    0.665613] ... version:                0
[    0.665613] ... bit width:              48
[    0.665613] ... generic registers:      4
[    0.665613] ... value mask:             0000ffffffffffff
[    0.665613] ... max period:             00007fffffffffff
[    0.665613] ... fixed-purpose events:   0
[    0.665613] ... event mask:             000000000000000f
[    0.665613] rcu: Hierarchical SRCU implementation.
[    0.665613] MCE: In-kernel MCE decoding enabled.
[    0.665613] smp: Bringing up secondary CPUs ...
[    0.665613] x86: Booting SMP configuration:
[    0.665613] .... node  #0, CPUs:      #1
[    0.665613] smp: Brought up 1 node, 2 CPUs
[    0.665613] smpboot: Max logical packages: 2
[    0.665613] smpboot: Total of 2 processors activated (3992.14 BogoMIPS)
[    0.665613] devtmpfs: initialized
[    0.665613] PM: Registering ACPI NVS region [mem 0x9d371000-0x9dc56fff] (9330688 bytes)
[    0.665613] PM: Registering ACPI NVS region [mem 0x9e9cc000-0x9e9d3fff] (32768 bytes)
[    0.665613] clocksource: jiffies: mask: 0xffffffff max_cycles: 0xffffffff, max_idle_ns: 19112604462750000 ns
[    0.665613] futex hash table entries: 1024 (order: 4, 65536 bytes, linear)
[    0.665613] kworker/u8:0 (22) used greatest stack depth: 14616 bytes left
[    0.665613] NET: Registered protocol family 16
[    0.665613] audit: initializing netlink subsys (disabled)
[    0.665613] audit: type=2000 audit(1563356256.050:1): state=initialized audit_enabled=0 res=1
[    0.665613] cpuidle: using governor ladder
[    0.665613] cpuidle: using governor menu
[    0.665613] ACPI FADT declares the system doesn't support PCIe ASPM, so disable it
[    0.665613] ACPI: bus type PCI registered
[    0.665613] PCI: MMCONFIG for domain 0000 [bus 00-ff] at [mem 0xe0000000-0xefffffff] (base 0xe0000000)
[    0.665613] PCI: not using MMCONFIG
[    0.665613] PCI: Using configuration type 1 for base access
[    0.665613] PCI: Using configuration type 1 for extended access
[    0.665647] rq->curr == THREAD(this messg)
[    0.665649] state TASK_RUNNING
[    0.665662] color, tsk->comm, weight, vruntime, state: -114863621189223 kworker/u8:1 1048576 48033431 0
[    0.665670] color, tsk->comm, weight, vruntime, state: -114863621199592 kworker/u8:1 1048576 48033431 0
[    0.665682] color, tsk->comm, weight, vruntime, state: -114863621189223 kworker/u8:1 1048576 48033431 0
[    0.665694] color, tsk->comm, weight, vruntime, state: 1 kworker/u8:1 1048576 48247718 0
[    0.665706] color, tsk->comm, weight, vruntime, state: -114863621837671 kworker/u8:1 1048576 48533432 0
[    0.665717] color, tsk->comm, weight, vruntime, state: -114863621199592 kworker/u8:1 1048576 48933431 0
[    0.665728] color, tsk->comm, weight, vruntime, state: -114863621837671 kworker/u8:1 1048576 49533431 0
[    0.665739] comm swapper/0 pid 1 state 0
[    0.665755] comm kthreadd pid 2 state 1
[    0.665762] comm rcu_gp pid 3 state 1026
[    0.665769] comm rcu_par_gp pid 4 state 1026
[    0.665776] comm kworker/0:0 pid 5 state 1026
[    0.665783] comm kworker/0:0H pid 6 state 1026
[    0.665791] comm kworker/u8:0 pid 7 state 0
[    0.665797] comm mm_percpu_wq pid 8 state 1026
[    0.665805] comm ksoftirqd/0 pid 9 state 1
[    0.665812] comm rcu_sched pid 10 state 1026
[    0.665818] comm migration/0 pid 11 state 1
[    0.665826] comm cpuhp/0 pid 12 state 1
[    0.665832] comm cpuhp/1 pid 13 state 1
[    0.665839] comm migration/1 pid 14 state 1
[    0.665846] comm ksoftirqd/1 pid 15 state 1
[    0.665853] comm kworker/1:0 pid 16 state 258
[    0.665860] comm kworker/1:0H pid 17 state 1026
[    0.665867] comm THREAD pid 18 state 0
[    0.665874] comm kdevtmpfs pid 19 state 1
[    0.665881] comm netns pid 20 state 1026
[    0.665888] comm kworker/u8:1 pid 21 state 1026
[    0.665895] comm kauditd pid 24 state 1
[    0.665902] comm kworker/u8:1 pid 25 state 0
[    0.665909] comm kworker/u8:1 pid 26 state 0
[    0.665915] comm kworker/u8:1 pid 27 state 0
[    0.665922] comm kworker/u8:1 pid 28 state 0
[    0.665929] comm kworker/u8:1 pid 29 state 0
[    0.665936] comm kworker/u8:1 pid 31 state 0
[    0.665942] comm kworker/u8:1 pid 33 state 0
[    0.665949] comm kworker/u8:1 pid 34 state 0
[    0.665956] comm kworker/u8:1 pid 35 state 0
[    0.665962] comm kworker/0:1 pid 37 state 1026
[    0.665969] comm kthreadd pid 38 state 0
[    0.665976] rq->nr_running rq->cfs.nr_running : 8 8
[    0.665982] rq->cfs.load.weight :  8388608
[    0.665984] ----------------^^^^CPU0^^^^^-----------------------
[    0.665990] rq->curr->pid == 1
[    0.665997] state TASK_RUNNING
[    0.666005] color, tsk->comm, weight, vruntime, state: -114863621209960 kworker/u8:0 1048576 28351403 0
[    0.666012] color, tsk->comm, weight, vruntime, state: -114863621841127 kworker/u8:1 1048576 34351403 0
[    0.666023] color, tsk->comm, weight, vruntime, state: 1 kworker/u8:1 1048576 34951403 0
[    0.666034] color, tsk->comm, weight, vruntime, state: -114863621841127 kthreadd 1048576 37351400 0
[    0.666044] comm swapper/0 pid 1 state 0
[    0.666059] comm kthreadd pid 2 state 1
[    0.666065] comm rcu_gp pid 3 state 1026
[    0.666072] comm rcu_par_gp pid 4 state 1026
[    0.666078] comm kworker/0:0 pid 5 state 1026
[    0.666085] comm kworker/0:0H pid 6 state 1026
[    0.666092] comm kworker/u8:0 pid 7 state 0
[    0.666098] comm mm_percpu_wq pid 8 state 1026
[    0.666105] comm ksoftirqd/0 pid 9 state 1
[    0.666112] comm rcu_sched pid 10 state 1026
[    0.666118] comm migration/0 pid 11 state 1
[    0.666125] comm cpuhp/0 pid 12 state 1
[    0.666131] comm cpuhp/1 pid 13 state 1
[    0.666138] comm migration/1 pid 14 state 1
[    0.666144] comm ksoftirqd/1 pid 15 state 1
[    0.666151] comm kworker/1:0 pid 16 state 258
[    0.666158] comm kworker/1:0H pid 17 state 1026
[    0.666164] comm THREAD pid 18 state 0
[    0.666171] comm kdevtmpfs pid 19 state 1
[    0.666178] comm netns pid 20 state 1026
[    0.666184] comm kworker/u8:1 pid 21 state 1026
[    0.666191] comm kauditd pid 24 state 1
[    0.666197] comm kworker/u8:1 pid 25 state 0
[    0.666203] comm kworker/u8:1 pid 26 state 0
[    0.666210] comm kworker/u8:1 pid 27 state 0
[    0.666217] comm kworker/u8:1 pid 28 state 0
[    0.666223] comm kworker/u8:1 pid 29 state 0
[    0.666230] comm kworker/u8:1 pid 31 state 0
[    0.666236] comm kworker/u8:1 pid 33 state 0
[    0.666243] comm kworker/u8:1 pid 34 state 0
[    0.666249] comm kworker/u8:1 pid 35 state 0
[    0.666256] comm kworker/0:1 pid 37 state 1026
[    0.666262] comm kthreadd pid 38 state 0
[    0.666269] rq->nr_running rq->cfs.nr_running : 5 5
[    0.666275] rq->cfs.load.weight :  5242880
[    0.666276] ----------------^^^^CPU1^^^^^-----------------------
[    0.666283] rq->curr->pid == 0
[    0.666289] state TASK_RUNNING
[    0.666296] comm swapper/0 pid 1 state 0
[    0.666307] comm kthreadd pid 2 state 1
[    0.666313] comm rcu_gp pid 3 state 1026
[    0.666319] comm rcu_par_gp pid 4 state 1026
[    0.666326] comm kworker/0:0 pid 5 state 1026
[    0.666333] comm kworker/0:0H pid 6 state 1026
[    0.666339] comm kworker/u8:0 pid 7 state 0
[    0.666346] comm mm_percpu_wq pid 8 state 1026
[    0.666352] comm ksoftirqd/0 pid 9 state 1
[    0.666359] comm rcu_sched pid 10 state 1026
[    0.666366] comm migration/0 pid 11 state 1
[    0.666372] comm cpuhp/0 pid 12 state 1
[    0.666378] comm cpuhp/1 pid 13 state 1
[    0.666385] comm migration/1 pid 14 state 1
[    0.666391] comm ksoftirqd/1 pid 15 state 1
[    0.666398] comm kworker/1:0 pid 16 state 258
[    0.666405] comm kworker/1:0H pid 17 state 1026
[    0.666411] comm THREAD pid 18 state 0
[    0.666418] comm kdevtmpfs pid 19 state 1
[    0.666424] comm netns pid 20 state 1026
[    0.666431] comm kworker/u8:1 pid 21 state 1026
[    0.666437] comm kauditd pid 24 state 1
[    0.666444] comm kworker/u8:1 pid 25 state 0
[    0.666450] comm kworker/u8:1 pid 26 state 0
[    0.666457] comm kworker/u8:1 pid 27 state 0
[    0.666463] comm kworker/u8:1 pid 28 state 0
[    0.666470] comm kworker/u8:1 pid 29 state 0
[    0.666476] comm kworker/u8:1 pid 31 state 0
[    0.666483] comm kworker/u8:1 pid 33 state 0
[    0.666489] comm kworker/u8:1 pid 34 state 0
[    0.666496] comm kworker/u8:1 pid 35 state 0
[    0.666502] comm kworker/0:1 pid 37 state 1026
[    0.666509] comm kthreadd pid 38 state 0
[    0.666515] rq->nr_running rq->cfs.nr_running : 0 0
[    0.666521] rq->cfs.load.weight :  0
[    0.666523] ----------------^^^^CPU2^^^^^-----------------------
[    0.666529] rq->curr->pid == 0
[    0.666536] state TASK_RUNNING
[    0.666542] comm swapper/0 pid 1 state 0
[    0.666553] comm kthreadd pid 2 state 1
[    0.666559] comm rcu_gp pid 3 state 1026
[    0.666566] comm rcu_par_gp pid 4 state 1026
[    0.666572] comm kworker/0:0 pid 5 state 1026
[    0.666579] comm kworker/0:0H pid 6 state 1026
[    0.666585] comm kworker/u8:0 pid 7 state 0
[    0.666592] comm mm_percpu_wq pid 8 state 1026
[    0.666599] comm ksoftirqd/0 pid 9 state 1
[    0.666605] comm rcu_sched pid 10 state 1026
[    0.666612] comm migration/0 pid 11 state 1
[    0.666618] comm cpuhp/0 pid 12 state 1
[    0.666625] comm cpuhp/1 pid 13 state 1
[    0.666631] comm migration/1 pid 14 state 1
[    0.666638] comm ksoftirqd/1 pid 15 state 1
[    0.666644] comm kworker/1:0 pid 16 state 258
[    0.666651] comm kworker/1:0H pid 17 state 1026
[    0.666658] comm THREAD pid 18 state 0
[    0.666664] comm kdevtmpfs pid 19 state 1
[    0.666671] comm netns pid 20 state 1026
[    0.666677] comm kworker/u8:1 pid 21 state 1026
[    0.666684] comm kauditd pid 24 state 1
[    0.666690] comm kworker/u8:1 pid 25 state 0
[    0.666697] comm kworker/u8:1 pid 26 state 0
[    0.666703] comm kworker/u8:1 pid 27 state 0
[    0.666710] comm kworker/u8:1 pid 28 state 0
[    0.666716] comm kworker/u8:1 pid 29 state 0
[    0.666723] comm kworker/u8:1 pid 31 state 0
[    0.666730] comm kworker/u8:1 pid 33 state 0
[    0.666736] comm kworker/u8:1 pid 34 state 0
[    0.666743] comm kworker/u8:1 pid 35 state 0
[    0.666750] comm kworker/0:1 pid 37 state 1026
[    0.666756] comm kthreadd pid 38 state 0
[    0.666762] rq->nr_running rq->cfs.nr_running : 0 0
[    0.666769] rq->cfs.load.weight :  0
[    0.666770] ----------------^^^^CPU3^^^^^-----------------------
[    0.681451] kworker/u8:0 (47) used greatest stack depth: 14152 bytes left
[    0.719824] HugeTLB registered 2.00 MiB page size, pre-allocated 0 pages
[    0.724073] ACPI: Added _OSI(Module Device)
[    0.724073] ACPI: Added _OSI(Processor Device)
[    0.724073] ACPI: Added _OSI(3.0 _SCP Extensions)
[    0.724073] ACPI: Added _OSI(Processor Aggregator Device)
[    0.724073] ACPI: Added _OSI(Linux-Dell-Video)
[    0.724073] ACPI: Added _OSI(Linux-Lenovo-NV-HDMI-Audio)
[    0.724073] ACPI: Added _OSI(Linux-HPI-Hybrid-Graphics)
[    0.758754] ACPI: 5 ACPI AML tables successfully acquired and loaded
[    0.762053] ACPI: EC: EC started
[    0.762062] ACPI: EC: interrupt blocked
[    0.764160] ACPI: \: Used as first EC
[    0.764172] ACPI: \: GPE=0x3, EC_CMD/EC_SC=0x66, EC_DATA=0x62
[    0.764180] ACPI: EC: Boot ECDT EC used to handle transactions
[    0.766834] ACPI: [Firmware Bug]: BIOS _OSI(Linux) query ignored
[    0.771498] ACPI: Interpreter enabled
[    0.771579] ACPI: (supports S0 S3 S4 S5)
[    0.771590] ACPI: Using IOAPIC for interrupt routing
[    0.771798] PCI: MMCONFIG for domain 0000 [bus 00-ff] at [mem 0xe0000000-0xefffffff] (base 0xe0000000)
[    0.771968] PCI: MMCONFIG at [mem 0xe0000000-0xefffffff] reserved in ACPI motherboard resources
[    0.772031] PCI: Using host bridge windows from ACPI; if necessary, use "pci=nocrs" and report a bug
[    0.772838] ACPI: Enabled 3 GPEs in block 00 to 1F
[    1.728672] ACPI: PCI Root Bridge [PCI0] (domain 0000 [bus 00-ff])
[    1.728705] acpi PNP0A08:00: _OSC: OS supports [ExtendedConfig ASPM ClockPM Segments MSI HPX-Type3]
[    1.729321] acpi PNP0A08:00: _OSC: platform does not support [LTR]
[    1.729903] acpi PNP0A08:00: _OSC: OS now controls [PME AER PCIeCapability]
[    1.729916] acpi PNP0A08:00: FADT indicates ASPM is unsupported, using BIOS configuration
[    1.730471] PCI host bridge to bus 0000:00
[    1.730486] pci_bus 0000:00: root bus resource [io  0x0000-0x03af window]
[    1.730497] pci_bus 0000:00: root bus resource [io  0x03e0-0x0cf7 window]
[    1.730508] pci_bus 0000:00: root bus resource [io  0x03b0-0x03df window]
[    1.730519] pci_bus 0000:00: root bus resource [io  0x0d00-0xffff window]
[    1.730530] pci_bus 0000:00: root bus resource [mem 0x000a0000-0x000bffff window]
[    1.730542] pci_bus 0000:00: root bus resource [mem 0x000c0000-0x000dffff window]
[    1.730555] pci_bus 0000:00: root bus resource [mem 0xc0000000-0xffffffff window]
[    1.730567] pci_bus 0000:00: root bus resource [bus 00-ff]
[    1.730602] pci 0000:00:00.0: [1022:1536] type 00 class 0x060000
[    1.730886] pci 0000:00:01.0: [1002:9839] type 00 class 0x030000
[    1.730928] pci 0000:00:01.0: reg 0x10: [mem 0xc0000000-0xcfffffff 64bit pref]
[    1.730952] pci 0000:00:01.0: reg 0x18: [mem 0xd0000000-0xd07fffff 64bit pref]
[    1.730972] pci 0000:00:01.0: reg 0x20: [io  0xf000-0xf0ff]
[    1.730990] pci 0000:00:01.0: reg 0x24: [mem 0xfeb00000-0xfeb3ffff]
[    1.731008] pci 0000:00:01.0: reg 0x30: [mem 0xfeb40000-0xfeb5ffff pref]
[    1.731023] pci 0000:00:01.0: enabling Extended Tags
[    1.731053] pci 0000:00:01.0: BAR 0: assigned to efifb
[    1.731110] pci 0000:00:01.0: supports D1 D2
[    1.731120] pci 0000:00:01.0: PME# supported from D1 D2 D3hot
[    1.731352] pci 0000:00:01.1: [1002:9840] type 00 class 0x040300
[    1.731388] pci 0000:00:01.1: reg 0x10: [mem 0xfeb64000-0xfeb67fff 64bit]
[    1.731427] pci 0000:00:01.1: enabling Extended Tags
[    1.731496] pci 0000:00:01.1: supports D1 D2
[    1.731690] pci 0000:00:02.0: [1022:1538] type 00 class 0x060000
[    1.731935] pci 0000:00:02.2: [1022:1439] type 01 class 0x060400
[    1.732005] pci 0000:00:02.2: enabling Extended Tags
[    1.732088] pci 0000:00:02.2: PME# supported from D0 D3hot D3cold
[    1.732321] pci 0000:00:02.3: [1022:1439] type 01 class 0x060400
[    1.732390] pci 0000:00:02.3: enabling Extended Tags
[    1.732469] pci 0000:00:02.3: PME# supported from D0 D3hot D3cold
[    1.732731] pci 0000:00:10.0: [1022:7814] type 00 class 0x0c0330
[    1.732776] pci 0000:00:10.0: reg 0x10: [mem 0xfeb68000-0xfeb69fff 64bit]
[    1.732917] pci 0000:00:10.0: PME# supported from D0 D3hot D3cold
[    1.733159] pci 0000:00:11.0: [1022:7801] type 00 class 0x010601
[    1.733196] pci 0000:00:11.0: reg 0x10: [io  0xf140-0xf147]
[    1.733215] pci 0000:00:11.0: reg 0x14: [io  0xf130-0xf133]
[    1.733233] pci 0000:00:11.0: reg 0x18: [io  0xf120-0xf127]
[    1.733251] pci 0000:00:11.0: reg 0x1c: [io  0xf110-0xf113]
[    1.733270] pci 0000:00:11.0: reg 0x20: [io  0xf100-0xf10f]
[    1.733288] pci 0000:00:11.0: reg 0x24: [mem 0xfeb6f000-0xfeb6f3ff]
[    1.733366] pci 0000:00:11.0: PME# supported from D3hot
[    1.733578] pci 0000:00:12.0: [1022:7807] type 00 class 0x0c0310
[    1.733608] pci 0000:00:12.0: reg 0x10: [mem 0xfeb6e000-0xfeb6efff]
[    1.733865] pci 0000:00:12.2: [1022:7808] type 00 class 0x0c0320
[    1.733901] pci 0000:00:12.2: reg 0x10: [mem 0xfeb6d000-0xfeb6d0ff]
[    1.734006] pci 0000:00:12.2: supports D1 D2
[    1.734016] pci 0000:00:12.2: PME# supported from D0 D1 D2 D3hot D3cold
[    1.734230] pci 0000:00:13.0: [1022:7807] type 00 class 0x0c0310
[    1.734260] pci 0000:00:13.0: reg 0x10: [mem 0xfeb6c000-0xfeb6cfff]
[    1.734513] pci 0000:00:13.2: [1022:7808] type 00 class 0x0c0320
[    1.734549] pci 0000:00:13.2: reg 0x10: [mem 0xfeb6b000-0xfeb6b0ff]
[    1.734654] pci 0000:00:13.2: supports D1 D2
[    1.734664] pci 0000:00:13.2: PME# supported from D0 D1 D2 D3hot D3cold
[    1.734877] pci 0000:00:14.0: [1022:780b] type 00 class 0x0c0500
[    1.735134] pci 0000:00:14.2: [1022:780d] type 00 class 0x040300
[    1.735173] pci 0000:00:14.2: reg 0x10: [mem 0xfeb60000-0xfeb63fff 64bit]
[    1.735264] pci 0000:00:14.2: PME# supported from D0 D3hot D3cold
[    1.735466] pci 0000:00:14.3: [1022:780e] type 00 class 0x060100
[    1.738735] pci 0000:00:14.7: [1022:7813] type 00 class 0x080501
[    1.738786] pci 0000:00:14.7: reg 0x10: [mem 0xfeb6a000-0xfeb6a0ff 64bit]
[    1.739080] pci 0000:00:18.0: [1022:1530] type 00 class 0x060000
[    1.739351] pci 0000:00:18.1: [1022:1531] type 00 class 0x060000
[    1.739605] pci 0000:00:18.2: [1022:1532] type 00 class 0x060000
[    1.739857] pci 0000:00:18.3: [1022:1533] type 00 class 0x060000
[    1.740121] pci 0000:00:18.4: [1022:1534] type 00 class 0x060000
[    1.740372] pci 0000:00:18.5: [1022:1535] type 00 class 0x060000
[    1.740819] pci 0000:01:00.0: [168c:0032] type 00 class 0x028000
[    1.740898] pci 0000:01:00.0: reg 0x10: [mem 0xfea00000-0xfea7ffff 64bit]
[    1.740961] pci 0000:01:00.0: reg 0x30: [mem 0xfea80000-0xfea8ffff pref]
[    1.741098] pci 0000:01:00.0: supports D1 D2
[    1.741109] pci 0000:01:00.0: PME# supported from D0 D1 D2 D3hot D3cold
[    1.741420] pci 0000:00:02.2: PCI bridge to [bus 01]
[    1.741441] pci 0000:00:02.2:   bridge window [mem 0xfea00000-0xfeafffff]
[    1.741630] pci 0000:02:00.0: [10ec:8136] type 00 class 0x020000
[    1.741695] pci 0000:02:00.0: reg 0x10: [io  0xe000-0xe0ff]
[    1.741745] pci 0000:02:00.0: reg 0x18: [mem 0xd0804000-0xd0804fff 64bit pref]
[    1.741780] pci 0000:02:00.0: reg 0x20: [mem 0xd0800000-0xd0803fff 64bit pref]
[    1.741954] pci 0000:02:00.0: supports D1 D2
[    1.741964] pci 0000:02:00.0: PME# supported from D0 D1 D2 D3hot D3cold
[    1.742320] pci 0000:00:02.3: PCI bridge to [bus 02]
[    1.742338] pci 0000:00:02.3:   bridge window [io  0xe000-0xefff]
[    1.742356] pci 0000:00:02.3:   bridge window [mem 0xd0800000-0xd08fffff 64bit pref]
[    1.766159] ACPI: PCI Interrupt Link [LNKA] (IRQs 4 7 10 11 14 15) *0
[    1.766402] ACPI: PCI Interrupt Link [LNKB] (IRQs 4 7 10 11 14 15) *0
[    1.766639] ACPI: PCI Interrupt Link [LNKC] (IRQs 4 7 10 11 14 15) *0
[    1.766872] ACPI: PCI Interrupt Link [LNKD] (IRQs 4 7 10 11 14 15) *0
[    1.767070] ACPI: PCI Interrupt Link [LNKE] (IRQs 4 7 10 11 14 15) *0
[    1.767232] ACPI: PCI Interrupt Link [LNKF] (IRQs 4 7 10 11 14 15) *0
[    1.767393] ACPI: PCI Interrupt Link [LNKG] (IRQs 4 7 10 11 14 15) *0
[    1.767554] ACPI: PCI Interrupt Link [LNKH] (IRQs 4 7 10 11 14 15) *0
[    1.768864] ACPI: EC: interrupt unblocked
[    1.768888] ACPI: EC: event unblocked
[    1.768906] ACPI: \_SB_.PCI0.SBRG.EC0_: GPE=0x3, EC_CMD/EC_SC=0x66, EC_DATA=0x62
[    1.768919] ACPI: \_SB_.PCI0.SBRG.EC0_: Boot DSDT EC used to handle transactions and events
[    1.769251] pci 0000:00:01.0: vgaarb: setting as boot VGA device
[    1.769251] pci 0000:00:01.0: vgaarb: VGA device added: decodes=io+mem,owns=io+mem,locks=none
[    1.769251] pci 0000:00:01.0: vgaarb: bridge control possible
[    1.769251] vgaarb: loaded
[    1.769251] SCSI subsystem initialized
[    1.770364] libata version 3.00 loaded.
[    1.770364] ACPI: bus type USB registered
[    1.770364] usbcore: registered new interface driver usbfs
[    1.770364] usbcore: registered new interface driver hub
[    1.771284] usbcore: registered new device driver usb
[    1.771633] pps_core: LinuxPPS API ver. 1 registered
[    1.771633] pps_core: Software ver. 5.3.6 - Copyright 2005-2007 Rodolfo Giometti <giometti@linux.it>
[    1.771683] PTP clock support registered
[    1.771892] EDAC MC: Ver: 3.0.0
[    1.773177] Registered efivars operations
[    1.775672] Advanced Linux Sound Architecture Driver Initialized.
[    1.775672] PCI: Using ACPI for IRQ routing
[    1.783060] PCI: pci_cache_line_size set to 64 bytes
[    1.783176] e820: reserve RAM buffer [mem 0x9d0f8000-0x9fffffff]
[    1.783183] e820: reserve RAM buffer [mem 0x9d371000-0x9fffffff]
[    1.783188] e820: reserve RAM buffer [mem 0x9e9cc000-0x9fffffff]
[    1.783192] e820: reserve RAM buffer [mem 0x9eb25000-0x9fffffff]
[    1.783196] e820: reserve RAM buffer [mem 0x9f081000-0x9fffffff]
[    1.783198] e820: reserve RAM buffer [mem 0x9f400000-0x9fffffff]
[    1.783201] e820: reserve RAM buffer [mem 0x13f000000-0x13fffffff]
[    1.783562] NetLabel: Initializing
[    1.783572] NetLabel:  domain hash size = 128
[    1.783579] NetLabel:  protocols = UNLABELED CIPSOv4 CALIPSO
[    1.783633] NetLabel:  unlabeled traffic allowed by default
[    1.785716] hpet0: at MMIO 0xfed00000, IRQs 2, 8, 0
[    1.785716] hpet0: 3 comparators, 32-bit 14.318180 MHz counter
[    1.795652] clocksource: Switched to clocksource tsc-early
[    1.849655] VFS: Disk quotas dquot_6.6.0
[    1.849721] VFS: Dquot-cache hash table entries: 512 (order 0, 4096 bytes)
[    1.849817] *** VALIDATE hugetlbfs ***
[    1.849924] pnp: PnP ACPI init
[    1.850418] system 00:00: [mem 0xe0000000-0xefffffff] has been reserved
[    1.850515] system 00:00: Plug and Play ACPI device, IDs PNP0c01 (active)
[    1.850782] system 00:01: [mem 0xa0000000-0xbfffffff] has been reserved
[    1.850855] system 00:01: Plug and Play ACPI device, IDs PNP0c02 (active)
[    1.851121] system 00:02: Plug and Play ACPI device, IDs PNP0c02 (active)
[    1.851265] pnp 00:03: Plug and Play ACPI device, IDs PNP0b00 (active)
[    1.851499] system 00:04: [io  0x04d0-0x04d1] has been reserved
[    1.851571] system 00:04: Plug and Play ACPI device, IDs PNP0c02 (active)
[    1.851829] pnp 00:05: Plug and Play ACPI device, IDs ETD0108 SYN0a00 SYN0002 PNP0f03 PNP0f13 PNP0f12 (active)
[    1.852007] pnp 00:06: Plug and Play ACPI device, IDs ATK3001 PNP030b (active)
[    1.852829] system 00:07: [io  0x04d0-0x04d1] has been reserved
[    1.852842] system 00:07: [io  0x040b] has been reserved
[    1.852853] system 00:07: [io  0x04d6] has been reserved
[    1.852864] system 00:07: [io  0x0c00-0x0c01] has been reserved
[    1.852875] system 00:07: [io  0x0c14] has been reserved
[    1.852886] system 00:07: [io  0x0c50-0x0c51] has been reserved
[    1.852896] system 00:07: [io  0x0c52] has been reserved
[    1.852906] system 00:07: [io  0x0c6c] has been reserved
[    1.852917] system 00:07: [io  0x0c6f] has been reserved
[    1.852927] system 00:07: [io  0x0cd0-0x0cd1] has been reserved
[    1.852937] system 00:07: [io  0x0cd2-0x0cd3] has been reserved
[    1.852948] system 00:07: [io  0x0cd4-0x0cd5] has been reserved
[    1.852959] system 00:07: [io  0x0cd6-0x0cd7] has been reserved
[    1.852969] system 00:07: [io  0x0cd8-0x0cdf] has been reserved
[    1.852979] system 00:07: [io  0x0800-0x089f] has been reserved
[    1.852990] system 00:07: [io  0x0900-0x090f] has been reserved
[    1.853000] system 00:07: [io  0x0910-0x091f] has been reserved
[    1.853011] system 00:07: [io  0xfe00-0xfefe] has been reserved
[    1.853025] system 00:07: [mem 0xfec00000-0xfec00fff] could not be reserved
[    1.853036] system 00:07: [mem 0xfee00000-0xfee00fff] has been reserved
[    1.853048] system 00:07: [mem 0xfed80000-0xfed8ffff] has been reserved
[    1.853059] system 00:07: [mem 0xfed61000-0xfed70fff] has been reserved
[    1.853070] system 00:07: [mem 0xfec10000-0xfec10fff] has been reserved
[    1.853082] system 00:07: [mem 0xfed00000-0xfed00fff] could not be reserved
[    1.853093] system 00:07: [mem 0xff000000-0xffffffff] has been reserved
[    1.853167] system 00:07: Plug and Play ACPI device, IDs PNP0c02 (active)
[    1.854027] pnp: PnP ACPI: found 8 devices
[    1.869117] clocksource: acpi_pm: mask: 0xffffff max_cycles: 0xffffff, max_idle_ns: 2085701024 ns
[    1.869198] pci 0000:00:02.2: PCI bridge to [bus 01]
[    1.869219] pci 0000:00:02.2:   bridge window [mem 0xfea00000-0xfeafffff]
[    1.869238] pci 0000:00:02.3: PCI bridge to [bus 02]
[    1.869251] pci 0000:00:02.3:   bridge window [io  0xe000-0xefff]
[    1.869267] pci 0000:00:02.3:   bridge window [mem 0xd0800000-0xd08fffff 64bit pref]
[    1.869291] pci_bus 0000:00: resource 4 [io  0x0000-0x03af window]
[    1.869302] pci_bus 0000:00: resource 5 [io  0x03e0-0x0cf7 window]
[    1.869312] pci_bus 0000:00: resource 6 [io  0x03b0-0x03df window]
[    1.869323] pci_bus 0000:00: resource 7 [io  0x0d00-0xffff window]
[    1.869333] pci_bus 0000:00: resource 8 [mem 0x000a0000-0x000bffff window]
[    1.869344] pci_bus 0000:00: resource 9 [mem 0x000c0000-0x000dffff window]
[    1.869354] pci_bus 0000:00: resource 10 [mem 0xc0000000-0xffffffff window]
[    1.869366] pci_bus 0000:01: resource 1 [mem 0xfea00000-0xfeafffff]
[    1.869376] pci_bus 0000:02: resource 0 [io  0xe000-0xefff]
[    1.869386] pci_bus 0000:02: resource 2 [mem 0xd0800000-0xd08fffff 64bit pref]
[    1.869651] NET: Registered protocol family 2
[    1.870839] tcp_listen_portaddr_hash hash table entries: 2048 (order: 3, 32768 bytes, linear)
[    1.870879] TCP established hash table entries: 32768 (order: 6, 262144 bytes, linear)
[    1.871037] TCP bind hash table entries: 32768 (order: 7, 524288 bytes, linear)
[    1.871288] TCP: Hash tables configured (established 32768 bind 32768)
[    1.871436] UDP hash table entries: 2048 (order: 4, 65536 bytes, linear)
[    1.871487] UDP-Lite hash table entries: 2048 (order: 4, 65536 bytes, linear)
[    1.871679] NET: Registered protocol family 1
[    1.872236] RPC: Registered named UNIX socket transport module.
[    1.872247] RPC: Registered udp transport module.
[    1.872254] RPC: Registered tcp transport module.
[    1.872261] RPC: Registered tcp NFSv4.1 backchannel transport module.
[    1.872807] pci 0000:00:01.0: Video device with shadowed ROM at [mem 0x000c0000-0x000dffff]
[    1.872835] pci 0000:00:01.1: D0 power state depends on 0000:00:01.0
[    1.873337] pci 0000:00:12.0: enabling device (0000 -> 0002)
[    1.873957] pci 0000:00:12.2: PME# does not work under D3, disabling it
[    1.873982] pci 0000:00:13.0: enabling device (0000 -> 0002)
[    1.874587] pci 0000:00:13.2: PME# does not work under D3, disabling it
[    1.874684] PCI: CLS 64 bytes, default 64
[    1.874825] PCI-DMA: Using software bounce buffering for IO (SWIOTLB)
[    1.874838] software IO TLB: mapped [mem 0x97989000-0x9b989000] (64MB)
[    1.875049] amd_uncore: AMD NB counters detected
[    1.875065] amd_uncore: AMD LLC counters detected
[    1.875168] LVT offset 0 assigned for vector 0x400
[    1.875220] perf: AMD IBS detected (0x000000ff)
[    1.875241] kvm: no hardware support
[    1.875341] kvm: Nested Virtualization enabled
[    1.875354] kvm: Nested Paging enabled
[    1.876414] check: Scanning for low memory corruption every 60 seconds
[    1.878885] Initialise system trusted keyrings
[    1.880652] workingset: timestamp_bits=56 max_order=20 bucket_order=0
[    1.895217] fuse: init (API version 7.31)
[    1.912831] Key type asymmetric registered
[    1.912851] Asymmetric key parser 'x509' registered
[    1.912903] Block layer SCSI generic (bsg) driver version 0.4 loaded (major 249)
[    1.912915] io scheduler mq-deadline registered
[    1.912924] io scheduler kyber registered
[    1.913613] pcieport 0000:00:02.2: PME: Signaling with IRQ 25
[    1.914054] pcieport 0000:00:02.3: PME: Signaling with IRQ 27
[    1.915189] uvesafb: failed to execute /sbin/v86d
[    1.915200] uvesafb: make sure that the v86d helper is installed and executable
[    1.915212] uvesafb: Getting VBE info block failed (eax=0x4f00, err=-2)
[    1.915221] uvesafb: vbe_init() failed with -22
[    1.915237] uvesafb: probe of uvesafb.0 failed with error -22
[    1.915301] efifb: probing for efifb
[    1.915347] efifb: framebuffer at 0xc0000000, using 4224k, total 4224k
[    1.915358] efifb: mode is 1366x768x32, linelength=5632, pages=1
[    1.915364] efifb: scrolling: redraw
[    1.915373] efifb: Truecolor: size=8:8:8:8, shift=24:16:8:0
[    1.925939] Console: switching to colour frame buffer device 170x48
[    1.935674] fb0: EFI VGA frame buffer device
[    1.945900] ACPI: AC Adapter [AC0] (on-line)
[    1.946167] input: Power Button as /devices/LNXSYSTM:00/LNXSYBUS:00/PNP0C0C:00/input/input0
[    1.946320] ACPI: Power Button [PWRB]
[    1.946504] input: Lid Switch as /devices/LNXSYSTM:00/LNXSYBUS:00/PNP0C0D:00/input/input1
[    1.946652] ACPI: Lid Switch [LID]
[    1.946815] input: Sleep Button as /devices/LNXSYSTM:00/LNXSYBUS:00/PNP0C0E:00/input/input2
[    1.947256] ACPI: Sleep Button [SLPB]
[    1.947451] input: Power Button as /devices/LNXSYSTM:00/LNXPWRBN:00/input/input3
[    1.947673] ACPI: Power Button [PWRF]
[    1.951999] thermal LNXTHERM:00: registered as thermal_zone0
[    1.952105] ACPI: Thermal Zone [THRM] (48 C)
[    1.953792] Serial: 8250/16550 driver, 4 ports, IRQ sharing enabled
[    1.960287] Non-volatile memory driver v1.3
[    1.960490] Linux agpgart interface v0.103
[    1.968630] loop: module loaded
[    1.969249] ahci 0000:00:11.0: version 3.0
[    1.969714] ahci 0000:00:11.0: AHCI 0001.0300 32 slots 2 ports 6 Gbps 0x3 impl SATA mode
[    1.969850] ahci 0000:00:11.0: flags: 64bit ncq sntf ilck pm led clo pmp pio slum part 
[    1.974701] scsi host0: ahci
[    1.978545] scsi host1: ahci
[    1.981875] ata1: SATA max UDMA/133 abar m1024@0xfeb6f000 port 0xfeb6f100 irq 28
[    1.985048] ata2: SATA max UDMA/133 abar m1024@0xfeb6f000 port 0xfeb6f180 irq 28
[    1.988797] tun: Universal TUN/TAP device driver, 1.6
[    1.992121] e1000: Intel(R) PRO/1000 Network Driver - version 7.3.21-k8-NAPI
[    1.995295] e1000: Copyright (c) 1999-2006 Intel Corporation.
[    1.999953] e1000e: Intel(R) PRO/1000 Network Driver - 3.2.6-k
[    2.003089] e1000e: Copyright(c) 1999 - 2015 Intel Corporation.
[    2.006390] sky2: driver version 1.30
[    2.009672] r8169 0000:02:00.0: can't disable ASPM; OS doesn't have ASPM control
[    2.013775] libphy: r8169: probed
[    2.017558] r8169 0000:02:00.0 eth0: RTL8105e, 74:d0:2b:a3:a6:42, XID 40a, IRQ 30
[    2.021098] ath9k 0000:01:00.0: enabling device (0000 -> 0002)
[    2.024653] ath: phy0: Disable PLL PowerSave
[    2.035531] ath: phy0: ASPM enabled: 0x42
[    2.038731] ath: EEPROM regdomain: 0x60
[    2.038732] ath: EEPROM indicates we should expect a direct regpair map
[    2.038737] ath: Country alpha2 being used: 00
[    2.038739] ath: Regpair used: 0x60
[    2.041528] ieee80211 phy0: Selected rate control algorithm 'minstrel_ht'
[    2.042253] ieee80211 phy0: Atheros AR9485 Rev:1 mem=0xffffafa582c80000, irq=31
[    2.046226] ehci_hcd: USB 2.0 'Enhanced' Host Controller (EHCI) Driver
[    2.049507] ehci-pci: EHCI PCI platform driver
[    2.053094] ehci-pci 0000:00:12.2: EHCI Host Controller
[    2.058192] ehci-pci 0000:00:12.2: new USB bus registered, assigned bus number 1
[    2.061538] ehci-pci 0000:00:12.2: applying AMD SB700/SB800/Hudson-2/3 EHCI dummy qh workaround
[    2.064930] ehci-pci 0000:00:12.2: debug port 1
[    2.068636] ehci-pci 0000:00:12.2: irq 17, io mem 0xfeb6d000
[    2.095708] ehci-pci 0000:00:12.2: USB 2.0 started, EHCI 1.00
[    2.099050] usb usb1: New USB device found, idVendor=1d6b, idProduct=0002, bcdDevice= 5.02
[    2.102369] usb usb1: New USB device strings: Mfr=3, Product=2, SerialNumber=1
[    2.105659] usb usb1: Product: EHCI Host Controller
[    2.108870] usb usb1: Manufacturer: Linux 5.2.0+ ehci_hcd
[    2.112038] usb usb1: SerialNumber: 0000:00:12.2
[    2.116231] hub 1-0:1.0: USB hub found
[    2.119293] hub 1-0:1.0: 4 ports detected
[    2.123741] battery: ACPI: Battery Slot [BAT0] (battery present)
[    2.129167] ehci-pci 0000:00:13.2: EHCI Host Controller
[    2.132466] ehci-pci 0000:00:13.2: new USB bus registered, assigned bus number 2
[    2.135449] ehci-pci 0000:00:13.2: applying AMD SB700/SB800/Hudson-2/3 EHCI dummy qh workaround
[    2.138480] ehci-pci 0000:00:13.2: debug port 1
[    2.141623] ehci-pci 0000:00:13.2: irq 17, io mem 0xfeb6b000
[    2.165702] ehci-pci 0000:00:13.2: USB 2.0 started, EHCI 1.00
[    2.168739] usb usb2: New USB device found, idVendor=1d6b, idProduct=0002, bcdDevice= 5.02
[    2.171761] usb usb2: New USB device strings: Mfr=3, Product=2, SerialNumber=1
[    2.174742] usb usb2: Product: EHCI Host Controller
[    2.177709] usb usb2: Manufacturer: Linux 5.2.0+ ehci_hcd
[    2.180621] usb usb2: SerialNumber: 0000:00:13.2
[    2.183936] hub 2-0:1.0: USB hub found
[    2.186867] hub 2-0:1.0: 4 ports detected
[    2.191963] ohci_hcd: USB 1.1 'Open' Host Controller (OHCI) Driver
[    2.194955] ohci-pci: OHCI PCI platform driver
[    2.198132] ohci-pci 0000:00:12.0: OHCI PCI host controller
[    2.201212] ohci-pci 0000:00:12.0: new USB bus registered, assigned bus number 3
[    2.204205] ohci-pci 0000:00:12.0: irq 18, io mem 0xfeb6e000
[    2.279807] usb usb3: New USB device found, idVendor=1d6b, idProduct=0001, bcdDevice= 5.02
[    2.282760] usb usb3: New USB device strings: Mfr=3, Product=2, SerialNumber=1
[    2.285693] usb usb3: Product: OHCI PCI host controller
[    2.288569] usb usb3: Manufacturer: Linux 5.2.0+ ohci_hcd
[    2.291408] usb usb3: SerialNumber: 0000:00:12.0
[    2.294607] hub 3-0:1.0: USB hub found
[    2.297508] hub 3-0:1.0: 4 ports detected
[    2.302664] ohci-pci 0000:00:13.0: OHCI PCI host controller
[    2.305674] ohci-pci 0000:00:13.0: new USB bus registered, assigned bus number 4
[    2.308493] ohci-pci 0000:00:13.0: irq 18, io mem 0xfeb6c000
[    2.316357] ata2: SATA link down (SStatus 0 SControl 300)
[    2.379789] usb usb4: New USB device found, idVendor=1d6b, idProduct=0001, bcdDevice= 5.02
[    2.382624] usb usb4: New USB device strings: Mfr=3, Product=2, SerialNumber=1
[    2.385428] usb usb4: Product: OHCI PCI host controller
[    2.388214] usb usb4: Manufacturer: Linux 5.2.0+ ohci_hcd
[    2.391002] usb usb4: SerialNumber: 0000:00:13.0
[    2.394177] hub 4-0:1.0: USB hub found
[    2.396932] hub 4-0:1.0: 4 ports detected
[    2.401783] uhci_hcd: USB Universal Host Controller Interface driver
[    2.404743] usbcore: registered new interface driver usblp
[    2.407857] usbcore: registered new interface driver usb-storage
[    2.410744] usbcore: registered new interface driver ch341
[    2.413471] usbserial: USB Serial support registered for ch341-uart
[    2.416544] i8042: PNP: PS/2 Controller [PNP030b:PS2K,PNP0f03:PS2M] at 0x60,0x64 irq 1,12
[    2.421144] i8042: Detected active multiplexing controller, rev 1.1
[    2.425015] serio: i8042 KBD port at 0x60,0x64 irq 1
[    2.427933] serio: i8042 AUX0 port at 0x60,0x64 irq 12
[    2.430790] serio: i8042 AUX1 port at 0x60,0x64 irq 12
[    2.433572] serio: i8042 AUX2 port at 0x60,0x64 irq 12
[    2.436234] serio: i8042 AUX3 port at 0x60,0x64 irq 12
[    2.439652] mousedev: PS/2 mouse device common for all mice
[    2.443226] rtc_cmos 00:03: RTC can wake from S4
[    2.446277] rtc_cmos 00:03: registered as rtc0
[    2.448885] rtc_cmos 00:03: alarms up to one month, y3k, 114 bytes nvram, hpet irqs
[    2.452101] device-mapper: ioctl: 4.40.0-ioctl (2019-01-18) initialised: dm-devel@redhat.com
[    2.454985] EFI Variables Facility v0.08 2004-May-17
[    2.467866] hidraw: raw HID events driver (C) Jiri Kosina
[    2.474015] usbcore: registered new interface driver usbhid
[    2.476787] usbhid: USB HID core driver
[    2.482427] input: AT Translated Set 2 keyboard as /devices/platform/i8042/serio0/input/input4
[    2.485806] ata1: SATA link up 6.0 Gbps (SStatus 133 SControl 300)
[    2.490892] snd_hda_intel 0000:00:01.1: enabling device (0000 -> 0002)
[    2.493993] snd_hda_intel 0000:00:01.1: Force to non-snoop mode
[    2.495698] ata1.00: ATA-8: KINGSTON SV300S37A120G, 603ABBF0, max UDMA/133
[    2.499583] ata1.00: 234441648 sectors, multi 1: LBA48 NCQ (depth 32), AA
[    2.505577] snd_hda_codec_generic hdaudioC0D0: autoconfig for Generic: line_outs=0 (0x0/0x0/0x0/0x0/0x0) type:line
[    2.507828] ata1.00: configured for UDMA/133
[    2.508534] snd_hda_codec_generic hdaudioC0D0:    speaker_outs=0 (0x0/0x0/0x0/0x0/0x0)
[    2.514376] snd_hda_codec_generic hdaudioC0D0:    hp_outs=0 (0x0/0x0/0x0/0x0/0x0)
[    2.517388] snd_hda_codec_generic hdaudioC0D0:    mono: mono_out=0x0
[    2.520350] snd_hda_codec_generic hdaudioC0D0:    dig-out=0x3/0x0
[    2.523278] snd_hda_codec_generic hdaudioC0D0:    inputs:
[    2.527285] random: fast init done
[    2.532948] scsi 0:0:0:0: Direct-Access     ATA      KINGSTON SV300S3 BBF0 PQ: 0 ANSI: 5
[    2.536506] sd 0:0:0:0: [sda] 234441648 512-byte logical blocks: (120 GB/112 GiB)
[    2.539449] sd 0:0:0:0: [sda] Write Protect is off
[    2.542315] sd 0:0:0:0: [sda] Mode Sense: 00 3a 00 00
[    2.542522] sd 0:0:0:0: Attached scsi generic sg0 type 0
[    2.546097] Initializing XFRM netlink socket
[    2.549403] NET: Registered protocol family 10
[    2.552682] sd 0:0:0:0: [sda] Write cache: enabled, read cache: enabled, doesn't support DPO or FUA
[    2.556381] snd_hda_codec_realtek hdaudioC1D0: autoconfig for ALC3229: line_outs=1 (0x14/0x0/0x0/0x0/0x0) type:speaker
[    2.559481] snd_hda_codec_realtek hdaudioC1D0:    speaker_outs=0 (0x0/0x0/0x0/0x0/0x0)
[    2.562556] snd_hda_codec_realtek hdaudioC1D0:    hp_outs=1 (0x21/0x0/0x0/0x0/0x0)
[    2.565668] snd_hda_codec_realtek hdaudioC1D0:    mono: mono_out=0x0
[    2.568760] snd_hda_codec_realtek hdaudioC1D0:    inputs:
[    2.571799] snd_hda_codec_realtek hdaudioC1D0:      Mic=0x19
[    2.577057] Segment Routing with IPv6
[    2.580265] sit: IPv6, IPv4 and MPLS over IPv4 tunneling driver
[    2.584144]  sda: sda1 sda2 sda3 sda4 sda5 sda6
[    2.588853] sd 0:0:0:0: [sda] Attached SCSI disk
[    2.596232] NET: Registered protocol family 17
[    2.606086] microcode: CPU0: patch_level=0x0700010b
[    2.609199] microcode: CPU1: patch_level=0x0700010b
[    2.614436] microcode: Microcode Update Driver: v2.2.
[    2.614474] sched_clock: Marking stable (2604104946, 1519975)->(2725726809, -120101888)
[    2.614610] input: HD-Audio Generic Headphone as /devices/pci0000:00/0000:00:14.2/sound/card1/input6
[    2.624995] input: HDA ATI HDMI HDMI as /devices/pci0000:00/0000:00:01.1/sound/card0/input11
[    2.625454] registered taskstats version 1
[    2.631368] Loading compiled-in X.509 certificates
[    2.635766] acpi_cpufreq: overriding BIOS provided _PSD data
[    2.639207] cfg80211: Loading compiled-in X.509 certificates for regulatory database
[    2.643841] cfg80211: Loaded X.509 cert 'sforshee: 00b28ddf47aef9cea7'
[    2.647009] ALSA device list:
[    2.650051]   #0: HDA ATI HDMI at 0xfeb64000 irq 33
[    2.653114]   #1: HD-Audio Generic at 0xfeb60000 irq 16
[    2.656250] platform regulatory.0: Direct firmware load for regulatory.db failed with error -2
[    2.659392] cfg80211: failed to load regulatory.db
[    2.915631] tsc: Refined TSC clocksource calibration: 998.127 MHz
[    2.918712] clocksource: tsc: mask: 0xffffffffffffffff max_cycles: 0x1cc65b93289, max_idle_ns: 881590487074 ns
[    2.925631] clocksource: Switched to clocksource tsc
[    2.945674] usb 4-2: new full-speed USB device number 2 using ohci-pci
[    3.218780] usb 4-2: New USB device found, idVendor=13d3, idProduct=3362, bcdDevice= 0.01
[    3.221976] usb 4-2: New USB device strings: Mfr=1, Product=2, SerialNumber=3
[    3.225183] usb 4-2: Product: Bluetooth USB Host Controller
[    3.228424] usb 4-2: Manufacturer: Atheros Communications
[    3.231647] usb 4-2: SerialNumber: Alaska Day 2006
[    3.308936] input: PS/2 Logitech Wheel Mouse as /devices/platform/i8042/serio4/input/input14
[    3.315015] md: Waiting for all devices to be available before autodetect
[    3.318286] md: If you don't use raid, use raid=noautodetect
[    3.325794] md: Autodetecting RAID arrays.
[    3.329046] md: autorun ...
[    3.332260] md: ... autorun DONE.
[    3.348445] EXT4-fs (sda2): mounted filesystem with ordered data mode. Opts: (null)
[    3.351657] VFS: Mounted root (ext4 filesystem) readonly on device 8:2.
[    3.356077] devtmpfs: mounted
[    3.360078] Freeing unused kernel image memory: 1304K
[    3.525682] usb 2-3: new high-speed USB device number 3 using ehci-pci
[    3.715642] rq->curr == THREAD(this messg)
[    3.715644] state TASK_RUNNING
[    3.718900] comm swapper/0 pid 1 state 2
[    3.725309] comm kthreadd pid 2 state 1
[    3.728497] comm rcu_gp pid 3 state 1026
[    3.731650] comm rcu_par_gp pid 4 state 1026
[    3.734791] comm kworker/0:0 pid 5 state 1026
[    3.737942] comm kworker/0:0H pid 6 state 1026
[    3.741094] comm kworker/u8:0 pid 7 state 1026
[    3.744214] comm mm_percpu_wq pid 8 state 1026
[    3.747284] comm ksoftirqd/0 pid 9 state 0
[    3.750269] comm rcu_sched pid 10 state 1026
[    3.753185] comm migration/0 pid 11 state 1
[    3.756048] comm cpuhp/0 pid 12 state 1
[    3.758886] comm cpuhp/1 pid 13 state 1
[    3.761680] comm migration/1 pid 14 state 1
[    3.764408] comm ksoftirqd/1 pid 15 state 1
[    3.767085] comm kworker/1:0 pid 16 state 2
[    3.769704] comm kworker/1:0H pid 17 state 1026
[    3.772301] comm THREAD pid 18 state 0
[    3.774879] comm kdevtmpfs pid 19 state 1
[    3.777402] comm netns pid 20 state 1026
[    3.779851] comm kworker/u8:1 pid 21 state 1026
[    3.782279] comm kauditd pid 24 state 1
[    3.784619] comm kworker/0:1 pid 37 state 1026
[    3.786905] comm kworker/1:1 pid 38 state 1026
[    3.789122] comm kworker/u8:2 pid 313 state 1026
[    3.791288] comm kworker/u8:3 pid 572 state 1026
[    3.793416] comm kworker/1:2 pid 573 state 1026
[    3.795505] comm oom_reaper pid 577 state 1
[    3.797585] comm writeback pid 736 state 1026
[    3.799653] comm kcompactd0 pid 739 state 1
[    3.801656] comm kblockd pid 788 state 1026
[    3.801697] usb 2-3: New USB device found, idVendor=04f2, idProduct=b404, bcdDevice=69.63
[    3.803577] comm ata_sff pid 956 state 1026
[    3.805580] usb 2-3: New USB device strings: Mfr=3, Product=1, SerialNumber=2
[    3.807558] comm md pid 976 state 1026
[    3.807561] comm edac-poller pid 979 state 1026
[    3.807563] comm rpciod pid 1090 state 1026
[    3.807565] comm kworker/u9:0 pid 1091 state 1026
[    3.807570] comm xprtiod pid 1092 state 1026
[    3.809640] usb 2-3: Product: USB2.0 HD UVC WebCam
[    3.809644] usb 2-3: Manufacturer: Chicony Electronics Co.,Ltd.
[    3.811722] comm cfg80211 pid 1095 state 1026
[    3.813748] usb 2-3: SerialNumber: 0x0001
[    3.820230] kworker/u8:3 (1756) used greatest stack depth: 14080 bytes left
[    3.821660] comm kswapd0 pid 1105 state 1
[    3.831502] comm nfsiod pid 1244 state 1026
[    3.833541] comm acpi_thermal_pm pid 1294 state 1026
[    3.835596] comm scsi_eh_0 pid 1352 state 1
[    3.837656] comm scsi_tmf_0 pid 1353 state 1026
[    3.839734] comm scsi_eh_1 pid 1357 state 1
[    3.841821] comm scsi_tmf_1 pid 1358 state 1026
[    3.843911] comm kworker/u8:4 pid 1361 state 1026
[    3.846019] comm kworker/u8:5 pid 1380 state 1026
[    3.848090] comm kworker/1:3 pid 1460 state 1026
[    3.850155] comm dm_bufio_cache pid 1470 state 1026
[    3.852269] comm kworker/1:4 pid 1613 state 1026
[    3.854386] comm kworker/1:1H pid 1694 state 1026
[    3.856525] comm ipv6_addrconf pid 1695 state 1026
[    3.858684] comm kworker/0:1H pid 1752 state 1026
[    3.860857] comm jbd2/sda2-8 pid 1753 state 1
[    3.863030] comm ext4-rsv-conver pid 1754 state 1026
[    3.865224] rq->nr_running rq->cfs.nr_running : 1 1
[    3.867443] rq->cfs.load.weight :  1048576
[    3.867445] ----------------^^^^CPU0^^^^^-----------------------
[    3.869650] rq->curr->pid == 0
[    3.871903] state TASK_RUNNING
[    3.874147] comm swapper/0 pid 1 state 2
[    3.878697] comm kthreadd pid 2 state 1
[    3.880996] comm rcu_gp pid 3 state 1026
[    3.883295] comm rcu_par_gp pid 4 state 1026
[    3.885590] comm kworker/0:0 pid 5 state 1026
[    3.887897] comm kworker/0:0H pid 6 state 1026
[    3.890185] comm kworker/u8:0 pid 7 state 1026
[    3.892449] comm mm_percpu_wq pid 8 state 1026
[    3.894641] comm ksoftirqd/0 pid 9 state 0
[    3.896779] comm rcu_sched pid 10 state 1026
[    3.898870] comm migration/0 pid 11 state 0
[    3.900914] comm cpuhp/0 pid 12 state 1
[    3.902954] comm cpuhp/1 pid 13 state 1
[    3.904961] comm migration/1 pid 14 state 1
[    3.906977] comm ksoftirqd/1 pid 15 state 1
[    3.908962] comm kworker/1:0 pid 16 state 2
[    3.910915] comm kworker/1:0H pid 17 state 1026
[    3.912850] comm THREAD pid 18 state 0
[    3.914748] comm kdevtmpfs pid 19 state 1
[    3.916647] comm netns pid 20 state 1026
[    3.918490] comm kworker/u8:1 pid 21 state 1026
[    3.920305] comm kauditd pid 24 state 1
[    3.922113] comm kworker/0:1 pid 37 state 1026
[    3.923924] comm kworker/1:1 pid 38 state 1026
[    3.925709] comm kworker/u8:2 pid 313 state 1026
[    3.927487] comm kworker/u8:3 pid 572 state 1026
[    3.929239] comm kworker/1:2 pid 573 state 1026
[    3.930985] comm oom_reaper pid 577 state 1
[    3.932726] comm writeback pid 736 state 1026
[    3.934500] comm kcompactd0 pid 739 state 1
[    3.936285] comm kblockd pid 788 state 1026
[    3.938051] comm ata_sff pid 956 state 1026
[    3.939788] comm md pid 976 state 1026
[    3.941524] comm edac-poller pid 979 state 1026
[    3.943267] comm rpciod pid 1090 state 1026
[    3.945002] comm kworker/u9:0 pid 1091 state 1026
[    3.946751] comm xprtiod pid 1092 state 1026
[    3.948482] comm cfg80211 pid 1095 state 1026
[    3.950199] comm kswapd0 pid 1105 state 1
[    3.951904] comm nfsiod pid 1244 state 1026
[    3.953586] comm acpi_thermal_pm pid 1294 state 1026
[    3.955257] comm scsi_eh_0 pid 1352 state 1
[    3.956942] comm scsi_tmf_0 pid 1353 state 1026
[    3.958622] comm scsi_eh_1 pid 1357 state 1
[    3.960298] comm scsi_tmf_1 pid 1358 state 1026
[    3.961984] comm kworker/u8:4 pid 1361 state 1026
[    3.963683] comm kworker/u8:5 pid 1380 state 1026
[    3.965352] comm kworker/1:3 pid 1460 state 1026
[    3.967037] comm dm_bufio_cache pid 1470 state 1026
[    3.968751] comm kworker/1:4 pid 1613 state 1026
[    3.970486] comm kworker/1:1H pid 1694 state 1026
[    3.972215] comm ipv6_addrconf pid 1695 state 1026
[    3.973954] comm kworker/0:1H pid 1752 state 1026
[    3.975710] comm jbd2/sda2-8 pid 1753 state 1
[    3.977458] comm ext4-rsv-conver pid 1754 state 1026
[    3.979256] rq->nr_running rq->cfs.nr_running : 0 0
[    3.981069] rq->cfs.load.weight :  0
[    3.981071] ----------------^^^^CPU1^^^^^-----------------------
[    3.982896] rq->curr->pid == 0
[    3.984801] state TASK_RUNNING
[    3.986713] comm swapper/0 pid 1 state 2
[    3.990504] comm kthreadd pid 2 state 1
[    3.992409] comm rcu_gp pid 3 state 1026
[    3.994306] comm rcu_par_gp pid 4 state 1026
[    3.996206] comm kworker/0:0 pid 5 state 1026
[    3.998099] comm kworker/0:0H pid 6 state 1026
[    4.000012] comm kworker/u8:0 pid 7 state 1026
[    4.001907] comm mm_percpu_wq pid 8 state 1026
[    4.003813] comm ksoftirqd/0 pid 9 state 0
[    4.005730] comm rcu_sched pid 10 state 1026
[    4.007636] comm migration/0 pid 11 state 0
[    4.009539] comm cpuhp/0 pid 12 state 1
[    4.011432] comm cpuhp/1 pid 13 state 1
[    4.013298] comm migration/1 pid 14 state 1
[    4.015186] comm ksoftirqd/1 pid 15 state 1
[    4.017063] comm kworker/1:0 pid 16 state 2
[    4.018912] comm kworker/1:0H pid 17 state 1026
[    4.020751] comm THREAD pid 18 state 0
[    4.022577] comm kdevtmpfs pid 19 state 1
[    4.024398] comm netns pid 20 state 1026
[    4.026220] comm kworker/u8:1 pid 21 state 1026
[    4.028047] comm kauditd pid 24 state 1
[    4.029864] comm kworker/0:1 pid 37 state 1026
[    4.031683] comm kworker/1:1 pid 38 state 1026
[    4.033468] comm kworker/u8:2 pid 313 state 1026
[    4.035253] comm kworker/u8:3 pid 572 state 1026
[    4.037021] comm kworker/1:2 pid 573 state 1026
[    4.038780] comm oom_reaper pid 577 state 1
[    4.040527] comm writeback pid 736 state 1026
[    4.042309] comm kcompactd0 pid 739 state 1
[    4.044094] comm kblockd pid 788 state 1026
[    4.045877] comm ata_sff pid 956 state 1026
[    4.047625] comm md pid 976 state 1026
[    4.049367] comm edac-poller pid 979 state 1026
[    4.051116] comm rpciod pid 1090 state 1026
[    4.052857] comm kworker/u9:0 pid 1091 state 1026
[    4.054606] comm xprtiod pid 1092 state 1026
[    4.056352] comm cfg80211 pid 1095 state 1026
[    4.058078] comm kswapd0 pid 1105 state 1
[    4.059789] comm nfsiod pid 1244 state 1026
[    4.061475] comm acpi_thermal_pm pid 1294 state 1026
[    4.063152] comm scsi_eh_0 pid 1352 state 1
[    4.064835] comm scsi_tmf_0 pid 1353 state 1026
[    4.066531] comm scsi_eh_1 pid 1357 state 1
[    4.068213] comm scsi_tmf_1 pid 1358 state 1026
[    4.069904] comm kworker/u8:4 pid 1361 state 1026
[    4.071608] comm kworker/u8:5 pid 1380 state 1026
[    4.073286] comm kworker/1:3 pid 1460 state 1026
[    4.074970] comm dm_bufio_cache pid 1470 state 1026
[    4.076697] comm kworker/1:4 pid 1613 state 1026
[    4.078439] comm kworker/1:1H pid 1694 state 1026
[    4.080171] comm ipv6_addrconf pid 1695 state 1026
[    4.081914] comm kworker/0:1H pid 1752 state 1026
[    4.083665] comm jbd2/sda2-8 pid 1753 state 1
[    4.085419] comm ext4-rsv-conver pid 1754 state 1026
[    4.087229] rq->nr_running rq->cfs.nr_running : 0 0
[    4.089047] rq->cfs.load.weight :  0
[    4.089049] ----------------^^^^CPU2^^^^^-----------------------
[    4.090874] rq->curr->pid == 0
[    4.092778] state TASK_RUNNING
[    4.094681] comm swapper/0 pid 1 state 2
[    4.098480] comm kthreadd pid 2 state 1
[    4.100381] comm rcu_gp pid 3 state 1026
[    4.102277] comm rcu_par_gp pid 4 state 1026
[    4.104171] comm kworker/0:0 pid 5 state 1026
[    4.106075] comm kworker/0:0H pid 6 state 1026
[    4.107989] comm kworker/u8:0 pid 7 state 1026
[    4.109882] comm mm_percpu_wq pid 8 state 1026
[    4.111783] comm ksoftirqd/0 pid 9 state 0
[    4.113687] comm rcu_sched pid 10 state 1026
[    4.115589] comm migration/0 pid 11 state 0
[    4.117495] comm cpuhp/0 pid 12 state 1
[    4.119386] comm cpuhp/1 pid 13 state 1
[    4.121248] comm migration/1 pid 14 state 1
[    4.123132] comm ksoftirqd/1 pid 15 state 1
[    4.124999] comm kworker/1:0 pid 16 state 1026
[    4.126860] comm kworker/1:0H pid 17 state 1026
[    4.128701] comm THREAD pid 18 state 0
[    4.130527] comm kdevtmpfs pid 19 state 1
[    4.132348] comm netns pid 20 state 1026
[    4.134163] comm kworker/u8:1 pid 21 state 1026
[    4.135997] comm kauditd pid 24 state 1
[    4.137818] comm kworker/0:1 pid 37 state 1026
[    4.139638] comm kworker/1:1 pid 38 state 1026
[    4.141420] comm kworker/u8:2 pid 313 state 1026
[    4.143203] comm kworker/u8:3 pid 572 state 1026
[    4.144962] comm kworker/1:2 pid 573 state 1026
[    4.146728] comm oom_reaper pid 577 state 1
[    4.148477] comm writeback pid 736 state 1026
[    4.150256] comm kcompactd0 pid 739 state 1
[    4.152040] comm kblockd pid 788 state 1026
[    4.153812] comm ata_sff pid 956 state 1026
[    4.155557] comm md pid 976 state 1026
[    4.157307] comm edac-poller pid 979 state 1026
[    4.159055] comm rpciod pid 1090 state 1026
[    4.160792] comm kworker/u9:0 pid 1091 state 1026
[    4.162537] comm xprtiod pid 1092 state 1026
[    4.164272] comm cfg80211 pid 1095 state 1026
[    4.166005] comm kswapd0 pid 1105 state 1
[    4.167717] comm nfsiod pid 1244 state 1026
[    4.169402] comm acpi_thermal_pm pid 1294 state 1026
[    4.171077] comm scsi_eh_0 pid 1352 state 1
[    4.172759] comm scsi_tmf_0 pid 1353 state 1026
[    4.174444] comm scsi_eh_1 pid 1357 state 1
[    4.176135] comm scsi_tmf_1 pid 1358 state 1026
[    4.177827] comm kworker/u8:4 pid 1361 state 1026
[    4.179530] comm kworker/u8:5 pid 1380 state 1026
[    4.181204] comm kworker/1:3 pid 1460 state 1026
[    4.182887] comm dm_bufio_cache pid 1470 state 1026
[    4.184608] comm kworker/1:4 pid 1613 state 1026
[    4.186360] comm kworker/1:1H pid 1694 state 1026
[    4.188097] comm ipv6_addrconf pid 1695 state 1026
[    4.189843] comm kworker/0:1H pid 1752 state 1026
[    4.191595] comm jbd2/sda2-8 pid 1753 state 1
[    4.193353] comm ext4-rsv-conver pid 1754 state 1026
[    4.195158] rq->nr_running rq->cfs.nr_running : 0 0
[    4.196985] rq->cfs.load.weight :  0
[    4.196987] ----------------^^^^CPU3^^^^^-----------------------
[    4.215677] Write protecting the kernel read-only data: 22528k
[    4.221199] Freeing unused kernel image memory: 1984K
[    4.224397] Freeing unused kernel image memory: 1652K
[    4.226480] Run /sbin/init as init process
[    4.279963] stty (1763) used greatest stack depth: 13672 bytes left
[    4.380754] sed (1777) used greatest stack depth: 13576 bytes left
[    4.399078] date (1780) used greatest stack depth: 12992 bytes left
[    4.547915] ip (1821) used greatest stack depth: 12496 bytes left
[    4.638586] udevd[1851]: starting version 3.2.1
[    4.646749] random: udevd: uninitialized urandom read (16 bytes read)
[    4.649930] random: udevd: uninitialized urandom read (16 bytes read)
[    4.653002] random: udevd: uninitialized urandom read (16 bytes read)
[    4.671260] udevd[1852]: starting eudev-3.2.1
[    4.968905] ath9k 0000:01:00.0 wlp1s0: renamed from wlan0
[    5.018877] r8169 0000:02:00.0 enp2s0: renamed from eth0
[    5.191039] [drm] radeon kernel modesetting enabled.
[    5.193965] radeon 0000:00:01.0: remove_conflicting_pci_framebuffers: bar 0: 0xc0000000 -> 0xcfffffff
[    5.196945] radeon 0000:00:01.0: remove_conflicting_pci_framebuffers: bar 2: 0xd0000000 -> 0xd07fffff
[    5.199892] radeon 0000:00:01.0: remove_conflicting_pci_framebuffers: bar 5: 0xfeb00000 -> 0xfeb3ffff
[    5.228519] checking generic (c0000000 420000) vs hw (c0000000 10000000)
[    5.228525] fb0: switching to radeondrmfb from EFI VGA
[    5.245950] Console: switching to colour dummy device 80x25
[    5.246216] radeon 0000:00:01.0: vgaarb: deactivate vga console
[    5.247020] [drm] initializing kernel modesetting (KABINI 0x1002:0x9839 0x1043:0x141D 0x00).
[    5.247085] [drm] doorbell mmio base: 0xD0000000
[    5.247093] [drm] doorbell mmio size: 8388608
[    5.247125] ATOM BIOS: AMD
[    5.247202] [drm] Changing default dispclk from 400Mhz to 600Mhz
[    5.247242] radeon 0000:00:01.0: VRAM: 512M 0x0000000000000000 - 0x000000001FFFFFFF (512M used)
[    5.247258] radeon 0000:00:01.0: GTT: 2048M 0x0000000020000000 - 0x000000009FFFFFFF
[    5.247279] [drm] Detected VRAM RAM=512M, BAR=256M
[    5.247287] [drm] RAM width 128bits DDR
[    5.251896] [TTM] Zone  kernel: Available graphics memory: 1726424 KiB
[    5.251913] [TTM] Initializing pool allocator
[    5.251932] [TTM] Initializing DMA pool allocator
[    5.251999] [drm] radeon: 512M of VRAM memory ready
[    5.252008] [drm] radeon: 2048M of GTT memory ready.
[    5.252043] [drm] Loading kabini Microcode
[    5.257943] [drm] Internal thermal controller without fan control
[    5.259308] [drm] radeon: dpm initialized
[    5.260544] [drm] Found UVD firmware Version: 1.64 Family ID: 9
[    5.265308] [drm] Found VCE firmware/feedback version 40.2.2 / 15!
[    5.265366] [drm] GART: num cpu pages 524288, num gpu pages 524288
[    5.341327] [drm] PCIE GART of 2048M enabled (table at 0x000000000030E000).
[    5.341618] radeon 0000:00:01.0: WB enabled
[    5.341664] radeon 0000:00:01.0: fence driver on ring 0 use gpu addr 0x0000000020000c00 and cpu addr 0x(____ptrval____)
[    5.341682] radeon 0000:00:01.0: fence driver on ring 1 use gpu addr 0x0000000020000c04 and cpu addr 0x(____ptrval____)
[    5.341697] radeon 0000:00:01.0: fence driver on ring 2 use gpu addr 0x0000000020000c08 and cpu addr 0x(____ptrval____)
[    5.341711] radeon 0000:00:01.0: fence driver on ring 3 use gpu addr 0x0000000020000c0c and cpu addr 0x(____ptrval____)
[    5.341725] radeon 0000:00:01.0: fence driver on ring 4 use gpu addr 0x0000000020000c10 and cpu addr 0x(____ptrval____)
[    5.342668] radeon 0000:00:01.0: fence driver on ring 5 use gpu addr 0x0000000000078d30 and cpu addr 0x(____ptrval____)
[    5.344081] radeon 0000:00:01.0: fence driver on ring 6 use gpu addr 0x0000000020000c18 and cpu addr 0x(____ptrval____)
[    5.344101] radeon 0000:00:01.0: fence driver on ring 7 use gpu addr 0x0000000020000c1c and cpu addr 0x(____ptrval____)
[    5.344116] [drm] Supports vblank timestamp caching Rev 2 (21.10.2013).
[    5.344123] [drm] Driver supports precise vblank timestamp query.
[    5.344234] radeon 0000:00:01.0: radeon: using MSI.
[    5.344297] [drm] radeon: irq initialized.
[    5.348299] [drm] ring test on 0 succeeded in 4 usecs
[    5.348411] [drm] ring test on 1 succeeded in 4 usecs
[    5.348450] [drm] ring test on 2 succeeded in 4 usecs
[    5.348778] [drm] ring test on 3 succeeded in 6 usecs
[    5.348795] [drm] ring test on 4 succeeded in 5 usecs
[    5.519618] [drm] ring test on 5 succeeded in 2 usecs
[    5.541655] [drm] UVD initialized successfully.
[    5.653832] [drm] ring test on 6 succeeded in 19 usecs
[    5.653863] [drm] ring test on 7 succeeded in 3 usecs
[    5.653870] [drm] VCE initialized successfully.
[    5.655780] [drm] ib test on ring 0 succeeded in 0 usecs
[    5.656059] [drm] ib test on ring 1 succeeded in 0 usecs
[    5.656331] [drm] ib test on ring 2 succeeded in 0 usecs
[    5.656608] [drm] ib test on ring 3 succeeded in 0 usecs
[    5.656880] [drm] ib test on ring 4 succeeded in 0 usecs
[    6.185822] [drm] ib test on ring 5 succeeded
[    6.207068] [drm] ib test on ring 6 succeeded
[    6.208070] [drm] ib test on ring 7 succeeded
[    6.255679] [drm] radeon atom DIG backlight initialized
[    6.255702] [drm] Radeon Display Connectors
[    6.255709] [drm] Connector 0:
[    6.255716] [drm]   LVDS-1
[    6.255722] [drm]   HPD1
[    6.255731] [drm]   DDC: 0x6530 0x6530 0x6534 0x6534 0x6538 0x6538 0x653c 0x653c
[    6.255740] [drm]   Encoders:
[    6.255746] [drm]     LCD1: INTERNAL_UNIPHY
[    6.255752] [drm] Connector 1:
[    6.255758] [drm]   HDMI-A-1
[    6.255763] [drm]   HPD2
[    6.255771] [drm]   DDC: 0x6540 0x6540 0x6544 0x6544 0x6548 0x6548 0x654c 0x654c
[    6.255780] [drm]   Encoders:
[    6.255786] [drm]     DFP1: INTERNAL_UNIPHY
[    6.255792] [drm] Connector 2:
[    6.255797] [drm]   VGA-1
[    6.255805] [drm]   DDC: 0x65c0 0x65c0 0x65c4 0x65c4 0x65c8 0x65c8 0x65cc 0x65cc
[    6.255813] [drm]   Encoders:
[    6.255819] [drm]     CRT1: INTERNAL_KLDSCP_DAC1
[    6.675641] rq->curr == idle (init_task)
[    6.675643] state TASK_RUNNING
[    6.675657] color, tsk->comm, weight, vruntime, state: 1 rcu_sched 1048576 3896220334 0
[    6.675665] comm init pid 1 state 1
[    6.675681] comm kthreadd pid 2 state 1
[    6.675688] comm rcu_gp pid 3 state 1026
[    6.675695] comm rcu_par_gp pid 4 state 1026
[    6.675703] comm kworker/0:0 pid 5 state 1026
[    6.675710] comm kworker/0:0H pid 6 state 1026
[    6.675717] comm kworker/u8:0 pid 7 state 1026
[    6.675724] comm mm_percpu_wq pid 8 state 1026
[    6.675731] comm ksoftirqd/0 pid 9 state 1
[    6.675738] comm rcu_sched pid 10 state 1026
[    6.675745] comm migration/0 pid 11 state 1
[    6.675752] comm cpuhp/0 pid 12 state 1
[    6.675759] comm cpuhp/1 pid 13 state 1
[    6.675766] comm migration/1 pid 14 state 1
[    6.675772] comm ksoftirqd/1 pid 15 state 1
[    6.675779] comm kworker/1:0 pid 16 state 1026
[    6.675786] comm kworker/1:0H pid 17 state 1026
[    6.675792] comm THREAD pid 18 state 0
[    6.675799] comm kdevtmpfs pid 19 state 1
[    6.675806] comm netns pid 20 state 1026
[    6.675813] comm kworker/u8:1 pid 21 state 1026
[    6.675820] comm kauditd pid 24 state 1
[    6.675827] comm kworker/0:1 pid 37 state 1026
[    6.675834] comm kworker/1:1 pid 38 state 1026
[    6.675842] comm kworker/u8:2 pid 313 state 1026
[    6.675849] comm kworker/u8:3 pid 572 state 1026
[    6.675856] comm kworker/1:2 pid 573 state 1026
[    6.675864] comm oom_reaper pid 577 state 1
[    6.675871] comm writeback pid 736 state 1026
[    6.675879] comm kcompactd0 pid 739 state 1
[    6.675885] comm kblockd pid 788 state 1026
[    6.675893] comm ata_sff pid 956 state 1026
[    6.675899] comm md pid 976 state 1026
[    6.675906] comm edac-poller pid 979 state 1026
[    6.675914] comm rpciod pid 1090 state 1026
[    6.675920] comm kworker/u9:0 pid 1091 state 1026
[    6.675928] comm xprtiod pid 1092 state 1026
[    6.675935] comm cfg80211 pid 1095 state 1026
[    6.675942] comm kswapd0 pid 1105 state 1
[    6.675949] comm nfsiod pid 1244 state 1026
[    6.675956] comm acpi_thermal_pm pid 1294 state 1026
[    6.675964] comm scsi_eh_0 pid 1352 state 1
[    6.675971] comm scsi_tmf_0 pid 1353 state 1026
[    6.675978] comm scsi_eh_1 pid 1357 state 1
[    6.675986] comm scsi_tmf_1 pid 1358 state 1026
[    6.675993] comm kworker/u8:4 pid 1361 state 1026
[    6.676000] comm kworker/u8:5 pid 1380 state 1026
[    6.676008] comm kworker/1:3 pid 1460 state 1026
[    6.676015] comm dm_bufio_cache pid 1470 state 1026
[    6.676023] comm kworker/1:4 pid 1613 state 1026
[    6.676030] comm kworker/1:1H pid 1694 state 1026
[    6.676038] comm ipv6_addrconf pid 1695 state 1026
[    6.676045] comm kworker/0:1H pid 1752 state 1026
[    6.676053] comm jbd2/sda2-8 pid 1753 state 1
[    6.676060] comm ext4-rsv-conver pid 1754 state 1026
[    6.676067] comm init pid 1760 state 1
[    6.676074] comm rc pid 1761 state 1
[    6.676080] comm S10udev pid 1837 state 1
[    6.676087] comm udevd pid 1852 state 1
[    6.676094] comm udevd pid 1854 state 1
[    6.676101] comm udevd pid 1924 state 1
[    6.676107] comm udevd pid 1925 state 1
[    6.676114] comm udevd pid 1926 state 1
[    6.676120] comm udevd pid 1927 state 2
[    6.676127] comm udevd pid 1928 state 1
[    6.676134] comm udevd pid 1929 state 1
[    6.676141] comm udevd pid 1930 state 1
[    6.676147] comm udevd pid 1931 state 1
[    6.676154] comm udevd pid 2021 state 1
[    6.676160] comm udevd pid 2022 state 1
[    6.676167] comm udevd pid 2023 state 1
[    6.676174] comm kworker/0:2 pid 2843 state 1026
[    6.676180] comm udevadm pid 3134 state 1
[    6.676188] comm ttm_swap pid 3150 state 1026
[    6.676194] rq->nr_running rq->cfs.nr_running : 1 1
[    6.676201] rq->cfs.load.weight :  1048576
[    6.676202] ----------------^^^^CPU0^^^^^-----------------------
[    6.676208] rq->curr == THREAD(this messg)
[    6.676215] state TASK_RUNNING
[    6.676222] comm init pid 1 state 1
[    6.676232] comm kthreadd pid 2 state 1
[    6.676239] comm rcu_gp pid 3 state 1026
[    6.676245] comm rcu_par_gp pid 4 state 1026
[    6.676251] comm kworker/0:0 pid 5 state 1026
[    6.676258] comm kworker/0:0H pid 6 state 1026
[    6.676264] comm kworker/u8:0 pid 7 state 1026
[    6.676271] comm mm_percpu_wq pid 8 state 1026
[    6.676278] comm ksoftirqd/0 pid 9 state 1
[    6.676284] comm rcu_sched pid 10 state 1026
[    6.676291] comm migration/0 pid 11 state 1
[    6.676297] comm cpuhp/0 pid 12 state 1
[    6.676303] comm cpuhp/1 pid 13 state 1
[    6.676309] comm migration/1 pid 14 state 1
[    6.676316] comm ksoftirqd/1 pid 15 state 1
[    6.676322] comm kworker/1:0 pid 16 state 1026
[    6.676329] comm kworker/1:0H pid 17 state 1026
[    6.676335] comm THREAD pid 18 state 0
[    6.676342] comm kdevtmpfs pid 19 state 1
[    6.676348] comm netns pid 20 state 1026
[    6.676354] comm kworker/u8:1 pid 21 state 1026
[    6.676361] comm kauditd pid 24 state 1
[    6.676367] comm kworker/0:1 pid 37 state 1026
[    6.676374] comm kworker/1:1 pid 38 state 1026
[    6.676380] comm kworker/u8:2 pid 313 state 1026
[    6.676387] comm kworker/u8:3 pid 572 state 1026
[    6.676394] comm kworker/1:2 pid 573 state 1026
[    6.676400] comm oom_reaper pid 577 state 1
[    6.676407] comm writeback pid 736 state 1026
[    6.676413] comm kcompactd0 pid 739 state 1
[    6.676420] comm kblockd pid 788 state 1026
[    6.676426] comm ata_sff pid 956 state 1026
[    6.676432] comm md pid 976 state 1026
[    6.676439] comm edac-poller pid 979 state 1026
[    6.676445] comm rpciod pid 1090 state 1026
[    6.676452] comm kworker/u9:0 pid 1091 state 1026
[    6.676458] comm xprtiod pid 1092 state 1026
[    6.676465] comm cfg80211 pid 1095 state 1026
[    6.676471] comm kswapd0 pid 1105 state 1
[    6.676478] comm nfsiod pid 1244 state 1026
[    6.676484] comm acpi_thermal_pm pid 1294 state 1026
[    6.676491] comm scsi_eh_0 pid 1352 state 1
[    6.676497] comm scsi_tmf_0 pid 1353 state 1026
[    6.676504] comm scsi_eh_1 pid 1357 state 1
[    6.676511] comm scsi_tmf_1 pid 1358 state 1026
[    6.676517] comm kworker/u8:4 pid 1361 state 1026
[    6.676524] comm kworker/u8:5 pid 1380 state 1026
[    6.676531] comm kworker/1:3 pid 1460 state 1026
[    6.676537] comm dm_bufio_cache pid 1470 state 1026
[    6.676544] comm kworker/1:4 pid 1613 state 1026
[    6.676551] comm kworker/1:1H pid 1694 state 1026
[    6.676558] comm ipv6_addrconf pid 1695 state 1026
[    6.676565] comm kworker/0:1H pid 1752 state 1026
[    6.676571] comm jbd2/sda2-8 pid 1753 state 1
[    6.676578] comm ext4-rsv-conver pid 1754 state 1026
[    6.676585] comm init pid 1760 state 1
[    6.676591] comm rc pid 1761 state 1
[    6.676597] comm S10udev pid 1837 state 1
[    6.676603] comm udevd pid 1852 state 1
[    6.676609] comm udevd pid 1854 state 1
[    6.676616] comm udevd pid 1924 state 1
[    6.676622] comm udevd pid 1925 state 1
[    6.676628] comm udevd pid 1926 state 1
[    6.676634] comm udevd pid 1927 state 2
[    6.676640] comm udevd pid 1928 state 1
[    6.676646] comm udevd pid 1929 state 1
[    6.676653] comm udevd pid 1930 state 1
[    6.676659] comm udevd pid 1931 state 1
[    6.676665] comm udevd pid 2021 state 1
[    6.676671] comm udevd pid 2022 state 1
[    6.676677] comm udevd pid 2023 state 1
[    6.676684] comm kworker/0:2 pid 2843 state 1026
[    6.676690] comm udevadm pid 3134 state 1
[    6.676697] comm ttm_swap pid 3150 state 1026
[    6.676703] rq->nr_running rq->cfs.nr_running : 1 1
[    6.676709] rq->cfs.load.weight :  1048576
[    6.676711] ----------------^^^^CPU1^^^^^-----------------------
[    6.676717] rq->curr->pid == 0
[    6.676724] state TASK_RUNNING
[    6.676731] comm init pid 1 state 1
[    6.676741] comm kthreadd pid 2 state 1
[    6.676747] comm rcu_gp pid 3 state 1026
[    6.676753] comm rcu_par_gp pid 4 state 1026
[    6.676760] comm kworker/0:0 pid 5 state 1026
[    6.676766] comm kworker/0:0H pid 6 state 1026
[    6.676773] comm kworker/u8:0 pid 7 state 1026
[    6.676780] comm mm_percpu_wq pid 8 state 1026
[    6.676786] comm ksoftirqd/0 pid 9 state 1
[    6.676793] comm rcu_sched pid 10 state 1026
[    6.676799] comm migration/0 pid 11 state 1
[    6.676805] comm cpuhp/0 pid 12 state 1
[    6.676812] comm cpuhp/1 pid 13 state 1
[    6.676818] comm migration/1 pid 14 state 1
[    6.676824] comm ksoftirqd/1 pid 15 state 1
[    6.676831] comm kworker/1:0 pid 16 state 1026
[    6.676837] comm kworker/1:0H pid 17 state 1026
[    6.676844] comm THREAD pid 18 state 0
[    6.676850] comm kdevtmpfs pid 19 state 1
[    6.676856] comm netns pid 20 state 1026
[    6.676863] comm kworker/u8:1 pid 21 state 1026
[    6.676869] comm kauditd pid 24 state 1
[    6.676876] comm kworker/0:1 pid 37 state 1026
[    6.676882] comm kworker/1:1 pid 38 state 1026
[    6.676889] comm kworker/u8:2 pid 313 state 1026
[    6.676895] comm kworker/u8:3 pid 572 state 1026
[    6.676902] comm kworker/1:2 pid 573 state 1026
[    6.676909] comm oom_reaper pid 577 state 1
[    6.676915] comm writeback pid 736 state 1026
[    6.676922] comm kcompactd0 pid 739 state 1
[    6.676928] comm kblockd pid 788 state 1026
[    6.676934] comm ata_sff pid 956 state 1026
[    6.676941] comm md pid 976 state 1026
[    6.676947] comm edac-poller pid 979 state 1026
[    6.676954] comm rpciod pid 1090 state 1026
[    6.676960] comm kworker/u9:0 pid 1091 state 1026
[    6.676967] comm xprtiod pid 1092 state 1026
[    6.676973] comm cfg80211 pid 1095 state 1026
[    6.676980] comm kswapd0 pid 1105 state 1
[    6.676986] comm nfsiod pid 1244 state 1026
[    6.676993] comm acpi_thermal_pm pid 1294 state 1026
[    6.677000] comm scsi_eh_0 pid 1352 state 1
[    6.677006] comm scsi_tmf_0 pid 1353 state 1026
[    6.677013] comm scsi_eh_1 pid 1357 state 1
[    6.677019] comm scsi_tmf_1 pid 1358 state 1026
[    6.677026] comm kworker/u8:4 pid 1361 state 1026
[    6.677033] comm kworker/u8:5 pid 1380 state 1026
[    6.677039] comm kworker/1:3 pid 1460 state 1026
[    6.677046] comm dm_bufio_cache pid 1470 state 1026
[    6.677053] comm kworker/1:4 pid 1613 state 1026
[    6.677060] comm kworker/1:1H pid 1694 state 1026
[    6.677066] comm ipv6_addrconf pid 1695 state 1026
[    6.677073] comm kworker/0:1H pid 1752 state 1026
[    6.677080] comm jbd2/sda2-8 pid 1753 state 1
[    6.677086] comm ext4-rsv-conver pid 1754 state 1026
[    6.677093] comm init pid 1760 state 1
[    6.677099] comm rc pid 1761 state 1
[    6.677105] comm S10udev pid 1837 state 1
[    6.677112] comm udevd pid 1852 state 1
[    6.677118] comm udevd pid 1854 state 1
[    6.677124] comm udevd pid 1924 state 1
[    6.677130] comm udevd pid 1925 state 1
[    6.677137] comm udevd pid 1926 state 1
[    6.677143] comm udevd pid 1927 state 2
[    6.677149] comm udevd pid 1928 state 1
[    6.677155] comm udevd pid 1929 state 1
[    6.677161] comm udevd pid 1930 state 1
[    6.677167] comm udevd pid 1931 state 1
[    6.677174] comm udevd pid 2021 state 1
[    6.677180] comm udevd pid 2022 state 1
[    6.677186] comm udevd pid 2023 state 1
[    6.677192] comm kworker/0:2 pid 2843 state 1026
[    6.677199] comm udevadm pid 3134 state 1
[    6.677205] comm ttm_swap pid 3150 state 1026
[    6.677212] rq->nr_running rq->cfs.nr_running : 0 0
[    6.677218] rq->cfs.load.weight :  0
[    6.677219] ----------------^^^^CPU2^^^^^-----------------------
[    6.677225] rq->curr->pid == 0
[    6.677232] state TASK_RUNNING
[    6.677239] comm init pid 1 state 1
[    6.677249] comm kthreadd pid 2 state 1
[    6.677255] comm rcu_gp pid 3 state 1026
[    6.677261] comm rcu_par_gp pid 4 state 1026
[    6.677268] comm kworker/0:0 pid 5 state 1026
[    6.677274] comm kworker/0:0H pid 6 state 1026
[    6.677281] comm kworker/u8:0 pid 7 state 1026
[    6.677288] comm mm_percpu_wq pid 8 state 1026
[    6.677294] comm ksoftirqd/0 pid 9 state 1
[    6.677300] comm rcu_sched pid 10 state 1026
[    6.677307] comm migration/0 pid 11 state 1
[    6.677313] comm cpuhp/0 pid 12 state 1
[    6.677320] comm cpuhp/1 pid 13 state 1
[    6.677326] comm migration/1 pid 14 state 1
[    6.677332] comm ksoftirqd/1 pid 15 state 1
[    6.677339] comm kworker/1:0 pid 16 state 1026
[    6.677345] comm kworker/1:0H pid 17 state 1026
[    6.677352] comm THREAD pid 18 state 0
[    6.677358] comm kdevtmpfs pid 19 state 1
[    6.677364] comm netns pid 20 state 1026
[    6.677371] comm kworker/u8:1 pid 21 state 1026
[    6.677377] comm kauditd pid 24 state 1
[    6.677383] comm kworker/0:1 pid 37 state 1026
[    6.677390] comm kworker/1:1 pid 38 state 1026
[    6.677397] comm kworker/u8:2 pid 313 state 1026
[    6.677403] comm kworker/u8:3 pid 572 state 1026
[    6.677410] comm kworker/1:2 pid 573 state 1026
[    6.677417] comm oom_reaper pid 577 state 1
[    6.677423] comm writeback pid 736 state 1026
[    6.677429] comm kcompactd0 pid 739 state 1
[    6.677436] comm kblockd pid 788 state 1026
[    6.677442] comm ata_sff pid 956 state 1026
[    6.677449] comm md pid 976 state 1026
[    6.677455] comm edac-poller pid 979 state 1026
[    6.677462] comm rpciod pid 1090 state 1026
[    6.677468] comm kworker/u9:0 pid 1091 state 1026
[    6.677475] comm xprtiod pid 1092 state 1026
[    6.677481] comm cfg80211 pid 1095 state 1026
[    6.677488] comm kswapd0 pid 1105 state 1
[    6.677494] comm nfsiod pid 1244 state 1026
[    6.677501] comm acpi_thermal_pm pid 1294 state 1026
[    6.677507] comm scsi_eh_0 pid 1352 state 1
[    6.677514] comm scsi_tmf_0 pid 1353 state 1026
[    6.677521] comm scsi_eh_1 pid 1357 state 1
[    6.677527] comm scsi_tmf_1 pid 1358 state 1026
[    6.677534] comm kworker/u8:4 pid 1361 state 1026
[    6.677540] comm kworker/u8:5 pid 1380 state 1026
[    6.677547] comm kworker/1:3 pid 1460 state 1026
[    6.677554] comm dm_bufio_cache pid 1470 state 1026
[    6.677561] comm kworker/1:4 pid 1613 state 1026
[    6.677567] comm kworker/1:1H pid 1694 state 1026
[    6.677574] comm ipv6_addrconf pid 1695 state 1026
[    6.677581] comm kworker/0:1H pid 1752 state 1026
[    6.677588] comm jbd2/sda2-8 pid 1753 state 1
[    6.677594] comm ext4-rsv-conver pid 1754 state 1026
[    6.677601] comm init pid 1760 state 1
[    6.677607] comm rc pid 1761 state 1
[    6.677613] comm S10udev pid 1837 state 1
[    6.677619] comm udevd pid 1852 state 1
[    6.677626] comm udevd pid 1854 state 1
[    6.677632] comm udevd pid 1924 state 1
[    6.677638] comm udevd pid 1925 state 1
[    6.677644] comm udevd pid 1926 state 1
[    6.677651] comm udevd pid 1927 state 2
[    6.677657] comm udevd pid 1928 state 1
[    6.677663] comm udevd pid 1929 state 1
[    6.677669] comm udevd pid 1930 state 1
[    6.677675] comm udevd pid 1931 state 1
[    6.677682] comm udevd pid 2021 state 1
[    6.677688] comm udevd pid 2022 state 1
[    6.677694] comm udevd pid 2023 state 1
[    6.677700] comm kworker/0:2 pid 2843 state 1026
[    6.677707] comm udevadm pid 3134 state 1
[    6.677713] comm ttm_swap pid 3150 state 1026
[    6.677720] rq->nr_running rq->cfs.nr_running : 0 0
[    6.677726] rq->cfs.load.weight :  0
[    6.677727] ----------------^^^^CPU3^^^^^-----------------------
[    7.307785] [drm] fb mappable at 0xC0731000
[    7.307801] [drm] vram apper at 0xC0000000
[    7.307808] [drm] size 4325376
[    7.307814] [drm] fb depth is 24
[    7.307820] [drm]    pitch is 5632
[    7.308085] fbcon: radeondrmfb (fb0) is primary device
[    7.415891] Console: switching to colour frame buffer device 170x48
[    7.426231] radeon 0000:00:01.0: fb0: radeondrmfb frame buffer device
[    7.614684] [drm] Initialized radeon 2.50.0 20080528 for 0000:00:01.0 on minor 0
[    7.745794] Adding 3608572k swap on /dev/sda4.  Priority:1 extents:1 across:3608572k SS
[    7.796973] EXT4-fs (sda2): re-mounted. Opts: (null)
[    7.903012] EXT4-fs (sda2): re-mounted. Opts: (null)
[    9.655664] rq->curr == THREAD(this messg)
[    9.655667] state TASK_RUNNING
[    9.655763] comm init pid 1 state 1
[    9.655872] comm kthreadd pid 2 state 1
[    9.658687] comm rcu_gp pid 3 state 1026
[    9.661542] comm rcu_par_gp pid 4 state 1026
[    9.664430] comm kworker/0:0 pid 5 state 1026
[    9.667373] comm kworker/0:0H pid 6 state 1026
[    9.670348] comm kworker/u8:0 pid 7 state 1026
[    9.673312] comm mm_percpu_wq pid 8 state 1026
[    9.676329] comm ksoftirqd/0 pid 9 state 1
[    9.679325] comm rcu_sched pid 10 state 0
[    9.682363] comm migration/0 pid 11 state 1
[    9.685430] comm cpuhp/0 pid 12 state 1
[    9.688537] comm cpuhp/1 pid 13 state 1
[    9.691635] comm migration/1 pid 14 state 1
[    9.694768] comm ksoftirqd/1 pid 15 state 1
[    9.697895] comm kworker/1:0 pid 16 state 1026
[    9.700987] comm kworker/1:0H pid 17 state 1026
[    9.704081] comm THREAD pid 18 state 0
[    9.707166] comm kdevtmpfs pid 19 state 1
[    9.710241] comm netns pid 20 state 1026
[    9.713285] comm kworker/u8:1 pid 21 state 1026
[    9.716334] comm kauditd pid 24 state 1
[    9.719356] comm kworker/0:1 pid 37 state 1026
[    9.722392] comm kworker/1:1 pid 38 state 1026
[    9.725415] comm kworker/u8:2 pid 313 state 1026
[    9.728471] comm kworker/u8:3 pid 572 state 1026
[    9.731471] comm kworker/1:2 pid 573 state 1026
[    9.734427] comm oom_reaper pid 577 state 1
[    9.737354] comm writeback pid 736 state 1026
[    9.740226] comm kcompactd0 pid 739 state 1
[    9.742980] comm kblockd pid 788 state 1026
[    9.745606] comm ata_sff pid 956 state 1026
[    9.748102] comm md pid 976 state 1026
[    9.750453] comm edac-poller pid 979 state 1026
[    9.752725] comm rpciod pid 1090 state 1026
[    9.754904] comm kworker/u9:0 pid 1091 state 1026
[    9.757089] comm xprtiod pid 1092 state 1026
[    9.759194] comm cfg80211 pid 1095 state 1026
[    9.761206] comm kswapd0 pid 1105 state 1
[    9.763212] comm nfsiod pid 1244 state 1026
[    9.765219] comm acpi_thermal_pm pid 1294 state 1026
[    9.767264] comm scsi_eh_0 pid 1352 state 1
[    9.769301] comm scsi_tmf_0 pid 1353 state 1026
[    9.771337] comm scsi_eh_1 pid 1357 state 1
[    9.773354] comm scsi_tmf_1 pid 1358 state 1026
[    9.775359] comm kworker/u8:4 pid 1361 state 1026
[    9.777346] comm kworker/u8:5 pid 1380 state 1026
[    9.779248] comm kworker/1:3 pid 1460 state 1026
[    9.781151] comm dm_bufio_cache pid 1470 state 1026
[    9.783076] comm kworker/1:4 pid 1613 state 1026
[    9.785014] comm kworker/1:1H pid 1694 state 1026
[    9.786959] comm ipv6_addrconf pid 1695 state 1026
[    9.788903] comm kworker/0:1H pid 1752 state 1026
[    9.790862] comm jbd2/sda2-8 pid 1753 state 1
[    9.792848] comm ext4-rsv-conver pid 1754 state 1026
[    9.794869] comm udevd pid 1852 state 1
[    9.796890] comm udevd pid 1854 state 1
[    9.798876] comm udevd pid 1924 state 1
[    9.800830] comm udevd pid 1925 state 1
[    9.802755] comm udevd pid 1926 state 1
[    9.804680] comm udevd pid 1927 state 1
[    9.806598] comm udevd pid 1928 state 1
[    9.808446] comm udevd pid 1929 state 1
[    9.810274] comm udevd pid 1930 state 1
[    9.812080] comm udevd pid 1931 state 1
[    9.813852] comm udevd pid 2021 state 1
[    9.815600] comm udevd pid 2022 state 1
[    9.817331] comm udevd pid 2023 state 1
[    9.819019] comm kworker/0:2 pid 2843 state 0
[    9.820711] comm ttm_swap pid 3150 state 1026
[    9.822405] comm mount.ntfs-3g pid 3267 state 1
[    9.824134] comm rc pid 3405 state 1
[    9.825870] comm S10sysklogd pid 3410 state 1
[    9.827632] comm syslogd pid 3433 state 1
[    9.829394] comm klogd pid 3455 state 1
[    9.831145] comm klogd pid 3456 state 0
[    9.832868] rq->nr_running rq->cfs.nr_running : 1 1
[    9.834614] rq->cfs.load.weight :  1048576
[    9.834616] ----------------^^^^CPU0^^^^^-----------------------
[    9.836372] rq->curr->pid == 3456
[    9.838192] state TASK_RUNNING
[    9.840004] comm init pid 1 state 1
[    9.843592] comm kthreadd pid 2 state 1
[    9.845377] comm rcu_gp pid 3 state 1026
[    9.847164] comm rcu_par_gp pid 4 state 1026
[    9.848941] comm kworker/0:0 pid 5 state 1026
[    9.850717] comm kworker/0:0H pid 6 state 1026
[    9.852487] comm kworker/u8:0 pid 7 state 1026
[    9.854226] comm mm_percpu_wq pid 8 state 1026
[    9.855951] comm ksoftirqd/0 pid 9 state 1
[    9.857668] comm rcu_sched pid 10 state 1026
[    9.859389] comm migration/0 pid 11 state 1
[    9.861110] comm cpuhp/0 pid 12 state 1
[    9.862818] comm cpuhp/1 pid 13 state 1
[    9.864526] comm migration/1 pid 14 state 1
[    9.866253] comm ksoftirqd/1 pid 15 state 1
[    9.867943] comm kworker/1:0 pid 16 state 1026
[    9.869610] comm kworker/1:0H pid 17 state 1026
[    9.871271] comm THREAD pid 18 state 0
[    9.872919] comm kdevtmpfs pid 19 state 1
[    9.874560] comm netns pid 20 state 1026
[    9.876200] comm kworker/u8:1 pid 21 state 1026
[    9.877833] comm kauditd pid 24 state 1
[    9.879448] comm kworker/0:1 pid 37 state 1026
[    9.881104] comm kworker/1:1 pid 38 state 1026
[    9.882764] comm kworker/u8:2 pid 313 state 1026
[    9.884450] comm kworker/u8:3 pid 572 state 1026
[    9.886152] comm kworker/1:2 pid 573 state 1026
[    9.887869] comm oom_reaper pid 577 state 1
[    9.889613] comm writeback pid 736 state 1026
[    9.891391] comm kcompactd0 pid 739 state 1
[    9.893198] comm kblockd pid 788 state 1026
[    9.895035] comm ata_sff pid 956 state 1026
[    9.896893] comm md pid 976 state 1026
[    9.898763] comm edac-poller pid 979 state 1026
[    9.900676] comm rpciod pid 1090 state 1026
[    9.902591] comm kworker/u9:0 pid 1091 state 1026
[    9.904518] comm xprtiod pid 1092 state 1026
[    9.906449] comm cfg80211 pid 1095 state 1026
[    9.908371] comm kswapd0 pid 1105 state 1
[    9.910289] comm nfsiod pid 1244 state 1026
[    9.912210] comm acpi_thermal_pm pid 1294 state 1026
[    9.914153] comm scsi_eh_0 pid 1352 state 1
[    9.916130] comm scsi_tmf_0 pid 1353 state 1026
[    9.918089] comm scsi_eh_1 pid 1357 state 1
[    9.920032] comm scsi_tmf_1 pid 1358 state 1026
[    9.921952] comm kworker/u8:4 pid 1361 state 1026
[    9.923849] comm kworker/u8:5 pid 1380 state 1026
[    9.925738] comm kworker/1:3 pid 1460 state 1026
[    9.927615] comm dm_bufio_cache pid 1470 state 1026
[    9.929514] comm kworker/1:4 pid 1613 state 1026
[    9.931420] comm kworker/1:1H pid 1694 state 1026
[    9.933329] comm ipv6_addrconf pid 1695 state 1026
[    9.935243] comm kworker/0:1H pid 1752 state 1026
[    9.937197] comm jbd2/sda2-8 pid 1753 state 1
[    9.939157] comm ext4-rsv-conver pid 1754 state 1026
[    9.941150] comm udevd pid 1852 state 1
[    9.943131] comm udevd pid 1854 state 1
[    9.945080] comm udevd pid 1924 state 1
[    9.947011] comm udevd pid 1925 state 1
[    9.948899] comm udevd pid 1926 state 1
[    9.950786] comm udevd pid 1927 state 1
[    9.952645] comm udevd pid 1928 state 1
[    9.954491] comm udevd pid 1929 state 1
[    9.956334] comm udevd pid 1930 state 1
[    9.958146] comm udevd pid 1931 state 1
[    9.959922] comm udevd pid 2021 state 1
[    9.961673] comm udevd pid 2022 state 1
[    9.963397] comm udevd pid 2023 state 1
[    9.965090] comm kworker/0:2 pid 2843 state 0
[    9.966797] comm ttm_swap pid 3150 state 1026
[    9.968495] comm mount.ntfs-3g pid 3267 state 1
[    9.970226] comm rc pid 3405 state 1
[    9.971951] comm S10sysklogd pid 3410 state 1
[    9.973716] comm syslogd pid 3433 state 1
[    9.975477] comm klogd pid 3455 state 1
[    9.977241] comm klogd pid 3456 state 0
[    9.978963] rq->nr_running rq->cfs.nr_running : 1 1
[    9.980711] rq->cfs.load.weight :  1048576
[    9.980713] ----------------^^^^CPU1^^^^^-----------------------
[    9.982460] rq->curr->pid == 0
[    9.984279] state TASK_RUNNING
[    9.986099] comm init pid 1 state 1
[    9.989687] comm kthreadd pid 2 state 1
[    9.991470] comm rcu_gp pid 3 state 1026
[    9.993246] comm rcu_par_gp pid 4 state 1026
[    9.995023] comm kworker/0:0 pid 5 state 1026
[    9.996825] comm kworker/0:0H pid 6 state 1026
[    9.998598] comm kworker/u8:0 pid 7 state 1026
[   10.000340] comm mm_percpu_wq pid 8 state 1026
[   10.002063] comm ksoftirqd/0 pid 9 state 1
[   10.003789] comm rcu_sched pid 10 state 1026
[   10.005548] comm migration/0 pid 11 state 1
[   10.007347] comm cpuhp/0 pid 12 state 1
[   10.009069] comm cpuhp/1 pid 13 state 1
[   10.010776] comm migration/1 pid 14 state 1
[   10.012496] comm ksoftirqd/1 pid 15 state 1
[   10.014183] comm kworker/1:0 pid 16 state 1026
[   10.015880] comm kworker/1:0H pid 17 state 1026
[   10.017547] comm THREAD pid 18 state 0
[   10.019241] comm kdevtmpfs pid 19 state 1
[   10.020947] comm netns pid 20 state 1026
[   10.022656] comm kworker/u8:1 pid 21 state 1026
[   10.024317] comm kauditd pid 24 state 1
[   10.025995] comm kworker/0:1 pid 37 state 1026
[   10.027707] comm kworker/1:1 pid 38 state 1026
[   10.029413] comm kworker/u8:2 pid 313 state 1026
[   10.031159] comm kworker/u8:3 pid 572 state 1026
[   10.032908] comm kworker/1:2 pid 573 state 1026
[   10.034655] comm oom_reaper pid 577 state 1
[   10.036447] comm writeback pid 736 state 1026
[   10.038271] comm kcompactd0 pid 739 state 1
[   10.040148] comm kblockd pid 788 state 1026
[   10.042032] comm ata_sff pid 956 state 1026
[   10.043905] comm md pid 976 state 1026
[   10.045823] comm edac-poller pid 979 state 1026
[   10.047764] comm rpciod pid 1090 state 1026
[   10.049736] comm kworker/u9:0 pid 1091 state 1026
[   10.051724] comm xprtiod pid 1092 state 1026
[   10.053712] comm cfg80211 pid 1095 state 1026
[   10.055712] comm kswapd0 pid 1105 state 1
[   10.057650] comm nfsiod pid 1244 state 1026
[   10.059600] comm acpi_thermal_pm pid 1294 state 1026
[   10.061565] comm scsi_eh_0 pid 1352 state 1
[   10.063579] comm scsi_tmf_0 pid 1353 state 1026
[   10.065596] comm scsi_eh_1 pid 1357 state 1
[   10.067651] comm scsi_tmf_1 pid 1358 state 1026
[   10.069619] comm kworker/u8:4 pid 1361 state 1026
[   10.071553] comm kworker/u8:5 pid 1380 state 1026
[   10.073455] comm kworker/1:3 pid 1460 state 1026
[   10.075358] comm dm_bufio_cache pid 1470 state 1026
[   10.077312] comm kworker/1:4 pid 1613 state 1026
[   10.079273] comm kworker/1:1H pid 1694 state 1026
[   10.081242] comm ipv6_addrconf pid 1695 state 1026
[   10.083215] comm kworker/0:1H pid 1752 state 1026
[   10.085195] comm jbd2/sda2-8 pid 1753 state 1
[   10.087202] comm ext4-rsv-conver pid 1754 state 1026
[   10.089209] comm udevd pid 1852 state 1
[   10.091207] comm udevd pid 1854 state 1
[   10.093194] comm udevd pid 1924 state 1
[   10.095168] comm udevd pid 1925 state 1
[   10.097145] comm udevd pid 1926 state 1
[   10.099082] comm udevd pid 1927 state 1
[   10.100970] comm udevd pid 1928 state 1
[   10.102835] comm udevd pid 1929 state 1
[   10.104684] comm udevd pid 1930 state 1
[   10.106540] comm udevd pid 1931 state 1
[   10.108352] comm udevd pid 2021 state 1
[   10.110158] comm udevd pid 2022 state 1
[   10.111937] comm udevd pid 2023 state 1
[   10.113682] comm kworker/0:2 pid 2843 state 0
[   10.115417] comm ttm_swap pid 3150 state 1026
[   10.117155] comm mount.ntfs-3g pid 3267 state 1
[   10.118900] comm rc pid 3405 state 1
[   10.120642] comm S10sysklogd pid 3410 state 1
[   10.122436] comm syslogd pid 3433 state 0
[   10.124243] comm klogd pid 3455 state 0
[   10.126068] comm klogd pid 3456 state 1
[   10.127838] comm syslogd pid 3462 state 0
[   10.129609] comm syslogd pid 3464 state 0
[   10.131312] comm syslogd pid 3466 state 0
[   10.132999] comm syslogd pid 3468 state 0
[   10.134663] comm syslogd pid 3470 state 0
[   10.136314] comm syslogd pid 3472 state 0
[   10.137921] comm syslogd pid 3474 state 0
[   10.139505] comm syslogd pid 3476 state 0
[   10.141050] comm syslogd pid 3478 state 0
[   10.142570] comm syslogd pid 3480 state 0
[   10.144058] comm syslogd pid 3482 state 0
[   10.145505] comm syslogd pid 3484 state 0
[   10.146919] comm syslogd pid 3494 state 0
[   10.148265] comm syslogd pid 3512 state 0
[   10.149589] comm syslogd pid 3531 state 0
[   10.150887] comm syslogd pid 3604 state 0
[   10.152163] rq->nr_running rq->cfs.nr_running : 0 0
[   10.153469] rq->cfs.load.weight :  0
[   10.153473] ----------------^^^^CPU2^^^^^-----------------------
[   10.154807] rq->curr->pid == 0
[   10.156237] state TASK_RUNNING
[   10.157623] comm init pid 1 state 1
[   10.160343] comm kthreadd pid 2 state 1
[   10.161688] comm rcu_gp pid 3 state 1026
[   10.163007] comm rcu_par_gp pid 4 state 1026
[   10.164321] comm kworker/0:0 pid 5 state 1026
[   10.165653] comm kworker/0:0H pid 6 state 1026
[   10.166941] comm kworker/u8:0 pid 7 state 1026
[   10.168238] comm mm_percpu_wq pid 8 state 1026
[   10.169566] comm ksoftirqd/0 pid 9 state 1
[   10.170937] comm rcu_sched pid 10 state 1026
