[    0.000000] Linux version 5.2.0-rc1+ (root@(none)) (gcc version 9.0.1 20190416 (experimental) (GCC)) #97 SMP Tue May 21 18:25:24 +05 2019
[    0.000000] Command line: BOOT_IMAGE=/boot/bzImage root=/dev/sda2 ro
[    0.000000] x86/fpu: Supporting XSAVE feature 0x001: 'x87 floating point registers'
[    0.000000] x86/fpu: Supporting XSAVE feature 0x002: 'SSE registers'
[    0.000000] x86/fpu: Supporting XSAVE feature 0x004: 'AVX registers'
[    0.000000] x86/fpu: xstate_offset[2]:  576, xstate_sizes[2]:  256
[    0.000000] x86/fpu: Enabled xstate features 0x7, context size is 832 bytes, using 'standard' format.
[    0.000000] BIOS-provided physical RAM map:
[    0.000000] BIOS-e820: [mem 0x0000000000000000-0x000000000009ffff] usable
[    0.000000] BIOS-e820: [mem 0x0000000000100000-0x000000009d0f7fff] usable
[    0.000000] BIOS-e820: [mem 0x000000009d0f8000-0x000000009d127fff] reserved
[    0.000000] BIOS-e820: [mem 0x000000009d128000-0x000000009d370fff] usable
[    0.000000] BIOS-e820: [mem 0x000000009d371000-0x000000009dc56fff] ACPI NVS
[    0.000000] BIOS-e820: [mem 0x000000009dc57000-0x000000009e959fff] reserved
[    0.000000] BIOS-e820: [mem 0x000000009e95a000-0x000000009e9cafff] type 20
[    0.000000] BIOS-e820: [mem 0x000000009e9cb000-0x000000009e9cbfff] usable
[    0.000000] BIOS-e820: [mem 0x000000009e9cc000-0x000000009e9d3fff] ACPI NVS
[    0.000000] BIOS-e820: [mem 0x000000009e9d4000-0x000000009eb24fff] usable
[    0.000000] BIOS-e820: [mem 0x000000009eb25000-0x000000009f041fff] reserved
[    0.000000] BIOS-e820: [mem 0x000000009f042000-0x000000009f080fff] usable
[    0.000000] BIOS-e820: [mem 0x000000009f081000-0x000000009f3f1fff] reserved
[    0.000000] BIOS-e820: [mem 0x000000009f3f2000-0x000000009f3fffff] usable
[    0.000000] BIOS-e820: [mem 0x00000000fec00000-0x00000000fec01fff] reserved
[    0.000000] BIOS-e820: [mem 0x00000000fec10000-0x00000000fec10fff] reserved
[    0.000000] BIOS-e820: [mem 0x00000000fed00000-0x00000000fed00fff] reserved
[    0.000000] BIOS-e820: [mem 0x00000000fed80000-0x00000000fed8ffff] reserved
[    0.000000] BIOS-e820: [mem 0x00000000ff000000-0x00000000ffffffff] reserved
[    0.000000] BIOS-e820: [mem 0x0000000100001000-0x000000013effffff] usable
[    0.000000] NX (Execute Disable) protection: active
[    0.000000] efi: EFI v2.31 by American Megatrends
[    0.000000] efi:  ACPI=0x9d3f3000  ACPI 2.0=0x9d3f3000  SMBIOS=0x9e958998 
[    0.000000] SMBIOS 2.7 present.
[    0.000000] DMI: ASUSTeK COMPUTER INC. X102BA/X102BA, BIOS X102BA.212 08/30/2013
[    0.000000] tsc: Fast TSC calibration using PIT
[    0.000000] tsc: Detected 998.237 MHz processor
[    0.000215] e820: update [mem 0x00000000-0x00000fff] usable ==> reserved
[    0.000222] e820: remove [mem 0x000a0000-0x000fffff] usable
[    0.000245] last_pfn = 0x13f000 max_arch_pfn = 0x400000000
[    0.000257] MTRR default type: uncachable
[    0.000260] MTRR fixed ranges enabled:
[    0.000264]   00000-9FFFF write-back
[    0.000268]   A0000-BFFFF write-through
[    0.000271]   C0000-DFFFF uncachable
[    0.000275]   E0000-FFFFF write-protect
[    0.000278] MTRR variable ranges enabled:
[    0.000284]   0 base 0000000000 mask FF80000000 write-back
[    0.000289]   1 base 0080000000 mask FFE0000000 write-back
[    0.000293]   2 base 009F400000 mask FFFFC00000 uncachable
[    0.000297]   3 base 009F800000 mask FFFF800000 uncachable
[    0.000299]   4 disabled
[    0.000302]   5 disabled
[    0.000304]   6 disabled
[    0.000306]   7 disabled
[    0.000310] TOM2: 000000013f000000 aka 5104M
[    0.000827] x86/PAT: Configuration [0-7]: WB  WC  UC- UC  WB  WP  UC- WT  
[    0.001087] e820: update [mem 0x9f400000-0xffffffff] usable ==> reserved
[    0.001103] last_pfn = 0x9f400 max_arch_pfn = 0x400000000
[    0.014279] check: Scanning 1 areas for low memory corruption
[    0.014293] Using GB pages for direct mapping
[    0.014301] BRK [0x1ee01000, 0x1ee01fff] PGTABLE
[    0.014307] BRK [0x1ee02000, 0x1ee02fff] PGTABLE
[    0.014312] BRK [0x1ee03000, 0x1ee03fff] PGTABLE
[    0.014383] BRK [0x1ee04000, 0x1ee04fff] PGTABLE
[    0.014389] BRK [0x1ee05000, 0x1ee05fff] PGTABLE
[    0.014459] BRK [0x1ee06000, 0x1ee06fff] PGTABLE
[    0.015061] BRK [0x1ee07000, 0x1ee07fff] PGTABLE
[    0.015226] BRK [0x1ee08000, 0x1ee08fff] PGTABLE
[    0.015346] BRK [0x1ee09000, 0x1ee09fff] PGTABLE
[    0.015531] BRK [0x1ee0a000, 0x1ee0afff] PGTABLE
[    0.015765] BRK [0x1ee0b000, 0x1ee0bfff] PGTABLE
[    0.015880] Secure boot could not be determined
[    0.015896] ACPI: Early table checksum verification disabled
[    0.015907] ACPI: RSDP 0x000000009D3F3000 000024 (v02 _ASUS_)
[    0.015920] ACPI: XSDT 0x000000009D3F3088 000094 (v01 _ASUS_ Notebook 01072009 AMI  00010013)
[    0.015938] ACPI: FACP 0x000000009D400748 00010C (v05 _ASUS_ Notebook 01072009 AMI  00010013)
[    0.015955] ACPI BIOS Warning (bug): Optional FADT field Pm2ControlBlock has valid Length but zero Address: 0x0000000000000000/0x1 (20190509/tbfadt-615)
[    0.015970] ACPI: DSDT 0x000000009D3F31A8 00D59D (v02 _ASUS_ Notebook 00000000 INTL 20091112)
[    0.015982] ACPI: FACS 0x000000009DC4B080 000040
[    0.015991] ACPI: APIC 0x000000009D400858 00007E (v03 _ASUS_ Notebook 01072009 AMI  00010013)
[    0.016002] ACPI: FPDT 0x000000009D4008D8 000044 (v01 _ASUS_ Notebook 01072009 AMI  00010013)
[    0.016013] ACPI: ECDT 0x000000009D400920 0000C1 (v01 _ASUS_ Notebook 01072009 AMI. 00000005)
[    0.016024] ACPI: MCFG 0x000000009D4009E8 00003C (v01 _ASUS_ Notebook 01072009 MSFT 00010013)
[    0.016035] ACPI: HPET 0x000000009D400A28 000038 (v01 _ASUS_ Notebook 01072009 AMI  00000005)
[    0.016046] ACPI: VFCT 0x000000009D400A60 004684 (v01 _ASUS_ Notebook 00000001 AMD  31504F47)
[    0.016057] ACPI: BGRT 0x000000009D4050E8 000038 (v00 _ASUS_ Notebook 01072009 ASUS 00010013)
[    0.016068] ACPI: SSDT 0x000000009D405120 0005E0 (v01 AMD    AGESA    00000001 AMD  00000001)
[    0.016079] ACPI: SSDT 0x000000009D405700 0046D1 (v02 AMD    AGESA    00000002 MSFT 04000000)
[    0.016090] ACPI: CRAT 0x000000009D409DD8 000228 (v01 AMD    AGESA    00000001 AMD  00000001)
[    0.016101] ACPI: SSDT 0x000000009D40A000 001411 (v01 AMD    CPMDFIGP 00000001 INTL 20051117)
[    0.016111] ACPI: SSDT 0x000000009D40B418 0010E8 (v01 AMD    CPMCMN   00000001 INTL 20051117)
[    0.016122] ACPI: MSDM 0x000000009D127F98 000055 (v03 _ASUS_ Notebook 00000000 ASUS 00000001)
[    0.016152] ACPI: Local APIC address 0xfee00000
[    0.016411] No NUMA configuration found
[    0.016416] Faking a node at [mem 0x0000000000000000-0x000000013effffff]
[    0.016431] NODE_DATA(0) allocated [mem 0x13effa000-0x13effdfff]
[    0.016486] Zone ranges:
[    0.016491]   DMA      [mem 0x0000000000001000-0x0000000000ffffff]
[    0.016498]   DMA32    [mem 0x0000000001000000-0x00000000ffffffff]
[    0.016504]   Normal   [mem 0x0000000100000000-0x000000013effffff]
[    0.016509] Movable zone start for each node
[    0.016512] Early memory node ranges
[    0.016518]   node   0: [mem 0x0000000000001000-0x000000000009ffff]
[    0.016523]   node   0: [mem 0x0000000000100000-0x000000009d0f7fff]
[    0.016527]   node   0: [mem 0x000000009d128000-0x000000009d370fff]
[    0.016532]   node   0: [mem 0x000000009e9cb000-0x000000009e9cbfff]
[    0.016537]   node   0: [mem 0x000000009e9d4000-0x000000009eb24fff]
[    0.016542]   node   0: [mem 0x000000009f042000-0x000000009f080fff]
[    0.016546]   node   0: [mem 0x000000009f3f2000-0x000000009f3fffff]
[    0.016551]   node   0: [mem 0x0000000100001000-0x000000013effffff]
[    0.016871] Zeroed struct page in unavailable ranges: 11138 pages
[    0.016878] Initmem setup node 0 [mem 0x0000000000001000-0x000000013effffff]
[    0.016888] On node 0 totalpages: 902270
[    0.016893]   DMA zone: 64 pages used for memmap
[    0.016896]   DMA zone: 23 pages reserved
[    0.016899]   DMA zone: 3999 pages, LIFO batch:0
[    0.017122]   DMA32 zone: 10004 pages used for memmap
[    0.017126]   DMA32 zone: 640224 pages, LIFO batch:63
[    0.056388]   Normal zone: 4032 pages used for memmap
[    0.056397]   Normal zone: 258047 pages, LIFO batch:63
[    0.069352] ACPI: PM-Timer IO Port: 0x808
[    0.069366] ACPI: Local APIC address 0xfee00000
[    0.069382] ACPI: LAPIC_NMI (acpi_id[0xff] high edge lint[0x1])
[    0.069399] IOAPIC[0]: apic_id 3, version 33, address 0xfec00000, GSI 0-23
[    0.069410] IOAPIC[1]: apic_id 4, version 33, address 0xfec01000, GSI 24-55
[    0.069419] ACPI: INT_SRC_OVR (bus 0 bus_irq 0 global_irq 2 dfl dfl)
[    0.069426] ACPI: INT_SRC_OVR (bus 0 bus_irq 9 global_irq 9 low level)
[    0.069432] ACPI: IRQ0 used by override.
[    0.069435] ACPI: IRQ9 used by override.
[    0.069440] Using ACPI (MADT) for SMP configuration information
[    0.069447] ACPI: HPET id: 0x10228210 base: 0xfed00000
[    0.069463] smpboot: Allowing 4 CPUs, 2 hotplug CPUs
[    0.069537] PM: Registered nosave memory: [mem 0x00000000-0x00000fff]
[    0.069545] PM: Registered nosave memory: [mem 0x000a0000-0x000fffff]
[    0.069552] PM: Registered nosave memory: [mem 0x9d0f8000-0x9d127fff]
[    0.069560] PM: Registered nosave memory: [mem 0x9d371000-0x9dc56fff]
[    0.069565] PM: Registered nosave memory: [mem 0x9dc57000-0x9e959fff]
[    0.069569] PM: Registered nosave memory: [mem 0x9e95a000-0x9e9cafff]
[    0.069577] PM: Registered nosave memory: [mem 0x9e9cc000-0x9e9d3fff]
[    0.069585] PM: Registered nosave memory: [mem 0x9eb25000-0x9f041fff]
[    0.069593] PM: Registered nosave memory: [mem 0x9f081000-0x9f3f1fff]
[    0.069601] PM: Registered nosave memory: [mem 0x9f400000-0xfebfffff]
[    0.069606] PM: Registered nosave memory: [mem 0xfec00000-0xfec01fff]
[    0.069610] PM: Registered nosave memory: [mem 0xfec02000-0xfec0ffff]
[    0.069614] PM: Registered nosave memory: [mem 0xfec10000-0xfec10fff]
[    0.069618] PM: Registered nosave memory: [mem 0xfec11000-0xfecfffff]
[    0.069622] PM: Registered nosave memory: [mem 0xfed00000-0xfed00fff]
[    0.069627] PM: Registered nosave memory: [mem 0xfed01000-0xfed7ffff]
[    0.069631] PM: Registered nosave memory: [mem 0xfed80000-0xfed8ffff]
[    0.069636] PM: Registered nosave memory: [mem 0xfed90000-0xfeffffff]
[    0.069640] PM: Registered nosave memory: [mem 0xff000000-0xffffffff]
[    0.069644] PM: Registered nosave memory: [mem 0x100000000-0x100000fff]
[    0.069652] [mem 0x9f400000-0xfebfffff] available for PCI devices
[    0.069665] clocksource: refined-jiffies: mask: 0xffffffff max_cycles: 0xffffffff, max_idle_ns: 19112604462750000 ns
[    0.497780] setup_percpu: NR_CPUS:64 nr_cpumask_bits:64 nr_cpu_ids:4 nr_node_ids:1
[    0.498949] percpu: Embedded 51 pages/cpu s170008 r8192 d30696 u524288
[    0.498989] pcpu-alloc: s170008 r8192 d30696 u524288 alloc=1*2097152
[    0.498992] pcpu-alloc: [0] 0 1 2 3 
[    0.499070] Built 1 zonelists, mobility grouping on.  Total pages: 888147
[    0.499076] Policy zone: Normal
[    0.499085] Kernel command line: BOOT_IMAGE=/boot/bzImage root=/dev/sda2 ro
[    0.562962] Memory: 3432168K/3609080K available (14357K kernel code, 1432K rwdata, 4452K rodata, 1296K init, 856K bss, 176912K reserved, 0K cma-reserved)
[    0.563176] SLUB: HWalign=64, Order=0-3, MinObjects=0, CPUs=4, Nodes=1
[    0.563409] rcu: Hierarchical RCU implementation.
[    0.563414] rcu: 	RCU event tracing is enabled.
[    0.563418] rcu: 	RCU restricting CPUs from NR_CPUS=64 to nr_cpu_ids=4.
[    0.563424] rcu: RCU calculated value of scheduler-enlistment delay is 10 jiffies.
[    0.563428] rcu: Adjusting geometry for rcu_fanout_leaf=16, nr_cpu_ids=4
[    0.564019] NR_IRQS: 4352, nr_irqs: 1000, preallocated irqs: 16
[    0.564496] random: get_random_bytes called from start_kernel+0x2c6/0x493 with crng_init=0
[    0.564580] Console: colour dummy device 80x25
[    0.565292] printk: console [tty0] enabled
[    0.565339] ACPI: Core revision 20190509
[    0.566038] clocksource: hpet: mask: 0xffffffff max_cycles: 0xffffffff, max_idle_ns: 133484873504 ns
[    0.566067] hpet clockevent registered
[    0.566078] APIC: Switch to symmetric I/O mode setup
[    0.566823] ..TIMER: vector=0x30 apic1=0 pin1=2 apic2=-1 pin2=-1
[    0.616073] clocksource: tsc-early: mask: 0xffffffffffffffff max_cycles: 0x1cc72b67736, max_idle_ns: 881590516817 ns
[    0.616090] Calibrating delay loop (skipped), value calculated using timer frequency.. 1996.47 BogoMIPS (lpj=9982370)
[    0.616107] pid_max: default: 32768 minimum: 301
[    0.618635] LSM: Security Framework initializing
[    0.618670] SELinux:  Initializing.
[    0.618709] *** VALIDATE SELinux ***
[    0.620931] Dentry cache hash table entries: 524288 (order: 10, 4194304 bytes)
[    0.622102] Inode-cache hash table entries: 262144 (order: 9, 2097152 bytes)
[    0.622205] Mount-cache hash table entries: 8192 (order: 4, 65536 bytes)
[    0.622253] Mountpoint-cache hash table entries: 8192 (order: 4, 65536 bytes)
[    0.622648] *** VALIDATE proc ***
[    0.622741] *** VALIDATE cgroup1 ***
[    0.622752] *** VALIDATE cgroup2 ***
[    0.622856] LVT offset 1 assigned for vector 0xf9
[    0.622875] Last level iTLB entries: 4KB 512, 2MB 8, 4MB 4
[    0.622883] Last level dTLB entries: 4KB 512, 2MB 256, 4MB 128, 1GB 0
[    0.622894] Spectre V2 : Mitigation: Full AMD retpoline
[    0.622902] Spectre V2 : Spectre v2 / SpectreRSB mitigation: Filling RSB on context switch
[    0.622914] Speculative Store Bypass: Mitigation: Speculative Store Bypass disabled via prctl and seccomp
[    0.623486] Freeing SMP alternatives memory: 40K
[    0.636088] smpboot: CPU0: AMD A4-1200 APU with Radeon(TM) HD Graphics (family: 0x16, model: 0x0, stepping: 0x1)
[    0.636088] Performance Events: AMD PMU driver.
[    0.636088] ... version:                0
[    0.636088] ... bit width:              48
[    0.636088] ... generic registers:      4
[    0.636088] ... value mask:             0000ffffffffffff
[    0.636088] ... max period:             00007fffffffffff
[    0.636088] ... fixed-purpose events:   0
[    0.636088] ... event mask:             000000000000000f
[    0.636088] rcu: Hierarchical SRCU implementation.
[    0.636088] MCE: In-kernel MCE decoding enabled.
[    0.636088] smp: Bringing up secondary CPUs ...
[    0.636088] x86: Booting SMP configuration:
[    0.636088] .... node  #0, CPUs:      #1
[    0.636088] smp: Brought up 1 node, 2 CPUs
[    0.636088] smpboot: Max logical packages: 2
[    0.636088] smpboot: Total of 2 processors activated (3992.94 BogoMIPS)
[    0.636088] devtmpfs: initialized
[    0.636088] PM: Registering ACPI NVS region [mem 0x9d371000-0x9dc56fff] (9330688 bytes)
[    0.636088] PM: Registering ACPI NVS region [mem 0x9e9cc000-0x9e9d3fff] (32768 bytes)
[    0.636088] clocksource: jiffies: mask: 0xffffffff max_cycles: 0xffffffff, max_idle_ns: 19112604462750000 ns
[    0.636088] futex hash table entries: 1024 (order: 4, 65536 bytes)
[    0.636088] kworker/u8:0 (22) used greatest stack depth: 14624 bytes left
[    0.636088] NET: Registered protocol family 16
[    0.636088] audit: initializing netlink subsys (disabled)
[    0.636088] audit: type=2000 audit(1558524280.060:1): state=initialized audit_enabled=0 res=1
[    0.636088] cpuidle: using governor ladder
[    0.636088] cpuidle: using governor menu
[    0.636088] ACPI FADT declares the system doesn't support PCIe ASPM, so disable it
[    0.636088] ACPI: bus type PCI registered
[    0.636088] PCI: MMCONFIG for domain 0000 [bus 00-ff] at [mem 0xe0000000-0xefffffff] (base 0xe0000000)
[    0.636088] PCI: not using MMCONFIG
[    0.636088] PCI: Using configuration type 1 for base access
[    0.636088] PCI: Using configuration type 1 for extended access
[    0.651681] kworker/u8:0 (45) used greatest stack depth: 14160 bytes left
[    0.685060] HugeTLB registered 2.00 MiB page size, pre-allocated 0 pages
[    0.694032] ACPI: Added _OSI(Module Device)
[    0.694032] ACPI: Added _OSI(Processor Device)
[    0.694032] ACPI: Added _OSI(3.0 _SCP Extensions)
[    0.694032] ACPI: Added _OSI(Processor Aggregator Device)
[    0.694032] ACPI: Added _OSI(Linux-Dell-Video)
[    0.694032] ACPI: Added _OSI(Linux-Lenovo-NV-HDMI-Audio)
[    0.694032] ACPI: Added _OSI(Linux-HPI-Hybrid-Graphics)
[    0.730528] ACPI: 5 ACPI AML tables successfully acquired and loaded
[    0.734093] ACPI: EC: EC started
[    0.734102] ACPI: EC: interrupt blocked
[    0.736521] ACPI: \: Used as first EC
[    0.736533] ACPI: \: GPE=0x3, EC_CMD/EC_SC=0x66, EC_DATA=0x62
[    0.736541] ACPI: EC: Boot ECDT EC used to handle transactions
[    0.742030] ACPI: [Firmware Bug]: BIOS _OSI(Linux) query ignored
[    0.746853] ACPI: Interpreter enabled
[    0.746937] ACPI: (supports S0 S3 S4 S5)
[    0.746947] ACPI: Using IOAPIC for interrupt routing
[    0.750683] PCI: MMCONFIG for domain 0000 [bus 00-ff] at [mem 0xe0000000-0xefffffff] (base 0xe0000000)
[    0.750683] PCI: MMCONFIG at [mem 0xe0000000-0xefffffff] reserved in ACPI motherboard resources
[    0.750683] PCI: Using host bridge windows from ACPI; if necessary, use "pci=nocrs" and report a bug
[    0.750683] ACPI: Enabled 3 GPEs in block 00 to 1F
[    0.775084] ACPI: PCI Root Bridge [PCI0] (domain 0000 [bus 00-ff])
[    0.775119] acpi PNP0A08:00: _OSC: OS supports [ExtendedConfig ASPM ClockPM Segments MSI HPX-Type3]
[    0.775772] acpi PNP0A08:00: _OSC: platform does not support [LTR]
[    0.780658] acpi PNP0A08:00: _OSC: OS now controls [PME AER PCIeCapability]
[    0.780658] acpi PNP0A08:00: FADT indicates ASPM is unsupported, using BIOS configuration
[    0.780658] PCI host bridge to bus 0000:00
[    0.780658] pci_bus 0000:00: root bus resource [io  0x0000-0x03af window]
[    0.780658] pci_bus 0000:00: root bus resource [io  0x03e0-0x0cf7 window]
[    0.780658] pci_bus 0000:00: root bus resource [io  0x03b0-0x03df window]
[    0.780658] pci_bus 0000:00: root bus resource [io  0x0d00-0xffff window]
[    0.780658] pci_bus 0000:00: root bus resource [mem 0x000a0000-0x000bffff window]
[    0.780658] pci_bus 0000:00: root bus resource [mem 0x000c0000-0x000dffff window]
[    0.780658] pci_bus 0000:00: root bus resource [mem 0xc0000000-0xffffffff window]
[    0.780658] pci_bus 0000:00: root bus resource [bus 00-ff]
[    0.780658] pci 0000:00:00.0: [1022:1536] type 00 class 0x060000
[    0.783128] pci 0000:00:01.0: [1002:9839] type 00 class 0x030000
[    0.783128] pci 0000:00:01.0: reg 0x10: [mem 0xc0000000-0xcfffffff 64bit pref]
[    0.783128] pci 0000:00:01.0: reg 0x18: [mem 0xd0000000-0xd07fffff 64bit pref]
[    0.783128] pci 0000:00:01.0: reg 0x20: [io  0xf000-0xf0ff]
[    0.783128] pci 0000:00:01.0: reg 0x24: [mem 0xfeb00000-0xfeb3ffff]
[    0.783128] pci 0000:00:01.0: reg 0x30: [mem 0xfeb40000-0xfeb5ffff pref]
[    0.783128] pci 0000:00:01.0: enabling Extended Tags
[    0.783128] pci 0000:00:01.0: BAR 0: assigned to efifb
[    0.783128] pci 0000:00:01.0: supports D1 D2
[    0.783128] pci 0000:00:01.0: PME# supported from D1 D2 D3hot
[    0.783680] pci 0000:00:01.1: [1002:9840] type 00 class 0x040300
[    0.783680] pci 0000:00:01.1: reg 0x10: [mem 0xfeb64000-0xfeb67fff 64bit]
[    0.783680] pci 0000:00:01.1: enabling Extended Tags
[    0.783680] pci 0000:00:01.1: supports D1 D2
[    0.783680] pci 0000:00:02.0: [1022:1538] type 00 class 0x060000
[    0.784379] pci 0000:00:02.2: [1022:1439] type 01 class 0x060400
[    0.784379] pci 0000:00:02.2: enabling Extended Tags
[    0.784379] pci 0000:00:02.2: PME# supported from D0 D3hot D3cold
[    0.784379] pci 0000:00:02.3: [1022:1439] type 01 class 0x060400
[    0.784379] pci 0000:00:02.3: enabling Extended Tags
[    0.784379] pci 0000:00:02.3: PME# supported from D0 D3hot D3cold
[    0.784379] pci 0000:00:10.0: [1022:7814] type 00 class 0x0c0330
[    0.784379] pci 0000:00:10.0: reg 0x10: [mem 0xfeb68000-0xfeb69fff 64bit]
[    0.784379] pci 0000:00:10.0: PME# supported from D0 D3hot D3cold
[    0.784379] pci 0000:00:11.0: [1022:7801] type 00 class 0x010601
[    0.784379] pci 0000:00:11.0: reg 0x10: [io  0xf140-0xf147]
[    0.784379] pci 0000:00:11.0: reg 0x14: [io  0xf130-0xf133]
[    0.784379] pci 0000:00:11.0: reg 0x18: [io  0xf120-0xf127]
[    0.784379] pci 0000:00:11.0: reg 0x1c: [io  0xf110-0xf113]
[    0.784379] pci 0000:00:11.0: reg 0x20: [io  0xf100-0xf10f]
[    0.784379] pci 0000:00:11.0: reg 0x24: [mem 0xfeb6f000-0xfeb6f3ff]
[    0.784379] pci 0000:00:11.0: PME# supported from D3hot
[    0.784379] pci 0000:00:12.0: [1022:7807] type 00 class 0x0c0310
[    0.784379] pci 0000:00:12.0: reg 0x10: [mem 0xfeb6e000-0xfeb6efff]
[    0.784379] pci 0000:00:12.2: [1022:7808] type 00 class 0x0c0320
[    0.784379] pci 0000:00:12.2: reg 0x10: [mem 0xfeb6d000-0xfeb6d0ff]
[    0.784379] pci 0000:00:12.2: supports D1 D2
[    0.784379] pci 0000:00:12.2: PME# supported from D0 D1 D2 D3hot D3cold
[    0.784379] pci 0000:00:13.0: [1022:7807] type 00 class 0x0c0310
[    0.784379] pci 0000:00:13.0: reg 0x10: [mem 0xfeb6c000-0xfeb6cfff]
[    0.784379] pci 0000:00:13.2: [1022:7808] type 00 class 0x0c0320
[    0.784379] pci 0000:00:13.2: reg 0x10: [mem 0xfeb6b000-0xfeb6b0ff]
[    0.784379] pci 0000:00:13.2: supports D1 D2
[    0.784379] pci 0000:00:13.2: PME# supported from D0 D1 D2 D3hot D3cold
[    0.784379] pci 0000:00:14.0: [1022:780b] type 00 class 0x0c0500
[    0.784379] pci 0000:00:14.2: [1022:780d] type 00 class 0x040300
[    0.784379] pci 0000:00:14.2: reg 0x10: [mem 0xfeb60000-0xfeb63fff 64bit]
[    0.784379] pci 0000:00:14.2: PME# supported from D0 D3hot D3cold
[    0.784499] pci 0000:00:14.3: [1022:780e] type 00 class 0x060100
[    0.784781] pci 0000:00:14.7: [1022:7813] type 00 class 0x080501
[    0.784815] pci 0000:00:14.7: reg 0x10: [mem 0xfeb6a000-0xfeb6a0ff 64bit]
[    0.785043] pci 0000:00:18.0: [1022:1530] type 00 class 0x060000
[    0.785265] pci 0000:00:18.1: [1022:1531] type 00 class 0x060000
[    0.785478] pci 0000:00:18.2: [1022:1532] type 00 class 0x060000
[    0.785690] pci 0000:00:18.3: [1022:1533] type 00 class 0x060000
[    0.785918] pci 0000:00:18.4: [1022:1534] type 00 class 0x060000
[    0.790256] pci 0000:00:18.5: [1022:1535] type 00 class 0x060000
[    0.790256] pci 0000:01:00.0: [168c:0032] type 00 class 0x028000
[    0.790256] pci 0000:01:00.0: reg 0x10: [mem 0xfea00000-0xfea7ffff 64bit]
[    0.790256] pci 0000:01:00.0: reg 0x30: [mem 0xfea80000-0xfea8ffff pref]
[    0.790256] pci 0000:01:00.0: supports D1 D2
[    0.790256] pci 0000:01:00.0: PME# supported from D0 D1 D2 D3hot D3cold
[    0.791825] pci 0000:00:02.2: PCI bridge to [bus 01]
[    0.791825] pci 0000:00:02.2:   bridge window [mem 0xfea00000-0xfeafffff]
[    0.792092] pci 0000:02:00.0: [10ec:8136] type 00 class 0x020000
[    0.792092] pci 0000:02:00.0: reg 0x10: [io  0xe000-0xe0ff]
[    0.792092] pci 0000:02:00.0: reg 0x18: [mem 0xd0804000-0xd0804fff 64bit pref]
[    0.792092] pci 0000:02:00.0: reg 0x20: [mem 0xd0800000-0xd0803fff 64bit pref]
[    0.792092] pci 0000:02:00.0: supports D1 D2
[    0.792092] pci 0000:02:00.0: PME# supported from D0 D1 D2 D3hot D3cold
[    0.792092] pci 0000:00:02.3: PCI bridge to [bus 02]
[    0.792092] pci 0000:00:02.3:   bridge window [io  0xe000-0xefff]
[    0.792092] pci 0000:00:02.3:   bridge window [mem 0xd0800000-0xd08fffff 64bit pref]
[    0.794292] ACPI: PCI Interrupt Link [LNKA] (IRQs 4 7 10 11 14 15) *0
[    0.794292] ACPI: PCI Interrupt Link [LNKB] (IRQs 4 7 10 11 14 15) *0
[    0.794292] ACPI: PCI Interrupt Link [LNKC] (IRQs 4 7 10 11 14 15) *0
[    0.794292] ACPI: PCI Interrupt Link [LNKD] (IRQs 4 7 10 11 14 15) *0
[    0.794292] ACPI: PCI Interrupt Link [LNKE] (IRQs 4 7 10 11 14 15) *0
[    0.794292] ACPI: PCI Interrupt Link [LNKF] (IRQs 4 7 10 11 14 15) *0
[    0.794292] ACPI: PCI Interrupt Link [LNKG] (IRQs 4 7 10 11 14 15) *0
[    0.794292] ACPI: PCI Interrupt Link [LNKH] (IRQs 4 7 10 11 14 15) *0
[    0.797370] ACPI: EC: interrupt unblocked
[    0.797370] ACPI: EC: event unblocked
[    0.797370] ACPI: \_SB_.PCI0.SBRG.EC0_: GPE=0x3, EC_CMD/EC_SC=0x66, EC_DATA=0x62
[    0.797370] ACPI: \_SB_.PCI0.SBRG.EC0_: Boot DSDT EC used to handle transactions and events
[    0.798155] pci 0000:00:01.0: vgaarb: setting as boot VGA device
[    0.798155] pci 0000:00:01.0: vgaarb: VGA device added: decodes=io+mem,owns=io+mem,locks=none
[    0.798155] pci 0000:00:01.0: vgaarb: bridge control possible
[    0.798155] vgaarb: loaded
[    0.798155] SCSI subsystem initialized
[    0.798867] libata version 3.00 loaded.
[    0.798867] ACPI: bus type USB registered
[    0.798867] usbcore: registered new interface driver usbfs
[    0.798867] usbcore: registered new interface driver hub
[    0.799824] usbcore: registered new device driver usb
[    0.800188] pps_core: LinuxPPS API ver. 1 registered
[    0.800188] pps_core: Software ver. 5.3.6 - Copyright 2005-2007 Rodolfo Giometti <giometti@linux.it>
[    0.800188] PTP clock support registered
[    0.800851] EDAC MC: Ver: 3.0.0
[    0.800851] Registered efivars operations
[    0.804825] Advanced Linux Sound Architecture Driver Initialized.
[    0.804825] PCI: Using ACPI for IRQ routing
[    0.810593] PCI: pci_cache_line_size set to 64 bytes
[    0.810701] e820: reserve RAM buffer [mem 0x9d0f8000-0x9fffffff]
[    0.810706] e820: reserve RAM buffer [mem 0x9d371000-0x9fffffff]
[    0.810711] e820: reserve RAM buffer [mem 0x9e9cc000-0x9fffffff]
[    0.810715] e820: reserve RAM buffer [mem 0x9eb25000-0x9fffffff]
[    0.810718] e820: reserve RAM buffer [mem 0x9f081000-0x9fffffff]
[    0.810721] e820: reserve RAM buffer [mem 0x9f400000-0x9fffffff]
[    0.810724] e820: reserve RAM buffer [mem 0x13f000000-0x13fffffff]
[    0.811083] NetLabel: Initializing
[    0.811093] NetLabel:  domain hash size = 128
[    0.811100] NetLabel:  protocols = UNLABELED CIPSOv4 CALIPSO
[    0.811153] NetLabel:  unlabeled traffic allowed by default
[    0.815105] hpet0: at MMIO 0xfed00000, IRQs 2, 8, 0
[    0.815105] hpet0: 3 comparators, 32-bit 14.318180 MHz counter
[    0.817700] clocksource: Switched to clocksource tsc-early
[    0.867565] VFS: Disk quotas dquot_6.6.0
[    0.867635] VFS: Dquot-cache hash table entries: 512 (order 0, 4096 bytes)
[    0.867726] *** VALIDATE hugetlbfs ***
[    0.867837] pnp: PnP ACPI init
[    0.868337] system 00:00: [mem 0xe0000000-0xefffffff] has been reserved
[    0.868430] system 00:00: Plug and Play ACPI device, IDs PNP0c01 (active)
[    0.868694] system 00:01: [mem 0xa0000000-0xbfffffff] has been reserved
[    0.868773] system 00:01: Plug and Play ACPI device, IDs PNP0c02 (active)
[    0.869050] system 00:02: Plug and Play ACPI device, IDs PNP0c02 (active)
[    0.869198] pnp 00:03: Plug and Play ACPI device, IDs PNP0b00 (active)
[    0.869436] system 00:04: [io  0x04d0-0x04d1] has been reserved
[    0.869511] system 00:04: Plug and Play ACPI device, IDs PNP0c02 (active)
[    0.869779] pnp 00:05: Plug and Play ACPI device, IDs ETD0108 SYN0a00 SYN0002 PNP0f03 PNP0f13 PNP0f12 (active)
[    0.869962] pnp 00:06: Plug and Play ACPI device, IDs ATK3001 PNP030b (active)
[    0.870806] system 00:07: [io  0x04d0-0x04d1] has been reserved
[    0.870819] system 00:07: [io  0x040b] has been reserved
[    0.870830] system 00:07: [io  0x04d6] has been reserved
[    0.870841] system 00:07: [io  0x0c00-0x0c01] has been reserved
[    0.870851] system 00:07: [io  0x0c14] has been reserved
[    0.870861] system 00:07: [io  0x0c50-0x0c51] has been reserved
[    0.870872] system 00:07: [io  0x0c52] has been reserved
[    0.870881] system 00:07: [io  0x0c6c] has been reserved
[    0.870896] system 00:07: [io  0x0c6f] has been reserved
[    0.870906] system 00:07: [io  0x0cd0-0x0cd1] has been reserved
[    0.870917] system 00:07: [io  0x0cd2-0x0cd3] has been reserved
[    0.870927] system 00:07: [io  0x0cd4-0x0cd5] has been reserved
[    0.870938] system 00:07: [io  0x0cd6-0x0cd7] has been reserved
[    0.870948] system 00:07: [io  0x0cd8-0x0cdf] has been reserved
[    0.870958] system 00:07: [io  0x0800-0x089f] has been reserved
[    0.870968] system 00:07: [io  0x0900-0x090f] has been reserved
[    0.870979] system 00:07: [io  0x0910-0x091f] has been reserved
[    0.870989] system 00:07: [io  0xfe00-0xfefe] has been reserved
[    0.871003] system 00:07: [mem 0xfec00000-0xfec00fff] could not be reserved
[    0.871014] system 00:07: [mem 0xfee00000-0xfee00fff] has been reserved
[    0.871025] system 00:07: [mem 0xfed80000-0xfed8ffff] has been reserved
[    0.871036] system 00:07: [mem 0xfed61000-0xfed70fff] has been reserved
[    0.871047] system 00:07: [mem 0xfec10000-0xfec10fff] has been reserved
[    0.871059] system 00:07: [mem 0xfed00000-0xfed00fff] could not be reserved
[    0.871071] system 00:07: [mem 0xff000000-0xffffffff] has been reserved
[    0.871150] system 00:07: Plug and Play ACPI device, IDs PNP0c02 (active)
[    0.872013] pnp: PnP ACPI: found 8 devices
[    0.887259] clocksource: acpi_pm: mask: 0xffffff max_cycles: 0xffffff, max_idle_ns: 2085701024 ns
[    0.887322] pci 0000:00:02.2: PCI bridge to [bus 01]
[    0.887342] pci 0000:00:02.2:   bridge window [mem 0xfea00000-0xfeafffff]
[    0.887360] pci 0000:00:02.3: PCI bridge to [bus 02]
[    0.887373] pci 0000:00:02.3:   bridge window [io  0xe000-0xefff]
[    0.887389] pci 0000:00:02.3:   bridge window [mem 0xd0800000-0xd08fffff 64bit pref]
[    0.887412] pci_bus 0000:00: resource 4 [io  0x0000-0x03af window]
[    0.887423] pci_bus 0000:00: resource 5 [io  0x03e0-0x0cf7 window]
[    0.887433] pci_bus 0000:00: resource 6 [io  0x03b0-0x03df window]
[    0.887443] pci_bus 0000:00: resource 7 [io  0x0d00-0xffff window]
[    0.887454] pci_bus 0000:00: resource 8 [mem 0x000a0000-0x000bffff window]
[    0.887464] pci_bus 0000:00: resource 9 [mem 0x000c0000-0x000dffff window]
[    0.887474] pci_bus 0000:00: resource 10 [mem 0xc0000000-0xffffffff window]
[    0.887485] pci_bus 0000:01: resource 1 [mem 0xfea00000-0xfeafffff]
[    0.887496] pci_bus 0000:02: resource 0 [io  0xe000-0xefff]
[    0.887505] pci_bus 0000:02: resource 2 [mem 0xd0800000-0xd08fffff 64bit pref]
[    0.887773] NET: Registered protocol family 2
[    0.888813] tcp_listen_portaddr_hash hash table entries: 2048 (order: 3, 32768 bytes)
[    0.888883] TCP established hash table entries: 32768 (order: 6, 262144 bytes)
[    0.889107] TCP bind hash table entries: 32768 (order: 7, 524288 bytes)
[    0.889340] TCP: Hash tables configured (established 32768 bind 32768)
[    0.889497] UDP hash table entries: 2048 (order: 4, 65536 bytes)
[    0.889554] UDP-Lite hash table entries: 2048 (order: 4, 65536 bytes)
[    0.889728] NET: Registered protocol family 1
[    0.894141] RPC: Registered named UNIX socket transport module.
[    0.894151] RPC: Registered udp transport module.
[    0.894159] RPC: Registered tcp transport module.
[    0.894165] RPC: Registered tcp NFSv4.1 backchannel transport module.
[    0.894663] pci 0000:00:01.0: Video device with shadowed ROM at [mem 0x000c0000-0x000dffff]
[    0.895172] pci 0000:00:12.0: enabling device (0000 -> 0002)
[    0.895798] pci 0000:00:12.2: PME# does not work under D3, disabling it
[    0.895822] pci 0000:00:13.0: enabling device (0000 -> 0002)
[    0.896432] pci 0000:00:13.2: PME# does not work under D3, disabling it
[    0.896527] PCI: CLS 64 bytes, default 64
[    0.896674] PCI-DMA: Using software bounce buffering for IO (SWIOTLB)
[    0.896686] software IO TLB: mapped [mem 0x97989000-0x9b989000] (64MB)
[    0.896887] amd_uncore: AMD NB counters detected
[    0.896903] amd_uncore: AMD LLC counters detected
[    0.897026] LVT offset 0 assigned for vector 0x400
[    0.897092] perf: AMD IBS detected (0x000000ff)
[    0.897112] kvm: no hardware support
[    0.897218] kvm: Nested Virtualization enabled
[    0.897231] kvm: Nested Paging enabled
[    0.898191] check: Scanning for low memory corruption every 60 seconds
[    0.901819] Initialise system trusted keyrings
[    0.902138] workingset: timestamp_bits=56 max_order=20 bucket_order=0
[    0.917621] fuse: init (API version 7.30)
[    0.918308] Key type asymmetric registered
[    0.918321] Asymmetric key parser 'x509' registered
[    0.918419] Block layer SCSI generic (bsg) driver version 0.4 loaded (major 249)
[    0.918432] io scheduler mq-deadline registered
[    0.918440] io scheduler kyber registered
[    0.919260] pcieport 0000:00:02.2: PME: Signaling with IRQ 25
[    0.919940] pcieport 0000:00:02.3: PME: Signaling with IRQ 27
[    0.922749] uvesafb: failed to execute /sbin/v86d
[    0.922764] uvesafb: make sure that the v86d helper is installed and executable
[    0.922776] uvesafb: Getting VBE info block failed (eax=0x4f00, err=-2)
[    0.922784] uvesafb: vbe_init() failed with -22
[    0.922803] uvesafb: probe of uvesafb.0 failed with error -22
[    0.922917] efifb: probing for efifb
[    0.922969] efifb: framebuffer at 0xc0000000, using 4224k, total 4224k
[    0.922979] efifb: mode is 1366x768x32, linelength=5632, pages=1
[    0.922986] efifb: scrolling: redraw
[    0.922995] efifb: Truecolor: size=8:8:8:8, shift=24:16:8:0
[    0.933588] Console: switching to colour frame buffer device 170x48
[    0.943328] fb0: EFI VGA frame buffer device
[    0.943992] ACPI: AC Adapter [AC0] (on-line)
[    0.944408] input: Power Button as /devices/LNXSYSTM:00/LNXSYBUS:00/PNP0C0C:00/input/input0
[    0.944580] ACPI: Power Button [PWRB]
[    0.944872] input: Lid Switch as /devices/LNXSYSTM:00/LNXSYBUS:00/PNP0C0D:00/input/input1
[    0.945019] ACPI: Lid Switch [LID]
[    0.945295] input: Sleep Button as /devices/LNXSYSTM:00/LNXSYBUS:00/PNP0C0E:00/input/input2
[    0.945457] ACPI: Sleep Button [SLPB]
[    0.945735] input: Power Button as /devices/LNXSYSTM:00/LNXPWRBN:00/input/input3
[    0.945872] ACPI: Power Button [PWRF]
[    0.951296] thermal LNXTHERM:00: registered as thermal_zone0
[    0.951403] ACPI: Thermal Zone [THRM] (40 C)
[    0.953182] Serial: 8250/16550 driver, 4 ports, IRQ sharing enabled
[    0.960125] Non-volatile memory driver v1.3
[    0.960396] Linux agpgart interface v0.103
[    0.968061] loop: module loaded
[    0.968672] ahci 0000:00:11.0: version 3.0
[    0.969141] ahci 0000:00:11.0: AHCI 0001.0300 32 slots 2 ports 6 Gbps 0x3 impl SATA mode
[    0.969279] ahci 0000:00:11.0: flags: 64bit ncq sntf ilck pm led clo pmp pio slum part 
[    0.975941] scsi host0: ahci
[    0.982181] scsi host1: ahci
[    0.985589] ata1: SATA max UDMA/133 abar m1024@0xfeb6f000 port 0xfeb6f100 irq 28
[    0.988747] ata2: SATA max UDMA/133 abar m1024@0xfeb6f000 port 0xfeb6f180 irq 28
[    0.993171] tun: Universal TUN/TAP device driver, 1.6
[    0.996584] e1000: Intel(R) PRO/1000 Network Driver - version 7.3.21-k8-NAPI
[    0.999771] e1000: Copyright (c) 1999-2006 Intel Corporation.
[    1.003546] e1000e: Intel(R) PRO/1000 Network Driver - 3.2.6-k
[    1.006643] e1000e: Copyright(c) 1999 - 2015 Intel Corporation.
[    1.009902] sky2: driver version 1.30
[    1.013185] r8169 0000:02:00.0: can't disable ASPM; OS doesn't have ASPM control
[    1.017339] libphy: r8169: probed
[    1.021086] r8169 0000:02:00.0 eth0: RTL8105e, 74:d0:2b:a3:a6:42, XID 40a, IRQ 30
[    1.024592] ath9k 0000:01:00.0: enabling device (0000 -> 0002)
[    1.028142] ath: phy0: Disable PLL PowerSave
[    1.038768] ath: phy0: ASPM enabled: 0x42
[    1.041926] ath: EEPROM regdomain: 0x60
[    1.041928] ath: EEPROM indicates we should expect a direct regpair map
[    1.041932] ath: Country alpha2 being used: 00
[    1.041934] ath: Regpair used: 0x60
[    1.044766] ieee80211 phy0: Selected rate control algorithm 'minstrel_ht'
[    1.045506] ieee80211 phy0: Atheros AR9485 Rev:1 mem=0xffffb9b802e80000, irq=31
[    1.049498] ehci_hcd: USB 2.0 'Enhanced' Host Controller (EHCI) Driver
[    1.052750] ehci-pci: EHCI PCI platform driver
[    1.056309] ehci-pci 0000:00:12.2: EHCI Host Controller
[    1.061298] ehci-pci 0000:00:12.2: new USB bus registered, assigned bus number 1
[    1.064600] ehci-pci 0000:00:12.2: applying AMD SB700/SB800/Hudson-2/3 EHCI dummy qh workaround
[    1.067939] ehci-pci 0000:00:12.2: debug port 1
[    1.071661] ehci-pci 0000:00:12.2: irq 17, io mem 0xfeb6d000
[    1.108032] ehci-pci 0000:00:12.2: USB 2.0 started, EHCI 1.00
[    1.112049] usb usb1: New USB device found, idVendor=1d6b, idProduct=0002, bcdDevice= 5.02
[    1.115351] usb usb1: New USB device strings: Mfr=3, Product=2, SerialNumber=1
[    1.118612] usb usb1: Product: EHCI Host Controller
[    1.121802] usb usb1: Manufacturer: Linux 5.2.0-rc1+ ehci_hcd
[    1.124960] usb usb1: SerialNumber: 0000:00:12.2
[    1.128503] hub 1-0:1.0: USB hub found
[    1.131550] hub 1-0:1.0: 4 ports detected
[    1.137012] ehci-pci 0000:00:13.2: EHCI Host Controller
[    1.140893] ehci-pci 0000:00:13.2: new USB bus registered, assigned bus number 2
[    1.143851] ehci-pci 0000:00:13.2: applying AMD SB700/SB800/Hudson-2/3 EHCI dummy qh workaround
[    1.146838] ehci-pci 0000:00:13.2: debug port 1
[    1.149872] ehci-pci 0000:00:13.2: irq 17, io mem 0xfeb6b000
[    1.178025] ehci-pci 0000:00:13.2: USB 2.0 started, EHCI 1.00
[    1.180999] usb usb2: New USB device found, idVendor=1d6b, idProduct=0002, bcdDevice= 5.02
[    1.183976] usb usb2: New USB device strings: Mfr=3, Product=2, SerialNumber=1
[    1.186961] usb usb2: Product: EHCI Host Controller
[    1.189904] usb usb2: Manufacturer: Linux 5.2.0-rc1+ ehci_hcd
[    1.192830] usb usb2: SerialNumber: 0000:00:13.2
[    1.196116] hub 2-0:1.0: USB hub found
[    1.199831] hub 2-0:1.0: 4 ports detected
[    1.204963] ohci_hcd: USB 1.1 'Open' Host Controller (OHCI) Driver
[    1.207970] ohci-pci: OHCI PCI platform driver
[    1.211129] ohci-pci 0000:00:12.0: OHCI PCI host controller
[    1.214243] ohci-pci 0000:00:12.0: new USB bus registered, assigned bus number 3
[    1.217205] ohci-pci 0000:00:12.0: irq 18, io mem 0xfeb6e000
[    1.229785] battery: ACPI: Battery Slot [BAT0] (battery present)
[    1.292135] usb usb3: New USB device found, idVendor=1d6b, idProduct=0001, bcdDevice= 5.02
[    1.295082] usb usb3: New USB device strings: Mfr=3, Product=2, SerialNumber=1
[    1.298005] usb usb3: Product: OHCI PCI host controller
[    1.300872] usb usb3: Manufacturer: Linux 5.2.0-rc1+ ohci_hcd
[    1.303713] usb usb3: SerialNumber: 0000:00:12.0
[    1.306912] hub 3-0:1.0: USB hub found
[    1.309722] hub 3-0:1.0: 4 ports detected
[    1.314973] ohci-pci 0000:00:13.0: OHCI PCI host controller
[    1.318069] ohci-pci 0000:00:13.0: new USB bus registered, assigned bus number 4
[    1.320895] ohci-pci 0000:00:13.0: irq 18, io mem 0xfeb6c000
[    1.328039] ata2: SATA link down (SStatus 0 SControl 300)
[    1.392096] usb usb4: New USB device found, idVendor=1d6b, idProduct=0001, bcdDevice= 5.02
[    1.394932] usb usb4: New USB device strings: Mfr=3, Product=2, SerialNumber=1
[    1.397736] usb usb4: Product: OHCI PCI host controller
[    1.400517] usb usb4: Manufacturer: Linux 5.2.0-rc1+ ohci_hcd
[    1.403315] usb usb4: SerialNumber: 0000:00:13.0
[    1.406512] hub 4-0:1.0: USB hub found
[    1.409269] hub 4-0:1.0: 4 ports detected
[    1.414286] uhci_hcd: USB Universal Host Controller Interface driver
[    1.417253] usbcore: registered new interface driver usblp
[    1.420146] usbcore: registered new interface driver usb-storage
[    1.423038] usbcore: registered new interface driver ch341
[    1.425771] usbserial: USB Serial support registered for ch341-uart
[    1.428981] i8042: PNP: PS/2 Controller [PNP030b:PS2K,PNP0f03:PS2M] at 0x60,0x64 irq 1,12
[    1.433524] i8042: Detected active multiplexing controller, rev 1.1
[    1.437206] serio: i8042 KBD port at 0x60,0x64 irq 1
[    1.440071] serio: i8042 AUX0 port at 0x60,0x64 irq 12
[    1.442930] serio: i8042 AUX1 port at 0x60,0x64 irq 12
[    1.445752] serio: i8042 AUX2 port at 0x60,0x64 irq 12
[    1.448464] serio: i8042 AUX3 port at 0x60,0x64 irq 12
[    1.451889] mousedev: PS/2 mouse device common for all mice
[    1.455473] rtc_cmos 00:03: RTC can wake from S4
[    1.458528] rtc_cmos 00:03: registered as rtc0
[    1.461163] rtc_cmos 00:03: alarms up to one month, y3k, 114 bytes nvram, hpet irqs
[    1.464396] device-mapper: ioctl: 4.40.0-ioctl (2019-01-18) initialised: dm-devel@redhat.com
[    1.467302] EFI Variables Facility v0.08 2004-May-17
[    1.479855] hidraw: raw HID events driver (C) Jiri Kosina
[    1.485972] usbcore: registered new interface driver usbhid
[    1.488751] usbhid: USB HID core driver
[    1.497174] input: AT Translated Set 2 keyboard as /devices/platform/i8042/serio0/input/input4
[    1.502683] snd_hda_intel 0000:00:01.1: enabling device (0000 -> 0002)
[    1.505819] snd_hda_intel 0000:00:01.1: Force to non-snoop mode
[    1.514248] Initializing XFRM netlink socket
[    1.518022] ata1: SATA link up 6.0 Gbps (SStatus 133 SControl 300)
[    1.521105] NET: Registered protocol family 10
[    1.524683] Segment Routing with IPv6
[    1.528529] ata1.00: ATA-8: KINGSTON SV300S37A120G, 603ABBF0, max UDMA/133
[    1.528651] snd_hda_codec_generic hdaudioC0D0: autoconfig for Generic: line_outs=0 (0x0/0x0/0x0/0x0/0x0) type:line
[    1.531311] ata1.00: 234441648 sectors, multi 1: LBA48 NCQ (depth 32), AA
[    1.534212] snd_hda_codec_generic hdaudioC0D0:    speaker_outs=0 (0x0/0x0/0x0/0x0/0x0)
[    1.540195] snd_hda_codec_generic hdaudioC0D0:    hp_outs=0 (0x0/0x0/0x0/0x0/0x0)
[    1.543184] snd_hda_codec_generic hdaudioC0D0:    mono: mono_out=0x0
[    1.546134] snd_hda_codec_generic hdaudioC0D0:    dig-out=0x3/0x0
[    1.546234] ata1.00: configured for UDMA/133
[    1.549048] snd_hda_codec_generic hdaudioC0D0:    inputs:
[    1.555452] scsi 0:0:0:0: Direct-Access     ATA      KINGSTON SV300S3 BBF0 PQ: 0 ANSI: 5
[    1.559170] random: fast init done
[    1.565550] sd 0:0:0:0: [sda] 234441648 512-byte logical blocks: (120 GB/112 GiB)
[    1.568564] sd 0:0:0:0: [sda] Write Protect is off
[    1.571508] sd 0:0:0:0: [sda] Mode Sense: 00 3a 00 00
[    1.571870] sd 0:0:0:0: Attached scsi generic sg0 type 0
[    1.575008] sit: IPv6, IPv4 and MPLS over IPv4 tunneling driver
[    1.578053] sd 0:0:0:0: [sda] Write cache: enabled, read cache: enabled, doesn't support DPO or FUA
[    1.581696] snd_hda_codec_realtek hdaudioC1D0: autoconfig for ALC3229: line_outs=1 (0x14/0x0/0x0/0x0/0x0) type:speaker
[    1.584888] snd_hda_codec_realtek hdaudioC1D0:    speaker_outs=0 (0x0/0x0/0x0/0x0/0x0)
[    1.588123] snd_hda_codec_realtek hdaudioC1D0:    hp_outs=1 (0x21/0x0/0x0/0x0/0x0)
[    1.591302] snd_hda_codec_realtek hdaudioC1D0:    mono: mono_out=0x0
[    1.594411] snd_hda_codec_realtek hdaudioC1D0:    inputs:
[    1.597447] snd_hda_codec_realtek hdaudioC1D0:      Mic=0x19
[    1.601051] NET: Registered protocol family 17
[    1.605435] mce: Using 6 MCE banks
[    1.608720] microcode: CPU0: patch_level=0x0700010b
[    1.611803] microcode: CPU1: patch_level=0x0700010b
[    1.615104] microcode: Microcode Update Driver: v2.2.
[    1.615144] sched_clock: Marking stable (1606769639, 1694321)->(1730048380, -121584420)
[    1.619173]  sda: sda1 sda2 sda3 sda4 sda5 sda6
[    1.626132] sd 0:0:0:0: [sda] Attached SCSI disk
[    1.626619] input: HDA ATI HDMI HDMI as /devices/pci0000:00/0000:00:01.1/sound/card0/input6
[    1.632905] registered taskstats version 1
[    1.634415] color, tsk->comm, weight, vruntime: 1 kworker/u8:0 1048576 960154741
[    1.634418] rq->nr_running rq->cfs.nr_running : 2 2
[    1.636020] Loading compiled-in X.509 certificates
[    1.639213] rq->load.weight, rq->cfs.load.weight : 2097152 2097152
[    1.661032] input: HD-Audio Generic Headphone as /devices/pci0000:00/0000:00:14.2/sound/card1/input10
[    1.668731] acpi_cpufreq: overriding BIOS provided _PSD data
[    1.672287] cfg80211: Loading compiled-in X.509 certificates for regulatory database
[    1.677263] cfg80211: Loaded X.509 cert 'sforshee: 00b28ddf47aef9cea7'
[    1.680587] platform regulatory.0: Direct firmware load for regulatory.db failed with error -2
[    1.683907] cfg80211: failed to load regulatory.db
[    1.686132] ALSA device list:
[    1.690528]   #0: HDA ATI HDMI at 0xfeb64000 irq 33
[    1.693742]   #1: HD-Audio Generic at 0xfeb60000 irq 16
[    1.886107] usb 4-2: new full-speed USB device number 2 using ohci-pci
[    1.926138] tsc: Refined TSC clocksource calibration: 998.127 MHz
[    1.929314] clocksource: tsc: mask: 0xffffffffffffffff max_cycles: 0x1cc65b93289, max_idle_ns: 881590487074 ns
[    1.932634] clocksource: Switched to clocksource tsc
[    2.158976] usb 4-2: New USB device found, idVendor=13d3, idProduct=3362, bcdDevice= 0.01
[    2.162384] usb 4-2: New USB device strings: Mfr=1, Product=2, SerialNumber=3
[    2.165777] usb 4-2: Product: Bluetooth USB Host Controller
[    2.169138] usb 4-2: Manufacturer: Atheros Communications
[    2.172455] usb 4-2: SerialNumber: Alaska Day 2006
[    2.354181] input: PS/2 Logitech Wheel Mouse as /devices/platform/i8042/serio4/input/input14
[    2.360287] md: Waiting for all devices to be available before autodetect
[    2.363683] md: If you don't use raid, use raid=noautodetect
[    2.367508] md: Autodetecting RAID arrays.
[    2.370823] md: autorun ...
[    2.374015] md: ... autorun DONE.
[    2.381610] EXT4-fs (sda2): mounted filesystem with ordered data mode. Opts: (null)
[    2.384946] VFS: Mounted root (ext4 filesystem) readonly on device 8:2.
[    2.389939] devtmpfs: mounted
[    2.394120] Freeing unused kernel image memory: 1296K
[    2.446139] Write protecting the kernel read-only data: 22528k
[    2.451124] Freeing unused kernel image memory: 1984K
[    2.455688] Freeing unused kernel image memory: 1692K
[    2.459101] Run /sbin/init as init process
[    2.516369] stty (1756) used greatest stack depth: 13792 bytes left
[    2.556153] usb 2-3: new high-speed USB device number 3 using ehci-pci
[    2.617503] sed (1770) used greatest stack depth: 13576 bytes left
[    2.646163] color, tsk->comm, weight, vruntime: 1 sed 1048576 1473742254
[    2.646167] rq->nr_running rq->cfs.nr_running : 1 1
[    2.653299] rq->load.weight, rq->cfs.load.weight : 0 0
[    2.777188] ip (1814) used greatest stack depth: 12552 bytes left
[    2.798900] usb 2-3: New USB device found, idVendor=04f2, idProduct=b404, bcdDevice=69.63
[    2.802755] usb 2-3: New USB device strings: Mfr=3, Product=1, SerialNumber=2
[    2.806660] usb 2-3: Product: USB2.0 HD UVC WebCam
[    2.810464] usb 2-3: Manufacturer: Chicony Electronics Co.,Ltd.
[    2.814263] usb 2-3: SerialNumber: 0x0001
[    2.893966] udevd[1848]: starting version 3.2.1
[    2.903461] random: udevd: uninitialized urandom read (16 bytes read)
[    2.907751] random: udevd: uninitialized urandom read (16 bytes read)
[    2.911820] random: udevd: uninitialized urandom read (16 bytes read)
[    2.929891] udevd[1849]: starting eudev-3.2.1
[    3.276196] ath9k 0000:01:00.0 wlp1s0: renamed from wlan0
[    3.287550] r8169 0000:02:00.0 enp2s0: renamed from eth0
[    3.373699] [drm] radeon kernel modesetting enabled.
[    3.391327] radeon 0000:00:01.0: remove_conflicting_pci_framebuffers: bar 0: 0xc0000000 -> 0xcfffffff
[    3.395022] radeon 0000:00:01.0: remove_conflicting_pci_framebuffers: bar 2: 0xd0000000 -> 0xd07fffff
[    3.398708] radeon 0000:00:01.0: remove_conflicting_pci_framebuffers: bar 5: 0xfeb00000 -> 0xfeb3ffff
[    3.417883] checking generic (c0000000 420000) vs hw (c0000000 10000000)
[    3.417890] fb0: switching to radeondrmfb from EFI VGA
[    3.430140] Console: switching to colour dummy device 80x25
[    3.433114] radeon 0000:00:01.0: vgaarb: deactivate vga console
[    3.435201] [drm] initializing kernel modesetting (KABINI 0x1002:0x9839 0x1043:0x141D 0x00).
[    3.435275] [drm] doorbell mmio base: 0xD0000000
[    3.435283] [drm] doorbell mmio size: 8388608
[    3.435320] ATOM BIOS: AMD
[    3.435394] [drm] Changing default dispclk from 400Mhz to 600Mhz
[    3.435430] radeon 0000:00:01.0: VRAM: 512M 0x0000000000000000 - 0x000000001FFFFFFF (512M used)
[    3.435445] radeon 0000:00:01.0: GTT: 2048M 0x0000000020000000 - 0x000000009FFFFFFF
[    3.435467] [drm] Detected VRAM RAM=512M, BAR=256M
[    3.435475] [drm] RAM width 128bits DDR
[    3.442489] [TTM] Zone  kernel: Available graphics memory: 1729512 KiB
[    3.442507] [TTM] Initializing pool allocator
[    3.442533] [TTM] Initializing DMA pool allocator
[    3.442591] [drm] radeon: 512M of VRAM memory ready
[    3.442600] [drm] radeon: 2048M of GTT memory ready.
[    3.442640] [drm] Loading kabini Microcode
[    3.451460] [drm] Internal thermal controller without fan control
[    3.452772] [drm] radeon: dpm initialized
[    3.454095] [drm] Found UVD firmware Version: 1.64 Family ID: 9
[    3.458835] [drm] Found VCE firmware/feedback version 40.2.2 / 15!
[    3.465925] [drm] GART: num cpu pages 524288, num gpu pages 524288
[    3.518804] [drm] PCIE GART of 2048M enabled (table at 0x000000000030E000).
[    3.519087] radeon 0000:00:01.0: WB enabled
[    3.519138] radeon 0000:00:01.0: fence driver on ring 0 use gpu addr 0x0000000020000c00 and cpu addr 0x(____ptrval____)
[    3.519156] radeon 0000:00:01.0: fence driver on ring 1 use gpu addr 0x0000000020000c04 and cpu addr 0x(____ptrval____)
[    3.519171] radeon 0000:00:01.0: fence driver on ring 2 use gpu addr 0x0000000020000c08 and cpu addr 0x(____ptrval____)
[    3.519185] radeon 0000:00:01.0: fence driver on ring 3 use gpu addr 0x0000000020000c0c and cpu addr 0x(____ptrval____)
[    3.519199] radeon 0000:00:01.0: fence driver on ring 4 use gpu addr 0x0000000020000c10 and cpu addr 0x(____ptrval____)
[    3.520122] radeon 0000:00:01.0: fence driver on ring 5 use gpu addr 0x0000000000078d30 and cpu addr 0x(____ptrval____)
[    3.520503] radeon 0000:00:01.0: fence driver on ring 6 use gpu addr 0x0000000020000c18 and cpu addr 0x(____ptrval____)
[    3.520519] radeon 0000:00:01.0: fence driver on ring 7 use gpu addr 0x0000000020000c1c and cpu addr 0x(____ptrval____)
[    3.520533] [drm] Supports vblank timestamp caching Rev 2 (21.10.2013).
[    3.520541] [drm] Driver supports precise vblank timestamp query.
[    3.520657] radeon 0000:00:01.0: radeon: using MSI.
[    3.520724] [drm] radeon: irq initialized.
[    3.524541] [drm] ring test on 0 succeeded in 4 usecs
[    3.524650] [drm] ring test on 1 succeeded in 4 usecs
[    3.524689] [drm] ring test on 2 succeeded in 4 usecs
[    3.525010] [drm] ring test on 3 succeeded in 6 usecs
[    3.525028] [drm] ring test on 4 succeeded in 6 usecs
[    3.666343] [drm] ring test on 5 succeeded in 2 usecs
[    3.667710] color, tsk->comm, weight, vruntime: -108920491381607 udevd 1048576 2005025235
[    3.667715] color, tsk->comm, weight, vruntime: -108920491385064 libinput-device 1048576 2005463956
[    3.667733] color, tsk->comm, weight, vruntime: 1 libinput-device 1048576 2006576183
[    3.667745] color, tsk->comm, weight, vruntime: -108920491381607 libinput-device 1048576 2006772838
[    3.667756] color, tsk->comm, weight, vruntime: -108920501632872 udevd 1048576 2008989660
[    3.667767] rq->nr_running rq->cfs.nr_running : 6 6
[    3.667781] rq->load.weight, rq->cfs.load.weight : 6291456 6291456
[    3.712528] [drm] UVD initialized successfully.
[    3.823554] [drm] ring test on 6 succeeded in 20 usecs
[    3.823585] [drm] ring test on 7 succeeded in 3 usecs
[    3.823593] [drm] VCE initialized successfully.
[    3.825460] [drm] ib test on ring 0 succeeded in 0 usecs
[    3.825741] [drm] ib test on ring 1 succeeded in 0 usecs
[    3.826013] [drm] ib test on ring 2 succeeded in 0 usecs
[    3.826346] [drm] ib test on ring 3 succeeded in 0 usecs
[    3.826621] [drm] ib test on ring 4 succeeded in 0 usecs
[    4.356282] [drm] ib test on ring 5 succeeded
[    4.377540] [drm] ib test on ring 6 succeeded
[    4.378544] [drm] ib test on ring 7 succeeded
[    4.426187] [drm] radeon atom DIG backlight initialized
[    4.426208] [drm] Radeon Display Connectors
[    4.426215] [drm] Connector 0:
[    4.426221] [drm]   LVDS-1
[    4.426227] [drm]   HPD1
[    4.426235] [drm]   DDC: 0x6530 0x6530 0x6534 0x6534 0x6538 0x6538 0x653c 0x653c
[    4.426244] [drm]   Encoders:
[    4.426250] [drm]     LCD1: INTERNAL_UNIPHY
[    4.426257] [drm] Connector 1:
[    4.426262] [drm]   HDMI-A-1
[    4.426267] [drm]   HPD2
[    4.426275] [drm]   DDC: 0x6540 0x6540 0x6544 0x6544 0x6548 0x6548 0x654c 0x654c
[    4.426283] [drm]   Encoders:
[    4.426289] [drm]     DFP1: INTERNAL_UNIPHY
[    4.426295] [drm] Connector 2:
[    4.426300] [drm]   VGA-1
[    4.426308] [drm]   DDC: 0x65c0 0x65c0 0x65c4 0x65c4 0x65c8 0x65c8 0x65cc 0x65cc
[    4.426316] [drm]   Encoders:
[    4.426322] [drm]     CRT1: INTERNAL_KLDSCP_DAC1
[    4.676101] rq->nr_running rq->cfs.nr_running : 0 0
[    4.676112] rq->load.weight, rq->cfs.load.weight : 0 0
[    5.478282] [drm] fb mappable at 0xC0722000
[    5.478303] [drm] vram apper at 0xC0000000
[    5.478310] [drm] size 4325376
[    5.478316] [drm] fb depth is 24
[    5.478321] [drm]    pitch is 5632
[    5.478710] fbcon: radeondrmfb (fb0) is primary device
[    5.586365] Console: switching to colour frame buffer device 170x48
[    5.596705] radeon 0000:00:01.0: fb0: radeondrmfb frame buffer device
[    5.644958] [drm] Initialized radeon 2.50.0 20080528 for 0000:00:01.0 on minor 0
[    5.686144] color, tsk->comm, weight, vruntime: 1 rcu_sched 1048576 2252403717
[    5.686150] color, tsk->comm, weight, vruntime: -108920463589224 kworker/0:0 1048576 2252403717
[    5.686291] color, tsk->comm, weight, vruntime: 1 S20swap 1048576 2258420516
[    5.686426] rq->nr_running rq->cfs.nr_running : 1 1
[    5.686611] rq->load.weight, rq->cfs.load.weight : 1048576 1048576
[    5.729695] Adding 3608572k swap on /dev/sda4.  Priority:1 extents:1 across:3608572k SS
[    5.783530] EXT4-fs (sda2): re-mounted. Opts: (null)
[    5.882957] EXT4-fs (sda2): re-mounted. Opts: (null)
[    6.696138] rq->nr_running rq->cfs.nr_running : 1 1
[    6.699558] rq->load.weight, rq->cfs.load.weight : 1048576 1048576
[    7.706140] color, tsk->comm, weight, vruntime: -108920470344552 rcu_sched 1048576 5021151329
[    7.709873] color, tsk->comm, weight, vruntime: -108920476103144 syslogd 1048576 5030193506
[    7.713677] rq->nr_running rq->cfs.nr_running : 6 6
[    7.721272] rq->load.weight, rq->cfs.load.weight : 10485760 10485760
[    7.728345] urandom_read: 6 callbacks suppressed
[    7.728351] random: wpa_supplicant: uninitialized urandom read (32 bytes read)
[    8.716102] rq->nr_running rq->cfs.nr_running : 0 0
[    8.720015] rq->load.weight, rq->cfs.load.weight : 0 0
[    9.086955] wlp1s0: authenticate with 64:66:b3:cd:9a:3a
[    9.118012] wlp1s0: send auth to 64:66:b3:cd:9a:3a (try 1/3)
[    9.125114] wlp1s0: authenticated
[    9.136184] wlp1s0: associate with 64:66:b3:cd:9a:3a (try 1/3)
[    9.144414] wlp1s0: RX AssocResp from 64:66:b3:cd:9a:3a (capab=0x431 status=0 aid=2)
[    9.149620] wlp1s0: associated
[    9.181110] IPv6: ADDRCONF(NETDEV_CHANGE): wlp1s0: link becomes ready
[    9.726102] rq->nr_running rq->cfs.nr_running : 0 0
[    9.730307] rq->load.weight, rq->cfs.load.weight : 0 0
[   10.736101] rq->nr_running rq->cfs.nr_running : 0 0
[   10.744423] rq->load.weight, rq->cfs.load.weight : 0 0
[   11.094476] udevd (2254) used greatest stack depth: 11736 bytes left
[   11.746113] rq->nr_running rq->cfs.nr_running : 0 0
[   11.750066] rq->load.weight, rq->cfs.load.weight : 0 0
[   12.756108] rq->nr_running rq->cfs.nr_running : 0 0
[   12.763883] rq->load.weight, rq->cfs.load.weight : 0 0
[   13.766101] rq->nr_running rq->cfs.nr_running : 0 0
[   13.773878] rq->load.weight, rq->cfs.load.weight : 1048576 1048576
[   14.776140] rq->nr_running rq->cfs.nr_running : 1 1
[   14.776154] rq->load.weight, rq->cfs.load.weight : 1307648 1307648
[   15.786112] color, tsk->comm, weight, vruntime: 1 rcu_sched 1048576 6457785031
[   15.786123] rq->nr_running rq->cfs.nr_running : 1 1
[   15.786130] rq->load.weight, rq->cfs.load.weight : 1048576 1048576
[   16.796106] rq->nr_running rq->cfs.nr_running : 0 0
[   16.796119] rq->load.weight, rq->cfs.load.weight : 0 0
[   17.806104] rq->nr_running rq->cfs.nr_running : 0 0
[   17.806116] rq->load.weight, rq->cfs.load.weight : 0 0
[   18.816103] rq->nr_running rq->cfs.nr_running : 0 0
[   18.816114] rq->load.weight, rq->cfs.load.weight : 0 0
[   19.826105] rq->nr_running rq->cfs.nr_running : 0 0
[   19.826116] rq->load.weight, rq->cfs.load.weight : 0 0
[   20.836110] rq->nr_running rq->cfs.nr_running : 1 1
[   20.836123] rq->load.weight, rq->cfs.load.weight : 1048576 1048576
[   63.077294] random: crng init done
