[    0.000000] Linux version 5.2.0-rc6+ (root@(none)) (gcc version 9.0.1 20190416 (experimental) (GCC)) #127 SMP Tue Jun 25 20:39:23 +05 2019
[    0.000000] Command line: BOOT_IMAGE=/boot/bzImage root=/dev/sda2 ro
[    0.000000] x86/fpu: Supporting XSAVE feature 0x001: 'x87 floating point registers'
[    0.000000] x86/fpu: Supporting XSAVE feature 0x002: 'SSE registers'
[    0.000000] x86/fpu: Supporting XSAVE feature 0x004: 'AVX registers'
[    0.000000] x86/fpu: xstate_offset[2]:  576, xstate_sizes[2]:  256
[    0.000000] x86/fpu: Enabled xstate features 0x7, context size is 832 bytes, using 'standard' format.
[    0.000000] BIOS-provided physical RAM map:
[    0.000000] BIOS-e820: [mem 0x0000000000000000-0x000000000009ffff] usable
[    0.000000] BIOS-e820: [mem 0x0000000000100000-0x000000009d0f7fff] usable
[    0.000000] BIOS-e820: [mem 0x000000009d0f8000-0x000000009d127fff] reserved
[    0.000000] BIOS-e820: [mem 0x000000009d128000-0x000000009d370fff] usable
[    0.000000] BIOS-e820: [mem 0x000000009d371000-0x000000009dc56fff] ACPI NVS
[    0.000000] BIOS-e820: [mem 0x000000009dc57000-0x000000009e959fff] reserved
[    0.000000] BIOS-e820: [mem 0x000000009e95a000-0x000000009e9cafff] type 20
[    0.000000] BIOS-e820: [mem 0x000000009e9cb000-0x000000009e9cbfff] usable
[    0.000000] BIOS-e820: [mem 0x000000009e9cc000-0x000000009e9d3fff] ACPI NVS
[    0.000000] BIOS-e820: [mem 0x000000009e9d4000-0x000000009eb24fff] usable
[    0.000000] BIOS-e820: [mem 0x000000009eb25000-0x000000009f041fff] reserved
[    0.000000] BIOS-e820: [mem 0x000000009f042000-0x000000009f080fff] usable
[    0.000000] BIOS-e820: [mem 0x000000009f081000-0x000000009f3f1fff] reserved
[    0.000000] BIOS-e820: [mem 0x000000009f3f2000-0x000000009f3fffff] usable
[    0.000000] BIOS-e820: [mem 0x00000000fec00000-0x00000000fec01fff] reserved
[    0.000000] BIOS-e820: [mem 0x00000000fec10000-0x00000000fec10fff] reserved
[    0.000000] BIOS-e820: [mem 0x00000000fed00000-0x00000000fed00fff] reserved
[    0.000000] BIOS-e820: [mem 0x00000000fed80000-0x00000000fed8ffff] reserved
[    0.000000] BIOS-e820: [mem 0x00000000ff000000-0x00000000ffffffff] reserved
[    0.000000] BIOS-e820: [mem 0x0000000100001000-0x000000013effffff] usable
[    0.000000] NX (Execute Disable) protection: active
[    0.000000] efi: EFI v2.31 by American Megatrends
[    0.000000] efi:  ACPI=0x9d3f3000  ACPI 2.0=0x9d3f3000  SMBIOS=0x9e958998 
[    0.000000] SMBIOS 2.7 present.
[    0.000000] DMI: ASUSTeK COMPUTER INC. X102BA/X102BA, BIOS X102BA.212 08/30/2013
[    0.000000] tsc: Fast TSC calibration using PIT
[    0.000000] tsc: Detected 998.032 MHz processor
[    0.000214] e820: update [mem 0x00000000-0x00000fff] usable ==> reserved
[    0.000219] e820: remove [mem 0x000a0000-0x000fffff] usable
[    0.000241] last_pfn = 0x13f000 max_arch_pfn = 0x400000000
[    0.000251] MTRR default type: uncachable
[    0.000253] MTRR fixed ranges enabled:
[    0.000257]   00000-9FFFF write-back
[    0.000259]   A0000-BFFFF write-through
[    0.000262]   C0000-DFFFF uncachable
[    0.000265]   E0000-FFFFF write-protect
[    0.000267] MTRR variable ranges enabled:
[    0.000271]   0 base 0000000000 mask FF80000000 write-back
[    0.000275]   1 base 0080000000 mask FFE0000000 write-back
[    0.000278]   2 base 009F400000 mask FFFFC00000 uncachable
[    0.000282]   3 base 009F800000 mask FFFF800000 uncachable
[    0.000283]   4 disabled
[    0.000284]   5 disabled
[    0.000286]   6 disabled
[    0.000287]   7 disabled
[    0.000289] TOM2: 000000013f000000 aka 5104M
[    0.000804] x86/PAT: Configuration [0-7]: WB  WC  UC- UC  WB  WP  UC- WT  
[    0.001072] e820: update [mem 0x9f400000-0xffffffff] usable ==> reserved
[    0.001087] last_pfn = 0x9f400 max_arch_pfn = 0x400000000
[    0.014809] check: Scanning 1 areas for low memory corruption
[    0.014825] Using GB pages for direct mapping
[    0.014832] BRK [0x13ce01000, 0x13ce01fff] PGTABLE
[    0.014839] BRK [0x13ce02000, 0x13ce02fff] PGTABLE
[    0.014843] BRK [0x13ce03000, 0x13ce03fff] PGTABLE
[    0.014959] BRK [0x13ce04000, 0x13ce04fff] PGTABLE
[    0.014964] BRK [0x13ce05000, 0x13ce05fff] PGTABLE
[    0.015124] BRK [0x13ce06000, 0x13ce06fff] PGTABLE
[    0.015665] BRK [0x13ce07000, 0x13ce07fff] PGTABLE
[    0.015833] BRK [0x13ce08000, 0x13ce08fff] PGTABLE
[    0.016029] BRK [0x13ce09000, 0x13ce09fff] PGTABLE
[    0.016237] BRK [0x13ce0a000, 0x13ce0afff] PGTABLE
[    0.016402] BRK [0x13ce0b000, 0x13ce0bfff] PGTABLE
[    0.016627] BRK [0x13ce0c000, 0x13ce0cfff] PGTABLE
[    0.017056] Secure boot could not be determined
[    0.017072] ACPI: Early table checksum verification disabled
[    0.017083] ACPI: RSDP 0x000000009D3F3000 000024 (v02 _ASUS_)
[    0.017094] ACPI: XSDT 0x000000009D3F3088 000094 (v01 _ASUS_ Notebook 01072009 AMI  00010013)
[    0.017112] ACPI: FACP 0x000000009D400748 00010C (v05 _ASUS_ Notebook 01072009 AMI  00010013)
[    0.017128] ACPI BIOS Warning (bug): Optional FADT field Pm2ControlBlock has valid Length but zero Address: 0x0000000000000000/0x1 (20190509/tbfadt-615)
[    0.017142] ACPI: DSDT 0x000000009D3F31A8 00D59D (v02 _ASUS_ Notebook 00000000 INTL 20091112)
[    0.017154] ACPI: FACS 0x000000009DC4B080 000040
[    0.017163] ACPI: APIC 0x000000009D400858 00007E (v03 _ASUS_ Notebook 01072009 AMI  00010013)
[    0.017174] ACPI: FPDT 0x000000009D4008D8 000044 (v01 _ASUS_ Notebook 01072009 AMI  00010013)
[    0.017185] ACPI: ECDT 0x000000009D400920 0000C1 (v01 _ASUS_ Notebook 01072009 AMI. 00000005)
[    0.017195] ACPI: MCFG 0x000000009D4009E8 00003C (v01 _ASUS_ Notebook 01072009 MSFT 00010013)
[    0.017206] ACPI: HPET 0x000000009D400A28 000038 (v01 _ASUS_ Notebook 01072009 AMI  00000005)
[    0.017216] ACPI: VFCT 0x000000009D400A60 004684 (v01 _ASUS_ Notebook 00000001 AMD  31504F47)
[    0.017228] ACPI: BGRT 0x000000009D4050E8 000038 (v00 _ASUS_ Notebook 01072009 ASUS 00010013)
[    0.017239] ACPI: SSDT 0x000000009D405120 0005E0 (v01 AMD    AGESA    00000001 AMD  00000001)
[    0.017250] ACPI: SSDT 0x000000009D405700 0046D1 (v02 AMD    AGESA    00000002 MSFT 04000000)
[    0.017260] ACPI: CRAT 0x000000009D409DD8 000228 (v01 AMD    AGESA    00000001 AMD  00000001)
[    0.017271] ACPI: SSDT 0x000000009D40A000 001411 (v01 AMD    CPMDFIGP 00000001 INTL 20051117)
[    0.017282] ACPI: SSDT 0x000000009D40B418 0010E8 (v01 AMD    CPMCMN   00000001 INTL 20051117)
[    0.017293] ACPI: MSDM 0x000000009D127F98 000055 (v03 _ASUS_ Notebook 00000000 ASUS 00000001)
[    0.017320] ACPI: Local APIC address 0xfee00000
[    0.017580] No NUMA configuration found
[    0.017585] Faking a node at [mem 0x0000000000000000-0x000000013effffff]
[    0.017598] NODE_DATA(0) allocated [mem 0x13effb000-0x13effefff]
[    0.017649] Zone ranges:
[    0.017654]   DMA      [mem 0x0000000000001000-0x0000000000ffffff]
[    0.017659]   DMA32    [mem 0x0000000001000000-0x00000000ffffffff]
[    0.017663]   Normal   [mem 0x0000000100000000-0x000000013effffff]
[    0.017667] Movable zone start for each node
[    0.017670] Early memory node ranges
[    0.017674]   node   0: [mem 0x0000000000001000-0x000000000009ffff]
[    0.017677]   node   0: [mem 0x0000000000100000-0x000000009d0f7fff]
[    0.017681]   node   0: [mem 0x000000009d128000-0x000000009d370fff]
[    0.017684]   node   0: [mem 0x000000009e9cb000-0x000000009e9cbfff]
[    0.017688]   node   0: [mem 0x000000009e9d4000-0x000000009eb24fff]
[    0.017691]   node   0: [mem 0x000000009f042000-0x000000009f080fff]
[    0.017694]   node   0: [mem 0x000000009f3f2000-0x000000009f3fffff]
[    0.017697]   node   0: [mem 0x0000000100001000-0x000000013effffff]
[    0.018028] Zeroed struct page in unavailable ranges: 11138 pages
[    0.018037] Initmem setup node 0 [mem 0x0000000000001000-0x000000013effffff]
[    0.018046] On node 0 totalpages: 902270
[    0.018049]   DMA zone: 64 pages used for memmap
[    0.018051]   DMA zone: 23 pages reserved
[    0.018054]   DMA zone: 3999 pages, LIFO batch:0
[    0.018270]   DMA32 zone: 10004 pages used for memmap
[    0.018272]   DMA32 zone: 640224 pages, LIFO batch:63
[    0.057793]   Normal zone: 4032 pages used for memmap
[    0.057800]   Normal zone: 258047 pages, LIFO batch:63
[    0.070896] ACPI: PM-Timer IO Port: 0x808
[    0.070908] ACPI: Local APIC address 0xfee00000
[    0.070925] ACPI: LAPIC_NMI (acpi_id[0xff] high edge lint[0x1])
[    0.070940] IOAPIC[0]: apic_id 3, version 33, address 0xfec00000, GSI 0-23
[    0.070951] IOAPIC[1]: apic_id 4, version 33, address 0xfec01000, GSI 24-55
[    0.070958] ACPI: INT_SRC_OVR (bus 0 bus_irq 0 global_irq 2 dfl dfl)
[    0.070964] ACPI: INT_SRC_OVR (bus 0 bus_irq 9 global_irq 9 low level)
[    0.070968] ACPI: IRQ0 used by override.
[    0.070971] ACPI: IRQ9 used by override.
[    0.070975] Using ACPI (MADT) for SMP configuration information
[    0.070980] ACPI: HPET id: 0x10228210 base: 0xfed00000
[    0.070995] smpboot: Allowing 4 CPUs, 2 hotplug CPUs
[    0.071069] PM: Registered nosave memory: [mem 0x00000000-0x00000fff]
[    0.071078] PM: Registered nosave memory: [mem 0x000a0000-0x000fffff]
[    0.071085] PM: Registered nosave memory: [mem 0x9d0f8000-0x9d127fff]
[    0.071092] PM: Registered nosave memory: [mem 0x9d371000-0x9dc56fff]
[    0.071095] PM: Registered nosave memory: [mem 0x9dc57000-0x9e959fff]
[    0.071098] PM: Registered nosave memory: [mem 0x9e95a000-0x9e9cafff]
[    0.071105] PM: Registered nosave memory: [mem 0x9e9cc000-0x9e9d3fff]
[    0.071112] PM: Registered nosave memory: [mem 0x9eb25000-0x9f041fff]
[    0.071118] PM: Registered nosave memory: [mem 0x9f081000-0x9f3f1fff]
[    0.071125] PM: Registered nosave memory: [mem 0x9f400000-0xfebfffff]
[    0.071128] PM: Registered nosave memory: [mem 0xfec00000-0xfec01fff]
[    0.071131] PM: Registered nosave memory: [mem 0xfec02000-0xfec0ffff]
[    0.071134] PM: Registered nosave memory: [mem 0xfec10000-0xfec10fff]
[    0.071137] PM: Registered nosave memory: [mem 0xfec11000-0xfecfffff]
[    0.071139] PM: Registered nosave memory: [mem 0xfed00000-0xfed00fff]
[    0.071142] PM: Registered nosave memory: [mem 0xfed01000-0xfed7ffff]
[    0.071145] PM: Registered nosave memory: [mem 0xfed80000-0xfed8ffff]
[    0.071148] PM: Registered nosave memory: [mem 0xfed90000-0xfeffffff]
[    0.071150] PM: Registered nosave memory: [mem 0xff000000-0xffffffff]
[    0.071153] PM: Registered nosave memory: [mem 0x100000000-0x100000fff]
[    0.071161] [mem 0x9f400000-0xfebfffff] available for PCI devices
[    0.071173] clocksource: refined-jiffies: mask: 0xffffffff max_cycles: 0xffffffff, max_idle_ns: 19112604462750000 ns
[    0.489285] setup_percpu: NR_CPUS:64 nr_cpumask_bits:64 nr_cpu_ids:4 nr_node_ids:1
[    0.490475] percpu: Embedded 51 pages/cpu s170008 r8192 d30696 u524288
[    0.490514] pcpu-alloc: s170008 r8192 d30696 u524288 alloc=1*2097152
[    0.490518] pcpu-alloc: [0] 0 1 2 3 
[    0.490597] Built 1 zonelists, mobility grouping on.  Total pages: 888147
[    0.490601] Policy zone: Normal
[    0.490609] Kernel command line: BOOT_IMAGE=/boot/bzImage root=/dev/sda2 ro
[    0.554777] Memory: 3432220K/3609080K available (14357K kernel code, 1433K rwdata, 4456K rodata, 1296K init, 856K bss, 176860K reserved, 0K cma-reserved)
[    0.554995] SLUB: HWalign=64, Order=0-3, MinObjects=0, CPUs=4, Nodes=1
[    0.555232] rcu: Hierarchical RCU implementation.
[    0.555236] rcu: 	RCU event tracing is enabled.
[    0.555240] rcu: 	RCU restricting CPUs from NR_CPUS=64 to nr_cpu_ids=4.
[    0.555245] rcu: RCU calculated value of scheduler-enlistment delay is 10 jiffies.
[    0.555249] rcu: Adjusting geometry for rcu_fanout_leaf=16, nr_cpu_ids=4
[    0.555836] NR_IRQS: 4352, nr_irqs: 1000, preallocated irqs: 16
[    0.556430] random: get_random_bytes called from start_kernel+0x2c6/0x493 with crng_init=0
[    0.556515] Console: colour dummy device 80x25
[    0.557193] printk: console [tty0] enabled
[    0.557238] ACPI: Core revision 20190509
[    0.557959] clocksource: hpet: mask: 0xffffffff max_cycles: 0xffffffff, max_idle_ns: 133484873504 ns
[    0.557989] hpet clockevent registered
[    0.557999] APIC: Switch to symmetric I/O mode setup
[    0.558860] ..TIMER: vector=0x30 apic1=0 pin1=2 apic2=-1 pin2=-1
[    0.608005] clocksource: tsc-early: mask: 0xffffffffffffffff max_cycles: 0x1cc5a816067, max_idle_ns: 881590487066 ns
[    0.608022] Calibrating delay loop (skipped), value calculated using timer frequency.. 1996.06 BogoMIPS (lpj=9980320)
[    0.608038] pid_max: default: 32768 minimum: 301
[    0.610622] LSM: Security Framework initializing
[    0.610655] SELinux:  Initializing.
[    0.610690] *** VALIDATE SELinux ***
[    0.612917] Dentry cache hash table entries: 524288 (order: 10, 4194304 bytes)
[    0.614088] Inode-cache hash table entries: 262144 (order: 9, 2097152 bytes)
[    0.614190] Mount-cache hash table entries: 8192 (order: 4, 65536 bytes)
[    0.614237] Mountpoint-cache hash table entries: 8192 (order: 4, 65536 bytes)
[    0.614644] *** VALIDATE proc ***
[    0.614733] *** VALIDATE cgroup1 ***
[    0.614744] *** VALIDATE cgroup2 ***
[    0.614849] LVT offset 1 assigned for vector 0xf9
[    0.614865] Last level iTLB entries: 4KB 512, 2MB 8, 4MB 4
[    0.614873] Last level dTLB entries: 4KB 512, 2MB 256, 4MB 128, 1GB 0
[    0.614883] Spectre V2 : Mitigation: Full AMD retpoline
[    0.614890] Spectre V2 : Spectre v2 / SpectreRSB mitigation: Filling RSB on context switch
[    0.614902] Speculative Store Bypass: Mitigation: Speculative Store Bypass disabled via prctl and seccomp
[    0.615472] Freeing SMP alternatives memory: 40K
[    0.628019] smpboot: CPU0: AMD A4-1200 APU with Radeon(TM) HD Graphics (family: 0x16, model: 0x0, stepping: 0x1)
[    0.628019] Performance Events: AMD PMU driver.
[    0.628019] ... version:                0
[    0.628019] ... bit width:              48
[    0.628019] ... generic registers:      4
[    0.628019] ... value mask:             0000ffffffffffff
[    0.628019] ... max period:             00007fffffffffff
[    0.628019] ... fixed-purpose events:   0
[    0.628019] ... event mask:             000000000000000f
[    0.628019] rcu: Hierarchical SRCU implementation.
[    0.628019] MCE: In-kernel MCE decoding enabled.
[    0.628019] smp: Bringing up secondary CPUs ...
[    0.628019] x86: Booting SMP configuration:
[    0.628019] .... node  #0, CPUs:      #1
[    0.628019] smp: Brought up 1 node, 2 CPUs
[    0.628019] smpboot: Max logical packages: 2
[    0.628019] smpboot: Total of 2 processors activated (3992.12 BogoMIPS)
[    0.628019] devtmpfs: initialized
[    0.628019] PM: Registering ACPI NVS region [mem 0x9d371000-0x9dc56fff] (9330688 bytes)
[    0.628019] PM: Registering ACPI NVS region [mem 0x9e9cc000-0x9e9d3fff] (32768 bytes)
[    0.628019] clocksource: jiffies: mask: 0xffffffff max_cycles: 0xffffffff, max_idle_ns: 19112604462750000 ns
[    0.628019] futex hash table entries: 1024 (order: 4, 65536 bytes)
[    0.628019] kworker/u8:0 (22) used greatest stack depth: 14624 bytes left
[    0.628019] NET: Registered protocol family 16
[    0.628019] audit: initializing netlink subsys (disabled)
[    0.628019] audit: type=2000 audit(1561541800.060:1): state=initialized audit_enabled=0 res=1
[    0.628019] cpuidle: using governor ladder
[    0.628019] cpuidle: using governor menu
[    0.628019] ACPI FADT declares the system doesn't support PCIe ASPM, so disable it
[    0.628019] ACPI: bus type PCI registered
[    0.628019] PCI: MMCONFIG for domain 0000 [bus 00-ff] at [mem 0xe0000000-0xefffffff] (base 0xe0000000)
[    0.628019] PCI: not using MMCONFIG
[    0.628019] PCI: Using configuration type 1 for base access
[    0.628019] PCI: Using configuration type 1 for extended access
[    0.628051] rq->curr == THREAD(this messg)
[    0.628056] color, tsk->comm, weight, vruntime: -113480589291111 kworker/u8:1 1048576 47834979
[    0.628067] color, tsk->comm, weight, vruntime: -113480589301480 kworker/u8:1 1048576 47834979
[    0.628078] color, tsk->comm, weight, vruntime: -113480589291111 kworker/u8:1 1048576 47834979
[    0.628089] color, tsk->comm, weight, vruntime: 1 kworker/u8:1 1048576 48049266
[    0.628100] color, tsk->comm, weight, vruntime: -113480581518183 kworker/u8:1 1048576 48334980
[    0.628110] color, tsk->comm, weight, vruntime: -113480589301480 kworker/u8:1 1048576 48734979
[    0.628120] color, tsk->comm, weight, vruntime: -113480581518183 kworker/u8:1 1048576 49334979
[    0.628130] proc in rq 7
[    0.628140] rq->nr_running rq->cfs.nr_running : 8 8
[    0.628150] rq->load.weight, rq->cfs.load.weight : 8388608 8388608
[    0.628152] ----------------^^^^TUX0^^^^^-----------------------
[    0.628159] rq->curr->pid == 1
[    0.628168] color, tsk->comm, weight, vruntime: -113480589311848 kworker/u8:0 1048576 28351403
[    0.628174] color, tsk->comm, weight, vruntime: -113480581521639 kworker/u8:1 1048576 34351403
[    0.628185] color, tsk->comm, weight, vruntime: 1 kworker/u8:1 1048576 34951403
[    0.628196] color, tsk->comm, weight, vruntime: -113480581521639 kthreadd 1048576 37351400
[    0.628204] proc in rq 4
[    0.628214] rq->nr_running rq->cfs.nr_running : 5 5
[    0.628224] rq->load.weight, rq->cfs.load.weight : 5242880 5242880
[    0.628225] ----------------^^^^TUX1^^^^^-----------------------
[    0.643605] kworker/u8:0 (45) used greatest stack depth: 14160 bytes left
[    0.675341] HugeTLB registered 2.00 MiB page size, pre-allocated 0 pages
[    0.684682] ACPI: Added _OSI(Module Device)
[    0.684682] ACPI: Added _OSI(Processor Device)
[    0.684682] ACPI: Added _OSI(3.0 _SCP Extensions)
[    0.684682] ACPI: Added _OSI(Processor Aggregator Device)
[    0.684682] ACPI: Added _OSI(Linux-Dell-Video)
[    0.684682] ACPI: Added _OSI(Linux-Lenovo-NV-HDMI-Audio)
[    0.684682] ACPI: Added _OSI(Linux-HPI-Hybrid-Graphics)
[    0.718104] ACPI: 5 ACPI AML tables successfully acquired and loaded
[    0.720870] ACPI: EC: EC started
[    0.720879] ACPI: EC: interrupt blocked
[    0.722978] ACPI: \: Used as first EC
[    0.722991] ACPI: \: GPE=0x3, EC_CMD/EC_SC=0x66, EC_DATA=0x62
[    0.722998] ACPI: EC: Boot ECDT EC used to handle transactions
[    0.728162] ACPI: [Firmware Bug]: BIOS _OSI(Linux) query ignored
[    0.761834] ACPI: Interpreter enabled
[    0.761912] ACPI: (supports S0 S3 S4 S5)
[    0.761923] ACPI: Using IOAPIC for interrupt routing
[    0.762126] PCI: MMCONFIG for domain 0000 [bus 00-ff] at [mem 0xe0000000-0xefffffff] (base 0xe0000000)
[    0.762287] PCI: MMCONFIG at [mem 0xe0000000-0xefffffff] reserved in ACPI motherboard resources
[    0.762345] PCI: Using host bridge windows from ACPI; if necessary, use "pci=nocrs" and report a bug
[    0.763138] ACPI: Enabled 3 GPEs in block 00 to 1F
[    0.787809] ACPI: PCI Root Bridge [PCI0] (domain 0000 [bus 00-ff])
[    0.787842] acpi PNP0A08:00: _OSC: OS supports [ExtendedConfig ASPM ClockPM Segments MSI HPX-Type3]
[    0.792638] acpi PNP0A08:00: _OSC: platform does not support [LTR]
[    0.792638] acpi PNP0A08:00: _OSC: OS now controls [PME AER PCIeCapability]
[    0.792638] acpi PNP0A08:00: FADT indicates ASPM is unsupported, using BIOS configuration
[    0.794373] PCI host bridge to bus 0000:00
[    0.794373] pci_bus 0000:00: root bus resource [io  0x0000-0x03af window]
[    0.794373] pci_bus 0000:00: root bus resource [io  0x03e0-0x0cf7 window]
[    0.794373] pci_bus 0000:00: root bus resource [io  0x03b0-0x03df window]
[    0.794373] pci_bus 0000:00: root bus resource [io  0x0d00-0xffff window]
[    0.794373] pci_bus 0000:00: root bus resource [mem 0x000a0000-0x000bffff window]
[    0.794373] pci_bus 0000:00: root bus resource [mem 0x000c0000-0x000dffff window]
[    0.794373] pci_bus 0000:00: root bus resource [mem 0xc0000000-0xffffffff window]
[    0.794373] pci_bus 0000:00: root bus resource [bus 00-ff]
[    0.794373] pci 0000:00:00.0: [1022:1536] type 00 class 0x060000
[    0.794838] pci 0000:00:01.0: [1002:9839] type 00 class 0x030000
[    0.794838] pci 0000:00:01.0: reg 0x10: [mem 0xc0000000-0xcfffffff 64bit pref]
[    0.794838] pci 0000:00:01.0: reg 0x18: [mem 0xd0000000-0xd07fffff 64bit pref]
[    0.794838] pci 0000:00:01.0: reg 0x20: [io  0xf000-0xf0ff]
[    0.794838] pci 0000:00:01.0: reg 0x24: [mem 0xfeb00000-0xfeb3ffff]
[    0.794838] pci 0000:00:01.0: reg 0x30: [mem 0xfeb40000-0xfeb5ffff pref]
[    0.794838] pci 0000:00:01.0: enabling Extended Tags
[    0.794838] pci 0000:00:01.0: BAR 0: assigned to efifb
[    0.794838] pci 0000:00:01.0: supports D1 D2
[    0.794838] pci 0000:00:01.0: PME# supported from D1 D2 D3hot
[    0.795388] pci 0000:00:01.1: [1002:9840] type 00 class 0x040300
[    0.795388] pci 0000:00:01.1: reg 0x10: [mem 0xfeb64000-0xfeb67fff 64bit]
[    0.795388] pci 0000:00:01.1: enabling Extended Tags
[    0.795388] pci 0000:00:01.1: supports D1 D2
[    0.795785] pci 0000:00:02.0: [1022:1538] type 00 class 0x060000
[    0.796082] pci 0000:00:02.2: [1022:1439] type 01 class 0x060400
[    0.796082] pci 0000:00:02.2: enabling Extended Tags
[    0.796082] pci 0000:00:02.2: PME# supported from D0 D3hot D3cold
[    0.796551] pci 0000:00:02.3: [1022:1439] type 01 class 0x060400
[    0.796551] pci 0000:00:02.3: enabling Extended Tags
[    0.796551] pci 0000:00:02.3: PME# supported from D0 D3hot D3cold
[    0.796973] pci 0000:00:10.0: [1022:7814] type 00 class 0x0c0330
[    0.796973] pci 0000:00:10.0: reg 0x10: [mem 0xfeb68000-0xfeb69fff 64bit]
[    0.796973] pci 0000:00:10.0: PME# supported from D0 D3hot D3cold
[    0.796973] pci 0000:00:11.0: [1022:7801] type 00 class 0x010601
[    0.796973] pci 0000:00:11.0: reg 0x10: [io  0xf140-0xf147]
[    0.796973] pci 0000:00:11.0: reg 0x14: [io  0xf130-0xf133]
[    0.796973] pci 0000:00:11.0: reg 0x18: [io  0xf120-0xf127]
[    0.796973] pci 0000:00:11.0: reg 0x1c: [io  0xf110-0xf113]
[    0.796973] pci 0000:00:11.0: reg 0x20: [io  0xf100-0xf10f]
[    0.796973] pci 0000:00:11.0: reg 0x24: [mem 0xfeb6f000-0xfeb6f3ff]
[    0.796973] pci 0000:00:11.0: PME# supported from D3hot
[    0.796973] pci 0000:00:12.0: [1022:7807] type 00 class 0x0c0310
[    0.796973] pci 0000:00:12.0: reg 0x10: [mem 0xfeb6e000-0xfeb6efff]
[    0.796973] pci 0000:00:12.2: [1022:7808] type 00 class 0x0c0320
[    0.796973] pci 0000:00:12.2: reg 0x10: [mem 0xfeb6d000-0xfeb6d0ff]
[    0.796973] pci 0000:00:12.2: supports D1 D2
[    0.796973] pci 0000:00:12.2: PME# supported from D0 D1 D2 D3hot D3cold
[    0.796973] pci 0000:00:13.0: [1022:7807] type 00 class 0x0c0310
[    0.796973] pci 0000:00:13.0: reg 0x10: [mem 0xfeb6c000-0xfeb6cfff]
[    0.796973] pci 0000:00:13.2: [1022:7808] type 00 class 0x0c0320
[    0.796973] pci 0000:00:13.2: reg 0x10: [mem 0xfeb6b000-0xfeb6b0ff]
[    0.796973] pci 0000:00:13.2: supports D1 D2
[    0.796973] pci 0000:00:13.2: PME# supported from D0 D1 D2 D3hot D3cold
[    0.796973] pci 0000:00:14.0: [1022:780b] type 00 class 0x0c0500
[    0.796973] pci 0000:00:14.2: [1022:780d] type 00 class 0x040300
[    0.796973] pci 0000:00:14.2: reg 0x10: [mem 0xfeb60000-0xfeb63fff 64bit]
[    0.796973] pci 0000:00:14.2: PME# supported from D0 D3hot D3cold
[    0.796973] pci 0000:00:14.3: [1022:780e] type 00 class 0x060100
[    0.796973] pci 0000:00:14.7: [1022:7813] type 00 class 0x080501
[    0.796973] pci 0000:00:14.7: reg 0x10: [mem 0xfeb6a000-0xfeb6a0ff 64bit]
[    0.796973] pci 0000:00:18.0: [1022:1530] type 00 class 0x060000
[    0.797090] pci 0000:00:18.1: [1022:1531] type 00 class 0x060000
[    0.797305] pci 0000:00:18.2: [1022:1532] type 00 class 0x060000
[    0.797517] pci 0000:00:18.3: [1022:1533] type 00 class 0x060000
[    0.797746] pci 0000:00:18.4: [1022:1534] type 00 class 0x060000
[    0.797958] pci 0000:00:18.5: [1022:1535] type 00 class 0x060000
[    0.798335] pci 0000:01:00.0: [168c:0032] type 00 class 0x028000
[    0.798406] pci 0000:01:00.0: reg 0x10: [mem 0xfea00000-0xfea7ffff 64bit]
[    0.798471] pci 0000:01:00.0: reg 0x30: [mem 0xfea80000-0xfea8ffff pref]
[    0.798604] pci 0000:01:00.0: supports D1 D2
[    0.798615] pci 0000:01:00.0: PME# supported from D0 D1 D2 D3hot D3cold
[    0.798881] pci 0000:00:02.2: PCI bridge to [bus 01]
[    0.798901] pci 0000:00:02.2:   bridge window [mem 0xfea00000-0xfeafffff]
[    0.799042] pci 0000:02:00.0: [10ec:8136] type 00 class 0x020000
[    0.799104] pci 0000:02:00.0: reg 0x10: [io  0xe000-0xe0ff]
[    0.799155] pci 0000:02:00.0: reg 0x18: [mem 0xd0804000-0xd0804fff 64bit pref]
[    0.799190] pci 0000:02:00.0: reg 0x20: [mem 0xd0800000-0xd0803fff 64bit pref]
[    0.799362] pci 0000:02:00.0: supports D1 D2
[    0.799372] pci 0000:02:00.0: PME# supported from D0 D1 D2 D3hot D3cold
[    0.799657] pci 0000:00:02.3: PCI bridge to [bus 02]
[    0.799674] pci 0000:00:02.3:   bridge window [io  0xe000-0xefff]
[    0.799692] pci 0000:00:02.3:   bridge window [mem 0xd0800000-0xd08fffff 64bit pref]
[    0.804977] ACPI: PCI Interrupt Link [LNKA] (IRQs 4 7 10 11 14 15) *0
[    0.804977] ACPI: PCI Interrupt Link [LNKB] (IRQs 4 7 10 11 14 15) *0
[    0.804977] ACPI: PCI Interrupt Link [LNKC] (IRQs 4 7 10 11 14 15) *0
[    0.804977] ACPI: PCI Interrupt Link [LNKD] (IRQs 4 7 10 11 14 15) *0
[    0.804977] ACPI: PCI Interrupt Link [LNKE] (IRQs 4 7 10 11 14 15) *0
[    0.804977] ACPI: PCI Interrupt Link [LNKF] (IRQs 4 7 10 11 14 15) *0
[    0.804977] ACPI: PCI Interrupt Link [LNKG] (IRQs 4 7 10 11 14 15) *0
[    0.804977] ACPI: PCI Interrupt Link [LNKH] (IRQs 4 7 10 11 14 15) *0
[    0.808997] ACPI: EC: interrupt unblocked
[    0.808997] ACPI: EC: event unblocked
[    0.808997] ACPI: \_SB_.PCI0.SBRG.EC0_: GPE=0x3, EC_CMD/EC_SC=0x66, EC_DATA=0x62
[    0.808997] ACPI: \_SB_.PCI0.SBRG.EC0_: Boot DSDT EC used to handle transactions and events
[    0.809965] pci 0000:00:01.0: vgaarb: setting as boot VGA device
[    0.809965] pci 0000:00:01.0: vgaarb: VGA device added: decodes=io+mem,owns=io+mem,locks=none
[    0.809965] pci 0000:00:01.0: vgaarb: bridge control possible
[    0.809965] vgaarb: loaded
[    0.810370] SCSI subsystem initialized
[    0.810811] libata version 3.00 loaded.
[    0.811164] ACPI: bus type USB registered
[    0.811346] usbcore: registered new interface driver usbfs
[    0.811346] usbcore: registered new interface driver hub
[    0.811489] usbcore: registered new device driver usb
[    0.811875] pps_core: LinuxPPS API ver. 1 registered
[    0.811875] pps_core: Software ver. 5.3.6 - Copyright 2005-2007 Rodolfo Giometti <giometti@linux.it>
[    0.811875] PTP clock support registered
[    0.812369] EDAC MC: Ver: 3.0.0
[    0.813504] Registered efivars operations
[    0.813661] Advanced Linux Sound Architecture Driver Initialized.
[    0.813661] PCI: Using ACPI for IRQ routing
[    0.823331] PCI: pci_cache_line_size set to 64 bytes
[    0.823448] e820: reserve RAM buffer [mem 0x9d0f8000-0x9fffffff]
[    0.823453] e820: reserve RAM buffer [mem 0x9d371000-0x9fffffff]
[    0.823458] e820: reserve RAM buffer [mem 0x9e9cc000-0x9fffffff]
[    0.823461] e820: reserve RAM buffer [mem 0x9eb25000-0x9fffffff]
[    0.823464] e820: reserve RAM buffer [mem 0x9f081000-0x9fffffff]
[    0.823467] e820: reserve RAM buffer [mem 0x9f400000-0x9fffffff]
[    0.823470] e820: reserve RAM buffer [mem 0x13f000000-0x13fffffff]
[    0.827395] NetLabel: Initializing
[    0.827395] NetLabel:  domain hash size = 128
[    0.827395] NetLabel:  protocols = UNLABELED CIPSOv4 CALIPSO
[    0.827395] NetLabel:  unlabeled traffic allowed by default
[    0.828082] hpet0: at MMIO 0xfed00000, IRQs 2, 8, 0
[    0.828082] hpet0: 3 comparators, 32-bit 14.318180 MHz counter
[    0.830216] clocksource: Switched to clocksource tsc-early
[    0.879619] VFS: Disk quotas dquot_6.6.0
[    0.879688] VFS: Dquot-cache hash table entries: 512 (order 0, 4096 bytes)
[    0.879780] *** VALIDATE hugetlbfs ***
[    0.879894] pnp: PnP ACPI init
[    0.880389] system 00:00: [mem 0xe0000000-0xefffffff] has been reserved
[    0.880482] system 00:00: Plug and Play ACPI device, IDs PNP0c01 (active)
[    0.880742] system 00:01: [mem 0xa0000000-0xbfffffff] has been reserved
[    0.880820] system 00:01: Plug and Play ACPI device, IDs PNP0c02 (active)
[    0.881087] system 00:02: Plug and Play ACPI device, IDs PNP0c02 (active)
[    0.881232] pnp 00:03: Plug and Play ACPI device, IDs PNP0b00 (active)
[    0.881473] system 00:04: [io  0x04d0-0x04d1] has been reserved
[    0.881546] system 00:04: Plug and Play ACPI device, IDs PNP0c02 (active)
[    0.881799] pnp 00:05: Plug and Play ACPI device, IDs ETD0108 SYN0a00 SYN0002 PNP0f03 PNP0f13 PNP0f12 (active)
[    0.881973] pnp 00:06: Plug and Play ACPI device, IDs ATK3001 PNP030b (active)
[    0.882762] system 00:07: [io  0x04d0-0x04d1] has been reserved
[    0.882776] system 00:07: [io  0x040b] has been reserved
[    0.882787] system 00:07: [io  0x04d6] has been reserved
[    0.882798] system 00:07: [io  0x0c00-0x0c01] has been reserved
[    0.882808] system 00:07: [io  0x0c14] has been reserved
[    0.882819] system 00:07: [io  0x0c50-0x0c51] has been reserved
[    0.882830] system 00:07: [io  0x0c52] has been reserved
[    0.882844] system 00:07: [io  0x0c6c] has been reserved
[    0.882855] system 00:07: [io  0x0c6f] has been reserved
[    0.882865] system 00:07: [io  0x0cd0-0x0cd1] has been reserved
[    0.882876] system 00:07: [io  0x0cd2-0x0cd3] has been reserved
[    0.882886] system 00:07: [io  0x0cd4-0x0cd5] has been reserved
[    0.882897] system 00:07: [io  0x0cd6-0x0cd7] has been reserved
[    0.882907] system 00:07: [io  0x0cd8-0x0cdf] has been reserved
[    0.882917] system 00:07: [io  0x0800-0x089f] has been reserved
[    0.882928] system 00:07: [io  0x0900-0x090f] has been reserved
[    0.882938] system 00:07: [io  0x0910-0x091f] has been reserved
[    0.882949] system 00:07: [io  0xfe00-0xfefe] has been reserved
[    0.882963] system 00:07: [mem 0xfec00000-0xfec00fff] could not be reserved
[    0.882975] system 00:07: [mem 0xfee00000-0xfee00fff] has been reserved
[    0.882987] system 00:07: [mem 0xfed80000-0xfed8ffff] has been reserved
[    0.882998] system 00:07: [mem 0xfed61000-0xfed70fff] has been reserved
[    0.883009] system 00:07: [mem 0xfec10000-0xfec10fff] has been reserved
[    0.883021] system 00:07: [mem 0xfed00000-0xfed00fff] could not be reserved
[    0.883033] system 00:07: [mem 0xff000000-0xffffffff] has been reserved
[    0.883107] system 00:07: Plug and Play ACPI device, IDs PNP0c02 (active)
[    0.883946] pnp: PnP ACPI: found 8 devices
[    0.899127] clocksource: acpi_pm: mask: 0xffffff max_cycles: 0xffffff, max_idle_ns: 2085701024 ns
[    0.899192] pci 0000:00:02.2: PCI bridge to [bus 01]
[    0.899213] pci 0000:00:02.2:   bridge window [mem 0xfea00000-0xfeafffff]
[    0.899232] pci 0000:00:02.3: PCI bridge to [bus 02]
[    0.899245] pci 0000:00:02.3:   bridge window [io  0xe000-0xefff]
[    0.899262] pci 0000:00:02.3:   bridge window [mem 0xd0800000-0xd08fffff 64bit pref]
[    0.899285] pci_bus 0000:00: resource 4 [io  0x0000-0x03af window]
[    0.899296] pci_bus 0000:00: resource 5 [io  0x03e0-0x0cf7 window]
[    0.899306] pci_bus 0000:00: resource 6 [io  0x03b0-0x03df window]
[    0.899317] pci_bus 0000:00: resource 7 [io  0x0d00-0xffff window]
[    0.899327] pci_bus 0000:00: resource 8 [mem 0x000a0000-0x000bffff window]
[    0.899338] pci_bus 0000:00: resource 9 [mem 0x000c0000-0x000dffff window]
[    0.899372] pci_bus 0000:00: resource 10 [mem 0xc0000000-0xffffffff window]
[    0.899384] pci_bus 0000:01: resource 1 [mem 0xfea00000-0xfeafffff]
[    0.899394] pci_bus 0000:02: resource 0 [io  0xe000-0xefff]
[    0.899404] pci_bus 0000:02: resource 2 [mem 0xd0800000-0xd08fffff 64bit pref]
[    0.900226] NET: Registered protocol family 2
[    0.900691] tcp_listen_portaddr_hash hash table entries: 2048 (order: 3, 32768 bytes)
[    0.900753] TCP established hash table entries: 32768 (order: 6, 262144 bytes)
[    0.900974] TCP bind hash table entries: 32768 (order: 7, 524288 bytes)
[    0.901206] TCP: Hash tables configured (established 32768 bind 32768)
[    0.901368] UDP hash table entries: 2048 (order: 4, 65536 bytes)
[    0.901427] UDP-Lite hash table entries: 2048 (order: 4, 65536 bytes)
[    0.901604] NET: Registered protocol family 1
[    0.901994] RPC: Registered named UNIX socket transport module.
[    0.902005] RPC: Registered udp transport module.
[    0.902012] RPC: Registered tcp transport module.
[    0.902019] RPC: Registered tcp NFSv4.1 backchannel transport module.
[    0.902606] pci 0000:00:01.0: Video device with shadowed ROM at [mem 0x000c0000-0x000dffff]
[    0.903116] pci 0000:00:12.0: enabling device (0000 -> 0002)
[    0.903746] pci 0000:00:12.2: PME# does not work under D3, disabling it
[    0.903770] pci 0000:00:13.0: enabling device (0000 -> 0002)
[    0.904383] pci 0000:00:13.2: PME# does not work under D3, disabling it
[    0.904471] PCI: CLS 64 bytes, default 64
[    0.904613] PCI-DMA: Using software bounce buffering for IO (SWIOTLB)
[    0.904625] software IO TLB: mapped [mem 0x97989000-0x9b989000] (64MB)
[    0.904856] amd_uncore: AMD NB counters detected
[    0.904873] amd_uncore: AMD LLC counters detected
[    0.904997] LVT offset 0 assigned for vector 0x400
[    0.905084] perf: AMD IBS detected (0x000000ff)
[    0.905103] kvm: no hardware support
[    0.905208] kvm: Nested Virtualization enabled
[    0.905221] kvm: Nested Paging enabled
[    0.906163] check: Scanning for low memory corruption every 60 seconds
[    0.909815] Initialise system trusted keyrings
[    0.910135] workingset: timestamp_bits=56 max_order=20 bucket_order=0
[    0.925389] fuse: init (API version 7.31)
[    0.929529] Key type asymmetric registered
[    0.929547] Asymmetric key parser 'x509' registered
[    0.929597] Block layer SCSI generic (bsg) driver version 0.4 loaded (major 249)
[    0.929609] io scheduler mq-deadline registered
[    0.929617] io scheduler kyber registered
[    0.930318] pcieport 0000:00:02.2: PME: Signaling with IRQ 25
[    0.930761] pcieport 0000:00:02.3: PME: Signaling with IRQ 27
[    0.931899] uvesafb: failed to execute /sbin/v86d
[    0.931910] uvesafb: make sure that the v86d helper is installed and executable
[    0.931921] uvesafb: Getting VBE info block failed (eax=0x4f00, err=-2)
[    0.931930] uvesafb: vbe_init() failed with -22
[    0.931946] uvesafb: probe of uvesafb.0 failed with error -22
[    0.932017] efifb: probing for efifb
[    0.932067] efifb: framebuffer at 0xc0000000, using 4224k, total 4224k
[    0.932077] efifb: mode is 1366x768x32, linelength=5632, pages=1
[    0.932083] efifb: scrolling: redraw
[    0.932092] efifb: Truecolor: size=8:8:8:8, shift=24:16:8:0
[    0.942648] Console: switching to colour frame buffer device 170x48
[    0.952618] fb0: EFI VGA frame buffer device
[    0.953214] ACPI: AC Adapter [AC0] (on-line)
[    0.953620] input: Power Button as /devices/LNXSYSTM:00/LNXSYBUS:00/PNP0C0C:00/input/input0
[    0.953781] ACPI: Power Button [PWRB]
[    0.954066] input: Lid Switch as /devices/LNXSYSTM:00/LNXSYBUS:00/PNP0C0D:00/input/input1
[    0.954212] ACPI: Lid Switch [LID]
[    0.954490] input: Sleep Button as /devices/LNXSYSTM:00/LNXSYBUS:00/PNP0C0E:00/input/input2
[    0.954652] ACPI: Sleep Button [SLPB]
[    0.954926] input: Power Button as /devices/LNXSYSTM:00/LNXPWRBN:00/input/input3
[    0.955063] ACPI: Power Button [PWRF]
[    0.960532] thermal LNXTHERM:00: registered as thermal_zone0
[    0.960639] ACPI: Thermal Zone [THRM] (42 C)
[    0.963095] Serial: 8250/16550 driver, 4 ports, IRQ sharing enabled
[    0.968696] Non-volatile memory driver v1.3
[    0.968962] Linux agpgart interface v0.103
[    0.976836] loop: module loaded
[    0.977472] ahci 0000:00:11.0: version 3.0
[    0.977935] ahci 0000:00:11.0: AHCI 0001.0300 32 slots 2 ports 6 Gbps 0x3 impl SATA mode
[    0.978075] ahci 0000:00:11.0: flags: 64bit ncq sntf ilck pm led clo pmp pio slum part 
[    0.983011] scsi host0: ahci
[    0.986897] scsi host1: ahci
[    0.990389] ata1: SATA max UDMA/133 abar m1024@0xfeb6f000 port 0xfeb6f100 irq 28
[    0.993585] ata2: SATA max UDMA/133 abar m1024@0xfeb6f000 port 0xfeb6f180 irq 28
[    0.997272] tun: Universal TUN/TAP device driver, 1.6
[    1.000652] e1000: Intel(R) PRO/1000 Network Driver - version 7.3.21-k8-NAPI
[    1.003858] e1000: Copyright (c) 1999-2006 Intel Corporation.
[    1.007099] e1000e: Intel(R) PRO/1000 Network Driver - 3.2.6-k
[    1.010270] e1000e: Copyright(c) 1999 - 2015 Intel Corporation.
[    1.014022] sky2: driver version 1.30
[    1.017296] r8169 0000:02:00.0: can't disable ASPM; OS doesn't have ASPM control
[    1.021570] libphy: r8169: probed
[    1.025164] r8169 0000:02:00.0 eth0: RTL8105e, 74:d0:2b:a3:a6:42, XID 40a, IRQ 30
[    1.028650] ath9k 0000:01:00.0: enabling device (0000 -> 0002)
[    1.033186] ath: phy0: Disable PLL PowerSave
[    1.044073] ath: phy0: ASPM enabled: 0x42
[    1.047281] ath: EEPROM regdomain: 0x60
[    1.047283] ath: EEPROM indicates we should expect a direct regpair map
[    1.047288] ath: Country alpha2 being used: 00
[    1.047290] ath: Regpair used: 0x60
[    1.056438] ieee80211 phy0: Selected rate control algorithm 'minstrel_ht'
[    1.056941] ieee80211 phy0: Atheros AR9485 Rev:1 mem=0xffffa94002e80000, irq=31
[    1.060849] ehci_hcd: USB 2.0 'Enhanced' Host Controller (EHCI) Driver
[    1.064153] ehci-pci: EHCI PCI platform driver
[    1.067757] ehci-pci 0000:00:12.2: EHCI Host Controller
[    1.071365] ehci-pci 0000:00:12.2: new USB bus registered, assigned bus number 1
[    1.074681] ehci-pci 0000:00:12.2: applying AMD SB700/SB800/Hudson-2/3 EHCI dummy qh workaround
[    1.078032] ehci-pci 0000:00:12.2: debug port 1
[    1.082172] ehci-pci 0000:00:12.2: irq 17, io mem 0xfeb6d000
[    1.110009] ehci-pci 0000:00:12.2: USB 2.0 started, EHCI 1.00
[    1.113377] usb usb1: New USB device found, idVendor=1d6b, idProduct=0002, bcdDevice= 5.02
[    1.116730] usb usb1: New USB device strings: Mfr=3, Product=2, SerialNumber=1
[    1.120045] usb usb1: Product: EHCI Host Controller
[    1.123290] usb usb1: Manufacturer: Linux 5.2.0-rc6+ ehci_hcd
[    1.126501] usb usb1: SerialNumber: 0000:00:12.2
[    1.129991] hub 1-0:1.0: USB hub found
[    1.133093] hub 1-0:1.0: 4 ports detected
[    1.138344] ehci-pci 0000:00:13.2: EHCI Host Controller
[    1.142389] ehci-pci 0000:00:13.2: new USB bus registered, assigned bus number 2
[    1.145398] ehci-pci 0000:00:13.2: applying AMD SB700/SB800/Hudson-2/3 EHCI dummy qh workaround
[    1.148439] ehci-pci 0000:00:13.2: debug port 1
[    1.151545] ehci-pci 0000:00:13.2: irq 17, io mem 0xfeb6b000
[    1.179415] ehci-pci 0000:00:13.2: USB 2.0 started, EHCI 1.00
[    1.182453] usb usb2: New USB device found, idVendor=1d6b, idProduct=0002, bcdDevice= 5.02
[    1.185486] usb usb2: New USB device strings: Mfr=3, Product=2, SerialNumber=1
[    1.188528] usb usb2: Product: EHCI Host Controller
[    1.191525] usb usb2: Manufacturer: Linux 5.2.0-rc6+ ehci_hcd
[    1.194504] usb usb2: SerialNumber: 0000:00:13.2
[    1.197757] hub 2-0:1.0: USB hub found
[    1.202492] battery: ACPI: Battery Slot [BAT0] (battery present)
[    1.205609] hub 2-0:1.0: 4 ports detected
[    1.210793] ohci_hcd: USB 1.1 'Open' Host Controller (OHCI) Driver
[    1.213870] ohci-pci: OHCI PCI platform driver
[    1.217121] ohci-pci 0000:00:12.0: OHCI PCI host controller
[    1.220443] ohci-pci 0000:00:12.0: new USB bus registered, assigned bus number 3
[    1.223506] ohci-pci 0000:00:12.0: irq 18, io mem 0xfeb6e000
[    1.303550] usb usb3: New USB device found, idVendor=1d6b, idProduct=0001, bcdDevice= 5.02
[    1.306592] usb usb3: New USB device strings: Mfr=3, Product=2, SerialNumber=1
[    1.309612] usb usb3: Product: OHCI PCI host controller
[    1.312574] usb usb3: Manufacturer: Linux 5.2.0-rc6+ ohci_hcd
[    1.315510] usb usb3: SerialNumber: 0000:00:12.0
[    1.318815] hub 3-0:1.0: USB hub found
[    1.321807] hub 3-0:1.0: 4 ports detected
[    1.326967] ohci-pci 0000:00:13.0: OHCI PCI host controller
[    1.329903] ata2: SATA link down (SStatus 0 SControl 300)
[    1.332972] ohci-pci 0000:00:13.0: new USB bus registered, assigned bus number 4
[    1.335962] ohci-pci 0000:00:13.0: irq 18, io mem 0xfeb6c000
[    1.413547] usb usb4: New USB device found, idVendor=1d6b, idProduct=0001, bcdDevice= 5.02
[    1.416501] usb usb4: New USB device strings: Mfr=3, Product=2, SerialNumber=1
[    1.419431] usb usb4: Product: OHCI PCI host controller
[    1.422319] usb usb4: Manufacturer: Linux 5.2.0-rc6+ ohci_hcd
[    1.425231] usb usb4: SerialNumber: 0000:00:13.0
[    1.428533] hub 4-0:1.0: USB hub found
[    1.431464] hub 4-0:1.0: 4 ports detected
[    1.436427] uhci_hcd: USB Universal Host Controller Interface driver
[    1.439641] usbcore: registered new interface driver usblp
[    1.442678] usbcore: registered new interface driver usb-storage
[    1.445647] usbcore: registered new interface driver ch341
[    1.448495] usbserial: USB Serial support registered for ch341-uart
[    1.451664] i8042: PNP: PS/2 Controller [PNP030b:PS2K,PNP0f03:PS2M] at 0x60,0x64 irq 1,12
[    1.456326] i8042: Detected active multiplexing controller, rev 1.1
[    1.460001] serio: i8042 KBD port at 0x60,0x64 irq 1
[    1.462893] serio: i8042 AUX0 port at 0x60,0x64 irq 12
[    1.465874] serio: i8042 AUX1 port at 0x60,0x64 irq 12
[    1.468807] serio: i8042 AUX2 port at 0x60,0x64 irq 12
[    1.471630] serio: i8042 AUX3 port at 0x60,0x64 irq 12
[    1.475136] mousedev: PS/2 mouse device common for all mice
[    1.478807] rtc_cmos 00:03: RTC can wake from S4
[    1.482018] rtc_cmos 00:03: registered as rtc0
[    1.484760] rtc_cmos 00:03: alarms up to one month, y3k, 114 bytes nvram, hpet irqs
[    1.488103] device-mapper: ioctl: 4.40.0-ioctl (2019-01-18) initialised: dm-devel@redhat.com
[    1.491164] EFI Variables Facility v0.08 2004-May-17
[    1.503475] hidraw: raw HID events driver (C) Jiri Kosina
[    1.508860] usbcore: registered new interface driver usbhid
[    1.511722] usbhid: USB HID core driver
[    1.519454] ata1: SATA link up 6.0 Gbps (SStatus 133 SControl 300)
[    1.522479] input: AT Translated Set 2 keyboard as /devices/platform/i8042/serio0/input/input4
[    1.528668] snd_hda_intel 0000:00:01.1: enabling device (0000 -> 0002)
[    1.529831] ata1.00: ATA-8: KINGSTON SV300S37A120G, 603ABBF0, max UDMA/133
[    1.532901] snd_hda_intel 0000:00:01.1: Force to non-snoop mode
[    1.534450] ata1.00: 234441648 sectors, multi 1: LBA48 NCQ (depth 32), AA
[    1.544488] Initializing XFRM netlink socket
[    1.548257] NET: Registered protocol family 10
[    1.550905] ata1.00: configured for UDMA/133
[    1.552614] Segment Routing with IPv6
[    1.557340] scsi 0:0:0:0: Direct-Access     ATA      KINGSTON SV300S3 BBF0 PQ: 0 ANSI: 5
[    1.561055] snd_hda_codec_generic hdaudioC0D0: autoconfig for Generic: line_outs=0 (0x0/0x0/0x0/0x0/0x0) type:line
[    1.564118] snd_hda_codec_generic hdaudioC0D0:    speaker_outs=0 (0x0/0x0/0x0/0x0/0x0)
[    1.567141] snd_hda_codec_generic hdaudioC0D0:    hp_outs=0 (0x0/0x0/0x0/0x0/0x0)
[    1.570159] snd_hda_codec_generic hdaudioC0D0:    mono: mono_out=0x0
[    1.573092] snd_hda_codec_generic hdaudioC0D0:    dig-out=0x3/0x0
[    1.575978] snd_hda_codec_generic hdaudioC0D0:    inputs:
[    1.579805] sd 0:0:0:0: [sda] 234441648 512-byte logical blocks: (120 GB/112 GiB)
[    1.582735] sd 0:0:0:0: [sda] Write Protect is off
[    1.585609] sd 0:0:0:0: [sda] Mode Sense: 00 3a 00 00
[    1.585915] sd 0:0:0:0: Attached scsi generic sg0 type 0
[    1.589074] sit: IPv6, IPv4 and MPLS over IPv4 tunneling driver
[    1.592143] sd 0:0:0:0: [sda] Write cache: enabled, read cache: enabled, doesn't support DPO or FUA
[    1.595661] NET: Registered protocol family 17
[    1.599829] random: fast init done
[    1.607456] mce: Using 6 MCE banks
[    1.610819] input: HDA ATI HDMI HDMI as /devices/pci0000:00/0000:00:01.1/sound/card0/input6
[    1.614981] microcode: CPU0: patch_level=0x0700010b
[    1.618051] microcode: CPU1: patch_level=0x0700010b
[    1.621953] snd_hda_codec_realtek hdaudioC1D0: autoconfig for ALC3229: line_outs=1 (0x14/0x0/0x0/0x0/0x0) type:speaker
[    1.625081] snd_hda_codec_realtek hdaudioC1D0:    speaker_outs=0 (0x0/0x0/0x0/0x0/0x0)
[    1.625874] rq->curr == THREAD(this messg)
[    1.625877] proc in rq 0
[    1.628213] snd_hda_codec_realtek hdaudioC1D0:    hp_outs=1 (0x21/0x0/0x0/0x0/0x0)
[    1.628217] snd_hda_codec_realtek hdaudioC1D0:    mono: mono_out=0x0
[    1.628222] snd_hda_codec_realtek hdaudioC1D0:    inputs:
[    1.631380] rq->nr_running rq->cfs.nr_running : 1 1
[    1.631382] rq->load.weight, rq->cfs.load.weight : 1048576 1048576
[    1.631384] ----------------^^^^TUX0^^^^^-----------------------
[    1.631386] rq->curr->pid == 1458
[    1.631390] color, tsk->comm, weight, vruntime: -113480702347624 kworker/u8:4 1048576 830396535
[    1.631393] color, tsk->comm, weight, vruntime: 1 kworker/u8:3 1048576 837141862
[    1.631396] color, tsk->comm, weight, vruntime: -113480702347624 swapper/0 1048576 840229311
[    1.631397] proc in rq 3
[    1.631400] rq->nr_running rq->cfs.nr_running : 4 4
[    1.631401] rq->load.weight, rq->cfs.load.weight : 4194304 4194304
[    1.631403] ----------------^^^^TUX1^^^^^-----------------------
[    1.676577] snd_hda_codec_realtek hdaudioC1D0:      Mic=0x19
[    1.683463] microcode: Microcode Update Driver: v2.2.
[    1.683502] sched_clock: Marking stable (1678020480, 1694429)->(1801961502, -122246593)
[    1.690011]  sda: sda1 sda2 sda3 sda4 sda5 sda6
[    1.695793] sd 0:0:0:0: [sda] Attached SCSI disk
[    1.699639] registered taskstats version 1
[    1.702799] Loading compiled-in X.509 certificates
[    1.718482] input: HD-Audio Generic Headphone as /devices/pci0000:00/0000:00:14.2/sound/card1/input11
[    1.723008] acpi_cpufreq: overriding BIOS provided _PSD data
[    1.726825] cfg80211: Loading compiled-in X.509 certificates for regulatory database
[    1.731691] cfg80211: Loaded X.509 cert 'sforshee: 00b28ddf47aef9cea7'
[    1.735095] platform regulatory.0: Direct firmware load for regulatory.db failed with error -2
[    1.738474] cfg80211: failed to load regulatory.db
[    1.741985] ALSA device list:
[    1.745371]   #0: HDA ATI HDMI at 0xfeb64000 irq 33
[    1.752391]   #1: HD-Audio Generic at 0xfeb60000 irq 16
[    1.918041] tsc: Refined TSC clocksource calibration: 998.128 MHz
[    1.921414] clocksource: tsc: mask: 0xffffffffffffffff max_cycles: 0x1cc65d64e77, max_idle_ns: 881590512558 ns
[    1.925709] clocksource: Switched to clocksource tsc
[    1.938043] usb 4-2: new full-speed USB device number 2 using ohci-pci
[    2.210524] usb 4-2: New USB device found, idVendor=13d3, idProduct=3362, bcdDevice= 0.01
[    2.214020] usb 4-2: New USB device strings: Mfr=1, Product=2, SerialNumber=3
[    2.217454] usb 4-2: Product: Bluetooth USB Host Controller
[    2.220846] usb 4-2: Manufacturer: Atheros Communications
[    2.224272] usb 4-2: SerialNumber: Alaska Day 2006
[    2.371103] input: PS/2 Logitech Wheel Mouse as /devices/platform/i8042/serio4/input/input14
[    2.377200] md: Waiting for all devices to be available before autodetect
[    2.380599] md: If you don't use raid, use raid=noautodetect
[    2.384473] md: Autodetecting RAID arrays.
[    2.387824] md: autorun ...
[    2.391162] md: ... autorun DONE.
[    2.399246] EXT4-fs (sda2): mounted filesystem with ordered data mode. Opts: (null)
[    2.402713] VFS: Mounted root (ext4 filesystem) readonly on device 8:2.
[    2.407324] devtmpfs: mounted
[    2.411659] Freeing unused kernel image memory: 1296K
[    2.448083] Write protecting the kernel read-only data: 22528k
[    2.453128] Freeing unused kernel image memory: 1984K
[    2.457727] Freeing unused kernel image memory: 1688K
[    2.461152] Run /sbin/init as init process
[    2.518420] stty (1758) used greatest stack depth: 13792 bytes left
[    2.538082] usb 2-3: new high-speed USB device number 3 using ehci-pci
[    2.620334] sed (1772) used greatest stack depth: 13576 bytes left
[    2.628061] rq->curr == THREAD(this messg)
[    2.628068] color, tsk->comm, weight, vruntime: 1 S00mountvirtfs 1048576 1666120124
[    2.631667] proc in rq 1
[    2.635271] rq->nr_running rq->cfs.nr_running : 2 2
[    2.642352] rq->load.weight, rq->cfs.load.weight : 2097152 2097152
[    2.642355] ----------------^^^^TUX0^^^^^-----------------------
[    2.645925] rq->curr->pid == 0
[    2.649519] proc in rq 0
[    2.653013] rq->nr_running rq->cfs.nr_running : 0 0
[    2.659815] rq->load.weight, rq->cfs.load.weight : 0 0
[    2.659817] ----------------^^^^TUX1^^^^^-----------------------
[    2.779534] usb 2-3: New USB device found, idVendor=04f2, idProduct=b404, bcdDevice=69.63
[    2.786586] usb 2-3: New USB device strings: Mfr=3, Product=1, SerialNumber=2
[    2.790183] usb 2-3: Product: USB2.0 HD UVC WebCam
[    2.793742] usb 2-3: Manufacturer: Chicony Electronics Co.,Ltd.
[    2.797300] usb 2-3: SerialNumber: 0x0001
[    2.831640] ip (1820) used greatest stack depth: 12552 bytes left
[    2.920807] udevd[1850]: starting version 3.2.1
[    2.929241] random: udevd: uninitialized urandom read (16 bytes read)
[    2.933208] random: udevd: uninitialized urandom read (16 bytes read)
[    2.937046] random: udevd: uninitialized urandom read (16 bytes read)
[    2.960888] udevd[1851]: starting eudev-3.2.1
[    3.277536] ath9k 0000:01:00.0 wlp1s0: renamed from wlan0
[    3.319099] r8169 0000:02:00.0 enp2s0: renamed from eth0
[    3.382445] [drm] radeon kernel modesetting enabled.
[    3.385984] radeon 0000:00:01.0: remove_conflicting_pci_framebuffers: bar 0: 0xc0000000 -> 0xcfffffff
[    3.389606] radeon 0000:00:01.0: remove_conflicting_pci_framebuffers: bar 2: 0xd0000000 -> 0xd07fffff
[    3.393179] radeon 0000:00:01.0: remove_conflicting_pci_framebuffers: bar 5: 0xfeb00000 -> 0xfeb3ffff
[    3.409472] checking generic (c0000000 420000) vs hw (c0000000 10000000)
[    3.409479] fb0: switching to radeondrmfb from EFI VGA
[    3.413043] Console: switching to colour dummy device 80x25
[    3.417441] radeon 0000:00:01.0: vgaarb: deactivate vga console
[    3.420446] [drm] initializing kernel modesetting (KABINI 0x1002:0x9839 0x1043:0x141D 0x00).
[    3.420520] [drm] doorbell mmio base: 0xD0000000
[    3.420528] [drm] doorbell mmio size: 8388608
[    3.420565] ATOM BIOS: AMD
[    3.420645] [drm] Changing default dispclk from 400Mhz to 600Mhz
[    3.420689] radeon 0000:00:01.0: VRAM: 512M 0x0000000000000000 - 0x000000001FFFFFFF (512M used)
[    3.420705] radeon 0000:00:01.0: GTT: 2048M 0x0000000020000000 - 0x000000009FFFFFFF
[    3.420726] [drm] Detected VRAM RAM=512M, BAR=256M
[    3.420734] [drm] RAM width 128bits DDR
[    3.433515] [TTM] Zone  kernel: Available graphics memory: 1729536 KiB
[    3.433535] [TTM] Initializing pool allocator
[    3.433554] [TTM] Initializing DMA pool allocator
[    3.433612] [drm] radeon: 512M of VRAM memory ready
[    3.433622] [drm] radeon: 2048M of GTT memory ready.
[    3.433669] [drm] Loading kabini Microcode
[    3.439021] [drm] Internal thermal controller without fan control
[    3.439916] [drm] radeon: dpm initialized
[    3.441218] [drm] Found UVD firmware Version: 1.64 Family ID: 9
[    3.446039] [drm] Found VCE firmware/feedback version 40.2.2 / 15!
[    3.446110] [drm] GART: num cpu pages 524288, num gpu pages 524288
[    3.552149] [drm] PCIE GART of 2048M enabled (table at 0x000000000030E000).
[    3.552432] radeon 0000:00:01.0: WB enabled
[    3.552480] radeon 0000:00:01.0: fence driver on ring 0 use gpu addr 0x0000000020000c00 and cpu addr 0x(____ptrval____)
[    3.552497] radeon 0000:00:01.0: fence driver on ring 1 use gpu addr 0x0000000020000c04 and cpu addr 0x(____ptrval____)
[    3.552512] radeon 0000:00:01.0: fence driver on ring 2 use gpu addr 0x0000000020000c08 and cpu addr 0x(____ptrval____)
[    3.552527] radeon 0000:00:01.0: fence driver on ring 3 use gpu addr 0x0000000020000c0c and cpu addr 0x(____ptrval____)
[    3.552541] radeon 0000:00:01.0: fence driver on ring 4 use gpu addr 0x0000000020000c10 and cpu addr 0x(____ptrval____)
[    3.553469] radeon 0000:00:01.0: fence driver on ring 5 use gpu addr 0x0000000000078d30 and cpu addr 0x(____ptrval____)
[    3.553862] radeon 0000:00:01.0: fence driver on ring 6 use gpu addr 0x0000000020000c18 and cpu addr 0x(____ptrval____)
[    3.553879] radeon 0000:00:01.0: fence driver on ring 7 use gpu addr 0x0000000020000c1c and cpu addr 0x(____ptrval____)
[    3.553894] [drm] Supports vblank timestamp caching Rev 2 (21.10.2013).
[    3.553901] [drm] Driver supports precise vblank timestamp query.
[    3.554015] radeon 0000:00:01.0: radeon: using MSI.
[    3.554078] [drm] radeon: irq initialized.
[    3.557944] [drm] ring test on 0 succeeded in 3 usecs
[    3.564053] [drm] ring test on 1 succeeded in 3 usecs
[    3.564103] [drm] ring test on 2 succeeded in 4 usecs
[    3.564427] [drm] ring test on 3 succeeded in 6 usecs
[    3.564446] [drm] ring test on 4 succeeded in 6 usecs
[    3.628077] rq->curr->pid == 2252
[    3.628082] color, tsk->comm, weight, vruntime: 1 udevd 1048576 2160998087
[    3.628099] proc in rq 1
[    3.628108] rq->nr_running rq->cfs.nr_running : 2 2
[    3.628119] rq->load.weight, rq->cfs.load.weight : 2097152 2097152
[    3.628121] ----------------^^^^TUX0^^^^^-----------------------
[    3.628128] rq->curr == THREAD(this messg)
[    3.628137] color, tsk->comm, weight, vruntime: 1 udevd 1048576 2369680679
[    3.628143] proc in rq 1
[    3.628151] rq->nr_running rq->cfs.nr_running : 2 2
[    3.628161] rq->load.weight, rq->cfs.load.weight : 2097152 2097152
[    3.628163] ----------------^^^^TUX1^^^^^-----------------------
[    3.662248] [drm] ring test on 5 succeeded in 1 usecs
[    3.688730] [drm] UVD initialized successfully.
[    3.821279] [drm] ring test on 6 succeeded in 19 usecs
[    3.821312] [drm] ring test on 7 succeeded in 3 usecs
[    3.821319] [drm] VCE initialized successfully.
[    3.823635] [drm] ib test on ring 0 succeeded in 0 usecs
[    3.823915] [drm] ib test on ring 1 succeeded in 0 usecs
[    3.824190] [drm] ib test on ring 2 succeeded in 0 usecs
[    3.824865] [drm] ib test on ring 3 succeeded in 0 usecs
[    3.825139] [drm] ib test on ring 4 succeeded in 0 usecs
[    4.348235] [drm] ib test on ring 5 succeeded
[    4.369478] [drm] ib test on ring 6 succeeded
[    4.370486] [drm] ib test on ring 7 succeeded
[    4.418084] [drm] radeon atom DIG backlight initialized
[    4.418106] [drm] Radeon Display Connectors
[    4.418113] [drm] Connector 0:
[    4.418121] [drm]   LVDS-1
[    4.418126] [drm]   HPD1
[    4.418135] [drm]   DDC: 0x6530 0x6530 0x6534 0x6534 0x6538 0x6538 0x653c 0x653c
[    4.418143] [drm]   Encoders:
[    4.418149] [drm]     LCD1: INTERNAL_UNIPHY
[    4.418156] [drm] Connector 1:
[    4.418162] [drm]   HDMI-A-1
[    4.418167] [drm]   HPD2
[    4.418175] [drm]   DDC: 0x6540 0x6540 0x6544 0x6544 0x6548 0x6548 0x654c 0x654c
[    4.418183] [drm]   Encoders:
[    4.418188] [drm]     DFP1: INTERNAL_UNIPHY
[    4.418195] [drm] Connector 2:
[    4.418200] [drm]   VGA-1
[    4.418208] [drm]   DDC: 0x65c0 0x65c0 0x65c4 0x65c4 0x65c8 0x65c8 0x65cc 0x65cc
[    4.418216] [drm]   Encoders:
[    4.418221] [drm]     CRT1: INTERNAL_KLDSCP_DAC1
[    4.628027] rq->curr == THREAD(this messg)
[    4.628030] proc in rq 0
[    4.628040] rq->nr_running rq->cfs.nr_running : 1 1
[    4.628052] rq->load.weight, rq->cfs.load.weight : 1048576 1048576
[    4.628053] ----------------^^^^TUX0^^^^^-----------------------
[    4.628061] rq->curr->pid == 0
[    4.628069] proc in rq 0
[    4.628075] rq->nr_running rq->cfs.nr_running : 0 0
[    4.628085] rq->load.weight, rq->cfs.load.weight : 0 0
[    4.628087] ----------------^^^^TUX1^^^^^-----------------------
[    5.470221] [drm] fb mappable at 0xC0722000
[    5.470242] [drm] vram apper at 0xC0000000
[    5.470248] [drm] size 4325376
[    5.470254] [drm] fb depth is 24
[    5.470260] [drm]    pitch is 5632
[    5.470520] fbcon: radeondrmfb (fb0) is primary device
[    5.578288] Console: switching to colour frame buffer device 170x48
[    5.588624] radeon 0000:00:01.0: fb0: radeondrmfb frame buffer device
[    5.628030] rq->curr == THREAD(this messg)
[    5.628033] proc in rq 0
[    5.628105] rq->nr_running rq->cfs.nr_running : 1 1
[    5.628224] rq->load.weight, rq->cfs.load.weight : 1048576 1048576
[    5.628225] ----------------^^^^TUX0^^^^^-----------------------
[    5.628321] rq->curr->pid == 2250
[    5.628414] proc in rq 0
[    5.628468] rq->nr_running rq->cfs.nr_running : 1 1
[    5.628585] rq->load.weight, rq->cfs.load.weight : 1048576 1048576
[    5.628587] ----------------^^^^TUX1^^^^^-----------------------
[    5.636849] [drm] Initialized radeon 2.50.0 20080528 for 0000:00:01.0 on minor 0
[    5.721910] Adding 3608572k swap on /dev/sda4.  Priority:1 extents:1 across:3608572k SS
[    5.775453] EXT4-fs (sda2): re-mounted. Opts: (null)
[    5.875372] EXT4-fs (sda2): re-mounted. Opts: (null)
[    6.628057] rq->curr->pid == 3345
[    6.628060] proc in rq 0
[    6.631614] rq->nr_running rq->cfs.nr_running : 1 1
[    6.638550] rq->load.weight, rq->cfs.load.weight : 1048576 1048576
[    6.638552] ----------------^^^^TUX0^^^^^-----------------------
[    6.642054] rq->curr == THREAD(this messg)
[    6.645639] color, tsk->comm, weight, vruntime: 1 kworker/1:1 1048576 3619331885
[    6.645643] color, tsk->comm, weight, vruntime: -113480588980712 kworker/1:1H 90891264 3619331885
[    6.645645] proc in rq 2
[    6.645647] rq->nr_running rq->cfs.nr_running : 3 3
[    6.645649] rq->load.weight, rq->cfs.load.weight : 92988416 92988416
[    6.645651] ----------------^^^^TUX1^^^^^-----------------------
[    7.636741] rq->curr == THREAD(this messg)
[    7.640552] color, tsk->comm, weight, vruntime: -113480707674983 syslogd 1048576 6315429647
[    7.644351] color, tsk->comm, weight, vruntime: -113480707678440 rc 1048576 6315429647
[    7.648273] color, tsk->comm, weight, vruntime: -113480707699175 syslogd 1048576 6315650111
[    7.652178] color, tsk->comm, weight, vruntime: -113480707674983 syslogd 1048576 6315789676
[    7.656126] color, tsk->comm, weight, vruntime: 1 syslogd 1048576 6316157206
[    7.660095] color, tsk->comm, weight, vruntime: -113480601432551 syslogd 1048576 6316277326
[    7.663974] color, tsk->comm, weight, vruntime: -113480601422183 syslogd 1048576 6316486568
[    7.667840] color, tsk->comm, weight, vruntime: -113480601432551 syslogd 1048576 6316486569
[    7.671727] color, tsk->comm, weight, vruntime: -113480707699176 syslogd 1048576 6316486569
[    7.675544] color, tsk->comm, weight, vruntime: -113480601415271 syslogd 1048576 6316487038
[    7.679331] color, tsk->comm, weight, vruntime: -113480601422183 syslogd 1048576 6316719571
[    7.683041] color, tsk->comm, weight, vruntime: -113480709028839 syslogd 1048576 6317103388
[    7.686714] color, tsk->comm, weight, vruntime: -113480601415272 syslogd 1048576 6317805393
[    7.690406] color, tsk->comm, weight, vruntime: -113480709028839 syslogd 1048576 6318431431
[    7.694037] proc in rq 14
[    7.697625] rq->nr_running rq->cfs.nr_running : 15 15
[    7.704803] rq->load.weight, rq->cfs.load.weight : 15728640 15728640
[    7.704807] ----------------^^^^TUX0^^^^^-----------------------
[    7.708403] rq->curr->pid == 3574
[    7.711872] color, tsk->comm, weight, vruntime: -113480762437223 syslogd 1048576 4713581601
[    7.715209] color, tsk->comm, weight, vruntime: -113480762440679 syslogd 1048576 4713975131
[    7.718598] color, tsk->comm, weight, vruntime: -113480762323431 syslogd 1048576 4713988213
[    7.721827] color, tsk->comm, weight, vruntime: -113480762323431 syslogd 1048576 4714261233
[    7.724921] color, tsk->comm, weight, vruntime: 1 syslogd 1048576 4714610481
[    7.727882] color, tsk->comm, weight, vruntime: 1 syslogd 1048576 4720679472
[    7.730904] proc in rq 6
[    7.733789] rq->nr_running rq->cfs.nr_running : 7 7
[    7.739352] rq->load.weight, rq->cfs.load.weight : 7340032 7340032
[    7.739355] ----------------^^^^TUX1^^^^^-----------------------
[    8.220470] urandom_read: 6 callbacks suppressed
[    8.220476] random: wpa_supplicant: uninitialized urandom read (32 bytes read)
[    8.628034] rq->curr == idle (init_task)
[    8.628039] proc in rq 0
[    8.631117] rq->nr_running rq->cfs.nr_running : 0 0
[    8.637213] rq->load.weight, rq->cfs.load.weight : 0 0
[    8.637214] ----------------^^^^TUX0^^^^^-----------------------
[    8.640251] rq->curr == THREAD(this messg)
[    8.643356] color, tsk->comm, weight, vruntime: -113480585740136 kworker/1:2 1048576 5323361854
[    8.646401] color, tsk->comm, weight, vruntime: 1 syslogd 1048576 6790170607
[    8.649537] color, tsk->comm, weight, vruntime: 1 syslogd 1048576 6790758808
[    8.652677] proc in rq 3
[    8.655735] rq->nr_running rq->cfs.nr_running : 4 4
[    8.661969] rq->load.weight, rq->cfs.load.weight : 4194304 4194304
[    8.661973] ----------------^^^^TUX1^^^^^-----------------------
[    9.578889] wlp1s0: authenticate with 64:66:b3:cd:9a:3a
[    9.608093] wlp1s0: send auth to 64:66:b3:cd:9a:3a (try 1/3)
[    9.615329] wlp1s0: authenticated
[    9.628057] rq->curr == idle (init_task)
[    9.628061] proc in rq 0
[    9.628109] wlp1s0: associate with 64:66:b3:cd:9a:3a (try 1/3)
[    9.631149] rq->nr_running rq->cfs.nr_running : 0 0
[    9.640601] rq->load.weight, rq->cfs.load.weight : 0 0
[    9.640604] ----------------^^^^TUX0^^^^^-----------------------
[    9.643807] rq->curr == THREAD(this messg)
[    9.647055] color, tsk->comm, weight, vruntime: 1 kworker/1:2 1048576 6319827473
[    9.650462] color, tsk->comm, weight, vruntime: -113480589291112 ksoftirqd/1 1048576 6319827473
[    9.650580] wlp1s0: RX AssocResp from 64:66:b3:cd:9a:3a (capab=0x431 status=0 aid=1)
[    9.653841] proc in rq 2
[    9.653844] rq->nr_running rq->cfs.nr_running : 3 3
[    9.657443] wlp1s0: associated
[    9.660803] rq->load.weight, rq->cfs.load.weight : 3145728 3145728
[    9.660805] ----------------^^^^TUX1^^^^^-----------------------
[    9.697321] IPv6: ADDRCONF(NETDEV_CHANGE): wlp1s0: link becomes ready
[   10.628032] rq->curr == idle (init_task)
[   10.628036] proc in rq 0
[   10.631498] rq->nr_running rq->cfs.nr_running : 0 0
[   10.638467] rq->load.weight, rq->cfs.load.weight : 0 0
[   10.638469] ----------------^^^^TUX0^^^^^-----------------------
[   10.642110] rq->curr == THREAD(this messg)
[   10.645692] color, tsk->comm, weight, vruntime: 1 kworker/1:2 1048576 7316526152
[   10.649250] proc in rq 1
[   10.652903] rq->nr_running rq->cfs.nr_running : 2 2
[   10.660050] rq->load.weight, rq->cfs.load.weight : 2097152 2097152
[   10.660052] ----------------^^^^TUX1^^^^^-----------------------
[   11.165134] udevd (2250) used greatest stack depth: 11736 bytes left
[   11.628030] rq->curr == idle (init_task)
[   11.628034] proc in rq 0
[   11.631472] rq->nr_running rq->cfs.nr_running : 0 0
[   11.638188] rq->load.weight, rq->cfs.load.weight : 0 0
[   11.638190] ----------------^^^^TUX0^^^^^-----------------------
[   11.641585] rq->curr == THREAD(this messg)
[   11.644917] proc in rq 0
[   11.648264] rq->nr_running rq->cfs.nr_running : 1 1
[   11.654905] rq->load.weight, rq->cfs.load.weight : 1048576 1048576
[   11.654908] ----------------^^^^TUX1^^^^^-----------------------
[   12.628030] rq->curr == idle (init_task)
[   12.631325] proc in rq 0
[   12.634582] rq->nr_running rq->cfs.nr_running : 0 0
[   12.641138] rq->load.weight, rq->cfs.load.weight : 0 0
[   12.641140] ----------------^^^^TUX0^^^^^-----------------------
[   12.644474] rq->curr == THREAD(this messg)
[   12.647785] color, tsk->comm, weight, vruntime: 1 kworker/1:2 1048576 9314816356
[   12.651083] proc in rq 1
[   12.654452] rq->nr_running rq->cfs.nr_running : 2 2
[   12.661080] rq->load.weight, rq->cfs.load.weight : 2097152 2097152
[   12.661082] ----------------^^^^TUX1^^^^^-----------------------
[   13.628030] rq->curr == idle (init_task)
[   13.631424] proc in rq 0
[   13.634783] rq->nr_running rq->cfs.nr_running : 0 0
[   13.641511] rq->load.weight, rq->cfs.load.weight : 0 0
[   13.641514] ----------------^^^^TUX0^^^^^-----------------------
[   13.644864] rq->curr == THREAD(this messg)
[   13.648245] proc in rq 0
[   13.651592] rq->nr_running rq->cfs.nr_running : 1 1
[   13.658134] rq->load.weight, rq->cfs.load.weight : 1048576 1048576
[   13.658136] ----------------^^^^TUX1^^^^^-----------------------
[   14.628036] rq->curr == idle (init_task)
[   14.631320] proc in rq 0
[   14.634647] rq->nr_running rq->cfs.nr_running : 0 0
[   14.641076] rq->load.weight, rq->cfs.load.weight : 0 0
[   14.641078] ----------------^^^^TUX0^^^^^-----------------------
[   14.644321] rq->curr == THREAD(this messg)
[   14.647536] color, tsk->comm, weight, vruntime: 1 kworker/1:2 1048576 11312688714
[   14.650766] proc in rq 1
[   14.654090] rq->nr_running rq->cfs.nr_running : 2 2
[   14.660634] rq->load.weight, rq->cfs.load.weight : 2097152 2097152
[   14.660636] ----------------^^^^TUX1^^^^^-----------------------
[   15.628030] rq->curr == idle (init_task)
[   15.631298] proc in rq 0
[   15.634510] rq->nr_running rq->cfs.nr_running : 0 0
[   15.640904] rq->load.weight, rq->cfs.load.weight : 0 0
[   15.640906] ----------------^^^^TUX0^^^^^-----------------------
[   15.644148] rq->curr == THREAD(this messg)
[   15.647353] proc in rq 0
[   15.650547] rq->nr_running rq->cfs.nr_running : 1 1
[   15.657013] rq->load.weight, rq->cfs.load.weight : 1048576 1048576
[   15.657016] ----------------^^^^TUX1^^^^^-----------------------
[   16.628033] rq->curr == idle (init_task)
[   16.631255] proc in rq 0
[   16.634432] rq->nr_running rq->cfs.nr_running : 0 0
[   16.640795] rq->load.weight, rq->cfs.load.weight : 0 0
[   16.640797] ----------------^^^^TUX0^^^^^-----------------------
[   16.644029] rq->curr == THREAD(this messg)
[   16.647246] color, tsk->comm, weight, vruntime: 1 kworker/1:2 1048576 13311277982
[   16.650444] proc in rq 1
[   16.653749] rq->nr_running rq->cfs.nr_running : 2 2
[   16.660252] rq->load.weight, rq->cfs.load.weight : 2097152 2097152
[   16.660254] ----------------^^^^TUX1^^^^^-----------------------
[   17.628081] rq->curr->pid == 4599
[   17.628197] proc in rq 0
[   17.628253] rq->nr_running rq->cfs.nr_running : 1 1
[   17.628371] rq->load.weight, rq->cfs.load.weight : 1048576 1048576
[   17.628372] ----------------^^^^TUX0^^^^^-----------------------
[   17.628468] rq->curr == THREAD(this messg)
[   17.628561] proc in rq 0
[   17.628627] rq->nr_running rq->cfs.nr_running : 1 1
[   17.628744] rq->load.weight, rq->cfs.load.weight : 1048576 1048576
[   17.628746] ----------------^^^^TUX1^^^^^-----------------------
[   18.628046] rq->curr == THREAD(this messg)
[   18.628058] proc in rq 0
[   18.628062] rq->nr_running rq->cfs.nr_running : 1 1
[   18.628068] rq->load.weight, rq->cfs.load.weight : 1048576 1048576
[   18.628070] ----------------^^^^TUX0^^^^^-----------------------
[   18.628073] rq->curr->pid == 0
[   18.628076] proc in rq 0
[   18.628080] rq->nr_running rq->cfs.nr_running : 0 0
[   18.628084] rq->load.weight, rq->cfs.load.weight : 0 0
[   18.628086] ----------------^^^^TUX1^^^^^-----------------------
[   19.628049] rq->curr == THREAD(this messg)
[   19.628062] proc in rq 0
[   19.628066] rq->nr_running rq->cfs.nr_running : 1 1
[   19.628071] rq->load.weight, rq->cfs.load.weight : 1048576 1048576
[   19.628073] ----------------^^^^TUX0^^^^^-----------------------
[   19.628077] rq->curr->pid == 4661
[   19.628080] proc in rq 0
[   19.628084] rq->nr_running rq->cfs.nr_running : 1 1
[   19.628088] rq->load.weight, rq->cfs.load.weight : 1048576 1048576
[   19.628090] ----------------^^^^TUX1^^^^^-----------------------
[   20.628030] rq->curr == THREAD(this messg)
[   20.628041] proc in rq 0
[   20.628045] rq->nr_running rq->cfs.nr_running : 1 1
[   20.628050] rq->load.weight, rq->cfs.load.weight : 1048576 1048576
[   20.628051] ----------------^^^^TUX0^^^^^-----------------------
[   20.628054] rq->curr->pid == 0
[   20.628057] proc in rq 0
[   20.628061] rq->nr_running rq->cfs.nr_running : 0 0
[   20.628065] rq->load.weight, rq->cfs.load.weight : 0 0
[   20.628067] ----------------^^^^TUX1^^^^^-----------------------
[   25.504044] random: crng init done
