[    0.000000] Linux version 5.2.0-rc1+ (root@(none)) (gcc version 9.0.1 20190416 (experimental) (GCC)) #101 SMP Thu May 23 12:52:29 +05 2019
[    0.000000] Command line: BOOT_IMAGE=/boot/bzImage root=/dev/sda2 ro
[    0.000000] x86/fpu: Supporting XSAVE feature 0x001: 'x87 floating point registers'
[    0.000000] x86/fpu: Supporting XSAVE feature 0x002: 'SSE registers'
[    0.000000] x86/fpu: Supporting XSAVE feature 0x004: 'AVX registers'
[    0.000000] x86/fpu: xstate_offset[2]:  576, xstate_sizes[2]:  256
[    0.000000] x86/fpu: Enabled xstate features 0x7, context size is 832 bytes, using 'standard' format.
[    0.000000] BIOS-provided physical RAM map:
[    0.000000] BIOS-e820: [mem 0x0000000000000000-0x000000000009ffff] usable
[    0.000000] BIOS-e820: [mem 0x0000000000100000-0x000000009d0f7fff] usable
[    0.000000] BIOS-e820: [mem 0x000000009d0f8000-0x000000009d127fff] reserved
[    0.000000] BIOS-e820: [mem 0x000000009d128000-0x000000009d370fff] usable
[    0.000000] BIOS-e820: [mem 0x000000009d371000-0x000000009dc56fff] ACPI NVS
[    0.000000] BIOS-e820: [mem 0x000000009dc57000-0x000000009e959fff] reserved
[    0.000000] BIOS-e820: [mem 0x000000009e95a000-0x000000009e9cafff] type 20
[    0.000000] BIOS-e820: [mem 0x000000009e9cb000-0x000000009e9cbfff] usable
[    0.000000] BIOS-e820: [mem 0x000000009e9cc000-0x000000009e9d3fff] ACPI NVS
[    0.000000] BIOS-e820: [mem 0x000000009e9d4000-0x000000009eb24fff] usable
[    0.000000] BIOS-e820: [mem 0x000000009eb25000-0x000000009f041fff] reserved
[    0.000000] BIOS-e820: [mem 0x000000009f042000-0x000000009f080fff] usable
[    0.000000] BIOS-e820: [mem 0x000000009f081000-0x000000009f3f1fff] reserved
[    0.000000] BIOS-e820: [mem 0x000000009f3f2000-0x000000009f3fffff] usable
[    0.000000] BIOS-e820: [mem 0x00000000fec00000-0x00000000fec01fff] reserved
[    0.000000] BIOS-e820: [mem 0x00000000fec10000-0x00000000fec10fff] reserved
[    0.000000] BIOS-e820: [mem 0x00000000fed00000-0x00000000fed00fff] reserved
[    0.000000] BIOS-e820: [mem 0x00000000fed80000-0x00000000fed8ffff] reserved
[    0.000000] BIOS-e820: [mem 0x00000000ff000000-0x00000000ffffffff] reserved
[    0.000000] BIOS-e820: [mem 0x0000000100001000-0x000000013effffff] usable
[    0.000000] NX (Execute Disable) protection: active
[    0.000000] efi: EFI v2.31 by American Megatrends
[    0.000000] efi:  ACPI=0x9d3f3000  ACPI 2.0=0x9d3f3000  SMBIOS=0x9e958998 
[    0.000000] SMBIOS 2.7 present.
[    0.000000] DMI: ASUSTeK COMPUTER INC. X102BA/X102BA, BIOS X102BA.212 08/30/2013
[    0.000000] tsc: Fast TSC calibration using PIT
[    0.000000] tsc: Detected 998.031 MHz processor
[    0.000215] e820: update [mem 0x00000000-0x00000fff] usable ==> reserved
[    0.000222] e820: remove [mem 0x000a0000-0x000fffff] usable
[    0.000245] last_pfn = 0x13f000 max_arch_pfn = 0x400000000
[    0.000256] MTRR default type: uncachable
[    0.000259] MTRR fixed ranges enabled:
[    0.000263]   00000-9FFFF write-back
[    0.000267]   A0000-BFFFF write-through
[    0.000271]   C0000-DFFFF uncachable
[    0.000274]   E0000-FFFFF write-protect
[    0.000277] MTRR variable ranges enabled:
[    0.000282]   0 base 0000000000 mask FF80000000 write-back
[    0.000287]   1 base 0080000000 mask FFE0000000 write-back
[    0.000291]   2 base 009F400000 mask FFFFC00000 uncachable
[    0.000295]   3 base 009F800000 mask FFFF800000 uncachable
[    0.000298]   4 disabled
[    0.000300]   5 disabled
[    0.000302]   6 disabled
[    0.000305]   7 disabled
[    0.000308] TOM2: 000000013f000000 aka 5104M
[    0.000835] x86/PAT: Configuration [0-7]: WB  WC  UC- UC  WB  WP  UC- WT  
[    0.001096] e820: update [mem 0x9f400000-0xffffffff] usable ==> reserved
[    0.001112] last_pfn = 0x9f400 max_arch_pfn = 0x400000000
[    0.014292] check: Scanning 1 areas for low memory corruption
[    0.014307] Using GB pages for direct mapping
[    0.014314] BRK [0x0fe01000, 0x0fe01fff] PGTABLE
[    0.014321] BRK [0x0fe02000, 0x0fe02fff] PGTABLE
[    0.014325] BRK [0x0fe03000, 0x0fe03fff] PGTABLE
[    0.014479] BRK [0x0fe04000, 0x0fe04fff] PGTABLE
[    0.014485] BRK [0x0fe05000, 0x0fe05fff] PGTABLE
[    0.014713] BRK [0x0fe06000, 0x0fe06fff] PGTABLE
[    0.015897] BRK [0x0fe07000, 0x0fe07fff] PGTABLE
[    0.016145] BRK [0x0fe08000, 0x0fe08fff] PGTABLE
[    0.016347] BRK [0x0fe09000, 0x0fe09fff] PGTABLE
[    0.016614] BRK [0x0fe0a000, 0x0fe0afff] PGTABLE
[    0.016925] BRK [0x0fe0b000, 0x0fe0bfff] PGTABLE
[    0.017123] Secure boot could not be determined
[    0.017138] ACPI: Early table checksum verification disabled
[    0.017150] ACPI: RSDP 0x000000009D3F3000 000024 (v02 _ASUS_)
[    0.017163] ACPI: XSDT 0x000000009D3F3088 000094 (v01 _ASUS_ Notebook 01072009 AMI  00010013)
[    0.017181] ACPI: FACP 0x000000009D400748 00010C (v05 _ASUS_ Notebook 01072009 AMI  00010013)
[    0.017197] ACPI BIOS Warning (bug): Optional FADT field Pm2ControlBlock has valid Length but zero Address: 0x0000000000000000/0x1 (20190509/tbfadt-615)
[    0.017211] ACPI: DSDT 0x000000009D3F31A8 00D59D (v02 _ASUS_ Notebook 00000000 INTL 20091112)
[    0.017223] ACPI: FACS 0x000000009DC4B080 000040
[    0.017233] ACPI: APIC 0x000000009D400858 00007E (v03 _ASUS_ Notebook 01072009 AMI  00010013)
[    0.017244] ACPI: FPDT 0x000000009D4008D8 000044 (v01 _ASUS_ Notebook 01072009 AMI  00010013)
[    0.017256] ACPI: ECDT 0x000000009D400920 0000C1 (v01 _ASUS_ Notebook 01072009 AMI. 00000005)
[    0.017266] ACPI: MCFG 0x000000009D4009E8 00003C (v01 _ASUS_ Notebook 01072009 MSFT 00010013)
[    0.017277] ACPI: HPET 0x000000009D400A28 000038 (v01 _ASUS_ Notebook 01072009 AMI  00000005)
[    0.017288] ACPI: VFCT 0x000000009D400A60 004684 (v01 _ASUS_ Notebook 00000001 AMD  31504F47)
[    0.017299] ACPI: BGRT 0x000000009D4050E8 000038 (v00 _ASUS_ Notebook 01072009 ASUS 00010013)
[    0.017310] ACPI: SSDT 0x000000009D405120 0005E0 (v01 AMD    AGESA    00000001 AMD  00000001)
[    0.017321] ACPI: SSDT 0x000000009D405700 0046D1 (v02 AMD    AGESA    00000002 MSFT 04000000)
[    0.017332] ACPI: CRAT 0x000000009D409DD8 000228 (v01 AMD    AGESA    00000001 AMD  00000001)
[    0.017343] ACPI: SSDT 0x000000009D40A000 001411 (v01 AMD    CPMDFIGP 00000001 INTL 20051117)
[    0.017354] ACPI: SSDT 0x000000009D40B418 0010E8 (v01 AMD    CPMCMN   00000001 INTL 20051117)
[    0.017365] ACPI: MSDM 0x000000009D127F98 000055 (v03 _ASUS_ Notebook 00000000 ASUS 00000001)
[    0.017394] ACPI: Local APIC address 0xfee00000
[    0.017654] No NUMA configuration found
[    0.017660] Faking a node at [mem 0x0000000000000000-0x000000013effffff]
[    0.017673] NODE_DATA(0) allocated [mem 0x13effa000-0x13effdfff]
[    0.017728] Zone ranges:
[    0.017733]   DMA      [mem 0x0000000000001000-0x0000000000ffffff]
[    0.017739]   DMA32    [mem 0x0000000001000000-0x00000000ffffffff]
[    0.017744]   Normal   [mem 0x0000000100000000-0x000000013effffff]
[    0.017750] Movable zone start for each node
[    0.017754] Early memory node ranges
[    0.017759]   node   0: [mem 0x0000000000001000-0x000000000009ffff]
[    0.017764]   node   0: [mem 0x0000000000100000-0x000000009d0f7fff]
[    0.017769]   node   0: [mem 0x000000009d128000-0x000000009d370fff]
[    0.017773]   node   0: [mem 0x000000009e9cb000-0x000000009e9cbfff]
[    0.017778]   node   0: [mem 0x000000009e9d4000-0x000000009eb24fff]
[    0.017782]   node   0: [mem 0x000000009f042000-0x000000009f080fff]
[    0.017787]   node   0: [mem 0x000000009f3f2000-0x000000009f3fffff]
[    0.017792]   node   0: [mem 0x0000000100001000-0x000000013effffff]
[    0.018122] Zeroed struct page in unavailable ranges: 11138 pages
[    0.018130] Initmem setup node 0 [mem 0x0000000000001000-0x000000013effffff]
[    0.018139] On node 0 totalpages: 902270
[    0.018142]   DMA zone: 64 pages used for memmap
[    0.018145]   DMA zone: 23 pages reserved
[    0.018149]   DMA zone: 3999 pages, LIFO batch:0
[    0.018371]   DMA32 zone: 10004 pages used for memmap
[    0.018374]   DMA32 zone: 640224 pages, LIFO batch:63
[    0.057705]   Normal zone: 4032 pages used for memmap
[    0.057713]   Normal zone: 258047 pages, LIFO batch:63
[    0.070691] ACPI: PM-Timer IO Port: 0x808
[    0.070705] ACPI: Local APIC address 0xfee00000
[    0.070721] ACPI: LAPIC_NMI (acpi_id[0xff] high edge lint[0x1])
[    0.070737] IOAPIC[0]: apic_id 3, version 33, address 0xfec00000, GSI 0-23
[    0.070748] IOAPIC[1]: apic_id 4, version 33, address 0xfec01000, GSI 24-55
[    0.070757] ACPI: INT_SRC_OVR (bus 0 bus_irq 0 global_irq 2 dfl dfl)
[    0.070764] ACPI: INT_SRC_OVR (bus 0 bus_irq 9 global_irq 9 low level)
[    0.070769] ACPI: IRQ0 used by override.
[    0.070772] ACPI: IRQ9 used by override.
[    0.070778] Using ACPI (MADT) for SMP configuration information
[    0.070784] ACPI: HPET id: 0x10228210 base: 0xfed00000
[    0.070801] smpboot: Allowing 4 CPUs, 2 hotplug CPUs
[    0.070875] PM: Registered nosave memory: [mem 0x00000000-0x00000fff]
[    0.070884] PM: Registered nosave memory: [mem 0x000a0000-0x000fffff]
[    0.070891] PM: Registered nosave memory: [mem 0x9d0f8000-0x9d127fff]
[    0.070899] PM: Registered nosave memory: [mem 0x9d371000-0x9dc56fff]
[    0.070903] PM: Registered nosave memory: [mem 0x9dc57000-0x9e959fff]
[    0.070907] PM: Registered nosave memory: [mem 0x9e95a000-0x9e9cafff]
[    0.070915] PM: Registered nosave memory: [mem 0x9e9cc000-0x9e9d3fff]
[    0.070923] PM: Registered nosave memory: [mem 0x9eb25000-0x9f041fff]
[    0.070931] PM: Registered nosave memory: [mem 0x9f081000-0x9f3f1fff]
[    0.070939] PM: Registered nosave memory: [mem 0x9f400000-0xfebfffff]
[    0.070944] PM: Registered nosave memory: [mem 0xfec00000-0xfec01fff]
[    0.070948] PM: Registered nosave memory: [mem 0xfec02000-0xfec0ffff]
[    0.070952] PM: Registered nosave memory: [mem 0xfec10000-0xfec10fff]
[    0.070957] PM: Registered nosave memory: [mem 0xfec11000-0xfecfffff]
[    0.070961] PM: Registered nosave memory: [mem 0xfed00000-0xfed00fff]
[    0.070965] PM: Registered nosave memory: [mem 0xfed01000-0xfed7ffff]
[    0.070970] PM: Registered nosave memory: [mem 0xfed80000-0xfed8ffff]
[    0.070974] PM: Registered nosave memory: [mem 0xfed90000-0xfeffffff]
[    0.070978] PM: Registered nosave memory: [mem 0xff000000-0xffffffff]
[    0.070983] PM: Registered nosave memory: [mem 0x100000000-0x100000fff]
[    0.070991] [mem 0x9f400000-0xfebfffff] available for PCI devices
[    0.071006] clocksource: refined-jiffies: mask: 0xffffffff max_cycles: 0xffffffff, max_idle_ns: 19112604462750000 ns
[    0.498989] setup_percpu: NR_CPUS:64 nr_cpumask_bits:64 nr_cpu_ids:4 nr_node_ids:1
[    0.500182] percpu: Embedded 51 pages/cpu s170008 r8192 d30696 u524288
[    0.500222] pcpu-alloc: s170008 r8192 d30696 u524288 alloc=1*2097152
[    0.500225] pcpu-alloc: [0] 0 1 2 3 
[    0.500306] Built 1 zonelists, mobility grouping on.  Total pages: 888147
[    0.500312] Policy zone: Normal
[    0.500320] Kernel command line: BOOT_IMAGE=/boot/bzImage root=/dev/sda2 ro
[    0.564841] Memory: 3432168K/3609080K available (14357K kernel code, 1432K rwdata, 4452K rodata, 1296K init, 856K bss, 176912K reserved, 0K cma-reserved)
[    0.565057] SLUB: HWalign=64, Order=0-3, MinObjects=0, CPUs=4, Nodes=1
[    0.565293] rcu: Hierarchical RCU implementation.
[    0.565298] rcu: 	RCU event tracing is enabled.
[    0.565302] rcu: 	RCU restricting CPUs from NR_CPUS=64 to nr_cpu_ids=4.
[    0.565308] rcu: RCU calculated value of scheduler-enlistment delay is 10 jiffies.
[    0.565312] rcu: Adjusting geometry for rcu_fanout_leaf=16, nr_cpu_ids=4
[    0.565903] NR_IRQS: 4352, nr_irqs: 1000, preallocated irqs: 16
[    0.566382] random: get_random_bytes called from start_kernel+0x2c6/0x493 with crng_init=0
[    0.566468] Console: colour dummy device 80x25
[    0.567179] printk: console [tty0] enabled
[    0.567228] ACPI: Core revision 20190509
[    0.567927] clocksource: hpet: mask: 0xffffffff max_cycles: 0xffffffff, max_idle_ns: 133484873504 ns
[    0.567957] hpet clockevent registered
[    0.567967] APIC: Switch to symmetric I/O mode setup
[    0.568716] ..TIMER: vector=0x30 apic1=0 pin1=2 apic2=-1 pin2=-1
[    0.577975] scheduler_tick
[    0.587962] scheduler_tick
[    0.597961] scheduler_tick
[    0.607962] scheduler_tick
[    0.617964] scheduler_tick
[    0.617981] clocksource: tsc-early: mask: 0xffffffffffffffff max_cycles: 0x1cc5a610a14, max_idle_ns: 881590484943 ns
[    0.618000] Calibrating delay loop (skipped), value calculated using timer frequency.. 1996.06 BogoMIPS (lpj=9980310)
[    0.618017] pid_max: default: 32768 minimum: 301
[    0.620547] LSM: Security Framework initializing
[    0.620583] SELinux:  Initializing.
[    0.620622] *** VALIDATE SELinux ***
[    0.622857] Dentry cache hash table entries: 524288 (order: 10, 4194304 bytes)
[    0.624036] Inode-cache hash table entries: 262144 (order: 9, 2097152 bytes)
[    0.624141] Mount-cache hash table entries: 8192 (order: 4, 65536 bytes)
[    0.624189] Mountpoint-cache hash table entries: 8192 (order: 4, 65536 bytes)
[    0.624585] *** VALIDATE proc ***
[    0.624678] *** VALIDATE cgroup1 ***
[    0.624690] *** VALIDATE cgroup2 ***
[    0.624794] LVT offset 1 assigned for vector 0xf9
[    0.624812] Last level iTLB entries: 4KB 512, 2MB 8, 4MB 4
[    0.624820] Last level dTLB entries: 4KB 512, 2MB 256, 4MB 128, 1GB 0
[    0.624831] Spectre V2 : Mitigation: Full AMD retpoline
[    0.624840] Spectre V2 : Spectre v2 / SpectreRSB mitigation: Filling RSB on context switch
[    0.624852] Speculative Store Bypass: Mitigation: Speculative Store Bypass disabled via prctl and seccomp
[    0.625427] Freeing SMP alternatives memory: 40K
[    0.627998] scheduler_tick
[    0.637998] smpboot: CPU0: AMD A4-1200 APU with Radeon(TM) HD Graphics (family: 0x16, model: 0x0, stepping: 0x1)
[    0.637998] Performance Events: AMD PMU driver.
[    0.637998] ... version:                0
[    0.637998] ... bit width:              48
[    0.637998] ... generic registers:      4
[    0.637998] ... value mask:             0000ffffffffffff
[    0.637998] ... max period:             00007fffffffffff
[    0.637998] ... fixed-purpose events:   0
[    0.637998] ... event mask:             000000000000000f
[    0.637998] rcu: Hierarchical SRCU implementation.
[    0.637998] MCE: In-kernel MCE decoding enabled.
[    0.637998] smp: Bringing up secondary CPUs ...
[    0.637998] x86: Booting SMP configuration:
[    0.637998] .... node  #0, CPUs:      #1
[    0.637998] smp: Brought up 1 node, 2 CPUs
[    0.637998] smpboot: Max logical packages: 2
[    0.637998] smpboot: Total of 2 processors activated (3992.12 BogoMIPS)
[    0.637998] devtmpfs: initialized
[    0.637998] PM: Registering ACPI NVS region [mem 0x9d371000-0x9dc56fff] (9330688 bytes)
[    0.637998] PM: Registering ACPI NVS region [mem 0x9e9cc000-0x9e9d3fff] (32768 bytes)
[    0.637998] clocksource: jiffies: mask: 0xffffffff max_cycles: 0xffffffff, max_idle_ns: 19112604462750000 ns
[    0.637998] futex hash table entries: 1024 (order: 4, 65536 bytes)
[    0.637998] kworker/u8:0 (22) used greatest stack depth: 14624 bytes left
[    0.637998] NET: Registered protocol family 16
[    0.637998] audit: initializing netlink subsys (disabled)
[    0.637998] audit: type=2000 audit(1558598488.060:1): state=initialized audit_enabled=0 res=1
[    0.637998] cpuidle: using governor ladder
[    0.637998] cpuidle: using governor menu
[    0.637998] ACPI FADT declares the system doesn't support PCIe ASPM, so disable it
[    0.637998] ACPI: bus type PCI registered
[    0.637998] PCI: MMCONFIG for domain 0000 [bus 00-ff] at [mem 0xe0000000-0xefffffff] (base 0xe0000000)
[    0.637998] PCI: not using MMCONFIG
[    0.637998] PCI: Using configuration type 1 for base access
[    0.637998] PCI: Using configuration type 1 for extended access
[    0.637998] scheduler_tick
[    0.637998] scheduler_tick
[    0.647998] scheduler_tick
[    0.647981] scheduler_tick
[    0.653589] kworker/u8:0 (45) used greatest stack depth: 14160 bytes left
[    0.657983] scheduler_tick
[    0.661475] scheduler_tick
[    0.667998] scheduler_tick
[    0.671451] scheduler_tick
[    0.677977] scheduler_tick
[    0.681523] scheduler_tick
[    0.687978] scheduler_tick
[    0.687819] HugeTLB registered 2.00 MiB page size, pre-allocated 0 pages
[    0.691453] scheduler_tick
[    0.697978] scheduler_tick
[    0.701495] ACPI: Added _OSI(Module Device)
[    0.701495] ACPI: Added _OSI(Processor Device)
[    0.701495] scheduler_tick
[    0.701495] ACPI: Added _OSI(3.0 _SCP Extensions)
[    0.701495] ACPI: Added _OSI(Processor Aggregator Device)
[    0.701495] ACPI: Added _OSI(Linux-Dell-Video)
[    0.701495] ACPI: Added _OSI(Linux-Lenovo-NV-HDMI-Audio)
[    0.701495] ACPI: Added _OSI(Linux-HPI-Hybrid-Graphics)
[    0.707972] scheduler_tick
[    0.707995] scheduler_tick
[    0.717998] scheduler_tick
[    0.717991] scheduler_tick
[    0.727975] scheduler_tick
[    0.728006] scheduler_tick
[    0.737992] scheduler_tick
[    0.738088] ACPI: 5 ACPI AML tables successfully acquired and loaded
[    0.738088] scheduler_tick
[    0.740378] ACPI: EC: EC started
[    0.740391] ACPI: EC: interrupt blocked
[    0.742812] ACPI: \: Used as first EC
[    0.742824] ACPI: \: GPE=0x3, EC_CMD/EC_SC=0x66, EC_DATA=0x62
[    0.742831] ACPI: EC: Boot ECDT EC used to handle transactions
[    0.747996] scheduler_tick
[    0.747996] scheduler_tick
[    0.748376] ACPI: [Firmware Bug]: BIOS _OSI(Linux) query ignored
[    0.753044] ACPI: Interpreter enabled
[    0.753127] ACPI: (supports S0 S3 S4 S5)
[    0.753137] ACPI: Using IOAPIC for interrupt routing
[    0.756885] PCI: MMCONFIG for domain 0000 [bus 00-ff] at [mem 0xe0000000-0xefffffff] (base 0xe0000000)
[    0.756885] PCI: MMCONFIG at [mem 0xe0000000-0xefffffff] reserved in ACPI motherboard resources
[    0.756885] PCI: Using host bridge windows from ACPI; if necessary, use "pci=nocrs" and report a bug
[    0.756885] ACPI: Enabled 3 GPEs in block 00 to 1F
[    0.757994] scheduler_tick
[    0.760236] scheduler_tick
[    0.767998] scheduler_tick
[    0.771508] scheduler_tick
[    0.777993] scheduler_tick
[    0.777990] scheduler_tick
[    0.780212] ACPI: PCI Root Bridge [PCI0] (domain 0000 [bus 00-ff])
[    0.780243] acpi PNP0A08:00: _OSC: OS supports [ExtendedConfig ASPM ClockPM Segments MSI HPX-Type3]
[    0.780876] acpi PNP0A08:00: _OSC: platform does not support [LTR]
[    0.781466] acpi PNP0A08:00: _OSC: OS now controls [PME AER PCIeCapability]
[    0.781479] acpi PNP0A08:00: FADT indicates ASPM is unsupported, using BIOS configuration
[    0.782034] PCI host bridge to bus 0000:00
[    0.782049] pci_bus 0000:00: root bus resource [io  0x0000-0x03af window]
[    0.782060] pci_bus 0000:00: root bus resource [io  0x03e0-0x0cf7 window]
[    0.782070] pci_bus 0000:00: root bus resource [io  0x03b0-0x03df window]
[    0.782081] pci_bus 0000:00: root bus resource [io  0x0d00-0xffff window]
[    0.782091] pci_bus 0000:00: root bus resource [mem 0x000a0000-0x000bffff window]
[    0.782103] pci_bus 0000:00: root bus resource [mem 0x000c0000-0x000dffff window]
[    0.782116] pci_bus 0000:00: root bus resource [mem 0xc0000000-0xffffffff window]
[    0.782128] pci_bus 0000:00: root bus resource [bus 00-ff]
[    0.782157] pci 0000:00:00.0: [1022:1536] type 00 class 0x060000
[    0.782458] pci 0000:00:01.0: [1002:9839] type 00 class 0x030000
[    0.782499] pci 0000:00:01.0: reg 0x10: [mem 0xc0000000-0xcfffffff 64bit pref]
[    0.782524] pci 0000:00:01.0: reg 0x18: [mem 0xd0000000-0xd07fffff 64bit pref]
[    0.782543] pci 0000:00:01.0: reg 0x20: [io  0xf000-0xf0ff]
[    0.782561] pci 0000:00:01.0: reg 0x24: [mem 0xfeb00000-0xfeb3ffff]
[    0.782579] pci 0000:00:01.0: reg 0x30: [mem 0xfeb40000-0xfeb5ffff pref]
[    0.782594] pci 0000:00:01.0: enabling Extended Tags
[    0.782624] pci 0000:00:01.0: BAR 0: assigned to efifb
[    0.782681] pci 0000:00:01.0: supports D1 D2
[    0.782691] pci 0000:00:01.0: PME# supported from D1 D2 D3hot
[    0.782932] pci 0000:00:01.1: [1002:9840] type 00 class 0x040300
[    0.782968] pci 0000:00:01.1: reg 0x10: [mem 0xfeb64000-0xfeb67fff 64bit]
[    0.783008] pci 0000:00:01.1: enabling Extended Tags
[    0.783077] pci 0000:00:01.1: supports D1 D2
[    0.783286] pci 0000:00:02.0: [1022:1538] type 00 class 0x060000
[    0.783539] pci 0000:00:02.2: [1022:1439] type 01 class 0x060400
[    0.783609] pci 0000:00:02.2: enabling Extended Tags
[    0.783691] pci 0000:00:02.2: PME# supported from D0 D3hot D3cold
[    0.783942] pci 0000:00:02.3: [1022:1439] type 01 class 0x060400
[    0.784012] pci 0000:00:02.3: enabling Extended Tags
[    0.784092] pci 0000:00:02.3: PME# supported from D0 D3hot D3cold
[    0.784368] pci 0000:00:10.0: [1022:7814] type 00 class 0x0c0330
[    0.784412] pci 0000:00:10.0: reg 0x10: [mem 0xfeb68000-0xfeb69fff 64bit]
[    0.787974] scheduler_tick
[    0.784555] pci 0000:00:10.0: PME# supported from D0 D3hot D3cold
[    0.784818] pci 0000:00:11.0: [1022:7801] type 00 class 0x010601
[    0.784856] pci 0000:00:11.0: reg 0x10: [io  0xf140-0xf147]
[    0.784875] pci 0000:00:11.0: reg 0x14: [io  0xf130-0xf133]
[    0.784893] pci 0000:00:11.0: reg 0x18: [io  0xf120-0xf127]
[    0.784911] pci 0000:00:11.0: reg 0x1c: [io  0xf110-0xf113]
[    0.784928] pci 0000:00:11.0: reg 0x20: [io  0xf100-0xf10f]
[    0.784947] pci 0000:00:11.0: reg 0x24: [mem 0xfeb6f000-0xfeb6f3ff]
[    0.785024] pci 0000:00:11.0: PME# supported from D3hot
[    0.785250] pci 0000:00:12.0: [1022:7807] type 00 class 0x0c0310
[    0.785280] pci 0000:00:12.0: reg 0x10: [mem 0xfeb6e000-0xfeb6efff]
[    0.785551] pci 0000:00:12.2: [1022:7808] type 00 class 0x0c0320
[    0.785587] pci 0000:00:12.2: reg 0x10: [mem 0xfeb6d000-0xfeb6d0ff]
[    0.785691] pci 0000:00:12.2: supports D1 D2
[    0.785702] pci 0000:00:12.2: PME# supported from D0 D1 D2 D3hot D3cold
[    0.785929] pci 0000:00:13.0: [1022:7807] type 00 class 0x0c0310
[    0.785959] pci 0000:00:13.0: reg 0x10: [mem 0xfeb6c000-0xfeb6cfff]
[    0.786226] pci 0000:00:13.2: [1022:7808] type 00 class 0x0c0320
[    0.786261] pci 0000:00:13.2: reg 0x10: [mem 0xfeb6b000-0xfeb6b0ff]
[    0.786366] pci 0000:00:13.2: supports D1 D2
[    0.786376] pci 0000:00:13.2: PME# supported from D0 D1 D2 D3hot D3cold
[    0.786598] pci 0000:00:14.0: [1022:780b] type 00 class 0x0c0500
[    0.786868] pci 0000:00:14.2: [1022:780d] type 00 class 0x040300
[    0.786907] pci 0000:00:14.2: reg 0x10: [mem 0xfeb60000-0xfeb63fff 64bit]
[    0.786999] pci 0000:00:14.2: PME# supported from D0 D3hot D3cold
[    0.787217] pci 0000:00:14.3: [1022:780e] type 00 class 0x060100
[    0.787506] pci 0000:00:14.7: [1022:7813] type 00 class 0x080501
[    0.787540] pci 0000:00:14.7: reg 0x10: [mem 0xfeb6a000-0xfeb6a0ff 64bit]
[    0.787774] pci 0000:00:18.0: [1022:1530] type 00 class 0x060000
[    0.787988] scheduler_tick
[    0.793348] pci 0000:00:18.1: [1022:1531] type 00 class 0x060000
[    0.793348] pci 0000:00:18.2: [1022:1532] type 00 class 0x060000
[    0.793348] pci 0000:00:18.3: [1022:1533] type 00 class 0x060000
[    0.793348] pci 0000:00:18.4: [1022:1534] type 00 class 0x060000
[    0.795985] pci 0000:00:18.5: [1022:1535] type 00 class 0x060000
[    0.796425] pci 0000:01:00.0: [168c:0032] type 00 class 0x028000
[    0.796425] pci 0000:01:00.0: reg 0x10: [mem 0xfea00000-0xfea7ffff 64bit]
[    0.796425] pci 0000:01:00.0: reg 0x30: [mem 0xfea80000-0xfea8ffff pref]
[    0.796425] pci 0000:01:00.0: supports D1 D2
[    0.796425] pci 0000:01:00.0: PME# supported from D0 D1 D2 D3hot D3cold
[    0.797006] pci 0000:00:02.2: PCI bridge to [bus 01]
[    0.797006] pci 0000:00:02.2:   bridge window [mem 0xfea00000-0xfeafffff]
[    0.797268] pci 0000:02:00.0: [10ec:8136] type 00 class 0x020000
[    0.797268] pci 0000:02:00.0: reg 0x10: [io  0xe000-0xe0ff]
[    0.797268] pci 0000:02:00.0: reg 0x18: [mem 0xd0804000-0xd0804fff 64bit pref]
[    0.797268] pci 0000:02:00.0: reg 0x20: [mem 0xd0800000-0xd0803fff 64bit pref]
[    0.797268] pci 0000:02:00.0: supports D1 D2
[    0.797268] pci 0000:02:00.0: PME# supported from D0 D1 D2 D3hot D3cold
[    0.797998] scheduler_tick
[    0.797931] pci 0000:00:02.3: PCI bridge to [bus 02]
[    0.797931] pci 0000:00:02.3:   bridge window [io  0xe000-0xefff]
[    0.797931] pci 0000:00:02.3:   bridge window [mem 0xd0800000-0xd08fffff 64bit pref]
[    0.799414] ACPI: PCI Interrupt Link [LNKA] (IRQs 4 7 10 11 14 15) *0
[    0.799414] ACPI: PCI Interrupt Link [LNKB] (IRQs 4 7 10 11 14 15) *0
[    0.799414] ACPI: PCI Interrupt Link [LNKC] (IRQs 4 7 10 11 14 15) *0
[    0.799414] ACPI: PCI Interrupt Link [LNKD] (IRQs 4 7 10 11 14 15) *0
[    0.799414] ACPI: PCI Interrupt Link [LNKE] (IRQs 4 7 10 11 14 15) *0
[    0.799414] ACPI: PCI Interrupt Link [LNKF] (IRQs 4 7 10 11 14 15) *0
[    0.799414] ACPI: PCI Interrupt Link [LNKG] (IRQs 4 7 10 11 14 15) *0
[    0.799414] ACPI: PCI Interrupt Link [LNKH] (IRQs 4 7 10 11 14 15) *0
[    0.799414] scheduler_tick
[    0.802247] ACPI: EC: interrupt unblocked
[    0.802247] ACPI: EC: event unblocked
[    0.802247] ACPI: \_SB_.PCI0.SBRG.EC0_: GPE=0x3, EC_CMD/EC_SC=0x66, EC_DATA=0x62
[    0.802247] ACPI: \_SB_.PCI0.SBRG.EC0_: Boot DSDT EC used to handle transactions and events
[    0.803235] pci 0000:00:01.0: vgaarb: setting as boot VGA device
[    0.803235] pci 0000:00:01.0: vgaarb: VGA device added: decodes=io+mem,owns=io+mem,locks=none
[    0.803235] pci 0000:00:01.0: vgaarb: bridge control possible
[    0.803235] vgaarb: loaded
[    0.803235] SCSI subsystem initialized
[    0.803757] libata version 3.00 loaded.
[    0.803757] ACPI: bus type USB registered
[    0.803757] usbcore: registered new interface driver usbfs
[    0.803757] usbcore: registered new interface driver hub
[    0.804739] usbcore: registered new device driver usb
[    0.805092] pps_core: LinuxPPS API ver. 1 registered
[    0.805092] pps_core: Software ver. 5.3.6 - Copyright 2005-2007 Rodolfo Giometti <giometti@linux.it>
[    0.805176] PTP clock support registered
[    0.805623] EDAC MC: Ver: 3.0.0
[    0.806851] Registered efivars operations
[    0.807996] scheduler_tick
[    0.807009] Advanced Linux Sound Architecture Driver Initialized.
[    0.807009] PCI: Using ACPI for IRQ routing
[    0.807995] scheduler_tick
[    0.817987] scheduler_tick
[    0.816037] PCI: pci_cache_line_size set to 64 bytes
[    0.816156] e820: reserve RAM buffer [mem 0x9d0f8000-0x9fffffff]
[    0.816161] e820: reserve RAM buffer [mem 0x9d371000-0x9fffffff]
[    0.816166] e820: reserve RAM buffer [mem 0x9e9cc000-0x9fffffff]
[    0.816170] e820: reserve RAM buffer [mem 0x9eb25000-0x9fffffff]
[    0.816173] e820: reserve RAM buffer [mem 0x9f081000-0x9fffffff]
[    0.816176] e820: reserve RAM buffer [mem 0x9f400000-0x9fffffff]
[    0.816178] e820: reserve RAM buffer [mem 0x13f000000-0x13fffffff]
[    0.816540] NetLabel: Initializing
[    0.816550] NetLabel:  domain hash size = 128
[    0.816556] NetLabel:  protocols = UNLABELED CIPSOv4 CALIPSO
[    0.816609] NetLabel:  unlabeled traffic allowed by default
[    0.820602] hpet0: at MMIO 0xfed00000, IRQs 2, 8, 0
[    0.820602] hpet0: 3 comparators, 32-bit 14.318180 MHz counter
[    0.820602] scheduler_tick
[    0.823220] clocksource: Switched to clocksource tsc-early
[    0.827998] scheduler_tick
[    0.827998] scheduler_tick
[    0.832770] scheduler_tick
[    0.836343] scheduler_tick
[    0.842774] scheduler_tick
[    0.846330] scheduler_tick
[    0.852756] scheduler_tick
[    0.856326] scheduler_tick
[    0.862756] scheduler_tick
[    0.866327] scheduler_tick
[    0.870027] VFS: Disk quotas dquot_6.6.0
[    0.870093] VFS: Dquot-cache hash table entries: 512 (order 0, 4096 bytes)
[    0.870189] *** VALIDATE hugetlbfs ***
[    0.870300] pnp: PnP ACPI init
[    0.870804] system 00:00: [mem 0xe0000000-0xefffffff] has been reserved
[    0.870897] system 00:00: Plug and Play ACPI device, IDs PNP0c01 (active)
[    0.871170] system 00:01: [mem 0xa0000000-0xbfffffff] has been reserved
[    0.871246] system 00:01: Plug and Play ACPI device, IDs PNP0c02 (active)
[    0.871518] system 00:02: Plug and Play ACPI device, IDs PNP0c02 (active)
[    0.871668] pnp 00:03: Plug and Play ACPI device, IDs PNP0b00 (active)
[    0.871907] system 00:04: [io  0x04d0-0x04d1] has been reserved
[    0.871980] system 00:04: Plug and Play ACPI device, IDs PNP0c02 (active)
[    0.872245] pnp 00:05: Plug and Play ACPI device, IDs ETD0108 SYN0a00 SYN0002 PNP0f03 PNP0f13 PNP0f12 (active)
[    0.872425] pnp 00:06: Plug and Play ACPI device, IDs ATK3001 PNP030b (active)
[    0.872762] scheduler_tick
[    0.873252] system 00:07: [io  0x04d0-0x04d1] has been reserved
[    0.873270] system 00:07: [io  0x040b] has been reserved
[    0.873281] system 00:07: [io  0x04d6] has been reserved
[    0.873291] system 00:07: [io  0x0c00-0x0c01] has been reserved
[    0.873302] system 00:07: [io  0x0c14] has been reserved
[    0.873312] system 00:07: [io  0x0c50-0x0c51] has been reserved
[    0.873327] system 00:07: [io  0x0c52] has been reserved
[    0.873337] system 00:07: [io  0x0c6c] has been reserved
[    0.873347] system 00:07: [io  0x0c6f] has been reserved
[    0.873357] system 00:07: [io  0x0cd0-0x0cd1] has been reserved
[    0.873367] system 00:07: [io  0x0cd2-0x0cd3] has been reserved
[    0.873377] system 00:07: [io  0x0cd4-0x0cd5] has been reserved
[    0.873388] system 00:07: [io  0x0cd6-0x0cd7] has been reserved
[    0.873398] system 00:07: [io  0x0cd8-0x0cdf] has been reserved
[    0.873408] system 00:07: [io  0x0800-0x089f] has been reserved
[    0.873418] system 00:07: [io  0x0900-0x090f] has been reserved
[    0.873428] system 00:07: [io  0x0910-0x091f] has been reserved
[    0.873439] system 00:07: [io  0xfe00-0xfefe] has been reserved
[    0.873453] system 00:07: [mem 0xfec00000-0xfec00fff] could not be reserved
[    0.873464] system 00:07: [mem 0xfee00000-0xfee00fff] has been reserved
[    0.873475] system 00:07: [mem 0xfed80000-0xfed8ffff] has been reserved
[    0.873486] system 00:07: [mem 0xfed61000-0xfed70fff] has been reserved
[    0.873497] system 00:07: [mem 0xfec10000-0xfec10fff] has been reserved
[    0.873509] system 00:07: [mem 0xfed00000-0xfed00fff] could not be reserved
[    0.873520] system 00:07: [mem 0xff000000-0xffffffff] has been reserved
[    0.873600] system 00:07: Plug and Play ACPI device, IDs PNP0c02 (active)
[    0.874465] pnp: PnP ACPI: found 8 devices
[    0.876334] scheduler_tick
[    0.882766] scheduler_tick
[    0.886339] scheduler_tick
[    0.889789] clocksource: acpi_pm: mask: 0xffffff max_cycles: 0xffffff, max_idle_ns: 2085701024 ns
[    0.889852] pci 0000:00:02.2: PCI bridge to [bus 01]
[    0.889871] pci 0000:00:02.2:   bridge window [mem 0xfea00000-0xfeafffff]
[    0.889889] pci 0000:00:02.3: PCI bridge to [bus 02]
[    0.889902] pci 0000:00:02.3:   bridge window [io  0xe000-0xefff]
[    0.889918] pci 0000:00:02.3:   bridge window [mem 0xd0800000-0xd08fffff 64bit pref]
[    0.889941] pci_bus 0000:00: resource 4 [io  0x0000-0x03af window]
[    0.889952] pci_bus 0000:00: resource 5 [io  0x03e0-0x0cf7 window]
[    0.889962] pci_bus 0000:00: resource 6 [io  0x03b0-0x03df window]
[    0.889972] pci_bus 0000:00: resource 7 [io  0x0d00-0xffff window]
[    0.889982] pci_bus 0000:00: resource 8 [mem 0x000a0000-0x000bffff window]
[    0.889993] pci_bus 0000:00: resource 9 [mem 0x000c0000-0x000dffff window]
[    0.890003] pci_bus 0000:00: resource 10 [mem 0xc0000000-0xffffffff window]
[    0.890014] pci_bus 0000:01: resource 1 [mem 0xfea00000-0xfeafffff]
[    0.890024] pci_bus 0000:02: resource 0 [io  0xe000-0xefff]
[    0.890034] pci_bus 0000:02: resource 2 [mem 0xd0800000-0xd08fffff 64bit pref]
[    0.890307] NET: Registered protocol family 2
[    0.891332] tcp_listen_portaddr_hash hash table entries: 2048 (order: 3, 32768 bytes)
[    0.891402] TCP established hash table entries: 32768 (order: 6, 262144 bytes)
[    0.891630] TCP bind hash table entries: 32768 (order: 7, 524288 bytes)
[    0.891876] TCP: Hash tables configured (established 32768 bind 32768)
[    0.892026] UDP hash table entries: 2048 (order: 4, 65536 bytes)
[    0.892085] UDP-Lite hash table entries: 2048 (order: 4, 65536 bytes)
[    0.892260] NET: Registered protocol family 1
[    0.892649] RPC: Registered named UNIX socket transport module.
[    0.892659] RPC: Registered udp transport module.
[    0.892666] RPC: Registered tcp transport module.
[    0.892672] RPC: Registered tcp NFSv4.1 backchannel transport module.
[    0.892773] scheduler_tick
[    0.893282] pci 0000:00:01.0: Video device with shadowed ROM at [mem 0x000c0000-0x000dffff]
[    0.893804] pci 0000:00:12.0: enabling device (0000 -> 0002)
[    0.894427] pci 0000:00:12.2: PME# does not work under D3, disabling it
[    0.894452] pci 0000:00:13.0: enabling device (0000 -> 0002)
[    0.895066] pci 0000:00:13.2: PME# does not work under D3, disabling it
[    0.895162] PCI: CLS 64 bytes, default 64
[    0.895296] PCI-DMA: Using software bounce buffering for IO (SWIOTLB)
[    0.895308] software IO TLB: mapped [mem 0x97989000-0x9b989000] (64MB)
[    0.895504] amd_uncore: AMD NB counters detected
[    0.895521] amd_uncore: AMD LLC counters detected
[    0.895641] LVT offset 0 assigned for vector 0x400
[    0.895702] perf: AMD IBS detected (0x000000ff)
[    0.895722] kvm: no hardware support
[    0.895832] kvm: Nested Virtualization enabled
[    0.895844] kvm: Nested Paging enabled
[    0.896334] scheduler_tick
[    0.896799] check: Scanning for low memory corruption every 60 seconds
[    0.900445] Initialise system trusted keyrings
[    0.900774] workingset: timestamp_bits=56 max_order=20 bucket_order=0
[    0.902774] scheduler_tick
[    0.906345] scheduler_tick
[    0.912779] scheduler_tick
[    0.916345] scheduler_tick
[    0.917724] fuse: init (API version 7.30)
[    0.918361] Key type asymmetric registered
[    0.918373] Asymmetric key parser 'x509' registered
[    0.918458] Block layer SCSI generic (bsg) driver version 0.4 loaded (major 249)
[    0.918471] io scheduler mq-deadline registered
[    0.918479] io scheduler kyber registered
[    0.919301] pcieport 0000:00:02.2: PME: Signaling with IRQ 25
[    0.919962] pcieport 0000:00:02.3: PME: Signaling with IRQ 27
[    0.922777] scheduler_tick
[    0.922804] uvesafb: failed to execute /sbin/v86d
[    0.922823] uvesafb: make sure that the v86d helper is installed and executable
[    0.922834] uvesafb: Getting VBE info block failed (eax=0x4f00, err=-2)
[    0.922842] uvesafb: vbe_init() failed with -22
[    0.922861] uvesafb: probe of uvesafb.0 failed with error -22
[    0.922996] efifb: probing for efifb
[    0.923048] efifb: framebuffer at 0xc0000000, using 4224k, total 4224k
[    0.923058] efifb: mode is 1366x768x32, linelength=5632, pages=1
[    0.923065] efifb: scrolling: redraw
[    0.923073] efifb: Truecolor: size=8:8:8:8, shift=24:16:8:0
[    0.926335] scheduler_tick
[    0.932764] scheduler_tick
[    0.933659] Console: switching to colour frame buffer device 170x48
[    0.936332] scheduler_tick
[    0.942762] scheduler_tick
[    0.943375] fb0: EFI VGA frame buffer device
[    0.944012] ACPI: AC Adapter [AC0] (on-line)
[    0.944428] input: Power Button as /devices/LNXSYSTM:00/LNXSYBUS:00/PNP0C0C:00/input/input0
[    0.944588] ACPI: Power Button [PWRB]
[    0.944880] input: Lid Switch as /devices/LNXSYSTM:00/LNXSYBUS:00/PNP0C0D:00/input/input1
[    0.945027] ACPI: Lid Switch [LID]
[    0.945300] input: Sleep Button as /devices/LNXSYSTM:00/LNXSYBUS:00/PNP0C0E:00/input/input2
[    0.945462] ACPI: Sleep Button [SLPB]
[    0.945740] input: Power Button as /devices/LNXSYSTM:00/LNXPWRBN:00/input/input3
[    0.945878] ACPI: Power Button [PWRF]
[    0.946333] scheduler_tick
[    0.951434] thermal LNXTHERM:00: registered as thermal_zone0
[    0.951585] ACPI: Thermal Zone [THRM] (66 C)
[    0.952762] scheduler_tick
[    0.954048] Serial: 8250/16550 driver, 4 ports, IRQ sharing enabled
[    0.956787] scheduler_tick
[    0.962770] scheduler_tick
[    0.965721] Non-volatile memory driver v1.3
[    0.966788] scheduler_tick
[    0.972035] Linux agpgart interface v0.103
[    0.972769] scheduler_tick
[    0.977629] scheduler_tick
[    0.982770] scheduler_tick
[    0.986348] scheduler_tick
[    0.990895] loop: module loaded
[    0.992781] scheduler_tick
[    0.996342] scheduler_tick
[    0.999586] ahci 0000:00:11.0: version 3.0
[    1.002583] ahci 0000:00:11.0: AHCI 0001.0300 32 slots 2 ports 6 Gbps 0x3 impl SATA mode
[    1.002772] scheduler_tick
[    1.005229] ahci 0000:00:11.0: flags: 64bit ncq sntf ilck pm led clo pmp pio slum part 
[    1.007790] scheduler_tick
[    1.012772] scheduler_tick
[    1.015537] scsi host0: ahci
[    1.018094] scheduler_tick
[    1.021555] scsi host1: ahci
[    1.022772] scheduler_tick
[    1.026464] scheduler_tick
[    1.029399] ata1: SATA max UDMA/133 abar m1024@0xfeb6f000 port 0xfeb6f100 irq 28
[    1.032770] scheduler_tick
[    1.034202] ata2: SATA max UDMA/133 abar m1024@0xfeb6f000 port 0xfeb6f180 irq 28
[    1.036465] scheduler_tick
[    1.039848] tun: Universal TUN/TAP device driver, 1.6
[    1.042770] scheduler_tick
[    1.045148] e1000: Intel(R) PRO/1000 Network Driver - version 7.3.21-k8-NAPI
[    1.046660] scheduler_tick
[    1.050373] e1000: Copyright (c) 1999-2006 Intel Corporation.
[    1.052770] scheduler_tick
[    1.056341] scheduler_tick
[    1.059693] e1000e: Intel(R) PRO/1000 Network Driver - 3.2.6-k
[    1.062772] scheduler_tick
[    1.064575] e1000e: Copyright(c) 1999 - 2015 Intel Corporation.
[    1.066906] scheduler_tick
[    1.069633] sky2: driver version 1.30
[    1.072771] scheduler_tick
[    1.075052] r8169 0000:02:00.0: can't disable ASPM; OS doesn't have ASPM control
[    1.076907] scheduler_tick
[    1.082771] scheduler_tick
[    1.086181] libphy: r8169: probed
[    1.087316] scheduler_tick
[    1.091049] r8169 0000:02:00.0 eth0: RTL8105e, 74:d0:2b:a3:a6:42, XID 40a, IRQ 30
[    1.092774] scheduler_tick
[    1.095798] ath9k 0000:01:00.0: enabling device (0000 -> 0002)
[    1.098133] scheduler_tick
[    1.100922] ath: phy0: Disable PLL PowerSave
[    1.102775] scheduler_tick
[    1.106344] scheduler_tick
[    1.112773] scheduler_tick
[    1.113148] ath: phy0: ASPM enabled: 0x42
[    1.117664] scheduler_tick
[    1.120146] ath: EEPROM regdomain: 0x60
[    1.122617] ath: EEPROM indicates we should expect a direct regpair map
[    1.122623] ath: Country alpha2 being used: 00
[    1.122625] ath: Regpair used: 0x60
[    1.122773] scheduler_tick
[    1.125805] ieee80211 phy0: Selected rate control algorithm 'minstrel_ht'
[    1.127665] scheduler_tick
[    1.128822] ieee80211 phy0: Atheros AR9485 Rev:1 mem=0xffffb97302e80000, irq=31
[    1.132773] scheduler_tick
[    1.133911] ehci_hcd: USB 2.0 'Enhanced' Host Controller (EHCI) Driver
[    1.138227] scheduler_tick
[    1.138641] ehci-pci: EHCI PCI platform driver
[    1.142776] scheduler_tick
[    1.143973] ehci-pci 0000:00:12.2: EHCI Host Controller
[    1.146432] scheduler_tick
[    1.149087] ehci-pci 0000:00:12.2: new USB bus registered, assigned bus number 1
[    1.152777] scheduler_tick
[    1.154237] ehci-pci 0000:00:12.2: applying AMD SB700/SB800/Hudson-2/3 EHCI dummy qh workaround
[    1.156433] scheduler_tick
[    1.159438] ehci-pci 0000:00:12.2: debug port 1
[    1.162776] scheduler_tick
[    1.165389] ehci-pci 0000:00:12.2: irq 17, io mem 0xfeb6d000
[    1.166773] scheduler_tick
[    1.172776] scheduler_tick
[    1.176379] scheduler_tick
[    1.182778] scheduler_tick
[    1.186379] scheduler_tick
[    1.192778] scheduler_tick
[    1.196355] scheduler_tick
[    1.199429] ehci-pci 0000:00:12.2: USB 2.0 started, EHCI 1.00
[    1.202779] scheduler_tick
[    1.204014] usb usb1: New USB device found, idVendor=1d6b, idProduct=0002, bcdDevice= 5.02
[    1.208639] scheduler_tick
[    1.208666] usb usb1: New USB device strings: Mfr=3, Product=2, SerialNumber=1
[    1.212778] scheduler_tick
[    1.213374] usb usb1: Product: EHCI Host Controller
[    1.218218] scheduler_tick
[    1.218228] usb usb1: Manufacturer: Linux 5.2.0-rc1+ ehci_hcd
[    1.222778] scheduler_tick
[    1.223123] usb usb1: SerialNumber: 0000:00:12.2
[    1.227915] scheduler_tick
[    1.228948] hub 1-0:1.0: USB hub found
[    1.232780] scheduler_tick
[    1.233758] hub 1-0:1.0: 4 ports detected
[    1.237916] scheduler_tick
[    1.240749] ehci-pci 0000:00:13.2: EHCI Host Controller
[    1.242782] scheduler_tick
[    1.245871] ehci-pci 0000:00:13.2: new USB bus registered, assigned bus number 2
[    1.248327] scheduler_tick
[    1.250943] ehci-pci 0000:00:13.2: applying AMD SB700/SB800/Hudson-2/3 EHCI dummy qh workaround
[    1.252783] scheduler_tick
[    1.256268] ehci-pci 0000:00:13.2: debug port 1
[    1.258327] scheduler_tick
[    1.262782] scheduler_tick
[    1.263360] battery: ACPI: Battery Slot [BAT0] (battery present)
[    1.267928] scheduler_tick
[    1.270793] ehci-pci 0000:00:13.2: irq 17, io mem 0xfeb6b000
[    1.272785] scheduler_tick
[    1.276386] scheduler_tick
[    1.282784] scheduler_tick
[    1.286393] scheduler_tick
[    1.292785] scheduler_tick
[    1.296392] scheduler_tick
[    1.302785] scheduler_tick
[    1.306372] scheduler_tick
[    1.308591] ehci-pci 0000:00:13.2: USB 2.0 started, EHCI 1.00
[    1.312786] scheduler_tick
[    1.312996] usb usb2: New USB device found, idVendor=1d6b, idProduct=0002, bcdDevice= 5.02
[    1.317608] scheduler_tick
[    1.317619] usb usb2: New USB device strings: Mfr=3, Product=2, SerialNumber=1
[    1.322559] usb usb2: Product: EHCI Host Controller
[    1.322786] scheduler_tick
[    1.325136] usb usb2: Manufacturer: Linux 5.2.0-rc1+ ehci_hcd
[    1.327609] scheduler_tick
[    1.330247] usb usb2: SerialNumber: 0000:00:13.2
[    1.332786] scheduler_tick
[    1.335642] hub 2-0:1.0: USB hub found
[    1.337667] scheduler_tick
[    1.340520] hub 2-0:1.0: 4 ports detected
[    1.342787] scheduler_tick
[    1.346367] scheduler_tick
[    1.350660] ohci_hcd: USB 1.1 'Open' Host Controller (OHCI) Driver
[    1.352787] scheduler_tick
[    1.355329] ohci-pci: OHCI PCI platform driver
[    1.357645] scheduler_tick
[    1.360322] ohci-pci 0000:00:12.0: OHCI PCI host controller
[    1.362787] scheduler_tick
[    1.365202] ohci-pci 0000:00:12.0: new USB bus registered, assigned bus number 3
[    1.367580] scheduler_tick
[    1.370132] ohci-pci 0000:00:12.0: irq 18, io mem 0xfeb6e000
[    1.372790] scheduler_tick
[    1.376402] scheduler_tick
[    1.382790] scheduler_tick
[    1.386398] scheduler_tick
[    1.388645] ata2: SATA link down (SStatus 0 SControl 300)
[    1.392790] scheduler_tick
[    1.396396] scheduler_tick
[    1.402791] scheduler_tick
[    1.406397] scheduler_tick
[    1.412792] scheduler_tick
[    1.416393] scheduler_tick
[    1.422793] scheduler_tick
[    1.426394] scheduler_tick
[    1.432794] scheduler_tick
[    1.436394] scheduler_tick
[    1.442794] scheduler_tick
[    1.446395] scheduler_tick
[    1.452502] usb usb3: New USB device found, idVendor=1d6b, idProduct=0001, bcdDevice= 5.02
[    1.452794] scheduler_tick
[    1.456536] scheduler_tick
[    1.458579] usb usb3: New USB device strings: Mfr=3, Product=2, SerialNumber=1
[    1.462501] usb usb3: Product: OHCI PCI host controller
[    1.462794] scheduler_tick
[    1.464455] usb usb3: Manufacturer: Linux 5.2.0-rc1+ ohci_hcd
[    1.466537] scheduler_tick
[    1.468311] usb usb3: SerialNumber: 0000:00:12.0
[    1.472643] hub 3-0:1.0: USB hub found
[    1.472794] scheduler_tick
[    1.474579] hub 3-0:1.0: 4 ports detected
[    1.476463] scheduler_tick
[    1.480788] ohci-pci 0000:00:13.0: OHCI PCI host controller
[    1.482795] scheduler_tick
[    1.484867] ohci-pci 0000:00:13.0: new USB bus registered, assigned bus number 4
[    1.486464] scheduler_tick
[    1.488936] ohci-pci 0000:00:13.0: irq 18, io mem 0xfeb6c000
[    1.492798] scheduler_tick
[    1.496400] scheduler_tick
[    1.502798] scheduler_tick
[    1.506399] scheduler_tick
[    1.512799] scheduler_tick
[    1.516399] scheduler_tick
[    1.522799] scheduler_tick
[    1.526401] scheduler_tick
[    1.532800] scheduler_tick
[    1.536400] scheduler_tick
[    1.542801] scheduler_tick
[    1.546401] scheduler_tick
[    1.552801] scheduler_tick
[    1.556402] scheduler_tick
[    1.562802] scheduler_tick
[    1.566403] scheduler_tick
[    1.572034] usb usb4: New USB device found, idVendor=1d6b, idProduct=0001, bcdDevice= 5.02
[    1.572803] scheduler_tick
[    1.575198] usb usb4: New USB device strings: Mfr=3, Product=2, SerialNumber=1
[    1.576876] scheduler_tick
[    1.578715] usb usb4: Product: OHCI PCI host controller
[    1.582472] usb usb4: Manufacturer: Linux 5.2.0-rc1+ ohci_hcd
[    1.582802] scheduler_tick
[    1.584454] usb usb4: SerialNumber: 0000:00:13.0
[    1.586449] scheduler_tick
[    1.588574] ata1: SATA link up 6.0 Gbps (SStatus 133 SControl 300)
[    1.592802] scheduler_tick
[    1.593097] hub 4-0:1.0: USB hub found
[    1.596450] scheduler_tick
[    1.597187] hub 4-0:1.0: 4 ports detected
[    1.602019] ata1.00: ATA-8: KINGSTON SV300S37A120G, 603ABBF0, max UDMA/133
[    1.602803] scheduler_tick
[    1.604030] ata1.00: 234441648 sectors, multi 1: LBA48 NCQ (depth 32), AA
[    1.607116] scheduler_tick
[    1.609405] uhci_hcd: USB Universal Host Controller Interface driver
[    1.612805] scheduler_tick
[    1.613665] usbcore: registered new interface driver usblp
[    1.617876] scheduler_tick
[    1.618105] usbcore: registered new interface driver usb-storage
[    1.622494] usbcore: registered new interface driver ch341
[    1.622806] scheduler_tick
[    1.624682] ata1.00: configured for UDMA/133
[    1.626700] scheduler_tick
[    1.629144] scsi 0:0:0:0: Direct-Access     ATA      KINGSTON SV300S3 BBF0 PQ: 0 ANSI: 5
[    1.632807] scheduler_tick
[    1.632853] rq->nr_running rq->cfs.nr_running : 1 1
[    1.633947] sd 0:0:0:0: [sda] 234441648 512-byte logical blocks: (120 GB/112 GiB)
[    1.635378] rq->load.weight, rq->cfs.load.weight : 3145728 3145728
[    1.636700] scheduler_tick
[    1.638007] scheduler_tick
[    1.639909] scheduler_tick
[    1.647311] sd 0:0:0:0: Attached scsi generic sg0 type 0
[    1.648006] scheduler_tick
[    1.649713] scheduler_tick
[    1.654777] usbserial: USB Serial support registered for ch341-uart
[    1.658006] scheduler_tick
[    1.659713] scheduler_tick
[    1.662886] i8042: PNP: PS/2 Controller [PNP030b:PS2K,PNP0f03:PS2M] at 0x60,0x64 irq 1,12
[    1.668006] scheduler_tick
[    1.668330] scheduler_tick
[    1.671445] sd 0:0:0:0: [sda] Write Protect is off
[    1.676708] sd 0:0:0:0: [sda] Mode Sense: 00 3a 00 00
[    1.676809] sd 0:0:0:0: [sda] Write cache: enabled, read cache: enabled, doesn't support DPO or FUA
[    1.678006] scheduler_tick
[    1.678331] scheduler_tick
[    1.684018] i8042: Detected active multiplexing controller, rev 1.1
[    1.688006] scheduler_tick
[    1.689263] scheduler_tick
[    1.692719] serio: i8042 KBD port at 0x60,0x64 irq 1
[    1.697903] serio: i8042 AUX0 port at 0x60,0x64 irq 12
[    1.698006] scheduler_tick
[    1.699264] scheduler_tick
[    1.703198] serio: i8042 AUX1 port at 0x60,0x64 irq 12
[    1.706714]  sda: sda1 sda2 sda3 sda4 sda5 sda6
[    1.708286] scheduler_tick
[    1.708007] scheduler_tick
[    1.708510] serio: i8042 AUX2 port at 0x60,0x64 irq 12
[    1.718005] scheduler_tick
[    1.718158] scheduler_tick
[    1.720756] serio: i8042 AUX3 port at 0x60,0x64 irq 12
[    1.726962] sd 0:0:0:0: [sda] Attached SCSI disk
[    1.728006] scheduler_tick
[    1.728159] scheduler_tick
[    1.732093] mousedev: PS/2 mouse device common for all mice
[    1.737817] rtc_cmos 00:03: RTC can wake from S4
[    1.738015] scheduler_tick
[    1.739295] scheduler_tick
[    1.742876] rtc_cmos 00:03: registered as rtc0
[    1.747359] rtc_cmos 00:03: alarms up to one month, y3k, 114 bytes nvram, hpet irqs
[    1.748006] scheduler_tick
[    1.749625] scheduler_tick
[    1.752498] device-mapper: ioctl: 4.40.0-ioctl (2019-01-18) initialised: dm-devel@redhat.com
[    1.757069] EFI Variables Facility v0.08 2004-May-17
[    1.758007] scheduler_tick
[    1.759340] scheduler_tick
[    1.768017] scheduler_tick
[    1.768010] scheduler_tick
[    1.776822] hidraw: raw HID events driver (C) Jiri Kosina
[    1.778021] scheduler_tick
[    1.779032] scheduler_tick
[    1.783586] input: AT Translated Set 2 keyboard as /devices/platform/i8042/serio0/input/input4
[    1.788004] scheduler_tick
[    1.788006] scheduler_tick
[    1.790827] usbcore: registered new interface driver usbhid
[    1.795216] usbhid: USB HID core driver
[    1.798005] scheduler_tick
[    1.798018] scheduler_tick
[    1.805415] snd_hda_intel 0000:00:01.1: enabling device (0000 -> 0002)
[    1.808022] scheduler_tick
[    1.808016] scheduler_tick
[    1.813050] snd_hda_intel 0000:00:01.1: Force to non-snoop mode
[    1.818013] scheduler_tick
[    1.818016] scheduler_tick
[    1.823076] Initializing XFRM netlink socket
[    1.828009] scheduler_tick
[    1.828014] scheduler_tick
[    1.828199] snd_hda_codec_generic hdaudioC0D0: autoconfig for Generic: line_outs=0 (0x0/0x0/0x0/0x0/0x0) type:line
[    1.834397] snd_hda_codec_generic hdaudioC0D0:    speaker_outs=0 (0x0/0x0/0x0/0x0/0x0)
[    1.836678] snd_hda_codec_generic hdaudioC0D0:    hp_outs=0 (0x0/0x0/0x0/0x0/0x0)
[    1.838006] scheduler_tick
[    1.838010] scheduler_tick
[    1.841208] snd_hda_codec_generic hdaudioC0D0:    mono: mono_out=0x0
[    1.845724] snd_hda_codec_generic hdaudioC0D0:    dig-out=0x3/0x0
[    1.847988] snd_hda_codec_generic hdaudioC0D0:    inputs:
[    1.848005] scheduler_tick
[    1.848949] scheduler_tick
[    1.853098] random: fast init done
[    1.858005] scheduler_tick
[    1.858006] scheduler_tick
[    1.863945] NET: Registered protocol family 10
[    1.868011] scheduler_tick
[    1.868005] scheduler_tick
[    1.871069] snd_hda_codec_realtek hdaudioC1D0: autoconfig for ALC3229: line_outs=1 (0x14/0x0/0x0/0x0/0x0) type:speaker
[    1.875373] snd_hda_codec_realtek hdaudioC1D0:    speaker_outs=0 (0x0/0x0/0x0/0x0/0x0)
[    1.877595] snd_hda_codec_realtek hdaudioC1D0:    hp_outs=1 (0x21/0x0/0x0/0x0/0x0)
[    1.878004] scheduler_tick
[    1.878259] scheduler_tick
[    1.881871] snd_hda_codec_realtek hdaudioC1D0:    mono: mono_out=0x0
[    1.886193] snd_hda_codec_realtek hdaudioC1D0:    inputs:
[    1.888004] scheduler_tick
[    1.888427] scheduler_tick
[    1.890630] snd_hda_codec_realtek hdaudioC1D0:      Mic=0x19
[    1.896612] input: HDA ATI HDMI HDMI as /devices/pci0000:00/0000:00:01.1/sound/card0/input6
[    1.898005] scheduler_tick
[    1.898427] scheduler_tick
[    1.901591] Segment Routing with IPv6
[    1.906125] sit: IPv6, IPv4 and MPLS over IPv4 tunneling driver
[    1.908008] scheduler_tick
[    1.908346] scheduler_tick
[    1.918006] scheduler_tick
[    1.918008] scheduler_tick
[    1.919405] NET: Registered protocol family 17
[    1.927846] mce: Using 6 MCE banks
[    1.928010] scheduler_tick
[    1.928045] tsc: Refined TSC clocksource calibration: 998.127 MHz
[    1.928009] scheduler_tick
[    1.934170] microcode: CPU0: patch_level=0x0700010b
[    1.934181] microcode: CPU1: patch_level=0x0700010b
[    1.936614] microcode: Microcode Update Driver: v2.2.
[    1.936650] sched_clock: Marking stable (1928225211, 1719558)->(2055194606, -125249837)
[    1.938516] scheduler_tick
[    1.938011] scheduler_tick
[    1.938550] clocksource: tsc: mask: 0xffffffffffffffff max_cycles: 0x1cc65b93289, max_idle_ns: 881590487074 ns
[    1.945534] registered taskstats version 1
[    1.948006] scheduler_tick
[    1.949127] scheduler_tick
[    1.955821] Loading compiled-in X.509 certificates
[    1.958002] scheduler_tick
[    1.958019] scheduler_tick
[    1.962531] clocksource: Switched to clocksource tsc
[    1.968000] scheduler_tick
[    1.968002] scheduler_tick
[    1.976015] input: HD-Audio Generic Headphone as /devices/pci0000:00/0000:00:14.2/sound/card1/input11
[    1.978014] scheduler_tick
[    1.978279] scheduler_tick
[    1.984446] acpi_cpufreq: overriding BIOS provided _PSD data
[    1.988006] scheduler_tick
[    1.989041] scheduler_tick
[    1.992010] cfg80211: Loading compiled-in X.509 certificates for regulatory database
[    1.998002] scheduler_tick
[    1.998004] scheduler_tick
[    1.998219] cfg80211: Loaded X.509 cert 'sforshee: 00b28ddf47aef9cea7'
[    2.005122] platform regulatory.0: Direct firmware load for regulatory.db failed with error -2
[    2.007619] cfg80211: failed to load regulatory.db
[    2.008002] scheduler_tick
[    2.010101] scheduler_tick
[    2.014056] ALSA device list:
[    2.018001] scheduler_tick
[    2.018695] scheduler_tick
[    2.021237]   #0: HDA ATI HDMI at 0xfeb64000 irq 33
[    2.025837]   #1: HD-Audio Generic at 0xfeb60000 irq 16
[    2.028002] scheduler_tick
[    2.028163] scheduler_tick
[    2.038002] scheduler_tick
[    2.038031] scheduler_tick
[    2.048002] scheduler_tick
[    2.048101] scheduler_tick
[    2.058002] scheduler_tick
[    2.058029] scheduler_tick
[    2.068002] scheduler_tick
[    2.068006] scheduler_tick
[    2.078002] scheduler_tick
[    2.078028] scheduler_tick
[    2.088002] scheduler_tick
[    2.088006] scheduler_tick
[    2.098002] scheduler_tick
[    2.098029] scheduler_tick
[    2.108002] scheduler_tick
[    2.108006] scheduler_tick
[    2.118001] scheduler_tick
[    2.118031] scheduler_tick
[    2.128002] scheduler_tick
[    2.128030] scheduler_tick
[    2.138002] scheduler_tick
[    2.138006] scheduler_tick
[    2.148002] scheduler_tick
[    2.158002] scheduler_tick
[    2.168001] scheduler_tick
[    2.168030] scheduler_tick
[    2.178001] scheduler_tick
[    2.178030] scheduler_tick
[    2.188001] scheduler_tick
[    2.188030] scheduler_tick
[    2.189854] usb 4-2: new full-speed USB device number 2 using ohci-pci
[    2.198001] scheduler_tick
[    2.208000] scheduler_tick
[    2.218001] scheduler_tick
[    2.218030] scheduler_tick
[    2.228001] scheduler_tick
[    2.238001] scheduler_tick
[    2.248001] scheduler_tick
[    2.248030] scheduler_tick
[    2.258001] scheduler_tick
[    2.268000] scheduler_tick
[    2.278001] scheduler_tick
[    2.288001] scheduler_tick
[    2.298001] scheduler_tick
[    2.308001] scheduler_tick
[    2.318001] scheduler_tick
[    2.328001] scheduler_tick
[    2.328029] scheduler_tick
[    2.338001] scheduler_tick
[    2.348001] scheduler_tick
[    2.358001] scheduler_tick
[    2.368001] scheduler_tick
[    2.368030] scheduler_tick
[    2.378002] scheduler_tick
[    2.378005] scheduler_tick
[    2.388001] scheduler_tick
[    2.388028] scheduler_tick
[    2.398001] scheduler_tick
[    2.398028] scheduler_tick
[    2.408001] scheduler_tick
[    2.408005] scheduler_tick
[    2.418001] scheduler_tick
[    2.418028] scheduler_tick
[    2.428001] scheduler_tick
[    2.428030] scheduler_tick
[    2.438002] scheduler_tick
[    2.438030] scheduler_tick
[    2.448002] scheduler_tick
[    2.448029] scheduler_tick
[    2.458001] scheduler_tick
[    2.458028] scheduler_tick
[    2.461502] usb 4-2: New USB device found, idVendor=13d3, idProduct=3362, bcdDevice= 0.01
[    2.462671] usb 4-2: New USB device strings: Mfr=1, Product=2, SerialNumber=3
[    2.463319] usb 4-2: Product: Bluetooth USB Host Controller
[    2.463939] usb 4-2: Manufacturer: Atheros Communications
[    2.464600] usb 4-2: SerialNumber: Alaska Day 2006
[    2.468001] scheduler_tick
[    2.468003] scheduler_tick
[    2.478004] scheduler_tick
[    2.478028] scheduler_tick
[    2.488002] scheduler_tick
[    2.488006] scheduler_tick
[    2.498002] scheduler_tick
[    2.498028] scheduler_tick
[    2.508002] scheduler_tick
[    2.508004] scheduler_tick
[    2.518002] scheduler_tick
[    2.518030] scheduler_tick
[    2.528001] scheduler_tick
[    2.528030] scheduler_tick
[    2.538002] scheduler_tick
[    2.538030] scheduler_tick
[    2.548001] scheduler_tick
[    2.548030] scheduler_tick
[    2.558002] scheduler_tick
[    2.558030] scheduler_tick
[    2.568001] scheduler_tick
[    2.568030] scheduler_tick
[    2.578004] scheduler_tick
[    2.578030] scheduler_tick
[    2.588001] scheduler_tick
[    2.588030] scheduler_tick
[    2.598001] scheduler_tick
[    2.598030] scheduler_tick
[    2.608001] scheduler_tick
[    2.608030] scheduler_tick
[    2.618001] scheduler_tick
[    2.618030] scheduler_tick
[    2.628002] scheduler_tick
[    2.628006] scheduler_tick
[    2.638002] scheduler_tick
[    2.648002] scheduler_tick
[    2.648006] scheduler_tick
[    2.648758] rq->nr_running rq->cfs.nr_running : 1 1
[    2.650895] rq->load.weight, rq->cfs.load.weight : 1048576 1048576
[    2.658002] scheduler_tick
[    2.659082] scheduler_tick
[    2.668002] scheduler_tick
[    2.668006] scheduler_tick
[    2.678001] scheduler_tick
[    2.678030] scheduler_tick
[    2.688001] scheduler_tick
[    2.688030] scheduler_tick
[    2.694327] input: PS/2 Logitech Wheel Mouse as /devices/platform/i8042/serio4/input/input14
[    2.698006] scheduler_tick
[    2.698030] scheduler_tick
[    2.698797] usb 2-3: new high-speed USB device number 3 using ehci-pci
[    2.700507] md: Waiting for all devices to be available before autodetect
[    2.701446] md: If you don't use raid, use raid=noautodetect
[    2.702928] md: Autodetecting RAID arrays.
[    2.703953] md: autorun ...
[    2.704982] md: ... autorun DONE.
[    2.708008] scheduler_tick
[    2.708031] scheduler_tick
[    2.713964] EXT4-fs (sda2): mounted filesystem with ordered data mode. Opts: (null)
[    2.716358] VFS: Mounted root (ext4 filesystem) readonly on device 8:2.
[    2.718006] scheduler_tick
[    2.718008] scheduler_tick
[    2.719642] devtmpfs: mounted
[    2.723135] Freeing unused kernel image memory: 1296K
[    2.728014] scheduler_tick
[    2.728037] scheduler_tick
[    2.738002] scheduler_tick
[    2.738030] scheduler_tick
[    2.748002] scheduler_tick
[    2.748030] scheduler_tick
[    2.750934] Write protecting the kernel read-only data: 22528k
[    2.755535] Freeing unused kernel image memory: 1984K
[    2.758020] scheduler_tick
[    2.758024] scheduler_tick
[    2.758402] Freeing unused kernel image memory: 1692K
[    2.762984] Run /sbin/init as init process
[    2.768008] scheduler_tick
[    2.768010] scheduler_tick
[    2.778007] scheduler_tick
[    2.778009] scheduler_tick
[    2.788005] scheduler_tick
[    2.788007] scheduler_tick
[    2.798011] scheduler_tick
[    2.798031] scheduler_tick
[    2.808018] scheduler_tick
[    2.808032] scheduler_tick
[    2.818014] scheduler_tick
[    2.818016] scheduler_tick
[    2.828014] scheduler_tick
[    2.828034] scheduler_tick
[    2.835375] stty (1756) used greatest stack depth: 13792 bytes left
[    2.838014] scheduler_tick
[    2.838391] scheduler_tick
[    2.848003] scheduler_tick
[    2.848005] scheduler_tick
[    2.858007] scheduler_tick
[    2.858009] scheduler_tick
[    2.868011] scheduler_tick
[    2.868013] scheduler_tick
[    2.878020] scheduler_tick
[    2.878035] scheduler_tick
[    2.888015] scheduler_tick
[    2.888018] scheduler_tick
[    2.898024] scheduler_tick
[    2.898036] scheduler_tick
[    2.908012] scheduler_tick
[    2.908014] scheduler_tick
[    2.918008] scheduler_tick
[    2.918009] scheduler_tick
[    2.928011] scheduler_tick
[    2.928014] scheduler_tick
[    2.932772] usb 2-3: New USB device found, idVendor=04f2, idProduct=b404, bcdDevice=69.63
[    2.934637] usb 2-3: New USB device strings: Mfr=3, Product=1, SerialNumber=2
[    2.935605] usb 2-3: Product: USB2.0 HD UVC WebCam
[    2.936557] usb 2-3: Manufacturer: Chicony Electronics Co.,Ltd.
[    2.937578] usb 2-3: SerialNumber: 0x0001
[    2.938010] scheduler_tick
[    2.938574] scheduler_tick
[    2.948010] scheduler_tick
[    2.948012] scheduler_tick
[    2.958014] scheduler_tick
[    2.958017] scheduler_tick
[    2.965423] sed (1774) used greatest stack depth: 13576 bytes left
[    2.968007] scheduler_tick
[    2.968012] scheduler_tick
[    2.978012] scheduler_tick
[    2.978014] scheduler_tick
[    2.988025] scheduler_tick
[    2.988039] scheduler_tick
[    2.998016] scheduler_tick
[    2.998019] scheduler_tick
[    3.008018] scheduler_tick
[    3.008021] scheduler_tick
[    3.018015] scheduler_tick
[    3.018018] scheduler_tick
[    3.028017] scheduler_tick
[    3.028019] scheduler_tick
[    3.038015] scheduler_tick
[    3.038018] scheduler_tick
[    3.048012] scheduler_tick
[    3.048015] scheduler_tick
[    3.058018] scheduler_tick
[    3.058020] scheduler_tick
[    3.068017] scheduler_tick
[    3.068020] scheduler_tick
[    3.078015] scheduler_tick
[    3.078018] scheduler_tick
[    3.088002] scheduler_tick
[    3.088004] scheduler_tick
[    3.098025] scheduler_tick
[    3.098036] scheduler_tick
[    3.108016] scheduler_tick
[    3.108019] scheduler_tick
[    3.118013] scheduler_tick
[    3.118035] scheduler_tick
[    3.128015] scheduler_tick
[    3.128017] scheduler_tick
[    3.138002] scheduler_tick
[    3.138004] scheduler_tick
[    3.148017] scheduler_tick
[    3.148019] scheduler_tick
[    3.158017] scheduler_tick
[    3.158020] scheduler_tick
[    3.168013] scheduler_tick
[    3.168015] scheduler_tick
[    3.173240] ip (1818) used greatest stack depth: 12552 bytes left
[    3.178012] scheduler_tick
[    3.178017] scheduler_tick
[    3.188015] scheduler_tick
[    3.188017] scheduler_tick
[    3.198015] scheduler_tick
[    3.198017] scheduler_tick
[    3.208014] scheduler_tick
[    3.208016] scheduler_tick
[    3.218017] scheduler_tick
[    3.218019] scheduler_tick
[    3.228016] scheduler_tick
[    3.228019] scheduler_tick
[    3.238002] scheduler_tick
[    3.238003] scheduler_tick
[    3.248016] scheduler_tick
[    3.248018] scheduler_tick
[    3.258015] scheduler_tick
[    3.258018] scheduler_tick
[    3.268016] scheduler_tick
[    3.268018] scheduler_tick
[    3.278013] scheduler_tick
[    3.278016] scheduler_tick
[    3.282194] udevd[1848]: starting version 3.2.1
[    3.288006] scheduler_tick
[    3.288009] scheduler_tick
[    3.291262] random: udevd: uninitialized urandom read (16 bytes read)
[    3.294169] random: udevd: uninitialized urandom read (16 bytes read)
[    3.295779] random: udevd: uninitialized urandom read (16 bytes read)
[    3.298006] scheduler_tick
[    3.298012] scheduler_tick
[    3.308007] scheduler_tick
[    3.308010] scheduler_tick
[    3.315853] udevd[1849]: starting eudev-3.2.1
[    3.318017] scheduler_tick
[    3.318580] scheduler_tick
[    3.328015] scheduler_tick
[    3.328017] scheduler_tick
[    3.338009] scheduler_tick
[    3.338011] scheduler_tick
[    3.348018] scheduler_tick
[    3.348020] scheduler_tick
[    3.358018] scheduler_tick
[    3.358020] scheduler_tick
[    3.368016] scheduler_tick
[    3.368019] scheduler_tick
[    3.378017] scheduler_tick
[    3.378020] scheduler_tick
[    3.388016] scheduler_tick
[    3.388018] scheduler_tick
[    3.398016] scheduler_tick
[    3.398018] scheduler_tick
[    3.408017] scheduler_tick
[    3.408020] scheduler_tick
[    3.418016] scheduler_tick
[    3.418018] scheduler_tick
[    3.428017] scheduler_tick
[    3.428019] scheduler_tick
[    3.438018] scheduler_tick
[    3.438020] scheduler_tick
[    3.448017] scheduler_tick
[    3.448019] scheduler_tick
[    3.458018] scheduler_tick
[    3.458020] scheduler_tick
[    3.468003] scheduler_tick
[    3.468004] scheduler_tick
[    3.478017] scheduler_tick
[    3.478020] scheduler_tick
[    3.488015] scheduler_tick
[    3.488018] scheduler_tick
[    3.498016] scheduler_tick
[    3.498018] scheduler_tick
[    3.508016] scheduler_tick
[    3.508019] scheduler_tick
[    3.518015] scheduler_tick
[    3.518018] scheduler_tick
[    3.528015] scheduler_tick
[    3.528018] scheduler_tick
[    3.538016] scheduler_tick
[    3.538018] scheduler_tick
[    3.548015] scheduler_tick
[    3.548018] scheduler_tick
[    3.558016] scheduler_tick
[    3.558019] scheduler_tick
[    3.568014] scheduler_tick
[    3.568016] scheduler_tick
[    3.578015] scheduler_tick
[    3.578017] scheduler_tick
[    3.588017] scheduler_tick
[    3.588019] scheduler_tick
[    3.598018] scheduler_tick
[    3.598020] scheduler_tick
[    3.608017] scheduler_tick
[    3.608020] scheduler_tick
[    3.618016] scheduler_tick
[    3.618019] scheduler_tick
[    3.628015] scheduler_tick
[    3.628018] scheduler_tick
[    3.638017] scheduler_tick
[    3.638019] scheduler_tick
[    3.648018] scheduler_tick
[    3.648020] scheduler_tick
[    3.658017] scheduler_tick
[    3.658019] scheduler_tick
[    3.658515] color, tsk->comm, weight, vruntime: -106435852381800 kworker/u8:1 1048576 2806620158
[    3.659057] color, tsk->comm, weight, vruntime: -106435852378343 kworker/u8:1 1048576 2806712945
[    3.659582] color, tsk->comm, weight, vruntime: -106435837682791 kworker/u8:1 1048576 2806815658
[    3.660128] color, tsk->comm, weight, vruntime: -106435852378343 kworker/u8:1 1048576 2806961447
[    3.660695] color, tsk->comm, weight, vruntime: -106435831781095 kworker/u8:1 1048576 2807053519
[    3.661286] color, tsk->comm, weight, vruntime: -106435837679335 kworker/u8:1 1048576 2807099798
[    3.661896] color, tsk->comm, weight, vruntime: -106435837682791 kworker/u8:1 1048576 2807266689
[    3.662530] color, tsk->comm, weight, vruntime: -106435837679335 kworker/u8:1 1048576 2807333530
[    3.663172] color, tsk->comm, weight, vruntime: 1 kworker/u8:1 1048576 2807472727
[    3.663836] color, tsk->comm, weight, vruntime: -106435831767271 kworker/u8:1 1048576 2807561747
[    3.664540] color, tsk->comm, weight, vruntime: -106435852997479 kworker/u8:1 1048576 2807701028
[    3.665316] color, tsk->comm, weight, vruntime: -106435831767271 kworker/u8:1 1048576 2807765816
[    3.666104] color, tsk->comm, weight, vruntime: -106435836106472 kworker/u8:1 1048576 2807817583
[    3.666912] color, tsk->comm, weight, vruntime: -106435853007847 kworker/u8:1 1048576 2807886908
[    3.667740] color, tsk->comm, weight, vruntime: -106435852997479 kworker/u8:1 1048576 2807921462
[    3.668012] scheduler_tick
[    3.668600] scheduler_tick
[    3.670350] color, tsk->comm, weight, vruntime: -106435853007847 kworker/u8:1 1048576 2808004166
[    3.671240] color, tsk->comm, weight, vruntime: -106435831781095 kworker/u8:1 1048576 2808061529
[    3.672325] color, tsk->comm, weight, vruntime: -106435824332392 kworker/u8:1 1048576 2808114299
[    3.673435] color, tsk->comm, weight, vruntime: -106435839536743 kworker/u8:1 1048576 2808120146
[    3.674567] color, tsk->comm, weight, vruntime: -106435824332391 kworker/u8:1 1048576 2808120147
[    3.675717] color, tsk->comm, weight, vruntime: -106435824332391 kworker/u8:1 1048576 2808120149
[    3.676883] color, tsk->comm, weight, vruntime: -106435853221736 kworker/u8:1 1048576 2808120149
[    3.678022] scheduler_tick
[    3.678065] scheduler_tick
[    3.680435] color, tsk->comm, weight, vruntime: -106435824332392 kworker/u8:1 1048576 2808120152
[    3.681626] color, tsk->comm, weight, vruntime: -106435839536743 kworker/u8:1 1048576 2808120152
[    3.683010] color, tsk->comm, weight, vruntime: -106435833681640 kworker/u8:1 1048576 2808120152
[    3.684395] color, tsk->comm, weight, vruntime: -106435862393319 kworker/u8:1 1048576 2808120152
[    3.685788] color, tsk->comm, weight, vruntime: -106435833667815 kworker/u8:1 1048576 2808120152
[    3.687193] color, tsk->comm, weight, vruntime: -106435863359079 kworker/u8:1 1048576 2808120152
[    3.688013] scheduler_tick
[    3.688619] scheduler_tick
[    3.691489] color, tsk->comm, weight, vruntime: -106435862393320 kworker/u8:1 1048576 2808120152
[    3.692958] color, tsk->comm, weight, vruntime: -106435863271144 kworker/u8:1 1048576 2808120152
[    3.694618] color, tsk->comm, weight, vruntime: -106435863359079 kworker/u8:1 1048576 2808120152
[    3.696293] color, tsk->comm, weight, vruntime: -106435863271144 kworker/u8:1 1048576 2808120153
[    3.697949] color, tsk->comm, weight, vruntime: -106435836106471 kworker/u8:1 1048576 2808120154
[    3.698011] scheduler_tick
[    3.699625] scheduler_tick
[    3.702990] color, tsk->comm, weight, vruntime: -106435839540199 kworker/u8:1 1048576 2808120154
[    3.704680] color, tsk->comm, weight, vruntime: -106435833805799 kworker/u8:1 1048576 2808120156
[    3.706562] color, tsk->comm, weight, vruntime: -106435839540199 kworker/u8:1 1048576 2808120156
[    3.708003] scheduler_tick
[    3.708358] scheduler_tick
[    3.711924] color, tsk->comm, weight, vruntime: -106435833681640 kworker/u8:1 1048576 2808120156
[    3.713685] color, tsk->comm, weight, vruntime: -106435824325479 kworker/u8:1 1048576 2808120156
[    3.715614] color, tsk->comm, weight, vruntime: -106435862379496 kworker/u8:1 1048576 2808120156
[    3.717538] color, tsk->comm, weight, vruntime: -106435824325479 kworker/u8:1 1048576 2808120156
[    3.718002] scheduler_tick
[    3.719461] scheduler_tick
[    3.723243] color, tsk->comm, weight, vruntime: -106435833805799 kworker/u8:1 1048576 2808120156
[    3.725054] color, tsk->comm, weight, vruntime: -106435863352168 kworker/u8:1 1048576 2808120156
[    3.727037] color, tsk->comm, weight, vruntime: -106435834061031 kworker/u8:1 1048576 2808120156
[    3.728002] scheduler_tick
[    3.729016] scheduler_tick
[    3.732949] color, tsk->comm, weight, vruntime: -106435863352168 kworker/u8:1 1048576 2808120156
[    3.734895] color, tsk->comm, weight, vruntime: -106435862379496 kworker/u8:1 1048576 2808120157
[    3.736932] color, tsk->comm, weight, vruntime: -106435834061031 kworker/u8:1 1048576 2808120157
[    3.738002] scheduler_tick
[    3.738981] scheduler_tick
[    3.742891] rq->nr_running rq->cfs.nr_running : 66 66
[    3.746822] rq->load.weight, rq->cfs.load.weight : 69206016 69206016
[    3.748005] scheduler_tick
[    3.748007] scheduler_tick
[    3.758013] scheduler_tick
[    3.758016] scheduler_tick
[    3.768017] scheduler_tick
[    3.768020] scheduler_tick
[    3.778015] scheduler_tick
[    3.778018] scheduler_tick
[    3.788012] scheduler_tick
[    3.788014] scheduler_tick
[    3.798018] scheduler_tick
[    3.798021] scheduler_tick
[    3.808014] scheduler_tick
[    3.808017] scheduler_tick
[    3.812406] ath9k 0000:01:00.0 wlp1s0: renamed from wlan0
[    3.818014] scheduler_tick
[    3.818017] scheduler_tick
[    3.828021] scheduler_tick
[    3.828025] scheduler_tick
[    3.838014] scheduler_tick
[    3.838016] scheduler_tick
[    3.848013] scheduler_tick
[    3.848016] scheduler_tick
[    3.858014] scheduler_tick
[    3.858017] scheduler_tick
[    3.868013] scheduler_tick
[    3.868016] scheduler_tick
[    3.870831] r8169 0000:02:00.0 enp2s0: renamed from eth0
[    3.878012] scheduler_tick
[    3.878016] scheduler_tick
[    3.888015] scheduler_tick
[    3.888018] scheduler_tick
[    3.898004] scheduler_tick
[    3.898005] scheduler_tick
[    3.908014] scheduler_tick
[    3.908017] scheduler_tick
[    3.918014] scheduler_tick
[    3.918016] scheduler_tick
[    3.928015] scheduler_tick
[    3.928017] scheduler_tick
[    3.938017] scheduler_tick
[    3.938019] scheduler_tick
[    3.948015] scheduler_tick
[    3.948018] scheduler_tick
[    3.958016] scheduler_tick
[    3.958019] scheduler_tick
[    3.968017] scheduler_tick
[    3.968020] scheduler_tick
[    3.971768] [drm] radeon kernel modesetting enabled.
[    3.973080] radeon 0000:00:01.0: remove_conflicting_pci_framebuffers: bar 0: 0xc0000000 -> 0xcfffffff
[    3.973892] radeon 0000:00:01.0: remove_conflicting_pci_framebuffers: bar 2: 0xd0000000 -> 0xd07fffff
[    3.974709] radeon 0000:00:01.0: remove_conflicting_pci_framebuffers: bar 5: 0xfeb00000 -> 0xfeb3ffff
[    3.975541] checking generic (c0000000 420000) vs hw (c0000000 10000000)
[    3.975543] fb0: switching to radeondrmfb from EFI VGA
[    3.976504] Console: switching to colour dummy device 80x25
[    3.978012] scheduler_tick
[    3.978015] scheduler_tick
[    3.988017] scheduler_tick
[    3.988019] scheduler_tick
[    3.998016] scheduler_tick
[    3.998018] scheduler_tick
[    4.008016] scheduler_tick
[    4.008019] scheduler_tick
[    4.010808] radeon 0000:00:01.0: vgaarb: deactivate vga console
[    4.012019] [drm] initializing kernel modesetting (KABINI 0x1002:0x9839 0x1043:0x141D 0x00).
[    4.012091] [drm] doorbell mmio base: 0xD0000000
[    4.012099] [drm] doorbell mmio size: 8388608
[    4.012132] ATOM BIOS: AMD
[    4.012208] [drm] Changing default dispclk from 400Mhz to 600Mhz
[    4.012244] radeon 0000:00:01.0: VRAM: 512M 0x0000000000000000 - 0x000000001FFFFFFF (512M used)
[    4.012259] radeon 0000:00:01.0: GTT: 2048M 0x0000000020000000 - 0x000000009FFFFFFF
[    4.012283] [drm] Detected VRAM RAM=512M, BAR=256M
[    4.012290] [drm] RAM width 128bits DDR
[    4.018015] scheduler_tick
[    4.018019] scheduler_tick
[    4.024665] [TTM] Zone  kernel: Available graphics memory: 1729512 KiB
[    4.024688] [TTM] Initializing pool allocator
[    4.024708] [TTM] Initializing DMA pool allocator
[    4.024782] [drm] radeon: 512M of VRAM memory ready
[    4.024791] [drm] radeon: 2048M of GTT memory ready.
[    4.024835] [drm] Loading kabini Microcode
[    4.028011] scheduler_tick
[    4.028014] scheduler_tick
[    4.037086] [drm] Internal thermal controller without fan control
[    4.038011] scheduler_tick
[    4.038014] scheduler_tick
[    4.039467] [drm] radeon: dpm initialized
[    4.040793] [drm] Found UVD firmware Version: 1.64 Family ID: 9
[    4.045491] [drm] Found VCE firmware/feedback version 40.2.2 / 15!
[    4.045535] [drm] GART: num cpu pages 524288, num gpu pages 524288
[    4.048018] scheduler_tick
[    4.048023] scheduler_tick
[    4.058027] scheduler_tick
[    4.058030] scheduler_tick
[    4.068015] scheduler_tick
[    4.068017] scheduler_tick
[    4.078010] scheduler_tick
[    4.078011] scheduler_tick
[    4.088014] scheduler_tick
[    4.088016] scheduler_tick
[    4.098016] scheduler_tick
[    4.098019] scheduler_tick
[    4.108017] scheduler_tick
[    4.108020] scheduler_tick
[    4.118013] scheduler_tick
[    4.118015] scheduler_tick
[    4.128014] scheduler_tick
[    4.128016] scheduler_tick
[    4.128160] [drm] PCIE GART of 2048M enabled (table at 0x000000000030E000).
[    4.128439] radeon 0000:00:01.0: WB enabled
[    4.128493] radeon 0000:00:01.0: fence driver on ring 0 use gpu addr 0x0000000020000c00 and cpu addr 0x(____ptrval____)
[    4.128510] radeon 0000:00:01.0: fence driver on ring 1 use gpu addr 0x0000000020000c04 and cpu addr 0x(____ptrval____)
[    4.128524] radeon 0000:00:01.0: fence driver on ring 2 use gpu addr 0x0000000020000c08 and cpu addr 0x(____ptrval____)
[    4.128538] radeon 0000:00:01.0: fence driver on ring 3 use gpu addr 0x0000000020000c0c and cpu addr 0x(____ptrval____)
[    4.128552] radeon 0000:00:01.0: fence driver on ring 4 use gpu addr 0x0000000020000c10 and cpu addr 0x(____ptrval____)
[    4.129484] radeon 0000:00:01.0: fence driver on ring 5 use gpu addr 0x0000000000078d30 and cpu addr 0x(____ptrval____)
[    4.129876] radeon 0000:00:01.0: fence driver on ring 6 use gpu addr 0x0000000020000c18 and cpu addr 0x(____ptrval____)
[    4.129891] radeon 0000:00:01.0: fence driver on ring 7 use gpu addr 0x0000000020000c1c and cpu addr 0x(____ptrval____)
[    4.129906] [drm] Supports vblank timestamp caching Rev 2 (21.10.2013).
[    4.129914] [drm] Driver supports precise vblank timestamp query.
[    4.130027] radeon 0000:00:01.0: radeon: using MSI.
[    4.130089] [drm] radeon: irq initialized.
[    4.133949] [drm] ring test on 0 succeeded in 3 usecs
[    4.134063] [drm] ring test on 1 succeeded in 3 usecs
[    4.134101] [drm] ring test on 2 succeeded in 4 usecs
[    4.134431] [drm] ring test on 3 succeeded in 6 usecs
[    4.134449] [drm] ring test on 4 succeeded in 6 usecs
[    4.138013] scheduler_tick
[    4.138017] scheduler_tick
[    4.148015] scheduler_tick
[    4.148017] scheduler_tick
[    4.158015] scheduler_tick
[    4.158017] scheduler_tick
[    4.168015] scheduler_tick
[    4.168018] scheduler_tick
[    4.178013] scheduler_tick
[    4.178015] scheduler_tick
[    4.188015] scheduler_tick
[    4.188017] scheduler_tick
[    4.198016] scheduler_tick
[    4.198018] scheduler_tick
[    4.208015] scheduler_tick
[    4.208018] scheduler_tick
[    4.218012] scheduler_tick
[    4.218015] scheduler_tick
[    4.228013] scheduler_tick
[    4.228015] scheduler_tick
[    4.238017] scheduler_tick
[    4.238020] scheduler_tick
[    4.248018] scheduler_tick
[    4.248020] scheduler_tick
[    4.258013] scheduler_tick
[    4.258016] scheduler_tick
[    4.268017] scheduler_tick
[    4.268019] scheduler_tick
[    4.278014] scheduler_tick
[    4.278016] scheduler_tick
[    4.283272] [drm] ring test on 5 succeeded in 2 usecs
[    4.288012] scheduler_tick
[    4.288015] scheduler_tick
[    4.298016] scheduler_tick
[    4.298018] scheduler_tick
[    4.308016] scheduler_tick
[    4.308019] scheduler_tick
[    4.316810] [drm] UVD initialized successfully.
[    4.318009] scheduler_tick
[    4.318014] scheduler_tick
[    4.328005] scheduler_tick
[    4.328007] scheduler_tick
[    4.338000] scheduler_tick
[    4.338001] scheduler_tick
[    4.348001] scheduler_tick
[    4.348006] scheduler_tick
[    4.358002] scheduler_tick
[    4.358006] scheduler_tick
[    4.368002] scheduler_tick
[    4.368005] scheduler_tick
[    4.378014] scheduler_tick
[    4.378017] scheduler_tick
[    4.388006] scheduler_tick
[    4.388009] scheduler_tick
[    4.398000] scheduler_tick
[    4.398001] scheduler_tick
[    4.407999] scheduler_tick
[    4.408002] scheduler_tick
[    4.418000] scheduler_tick
[    4.418004] scheduler_tick
[    4.427999] scheduler_tick
[    4.428002] scheduler_tick
[    4.431615] [drm] ring test on 6 succeeded in 19 usecs
[    4.431651] [drm] ring test on 7 succeeded in 3 usecs
[    4.431658] [drm] VCE initialized successfully.
[    4.433538] [drm] ib test on ring 0 succeeded in 0 usecs
[    4.433815] [drm] ib test on ring 1 succeeded in 0 usecs
[    4.434087] [drm] ib test on ring 2 succeeded in 0 usecs
[    4.434363] [drm] ib test on ring 3 succeeded in 0 usecs
[    4.434635] [drm] ib test on ring 4 succeeded in 0 usecs
[    4.438009] scheduler_tick
[    4.438014] scheduler_tick
[    4.448020] scheduler_tick
[    4.448024] scheduler_tick
[    4.458008] scheduler_tick
[    4.458034] scheduler_tick
[    4.468002] scheduler_tick
[    4.468031] scheduler_tick
[    4.478001] scheduler_tick
[    4.478032] scheduler_tick
[    4.488001] scheduler_tick
[    4.488031] scheduler_tick
[    4.498000] scheduler_tick
[    4.498032] scheduler_tick
[    4.508001] scheduler_tick
[    4.508031] scheduler_tick
[    4.518001] scheduler_tick
[    4.518032] scheduler_tick
[    4.528001] scheduler_tick
[    4.528030] scheduler_tick
[    4.538000] scheduler_tick
[    4.538032] scheduler_tick
[    4.548001] scheduler_tick
[    4.548030] scheduler_tick
[    4.558000] scheduler_tick
[    4.558032] scheduler_tick
[    4.568001] scheduler_tick
[    4.568030] scheduler_tick
[    4.578003] scheduler_tick
[    4.578030] scheduler_tick
[    4.588000] scheduler_tick
[    4.598000] scheduler_tick
[    4.608001] scheduler_tick
[    4.618001] scheduler_tick
[    4.628000] scheduler_tick
[    4.628029] scheduler_tick
[    4.638000] scheduler_tick
[    4.648000] scheduler_tick
[    4.658001] scheduler_tick
[    4.668000] scheduler_tick
[    4.668011] rq->nr_running rq->cfs.nr_running : 1 1
[    4.668022] rq->load.weight, rq->cfs.load.weight : 1048576 1048576
[    4.678000] scheduler_tick
[    4.688001] scheduler_tick
[    4.698000] scheduler_tick
[    4.698004] scheduler_tick
[    4.708003] scheduler_tick
[    4.708030] scheduler_tick
[    4.718001] scheduler_tick
[    4.718031] scheduler_tick
[    4.728001] scheduler_tick
[    4.728030] scheduler_tick
[    4.738000] scheduler_tick
[    4.738032] scheduler_tick
[    4.748001] scheduler_tick
[    4.748030] scheduler_tick
[    4.758000] scheduler_tick
[    4.758030] scheduler_tick
[    4.768000] scheduler_tick
[    4.778000] scheduler_tick
[    4.788000] scheduler_tick
[    4.798000] scheduler_tick
[    4.808000] scheduler_tick
[    4.818000] scheduler_tick
[    4.828000] scheduler_tick
[    4.838000] scheduler_tick
[    4.848000] scheduler_tick
[    4.858000] scheduler_tick
[    4.868000] scheduler_tick
[    4.878001] scheduler_tick
[    4.888011] scheduler_tick
[    4.888014] scheduler_tick
[    4.898002] scheduler_tick
[    4.898034] scheduler_tick
[    4.907999] scheduler_tick
[    4.908032] scheduler_tick
[    4.918000] scheduler_tick
[    4.918030] scheduler_tick
[    4.928000] scheduler_tick
[    4.928032] scheduler_tick
[    4.938000] scheduler_tick
[    4.938033] scheduler_tick
[    4.948001] scheduler_tick
[    4.958002] scheduler_tick
[    4.958030] scheduler_tick
[    4.958198] [drm] ib test on ring 5 succeeded
[    4.968000] scheduler_tick
[    4.968002] scheduler_tick
[    4.978000] scheduler_tick
[    4.978001] scheduler_tick
[    4.979422] [drm] ib test on ring 6 succeeded
[    4.980403] [drm] ib test on ring 7 succeeded
[    4.988019] scheduler_tick
[    4.988037] scheduler_tick
[    4.998004] scheduler_tick
[    4.998031] scheduler_tick
[    5.008001] scheduler_tick
[    5.008032] scheduler_tick
[    5.018001] scheduler_tick
[    5.018031] scheduler_tick
[    5.028002] scheduler_tick
[    5.028030] scheduler_tick
[    5.028063] [drm] radeon atom DIG backlight initialized
[    5.028081] [drm] Radeon Display Connectors
[    5.028088] [drm] Connector 0:
[    5.028093] [drm]   LVDS-1
[    5.028099] [drm]   HPD1
[    5.028107] [drm]   DDC: 0x6530 0x6530 0x6534 0x6534 0x6538 0x6538 0x653c 0x653c
[    5.028117] [drm]   Encoders:
[    5.028123] [drm]     LCD1: INTERNAL_UNIPHY
[    5.028129] [drm] Connector 1:
[    5.028135] [drm]   HDMI-A-1
[    5.028140] [drm]   HPD2
[    5.028147] [drm]   DDC: 0x6540 0x6540 0x6544 0x6544 0x6548 0x6548 0x654c 0x654c
[    5.028156] [drm]   Encoders:
[    5.028161] [drm]     DFP1: INTERNAL_UNIPHY
[    5.028167] [drm] Connector 2:
[    5.028173] [drm]   VGA-1
[    5.028180] [drm]   DDC: 0x65c0 0x65c0 0x65c4 0x65c4 0x65c8 0x65c8 0x65cc 0x65cc
[    5.028189] [drm]   Encoders:
[    5.028194] [drm]     CRT1: INTERNAL_KLDSCP_DAC1
[    5.038000] scheduler_tick
[    5.038032] scheduler_tick
[    5.048001] scheduler_tick
[    5.048030] scheduler_tick
[    5.058000] scheduler_tick
[    5.058031] scheduler_tick
[    5.068001] scheduler_tick
[    5.078001] scheduler_tick
[    5.078030] scheduler_tick
[    5.088000] scheduler_tick
[    5.088030] scheduler_tick
[    5.098001] scheduler_tick
[    5.098030] scheduler_tick
[    5.108000] scheduler_tick
[    5.108030] scheduler_tick
[    5.118000] scheduler_tick
[    5.118030] scheduler_tick
[    5.128001] scheduler_tick
[    5.128032] scheduler_tick
[    5.138000] scheduler_tick
[    5.138030] scheduler_tick
[    5.148000] scheduler_tick
[    5.158001] scheduler_tick
[    5.168000] scheduler_tick
[    5.168030] scheduler_tick
[    5.178000] scheduler_tick
[    5.188000] scheduler_tick
[    5.198000] scheduler_tick
[    5.198029] scheduler_tick
[    5.208000] scheduler_tick
[    5.218010] scheduler_tick
[    5.218032] scheduler_tick
[    5.228004] scheduler_tick
[    5.228030] scheduler_tick
[    5.238000] scheduler_tick
[    5.238032] scheduler_tick
[    5.248004] scheduler_tick
[    5.248030] scheduler_tick
[    5.258000] scheduler_tick
[    5.258032] scheduler_tick
[    5.268001] scheduler_tick
[    5.268030] scheduler_tick
[    5.278000] scheduler_tick
[    5.278033] scheduler_tick
[    5.288001] scheduler_tick
[    5.288030] scheduler_tick
[    5.298000] scheduler_tick
[    5.298031] scheduler_tick
[    5.308001] scheduler_tick
[    5.308029] scheduler_tick
[    5.318000] scheduler_tick
[    5.318031] scheduler_tick
[    5.328001] scheduler_tick
[    5.328030] scheduler_tick
[    5.338000] scheduler_tick
[    5.338030] scheduler_tick
[    5.348000] scheduler_tick
[    5.348030] scheduler_tick
[    5.358000] scheduler_tick
[    5.358030] scheduler_tick
[    5.368000] scheduler_tick
[    5.378000] scheduler_tick
[    5.378030] scheduler_tick
[    5.388000] scheduler_tick
[    5.398000] scheduler_tick
[    5.408000] scheduler_tick
[    5.408030] scheduler_tick
[    5.418001] scheduler_tick
[    5.428000] scheduler_tick
[    5.438000] scheduler_tick
[    5.438030] scheduler_tick
[    5.448000] scheduler_tick
[    5.458000] scheduler_tick
[    5.468000] scheduler_tick
[    5.468029] scheduler_tick
[    5.478000] scheduler_tick
[    5.488001] scheduler_tick
[    5.488030] scheduler_tick
[    5.498000] scheduler_tick
[    5.498030] scheduler_tick
[    5.508000] scheduler_tick
[    5.518000] scheduler_tick
[    5.528000] scheduler_tick
[    5.528030] scheduler_tick
[    5.538000] scheduler_tick
[    5.548001] scheduler_tick
[    5.558001] scheduler_tick
[    5.558029] scheduler_tick
[    5.568000] scheduler_tick
[    5.578000] scheduler_tick
[    5.588000] scheduler_tick
[    5.588030] scheduler_tick
[    5.598000] scheduler_tick
[    5.608000] scheduler_tick
[    5.618001] scheduler_tick
[    5.618029] scheduler_tick
[    5.628000] scheduler_tick
[    5.638001] scheduler_tick
[    5.648000] scheduler_tick
[    5.648030] scheduler_tick
[    5.658000] scheduler_tick
[    5.668000] scheduler_tick
[    5.678003] scheduler_tick
[    5.678015] rq->nr_running rq->cfs.nr_running : 0 0
[    5.678026] rq->load.weight, rq->cfs.load.weight : 0 0
[    5.678030] scheduler_tick
[    5.688001] scheduler_tick
[    5.698000] scheduler_tick
[    5.708004] scheduler_tick
[    5.708031] scheduler_tick
[    5.718002] scheduler_tick
[    5.718030] scheduler_tick
[    5.728000] scheduler_tick
[    5.728032] scheduler_tick
[    5.738001] scheduler_tick
[    5.738030] scheduler_tick
[    5.748001] scheduler_tick
[    5.748032] scheduler_tick
[    5.758001] scheduler_tick
[    5.758030] scheduler_tick
[    5.768001] scheduler_tick
[    5.768030] scheduler_tick
[    5.778000] scheduler_tick
[    5.778030] scheduler_tick
[    5.788000] scheduler_tick
[    5.788030] scheduler_tick
[    5.798000] scheduler_tick
[    5.798030] scheduler_tick
[    5.808001] scheduler_tick
[    5.818000] scheduler_tick
[    5.828000] scheduler_tick
[    5.828030] scheduler_tick
[    5.838000] scheduler_tick
[    5.848000] scheduler_tick
[    5.858000] scheduler_tick
[    5.858031] scheduler_tick
[    5.868000] scheduler_tick
[    5.878001] scheduler_tick
[    5.888000] scheduler_tick
[    5.888030] scheduler_tick
[    5.898001] scheduler_tick
[    5.908000] scheduler_tick
[    5.918001] scheduler_tick
[    5.918029] scheduler_tick
[    5.928000] scheduler_tick
[    5.938001] scheduler_tick
[    5.948000] scheduler_tick
[    5.948030] scheduler_tick
[    5.958000] scheduler_tick
[    5.968000] scheduler_tick
[    5.978000] scheduler_tick
[    5.978030] scheduler_tick
[    5.988000] scheduler_tick
[    5.998000] scheduler_tick
[    6.008001] scheduler_tick
[    6.008030] scheduler_tick
[    6.018001] scheduler_tick
[    6.018002] scheduler_tick
[    6.028000] scheduler_tick
[    6.028001] scheduler_tick
[    6.037999] scheduler_tick
[    6.038003] scheduler_tick
[    6.048000] scheduler_tick
[    6.048002] scheduler_tick
[    6.058000] scheduler_tick
[    6.068001] scheduler_tick
[    6.078001] scheduler_tick
[    6.078030] scheduler_tick
[    6.080191] [drm] fb mappable at 0xC0722000
[    6.080204] [drm] vram apper at 0xC0000000
[    6.080211] [drm] size 4325376
[    6.080217] [drm] fb depth is 24
[    6.080222] [drm]    pitch is 5632
[    6.080650] fbcon: radeondrmfb (fb0) is primary device
[    6.088015] scheduler_tick
[    6.088036] scheduler_tick
[    6.098001] scheduler_tick
[    6.098031] scheduler_tick
[    6.108003] scheduler_tick
[    6.108032] scheduler_tick
[    6.118001] scheduler_tick
[    6.118030] scheduler_tick
[    6.128000] scheduler_tick
[    6.128032] scheduler_tick
[    6.138001] scheduler_tick
[    6.138030] scheduler_tick
[    6.148001] scheduler_tick
[    6.148032] scheduler_tick
[    6.158001] scheduler_tick
[    6.158030] scheduler_tick
[    6.168000] scheduler_tick
[    6.168032] scheduler_tick
[    6.178001] scheduler_tick
[    6.178030] scheduler_tick
[    6.188000] scheduler_tick
[    6.188032] scheduler_tick
[    6.188276] Console: switching to colour frame buffer device 170x48
[    6.198001] scheduler_tick
[    6.198003] scheduler_tick
[    6.200981] radeon 0000:00:01.0: fb0: radeondrmfb frame buffer device
[    6.208000] scheduler_tick
[    6.208031] scheduler_tick
[    6.218000] scheduler_tick
[    6.218031] scheduler_tick
[    6.228003] scheduler_tick
[    6.228031] scheduler_tick
[    6.238002] scheduler_tick
[    6.238030] scheduler_tick
[    6.248002] scheduler_tick
[    6.248003] scheduler_tick
[    6.248905] [drm] Initialized radeon 2.50.0 20080528 for 0000:00:01.0 on minor 0
[    6.258021] scheduler_tick
[    6.258035] scheduler_tick
[    6.268015] scheduler_tick
[    6.268033] scheduler_tick
[    6.278002] scheduler_tick
[    6.278030] scheduler_tick
[    6.288011] scheduler_tick
[    6.288014] scheduler_tick
[    6.298016] scheduler_tick
[    6.298019] scheduler_tick
[    6.308019] scheduler_tick
[    6.308022] scheduler_tick
[    6.318017] scheduler_tick
[    6.318020] scheduler_tick
[    6.328003] scheduler_tick
[    6.328004] scheduler_tick
[    6.338015] scheduler_tick
[    6.338017] scheduler_tick
[    6.348016] scheduler_tick
[    6.348018] scheduler_tick
[    6.358014] scheduler_tick
[    6.358017] scheduler_tick
[    6.364201] Adding 3608572k swap on /dev/sda4.  Priority:1 extents:1 across:3608572k SS
[    6.368012] scheduler_tick
[    6.368016] scheduler_tick
[    6.378017] scheduler_tick
[    6.378019] scheduler_tick
[    6.388023] scheduler_tick
[    6.388037] scheduler_tick
[    6.398017] scheduler_tick
[    6.398019] scheduler_tick
[    6.408001] scheduler_tick
[    6.408006] scheduler_tick
[    6.418016] scheduler_tick
[    6.418019] scheduler_tick
[    6.428015] scheduler_tick
[    6.428017] scheduler_tick
[    6.438015] scheduler_tick
[    6.438018] scheduler_tick
[    6.444443] EXT4-fs (sda2): re-mounted. Opts: (null)
[    6.448011] scheduler_tick
[    6.448015] scheduler_tick
[    6.458017] scheduler_tick
[    6.458020] scheduler_tick
[    6.468018] scheduler_tick
[    6.468021] scheduler_tick
[    6.478016] scheduler_tick
[    6.478018] scheduler_tick
[    6.488018] scheduler_tick
[    6.488020] scheduler_tick
[    6.498012] scheduler_tick
[    6.498014] scheduler_tick
[    6.508011] scheduler_tick
[    6.508018] scheduler_tick
[    6.518018] scheduler_tick
[    6.518021] scheduler_tick
[    6.528016] scheduler_tick
[    6.528018] scheduler_tick
[    6.538015] scheduler_tick
[    6.538018] scheduler_tick
[    6.548013] scheduler_tick
[    6.548016] scheduler_tick
[    6.558002] scheduler_tick
[    6.558004] scheduler_tick
[    6.568018] scheduler_tick
[    6.568020] scheduler_tick
[    6.578018] scheduler_tick
[    6.578020] scheduler_tick
[    6.588017] scheduler_tick
[    6.588020] scheduler_tick
[    6.594669] EXT4-fs (sda2): re-mounted. Opts: (null)
[    6.598008] scheduler_tick
[    6.598011] scheduler_tick
[    6.608014] scheduler_tick
[    6.608016] scheduler_tick
[    6.618016] scheduler_tick
[    6.618018] scheduler_tick
[    6.628017] scheduler_tick
[    6.628019] scheduler_tick
[    6.638018] scheduler_tick
[    6.638020] scheduler_tick
[    6.648013] scheduler_tick
[    6.648015] scheduler_tick
[    6.658014] scheduler_tick
[    6.658016] scheduler_tick
[    6.668015] scheduler_tick
[    6.668018] scheduler_tick
[    6.678013] scheduler_tick
[    6.678016] scheduler_tick
[    6.688003] scheduler_tick
[    6.688008] scheduler_tick
[    6.689088] color, tsk->comm, weight, vruntime: 1 rcu_sched 1048576 4418079078
[    6.691201] color, tsk->comm, weight, vruntime: 1 ksoftirqd/0 1048576 4418097705
[    6.692401] rq->nr_running rq->cfs.nr_running : 1 1
[    6.694947] rq->load.weight, rq->cfs.load.weight : 2097152 2097152
[    6.698016] scheduler_tick
[    6.698019] scheduler_tick
[    6.708014] scheduler_tick
[    6.708016] scheduler_tick
[    6.718017] scheduler_tick
[    6.718020] scheduler_tick
[    6.728006] scheduler_tick
[    6.728008] scheduler_tick
[    6.738014] scheduler_tick
[    6.738016] scheduler_tick
[    6.748005] scheduler_tick
[    6.748006] scheduler_tick
[    6.758016] scheduler_tick
[    6.758018] scheduler_tick
[    6.768015] scheduler_tick
[    6.768017] scheduler_tick
[    6.778016] scheduler_tick
[    6.778019] scheduler_tick
[    6.788013] scheduler_tick
[    6.788015] scheduler_tick
[    6.798016] scheduler_tick
[    6.798018] scheduler_tick
[    6.808014] scheduler_tick
[    6.808016] scheduler_tick
[    6.818019] scheduler_tick
[    6.818022] scheduler_tick
[    6.828017] scheduler_tick
[    6.828019] scheduler_tick
[    6.838023] scheduler_tick
[    6.838037] scheduler_tick
[    6.848016] scheduler_tick
[    6.848019] scheduler_tick
[    6.858013] scheduler_tick
[    6.858015] scheduler_tick
[    6.868015] scheduler_tick
[    6.868017] scheduler_tick
[    6.878016] scheduler_tick
[    6.878019] scheduler_tick
[    6.888015] scheduler_tick
[    6.888018] scheduler_tick
[    6.898015] scheduler_tick
[    6.898018] scheduler_tick
[    6.908002] scheduler_tick
[    6.908004] scheduler_tick
[    6.918017] scheduler_tick
[    6.918020] scheduler_tick
[    6.928015] scheduler_tick
[    6.928018] scheduler_tick
[    6.938017] scheduler_tick
[    6.938019] scheduler_tick
[    6.948015] scheduler_tick
[    6.948017] scheduler_tick
[    6.958016] scheduler_tick
[    6.958019] scheduler_tick
[    6.968014] scheduler_tick
[    6.968017] scheduler_tick
[    6.978005] scheduler_tick
[    6.978007] scheduler_tick
[    6.988016] scheduler_tick
[    6.988018] scheduler_tick
[    6.998001] scheduler_tick
[    6.998032] scheduler_tick
[    7.008005] scheduler_tick
[    7.008031] scheduler_tick
[    7.018002] scheduler_tick
[    7.018030] scheduler_tick
[    7.028002] scheduler_tick
[    7.028031] scheduler_tick
[    7.038002] scheduler_tick
[    7.038030] scheduler_tick
[    7.048002] scheduler_tick
[    7.048031] scheduler_tick
[    7.058002] scheduler_tick
[    7.058030] scheduler_tick
[    7.068001] scheduler_tick
[    7.068030] scheduler_tick
[    7.078002] scheduler_tick
[    7.088002] scheduler_tick
[    7.098001] scheduler_tick
[    7.108002] scheduler_tick
[    7.118001] scheduler_tick
[    7.128001] scheduler_tick
[    7.128030] scheduler_tick
[    7.138001] scheduler_tick
[    7.148001] scheduler_tick
[    7.158001] scheduler_tick
[    7.168001] scheduler_tick
[    7.178002] scheduler_tick
[    7.188001] scheduler_tick
[    7.198001] scheduler_tick
[    7.208001] scheduler_tick
[    7.218001] scheduler_tick
[    7.228001] scheduler_tick
[    7.238002] scheduler_tick
[    7.248001] scheduler_tick
[    7.258001] scheduler_tick
[    7.268001] scheduler_tick
[    7.278001] scheduler_tick
[    7.288001] scheduler_tick
[    7.288028] scheduler_tick
[    7.298012] scheduler_tick
[    7.298033] scheduler_tick
[    7.308004] scheduler_tick
[    7.308030] scheduler_tick
[    7.318001] scheduler_tick
[    7.318030] scheduler_tick
[    7.328004] scheduler_tick
[    7.328031] scheduler_tick
[    7.338002] scheduler_tick
[    7.338031] scheduler_tick
[    7.348002] scheduler_tick
[    7.348028] scheduler_tick
[    7.358001] scheduler_tick
[    7.358030] scheduler_tick
[    7.368002] scheduler_tick
[    7.368031] scheduler_tick
[    7.378001] scheduler_tick
[    7.378031] scheduler_tick
[    7.388002] scheduler_tick
[    7.388031] scheduler_tick
[    7.398002] scheduler_tick
[    7.398031] scheduler_tick
[    7.408002] scheduler_tick
[    7.418001] scheduler_tick
[    7.428001] scheduler_tick
[    7.438002] scheduler_tick
[    7.448001] scheduler_tick
[    7.458001] scheduler_tick
[    7.468001] scheduler_tick
[    7.478001] scheduler_tick
[    7.488001] scheduler_tick
[    7.498002] scheduler_tick
[    7.508001] scheduler_tick
[    7.518001] scheduler_tick
[    7.528001] scheduler_tick
[    7.538001] scheduler_tick
[    7.548001] scheduler_tick
[    7.548029] scheduler_tick
[    7.558001] scheduler_tick
[    7.568002] scheduler_tick
[    7.578001] scheduler_tick
[    7.588001] scheduler_tick
[    7.598001] scheduler_tick
[    7.608001] scheduler_tick
[    7.618002] scheduler_tick
[    7.628002] scheduler_tick
[    7.638001] scheduler_tick
[    7.648001] scheduler_tick
[    7.658001] scheduler_tick
[    7.668001] scheduler_tick
[    7.678001] scheduler_tick
[    7.688001] scheduler_tick
[    7.698001] scheduler_tick
[    7.698386] rq->nr_running rq->cfs.nr_running : 0 0
[    7.699212] rq->load.weight, rq->cfs.load.weight : 0 0
[    7.708002] scheduler_tick
[    7.718001] scheduler_tick
[    7.728002] scheduler_tick
[    7.738001] scheduler_tick
[    7.748001] scheduler_tick
[    7.758002] scheduler_tick
[    7.758027] scheduler_tick
[    7.768002] scheduler_tick
[    7.778001] scheduler_tick
[    7.788001] scheduler_tick
[    7.798002] scheduler_tick
[    7.808002] scheduler_tick
[    7.818001] scheduler_tick
[    7.828002] scheduler_tick
[    7.838001] scheduler_tick
[    7.848001] scheduler_tick
[    7.858001] scheduler_tick
[    7.868001] scheduler_tick
[    7.878002] scheduler_tick
[    7.888012] scheduler_tick
[    7.888034] scheduler_tick
[    7.898008] scheduler_tick
[    7.898031] scheduler_tick
[    7.908025] scheduler_tick
[    7.908035] scheduler_tick
[    7.918017] scheduler_tick
[    7.918020] scheduler_tick
[    7.928016] scheduler_tick
[    7.928018] scheduler_tick
[    7.938013] scheduler_tick
[    7.938015] scheduler_tick
[    7.948017] scheduler_tick
[    7.948020] scheduler_tick
[    7.958015] scheduler_tick
[    7.958018] scheduler_tick
[    7.968013] scheduler_tick
[    7.968015] scheduler_tick
[    7.978012] scheduler_tick
[    7.978014] scheduler_tick
[    7.988017] scheduler_tick
[    7.988035] scheduler_tick
[    7.998013] scheduler_tick
[    7.998016] scheduler_tick
[    8.008000] scheduler_tick
[    8.008263] scheduler_tick
[    8.018015] scheduler_tick
[    8.018018] scheduler_tick
[    8.028017] scheduler_tick
[    8.028019] scheduler_tick
[    8.038017] scheduler_tick
[    8.038019] scheduler_tick
[    8.048017] scheduler_tick
[    8.048020] scheduler_tick
[    8.058014] scheduler_tick
[    8.058017] scheduler_tick
[    8.068017] scheduler_tick
[    8.068019] scheduler_tick
[    8.078015] scheduler_tick
[    8.078018] scheduler_tick
[    8.088016] scheduler_tick
[    8.088018] scheduler_tick
[    8.098013] scheduler_tick
[    8.098016] scheduler_tick
[    8.108016] scheduler_tick
[    8.108018] scheduler_tick
[    8.118017] scheduler_tick
[    8.118019] scheduler_tick
[    8.128021] scheduler_tick
[    8.128036] scheduler_tick
[    8.138015] scheduler_tick
[    8.138018] scheduler_tick
[    8.148004] scheduler_tick
[    8.148006] scheduler_tick
[    8.158014] scheduler_tick
[    8.158016] scheduler_tick
[    8.168024] scheduler_tick
[    8.168038] scheduler_tick
[    8.178017] scheduler_tick
[    8.178019] scheduler_tick
[    8.188015] scheduler_tick
[    8.188017] scheduler_tick
[    8.198015] scheduler_tick
[    8.198018] scheduler_tick
[    8.208017] scheduler_tick
[    8.208019] scheduler_tick
[    8.218003] scheduler_tick
[    8.218005] scheduler_tick
[    8.228014] scheduler_tick
[    8.228017] scheduler_tick
[    8.238016] scheduler_tick
[    8.238018] scheduler_tick
[    8.248003] scheduler_tick
[    8.248004] scheduler_tick
[    8.258018] scheduler_tick
[    8.258020] scheduler_tick
[    8.268016] scheduler_tick
[    8.268018] scheduler_tick
[    8.278017] scheduler_tick
[    8.278020] scheduler_tick
[    8.288016] scheduler_tick
[    8.288018] scheduler_tick
[    8.298016] scheduler_tick
[    8.298018] scheduler_tick
[    8.308021] scheduler_tick
[    8.308033] scheduler_tick
[    8.318015] scheduler_tick
[    8.318018] scheduler_tick
[    8.328016] scheduler_tick
[    8.328018] scheduler_tick
[    8.338015] scheduler_tick
[    8.338017] scheduler_tick
[    8.348017] scheduler_tick
[    8.348020] scheduler_tick
[    8.358018] scheduler_tick
[    8.358020] scheduler_tick
[    8.368014] scheduler_tick
[    8.368016] scheduler_tick
[    8.378015] scheduler_tick
[    8.378018] scheduler_tick
[    8.388012] scheduler_tick
[    8.388014] scheduler_tick
[    8.398013] scheduler_tick
[    8.398015] scheduler_tick
[    8.408009] scheduler_tick
[    8.408012] scheduler_tick
[    8.418013] scheduler_tick
[    8.418015] scheduler_tick
