[    0.000000] Linux version 5.1.0-rc1+ (root@(none)) (gcc version 9.0.1 20190318 (experimental) (GCC)) #37 SMP Wed Mar 20 11:19:06 +05 2019
[    0.000000] Command line: BOOT_IMAGE=/boot/bzImage root=/dev/sda2 ro
[    0.000000] x86/fpu: Supporting XSAVE feature 0x001: 'x87 floating point registers'
[    0.000000] x86/fpu: Supporting XSAVE feature 0x002: 'SSE registers'
[    0.000000] x86/fpu: Supporting XSAVE feature 0x004: 'AVX registers'
[    0.000000] x86/fpu: xstate_offset[2]:  576, xstate_sizes[2]:  256
[    0.000000] x86/fpu: Enabled xstate features 0x7, context size is 832 bytes, using 'standard' format.
[    0.000000] BIOS-provided physical RAM map:
[    0.000000] BIOS-e820: [mem 0x0000000000000000-0x000000000009ffff] usable
[    0.000000] BIOS-e820: [mem 0x0000000000100000-0x000000009d0f7fff] usable
[    0.000000] BIOS-e820: [mem 0x000000009d0f8000-0x000000009d127fff] reserved
[    0.000000] BIOS-e820: [mem 0x000000009d128000-0x000000009d370fff] usable
[    0.000000] BIOS-e820: [mem 0x000000009d371000-0x000000009dc56fff] ACPI NVS
[    0.000000] BIOS-e820: [mem 0x000000009dc57000-0x000000009e959fff] reserved
[    0.000000] BIOS-e820: [mem 0x000000009e95a000-0x000000009e9cafff] type 20
[    0.000000] BIOS-e820: [mem 0x000000009e9cb000-0x000000009e9cbfff] usable
[    0.000000] BIOS-e820: [mem 0x000000009e9cc000-0x000000009e9d3fff] ACPI NVS
[    0.000000] BIOS-e820: [mem 0x000000009e9d4000-0x000000009eb24fff] usable
[    0.000000] BIOS-e820: [mem 0x000000009eb25000-0x000000009f041fff] reserved
[    0.000000] BIOS-e820: [mem 0x000000009f042000-0x000000009f080fff] usable
[    0.000000] BIOS-e820: [mem 0x000000009f081000-0x000000009f3f1fff] reserved
[    0.000000] BIOS-e820: [mem 0x000000009f3f2000-0x000000009f3fffff] usable
[    0.000000] BIOS-e820: [mem 0x00000000fec00000-0x00000000fec01fff] reserved
[    0.000000] BIOS-e820: [mem 0x00000000fec10000-0x00000000fec10fff] reserved
[    0.000000] BIOS-e820: [mem 0x00000000fed00000-0x00000000fed00fff] reserved
[    0.000000] BIOS-e820: [mem 0x00000000fed80000-0x00000000fed8ffff] reserved
[    0.000000] BIOS-e820: [mem 0x00000000ff000000-0x00000000ffffffff] reserved
[    0.000000] BIOS-e820: [mem 0x0000000100001000-0x000000013effffff] usable
[    0.000000] NX (Execute Disable) protection: active
[    0.000000] efi: EFI v2.31 by American Megatrends
[    0.000000] efi:  ACPI=0x9d3f3000  ACPI 2.0=0x9d3f3000  SMBIOS=0x9e958998 
[    0.000000] SMBIOS 2.7 present.
[    0.000000] DMI: ASUSTeK COMPUTER INC. X102BA/X102BA, BIOS X102BA.212 08/30/2013
[    0.000000] tsc: Fast TSC calibration using PIT
[    0.000000] tsc: Detected 998.155 MHz processor
[    0.000215] e820: update [mem 0x00000000-0x00000fff] usable ==> reserved
[    0.000220] e820: remove [mem 0x000a0000-0x000fffff] usable
[    0.000243] last_pfn = 0x13f000 max_arch_pfn = 0x400000000
[    0.000254] MTRR default type: uncachable
[    0.000255] MTRR fixed ranges enabled:
[    0.000259]   00000-9FFFF write-back
[    0.000261]   A0000-BFFFF write-through
[    0.000264]   C0000-DFFFF uncachable
[    0.000267]   E0000-FFFFF write-protect
[    0.000268] MTRR variable ranges enabled:
[    0.000272]   0 base 0000000000 mask FF80000000 write-back
[    0.000276]   1 base 0080000000 mask FFE0000000 write-back
[    0.000279]   2 base 009F400000 mask FFFFC00000 uncachable
[    0.000283]   3 base 009F800000 mask FFFF800000 uncachable
[    0.000284]   4 disabled
[    0.000285]   5 disabled
[    0.000286]   6 disabled
[    0.000287]   7 disabled
[    0.000290] TOM2: 000000013f000000 aka 5104M
[    0.000812] x86/PAT: Configuration [0-7]: WB  WC  UC- UC  WB  WP  UC- WT  
[    0.001078] e820: update [mem 0x9f400000-0xffffffff] usable ==> reserved
[    0.001092] last_pfn = 0x9f400 max_arch_pfn = 0x400000000
[    0.014318] check: Scanning 1 areas for low memory corruption
[    0.014329] Base memory trampoline at [(____ptrval____)] 99000 size 24576
[    0.014336] Using GB pages for direct mapping
[    0.014343] BRK [0x4ce01000, 0x4ce01fff] PGTABLE
[    0.014349] BRK [0x4ce02000, 0x4ce02fff] PGTABLE
[    0.014353] BRK [0x4ce03000, 0x4ce03fff] PGTABLE
[    0.014483] BRK [0x4ce04000, 0x4ce04fff] PGTABLE
[    0.014492] BRK [0x4ce05000, 0x4ce05fff] PGTABLE
[    0.014690] BRK [0x4ce06000, 0x4ce06fff] PGTABLE
[    0.015729] BRK [0x4ce07000, 0x4ce07fff] PGTABLE
[    0.015953] BRK [0x4ce08000, 0x4ce08fff] PGTABLE
[    0.016141] BRK [0x4ce09000, 0x4ce09fff] PGTABLE
[    0.016382] BRK [0x4ce0a000, 0x4ce0afff] PGTABLE
[    0.016669] BRK [0x4ce0b000, 0x4ce0bfff] PGTABLE
[    0.016850] Secure boot could not be determined
[    0.016865] ACPI: Early table checksum verification disabled
[    0.016874] ACPI: RSDP 0x000000009D3F3000 000024 (v02 _ASUS_)
[    0.016885] ACPI: XSDT 0x000000009D3F3088 000094 (v01 _ASUS_ Notebook 01072009 AMI  00010013)
[    0.016902] ACPI: FACP 0x000000009D400748 00010C (v05 _ASUS_ Notebook 01072009 AMI  00010013)
[    0.016917] ACPI BIOS Warning (bug): Optional FADT field Pm2ControlBlock has valid Length but zero Address: 0x0000000000000000/0x1 (20190215/tbfadt-615)
[    0.016931] ACPI: DSDT 0x000000009D3F31A8 00D59D (v02 _ASUS_ Notebook 00000000 INTL 20091112)
[    0.016941] ACPI: FACS 0x000000009DC4B080 000040
[    0.016949] ACPI: APIC 0x000000009D400858 00007E (v03 _ASUS_ Notebook 01072009 AMI  00010013)
[    0.016959] ACPI: FPDT 0x000000009D4008D8 000044 (v01 _ASUS_ Notebook 01072009 AMI  00010013)
[    0.016968] ACPI: ECDT 0x000000009D400920 0000C1 (v01 _ASUS_ Notebook 01072009 AMI. 00000005)
[    0.016978] ACPI: MCFG 0x000000009D4009E8 00003C (v01 _ASUS_ Notebook 01072009 MSFT 00010013)
[    0.016987] ACPI: HPET 0x000000009D400A28 000038 (v01 _ASUS_ Notebook 01072009 AMI  00000005)
[    0.016996] ACPI: VFCT 0x000000009D400A60 004684 (v01 _ASUS_ Notebook 00000001 AMD  31504F47)
[    0.017006] ACPI: BGRT 0x000000009D4050E8 000038 (v00 _ASUS_ Notebook 01072009 ASUS 00010013)
[    0.017015] ACPI: SSDT 0x000000009D405120 0005E0 (v01 AMD    AGESA    00000001 AMD  00000001)
[    0.017024] ACPI: SSDT 0x000000009D405700 0046D1 (v02 AMD    AGESA    00000002 MSFT 04000000)
[    0.017034] ACPI: CRAT 0x000000009D409DD8 000228 (v01 AMD    AGESA    00000001 AMD  00000001)
[    0.017043] ACPI: SSDT 0x000000009D40A000 001411 (v01 AMD    CPMDFIGP 00000001 INTL 20051117)
[    0.017052] ACPI: SSDT 0x000000009D40B418 0010E8 (v01 AMD    CPMCMN   00000001 INTL 20051117)
[    0.017062] ACPI: MSDM 0x000000009D127F98 000055 (v03 _ASUS_ Notebook 00000000 ASUS 00000001)
[    0.017089] ACPI: Local APIC address 0xfee00000
[    0.017349] No NUMA configuration found
[    0.017354] Faking a node at [mem 0x0000000000000000-0x000000013effffff]
[    0.017366] NODE_DATA(0) allocated [mem 0x13effa000-0x13effdfff]
[    0.017419] Zone ranges:
[    0.017423]   DMA      [mem 0x0000000000001000-0x0000000000ffffff]
[    0.017428]   DMA32    [mem 0x0000000001000000-0x00000000ffffffff]
[    0.017432]   Normal   [mem 0x0000000100000000-0x000000013effffff]
[    0.017436] Movable zone start for each node
[    0.017439] Early memory node ranges
[    0.017443]   node   0: [mem 0x0000000000001000-0x000000000009ffff]
[    0.017446]   node   0: [mem 0x0000000000100000-0x000000009d0f7fff]
[    0.017449]   node   0: [mem 0x000000009d128000-0x000000009d370fff]
[    0.017452]   node   0: [mem 0x000000009e9cb000-0x000000009e9cbfff]
[    0.017455]   node   0: [mem 0x000000009e9d4000-0x000000009eb24fff]
[    0.017458]   node   0: [mem 0x000000009f042000-0x000000009f080fff]
[    0.017461]   node   0: [mem 0x000000009f3f2000-0x000000009f3fffff]
[    0.017464]   node   0: [mem 0x0000000100001000-0x000000013effffff]
[    0.018301] Zeroed struct page in unavailable ranges: 11138 pages
[    0.018308] Initmem setup node 0 [mem 0x0000000000001000-0x000000013effffff]
[    0.018317] On node 0 totalpages: 902270
[    0.018320]   DMA zone: 64 pages used for memmap
[    0.018321]   DMA zone: 23 pages reserved
[    0.018324]   DMA zone: 3999 pages, LIFO batch:0
[    0.018721]   DMA32 zone: 10004 pages used for memmap
[    0.018723]   DMA32 zone: 640224 pages, LIFO batch:63
[    0.087297]   Normal zone: 4032 pages used for memmap
[    0.087303]   Normal zone: 258047 pages, LIFO batch:63
[    0.111903] ACPI: PM-Timer IO Port: 0x808
[    0.111915] ACPI: Local APIC address 0xfee00000
[    0.111930] ACPI: LAPIC_NMI (acpi_id[0xff] high edge lint[0x1])
[    0.111946] IOAPIC[0]: apic_id 3, version 33, address 0xfec00000, GSI 0-23
[    0.111957] IOAPIC[1]: apic_id 4, version 33, address 0xfec01000, GSI 24-55
[    0.111964] ACPI: INT_SRC_OVR (bus 0 bus_irq 0 global_irq 2 dfl dfl)
[    0.111969] ACPI: INT_SRC_OVR (bus 0 bus_irq 9 global_irq 9 low level)
[    0.111974] ACPI: IRQ0 used by override.
[    0.111976] ACPI: IRQ9 used by override.
[    0.111981] Using ACPI (MADT) for SMP configuration information
[    0.111986] ACPI: HPET id: 0x10228210 base: 0xfed00000
[    0.112001] smpboot: Allowing 4 CPUs, 2 hotplug CPUs
[    0.112076] PM: Registered nosave memory: [mem 0x00000000-0x00000fff]
[    0.112083] PM: Registered nosave memory: [mem 0x000a0000-0x000fffff]
[    0.112090] PM: Registered nosave memory: [mem 0x9d0f8000-0x9d127fff]
[    0.112097] PM: Registered nosave memory: [mem 0x9d371000-0x9dc56fff]
[    0.112100] PM: Registered nosave memory: [mem 0x9dc57000-0x9e959fff]
[    0.112103] PM: Registered nosave memory: [mem 0x9e95a000-0x9e9cafff]
[    0.112109] PM: Registered nosave memory: [mem 0x9e9cc000-0x9e9d3fff]
[    0.112116] PM: Registered nosave memory: [mem 0x9eb25000-0x9f041fff]
[    0.112123] PM: Registered nosave memory: [mem 0x9f081000-0x9f3f1fff]
[    0.112130] PM: Registered nosave memory: [mem 0x9f400000-0xfebfffff]
[    0.112133] PM: Registered nosave memory: [mem 0xfec00000-0xfec01fff]
[    0.112136] PM: Registered nosave memory: [mem 0xfec02000-0xfec0ffff]
[    0.112138] PM: Registered nosave memory: [mem 0xfec10000-0xfec10fff]
[    0.112141] PM: Registered nosave memory: [mem 0xfec11000-0xfecfffff]
[    0.112144] PM: Registered nosave memory: [mem 0xfed00000-0xfed00fff]
[    0.112146] PM: Registered nosave memory: [mem 0xfed01000-0xfed7ffff]
[    0.112149] PM: Registered nosave memory: [mem 0xfed80000-0xfed8ffff]
[    0.112152] PM: Registered nosave memory: [mem 0xfed90000-0xfeffffff]
[    0.112155] PM: Registered nosave memory: [mem 0xff000000-0xffffffff]
[    0.112157] PM: Registered nosave memory: [mem 0x100000000-0x100000fff]
[    0.112164] [mem 0x9f400000-0xfebfffff] available for PCI devices
[    0.112175] clocksource: refined-jiffies: mask: 0xffffffff max_cycles: 0xffffffff, max_idle_ns: 19112604462750000 ns
[    0.620000] random: get_random_bytes called from start_kernel+0x8b/0x48f with crng_init=0
[    0.620036] setup_percpu: NR_CPUS:64 nr_cpumask_bits:64 nr_cpu_ids:4 nr_node_ids:1
[    0.621134] percpu: Embedded 43 pages/cpu @(____ptrval____) s137240 r8192 d30696 u524288
[    0.621171] pcpu-alloc: s137240 r8192 d30696 u524288 alloc=1*2097152
[    0.621174] pcpu-alloc: [0] 0 1 2 3 
[    0.621254] Built 1 zonelists, mobility grouping on.  Total pages: 888147
[    0.621258] Policy zone: Normal
[    0.621264] Kernel command line: BOOT_IMAGE=/boot/bzImage root=/dev/sda2 ro
[    0.685745] Memory: 3432296K/3609080K available (14357K kernel code, 1434K rwdata, 4404K rodata, 1256K init, 928K bss, 176784K reserved, 0K cma-reserved)
[    0.685951] SLUB: HWalign=64, Order=0-3, MinObjects=0, CPUs=4, Nodes=1
[    0.686176] rcu: Hierarchical RCU implementation.
[    0.686181] rcu: 	RCU event tracing is enabled.
[    0.686184] rcu: 	RCU restricting CPUs from NR_CPUS=64 to nr_cpu_ids=4.
[    0.686189] rcu: RCU calculated value of scheduler-enlistment delay is 10 jiffies.
[    0.686193] rcu: Adjusting geometry for rcu_fanout_leaf=16, nr_cpu_ids=4
[    0.686774] NR_IRQS: 4352, nr_irqs: 1000, preallocated irqs: 16
[    0.687333] Console: colour dummy device 80x25
[    0.687998] printk: console [tty0] enabled
[    0.688046] ACPI: Core revision 20190215
[    0.688853] clocksource: hpet: mask: 0xffffffff max_cycles: 0xffffffff, max_idle_ns: 133484873504 ns
[    0.688884] hpet clockevent registered
[    0.688896] APIC: Switch to symmetric I/O mode setup
[    0.689760] ..TIMER: vector=0x30 apic1=0 pin1=2 apic2=-1 pin2=-1
[    0.738895] clocksource: tsc-early: mask: 0xffffffffffffffff max_cycles: 0x1cc69056244, max_idle_ns: 881590518932 ns
[    0.738912] Calibrating delay loop (skipped), value calculated using timer frequency.. 1996.31 BogoMIPS (lpj=9981550)
[    0.738928] pid_max: default: 32768 minimum: 301
[    0.741438] LSM: Security Framework initializing
[    0.741472] SELinux:  Initializing.
[    0.741508] *** VALIDATE SELinux ***
[    0.743741] Dentry cache hash table entries: 524288 (order: 10, 4194304 bytes)
[    0.744917] Inode-cache hash table entries: 262144 (order: 9, 2097152 bytes)
[    0.745018] Mount-cache hash table entries: 8192 (order: 4, 65536 bytes)
[    0.745063] Mountpoint-cache hash table entries: 8192 (order: 4, 65536 bytes)
[    0.745449] *** VALIDATE proc ***
[    0.745538] *** VALIDATE cgroup1 ***
[    0.745549] *** VALIDATE cgroup2 ***
[    0.745608] mce: CPU supports 6 MCE banks
[    0.745637] LVT offset 1 assigned for vector 0xf9
[    0.745652] Last level iTLB entries: 4KB 512, 2MB 8, 4MB 4
[    0.745660] Last level dTLB entries: 4KB 512, 2MB 256, 4MB 128, 1GB 0
[    0.745670] Spectre V2 : Mitigation: Full AMD retpoline
[    0.745677] Spectre V2 : Spectre v2 / SpectreRSB mitigation: Filling RSB on context switch
[    0.745689] Speculative Store Bypass: Mitigation: Speculative Store Bypass disabled via prctl and seccomp
[    0.746268] Freeing SMP alternatives memory: 40K
[    0.758910] smpboot: CPU0: AMD A4-1200 APU with Radeon(TM) HD Graphics (family: 0x16, model: 0x0, stepping: 0x1)
[    0.758910] Performance Events: AMD PMU driver.
[    0.758910] ... version:                0
[    0.758910] ... bit width:              48
[    0.758910] ... generic registers:      4
[    0.758910] ... value mask:             0000ffffffffffff
[    0.758910] ... max period:             00007fffffffffff
[    0.758910] ... fixed-purpose events:   0
[    0.758910] ... event mask:             000000000000000f
[    0.758910] rcu: Hierarchical SRCU implementation.
[    0.758910] MCE: In-kernel MCE decoding enabled.
[    0.758910] smp: Bringing up secondary CPUs ...
[    0.758910] x86: Booting SMP configuration:
[    0.758910] .... node  #0, CPUs:      #1
[    0.758910] smp: Brought up 1 node, 2 CPUs
[    0.758910] smpboot: Max logical packages: 2
[    0.758910] smpboot: Total of 2 processors activated (3992.62 BogoMIPS)
[    0.758910] devtmpfs: initialized
[    0.758910] PM: Registering ACPI NVS region [mem 0x9d371000-0x9dc56fff] (9330688 bytes)
[    0.758910] PM: Registering ACPI NVS region [mem 0x9e9cc000-0x9e9d3fff] (32768 bytes)
[    0.758910] clocksource: jiffies: mask: 0xffffffff max_cycles: 0xffffffff, max_idle_ns: 19112604462750000 ns
[    0.758910] futex hash table entries: 1024 (order: 4, 65536 bytes)
[    0.758910] NET: Registered protocol family 16
[    0.758910] audit: initializing netlink subsys (disabled)
[    0.758910] audit: type=2000 audit(1553144321.060:1): state=initialized audit_enabled=0 res=1
[    0.758910] cpuidle: using governor ladder
[    0.758910] cpuidle: using governor menu
[    0.758910] kworker/u8:1 (34) used greatest stack depth: 14608 bytes left
[    0.758910] ACPI FADT declares the system doesn't support PCIe ASPM, so disable it
[    0.758910] ACPI: bus type PCI registered
[    0.758910] PCI: MMCONFIG for domain 0000 [bus 00-ff] at [mem 0xe0000000-0xefffffff] (base 0xe0000000)
[    0.758910] PCI: not using MMCONFIG
[    0.758910] PCI: Using configuration type 1 for base access
[    0.758910] PCI: Using configuration type 1 for extended access
[    0.769658] kworker/u8:0 (250) used greatest stack depth: 14144 bytes left
[    0.797373] HugeTLB registered 2.00 MiB page size, pre-allocated 0 pages
[    0.797373] ACPI: Added _OSI(Module Device)
[    0.797373] ACPI: Added _OSI(Processor Device)
[    0.797373] ACPI: Added _OSI(3.0 _SCP Extensions)
[    0.797373] ACPI: Added _OSI(Processor Aggregator Device)
[    0.797373] ACPI: Added _OSI(Linux-Dell-Video)
[    0.797373] ACPI: Added _OSI(Linux-Lenovo-NV-HDMI-Audio)
[    0.797373] ACPI: Added _OSI(Linux-HPI-Hybrid-Graphics)
[    0.834158] ACPI: 5 ACPI AML tables successfully acquired and loaded
[    0.837438] ACPI: EC: EC started
[    0.837447] ACPI: EC: interrupt blocked
[    0.839646] ACPI: \: Used as first EC
[    0.839658] ACPI: \: GPE=0x3, EC_CMD/EC_SC=0x66, EC_DATA=0x62
[    0.839666] ACPI: EC: Boot ECDT EC used to handle transactions
[    0.844688] ACPI: [Firmware Bug]: BIOS _OSI(Linux) query ignored
[    0.849273] ACPI: Interpreter enabled
[    0.849348] ACPI: (supports S0 S3 S4 S5)
[    0.849358] ACPI: Using IOAPIC for interrupt routing
[    0.849479] PCI: MMCONFIG for domain 0000 [bus 00-ff] at [mem 0xe0000000-0xefffffff] (base 0xe0000000)
[    0.849646] PCI: MMCONFIG at [mem 0xe0000000-0xefffffff] reserved in ACPI motherboard resources
[    0.849728] PCI: Using host bridge windows from ACPI; if necessary, use "pci=nocrs" and report a bug
[    0.850547] ACPI: Enabled 3 GPEs in block 00 to 1F
[    0.871419] ACPI: PCI Root Bridge [PCI0] (domain 0000 [bus 00-ff])
[    0.871452] acpi PNP0A08:00: _OSC: OS supports [ExtendedConfig ASPM ClockPM Segments MSI]
[    0.872078] acpi PNP0A08:00: _OSC: platform does not support [LTR]
[    0.872665] acpi PNP0A08:00: _OSC: OS now controls [PME AER PCIeCapability]
[    0.872678] acpi PNP0A08:00: FADT indicates ASPM is unsupported, using BIOS configuration
[    0.873263] PCI host bridge to bus 0000:00
[    0.873279] pci_bus 0000:00: root bus resource [io  0x0000-0x03af window]
[    0.873290] pci_bus 0000:00: root bus resource [io  0x03e0-0x0cf7 window]
[    0.873301] pci_bus 0000:00: root bus resource [io  0x03b0-0x03df window]
[    0.873312] pci_bus 0000:00: root bus resource [io  0x0d00-0xffff window]
[    0.873323] pci_bus 0000:00: root bus resource [mem 0x000a0000-0x000bffff window]
[    0.873335] pci_bus 0000:00: root bus resource [mem 0x000c0000-0x000dffff window]
[    0.873347] pci_bus 0000:00: root bus resource [mem 0xc0000000-0xffffffff window]
[    0.873360] pci_bus 0000:00: root bus resource [bus 00-ff]
[    0.873388] pci 0000:00:00.0: [1022:1536] type 00 class 0x060000
[    0.873675] pci 0000:00:01.0: [1002:9839] type 00 class 0x030000
[    0.873708] pci 0000:00:01.0: reg 0x10: [mem 0xc0000000-0xcfffffff 64bit pref]
[    0.873725] pci 0000:00:01.0: reg 0x18: [mem 0xd0000000-0xd07fffff 64bit pref]
[    0.873737] pci 0000:00:01.0: reg 0x20: [io  0xf000-0xf0ff]
[    0.873749] pci 0000:00:01.0: reg 0x24: [mem 0xfeb00000-0xfeb3ffff]
[    0.873761] pci 0000:00:01.0: reg 0x30: [mem 0xfeb40000-0xfeb5ffff pref]
[    0.873769] pci 0000:00:01.0: enabling Extended Tags
[    0.873802] pci 0000:00:01.0: BAR 0: assigned to efifb
[    0.873859] pci 0000:00:01.0: supports D1 D2
[    0.873864] pci 0000:00:01.0: PME# supported from D1 D2 D3hot
[    0.874093] pci 0000:00:01.1: [1002:9840] type 00 class 0x040300
[    0.874122] pci 0000:00:01.1: reg 0x10: [mem 0xfeb64000-0xfeb67fff 64bit]
[    0.874156] pci 0000:00:01.1: enabling Extended Tags
[    0.874226] pci 0000:00:01.1: supports D1 D2
[    0.874420] pci 0000:00:02.0: [1022:1538] type 00 class 0x060000
[    0.874654] pci 0000:00:02.2: [1022:1439] type 01 class 0x060400
[    0.874718] pci 0000:00:02.2: enabling Extended Tags
[    0.874801] pci 0000:00:02.2: PME# supported from D0 D3hot D3cold
[    0.875029] pci 0000:00:02.3: [1022:1439] type 01 class 0x060400
[    0.875091] pci 0000:00:02.3: enabling Extended Tags
[    0.875172] pci 0000:00:02.3: PME# supported from D0 D3hot D3cold
[    0.875426] pci 0000:00:10.0: [1022:7814] type 00 class 0x0c0330
[    0.875464] pci 0000:00:10.0: reg 0x10: [mem 0xfeb68000-0xfeb69fff 64bit]
[    0.875598] pci 0000:00:10.0: PME# supported from D0 D3hot D3cold
[    0.875836] pci 0000:00:11.0: [1022:7801] type 00 class 0x010601
[    0.875867] pci 0000:00:11.0: reg 0x10: [io  0xf140-0xf147]
[    0.875880] pci 0000:00:11.0: reg 0x14: [io  0xf130-0xf133]
[    0.875892] pci 0000:00:11.0: reg 0x18: [io  0xf120-0xf127]
[    0.875905] pci 0000:00:11.0: reg 0x1c: [io  0xf110-0xf113]
[    0.875917] pci 0000:00:11.0: reg 0x20: [io  0xf100-0xf10f]
[    0.875930] pci 0000:00:11.0: reg 0x24: [mem 0xfeb6f000-0xfeb6f3ff]
[    0.876002] pci 0000:00:11.0: PME# supported from D3hot
[    0.876207] pci 0000:00:12.0: [1022:7807] type 00 class 0x0c0310
[    0.876229] pci 0000:00:12.0: reg 0x10: [mem 0xfeb6e000-0xfeb6efff]
[    0.876484] pci 0000:00:12.2: [1022:7808] type 00 class 0x0c0320
[    0.876513] pci 0000:00:12.2: reg 0x10: [mem 0xfeb6d000-0xfeb6d0ff]
[    0.876612] pci 0000:00:12.2: supports D1 D2
[    0.876616] pci 0000:00:12.2: PME# supported from D0 D1 D2 D3hot D3cold
[    0.876823] pci 0000:00:13.0: [1022:7807] type 00 class 0x0c0310
[    0.876845] pci 0000:00:13.0: reg 0x10: [mem 0xfeb6c000-0xfeb6cfff]
[    0.877097] pci 0000:00:13.2: [1022:7808] type 00 class 0x0c0320
[    0.877125] pci 0000:00:13.2: reg 0x10: [mem 0xfeb6b000-0xfeb6b0ff]
[    0.877224] pci 0000:00:13.2: supports D1 D2
[    0.877228] pci 0000:00:13.2: PME# supported from D0 D1 D2 D3hot D3cold
[    0.877434] pci 0000:00:14.0: [1022:780b] type 00 class 0x0c0500
[    0.877688] pci 0000:00:14.2: [1022:780d] type 00 class 0x040300
[    0.877720] pci 0000:00:14.2: reg 0x10: [mem 0xfeb60000-0xfeb63fff 64bit]
[    0.877804] pci 0000:00:14.2: PME# supported from D0 D3hot D3cold
[    0.878008] pci 0000:00:14.3: [1022:780e] type 00 class 0x060100
[    0.878283] pci 0000:00:14.7: [1022:7813] type 00 class 0x080501
[    0.878311] pci 0000:00:14.7: reg 0x10: [mem 0xfeb6a000-0xfeb6a0ff 64bit]
[    0.878530] pci 0000:00:18.0: [1022:1530] type 00 class 0x060000
[    0.878740] pci 0000:00:18.1: [1022:1531] type 00 class 0x060000
[    0.879009] pci 0000:00:18.2: [1022:1532] type 00 class 0x060000
[    0.879216] pci 0000:00:18.3: [1022:1533] type 00 class 0x060000
[    0.879428] pci 0000:00:18.4: [1022:1534] type 00 class 0x060000
[    0.879632] pci 0000:00:18.5: [1022:1535] type 00 class 0x060000
[    0.879985] pci 0000:01:00.0: [168c:0032] type 00 class 0x028000
[    0.880043] pci 0000:01:00.0: reg 0x10: [mem 0xfea00000-0xfea7ffff 64bit]
[    0.880107] pci 0000:01:00.0: reg 0x30: [mem 0xfea80000-0xfea8ffff pref]
[    0.880241] pci 0000:01:00.0: supports D1 D2
[    0.880246] pci 0000:01:00.0: PME# supported from D0 D1 D2 D3hot D3cold
[    0.880506] pci 0000:00:02.2: PCI bridge to [bus 01]
[    0.880526] pci 0000:00:02.2:   bridge window [mem 0xfea00000-0xfeafffff]
[    0.880656] pci 0000:02:00.0: [10ec:8136] type 00 class 0x020000
[    0.880713] pci 0000:02:00.0: reg 0x10: [io  0xe000-0xe0ff]
[    0.880757] pci 0000:02:00.0: reg 0x18: [mem 0xd0804000-0xd0804fff 64bit pref]
[    0.880784] pci 0000:02:00.0: reg 0x20: [mem 0xd0800000-0xd0803fff 64bit pref]
[    0.880950] pci 0000:02:00.0: supports D1 D2
[    0.880954] pci 0000:02:00.0: PME# supported from D0 D1 D2 D3hot D3cold
[    0.881237] pci 0000:00:02.3: PCI bridge to [bus 02]
[    0.881254] pci 0000:00:02.3:   bridge window [io  0xe000-0xefff]
[    0.881266] pci 0000:00:02.3:   bridge window [mem 0xd0800000-0xd08fffff 64bit pref]
[    0.882816] ACPI: PCI Interrupt Link [LNKA] (IRQs 4 7 10 11 14 15) *0
[    0.883055] ACPI: PCI Interrupt Link [LNKB] (IRQs 4 7 10 11 14 15) *0
[    0.883299] ACPI: PCI Interrupt Link [LNKC] (IRQs 4 7 10 11 14 15) *0
[    0.883538] ACPI: PCI Interrupt Link [LNKD] (IRQs 4 7 10 11 14 15) *0
[    0.883743] ACPI: PCI Interrupt Link [LNKE] (IRQs 4 7 10 11 14 15) *0
[    0.883911] ACPI: PCI Interrupt Link [LNKF] (IRQs 4 7 10 11 14 15) *0
[    0.884079] ACPI: PCI Interrupt Link [LNKG] (IRQs 4 7 10 11 14 15) *0
[    0.884246] ACPI: PCI Interrupt Link [LNKH] (IRQs 4 7 10 11 14 15) *0
[    0.885280] ACPI: EC: interrupt unblocked
[    0.885302] ACPI: EC: event unblocked
[    0.885320] ACPI: \_SB_.PCI0.SBRG.EC0_: GPE=0x3, EC_CMD/EC_SC=0x66, EC_DATA=0x62
[    0.885334] ACPI: \_SB_.PCI0.SBRG.EC0_: Boot DSDT EC used to handle transactions and events
[    0.885633] pci 0000:00:01.0: vgaarb: setting as boot VGA device
[    0.885648] pci 0000:00:01.0: vgaarb: VGA device added: decodes=io+mem,owns=io+mem,locks=none
[    0.885675] pci 0000:00:01.0: vgaarb: bridge control possible
[    0.885683] vgaarb: loaded
[    0.885996] SCSI subsystem initialized
[    0.886162] libata version 3.00 loaded.
[    0.886254] ACPI: bus type USB registered
[    0.886330] usbcore: registered new interface driver usbfs
[    0.886368] usbcore: registered new interface driver hub
[    0.886426] usbcore: registered new device driver usb
[    0.886503] pps_core: LinuxPPS API ver. 1 registered
[    0.886513] pps_core: Software ver. 5.3.6 - Copyright 2005-2007 Rodolfo Giometti <giometti@linux.it>
[    0.886535] PTP clock support registered
[    0.887618] EDAC MC: Ver: 3.0.0
[    0.887618] Registered efivars operations
[    0.889531] Advanced Linux Sound Architecture Driver Initialized.
[    0.889531] PCI: Using ACPI for IRQ routing
[    0.899499] PCI: pci_cache_line_size set to 64 bytes
[    0.899613] e820: reserve RAM buffer [mem 0x9d0f8000-0x9fffffff]
[    0.899619] e820: reserve RAM buffer [mem 0x9d371000-0x9fffffff]
[    0.899623] e820: reserve RAM buffer [mem 0x9e9cc000-0x9fffffff]
[    0.899627] e820: reserve RAM buffer [mem 0x9eb25000-0x9fffffff]
[    0.899630] e820: reserve RAM buffer [mem 0x9f081000-0x9fffffff]
[    0.899633] e820: reserve RAM buffer [mem 0x9f400000-0x9fffffff]
[    0.899636] e820: reserve RAM buffer [mem 0x13f000000-0x13fffffff]
[    0.900023] NetLabel: Initializing
[    0.900034] NetLabel:  domain hash size = 128
[    0.900041] NetLabel:  protocols = UNLABELED CIPSOv4 CALIPSO
[    0.900096] NetLabel:  unlabeled traffic allowed by default
[    0.900162] hpet0: at MMIO 0xfed00000, IRQs 2, 8, 0
[    0.900162] hpet0: 3 comparators, 32-bit 14.318180 MHz counter
[    0.901284] clocksource: Switched to clocksource tsc-early
[    0.947602] VFS: Disk quotas dquot_6.6.0
[    0.947667] VFS: Dquot-cache hash table entries: 512 (order 0, 4096 bytes)
[    0.947758] *** VALIDATE hugetlbfs ***
[    0.947865] pnp: PnP ACPI init
[    0.948273] system 00:00: [mem 0xe0000000-0xefffffff] has been reserved
[    0.948312] system 00:00: Plug and Play ACPI device, IDs PNP0c01 (active)
[    0.948524] system 00:01: [mem 0xa0000000-0xbfffffff] has been reserved
[    0.948553] system 00:01: Plug and Play ACPI device, IDs PNP0c02 (active)
[    0.948735] system 00:02: Plug and Play ACPI device, IDs PNP0c02 (active)
[    0.948894] pnp 00:03: Plug and Play ACPI device, IDs PNP0b00 (active)
[    0.949092] system 00:04: [io  0x04d0-0x04d1] has been reserved
[    0.949171] system 00:04: Plug and Play ACPI device, IDs PNP0c02 (active)
[    0.949379] pnp 00:05: Plug and Play ACPI device, IDs ETD0108 SYN0a00 SYN0002 PNP0f03 PNP0f13 PNP0f12 (active)
[    0.949514] pnp 00:06: Plug and Play ACPI device, IDs ATK3001 PNP030b (active)
[    0.950243] system 00:07: [io  0x04d0-0x04d1] has been reserved
[    0.950257] system 00:07: [io  0x040b] has been reserved
[    0.950268] system 00:07: [io  0x04d6] has been reserved
[    0.950279] system 00:07: [io  0x0c00-0x0c01] has been reserved
[    0.950290] system 00:07: [io  0x0c14] has been reserved
[    0.950300] system 00:07: [io  0x0c50-0x0c51] has been reserved
[    0.950311] system 00:07: [io  0x0c52] has been reserved
[    0.950321] system 00:07: [io  0x0c6c] has been reserved
[    0.950331] system 00:07: [io  0x0c6f] has been reserved
[    0.950341] system 00:07: [io  0x0cd0-0x0cd1] has been reserved
[    0.950351] system 00:07: [io  0x0cd2-0x0cd3] has been reserved
[    0.950361] system 00:07: [io  0x0cd4-0x0cd5] has been reserved
[    0.950372] system 00:07: [io  0x0cd6-0x0cd7] has been reserved
[    0.950382] system 00:07: [io  0x0cd8-0x0cdf] has been reserved
[    0.950392] system 00:07: [io  0x0800-0x089f] has been reserved
[    0.950402] system 00:07: [io  0x0900-0x090f] has been reserved
[    0.950413] system 00:07: [io  0x0910-0x091f] has been reserved
[    0.950424] system 00:07: [io  0xfe00-0xfefe] has been reserved
[    0.950437] system 00:07: [mem 0xfec00000-0xfec00fff] could not be reserved
[    0.950449] system 00:07: [mem 0xfee00000-0xfee00fff] has been reserved
[    0.950460] system 00:07: [mem 0xfed80000-0xfed8ffff] has been reserved
[    0.950471] system 00:07: [mem 0xfed61000-0xfed70fff] has been reserved
[    0.950482] system 00:07: [mem 0xfec10000-0xfec10fff] has been reserved
[    0.950494] system 00:07: [mem 0xfed00000-0xfed00fff] could not be reserved
[    0.950505] system 00:07: [mem 0xff000000-0xffffffff] has been reserved
[    0.950532] system 00:07: Plug and Play ACPI device, IDs PNP0c02 (active)
[    0.951393] pnp: PnP ACPI: found 8 devices
[    0.961799] clocksource: acpi_pm: mask: 0xffffff max_cycles: 0xffffff, max_idle_ns: 2085701024 ns
[    0.961864] pci 0000:00:02.2: PCI bridge to [bus 01]
[    0.961884] pci 0000:00:02.2:   bridge window [mem 0xfea00000-0xfeafffff]
[    0.961903] pci 0000:00:02.3: PCI bridge to [bus 02]
[    0.961915] pci 0000:00:02.3:   bridge window [io  0xe000-0xefff]
[    0.961931] pci 0000:00:02.3:   bridge window [mem 0xd0800000-0xd08fffff 64bit pref]
[    0.961955] pci_bus 0000:00: resource 4 [io  0x0000-0x03af window]
[    0.961960] pci_bus 0000:00: resource 5 [io  0x03e0-0x0cf7 window]
[    0.961964] pci_bus 0000:00: resource 6 [io  0x03b0-0x03df window]
[    0.961969] pci_bus 0000:00: resource 7 [io  0x0d00-0xffff window]
[    0.961973] pci_bus 0000:00: resource 8 [mem 0x000a0000-0x000bffff window]
[    0.961978] pci_bus 0000:00: resource 9 [mem 0x000c0000-0x000dffff window]
[    0.961983] pci_bus 0000:00: resource 10 [mem 0xc0000000-0xffffffff window]
[    0.961988] pci_bus 0000:01: resource 1 [mem 0xfea00000-0xfeafffff]
[    0.961993] pci_bus 0000:02: resource 0 [io  0xe000-0xefff]
[    0.961997] pci_bus 0000:02: resource 2 [mem 0xd0800000-0xd08fffff 64bit pref]
[    0.962257] NET: Registered protocol family 2
[    0.962714] tcp_listen_portaddr_hash hash table entries: 2048 (order: 3, 32768 bytes)
[    0.962784] TCP established hash table entries: 32768 (order: 6, 262144 bytes)
[    0.963009] TCP bind hash table entries: 32768 (order: 7, 524288 bytes)
[    0.963260] TCP: Hash tables configured (established 32768 bind 32768)
[    0.963432] UDP hash table entries: 2048 (order: 4, 65536 bytes)
[    0.963489] UDP-Lite hash table entries: 2048 (order: 4, 65536 bytes)
[    0.963670] NET: Registered protocol family 1
[    0.964088] RPC: Registered named UNIX socket transport module.
[    0.964099] RPC: Registered udp transport module.
[    0.964106] RPC: Registered tcp transport module.
[    0.964113] RPC: Registered tcp NFSv4.1 backchannel transport module.
[    0.964514] pci 0000:00:01.0: Video device with shadowed ROM at [mem 0x000c0000-0x000dffff]
[    0.965056] pci 0000:00:12.0: enabling device (0000 -> 0002)
[    0.965675] pci 0000:00:12.2: PME# does not work under D3, disabling it
[    0.965699] pci 0000:00:13.0: enabling device (0000 -> 0002)
[    0.966303] pci 0000:00:13.2: PME# does not work under D3, disabling it
[    0.966397] PCI: CLS 64 bytes, default 64
[    0.966524] PCI-DMA: Using software bounce buffering for IO (SWIOTLB)
[    0.966536] software IO TLB: mapped [mem 0x97989000-0x9b989000] (64MB)
[    0.966727] amd_uncore: AMD NB counters detected
[    0.966743] amd_uncore: AMD LLC counters detected
[    0.966909] LVT offset 0 assigned for vector 0x400
[    0.966966] perf: AMD IBS detected (0x000000ff)
[    0.966985] kvm: no hardware support
[    0.967089] kvm: Nested Virtualization enabled
[    0.967101] kvm: Nested Paging enabled
[    0.968111] check: Scanning for low memory corruption every 60 seconds
[    0.970413] Initialise system trusted keyrings
[    0.971593] workingset: timestamp_bits=56 max_order=20 bucket_order=0
[    0.980842] fuse init (API version 7.29)
[    0.986865] Key type asymmetric registered
[    0.986883] Asymmetric key parser 'x509' registered
[    0.986945] Block layer SCSI generic (bsg) driver version 0.4 loaded (major 249)
[    0.986958] io scheduler mq-deadline registered
[    0.986966] io scheduler kyber registered
[    0.987686] pcieport 0000:00:02.2: Signaling PME with IRQ 25
[    0.988296] pcieport 0000:00:02.3: Signaling PME with IRQ 27
[    0.989032] uvesafb: failed to execute /sbin/v86d
[    0.989043] uvesafb: make sure that the v86d helper is installed and executable
[    0.989055] uvesafb: Getting VBE info block failed (eax=0x4f00, err=-2)
[    0.989063] uvesafb: vbe_init() failed with -22
[    0.989079] uvesafb: probe of uvesafb.0 failed with error -22
[    0.989139] efifb: probing for efifb
[    0.989185] efifb: framebuffer at 0xc0000000, using 4224k, total 4224k
[    0.989195] efifb: mode is 1366x768x32, linelength=5632, pages=1
[    0.989202] efifb: scrolling: redraw
[    0.989211] efifb: Truecolor: size=8:8:8:8, shift=24:16:8:0
[    0.999772] Console: switching to colour frame buffer device 170x48
[    1.009086] fb0: EFI VGA frame buffer device
[    1.009596] ACPI: AC Adapter [AC0] (off-line)
[    1.009863] input: Power Button as /devices/LNXSYSTM:00/LNXSYBUS:00/PNP0C0C:00/input/input0
[    1.010020] ACPI: Power Button [PWRB]
[    1.010214] input: Lid Switch as /devices/LNXSYSTM:00/LNXSYBUS:00/PNP0C0D:00/input/input1
[    1.010358] ACPI: Lid Switch [LID]
[    1.010528] input: Sleep Button as /devices/LNXSYSTM:00/LNXSYBUS:00/PNP0C0E:00/input/input2
[    1.010693] ACPI: Sleep Button [SLPB]
[    1.010872] input: Power Button as /devices/LNXSYSTM:00/LNXPWRBN:00/input/input3
[    1.011010] ACPI: Power Button [PWRF]
[    1.014132] thermal LNXTHERM:00: registered as thermal_zone0
[    1.014235] ACPI: Thermal Zone [THRM] (40 C)
[    1.014533] Serial: 8250/16550 driver, 4 ports, IRQ sharing enabled
[    1.018879] Non-volatile memory driver v1.3
[    1.019223] Linux agpgart interface v0.103
[    1.025813] loop: module loaded
[    1.026147] ahci 0000:00:11.0: version 3.0
[    1.026603] ahci 0000:00:11.0: AHCI 0001.0300 32 slots 2 ports 6 Gbps 0x3 impl SATA mode
[    1.026742] ahci 0000:00:11.0: flags: 64bit ncq sntf ilck pm led clo pmp pio slum part 
[    1.030834] scsi host0: ahci
[    1.034550] scsi host1: ahci
[    1.037885] ata1: SATA max UDMA/133 abar m1024@0xfeb6f000 port 0xfeb6f100 irq 28
[    1.041082] ata2: SATA max UDMA/133 abar m1024@0xfeb6f000 port 0xfeb6f180 irq 28
[    1.045040] tun: Universal TUN/TAP device driver, 1.6
[    1.048485] e1000: Intel(R) PRO/1000 Network Driver - version 7.3.21-k8-NAPI
[    1.051802] e1000: Copyright (c) 1999-2006 Intel Corporation.
[    1.055047] e1000e: Intel(R) PRO/1000 Network Driver - 3.2.6-k
[    1.058190] e1000e: Copyright(c) 1999 - 2015 Intel Corporation.
[    1.061391] sky2: driver version 1.30
[    1.065636] libphy: r8169: probed
[    1.069077] r8169 0000:02:00.0 eth0: RTL8105e, 74:d0:2b:a3:a6:42, XID 40a, IRQ 30
[    1.072532] ath9k 0000:01:00.0: enabling device (0000 -> 0002)
[    1.076056] ath: phy0: Disable PLL PowerSave
[    1.086737] ath: phy0: ASPM enabled: 0x442
[    1.089899] ath: EEPROM regdomain: 0x60
[    1.089901] ath: EEPROM indicates we should expect a direct regpair map
[    1.089907] ath: Country alpha2 being used: 00
[    1.089909] ath: Regpair used: 0x60
[    1.092421] ieee80211 phy0: Selected rate control algorithm 'minstrel_ht'
[    1.093001] ieee80211 phy0: Atheros AR9485 Rev:1 mem=0xffffa5a102480000, irq=31
[    1.096613] ehci_hcd: USB 2.0 'Enhanced' Host Controller (EHCI) Driver
[    1.099838] ehci-pci: EHCI PCI platform driver
[    1.103383] ehci-pci 0000:00:12.2: EHCI Host Controller
[    1.106768] ehci-pci 0000:00:12.2: new USB bus registered, assigned bus number 1
[    1.110018] ehci-pci 0000:00:12.2: applying AMD SB700/SB800/Hudson-2/3 EHCI dummy qh workaround
[    1.113319] ehci-pci 0000:00:12.2: debug port 1
[    1.116629] ehci-pci 0000:00:12.2: irq 17, io mem 0xfeb6d000
[    1.141828] ehci-pci 0000:00:12.2: USB 2.0 started, EHCI 1.00
[    1.145186] usb usb1: New USB device found, idVendor=1d6b, idProduct=0002, bcdDevice= 5.01
[    1.148445] usb usb1: New USB device strings: Mfr=3, Product=2, SerialNumber=1
[    1.151738] usb usb1: Product: EHCI Host Controller
[    1.154947] usb usb1: Manufacturer: Linux 5.1.0-rc1+ ehci_hcd
[    1.158117] usb usb1: SerialNumber: 0000:00:12.2
[    1.161780] hub 1-0:1.0: USB hub found
[    1.164847] hub 1-0:1.0: 4 ports detected
[    1.170022] ehci-pci 0000:00:13.2: EHCI Host Controller
[    1.173165] ehci-pci 0000:00:13.2: new USB bus registered, assigned bus number 2
[    1.176130] ehci-pci 0000:00:13.2: applying AMD SB700/SB800/Hudson-2/3 EHCI dummy qh workaround
[    1.179099] ehci-pci 0000:00:13.2: debug port 1
[    1.182076] ehci-pci 0000:00:13.2: irq 17, io mem 0xfeb6b000
[    1.211842] ehci-pci 0000:00:13.2: USB 2.0 started, EHCI 1.00
[    1.214868] usb usb2: New USB device found, idVendor=1d6b, idProduct=0002, bcdDevice= 5.01
[    1.217847] usb usb2: New USB device strings: Mfr=3, Product=2, SerialNumber=1
[    1.220797] usb usb2: Product: EHCI Host Controller
[    1.223744] usb usb2: Manufacturer: Linux 5.1.0-rc1+ ehci_hcd
[    1.226669] usb usb2: SerialNumber: 0000:00:13.2
[    1.230102] hub 2-0:1.0: USB hub found
[    1.232962] hub 2-0:1.0: 4 ports detected
[    1.237825] ohci_hcd: USB 1.1 'Open' Host Controller (OHCI) Driver
[    1.240714] ohci-pci: OHCI PCI platform driver
[    1.243886] ohci-pci 0000:00:12.0: OHCI PCI host controller
[    1.246978] ohci-pci 0000:00:12.0: new USB bus registered, assigned bus number 3
[    1.249948] ohci-pci 0000:00:12.0: irq 18, io mem 0xfeb6e000
[    1.329571] usb usb3: New USB device found, idVendor=1d6b, idProduct=0001, bcdDevice= 5.01
[    1.332554] usb usb3: New USB device strings: Mfr=3, Product=2, SerialNumber=1
[    1.334298] battery: ACPI: Battery Slot [BAT0] (battery present)
[    1.335471] usb usb3: Product: OHCI PCI host controller
[    1.335475] usb usb3: Manufacturer: Linux 5.1.0-rc1+ ohci_hcd
[    1.335479] usb usb3: SerialNumber: 0000:00:12.0
[    1.335940] hub 3-0:1.0: USB hub found
[    1.349988] hub 3-0:1.0: 4 ports detected
[    1.355097] ohci-pci 0000:00:13.0: OHCI PCI host controller
[    1.358238] ohci-pci 0000:00:13.0: new USB bus registered, assigned bus number 4
[    1.361132] ohci-pci 0000:00:13.0: irq 18, io mem 0xfeb6c000
[    1.385414] ata2: SATA link down (SStatus 0 SControl 300)
[    1.435956] usb usb4: New USB device found, idVendor=1d6b, idProduct=0001, bcdDevice= 5.01
[    1.438875] usb usb4: New USB device strings: Mfr=3, Product=2, SerialNumber=1
[    1.441758] usb usb4: Product: OHCI PCI host controller
[    1.444595] usb usb4: Manufacturer: Linux 5.1.0-rc1+ ohci_hcd
[    1.447457] usb usb4: SerialNumber: 0000:00:13.0
[    1.450932] hub 4-0:1.0: USB hub found
[    1.453773] hub 4-0:1.0: 4 ports detected
[    1.458517] uhci_hcd: USB Universal Host Controller Interface driver
[    1.461419] usbcore: registered new interface driver usblp
[    1.464418] usbcore: registered new interface driver usb-storage
[    1.467278] usbcore: registered new interface driver ch341
[    1.470036] usbserial: USB Serial support registered for ch341-uart
[    1.472962] i8042: PNP: PS/2 Controller [PNP030b:PS2K,PNP0f03:PS2M] at 0x60,0x64 irq 1,12
[    1.477586] i8042: Detected active multiplexing controller, rev 1.1
[    1.481274] serio: i8042 KBD port at 0x60,0x64 irq 1
[    1.484129] serio: i8042 AUX0 port at 0x60,0x64 irq 12
[    1.487015] serio: i8042 AUX1 port at 0x60,0x64 irq 12
[    1.489865] serio: i8042 AUX2 port at 0x60,0x64 irq 12
[    1.492694] serio: i8042 AUX3 port at 0x60,0x64 irq 12
[    1.495882] mousedev: PS/2 mouse device common for all mice
[    1.499215] rtc_cmos 00:03: RTC can wake from S4
[    1.502103] rtc_cmos 00:03: registered as rtc0
[    1.504772] rtc_cmos 00:03: alarms up to one month, y3k, 114 bytes nvram, hpet irqs
[    1.507784] device-mapper: ioctl: 4.40.0-ioctl (2019-01-18) initialised: dm-devel@redhat.com
[    1.510661] intel_pstate: CPU ID not supported
[    1.513448] EFI Variables Facility v0.08 2004-May-17
[    1.524038] hidraw: raw HID events driver (C) Jiri Kosina
[    1.527754] usbcore: registered new interface driver usbhid
[    1.530547] usbhid: USB HID core driver
[    1.536953] snd_hda_intel 0000:00:01.1: enabling device (0000 -> 0002)
[    1.540002] input: AT Translated Set 2 keyboard as /devices/platform/i8042/serio0/input/input4
[    1.540070] snd_hda_intel 0000:00:01.1: Force to non-snoop mode
[    1.549298] Initializing XFRM netlink socket
[    1.552592] NET: Registered protocol family 10
[    1.556154] Segment Routing with IPv6
[    1.559062] sit: IPv6, IPv4 and MPLS over IPv4 tunneling driver
[    1.562269] NET: Registered protocol family 17
[    1.565905] snd_hda_codec_generic hdaudioC0D0: autoconfig for Generic: line_outs=0 (0x0/0x0/0x0/0x0/0x0) type:line
[    1.568892] snd_hda_codec_generic hdaudioC0D0:    speaker_outs=0 (0x0/0x0/0x0/0x0/0x0)
[    1.571703] ata1: SATA link up 6.0 Gbps (SStatus 133 SControl 300)
[    1.571861] snd_hda_codec_generic hdaudioC0D0:    hp_outs=0 (0x0/0x0/0x0/0x0/0x0)
[    1.577877] snd_hda_codec_generic hdaudioC0D0:    mono: mono_out=0x0
[    1.580864] snd_hda_codec_generic hdaudioC0D0:    dig-out=0x3/0x0
[    1.582305] ata1.00: ATA-8: KINGSTON SV300S37A120G, 603ABBF0, max UDMA/133
[    1.583774] snd_hda_codec_generic hdaudioC0D0:    inputs:
[    1.586710] ata1.00: 234441648 sectors, multi 1: LBA48 NCQ (depth 32), AA
[    1.592155] ata1.00: configured for UDMA/133
[    1.595990] microcode: CPU0: patch_level=0x0700010b
[    1.599168] microcode: CPU1: patch_level=0x0700010b
[    1.602308] random: fast init done
[    1.605411] microcode: Microcode Update Driver: v2.2.
[    1.605455] sched_clock: Marking stable (1599959800, 1657556)->(1728871566, -127254210)
[    1.606072] scsi 0:0:0:0: Direct-Access     ATA      KINGSTON SV300S3 BBF0 PQ: 0 ANSI: 5
[    1.608981] registered taskstats version 1
[    1.617623] Loading compiled-in X.509 certificates
[    1.617695] sd 0:0:0:0: Attached scsi generic sg0 type 0
[    1.621211] sd 0:0:0:0: [sda] 234441648 512-byte logical blocks: (120 GB/112 GiB)
[    1.624728] input: HDA ATI HDMI HDMI as /devices/pci0000:00/0000:00:01.1/sound/card0/input6
[    1.626931] sd 0:0:0:0: [sda] Write Protect is off
[    1.633012] sd 0:0:0:0: [sda] Mode Sense: 00 3a 00 00
[    1.634688] sd 0:0:0:0: [sda] Write cache: enabled, read cache: enabled, doesn't support DPO or FUA
[    1.638313] acpi_cpufreq: overriding BIOS provided _PSD data
[    1.641794] sd 0:0:0:0: [sda] Optimal transfer size 0 bytes < PAGE_SIZE (4096 bytes)
[    1.645860] cfg80211: Loading compiled-in X.509 certificates for regulatory database
[    1.649442] snd_hda_codec_realtek hdaudioC1D0: autoconfig for ALC3229: line_outs=1 (0x14/0x0/0x0/0x0/0x0) type:speaker
[    1.651496] cfg80211: Loaded X.509 cert 'sforshee: 00b28ddf47aef9cea7'
[    1.653019] snd_hda_codec_realtek hdaudioC1D0:    speaker_outs=0 (0x0/0x0/0x0/0x0/0x0)
[    1.653025] snd_hda_codec_realtek hdaudioC1D0:    hp_outs=1 (0x21/0x0/0x0/0x0/0x0)
[    1.653029] snd_hda_codec_realtek hdaudioC1D0:    mono: mono_out=0x0
[    1.653033] snd_hda_codec_realtek hdaudioC1D0:    inputs:
[    1.653038] snd_hda_codec_realtek hdaudioC1D0:      Mic=0x19
[    1.675878] ALSA device list:
[    1.679256]   #0: HDA ATI HDMI at 0xfeb64000 irq 33
[    1.682815] platform regulatory.0: Direct firmware load for regulatory.db failed with error -2
[    1.686421] cfg80211: failed to load regulatory.db
[    1.690265]  sda: sda1 sda2 sda3 sda4 sda5 sda6
[    1.696300] sd 0:0:0:0: [sda] Attached SCSI disk
[    1.708681] input: HD-Audio Generic Headphone as /devices/pci0000:00/0000:00:14.2/sound/card1/input11
[    1.889105] usb 4-1: new full-speed USB device number 2 using ohci-pci
[    2.049102] tsc: Refined TSC clocksource calibration: 998.127 MHz
[    2.052618] clocksource: tsc: mask: 0xffffffffffffffff max_cycles: 0x1cc65b93289, max_idle_ns: 881590487074 ns
[    2.056206] clocksource: Switched to clocksource tsc
[    2.174629] usb 4-1: New USB device found, idVendor=03eb, idProduct=843d, bcdDevice=20.01
[    2.178202] usb 4-1: New USB device strings: Mfr=1, Product=2, SerialNumber=0
[    2.181739] usb 4-1: Product: Atmel maXTouch Digitizer
[    2.185235] usb 4-1: Manufacturer: Atmel
[    2.205108] input: Atmel Atmel maXTouch Digitizer Touchscreen as /devices/pci0000:00/0000:00:13.0/usb4/4-1/4-1:1.0/0003:03EB:843D.0001/input/input15
[    2.209210] input: Atmel Atmel maXTouch Digitizer as /devices/pci0000:00/0000:00:13.0/usb4/4-1/4-1:1.0/0003:03EB:843D.0001/input/input16
[    2.213426] hid-generic 0003:03EB:843D.0001: input,hiddev96,hidraw0: USB HID v1.11 Device [Atmel Atmel maXTouch Digitizer] on usb-0000:00:13.0-1/input0
[    2.226541] hid-generic 0003:03EB:843D.0002: hiddev97,hidraw1: USB HID v1.11 Device [Atmel Atmel maXTouch Digitizer] on usb-0000:00:13.0-1/input1
[    2.403742] input: PS/2 Logitech Wheel Mouse as /devices/platform/i8042/serio4/input/input14
[    2.410923] md: Waiting for all devices to be available before autodetect
[    2.414975] md: If you don't use raid, use raid=noautodetect
[    2.419417] md: Autodetecting RAID arrays.
[    2.423428] md: autorun ...
[    2.427359] md: ... autorun DONE.
[    2.436072] EXT4-fs (sda2): mounted filesystem with ordered data mode. Opts: (null)
[    2.440094] VFS: Mounted root (ext4 filesystem) readonly on device 8:2.
[    2.445823] devtmpfs: mounted
[    2.450667] Freeing unused kernel image memory: 1256K
[    2.489120] Write protecting the kernel read-only data: 22528k
[    2.494647] Freeing unused kernel image memory: 1984K
[    2.499877] Freeing unused kernel image memory: 1740K
[    2.503707] Run /sbin/init as init process
[    2.553356] stty (1782) used greatest stack depth: 13800 bytes left
[    2.641477] sed (1797) used greatest stack depth: 13624 bytes left
[    2.783611] ip (1841) used greatest stack depth: 12608 bytes left
[    2.871768] udevd[1871]: starting version 3.2.1
[    2.882982] random: udevd: uninitialized urandom read (16 bytes read)
[    2.887463] random: udevd: uninitialized urandom read (16 bytes read)
[    2.891934] random: udevd: uninitialized urandom read (16 bytes read)
[    2.908989] usb 4-2: new full-speed USB device number 3 using ohci-pci
[    2.913373] udevd[1872]: starting eudev-3.2.1
[    3.186894] r8169 0000:02:00.0 enp2s0: renamed from eth0
[    3.192490] usb 4-2: New USB device found, idVendor=13d3, idProduct=3362, bcdDevice= 0.01
[    3.196699] usb 4-2: New USB device strings: Mfr=1, Product=2, SerialNumber=3
[    3.200813] usb 4-2: Product: Bluetooth USB Host Controller
[    3.204818] usb 4-2: Manufacturer: Atheros Communications
[    3.208795] usb 4-2: SerialNumber: Alaska Day 2006
[    3.229386] ath9k 0000:01:00.0 wlp1s0: renamed from wlan0
[    3.287572] [drm] radeon kernel modesetting enabled.
[    3.292696] checking generic (c0000000 420000) vs hw (c0000000 10000000)
[    3.292701] fb0: switching to radeondrmfb from EFI VGA
[    3.299486] Console: switching to colour dummy device 80x25
[    3.300049] radeon 0000:00:01.0: vgaarb: deactivate vga console
[    3.301620] [drm] initializing kernel modesetting (KABINI 0x1002:0x9839 0x1043:0x141D 0x00).
[    3.301695] [drm] doorbell mmio base: 0xD0000000
[    3.301704] [drm] doorbell mmio size: 8388608
[    3.302342] ATOM BIOS: AMD
[    3.302427] [drm] Changing default dispclk from 400Mhz to 600Mhz
[    3.302482] radeon 0000:00:01.0: VRAM: 512M 0x0000000000000000 - 0x000000001FFFFFFF (512M used)
[    3.302497] radeon 0000:00:01.0: GTT: 2048M 0x0000000020000000 - 0x000000009FFFFFFF
[    3.302530] [drm] Detected VRAM RAM=512M, BAR=256M
[    3.302537] [drm] RAM width 128bits DDR
[    3.308969] [TTM] Zone  kernel: Available graphics memory: 1729580 kiB
[    3.308988] [TTM] Initializing pool allocator
[    3.309011] [TTM] Initializing DMA pool allocator
[    3.309121] [drm] radeon: 512M of VRAM memory ready
[    3.309132] [drm] radeon: 2048M of GTT memory ready.
[    3.309198] [drm] Loading kabini Microcode
[    3.339275] [drm] Internal thermal controller without fan control
[    3.340503] [drm] radeon: dpm initialized
[    3.344158] [drm] Found UVD firmware Version: 1.64 Family ID: 9
[    3.351471] [drm] Found VCE firmware/feedback version 40.2.2 / 15!
[    3.351532] [drm] GART: num cpu pages 524288, num gpu pages 524288
[    3.396507] [drm] PCIE GART of 2048M enabled (table at 0x000000000030E000).
[    3.396799] radeon 0000:00:01.0: WB enabled
[    3.396846] radeon 0000:00:01.0: fence driver on ring 0 use gpu addr 0x0000000020000c00 and cpu addr 0x(____ptrval____)
[    3.396862] radeon 0000:00:01.0: fence driver on ring 1 use gpu addr 0x0000000020000c04 and cpu addr 0x(____ptrval____)
[    3.396877] radeon 0000:00:01.0: fence driver on ring 2 use gpu addr 0x0000000020000c08 and cpu addr 0x(____ptrval____)
[    3.396891] radeon 0000:00:01.0: fence driver on ring 3 use gpu addr 0x0000000020000c0c and cpu addr 0x(____ptrval____)
[    3.396904] radeon 0000:00:01.0: fence driver on ring 4 use gpu addr 0x0000000020000c10 and cpu addr 0x(____ptrval____)
[    3.397906] radeon 0000:00:01.0: fence driver on ring 5 use gpu addr 0x0000000000078d30 and cpu addr 0x(____ptrval____)
[    3.399314] radeon 0000:00:01.0: fence driver on ring 6 use gpu addr 0x0000000020000c18 and cpu addr 0x(____ptrval____)
[    3.399341] radeon 0000:00:01.0: fence driver on ring 7 use gpu addr 0x0000000020000c1c and cpu addr 0x(____ptrval____)
[    3.399385] [drm] Supports vblank timestamp caching Rev 2 (21.10.2013).
[    3.399395] [drm] Driver supports precise vblank timestamp query.
[    3.399851] radeon 0000:00:01.0: radeon: using MSI.
[    3.402134] [drm] radeon: irq initialized.
[    3.406295] [drm] ring test on 0 succeeded in 3 usecs
[    3.406423] [drm] ring test on 1 succeeded in 4 usecs
[    3.406462] [drm] ring test on 2 succeeded in 4 usecs
[    3.406783] [drm] ring test on 3 succeeded in 6 usecs
[    3.406801] [drm] ring test on 4 succeeded in 5 usecs
[    3.489747] [drm] ring test on 5 succeeded in 2 usecs
[    3.511857] [drm] UVD initialized successfully.
[    3.539029] usb 2-3: new high-speed USB device number 4 using ehci-pci
[    3.626647] [drm] ring test on 6 succeeded in 20 usecs
[    3.626680] [drm] ring test on 7 succeeded in 3 usecs
[    3.626687] [drm] VCE initialized successfully.
[    3.628461] [drm] ib test on ring 0 succeeded in 0 usecs
[    3.628739] [drm] ib test on ring 1 succeeded in 0 usecs
[    3.629044] [drm] ib test on ring 2 succeeded in 0 usecs
[    3.629341] [drm] ib test on ring 3 succeeded in 0 usecs
[    3.629616] [drm] ib test on ring 4 succeeded in 0 usecs
[    3.773534] usb 2-3: New USB device found, idVendor=04f2, idProduct=b404, bcdDevice=69.63
[    3.773558] usb 2-3: New USB device strings: Mfr=3, Product=1, SerialNumber=2
[    3.773570] usb 2-3: Product: USB2.0 HD UVC WebCam
[    3.773579] usb 2-3: Manufacturer: Chicony Electronics Co.,Ltd.
[    3.773588] usb 2-3: SerialNumber: 0x0001
[    4.159295] [drm] ib test on ring 5 succeeded
[    4.180596] [drm] ib test on ring 6 succeeded
[    4.181575] [drm] ib test on ring 7 succeeded
[    4.229096] [drm] radeon atom DIG backlight initialized
[    4.229124] [drm] Radeon Display Connectors
[    4.229131] [drm] Connector 0:
[    4.229137] [drm]   LVDS-1
[    4.229143] [drm]   HPD1
[    4.229152] [drm]   DDC: 0x6530 0x6530 0x6534 0x6534 0x6538 0x6538 0x653c 0x653c
[    4.229161] [drm]   Encoders:
[    4.229167] [drm]     LCD1: INTERNAL_UNIPHY
[    4.229173] [drm] Connector 1:
[    4.229179] [drm]   HDMI-A-1
[    4.229184] [drm]   HPD2
[    4.229192] [drm]   DDC: 0x6540 0x6540 0x6544 0x6544 0x6548 0x6548 0x654c 0x654c
[    4.229200] [drm]   Encoders:
[    4.229206] [drm]     DFP1: INTERNAL_UNIPHY
[    4.229212] [drm] Connector 2:
[    4.229217] [drm]   VGA-1
[    4.229225] [drm]   DDC: 0x65c0 0x65c0 0x65c4 0x65c4 0x65c8 0x65c8 0x65cc 0x65cc
[    4.229234] [drm]   Encoders:
[    4.229239] [drm]     CRT1: INTERNAL_KLDSCP_DAC1
[    5.301269] [drm] fb mappable at 0xC0722000
[    5.301286] [drm] vram apper at 0xC0000000
[    5.301293] [drm] size 4325376
[    5.301299] [drm] fb depth is 24
[    5.301305] [drm]    pitch is 5632
[    5.301609] fbcon: radeondrmfb (fb0) is primary device
[    5.409401] Console: switching to colour frame buffer device 170x48
[    5.419741] radeon 0000:00:01.0: fb0: radeondrmfb frame buffer device
[    5.470644] [drm] Initialized radeon 2.50.0 20080528 for 0000:00:01.0 on minor 0
[    5.557587] Adding 3608572k swap on /dev/sda4.  Priority:1 extents:1 across:3608572k SS
[    5.607445] EXT4-fs (sda2): re-mounted. Opts: (null)
[    5.700924] EXT4-fs (sda2): re-mounted. Opts: (null)
[    8.231560] urandom_read: 6 callbacks suppressed
[    8.231565] random: wpa_supplicant: uninitialized urandom read (32 bytes read)
[    9.570253] wlp1s0: authenticate with 64:66:b3:cd:9a:3a
[    9.590697] wlp1s0: send auth to 64:66:b3:cd:9a:3a (try 1/3)
[    9.597249] wlp1s0: authenticated
[    9.609091] wlp1s0: associate with 64:66:b3:cd:9a:3a (try 1/3)
[    9.617095] wlp1s0: RX AssocResp from 64:66:b3:cd:9a:3a (capab=0x431 status=0 aid=1)
[    9.620889] wlp1s0: associated
[    9.651918] IPv6: ADDRCONF(NETDEV_CHANGE): wlp1s0: link becomes ready
[   11.135497] udevd (2272) used greatest stack depth: 12176 bytes left
[  167.934079] random: crng init done
