[    0.000000] Linux version 5.2.0+ (root@(none)) (gcc version 9.0.1 20190416 (experimental) (GCC)) #210 SMP Thu Jul 18 18:02:42 +05 2019
[    0.000000] Command line: BOOT_IMAGE=/boot/bzImage root=/dev/sda2 ro
[    0.000000] x86/fpu: Supporting XSAVE feature 0x001: 'x87 floating point registers'
[    0.000000] x86/fpu: Supporting XSAVE feature 0x002: 'SSE registers'
[    0.000000] x86/fpu: Supporting XSAVE feature 0x004: 'AVX registers'
[    0.000000] x86/fpu: xstate_offset[2]:  576, xstate_sizes[2]:  256
[    0.000000] x86/fpu: Enabled xstate features 0x7, context size is 832 bytes, using 'standard' format.
[    0.000000] BIOS-provided physical RAM map:
[    0.000000] BIOS-e820: [mem 0x0000000000000000-0x000000000009ffff] usable
[    0.000000] BIOS-e820: [mem 0x0000000000100000-0x000000009d0f7fff] usable
[    0.000000] BIOS-e820: [mem 0x000000009d0f8000-0x000000009d127fff] reserved
[    0.000000] BIOS-e820: [mem 0x000000009d128000-0x000000009d370fff] usable
[    0.000000] BIOS-e820: [mem 0x000000009d371000-0x000000009dc56fff] ACPI NVS
[    0.000000] BIOS-e820: [mem 0x000000009dc57000-0x000000009e959fff] reserved
[    0.000000] BIOS-e820: [mem 0x000000009e95a000-0x000000009e9cafff] type 20
[    0.000000] BIOS-e820: [mem 0x000000009e9cb000-0x000000009e9cbfff] usable
[    0.000000] BIOS-e820: [mem 0x000000009e9cc000-0x000000009e9d3fff] ACPI NVS
[    0.000000] BIOS-e820: [mem 0x000000009e9d4000-0x000000009eb24fff] usable
[    0.000000] BIOS-e820: [mem 0x000000009eb25000-0x000000009f041fff] reserved
[    0.000000] BIOS-e820: [mem 0x000000009f042000-0x000000009f080fff] usable
[    0.000000] BIOS-e820: [mem 0x000000009f081000-0x000000009f3f1fff] reserved
[    0.000000] BIOS-e820: [mem 0x000000009f3f2000-0x000000009f3fffff] usable
[    0.000000] BIOS-e820: [mem 0x00000000fec00000-0x00000000fec01fff] reserved
[    0.000000] BIOS-e820: [mem 0x00000000fec10000-0x00000000fec10fff] reserved
[    0.000000] BIOS-e820: [mem 0x00000000fed00000-0x00000000fed00fff] reserved
[    0.000000] BIOS-e820: [mem 0x00000000fed80000-0x00000000fed8ffff] reserved
[    0.000000] BIOS-e820: [mem 0x00000000ff000000-0x00000000ffffffff] reserved
[    0.000000] BIOS-e820: [mem 0x0000000100001000-0x000000013effffff] usable
[    0.000000] NX (Execute Disable) protection: active
[    0.000000] efi: EFI v2.31 by American Megatrends
[    0.000000] efi:  ACPI=0x9d3f3000  ACPI 2.0=0x9d3f3000  SMBIOS=0x9e958998 
[    0.000000] SMBIOS 2.7 present.
[    0.000000] DMI: ASUSTeK COMPUTER INC. X102BA/X102BA, BIOS X102BA.212 08/30/2013
[    0.000000] tsc: Fast TSC calibration using PIT
[    0.000000] tsc: Detected 998.188 MHz processor
[    0.000213] e820: update [mem 0x00000000-0x00000fff] usable ==> reserved
[    0.000218] e820: remove [mem 0x000a0000-0x000fffff] usable
[    0.000240] last_pfn = 0x13f000 max_arch_pfn = 0x400000000
[    0.000250] MTRR default type: uncachable
[    0.000251] MTRR fixed ranges enabled:
[    0.000254]   00000-9FFFF write-back
[    0.000257]   A0000-BFFFF write-through
[    0.000260]   C0000-DFFFF uncachable
[    0.000262]   E0000-FFFFF write-protect
[    0.000264] MTRR variable ranges enabled:
[    0.000268]   0 base 0000000000 mask FF80000000 write-back
[    0.000272]   1 base 0080000000 mask FFE0000000 write-back
[    0.000275]   2 base 009F400000 mask FFFFC00000 uncachable
[    0.000278]   3 base 009F800000 mask FFFF800000 uncachable
[    0.000279]   4 disabled
[    0.000281]   5 disabled
[    0.000282]   6 disabled
[    0.000283]   7 disabled
[    0.000285] TOM2: 000000013f000000 aka 5104M
[    0.000810] x86/PAT: Configuration [0-7]: WB  WC  UC- UC  WB  WP  UC- WT  
[    0.001084] e820: update [mem 0x9f400000-0xffffffff] usable ==> reserved
[    0.001098] last_pfn = 0x9f400 max_arch_pfn = 0x400000000
[    0.014445] check: Scanning 1 areas for low memory corruption
[    0.014458] Using GB pages for direct mapping
[    0.014466] BRK [0x135e01000, 0x135e01fff] PGTABLE
[    0.014472] BRK [0x135e02000, 0x135e02fff] PGTABLE
[    0.014476] BRK [0x135e03000, 0x135e03fff] PGTABLE
[    0.014684] BRK [0x135e04000, 0x135e04fff] PGTABLE
[    0.014689] BRK [0x135e05000, 0x135e05fff] PGTABLE
[    0.015053] BRK [0x135e06000, 0x135e06fff] PGTABLE
[    0.016083] BRK [0x135e07000, 0x135e07fff] PGTABLE
[    0.016342] BRK [0x135e08000, 0x135e08fff] PGTABLE
[    0.016632] BRK [0x135e09000, 0x135e09fff] PGTABLE
[    0.016934] BRK [0x135e0a000, 0x135e0afff] PGTABLE
[    0.017192] BRK [0x135e0b000, 0x135e0bfff] PGTABLE
[    0.017513] BRK [0x135e0c000, 0x135e0cfff] PGTABLE
[    0.018134] Secure boot could not be determined
[    0.018150] ACPI: Early table checksum verification disabled
[    0.018160] ACPI: RSDP 0x000000009D3F3000 000024 (v02 _ASUS_)
[    0.018171] ACPI: XSDT 0x000000009D3F3088 000094 (v01 _ASUS_ Notebook 01072009 AMI  00010013)
[    0.018187] ACPI: FACP 0x000000009D400748 00010C (v05 _ASUS_ Notebook 01072009 AMI  00010013)
[    0.018202] ACPI BIOS Warning (bug): Optional FADT field Pm2ControlBlock has valid Length but zero Address: 0x0000000000000000/0x1 (20190703/tbfadt-615)
[    0.018216] ACPI: DSDT 0x000000009D3F31A8 00D59D (v02 _ASUS_ Notebook 00000000 INTL 20091112)
[    0.018227] ACPI: FACS 0x000000009DC4B080 000040
[    0.018234] ACPI: APIC 0x000000009D400858 00007E (v03 _ASUS_ Notebook 01072009 AMI  00010013)
[    0.018245] ACPI: FPDT 0x000000009D4008D8 000044 (v01 _ASUS_ Notebook 01072009 AMI  00010013)
[    0.018254] ACPI: ECDT 0x000000009D400920 0000C1 (v01 _ASUS_ Notebook 01072009 AMI. 00000005)
[    0.018264] ACPI: MCFG 0x000000009D4009E8 00003C (v01 _ASUS_ Notebook 01072009 MSFT 00010013)
[    0.018273] ACPI: HPET 0x000000009D400A28 000038 (v01 _ASUS_ Notebook 01072009 AMI  00000005)
[    0.018283] ACPI: VFCT 0x000000009D400A60 004684 (v01 _ASUS_ Notebook 00000001 AMD  31504F47)
[    0.018293] ACPI: BGRT 0x000000009D4050E8 000038 (v00 _ASUS_ Notebook 01072009 ASUS 00010013)
[    0.018302] ACPI: SSDT 0x000000009D405120 0005E0 (v01 AMD    AGESA    00000001 AMD  00000001)
[    0.018312] ACPI: SSDT 0x000000009D405700 0046D1 (v02 AMD    AGESA    00000002 MSFT 04000000)
[    0.018322] ACPI: CRAT 0x000000009D409DD8 000228 (v01 AMD    AGESA    00000001 AMD  00000001)
[    0.018331] ACPI: SSDT 0x000000009D40A000 001411 (v01 AMD    CPMDFIGP 00000001 INTL 20051117)
[    0.018341] ACPI: SSDT 0x000000009D40B418 0010E8 (v01 AMD    CPMCMN   00000001 INTL 20051117)
[    0.018350] ACPI: MSDM 0x000000009D127F98 000055 (v03 _ASUS_ Notebook 00000000 ASUS 00000001)
[    0.018377] ACPI: Local APIC address 0xfee00000
[    0.018731] No NUMA configuration found
[    0.018735] Faking a node at [mem 0x0000000000000000-0x000000013effffff]
[    0.018749] NODE_DATA(0) allocated [mem 0x13effb000-0x13effefff]
[    0.018812] Zone ranges:
[    0.018815]   DMA      [mem 0x0000000000001000-0x0000000000ffffff]
[    0.018820]   DMA32    [mem 0x0000000001000000-0x00000000ffffffff]
[    0.018824]   Normal   [mem 0x0000000100000000-0x000000013effffff]
[    0.018828] Movable zone start for each node
[    0.018830] Early memory node ranges
[    0.018834]   node   0: [mem 0x0000000000001000-0x000000000009ffff]
[    0.018837]   node   0: [mem 0x0000000000100000-0x000000009d0f7fff]
[    0.018841]   node   0: [mem 0x000000009d128000-0x000000009d370fff]
[    0.018844]   node   0: [mem 0x000000009e9cb000-0x000000009e9cbfff]
[    0.018847]   node   0: [mem 0x000000009e9d4000-0x000000009eb24fff]
[    0.018850]   node   0: [mem 0x000000009f042000-0x000000009f080fff]
[    0.018853]   node   0: [mem 0x000000009f3f2000-0x000000009f3fffff]
[    0.018856]   node   0: [mem 0x0000000100001000-0x000000013effffff]
[    0.019184] Zeroed struct page in unavailable ranges: 11138 pages
[    0.019192] Initmem setup node 0 [mem 0x0000000000001000-0x000000013effffff]
[    0.019202] On node 0 totalpages: 902270
[    0.019205]   DMA zone: 64 pages used for memmap
[    0.019207]   DMA zone: 23 pages reserved
[    0.019209]   DMA zone: 3999 pages, LIFO batch:0
[    0.019423]   DMA32 zone: 10004 pages used for memmap
[    0.019425]   DMA32 zone: 640224 pages, LIFO batch:63
[    0.060149]   Normal zone: 4032 pages used for memmap
[    0.060155]   Normal zone: 258047 pages, LIFO batch:63
[    0.073549] ACPI: PM-Timer IO Port: 0x808
[    0.073561] ACPI: Local APIC address 0xfee00000
[    0.073578] ACPI: LAPIC_NMI (acpi_id[0xff] high edge lint[0x1])
[    0.073594] IOAPIC[0]: apic_id 3, version 33, address 0xfec00000, GSI 0-23
[    0.073604] IOAPIC[1]: apic_id 4, version 33, address 0xfec01000, GSI 24-55
[    0.073611] ACPI: INT_SRC_OVR (bus 0 bus_irq 0 global_irq 2 dfl dfl)
[    0.073617] ACPI: INT_SRC_OVR (bus 0 bus_irq 9 global_irq 9 low level)
[    0.073621] ACPI: IRQ0 used by override.
[    0.073624] ACPI: IRQ9 used by override.
[    0.073629] Using ACPI (MADT) for SMP configuration information
[    0.073634] ACPI: HPET id: 0x10228210 base: 0xfed00000
[    0.073650] smpboot: Allowing 4 CPUs, 2 hotplug CPUs
[    0.073723] PM: Registered nosave memory: [mem 0x00000000-0x00000fff]
[    0.073729] PM: Registered nosave memory: [mem 0x000a0000-0x000fffff]
[    0.073736] PM: Registered nosave memory: [mem 0x9d0f8000-0x9d127fff]
[    0.073743] PM: Registered nosave memory: [mem 0x9d371000-0x9dc56fff]
[    0.073746] PM: Registered nosave memory: [mem 0x9dc57000-0x9e959fff]
[    0.073748] PM: Registered nosave memory: [mem 0x9e95a000-0x9e9cafff]
[    0.073755] PM: Registered nosave memory: [mem 0x9e9cc000-0x9e9d3fff]
[    0.073761] PM: Registered nosave memory: [mem 0x9eb25000-0x9f041fff]
[    0.073767] PM: Registered nosave memory: [mem 0x9f081000-0x9f3f1fff]
[    0.073774] PM: Registered nosave memory: [mem 0x9f400000-0xfebfffff]
[    0.073776] PM: Registered nosave memory: [mem 0xfec00000-0xfec01fff]
[    0.073779] PM: Registered nosave memory: [mem 0xfec02000-0xfec0ffff]
[    0.073782] PM: Registered nosave memory: [mem 0xfec10000-0xfec10fff]
[    0.073785] PM: Registered nosave memory: [mem 0xfec11000-0xfecfffff]
[    0.073787] PM: Registered nosave memory: [mem 0xfed00000-0xfed00fff]
[    0.073790] PM: Registered nosave memory: [mem 0xfed01000-0xfed7ffff]
[    0.073793] PM: Registered nosave memory: [mem 0xfed80000-0xfed8ffff]
[    0.073795] PM: Registered nosave memory: [mem 0xfed90000-0xfeffffff]
[    0.073798] PM: Registered nosave memory: [mem 0xff000000-0xffffffff]
[    0.073801] PM: Registered nosave memory: [mem 0x100000000-0x100000fff]
[    0.073807] [mem 0x9f400000-0xfebfffff] available for PCI devices
[    0.073819] clocksource: refined-jiffies: mask: 0xffffffff max_cycles: 0xffffffff, max_idle_ns: 19112604462750000 ns
[    0.518329] setup_percpu: NR_CPUS:64 nr_cpumask_bits:64 nr_cpu_ids:4 nr_node_ids:1
[    0.519519] percpu: Embedded 51 pages/cpu s169944 r8192 d30760 u524288
[    0.519557] pcpu-alloc: s169944 r8192 d30760 u524288 alloc=1*2097152
[    0.519560] pcpu-alloc: [0] 0 1 2 3 
[    0.519637] Built 1 zonelists, mobility grouping on.  Total pages: 888147
[    0.519641] Policy zone: Normal
[    0.519649] Kernel command line: BOOT_IMAGE=/boot/bzImage root=/dev/sda2 ro
[    0.521615] Dentry cache hash table entries: 524288 (order: 10, 4194304 bytes, linear)
[    0.522549] Inode-cache hash table entries: 262144 (order: 9, 2097152 bytes, linear)
[    0.522627] mem auto-init: stack:off, heap alloc:off, heap free:off
[    0.586900] Memory: 3426032K/3609080K available (14356K kernel code, 1439K rwdata, 4492K rodata, 1304K init, 812K bss, 183048K reserved, 0K cma-reserved)
[    0.587113] SLUB: HWalign=64, Order=0-3, MinObjects=0, CPUs=4, Nodes=1
[    0.587352] rcu: Hierarchical RCU implementation.
[    0.587356] rcu: 	RCU event tracing is enabled.
[    0.587359] rcu: 	RCU restricting CPUs from NR_CPUS=64 to nr_cpu_ids=4.
[    0.587364] rcu: RCU calculated value of scheduler-enlistment delay is 10 jiffies.
[    0.587367] rcu: Adjusting geometry for rcu_fanout_leaf=16, nr_cpu_ids=4
[    0.587965] NR_IRQS: 4352, nr_irqs: 1000, preallocated irqs: 16
[    0.588563] random: get_random_bytes called from start_kernel+0x314/0x4e1 with crng_init=0
[    0.588648] Console: colour dummy device 80x25
[    0.589378] printk: console [tty0] enabled
[    0.589426] ACPI: Core revision 20190703
[    0.589909] clocksource: hpet: mask: 0xffffffff max_cycles: 0xffffffff, max_idle_ns: 133484873504 ns
[    0.589950] APIC: Switch to symmetric I/O mode setup
[    0.590812] ..TIMER: vector=0x30 apic1=0 pin1=2 apic2=-1 pin2=-1
[    0.639949] clocksource: tsc-early: mask: 0xffffffffffffffff max_cycles: 0x1cc6cece250, max_idle_ns: 881590608134 ns
[    0.639965] Calibrating delay loop (skipped), value calculated using timer frequency.. 1996.37 BogoMIPS (lpj=9981880)
[    0.639981] pid_max: default: 32768 minimum: 301
[    0.642649] LSM: Security Framework initializing
[    0.642684] SELinux:  Initializing.
[    0.642722] *** VALIDATE SELinux ***
[    0.642789] Mount-cache hash table entries: 8192 (order: 4, 65536 bytes, linear)
[    0.642827] Mountpoint-cache hash table entries: 8192 (order: 4, 65536 bytes, linear)
[    0.643214] *** VALIDATE proc ***
[    0.643304] *** VALIDATE cgroup1 ***
[    0.643315] *** VALIDATE cgroup2 ***
[    0.643423] LVT offset 1 assigned for vector 0xf9
[    0.643441] Last level iTLB entries: 4KB 512, 2MB 8, 4MB 4
[    0.643448] Last level dTLB entries: 4KB 512, 2MB 256, 4MB 128, 1GB 0
[    0.643458] Spectre V2 : Mitigation: Full AMD retpoline
[    0.643465] Spectre V2 : Spectre v2 / SpectreRSB mitigation: Filling RSB on context switch
[    0.643476] Speculative Store Bypass: Mitigation: Speculative Store Bypass disabled via prctl and seccomp
[    0.644060] Freeing SMP alternatives memory: 40K
[    0.649963] smpboot: CPU0: AMD A4-1200 APU with Radeon(TM) HD Graphics (family: 0x16, model: 0x0, stepping: 0x1)
[    0.649963] Performance Events: AMD PMU driver.
[    0.649963] ... version:                0
[    0.649963] ... bit width:              48
[    0.649963] ... generic registers:      4
[    0.649963] ... value mask:             0000ffffffffffff
[    0.649963] ... max period:             00007fffffffffff
[    0.649963] ... fixed-purpose events:   0
[    0.649963] ... event mask:             000000000000000f
[    0.649963] rcu: Hierarchical SRCU implementation.
[    0.649963] MCE: In-kernel MCE decoding enabled.
[    0.649963] smp: Bringing up secondary CPUs ...
[    0.649963] x86: Booting SMP configuration:
[    0.649963] .... node  #0, CPUs:      #1
[    0.649963] smp: Brought up 1 node, 2 CPUs
[    0.649963] smpboot: Max logical packages: 2
[    0.649963] smpboot: Total of 2 processors activated (3992.75 BogoMIPS)
[    0.649963] devtmpfs: initialized
[    0.649963] PM: Registering ACPI NVS region [mem 0x9d371000-0x9dc56fff] (9330688 bytes)
[    0.649963] PM: Registering ACPI NVS region [mem 0x9e9cc000-0x9e9d3fff] (32768 bytes)
[    0.649963] clocksource: jiffies: mask: 0xffffffff max_cycles: 0xffffffff, max_idle_ns: 19112604462750000 ns
[    0.649963] futex hash table entries: 1024 (order: 4, 65536 bytes, linear)
[    0.649963] kworker/u8:0 (22) used greatest stack depth: 14616 bytes left
[    0.649963] NET: Registered protocol family 16
[    0.649963] audit: initializing netlink subsys (disabled)
[    0.649963] audit: type=2000 audit(1563455168.050:1): state=initialized audit_enabled=0 res=1
[    0.649963] cpuidle: using governor ladder
[    0.649963] cpuidle: using governor menu
[    0.649963] ACPI FADT declares the system doesn't support PCIe ASPM, so disable it
[    0.649963] ACPI: bus type PCI registered
[    0.649963] PCI: MMCONFIG for domain 0000 [bus 00-ff] at [mem 0xe0000000-0xefffffff] (base 0xe0000000)
[    0.649963] PCI: not using MMCONFIG
[    0.649963] PCI: Using configuration type 1 for base access
[    0.649963] PCI: Using configuration type 1 for extended access
[    0.649997] rq->curr == THREAD(this messg)
[    0.649999] state TASK_RUNNING
[    0.650012] color, tsk->comm, weight, vruntime, state: -126958249094759 kworker/u8:1 1048576 48034501 0
[    0.650020] color, tsk->comm, weight, vruntime, state: -126958249105128 kworker/u8:1 1048576 48034501 0
[    0.650032] color, tsk->comm, weight, vruntime, state: -126958249094759 kworker/u8:1 1048576 48034501 0
[    0.650043] color, tsk->comm, weight, vruntime, state: 1 kworker/u8:1 1048576 48248788 0
[    0.650055] color, tsk->comm, weight, vruntime, state: -126958249743207 kworker/u8:1 1048576 48534502 0
[    0.650066] color, tsk->comm, weight, vruntime, state: -126958249105128 kworker/u8:1 1048576 48934501 0
[    0.650077] color, tsk->comm, weight, vruntime, state: -126958249743207 kworker/u8:1 1048576 49534501 0
[    0.650088] comm swapper/0 pid 1 state 0
[    0.650104] comm kthreadd pid 2 state 1
[    0.650111] comm rcu_gp pid 3 state 1026
[    0.650118] comm rcu_par_gp pid 4 state 1026
[    0.650125] comm kworker/0:0 pid 5 state 1026
[    0.650132] comm kworker/0:0H pid 6 state 1026
[    0.650139] comm kworker/u8:0 pid 7 state 0
[    0.650146] comm mm_percpu_wq pid 8 state 1026
[    0.650153] comm ksoftirqd/0 pid 9 state 1
[    0.650160] comm rcu_sched pid 10 state 1026
[    0.650167] comm migration/0 pid 11 state 1
[    0.650173] comm cpuhp/0 pid 12 state 1
[    0.650180] comm cpuhp/1 pid 13 state 1
[    0.650186] comm migration/1 pid 14 state 1
[    0.650193] comm ksoftirqd/1 pid 15 state 1
[    0.650200] comm kworker/1:0 pid 16 state 258
[    0.650207] comm kworker/1:0H pid 17 state 1026
[    0.650214] comm THREAD pid 18 state 0
[    0.650221] comm kdevtmpfs pid 19 state 1
[    0.650228] comm netns pid 20 state 1026
[    0.650235] comm kworker/u8:1 pid 21 state 1026
[    0.650241] comm kauditd pid 24 state 1
[    0.650248] comm kworker/u8:1 pid 25 state 0
[    0.650255] comm kworker/u8:1 pid 26 state 0
[    0.650261] comm kworker/u8:1 pid 27 state 0
[    0.650268] comm kworker/u8:1 pid 28 state 0
[    0.650275] comm kworker/u8:1 pid 29 state 0
[    0.650282] comm kworker/u8:1 pid 31 state 0
[    0.650288] comm kworker/u8:1 pid 33 state 0
[    0.650295] comm kworker/u8:1 pid 34 state 0
[    0.650301] comm kworker/u8:1 pid 35 state 0
[    0.650308] comm kworker/0:1 pid 37 state 1026
[    0.650315] comm kthreadd pid 38 state 0
[    0.650321] proc in rq 7
[    0.650323] rq->nr_running rq->cfs.nr_running : 8 8
[    0.650333] rq->cfs.load.weight :  8388608
[    0.650335] ----------------^^^^CPU0^^^^^-----------------------
[    0.650341] rq->curr->pid == 1
[    0.650347] state TASK_RUNNING
[    0.650355] color, tsk->comm, weight, vruntime, state: -126958249115496 kworker/u8:0 1048576 28351403 0
[    0.650362] color, tsk->comm, weight, vruntime, state: -126958249746663 kworker/u8:1 1048576 34351403 0
[    0.650373] color, tsk->comm, weight, vruntime, state: 1 kworker/u8:1 1048576 34951403 0
[    0.650384] color, tsk->comm, weight, vruntime, state: -126958249746663 kthreadd 1048576 37351400 0
[    0.650394] comm swapper/0 pid 1 state 0
[    0.650409] comm kthreadd pid 2 state 1
[    0.650415] comm rcu_gp pid 3 state 1026
[    0.650421] comm rcu_par_gp pid 4 state 1026
[    0.650428] comm kworker/0:0 pid 5 state 1026
[    0.650434] comm kworker/0:0H pid 6 state 1026
[    0.650441] comm kworker/u8:0 pid 7 state 0
[    0.650447] comm mm_percpu_wq pid 8 state 1026
[    0.650454] comm ksoftirqd/0 pid 9 state 1
[    0.650460] comm rcu_sched pid 10 state 1026
[    0.650467] comm migration/0 pid 11 state 1
[    0.650473] comm cpuhp/0 pid 12 state 1
[    0.650479] comm cpuhp/1 pid 13 state 1
[    0.650486] comm migration/1 pid 14 state 1
[    0.650492] comm ksoftirqd/1 pid 15 state 1
[    0.650499] comm kworker/1:0 pid 16 state 258
[    0.650505] comm kworker/1:0H pid 17 state 1026
[    0.650512] comm THREAD pid 18 state 0
[    0.650518] comm kdevtmpfs pid 19 state 1
[    0.650524] comm netns pid 20 state 1026
[    0.650531] comm kworker/u8:1 pid 21 state 1026
[    0.650537] comm kauditd pid 24 state 1
[    0.650543] comm kworker/u8:1 pid 25 state 0
[    0.650550] comm kworker/u8:1 pid 26 state 0
[    0.650556] comm kworker/u8:1 pid 27 state 0
[    0.650562] comm kworker/u8:1 pid 28 state 0
[    0.650569] comm kworker/u8:1 pid 29 state 0
[    0.650575] comm kworker/u8:1 pid 31 state 0
[    0.650582] comm kworker/u8:1 pid 33 state 0
[    0.650588] comm kworker/u8:1 pid 34 state 0
[    0.650594] comm kworker/u8:1 pid 35 state 0
[    0.650601] comm kworker/0:1 pid 37 state 1026
[    0.650607] comm kthreadd pid 38 state 0
[    0.650613] proc in rq 4
[    0.650615] rq->nr_running rq->cfs.nr_running : 5 5
[    0.650624] rq->cfs.load.weight :  5242880
[    0.650626] ----------------^^^^CPU1^^^^^-----------------------
[    0.650632] rq->curr->pid == 0
[    0.650639] state TASK_RUNNING
[    0.650646] comm swapper/0 pid 1 state 0
[    0.650656] comm kthreadd pid 2 state 1
[    0.650662] comm rcu_gp pid 3 state 1026
[    0.650668] comm rcu_par_gp pid 4 state 1026
[    0.650675] comm kworker/0:0 pid 5 state 1026
[    0.650681] comm kworker/0:0H pid 6 state 1026
[    0.650688] comm kworker/u8:0 pid 7 state 0
[    0.650695] comm mm_percpu_wq pid 8 state 1026
[    0.650701] comm ksoftirqd/0 pid 9 state 1
[    0.650708] comm rcu_sched pid 10 state 1026
[    0.650714] comm migration/0 pid 11 state 1
[    0.650721] comm cpuhp/0 pid 12 state 1
[    0.650727] comm cpuhp/1 pid 13 state 1
[    0.650733] comm migration/1 pid 14 state 1
[    0.650740] comm ksoftirqd/1 pid 15 state 1
[    0.650746] comm kworker/1:0 pid 16 state 258
[    0.650753] comm kworker/1:0H pid 17 state 1026
[    0.650760] comm THREAD pid 18 state 0
[    0.650766] comm kdevtmpfs pid 19 state 1
[    0.650772] comm netns pid 20 state 1026
[    0.650779] comm kworker/u8:1 pid 21 state 1026
[    0.650785] comm kauditd pid 24 state 1
[    0.650792] comm kworker/u8:1 pid 25 state 0
[    0.650798] comm kworker/u8:1 pid 26 state 0
[    0.650804] comm kworker/u8:1 pid 27 state 0
[    0.650811] comm kworker/u8:1 pid 28 state 0
[    0.650817] comm kworker/u8:1 pid 29 state 0
[    0.650824] comm kworker/u8:1 pid 31 state 0
[    0.650830] comm kworker/u8:1 pid 33 state 0
[    0.650837] comm kworker/u8:1 pid 34 state 0
[    0.650843] comm kworker/u8:1 pid 35 state 0
[    0.650849] comm kworker/0:1 pid 37 state 1026
[    0.650856] comm kthreadd pid 38 state 0
[    0.650861] proc in rq 0
[    0.650863] rq->nr_running rq->cfs.nr_running : 0 0
[    0.650873] rq->cfs.load.weight :  0
[    0.650875] ----------------^^^^CPU2^^^^^-----------------------
[    0.650880] rq->curr->pid == 0
[    0.650887] state TASK_RUNNING
[    0.650894] comm swapper/0 pid 1 state 0
[    0.650904] comm kthreadd pid 2 state 1
[    0.650910] comm rcu_gp pid 3 state 1026
[    0.650916] comm rcu_par_gp pid 4 state 1026
[    0.650923] comm kworker/0:0 pid 5 state 1026
[    0.650929] comm kworker/0:0H pid 6 state 1026
[    0.650936] comm kworker/u8:0 pid 7 state 0
[    0.650942] comm mm_percpu_wq pid 8 state 1026
[    0.650949] comm ksoftirqd/0 pid 9 state 1
[    0.650955] comm rcu_sched pid 10 state 1026
[    0.650962] comm migration/0 pid 11 state 1
[    0.650968] comm cpuhp/0 pid 12 state 1
[    0.650974] comm cpuhp/1 pid 13 state 1
[    0.650981] comm migration/1 pid 14 state 1
[    0.650987] comm ksoftirqd/1 pid 15 state 1
[    0.650993] comm kworker/1:0 pid 16 state 258
[    0.651000] comm kworker/1:0H pid 17 state 1026
[    0.651006] comm THREAD pid 18 state 0
[    0.651013] comm kdevtmpfs pid 19 state 1
[    0.651019] comm netns pid 20 state 1026
[    0.651025] comm kworker/u8:1 pid 21 state 1026
[    0.651032] comm kauditd pid 24 state 1
[    0.651038] comm kworker/u8:1 pid 25 state 0
[    0.651045] comm kworker/u8:1 pid 26 state 0
[    0.651051] comm kworker/u8:1 pid 27 state 0
[    0.651057] comm kworker/u8:1 pid 28 state 0
[    0.651064] comm kworker/u8:1 pid 29 state 0
[    0.651070] comm kworker/u8:1 pid 31 state 0
[    0.651077] comm kworker/u8:1 pid 33 state 0
[    0.651083] comm kworker/u8:1 pid 34 state 0
[    0.651089] comm kworker/u8:1 pid 35 state 0
[    0.651096] comm kworker/0:1 pid 37 state 1026
[    0.651102] comm kthreadd pid 38 state 0
[    0.651108] proc in rq 0
[    0.651109] rq->nr_running rq->cfs.nr_running : 0 0
[    0.651119] rq->cfs.load.weight :  0
[    0.651120] ----------------^^^^CPU3^^^^^-----------------------
[    0.665799] kworker/u8:0 (47) used greatest stack depth: 14152 bytes left
[    0.699722] HugeTLB registered 2.00 MiB page size, pre-allocated 0 pages
[    0.714817] ACPI: Added _OSI(Module Device)
[    0.714817] ACPI: Added _OSI(Processor Device)
[    0.714817] ACPI: Added _OSI(3.0 _SCP Extensions)
[    0.714817] ACPI: Added _OSI(Processor Aggregator Device)
[    0.714817] ACPI: Added _OSI(Linux-Dell-Video)
[    0.714817] ACPI: Added _OSI(Linux-Lenovo-NV-HDMI-Audio)
[    0.714817] ACPI: Added _OSI(Linux-HPI-Hybrid-Graphics)
[    0.747885] ACPI: 5 ACPI AML tables successfully acquired and loaded
[    0.751132] ACPI: EC: EC started
[    0.751141] ACPI: EC: interrupt blocked
[    0.753237] ACPI: \: Used as first EC
[    0.753249] ACPI: \: GPE=0x3, EC_CMD/EC_SC=0x66, EC_DATA=0x62
[    0.753256] ACPI: EC: Boot ECDT EC used to handle transactions
[    0.755494] ACPI: [Firmware Bug]: BIOS _OSI(Linux) query ignored
[    0.760093] ACPI: Interpreter enabled
[    0.760174] ACPI: (supports S0 S3 S4 S5)
[    0.760184] ACPI: Using IOAPIC for interrupt routing
[    0.760391] PCI: MMCONFIG for domain 0000 [bus 00-ff] at [mem 0xe0000000-0xefffffff] (base 0xe0000000)
[    0.760558] PCI: MMCONFIG at [mem 0xe0000000-0xefffffff] reserved in ACPI motherboard resources
[    0.760615] PCI: Using host bridge windows from ACPI; if necessary, use "pci=nocrs" and report a bug
[    0.761410] ACPI: Enabled 3 GPEs in block 00 to 1F
[    2.672948] ACPI: PCI Root Bridge [PCI0] (domain 0000 [bus 00-ff])
[    2.672981] acpi PNP0A08:00: _OSC: OS supports [ExtendedConfig ASPM ClockPM Segments MSI HPX-Type3]
[    2.673593] acpi PNP0A08:00: _OSC: platform does not support [LTR]
[    2.674168] acpi PNP0A08:00: _OSC: OS now controls [PME AER PCIeCapability]
[    2.674181] acpi PNP0A08:00: FADT indicates ASPM is unsupported, using BIOS configuration
[    2.674728] PCI host bridge to bus 0000:00
[    2.674742] pci_bus 0000:00: root bus resource [io  0x0000-0x03af window]
[    2.674754] pci_bus 0000:00: root bus resource [io  0x03e0-0x0cf7 window]
[    2.674765] pci_bus 0000:00: root bus resource [io  0x03b0-0x03df window]
[    2.674775] pci_bus 0000:00: root bus resource [io  0x0d00-0xffff window]
[    2.674787] pci_bus 0000:00: root bus resource [mem 0x000a0000-0x000bffff window]
[    2.674799] pci_bus 0000:00: root bus resource [mem 0x000c0000-0x000dffff window]
[    2.674811] pci_bus 0000:00: root bus resource [mem 0xc0000000-0xffffffff window]
[    2.674824] pci_bus 0000:00: root bus resource [bus 00-ff]
[    2.674859] pci 0000:00:00.0: [1022:1536] type 00 class 0x060000
[    2.675150] pci 0000:00:01.0: [1002:9839] type 00 class 0x030000
[    2.675191] pci 0000:00:01.0: reg 0x10: [mem 0xc0000000-0xcfffffff 64bit pref]
[    2.675216] pci 0000:00:01.0: reg 0x18: [mem 0xd0000000-0xd07fffff 64bit pref]
[    2.675236] pci 0000:00:01.0: reg 0x20: [io  0xf000-0xf0ff]
[    2.675254] pci 0000:00:01.0: reg 0x24: [mem 0xfeb00000-0xfeb3ffff]
[    2.675272] pci 0000:00:01.0: reg 0x30: [mem 0xfeb40000-0xfeb5ffff pref]
[    2.675287] pci 0000:00:01.0: enabling Extended Tags
[    2.675318] pci 0000:00:01.0: BAR 0: assigned to efifb
[    2.675375] pci 0000:00:01.0: supports D1 D2
[    2.675385] pci 0000:00:01.0: PME# supported from D1 D2 D3hot
[    2.675620] pci 0000:00:01.1: [1002:9840] type 00 class 0x040300
[    2.675656] pci 0000:00:01.1: reg 0x10: [mem 0xfeb64000-0xfeb67fff 64bit]
[    2.675697] pci 0000:00:01.1: enabling Extended Tags
[    2.675766] pci 0000:00:01.1: supports D1 D2
[    2.675963] pci 0000:00:02.0: [1022:1538] type 00 class 0x060000
[    2.676209] pci 0000:00:02.2: [1022:1439] type 01 class 0x060400
[    2.676279] pci 0000:00:02.2: enabling Extended Tags
[    2.676362] pci 0000:00:02.2: PME# supported from D0 D3hot D3cold
[    2.679973] pci 0000:00:02.3: [1022:1439] type 01 class 0x060400
[    2.679973] pci 0000:00:02.3: enabling Extended Tags
[    2.679973] pci 0000:00:02.3: PME# supported from D0 D3hot D3cold
[    2.679973] pci 0000:00:10.0: [1022:7814] type 00 class 0x0c0330
[    2.679973] pci 0000:00:10.0: reg 0x10: [mem 0xfeb68000-0xfeb69fff 64bit]
[    2.679973] pci 0000:00:10.0: PME# supported from D0 D3hot D3cold
[    2.679973] pci 0000:00:11.0: [1022:7801] type 00 class 0x010601
[    2.679973] pci 0000:00:11.0: reg 0x10: [io  0xf140-0xf147]
[    2.679973] pci 0000:00:11.0: reg 0x14: [io  0xf130-0xf133]
[    2.679973] pci 0000:00:11.0: reg 0x18: [io  0xf120-0xf127]
[    2.679973] pci 0000:00:11.0: reg 0x1c: [io  0xf110-0xf113]
[    2.679995] pci 0000:00:11.0: reg 0x20: [io  0xf100-0xf10f]
[    2.680015] pci 0000:00:11.0: reg 0x24: [mem 0xfeb6f000-0xfeb6f3ff]
[    2.680093] pci 0000:00:11.0: PME# supported from D3hot
[    2.680354] pci 0000:00:12.0: [1022:7807] type 00 class 0x0c0310
[    2.680384] pci 0000:00:12.0: reg 0x10: [mem 0xfeb6e000-0xfeb6efff]
[    2.680687] pci 0000:00:12.2: [1022:7808] type 00 class 0x0c0320
[    2.680723] pci 0000:00:12.2: reg 0x10: [mem 0xfeb6d000-0xfeb6d0ff]
[    2.680829] pci 0000:00:12.2: supports D1 D2
[    2.680839] pci 0000:00:12.2: PME# supported from D0 D1 D2 D3hot D3cold
[    2.681100] pci 0000:00:13.0: [1022:7807] type 00 class 0x0c0310
[    2.681130] pci 0000:00:13.0: reg 0x10: [mem 0xfeb6c000-0xfeb6cfff]
[    2.681433] pci 0000:00:13.2: [1022:7808] type 00 class 0x0c0320
[    2.681469] pci 0000:00:13.2: reg 0x10: [mem 0xfeb6b000-0xfeb6b0ff]
[    2.681574] pci 0000:00:13.2: supports D1 D2
[    2.681584] pci 0000:00:13.2: PME# supported from D0 D1 D2 D3hot D3cold
[    2.681843] pci 0000:00:14.0: [1022:780b] type 00 class 0x0c0500
[    2.682148] pci 0000:00:14.2: [1022:780d] type 00 class 0x040300
[    2.682187] pci 0000:00:14.2: reg 0x10: [mem 0xfeb60000-0xfeb63fff 64bit]
[    2.682279] pci 0000:00:14.2: PME# supported from D0 D3hot D3cold
[    2.682528] pci 0000:00:14.3: [1022:780e] type 00 class 0x060100
[    2.682853] pci 0000:00:14.7: [1022:7813] type 00 class 0x080501
[    2.682888] pci 0000:00:14.7: reg 0x10: [mem 0xfeb6a000-0xfeb6a0ff 64bit]
[    2.683156] pci 0000:00:18.0: [1022:1530] type 00 class 0x060000
[    2.683417] pci 0000:00:18.1: [1022:1531] type 00 class 0x060000
[    2.683676] pci 0000:00:18.2: [1022:1532] type 00 class 0x060000
[    2.683933] pci 0000:00:18.3: [1022:1533] type 00 class 0x060000
[    2.684204] pci 0000:00:18.4: [1022:1534] type 00 class 0x060000
[    2.684468] pci 0000:00:18.5: [1022:1535] type 00 class 0x060000
[    2.684925] pci 0000:01:00.0: [168c:0032] type 00 class 0x028000
[    2.685008] pci 0000:01:00.0: reg 0x10: [mem 0xfea00000-0xfea7ffff 64bit]
[    2.685069] pci 0000:01:00.0: reg 0x30: [mem 0xfea80000-0xfea8ffff pref]
[    2.685232] pci 0000:01:00.0: supports D1 D2
[    2.685243] pci 0000:01:00.0: PME# supported from D0 D1 D2 D3hot D3cold
[    2.689119] pci 0000:00:02.2: PCI bridge to [bus 01]
[    2.689119] pci 0000:00:02.2:   bridge window [mem 0xfea00000-0xfeafffff]
[    2.690203] pci 0000:02:00.0: [10ec:8136] type 00 class 0x020000
[    2.690203] pci 0000:02:00.0: reg 0x10: [io  0xe000-0xe0ff]
[    2.690203] pci 0000:02:00.0: reg 0x18: [mem 0xd0804000-0xd0804fff 64bit pref]
[    2.690203] pci 0000:02:00.0: reg 0x20: [mem 0xd0800000-0xd0803fff 64bit pref]
[    2.690203] pci 0000:02:00.0: supports D1 D2
[    2.690203] pci 0000:02:00.0: PME# supported from D0 D1 D2 D3hot D3cold
[    2.690203] pci 0000:00:02.3: PCI bridge to [bus 02]
[    2.690203] pci 0000:00:02.3:   bridge window [io  0xe000-0xefff]
[    2.690203] pci 0000:00:02.3:   bridge window [mem 0xd0800000-0xd08fffff 64bit pref]
[    3.709996] rq->curr == THREAD(this messg)
[    3.709998] state TASK_RUNNING
[    3.710013] comm swapper/0 pid 1 state 2
[    3.710025] comm kthreadd pid 2 state 1
[    3.710033] comm rcu_gp pid 3 state 1026
[    3.710040] comm rcu_par_gp pid 4 state 1026
[    3.710047] comm kworker/0:0 pid 5 state 1026
[    3.710054] comm kworker/0:0H pid 6 state 1026
[    3.710061] comm kworker/u8:0 pid 7 state 1026
[    3.710069] comm mm_percpu_wq pid 8 state 1026
[    3.710076] comm ksoftirqd/0 pid 9 state 1
[    3.710083] comm rcu_sched pid 10 state 1026
[    3.710090] comm migration/0 pid 11 state 1
[    3.710097] comm cpuhp/0 pid 12 state 1
[    3.710104] comm cpuhp/1 pid 13 state 1
[    3.710111] comm migration/1 pid 14 state 1
[    3.710118] comm ksoftirqd/1 pid 15 state 1
[    3.710125] comm kworker/1:0 pid 16 state 1026
[    3.710132] comm kworker/1:0H pid 17 state 1026
[    3.710139] comm THREAD pid 18 state 0
[    3.710146] comm kdevtmpfs pid 19 state 1
[    3.710153] comm netns pid 20 state 1026
[    3.710160] comm kworker/u8:1 pid 21 state 1026
[    3.710167] comm kauditd pid 24 state 1
[    3.710174] comm kworker/0:1 pid 37 state 1026
[    3.710181] comm kworker/1:1 pid 38 state 1026
[    3.710188] comm kworker/u8:2 pid 313 state 0
[    3.710195] comm kworker/u8:3 pid 574 state 1026
[    3.710202] comm kworker/1:2 pid 575 state 1026
[    3.710209] comm oom_reaper pid 664 state 1
[    3.710216] comm writeback pid 736 state 1026
[    3.710224] comm kcompactd0 pid 738 state 1
[    3.710231] comm kblockd pid 787 state 1026
[    3.710239] comm kworker/u8:4 pid 815 state 1026
[    3.710245] proc in rq 0
[    3.710247] rq->nr_running rq->cfs.nr_running : 1 1
[    3.710257] rq->cfs.load.weight :  1048576
[    3.710258] ----------------^^^^CPU0^^^^^-----------------------
[    3.710264] rq->curr->pid == 1
[    3.710271] state TASK_RUNNING
[    3.710279] color, tsk->comm, weight, vruntime, state: 1 kworker/u8:2 1048576 344943328 0
[    3.710286] comm swapper/0 pid 1 state 0
[    3.710301] comm kthreadd pid 2 state 1
[    3.710307] comm rcu_gp pid 3 state 1026
[    3.710314] comm rcu_par_gp pid 4 state 1026
[    3.710321] comm kworker/0:0 pid 5 state 1026
[    3.710327] comm kworker/0:0H pid 6 state 1026
[    3.710334] comm kworker/u8:0 pid 7 state 1026
[    3.710341] comm mm_percpu_wq pid 8 state 1026
[    3.710347] comm ksoftirqd/0 pid 9 state 1
[    3.710354] comm rcu_sched pid 10 state 1026
[    3.710361] comm migration/0 pid 11 state 1
[    3.710367] comm cpuhp/0 pid 12 state 1
[    3.710374] comm cpuhp/1 pid 13 state 1
[    3.710380] comm migration/1 pid 14 state 1
[    3.710386] comm ksoftirqd/1 pid 15 state 1
[    3.710393] comm kworker/1:0 pid 16 state 1026
[    3.710400] comm kworker/1:0H pid 17 state 1026
[    3.710362] ACPI: PCI Interrupt Link [LNKA] (IRQs 4 7
[    3.710409] comm THREAD pid 18 state 0
[    3.710368]  10 11 14 15) *0
[    3.710427] comm kdevtmpfs pid 19 state 1
[    3.710433] comm netns pid 20 state 1026
[    3.710440] comm kworker/u8:1 pid 21 state 1026
[    3.710446] comm kauditd pid 24 state 1
[    3.710453] comm kworker/0:1 pid 37 state 1026
[    3.710459] comm kworker/1:1 pid 38 state 1026
[    3.710466] comm kworker/u8:2 pid 313 state 0
[    3.710473] comm kworker/u8:3 pid 574 state 1026
[    3.710479] comm kworker/1:2 pid 575 state 1026
[    3.710486] comm oom_reaper pid 664 state 1
[    3.710493] comm writeback pid 736 state 1026
[    3.710499] comm kcompactd0 pid 738 state 1
[    3.710506] comm kblockd pid 787 state 1026
[    3.710512] comm kworker/u8:4 pid 815 state 1026
[    3.710518] proc in rq 1
[    3.710520] rq->nr_running rq->cfs.nr_running : 2 2
[    3.710530] rq->cfs.load.weight :  2097152
[    3.710531] ----------------^^^^CPU1^^^^^-----------------------
[    3.710538] rq->curr->pid == 0
[    3.710544] state TASK_RUNNING
[    3.710551] comm swapper/0 pid 1 state 0
[    3.710561] comm kthreadd pid 2 state 1
[    3.710568] comm rcu_gp pid 3 state 1026
[    3.710574] comm rcu_par_gp pid 4 state 1026
[    3.710580] comm kworker/0:0 pid 5 state 1026
[    3.710587] comm kworker/0:0H pid 6 state 1026
[    3.710594] comm kworker/u8:0 pid 7 state 1026
[    3.710600] comm mm_percpu_wq pid 8 state 1026
[    3.710607] comm ksoftirqd/0 pid 9 state 1
[    3.710613] comm rcu_sched pid 10 state 1026
[    3.710620] comm migration/0 pid 11 state 1
[    3.710626] comm cpuhp/0 pid 12 state 1
[    3.710588] ACPI: PCI Interrupt Link [LNKB] (IRQs 4
[    3.710635] comm cpuhp/1 pid 13 state 1
[    3.710593]  7 10 11 14 15) *0
[    3.710647] comm migration/1 pid 14 state 1
[    3.710652] comm ksoftirqd/1 pid 15 state 1
[    3.710668] comm kworker/1:0 pid 16 state 1026
[    3.710675] comm kworker/1:0H pid 17 state 1026
[    3.710681] comm THREAD pid 18 state 0
[    3.710688] comm kdevtmpfs pid 19 state 1
[    3.710694] comm netns pid 20 state 1026
[    3.710701] comm kworker/u8:1 pid 21 state 1026
[    3.710707] comm kauditd pid 24 state 1
[    3.710714] comm kworker/0:1 pid 37 state 1026
[    3.710721] comm kworker/1:1 pid 38 state 1026
[    3.710727] comm kworker/u8:2 pid 313 state 0
[    3.710734] comm kworker/u8:3 pid 574 state 1026
[    3.710741] comm kworker/1:2 pid 575 state 1026
[    3.710747] comm oom_reaper pid 664 state 1
[    3.710754] comm writeback pid 736 state 1026
[    3.710760] comm kcompactd0 pid 738 state 1
[    3.710767] comm kblockd pid 787 state 1026
[    3.710774] comm kworker/u8:4 pid 815 state 1026
[    3.710779] proc in rq 0
[    3.710781] rq->nr_running rq->cfs.nr_running : 0 0
[    3.710791] rq->cfs.load.weight :  0
[    3.710793] ----------------^^^^CPU2^^^^^-----------------------
[    3.710799] rq->curr->pid == 0
[    3.710805] state TASK_RUNNING
[    3.710812] comm swapper/0 pid 1 state 0
[    3.710822] comm kthreadd pid 2 state 1
[    3.710829] comm rcu_gp pid 3 state 1026
[    3.710835] comm rcu_par_gp pid 4 state 1026
[    3.710842] comm kworker/0:0 pid 5 state 1026
[    3.710848] comm kworker/0:0H pid 6 state 1026
[    3.710855] comm kworker/u8:0 pid 7 state 1026
[    3.710861] comm mm_percpu_wq pid 8 state 1026
[    3.710868] comm ksoftirqd/0 pid 9 state 1
[    3.710874] comm rcu_sched pid 10 state 1026
[    3.710834] ACPI: PCI Interrupt Link [LNKC] (IRQs 4 7 10 11 14 15
[    3.710885] comm migration/0 pid 11 state 1
[    3.710844] ) *0
[    3.710893] comm cpuhp/0 pid 12 state 1
[    3.710897] comm cpuhp/1 pid 13 state 1
[    3.710916] comm migration/1 pid 14 state 1
[    3.710923] comm ksoftirqd/1 pid 15 state 1
[    3.710929] comm kworker/1:0 pid 16 state 1026
[    3.710936] comm kworker/1:0H pid 17 state 1026
[    3.710942] comm THREAD pid 18 state 0
[    3.710949] comm kdevtmpfs pid 19 state 1
[    3.710955] comm netns pid 20 state 1026
[    3.710961] comm kworker/u8:1 pid 21 state 1026
[    3.710968] comm kauditd pid 24 state 1
[    3.710974] comm kworker/0:1 pid 37 state 1026
[    3.710981] comm kworker/1:1 pid 38 state 1026
[    3.710988] comm kworker/u8:2 pid 313 state 0
[    3.710994] comm kworker/u8:3 pid 574 state 1026
[    3.711001] comm kworker/1:2 pid 575 state 1026
[    3.711007] comm oom_reaper pid 664 state 1
[    3.711014] comm writeback pid 736 state 1026
[    3.711020] comm kcompactd0 pid 738 state 1
[    3.711027] comm kblockd pid 787 state 1026
[    3.711033] comm kworker/u8:4 pid 815 state 1026
[    3.711039] proc in rq 0
[    3.711041] rq->nr_running rq->cfs.nr_running : 0 0
[    3.711051] rq->cfs.load.weight :  0
[    3.711052] ----------------^^^^CPU3^^^^^-----------------------
[    3.711077] ACPI: PCI Interrupt Link [LNKD] (IRQs 4 7 10 11 14 15) *0
[    3.711280] ACPI: PCI Interrupt Link [LNKE] (IRQs 4 7 10 11 14 15) *0
[    3.711441] ACPI: PCI Interrupt Link [LNKF] (IRQs 4 7 10 11 14 15) *0
[    3.711601] ACPI: PCI Interrupt Link [LNKG] (IRQs 4 7 10 11 14 15) *0
[    3.711760] ACPI: PCI Interrupt Link [LNKH] (IRQs 4 7 10 11 14 15) *0
[    3.713041] ACPI: EC: interrupt unblocked
[    3.713065] ACPI: EC: event unblocked
[    3.713082] ACPI: \_SB_.PCI0.SBRG.EC0_: GPE=0x3, EC_CMD/EC_SC=0x66, EC_DATA=0x62
[    3.713094] ACPI: \_SB_.PCI0.SBRG.EC0_: Boot DSDT EC used to handle transactions and events
[    3.713498] pci 0000:00:01.0: vgaarb: setting as boot VGA device
[    3.713498] pci 0000:00:01.0: vgaarb: VGA device added: decodes=io+mem,owns=io+mem,locks=none
[    3.713498] pci 0000:00:01.0: vgaarb: bridge control possible
[    3.713498] vgaarb: loaded
[    3.713498] SCSI subsystem initialized
[    3.713498] libata version 3.00 loaded.
[    3.713498] ACPI: bus type USB registered
[    3.713498] usbcore: registered new interface driver usbfs
[    3.713498] usbcore: registered new interface driver hub
[    3.715000] usbcore: registered new device driver usb
[    3.715302] pps_core: LinuxPPS API ver. 1 registered
[    3.715302] pps_core: Software ver. 5.3.6 - Copyright 2005-2007 Rodolfo Giometti <giometti@linux.it>
[    3.715302] PTP clock support registered
[    3.715497] EDAC MC: Ver: 3.0.0
[    3.715497] Registered efivars operations
[    3.719977] Advanced Linux Sound Architecture Driver Initialized.
[    3.719977] PCI: Using ACPI for IRQ routing
[    3.726125] PCI: pci_cache_line_size set to 64 bytes
[    3.726237] e820: reserve RAM buffer [mem 0x9d0f8000-0x9fffffff]
[    3.726242] e820: reserve RAM buffer [mem 0x9d371000-0x9fffffff]
[    3.726247] e820: reserve RAM buffer [mem 0x9e9cc000-0x9fffffff]
[    3.726251] e820: reserve RAM buffer [mem 0x9eb25000-0x9fffffff]
[    3.726254] e820: reserve RAM buffer [mem 0x9f081000-0x9fffffff]
[    3.726257] e820: reserve RAM buffer [mem 0x9f400000-0x9fffffff]
[    3.726260] e820: reserve RAM buffer [mem 0x13f000000-0x13fffffff]
[    3.726630] NetLabel: Initializing
[    3.726640] NetLabel:  domain hash size = 128
[    3.726646] NetLabel:  protocols = UNLABELED CIPSOv4 CALIPSO
[    3.726701] NetLabel:  unlabeled traffic allowed by default
[    3.730077] hpet0: at MMIO 0xfed00000, IRQs 2, 8, 0
[    3.730077] hpet0: 3 comparators, 32-bit 14.318180 MHz counter
[    3.736560] clocksource: Switched to clocksource tsc-early
[    3.791820] VFS: Disk quotas dquot_6.6.0
[    3.791887] VFS: Dquot-cache hash table entries: 512 (order 0, 4096 bytes)
[    3.791978] *** VALIDATE hugetlbfs ***
[    3.792087] pnp: PnP ACPI init
[    3.792588] system 00:00: [mem 0xe0000000-0xefffffff] has been reserved
[    3.792685] system 00:00: Plug and Play ACPI device, IDs PNP0c01 (active)
[    3.792950] system 00:01: [mem 0xa0000000-0xbfffffff] has been reserved
[    3.793026] system 00:01: Plug and Play ACPI device, IDs PNP0c02 (active)
[    3.793296] system 00:02: Plug and Play ACPI device, IDs PNP0c02 (active)
[    3.793446] pnp 00:03: Plug and Play ACPI device, IDs PNP0b00 (active)
[    3.793680] system 00:04: [io  0x04d0-0x04d1] has been reserved
[    3.793753] system 00:04: Plug and Play ACPI device, IDs PNP0c02 (active)
[    3.794020] pnp 00:05: Plug and Play ACPI device, IDs ETD0108 SYN0a00 SYN0002 PNP0f03 PNP0f13 PNP0f12 (active)
[    3.794196] pnp 00:06: Plug and Play ACPI device, IDs ATK3001 PNP030b (active)
[    3.795009] system 00:07: [io  0x04d0-0x04d1] has been reserved
[    3.795023] system 00:07: [io  0x040b] has been reserved
[    3.795033] system 00:07: [io  0x04d6] has been reserved
[    3.795044] system 00:07: [io  0x0c00-0x0c01] has been reserved
[    3.795055] system 00:07: [io  0x0c14] has been reserved
[    3.795066] system 00:07: [io  0x0c50-0x0c51] has been reserved
[    3.795076] system 00:07: [io  0x0c52] has been reserved
[    3.795086] system 00:07: [io  0x0c6c] has been reserved
[    3.795097] system 00:07: [io  0x0c6f] has been reserved
[    3.795107] system 00:07: [io  0x0cd0-0x0cd1] has been reserved
[    3.795117] system 00:07: [io  0x0cd2-0x0cd3] has been reserved
[    3.795128] system 00:07: [io  0x0cd4-0x0cd5] has been reserved
[    3.795139] system 00:07: [io  0x0cd6-0x0cd7] has been reserved
[    3.795149] system 00:07: [io  0x0cd8-0x0cdf] has been reserved
[    3.795160] system 00:07: [io  0x0800-0x089f] has been reserved
[    3.795175] system 00:07: [io  0x0900-0x090f] has been reserved
[    3.795186] system 00:07: [io  0x0910-0x091f] has been reserved
[    3.795197] system 00:07: [io  0xfe00-0xfefe] has been reserved
[    3.795211] system 00:07: [mem 0xfec00000-0xfec00fff] could not be reserved
[    3.795222] system 00:07: [mem 0xfee00000-0xfee00fff] has been reserved
[    3.795234] system 00:07: [mem 0xfed80000-0xfed8ffff] has been reserved
[    3.795245] system 00:07: [mem 0xfed61000-0xfed70fff] has been reserved
[    3.795256] system 00:07: [mem 0xfec10000-0xfec10fff] has been reserved
[    3.795268] system 00:07: [mem 0xfed00000-0xfed00fff] could not be reserved
[    3.795279] system 00:07: [mem 0xff000000-0xffffffff] has been reserved
[    3.795350] system 00:07: Plug and Play ACPI device, IDs PNP0c02 (active)
[    3.796212] pnp: PnP ACPI: found 8 devices
[    3.811347] clocksource: acpi_pm: mask: 0xffffff max_cycles: 0xffffff, max_idle_ns: 2085701024 ns
[    3.812219] pci 0000:00:02.2: PCI bridge to [bus 01]
[    3.812243] pci 0000:00:02.2:   bridge window [mem 0xfea00000-0xfeafffff]
[    3.812262] pci 0000:00:02.3: PCI bridge to [bus 02]
[    3.812275] pci 0000:00:02.3:   bridge window [io  0xe000-0xefff]
[    3.812291] pci 0000:00:02.3:   bridge window [mem 0xd0800000-0xd08fffff 64bit pref]
[    3.812315] pci_bus 0000:00: resource 4 [io  0x0000-0x03af window]
[    3.812326] pci_bus 0000:00: resource 5 [io  0x03e0-0x0cf7 window]
[    3.812337] pci_bus 0000:00: resource 6 [io  0x03b0-0x03df window]
[    3.812347] pci_bus 0000:00: resource 7 [io  0x0d00-0xffff window]
[    3.812358] pci_bus 0000:00: resource 8 [mem 0x000a0000-0x000bffff window]
[    3.812368] pci_bus 0000:00: resource 9 [mem 0x000c0000-0x000dffff window]
[    3.812379] pci_bus 0000:00: resource 10 [mem 0xc0000000-0xffffffff window]
[    3.812390] pci_bus 0000:01: resource 1 [mem 0xfea00000-0xfeafffff]
[    3.812400] pci_bus 0000:02: resource 0 [io  0xe000-0xefff]
[    3.812410] pci_bus 0000:02: resource 2 [mem 0xd0800000-0xd08fffff 64bit pref]
[    3.812688] NET: Registered protocol family 2
[    3.820120] tcp_listen_portaddr_hash hash table entries: 2048 (order: 3, 32768 bytes, linear)
[    3.820157] TCP established hash table entries: 32768 (order: 6, 262144 bytes, linear)
[    3.820315] TCP bind hash table entries: 32768 (order: 7, 524288 bytes, linear)
[    3.820566] TCP: Hash tables configured (established 32768 bind 32768)
[    3.820711] UDP hash table entries: 2048 (order: 4, 65536 bytes, linear)
[    3.820763] UDP-Lite hash table entries: 2048 (order: 4, 65536 bytes, linear)
[    3.820951] NET: Registered protocol family 1
[    3.821345] RPC: Registered named UNIX socket transport module.
[    3.821356] RPC: Registered udp transport module.
[    3.821363] RPC: Registered tcp transport module.
[    3.821369] RPC: Registered tcp NFSv4.1 backchannel transport module.
[    3.821965] pci 0000:00:01.0: Video device with shadowed ROM at [mem 0x000c0000-0x000dffff]
[    3.821992] pci 0000:00:01.1: D0 power state depends on 0000:00:01.0
[    3.822495] pci 0000:00:12.0: enabling device (0000 -> 0002)
[    3.823121] pci 0000:00:12.2: PME# does not work under D3, disabling it
[    3.823146] pci 0000:00:13.0: enabling device (0000 -> 0002)
[    3.823757] pci 0000:00:13.2: PME# does not work under D3, disabling it
[    3.823855] PCI: CLS 64 bytes, default 64
[    3.823995] PCI-DMA: Using software bounce buffering for IO (SWIOTLB)
[    3.824006] software IO TLB: mapped [mem 0x97989000-0x9b989000] (64MB)
[    3.824215] amd_uncore: AMD NB counters detected
[    3.824231] amd_uncore: AMD LLC counters detected
[    3.824335] LVT offset 0 assigned for vector 0x400
[    3.824386] perf: AMD IBS detected (0x000000ff)
[    3.824407] kvm: no hardware support
[    3.824504] kvm: Nested Virtualization enabled
[    3.824517] kvm: Nested Paging enabled
[    3.825554] check: Scanning for low memory corruption every 60 seconds
[    3.828032] Initialise system trusted keyrings
[    3.829820] workingset: timestamp_bits=56 max_order=20 bucket_order=0
[    3.842402] fuse: init (API version 7.31)
[    3.860367] Key type asymmetric registered
[    3.860386] Asymmetric key parser 'x509' registered
[    3.860443] Block layer SCSI generic (bsg) driver version 0.4 loaded (major 249)
[    3.860456] io scheduler mq-deadline registered
[    3.860464] io scheduler kyber registered
[    3.861163] pcieport 0000:00:02.2: PME: Signaling with IRQ 25
[    3.861613] pcieport 0000:00:02.3: PME: Signaling with IRQ 27
[    3.862741] uvesafb: failed to execute /sbin/v86d
[    3.862754] uvesafb: make sure that the v86d helper is installed and executable
[    3.862766] uvesafb: Getting VBE info block failed (eax=0x4f00, err=-2)
[    3.862774] uvesafb: vbe_init() failed with -22
[    3.862791] uvesafb: probe of uvesafb.0 failed with error -22
[    3.862858] efifb: probing for efifb
[    3.862902] efifb: framebuffer at 0xc0000000, using 4224k, total 4224k
[    3.862912] efifb: mode is 1366x768x32, linelength=5632, pages=1
[    3.862919] efifb: scrolling: redraw
[    3.862927] efifb: Truecolor: size=8:8:8:8, shift=24:16:8:0
[    3.873501] Console: switching to colour frame buffer device 170x48
[    3.883826] fb0: EFI VGA frame buffer device
[    3.890274] ACPI: AC Adapter [AC0] (on-line)
[    3.890552] input: Power Button as /devices/LNXSYSTM:00/LNXSYBUS:00/PNP0C0C:00/input/input0
[    3.890706] ACPI: Power Button [PWRB]
[    3.890893] input: Lid Switch as /devices/LNXSYSTM:00/LNXSYBUS:00/PNP0C0D:00/input/input1
[    3.891041] ACPI: Lid Switch [LID]
[    3.891206] input: Sleep Button as /devices/LNXSYSTM:00/LNXSYBUS:00/PNP0C0E:00/input/input2
[    3.891660] ACPI: Sleep Button [SLPB]
[    3.891845] input: Power Button as /devices/LNXSYSTM:00/LNXPWRBN:00/input/input3
[    3.892065] ACPI: Power Button [PWRF]
[    3.896376] thermal LNXTHERM:00: registered as thermal_zone0
[    3.896482] ACPI: Thermal Zone [THRM] (78 C)
[    3.898105] Serial: 8250/16550 driver, 4 ports, IRQ sharing enabled
[    3.903440] Non-volatile memory driver v1.3
[    3.903643] Linux agpgart interface v0.103
[    3.913024] loop: module loaded
[    3.913714] ahci 0000:00:11.0: version 3.0
[    3.914182] ahci 0000:00:11.0: AHCI 0001.0300 32 slots 2 ports 6 Gbps 0x3 impl SATA mode
[    3.914322] ahci 0000:00:11.0: flags: 64bit ncq sntf ilck pm led clo pmp pio slum part 
[    3.919161] scsi host0: ahci
[    3.923105] scsi host1: ahci
[    3.926423] ata1: SATA max UDMA/133 abar m1024@0xfeb6f000 port 0xfeb6f100 irq 28
[    3.929590] ata2: SATA max UDMA/133 abar m1024@0xfeb6f000 port 0xfeb6f180 irq 28
[    3.934223] tun: Universal TUN/TAP device driver, 1.6
[    3.937658] e1000: Intel(R) PRO/1000 Network Driver - version 7.3.21-k8-NAPI
[    3.940863] e1000: Copyright (c) 1999-2006 Intel Corporation.
[    3.944576] e1000e: Intel(R) PRO/1000 Network Driver - 3.2.6-k
[    3.947693] e1000e: Copyright(c) 1999 - 2015 Intel Corporation.
[    3.950968] sky2: driver version 1.30
[    3.954271] r8169 0000:02:00.0: can't disable ASPM; OS doesn't have ASPM control
[    3.958451] libphy: r8169: probed
[    3.964523] r8169 0000:02:00.0 eth0: RTL8105e, 74:d0:2b:a3:a6:42, XID 40a, IRQ 30
[    3.968602] ath9k 0000:01:00.0: enabling device (0000 -> 0002)
[    3.972922] ath: phy0: Disable PLL PowerSave
[    3.983246] ath: phy0: ASPM enabled: 0x42
[    3.986423] ath: EEPROM regdomain: 0x60
[    3.986425] ath: EEPROM indicates we should expect a direct regpair map
[    3.986430] ath: Country alpha2 being used: 00
[    3.986432] ath: Regpair used: 0x60
[    3.993799] ieee80211 phy0: Selected rate control algorithm 'minstrel_ht'
[    3.994560] ieee80211 phy0: Atheros AR9485 Rev:1 mem=0xffff995182c80000, irq=31
[    3.998453] ehci_hcd: USB 2.0 'Enhanced' Host Controller (EHCI) Driver
[    4.001747] ehci-pci: EHCI PCI platform driver
[    4.005513] ehci-pci 0000:00:12.2: EHCI Host Controller
[    4.008924] ehci-pci 0000:00:12.2: new USB bus registered, assigned bus number 1
[    4.012220] ehci-pci 0000:00:12.2: applying AMD SB700/SB800/Hudson-2/3 EHCI dummy qh workaround
[    4.015546] ehci-pci 0000:00:12.2: debug port 1
[    4.018905] ehci-pci 0000:00:12.2: irq 17, io mem 0xfeb6d000
[    4.026231] battery: ACPI: Battery Slot [BAT0] (battery present)
[    4.050032] ehci-pci 0000:00:12.2: USB 2.0 started, EHCI 1.00
[    4.053444] usb usb1: New USB device found, idVendor=1d6b, idProduct=0002, bcdDevice= 5.02
[    4.056764] usb usb1: New USB device strings: Mfr=3, Product=2, SerialNumber=1
[    4.060052] usb usb1: Product: EHCI Host Controller
[    4.063265] usb usb1: Manufacturer: Linux 5.2.0+ ehci_hcd
[    4.066432] usb usb1: SerialNumber: 0000:00:12.2
[    4.069935] hub 1-0:1.0: USB hub found
[    4.073022] hub 1-0:1.0: 4 ports detected
[    4.078342] ehci-pci 0000:00:13.2: EHCI Host Controller
[    4.081527] ehci-pci 0000:00:13.2: new USB bus registered, assigned bus number 2
[    4.084530] ehci-pci 0000:00:13.2: applying AMD SB700/SB800/Hudson-2/3 EHCI dummy qh workaround
[    4.087566] ehci-pci 0000:00:13.2: debug port 1
[    4.090667] ehci-pci 0000:00:13.2: irq 17, io mem 0xfeb6b000
[    4.120027] ehci-pci 0000:00:13.2: USB 2.0 started, EHCI 1.00
[    4.123082] usb usb2: New USB device found, idVendor=1d6b, idProduct=0002, bcdDevice= 5.02
[    4.126126] usb usb2: New USB device strings: Mfr=3, Product=2, SerialNumber=1
[    4.129128] usb usb2: Product: EHCI Host Controller
[    4.132109] usb usb2: Manufacturer: Linux 5.2.0+ ehci_hcd
[    4.135044] usb usb2: SerialNumber: 0000:00:13.2
[    4.138399] hub 2-0:1.0: USB hub found
[    4.141350] hub 2-0:1.0: 4 ports detected
[    4.146446] ohci_hcd: USB 1.1 'Open' Host Controller (OHCI) Driver
[    4.149458] ohci-pci: OHCI PCI platform driver
[    4.152699] ohci-pci 0000:00:12.0: OHCI PCI host controller
[    4.155803] ohci-pci 0000:00:12.0: new USB bus registered, assigned bus number 3
[    4.158839] ohci-pci 0000:00:12.0: irq 18, io mem 0xfeb6e000
[    4.234149] usb usb3: New USB device found, idVendor=1d6b, idProduct=0001, bcdDevice= 5.02
[    4.237135] usb usb3: New USB device strings: Mfr=3, Product=2, SerialNumber=1
[    4.240087] usb usb3: Product: OHCI PCI host controller
[    4.242988] usb usb3: Manufacturer: Linux 5.2.0+ ohci_hcd
[    4.245850] usb usb3: SerialNumber: 0000:00:12.0
[    4.249078] hub 3-0:1.0: USB hub found
[    4.251989] hub 3-0:1.0: 4 ports detected
[    4.257109] ohci-pci 0000:00:13.0: OHCI PCI host controller
[    4.260146] ohci-pci 0000:00:13.0: new USB bus registered, assigned bus number 4
[    4.262990] ohci-pci 0000:00:13.0: irq 18, io mem 0xfeb6c000
[    4.265805] ata2: SATA link down (SStatus 0 SControl 300)
[    4.334146] usb usb4: New USB device found, idVendor=1d6b, idProduct=0001, bcdDevice= 5.02
[    4.337001] usb usb4: New USB device strings: Mfr=3, Product=2, SerialNumber=1
[    4.339825] usb usb4: Product: OHCI PCI host controller
[    4.342626] usb usb4: Manufacturer: Linux 5.2.0+ ohci_hcd
[    4.345433] usb usb4: SerialNumber: 0000:00:13.0
[    4.348573] hub 4-0:1.0: USB hub found
[    4.351351] hub 4-0:1.0: 4 ports detected
[    4.356195] uhci_hcd: USB Universal Host Controller Interface driver
[    4.359145] usbcore: registered new interface driver usblp
[    4.362214] usbcore: registered new interface driver usb-storage
[    4.365071] usbcore: registered new interface driver ch341
[    4.367762] usbserial: USB Serial support registered for ch341-uart
[    4.370775] i8042: PNP: PS/2 Controller [PNP030b:PS2K,PNP0f03:PS2M] at 0x60,0x64 irq 1,12
[    4.375564] i8042: Detected active multiplexing controller, rev 1.1
[    4.379381] serio: i8042 KBD port at 0x60,0x64 irq 1
[    4.382296] serio: i8042 AUX0 port at 0x60,0x64 irq 12
[    4.385151] serio: i8042 AUX1 port at 0x60,0x64 irq 12
[    4.387927] serio: i8042 AUX2 port at 0x60,0x64 irq 12
[    4.390584] serio: i8042 AUX3 port at 0x60,0x64 irq 12
[    4.393986] mousedev: PS/2 mouse device common for all mice
[    4.397572] rtc_cmos 00:03: RTC can wake from S4
[    4.400624] rtc_cmos 00:03: registered as rtc0
[    4.403234] rtc_cmos 00:03: alarms up to one month, y3k, 114 bytes nvram, hpet irqs
[    4.406436] device-mapper: ioctl: 4.40.0-ioctl (2019-01-18) initialised: dm-devel@redhat.com
[    4.409314] EFI Variables Facility v0.08 2004-May-17
[    4.422017] hidraw: raw HID events driver (C) Jiri Kosina
[    4.428191] usbcore: registered new interface driver usbhid
[    4.430957] usbhid: USB HID core driver
[    4.433676] ata1: SATA link up 6.0 Gbps (SStatus 133 SControl 300)
[    4.439391] input: AT Translated Set 2 keyboard as /devices/platform/i8042/serio0/input/input4
[    4.444016] ata1.00: ATA-8: KINGSTON SV300S37A120G, 603ABBF0, max UDMA/133
[    4.446885] ata1.00: 234441648 sectors, multi 1: LBA48 NCQ (depth 32), AA
[    4.447657] snd_hda_intel 0000:00:01.1: enabling device (0000 -> 0002)
[    4.454239] snd_hda_intel 0000:00:01.1: Force to non-snoop mode
[    4.455155] ata1.00: configured for UDMA/133
[    4.460099] scsi 0:0:0:0: Direct-Access     ATA      KINGSTON SV300S3 BBF0 PQ: 0 ANSI: 5
[    4.463647] sd 0:0:0:0: [sda] 234441648 512-byte logical blocks: (120 GB/112 GiB)
[    4.466550] sd 0:0:0:0: [sda] Write Protect is off
[    4.469420] sd 0:0:0:0: [sda] Mode Sense: 00 3a 00 00
[    4.469718] sd 0:0:0:0: Attached scsi generic sg0 type 0
[    4.473372] Initializing XFRM netlink socket
[    4.476549] sd 0:0:0:0: [sda] Write cache: enabled, read cache: enabled, doesn't support DPO or FUA
[    4.478361] random: fast init done
[    4.482326] snd_hda_codec_generic hdaudioC0D0: autoconfig for Generic: line_outs=0 (0x0/0x0/0x0/0x0/0x0) type:line
[    4.485519] snd_hda_codec_generic hdaudioC0D0:    speaker_outs=0 (0x0/0x0/0x0/0x0/0x0)
[    4.486225] snd_hda_codec_realtek hdaudioC1D0: autoconfig for ALC3229: line_outs=1 (0x14/0x0/0x0/0x0/0x0) type:speaker
[    4.488550] snd_hda_codec_generic hdaudioC0D0:    hp_outs=0 (0x0/0x0/0x0/0x0/0x0)
[    4.488556] snd_hda_codec_generic hdaudioC0D0:    mono: mono_out=0x0
[    4.491685] snd_hda_codec_realtek hdaudioC1D0:    speaker_outs=0 (0x0/0x0/0x0/0x0/0x0)
[    4.491693] snd_hda_codec_realtek hdaudioC1D0:    hp_outs=1 (0x21/0x0/0x0/0x0/0x0)
[    4.494793] snd_hda_codec_generic hdaudioC0D0:    dig-out=0x3/0x0
[    4.497870] snd_hda_codec_realtek hdaudioC1D0:    mono: mono_out=0x0
[    4.500991] snd_hda_codec_generic hdaudioC0D0:    inputs:
[    4.502233] NET: Registered protocol family 10
[    4.504123] snd_hda_codec_realtek hdaudioC1D0:    inputs:
[    4.508177] Segment Routing with IPv6
[    4.510263] snd_hda_codec_realtek hdaudioC1D0:      Mic=0x19
[    4.521258]  sda: sda1 sda2 sda3 sda4 sda5 sda6
[    4.529453] input: HDA ATI HDMI HDMI as /devices/pci0000:00/0000:00:01.1/sound/card0/input6
[    4.530279] sd 0:0:0:0: [sda] Attached SCSI disk
[    4.533200] sit: IPv6, IPv4 and MPLS over IPv4 tunneling driver
[    4.540409] NET: Registered protocol family 17
[    4.544408] microcode: CPU0: patch_level=0x0700010b
[    4.547662] microcode: CPU1: patch_level=0x0700010b
[    4.551396] microcode: Microcode Update Driver: v2.2.
[    4.551434] sched_clock: Marking stable (4549835222, 1504829)->(4671072938, -119732887)
[    4.558687] registered taskstats version 1
[    4.561924] Loading compiled-in X.509 certificates
[    4.567200] acpi_cpufreq: overriding BIOS provided _PSD data
[    4.571450] cfg80211: Loading compiled-in X.509 certificates for regulatory database
[    4.576105] cfg80211: Loaded X.509 cert 'sforshee: 00b28ddf47aef9cea7'
[    4.579357] ALSA device list:
[    4.580581] input: HD-Audio Generic Headphone as /devices/pci0000:00/0000:00:14.2/sound/card1/input10
[    4.582840] platform regulatory.0: Direct firmware load for regulatory.db failed with error -2
[    4.589145] cfg80211: failed to load regulatory.db
[    4.592480]   #0: HDA ATI HDMI at 0xfeb64000 irq 33
[    4.595726]   #1: HD-Audio Generic at 0xfeb60000 irq 16
[    4.800020] usb 4-2: new full-speed USB device number 2 using ohci-pci
[    4.900017] tsc: Refined TSC clocksource calibration: 998.127 MHz
[    4.903296] clocksource: tsc: mask: 0xffffffffffffffff max_cycles: 0x1cc65b93289, max_idle_ns: 881590487074 ns
[    5.000092] clocksource: Switched to clocksource tsc
[    5.133064] usb 4-2: New USB device found, idVendor=13d3, idProduct=3362, bcdDevice= 0.01
[    5.136511] usb 4-2: New USB device strings: Mfr=1, Product=2, SerialNumber=3
[    5.139935] usb 4-2: Product: Bluetooth USB Host Controller
[    5.143313] usb 4-2: Manufacturer: Atheros Communications
[    5.146624] usb 4-2: SerialNumber: Alaska Day 2006
[    5.331654] input: PS/2 Logitech Wheel Mouse as /devices/platform/i8042/serio4/input/input14
[    5.337751] md: Waiting for all devices to be available before autodetect
[    5.341027] md: If you don't use raid, use raid=noautodetect
[    5.344694] md: Autodetecting RAID arrays.
[    5.347915] md: autorun ...
[    5.351101] md: ... autorun DONE.
[    5.362191] EXT4-fs (sda2): mounted filesystem with ordered data mode. Opts: (null)
[    5.365516] VFS: Mounted root (ext4 filesystem) readonly on device 8:2.
[    5.369942] devtmpfs: mounted
[    5.374159] Freeing unused kernel image memory: 1304K
[    5.470032] usb 2-3: new high-speed USB device number 3 using ehci-pci
[    5.690032] Write protecting the kernel read-only data: 22528k
[    5.695044] Freeing unused kernel image memory: 1984K
[    5.699608] Freeing unused kernel image memory: 1652K
[    5.703050] Run /sbin/init as init process
[    5.708640] usb 2-3: New USB device found, idVendor=04f2, idProduct=b404, bcdDevice=69.63
[    5.711957] usb 2-3: New USB device strings: Mfr=3, Product=1, SerialNumber=2
[    5.715248] usb 2-3: Product: USB2.0 HD UVC WebCam
[    5.718510] usb 2-3: Manufacturer: Chicony Electronics Co.,Ltd.
[    5.721803] usb 2-3: SerialNumber: 0x0001
[    5.774656] stty (1765) used greatest stack depth: 13672 bytes left
[    5.863328] echo (1776) used greatest stack depth: 13520 bytes left
[    6.040624] ip (1823) used greatest stack depth: 12496 bytes left
[    6.130411] udevd[1853]: starting version 3.2.1
[    6.139826] random: udevd: uninitialized urandom read (16 bytes read)
[    6.143999] random: udevd: uninitialized urandom read (16 bytes read)
[    6.147946] random: udevd: uninitialized urandom read (16 bytes read)
[    6.166756] udevd[1854]: starting eudev-3.2.1
[    6.542594] ath9k 0000:01:00.0 wlp1s0: renamed from wlan0
[    6.602003] r8169 0000:02:00.0 enp2s0: renamed from eth0
[    6.640437] rq->curr->pid == 1942
[    6.640440] state TASK_RUNNING
[    6.643941] color, tsk->comm, weight, vruntime, state: -126958260392808 kworker/u8:5 1048576 5816041733 0
[    6.647385] color, tsk->comm, weight, vruntime, state: -126958280840040 udevd 1048576 5822283309 0
[    6.650926] color, tsk->comm, weight, vruntime, state: -126958260392807 udevadm 1048576 5822299255 0
[    6.654399] color, tsk->comm, weight, vruntime, state: -126958260392807 udevd 1048576 5832027000 0
[    6.657798] comm init pid 1 state 1
[    6.664570] comm kthreadd pid 2 state 1
[    6.667911] comm rcu_gp pid 3 state 1026
[    6.671204] comm rcu_par_gp pid 4 state 1026
[    6.674434] comm kworker/0:0 pid 5 state 1026
[    6.677624] comm kworker/0:0H pid 6 state 1026
[    6.680787] comm kworker/u8:0 pid 7 state 1026
[    6.683911] comm mm_percpu_wq pid 8 state 1026
[    6.687024] comm ksoftirqd/0 pid 9 state 1
[    6.690104] comm rcu_sched pid 10 state 1026
[    6.693137] comm migration/0 pid 11 state 1
[    6.696127] comm cpuhp/0 pid 12 state 1
[    6.699110] comm cpuhp/1 pid 13 state 1
[    6.702042] comm migration/1 pid 14 state 1
[    6.704913] comm ksoftirqd/1 pid 15 state 0
[    6.707748] comm kworker/1:0 pid 16 state 1026
[    6.710627] comm kworker/1:0H pid 17 state 1026
[    6.713463] comm THREAD pid 18 state 0
[    6.716232] comm kdevtmpfs pid 19 state 1
[    6.718968] comm netns pid 20 state 1026
[    6.721673] comm kworker/u8:1 pid 21 state 1026
[    6.724367] comm kauditd pid 24 state 1
[    6.727021] comm kworker/0:1 pid 37 state 1026
[    6.729690] comm kworker/1:1 pid 38 state 1026
[    6.732282] comm kworker/u8:2 pid 313 state 1026
[    6.734763] comm kworker/u8:3 pid 574 state 1026
[    6.737046] comm kworker/1:2 pid 575 state 1026
[    6.739156] comm oom_reaper pid 664 state 1
[    6.741175] comm writeback pid 736 state 1026
[    6.743198] comm kcompactd0 pid 738 state 1
[    6.745127] comm kblockd pid 787 state 1026
[    6.746993] comm kworker/u8:4 pid 815 state 1026
[    6.748889] comm ata_sff pid 957 state 1026
[    6.750804] comm md pid 977 state 1026
[    6.752673] comm edac-poller pid 980 state 1026
[    6.754549] comm rpciod pid 1091 state 1026
[    6.756441] comm kworker/u9:0 pid 1092 state 1026
[    6.758300] comm xprtiod pid 1093 state 1026
[    6.760197] comm cfg80211 pid 1096 state 1026
[    6.762013] comm kswapd0 pid 1106 state 1
[    6.763814] comm nfsiod pid 1245 state 1026
[    6.765598] comm acpi_thermal_pm pid 1295 state 1026
[    6.767417] comm scsi_eh_0 pid 1353 state 1
[    6.769161] comm scsi_tmf_0 pid 1354 state 1026
[    6.770948] comm scsi_eh_1 pid 1358 state 1
[    6.772717] comm scsi_tmf_1 pid 1359 state 1026
[    6.774527] comm kworker/1:3 pid 1459 state 1026
[    6.776334] comm dm_bufio_cache pid 1469 state 1026
[    6.778153] comm kworker/1:4 pid 1611 state 1026
[    6.780011] comm kworker/u8:5 pid 1683 state 1026
[    6.781865] comm kworker/0:2 pid 1684 state 1026
[    6.783691] comm kworker/1:1H pid 1687 state 1026
[    6.785510] comm kworker/0:1H pid 1688 state 1026
[    6.787289] comm ipv6_addrconf pid 1697 state 1026
[    6.789079] comm kworker/1:5 pid 1702 state 1026
[    6.790919] comm jbd2/sda2-8 pid 1755 state 1
[    6.792726] comm ext4-rsv-conver pid 1756 state 1026
[    6.794561] comm init pid 1762 state 1
[    6.796406] comm rc pid 1763 state 1
[    6.798273] comm S10udev pid 1839 state 1
[    6.800146] comm udevd pid 1854 state 0
[    6.802004] comm udevd pid 1856 state 1
[    6.803851] comm udevd pid 1859 state 0
[    6.805657] comm udevd pid 1907 state 1
[    6.807415] comm udevd pid 1908 state 1
[    6.809134] comm udevd pid 1909 state 2
[    6.810863] comm udevd pid 1910 state 1
[    6.812552] comm udevd pid 1940 state 1
[    6.814254] comm udevd pid 1941 state 1
[    6.815935] comm udevd pid 1942 state 2
[    6.817588] comm udevd pid 1943 state 1
[    6.819210] comm udevd pid 2074 state 2
[    6.820818] comm udevd pid 2075 state 1
[    6.822382] comm udevadm pid 2688 state 0
[    6.823933] comm udevd pid 2701 state 0
[    6.825447] comm kworker/u8:5 pid 2715 state 0
[    6.826971] comm kworker/u8:5 pid 2717 state 0
[    6.828460] comm kworker/u8:5 pid 2719 state 0
[    6.829934] comm kworker/u8:5 pid 2721 state 0
[    6.831378] comm kworker/u8:5 pid 2723 state 0
[    6.832786] comm kworker/u8:5 pid 2725 state 0
[    6.834155] comm kworker/u8:5 pid 2727 state 0
[    6.835505] comm kworker/u8:5 pid 2729 state 0
[    6.836818] comm kworker/u8:5 pid 2731 state 0
[    6.838077] comm kworker/u8:5 pid 2733 state 0
[    6.839290] comm kworker/u8:5 pid 2735 state 0
[    6.840490] comm kworker/u8:5 pid 2737 state 0
[    6.841643] comm kworker/u8:5 pid 2739 state 0
[    6.842765] comm kworker/u8:5 pid 2741 state 0
[    6.843853] comm kworker/u8:5 pid 2743 state 0
[    6.844903] comm kworker/u8:5 pid 2745 state 0
[    6.844982] [drm] radeon kernel modesetting enabled.
[    6.845914] comm kworker/u8:5 pid 2747 state 0
[    6.847049] radeon 0000:00:01.0: remove_conflicting_pci_framebuffers: bar 0: 0xc0000000 -> 0xcfffffff
[    6.847984] comm kworker/u8:5 pid 2749 state 0
[    6.849170] radeon 0000:00:01.0: remove_conflicting_pci_framebuffers: bar 2: 0xd0000000 -> 0xd07fffff
[    6.850394] comm kworker/u8:5 pid 2751 state 0
[    6.850397] comm kworker/u8:5 pid 2753 state 0
[    6.850402] comm kworker/u8:5 pid 2755 state 0
[    6.851753] radeon 0000:00:01.0: remove_conflicting_pci_framebuffers: bar 5: 0xfeb00000 -> 0xfeb3ffff
[    6.853098] comm kworker/u8:5 pid 2757 state 0
[    6.858592] comm kworker/u8:5 pid 2759 state 0
[    6.860042] comm kworker/u8:5 pid 2761 state 0
[    6.861443] comm kworker/u8:5 pid 2763 state 0
[    6.862828] comm kworker/u8:5 pid 2765 state 0
[    6.864200] comm kworker/u8:5 pid 2767 state 0
[    6.865572] comm kworker/u8:5 pid 2769 state 0
[    6.866943] comm kworker/u8:5 pid 2806 state 0
[    6.868313] comm kworker/u8:5 pid 2808 state 0
[    6.869676] comm kworker/u8:5 pid 2810 state 0
[    6.871054] comm kworker/u8:5 pid 2812 state 0
[    6.872423] comm kworker/u8:5 pid 2814 state 0
[    6.873788] comm kworker/u8:5 pid 2816 state 0
[    6.875151] comm kworker/u8:5 pid 2818 state 0
[    6.876510] comm kworker/u8:5 pid 2820 state 0
[    6.877868] comm kworker/u8:5 pid 2822 state 0
[    6.879207] comm kworker/u8:5 pid 2870 state 0
[    6.880539] comm kworker/u8:5 pid 2872 state 0
[    6.881823] comm kworker/u8:5 pid 2874 state 0
[    6.883105] comm kworker/u8:5 pid 2876 state 0
[    6.884388] comm kworker/u8:5 pid 2878 state 0
[    6.885497] checking generic (c0000000 420000) vs hw (c0000000 10000000)
[    6.885670] fb0: switching to radeondrmfb from EFI VGA
[    6.885673] comm kworker/u8:5 pid 2880 state 0
[    6.885677] comm kworker/u8:5 pid 2882 state 0
[    6.889745] comm kworker/u8:5 pid 2884 state 0
[    6.891121] comm kworker/u8:5 pid 2886 state 0
[    6.892488] comm kworker/u8:5 pid 2888 state 0
[    6.893864] comm setclock pid 2889 state 1
[    6.895271] comm kworker/u8:5 pid 2946 state 0
[    6.896716] comm kworker/u8:5 pid 2948 state 0
[    6.898163] comm kworker/u8:5 pid 2950 state 0
[    6.899610] comm kworker/u8:5 pid 2952 state 0
[    6.901071] comm kworker/u8:5 pid 2954 state 0
[    6.902524] comm setclock pid 2956 state 0
[    6.903960] comm kworker/u8:5 pid 3098 state 0
[    6.905387] comm kworker/u8:5 pid 3100 state 0
[    6.906713] comm kworker/u8:5 pid 3102 state 0
[    6.907934] comm kworker/u8:5 pid 3104 state 0
[    6.909047] comm kworker/u8:5 pid 3106 state 0
[    6.910079] comm kworker/u8:5 pid 3108 state 0
[    6.911093] comm kworker/u8:5 pid 3110 state 0
[    6.912103] comm kworker/u8:5 pid 3112 state 0
[    6.913005] comm kworker/u8:5 pid 3114 state 0
[    6.913807] comm kworker/u8:5 pid 3116 state 0
[    6.914603] comm kworker/u8:5 pid 3118 state 0
[    6.915399] comm kworker/u8:5 pid 3119 state 0
[    6.916194] comm udevadm pid 3142 state 1
[    6.917018] proc in rq 4
[    6.917021] rq->nr_running rq->cfs.nr_running : 5 5
[    6.918777] rq->cfs.load.weight :  5242880
[    6.918780] ----------------^^^^CPU0^^^^^-----------------------
[    6.919725] rq->curr == THREAD(this messg)
[    6.920780] state TASK_RUNNING
[    6.921847] color, tsk->comm, weight, vruntime, state: -126958249770856 ksoftirqd/1 1048576 1765681499 0
[    6.922920] color, tsk->comm, weight, vruntime, state: -126958313130343 kdevtmpfs 1048576 1765681499 0
[    6.924193] color, tsk->comm, weight, vruntime, state: -126958313123431 kworker/u8:5 1048576 1773181476 0
[    6.925512] color, tsk->comm, weight, vruntime, state: -126958313130343 kworker/u8:5 1048576 1773181476 0
[    6.926879] color, tsk->comm, weight, vruntime, state: -126958263643751 kworker/u8:5 1048576 1773181481 0
[    6.928254] color, tsk->comm, weight, vruntime, state: -126958260403175 kworker/u8:5 1048576 1773181484 0
[    6.929662] color, tsk->comm, weight, vruntime, state: -126958309037800 kworker/u8:5 1048576 1773181485 0
[    6.931069] color, tsk->comm, weight, vruntime, state: -126958313123431 kworker/u8:5 1048576 1773181490 0
[    6.932466] color, tsk->comm, weight, vruntime, state: -126958260403175 kworker/u8:5 1048576 1773181491 0
[    6.933893] color, tsk->comm, weight, vruntime, state: 1 kworker/u8:5 1048576 1773181493 0
[    6.935312] color, tsk->comm, weight, vruntime, state: -126958309044712 kworker/u8:5 1048576 1773181493 0
[    6.936765] color, tsk->comm, weight, vruntime, state: -126958313137255 kworker/u8:5 1048576 1773181493 0
[    6.938246] color, tsk->comm, weight, vruntime, state: -126958294176615 kworker/u8:5 1048576 1773181493 0
[    6.939695] color, tsk->comm, weight, vruntime, state: -126958313137255 kworker/u8:5 1048576 1773181495 0
[    6.941188] color, tsk->comm, weight, vruntime, state: -126958257274728 kworker/u8:5 1048576 1773181495 0
[    6.942684] color, tsk->comm, weight, vruntime, state: -126958263643751 kworker/u8:5 1048576 1773181497 0
[    6.944175] color, tsk->comm, weight, vruntime, state: -126958314470376 kworker/u8:5 1048576 1773181497 0
[    6.945690] color, tsk->comm, weight, vruntime, state: -126958314463463 kworker/u8:5 1048576 1773181497 0
[    6.947165] color, tsk->comm, weight, vruntime, state: -126958294176615 kworker/u8:5 1048576 1773181497 0
[    6.948605] color, tsk->comm, weight, vruntime, state: -126958313094119 kworker/u8:5 1048576 1773181497 0
[    6.950067] color, tsk->comm, weight, vruntime, state: -126958313144168 kworker/u8:5 1048576 1773181497 0
[    6.951525] color, tsk->comm, weight, vruntime, state: -126958314463464 kworker/u8:5 1048576 1773181498 0
[    6.953008] color, tsk->comm, weight, vruntime, state: -126958313094119 kworker/u8:5 1048576 1773181498 0
[    6.954510] comm init pid 1 state 1
[    6.957386] comm kthreadd pid 2 state 1
[    6.958862] comm rcu_gp pid 3 state 1026
[    6.960362] comm rcu_par_gp pid 4 state 1026
[    6.961871] comm kworker/0:0 pid 5 state 0
[    6.963407] comm kworker/0:0H pid 6 state 1026
[    6.964969] comm kworker/u8:0 pid 7 state 1026
[    6.966535] comm mm_percpu_wq pid 8 state 1026
[    6.968119] comm ksoftirqd/0 pid 9 state 1
[    6.969732] comm rcu_sched pid 10 state 0
[    6.971405] comm migration/0 pid 11 state 1
[    6.973087] comm cpuhp/0 pid 12 state 1
[    6.974789] comm cpuhp/1 pid 13 state 1
[    6.976465] comm migration/1 pid 14 state 1
[    6.978145] comm ksoftirqd/1 pid 15 state 0
[    6.979807] comm kworker/1:0 pid 16 state 1026
[    6.981469] comm kworker/1:0H pid 17 state 1026
[    6.981472] comm THREAD pid 18 state 0
[    6.981474] comm kdevtmpfs pid 19 state 1
[    6.981476] comm netns pid 20 state 1026
[    6.981478] comm kworker/u8:1 pid 21 state 1026
[    6.981480] comm kauditd pid 24 state 1
[    6.981483] comm kworker/0:1 pid 37 state 1026
[    6.981486] comm kworker/1:1 pid 38 state 1026
[    6.981488] comm kworker/u8:2 pid 313 state 1026
[    6.981491] comm kworker/u8:3 pid 574 state 1026
[    6.981493] comm kworker/1:2 pid 575 state 1026
[    6.981496] comm oom_reaper pid 664 state 1
[    6.981498] comm writeback pid 736 state 1026
[    6.981501] comm kcompactd0 pid 738 state 1
[    6.981503] comm kblockd pid 787 state 1026
[    6.981506] comm kworker/u8:4 pid 815 state 1026
[    6.981508] comm ata_sff pid 957 state 1026
[    6.981511] comm md pid 977 state 1026
[    6.981514] comm edac-poller pid 980 state 1026
[    6.981516] comm rpciod pid 1091 state 1026
[    6.981519] comm kworker/u9:0 pid 1092 state 1026
[    6.981521] comm xprtiod pid 1093 state 1026
[    6.981523] comm cfg80211 pid 1096 state 1026
[    6.981526] comm kswapd0 pid 1106 state 1
[    6.981529] comm nfsiod pid 1245 state 1026
[    6.981531] comm acpi_thermal_pm pid 1295 state 1026
[    6.981534] comm scsi_eh_0 pid 1353 state 1
[    6.981536] comm scsi_tmf_0 pid 1354 state 1026
[    6.981538] comm scsi_eh_1 pid 1358 state 1
[    6.981540] comm scsi_tmf_1 pid 1359 state 1026
[    6.981543] comm kworker/1:3 pid 1459 state 1026
[    6.981545] comm dm_bufio_cache pid 1469 state 1026
[    6.981547] comm kworker/1:4 pid 1611 state 1026
[    6.981549] comm kworker/u8:5 pid 1683 state 1026
[    6.981552] comm kworker/0:2 pid 1684 state 1026
[    6.981554] comm kworker/1:1H pid 1687 state 1026
[    6.981557] comm kworker/0:1H pid 1688 state 1026
[    6.981559] comm ipv6_addrconf pid 1697 state 1026
[    6.981561] comm kworker/1:5 pid 1702 state 1026
[    6.981564] comm jbd2/sda2-8 pid 1755 state 1
[    6.981566] comm ext4-rsv-conver pid 1756 state 1026
[    6.981569] comm init pid 1762 state 1
[    6.981571] comm rc pid 1763 state 1
[    6.981573] comm S10udev pid 1839 state 1
[    6.981575] comm udevd pid 1854 state 0
[    6.981577] comm udevd pid 1856 state 2
[    6.981579] comm udevd pid 1859 state 0
[    6.981581] comm udevd pid 1907 state 2
[    6.981584] comm udevd pid 1908 state 1
[    6.981586] comm udevd pid 1909 state 2
[    6.981588] comm udevd pid 1910 state 1
[    6.981591] comm udevd pid 1940 state 1
[    6.981593] comm udevd pid 1941 state 1
[    6.981595] comm udevd pid 1942 state 2
[    6.981597] comm udevd pid 1943 state 2
[    6.981600] comm udevd pid 2074 state 2
[    6.981602] comm udevd pid 2075 state 0
[    6.981604] comm kworker/u8:5 pid 2759 state 0
[    6.981607] comm kworker/u8:5 pid 2761 state 0
[    6.981609] comm kworker/u8:5 pid 2763 state 0
[    6.981611] comm kworker/u8:5 pid 2765 state 0
[    6.981613] comm kworker/u8:5 pid 2767 state 0
[    6.981615] comm kworker/u8:5 pid 2769 state 0
[    6.981617] comm kworker/u8:5 pid 2806 state 0
[    6.981619] comm kworker/u8:5 pid 2808 state 0
[    6.981622] comm kworker/u8:5 pid 2810 state 0
[    6.981624] comm kworker/u8:5 pid 2812 state 0
[    6.981626] comm setclock pid 2889 state 0
[    6.981628] comm kworker/u8:5 pid 3100 state 0
[    6.981630] comm kworker/u8:5 pid 3102 state 0
[    6.981632] comm kworker/u8:5 pid 3104 state 0
[    6.981634] comm kworker/u8:5 pid 3106 state 0
[    6.981636] comm kworker/u8:5 pid 3108 state 0
[    6.981638] comm kworker/u8:5 pid 3110 state 0
[    6.981640] comm kworker/u8:5 pid 3112 state 0
[    6.981642] comm kworker/u8:5 pid 3114 state 0
[    6.981644] comm kworker/u8:5 pid 3116 state 0
[    6.981646] comm kworker/u8:5 pid 3118 state 0
[    6.981648] comm kworker/u8:5 pid 3119 state 0
[    6.981650] comm udevadm pid 3142 state 1
[    6.981652] comm kworker/u8:5 pid 3144 state 0
[    6.981653] proc in rq 23
[    6.981656] rq->nr_running rq->cfs.nr_running : 24 24
[    6.981657] rq->cfs.load.weight :  25165824
[    6.981659] ----------------^^^^CPU1^^^^^-----------------------
[    6.981661] rq->curr->pid == 0
[    6.981662] state TASK_RUNNING
[    6.981665] comm init pid 1 state 1
[    6.981668] comm kthreadd pid 2 state 1
[    6.981670] comm rcu_gp pid 3 state 1026
[    6.981672] comm rcu_par_gp pid 4 state 1026
[    6.981675] comm kworker/0:0 pid 5 state 1026
[    6.981677] comm kworker/0:0H pid 6 state 1026
[    6.981679] comm kworker/u8:0 pid 7 state 1026
[    6.981682] comm mm_percpu_wq pid 8 state 1026
[    6.981684] comm ksoftirqd/0 pid 9 state 1
[    6.981686] comm rcu_sched pid 10 state 1026
[    6.981688] comm migration/0 pid 11 state 1
[    6.981691] comm cpuhp/0 pid 12 state 1
[    6.981693] comm cpuhp/1 pid 13 state 1
[    6.981695] comm migration/1 pid 14 state 1
[    6.981698] comm ksoftirqd/1 pid 15 state 0
[    6.981700] comm kworker/1:0 pid 16 state 1026
[    6.981701] Console: switching 
[    6.981704] comm kworker/1:0H pid 17 state 1026
[    6.981708] to colour dummy device 80x25
[    6.981709] comm THREAD pid 18 state 0
[    6.981714] comm kdevtmpfs pid 19 state 1
[    6.982205] comm netns pid 20 state 1026
[    6.982207] comm kworker/u8:1 pid 21 state 1026
[    6.982209] comm kauditd pid 24 state 1
[    6.982211] comm kworker/0:1 pid 37 state 1026
[    6.982213] comm kworker/1:1 pid 38 state 1026
[    6.982215] comm kworker/u8:2 pid 313 state 1026
[    6.982217] comm kworker/u8:3 pid 574 state 1026
[    6.982219] comm kworker/1:2 pid 575 state 1026
[    6.982221] comm oom_reaper pid 664 state 1
[    6.982223] comm writeback pid 736 state 1026
[    6.982225] comm kcompactd0 pid 738 state 1
[    6.982227] comm kblockd pid 787 state 1026
[    6.982229] comm kworker/u8:4 pid 815 state 1026
[    6.982231] comm ata_sff pid 957 state 1026
[    6.982233] comm md pid 977 state 1026
[    6.982235] comm edac-poller pid 980 state 1026
[    6.982237] comm rpciod pid 1091 state 1026
[    6.982239] comm kworker/u9:0 pid 1092 state 1026
[    6.982241] comm xprtiod pid 1093 state 1026
[    6.982243] comm cfg80211 pid 1096 state 1026
[    6.982245] comm kswapd0 pid 1106 state 1
[    6.982246] comm nfsiod pid 1245 state 1026
[    6.982249] comm acpi_thermal_pm pid 1295 state 1026
[    6.982250] comm scsi_eh_0 pid 1353 state 1
[    6.982252] comm scsi_tmf_0 pid 1354 state 1026
[    6.982254] comm scsi_eh_1 pid 1358 state 1
[    6.982256] comm scsi_tmf_1 pid 1359 state 1026
[    6.982258] comm kworker/1:3 pid 1459 state 1026
[    6.982261] comm dm_bufio_cache pid 1469 state 1026
[    6.982263] comm kworker/1:4 pid 1611 state 1026
[    6.982265] comm kworker/u8:5 pid 1683 state 1026
[    6.982267] comm kworker/0:2 pid 1684 state 1026
[    6.982269] comm kworker/1:1H pid 1687 state 1026
[    6.982271] comm kworker/0:1H pid 1688 state 1026
[    6.982273] comm ipv6_addrconf pid 1697 state 1026
[    6.982274] comm kworker/1:5 pid 1702 state 1026
[    6.982276] comm jbd2/sda2-8 pid 1755 state 1
[    6.982278] comm ext4-rsv-conver pid 1756 state 1026
[    6.982280] comm init pid 1762 state 0
[    6.982282] comm rc pid 1763 state 1
[    6.982284] comm S10udev pid 1839 state 1
[    6.982286] comm udevd pid 1854 state 0
[    6.982287] comm udevd pid 1856 state 2
[    6.982289] comm udevd pid 1859 state 0
[    6.982291] comm udevd pid 1907 state 2
[    6.982293] comm udevd pid 1908 state 0
[    6.982295] comm udevd pid 1909 state 2
[    6.982297] comm udevd pid 1910 state 1
[    6.982299] comm udevd pid 1940 state 1
[    6.982301] comm udevd pid 1941 state 1
[    6.982302] comm udevd pid 1942 state 2
[    6.982304] comm udevd pid 1943 state 2
[    6.982306] comm udevd pid 2074 state 2
[    6.982308] comm udevd pid 2075 state 2
[    6.982310] comm kworker/u8:5 pid 2759 state 0
[    6.982312] comm kworker/u8:5 pid 2761 state 0
[    6.982314] comm kworker/u8:5 pid 2763 state 0
[    6.982316] comm kworker/u8:5 pid 2765 state 0
[    6.982317] comm kworker/u8:5 pid 2767 state 0
[    6.982320] comm kworker/u8:5 pid 2769 state 0
[    6.982321] comm kworker/u8:5 pid 2806 state 0
[    6.982323] comm kworker/u8:5 pid 2808 state 0
[    6.982325] comm kworker/u8:5 pid 2810 state 0
[    6.982327] comm kworker/u8:5 pid 2812 state 0
[    6.982329] comm setclock pid 2889 state 0
[    6.982331] comm kworker/u8:5 pid 3100 state 0
[    6.982333] comm kworker/u8:5 pid 3102 state 0
[    6.982335] comm kworker/u8:5 pid 3104 state 0
[    6.982337] comm kworker/u8:5 pid 3106 state 0
[    6.982338] comm kworker/u8:5 pid 3108 state 0
[    6.982340] comm kworker/u8:5 pid 3110 state 0
[    6.982342] comm kworker/u8:5 pid 3112 state 0
[    6.982344] comm kworker/u8:5 pid 3114 state 0
[    6.982346] comm kworker/u8:5 pid 3116 state 0
[    6.982348] comm kworker/u8:5 pid 3118 state 0
[    6.982350] comm kworker/u8:5 pid 3119 state 0
[    6.982351] comm udevadm pid 3142 state 1
[    6.982353] comm kworker/u8:5 pid 3144 state 0
[    6.982354] proc in rq 0
[    6.982356] rq->nr_running rq->cfs.nr_running : 0 0
[    6.982357] rq->cfs.load.weight :  0
[    6.982359] ----------------^^^^CPU2^^^^^-----------------------
[    6.982361] rq->curr->pid == 0
[    6.982362] state TASK_RUNNING
[    6.982365] comm init pid 1 state 1
[    6.982367] comm kthreadd pid 2 state 1
[    6.982369] comm rcu_gp pid 3 state 1026
[    6.982371] comm rcu_par_gp pid 4 state 1026
[    6.982373] comm kworker/0:0 pid 5 state 1026
[    6.982375] comm kworker/0:0H pid 6 state 1026
[    6.982376] comm kworker/u8:0 pid 7 state 1026
[    6.982378] comm mm_percpu_wq pid 8 state 1026
[    6.982380] comm ksoftirqd/0 pid 9 state 1
[    6.982382] comm rcu_sched pid 10 state 1026
[    6.982384] comm migration/0 pid 11 state 1
[    6.982386] comm cpuhp/0 pid 12 state 1
[    6.982388] comm cpuhp/1 pid 13 state 1
[    6.982390] comm migration/1 pid 14 state 1
[    6.982392] comm ksoftirqd/1 pid 15 state 0
[    6.982394] comm kworker/1:0 pid 16 state 1026
[    6.982396] comm kworker/1:0H pid 17 state 1026
[    6.982398] comm THREAD pid 18 state 0
[    6.982399] comm kdevtmpfs pid 19 state 1
[    6.982401] comm netns pid 20 state 1026
[    6.982403] comm kworker/u8:1 pid 21 state 1026
[    6.982405] comm kauditd pid 24 state 1
[    6.982407] comm kworker/0:1 pid 37 state 1026
[    6.982408] comm kworker/1:1 pid 38 state 1026
[    6.982410] comm kworker/u8:2 pid 313 state 1026
[    6.982412] comm kworker/u8:3 pid 574 state 1026
[    6.982414] comm kworker/1:2 pid 575 state 1026
[    6.982416] comm oom_reaper pid 664 state 1
[    6.982418] comm writeback pid 736 state 1026
[    6.982419] comm kcompactd0 pid 738 state 1
[    6.982421] comm kblockd pid 787 state 1026
[    6.982423] comm kworker/u8:4 pid 815 state 1026
[    6.982428] comm ata_sff pid 957 state 1026
[    6.982471] radeon 0000:00:01.0: vgaarb: deactivate vga console
[    6.982964] comm md pid 977 state 1026
[    6.982966] comm edac-poller pid 980 state 1026
[    6.982968] comm rpciod pid 1091 state 1026
[    6.982970] comm kworker/u9:0 pid 1092 state 1026
[    6.982972] comm xprtiod pid 1093 state 1026
[    6.982974] comm cfg80211 pid 1096 state 1026
[    6.982976] comm kswapd0 pid 1106 state 1
[    6.982978] comm nfsiod pid 1245 state 1026
[    6.982980] comm acpi_thermal_pm pid 1295 state 1026
[    6.982982] comm scsi_eh_0 pid 1353 state 1
[    6.982984] comm scsi_tmf_0 pid 1354 state 1026
[    6.982986] comm scsi_eh_1 pid 1358 state 1
[    6.982988] comm scsi_tmf_1 pid 1359 state 1026
[    6.982990] comm kworker/1:3 pid 1459 state 1026
[    6.982992] comm dm_bufio_cache pid 1469 state 1026
[    6.982994] comm kworker/1:4 pid 1611 state 1026
[    6.982996] comm kworker/u8:5 pid 1683 state 1026
[    6.982998] comm kworker/0:2 pid 1684 state 1026
[    6.983000] comm kworker/1:1H pid 1687 state 1026
[    6.983003] comm kworker/0:1H pid 1688 state 1026
[    6.983005] comm ipv6_addrconf pid 1697 state 1026
[    6.983006] comm kworker/1:5 pid 1702 state 1026
[    6.983008] comm jbd2/sda2-8 pid 1755 state 1
[    6.983010] comm ext4-rsv-conver pid 1756 state 1026
[    6.983012] comm init pid 1762 state 0
[    6.983014] comm rc pid 1763 state 1
[    6.983016] comm S10udev pid 1839 state 1
[    6.983018] comm udevd pid 1854 state 0
[    6.983019] comm udevd pid 1856 state 2
[    6.983021] comm udevd pid 1859 state 0
[    6.983023] comm udevd pid 1907 state 2
[    6.983025] comm udevd pid 1908 state 0
[    6.983027] comm udevd pid 1909 state 2
[    6.983029] comm udevd pid 1910 state 1
[    6.983031] comm udevd pid 1940 state 1
[    6.983033] comm udevd pid 1941 state 1
[    6.983034] comm udevd pid 1942 state 2
[    6.983036] comm udevd pid 1943 state 2
[    6.983038] comm udevd pid 2074 state 2
[    6.983040] comm udevd pid 2075 state 2
[    6.983042] comm kworker/u8:5 pid 2759 state 0
[    6.983044] comm kworker/u8:5 pid 2761 state 0
[    6.983046] comm kworker/u8:5 pid 2763 state 0
[    6.983047] comm kworker/u8:5 pid 2765 state 0
[    6.983049] comm kworker/u8:5 pid 2767 state 0
[    6.983051] comm kworker/u8:5 pid 2769 state 0
[    6.983053] comm kworker/u8:5 pid 2806 state 0
[    6.983055] comm kworker/u8:5 pid 2808 state 0
[    6.983057] comm kworker/u8:5 pid 2810 state 0
[    6.983059] comm kworker/u8:5 pid 2812 state 0
[    6.983061] comm setclock pid 2889 state 0
[    6.983063] comm kworker/u8:5 pid 3100 state 0
[    6.983065] comm kworker/u8:5 pid 3102 state 0
[    6.983067] comm kworker/u8:5 pid 3104 state 0
[    6.983069] comm kworker/u8:5 pid 3106 state 0
[    6.983071] comm kworker/u8:5 pid 3108 state 0
[    6.983072] comm kworker/u8:5 pid 3110 state 0
[    6.983074] comm kworker/u8:5 pid 3112 state 0
[    6.983076] comm kworker/u8:5 pid 3114 state 0
[    6.983078] comm kworker/u8:5 pid 3116 state 0
[    6.983080] comm kworker/u8:5 pid 3118 state 0
[    6.983082] comm kworker/u8:5 pid 3119 state 0
[    6.983084] comm udevadm pid 3142 state 1
[    6.983086] comm kworker/u8:5 pid 3144 state 0
[    6.983087] proc in rq 0
[    6.983089] rq->nr_running rq->cfs.nr_running : 0 0
[    6.983093] rq->cfs.load.weight :  0
[    6.983094] ----------------^^^^CPU3^^^^^-----------------------
[    6.983967] [drm] initializing kernel modesetting (KABINI 0x1002:0x9839 0x1043:0x141D 0x00).
[    6.984041] [drm] doorbell mmio base: 0xD0000000
[    6.984048] [drm] doorbell mmio size: 8388608
[    6.984085] ATOM BIOS: AMD
[    6.984162] [drm] Changing default dispclk from 400Mhz to 600Mhz
[    6.984201] radeon 0000:00:01.0: VRAM: 512M 0x0000000000000000 - 0x000000001FFFFFFF (512M used)
[    6.984216] radeon 0000:00:01.0: GTT: 2048M 0x0000000020000000 - 0x000000009FFFFFFF
[    6.984238] [drm] Detected VRAM RAM=512M, BAR=256M
[    6.984245] [drm] RAM width 128bits DDR
[    6.984463] [TTM] Zone  kernel: Available graphics memory: 1726428 KiB
[    6.984474] [TTM] Initializing pool allocator
[    6.984498] [TTM] Initializing DMA pool allocator
[    6.984560] [drm] radeon: 512M of VRAM memory ready
[    6.984569] [drm] radeon: 2048M of GTT memory ready.
[    6.984603] [drm] Loading kabini Microcode
[    6.990332] [drm] Internal thermal controller without fan control
[    6.991228] [drm] radeon: dpm initialized
[    6.992493] [drm] Found UVD firmware Version: 1.64 Family ID: 9
[    6.997248] [drm] Found VCE firmware/feedback version 40.2.2 / 15!
[    6.997296] [drm] GART: num cpu pages 524288, num gpu pages 524288
[    7.130066] [drm] PCIE GART of 2048M enabled (table at 0x000000000030E000).
[    7.133434] radeon 0000:00:01.0: WB enabled
[    7.133490] radeon 0000:00:01.0: fence driver on ring 0 use gpu addr 0x0000000020000c00 and cpu addr 0x(____ptrval____)
[    7.133508] radeon 0000:00:01.0: fence driver on ring 1 use gpu addr 0x0000000020000c04 and cpu addr 0x(____ptrval____)
[    7.133523] radeon 0000:00:01.0: fence driver on ring 2 use gpu addr 0x0000000020000c08 and cpu addr 0x(____ptrval____)
[    7.133538] radeon 0000:00:01.0: fence driver on ring 3 use gpu addr 0x0000000020000c0c and cpu addr 0x(____ptrval____)
[    7.133552] radeon 0000:00:01.0: fence driver on ring 4 use gpu addr 0x0000000020000c10 and cpu addr 0x(____ptrval____)
[    7.134548] radeon 0000:00:01.0: fence driver on ring 5 use gpu addr 0x0000000000078d30 and cpu addr 0x(____ptrval____)
[    7.140825] radeon 0000:00:01.0: fence driver on ring 6 use gpu addr 0x0000000020000c18 and cpu addr 0x(____ptrval____)
[    7.140851] radeon 0000:00:01.0: fence driver on ring 7 use gpu addr 0x0000000020000c1c and cpu addr 0x(____ptrval____)
[    7.140865] [drm] Supports vblank timestamp caching Rev 2 (21.10.2013).
[    7.140873] [drm] Driver supports precise vblank timestamp query.
[    7.140984] radeon 0000:00:01.0: radeon: using MSI.
[    7.141047] [drm] radeon: irq initialized.
[    7.144915] [drm] ring test on 0 succeeded in 4 usecs
[    7.145028] [drm] ring test on 1 succeeded in 4 usecs
[    7.145067] [drm] ring test on 2 succeeded in 4 usecs
[    7.145394] [drm] ring test on 3 succeeded in 6 usecs
[    7.145411] [drm] ring test on 4 succeeded in 5 usecs
[    7.280046] [drm] ring test on 5 succeeded in 2 usecs
[    7.302627] [drm] UVD initialized successfully.
[    7.420490] [drm] ring test on 6 succeeded in 20 usecs
[    7.420522] [drm] ring test on 7 succeeded in 3 usecs
[    7.420529] [drm] VCE initialized successfully.
[    7.422548] [drm] ib test on ring 0 succeeded in 0 usecs
[    7.422828] [drm] ib test on ring 1 succeeded in 0 usecs
[    7.423100] [drm] ib test on ring 2 succeeded in 0 usecs
[    7.423377] [drm] ib test on ring 3 succeeded in 0 usecs
[    7.423648] [drm] ib test on ring 4 succeeded in 0 usecs
[    7.950170] [drm] ib test on ring 5 succeeded
[    7.971387] [drm] ib test on ring 6 succeeded
[    7.972360] [drm] ib test on ring 7 succeeded
[    8.020039] [drm] radeon atom DIG backlight initialized
[    8.020065] [drm] Radeon Display Connectors
[    8.020073] [drm] Connector 0:
[    8.020080] [drm]   LVDS-1
[    8.020086] [drm]   HPD1
[    8.020094] [drm]   DDC: 0x6530 0x6530 0x6534 0x6534 0x6538 0x6538 0x653c 0x653c
[    8.020103] [drm]   Encoders:
[    8.020109] [drm]     LCD1: INTERNAL_UNIPHY
[    8.020116] [drm] Connector 1:
[    8.020121] [drm]   HDMI-A-1
[    8.020126] [drm]   HPD2
[    8.020134] [drm]   DDC: 0x6540 0x6540 0x6544 0x6544 0x6548 0x6548 0x654c 0x654c
[    8.020142] [drm]   Encoders:
[    8.020148] [drm]     DFP1: INTERNAL_UNIPHY
[    8.020154] [drm] Connector 2:
[    8.020159] [drm]   VGA-1
[    8.020167] [drm]   DDC: 0x65c0 0x65c0 0x65c4 0x65c4 0x65c8 0x65c8 0x65cc 0x65cc
[    8.020176] [drm]   Encoders:
[    8.020181] [drm]     CRT1: INTERNAL_KLDSCP_DAC1
[    9.102143] [drm] fb mappable at 0xC0731000
[    9.102153] [drm] vram apper at 0xC0000000
[    9.102160] [drm] size 4325376
[    9.102166] [drm] fb depth is 24
[    9.102172] [drm]    pitch is 5632
[    9.102451] fbcon: radeondrmfb (fb0) is primary device
[    9.210250] Console: switching to colour frame buffer device 170x48
[    9.220591] radeon 0000:00:01.0: fb0: radeondrmfb frame buffer device
[    9.468173] [drm] Initialized radeon 2.50.0 20080528 for 0000:00:01.0 on minor 0
[    9.700053] rq->curr == idle (init_task)
[    9.700057] state TASK_RUNNING
[    9.700147] comm init pid 1 state 1
[    9.700255] comm kthreadd pid 2 state 1
[    9.700319] comm rcu_gp pid 3 state 1026
[    9.700383] comm rcu_par_gp pid 4 state 1026
[    9.700452] comm kworker/0:0 pid 5 state 1026
[    9.700522] comm kworker/0:0H pid 6 state 1026
[    9.700593] comm kworker/u8:0 pid 7 state 1026
[    9.700665] comm mm_percpu_wq pid 8 state 1026
[    9.700735] comm ksoftirqd/0 pid 9 state 1
[    9.700802] comm rcu_sched pid 10 state 1026
[    9.700870] comm migration/0 pid 11 state 1
[    9.700938] comm cpuhp/0 pid 12 state 1
[    9.701000] comm cpuhp/1 pid 13 state 1
[    9.701063] comm migration/1 pid 14 state 1
[    9.701130] comm ksoftirqd/1 pid 15 state 1
[    9.701197] comm kworker/1:0 pid 16 state 1026
[    9.703716] comm kworker/1:0H pid 17 state 1026
[    9.706265] comm THREAD pid 18 state 0
[    9.708776] comm kdevtmpfs pid 19 state 1
[    9.711262] comm netns pid 20 state 1026
[    9.713726] comm kworker/u8:1 pid 21 state 1026
[    9.716208] comm kauditd pid 24 state 1
[    9.718687] comm kworker/0:1 pid 37 state 1026
[    9.721210] comm kworker/1:1 pid 38 state 1026
[    9.723720] comm kworker/u8:2 pid 313 state 1026
[    9.726195] comm kworker/u8:3 pid 574 state 1026
[    9.728593] comm kworker/1:2 pid 575 state 1026
[    9.731004] comm oom_reaper pid 664 state 1
[    9.733410] comm writeback pid 736 state 1026
[    9.735821] comm kcompactd0 pid 738 state 1
[    9.738253] comm kblockd pid 787 state 1026
[    9.740662] comm kworker/u8:4 pid 815 state 1026
[    9.743025] comm ata_sff pid 957 state 1026
[    9.745389] comm md pid 977 state 1026
[    9.747746] comm edac-poller pid 980 state 1026
[    9.750119] comm rpciod pid 1091 state 1026
[    9.752494] comm kworker/u9:0 pid 1092 state 1026
[    9.754886] comm xprtiod pid 1093 state 1026
[    9.757297] comm cfg80211 pid 1096 state 1026
[    9.759731] comm kswapd0 pid 1106 state 1
[    9.762154] comm nfsiod pid 1245 state 1026
[    9.764538] comm acpi_thermal_pm pid 1295 state 1026
[    9.766906] comm scsi_eh_0 pid 1353 state 1
[    9.769216] comm scsi_tmf_0 pid 1354 state 1026
[    9.771418] comm scsi_eh_1 pid 1358 state 1
[    9.773482] comm scsi_tmf_1 pid 1359 state 1026
[    9.775477] comm kworker/1:3 pid 1459 state 1026
[    9.777420] comm dm_bufio_cache pid 1469 state 1026
[    9.779382] comm kworker/1:4 pid 1611 state 1026
[    9.781366] comm kworker/u8:5 pid 1683 state 1026
[    9.783349] comm kworker/0:2 pid 1684 state 1026
[    9.785332] comm kworker/1:1H pid 1687 state 1026
[    9.787312] comm kworker/0:1H pid 1688 state 1026
[    9.789272] comm ipv6_addrconf pid 1697 state 1026
[    9.791283] comm kworker/1:5 pid 1702 state 1026
[    9.793305] comm jbd2/sda2-8 pid 1755 state 1
[    9.795310] comm ext4-rsv-conver pid 1756 state 1026
[    9.797333] comm init pid 1762 state 1
[    9.799348] comm rc pid 1763 state 1
[    9.801363] comm udevd pid 1854 state 1
[    9.803400] comm udevd pid 1856 state 1
[    9.805408] comm udevd pid 1859 state 1
[    9.807403] comm udevd pid 1907 state 1
[    9.809386] comm udevd pid 1908 state 1
[    9.811355] comm udevd pid 1909 state 1
[    9.813283] comm udevd pid 1910 state 1
[    9.815185] comm udevd pid 1940 state 1
[    9.817056] comm udevd pid 1941 state 1
[    9.818894] comm udevd pid 1942 state 1
[    9.820706] comm udevd pid 1943 state 1
[    9.822481] comm udevd pid 2074 state 1
[    9.824255] comm udevd pid 2075 state 1
[    9.826003] comm ttm_swap pid 3148 state 1026
[    9.827787] comm S20swap pid 3190 state 1
[    9.829573] comm swapon pid 3203 state 2
[    9.831356] proc in rq 0
[    9.831359] rq->nr_running rq->cfs.nr_running : 0 0
[    9.834910] rq->cfs.load.weight :  0
[    9.834912] ----------------^^^^CPU0^^^^^-----------------------
[    9.836699] rq->curr == THREAD(this messg)
[    9.838542] state TASK_RUNNING
[    9.840393] color, tsk->comm, weight, vruntime, state: 1 kworker/1:2 1048576 2840359522 0
[    9.842226] comm init pid 1 state 1
[    9.846128] comm kthreadd pid 2 state 1
[    9.848061] comm rcu_gp pid 3 state 1026
[    9.849992] comm rcu_par_gp pid 4 state 1026
[    9.851916] comm kworker/0:0 pid 5 state 1026
[    9.853841] comm kworker/0:0H pid 6 state 1026
[    9.855758] comm kworker/u8:0 pid 7 state 1026
[    9.857640] comm mm_percpu_wq pid 8 state 1026
[    9.859500] comm ksoftirqd/0 pid 9 state 1
[    9.861368] comm rcu_sched pid 10 state 1026
[    9.863235] comm migration/0 pid 11 state 1
[    9.865101] comm cpuhp/0 pid 12 state 1
[    9.866955] comm cpuhp/1 pid 13 state 1
[    9.868771] comm migration/1 pid 14 state 0
[    9.870593] comm ksoftirqd/1 pid 15 state 1
[    9.872392] comm kworker/1:0 pid 16 state 1026
[    9.874181] comm kworker/1:0H pid 17 state 1026
[    9.875967] comm THREAD pid 18 state 0
[    9.877777] comm kdevtmpfs pid 19 state 1
[    9.879578] comm netns pid 20 state 1026
[    9.881372] comm kworker/u8:1 pid 21 state 1026
[    9.883185] comm kauditd pid 24 state 1
[    9.884980] comm kworker/0:1 pid 37 state 1026
[    9.886777] comm kworker/1:1 pid 38 state 1026
[    9.888553] comm kworker/u8:2 pid 313 state 1026
[    9.890340] comm kworker/u8:3 pid 574 state 1026
[    9.892126] comm kworker/1:2 pid 575 state 0
[    9.893935] comm oom_reaper pid 664 state 1
[    9.895773] comm writeback pid 736 state 1026
[    9.897646] comm kcompactd0 pid 738 state 1
[    9.899548] comm kblockd pid 787 state 1026
[    9.901485] comm kworker/u8:4 pid 815 state 1026
[    9.903461] comm ata_sff pid 957 state 1026
[    9.905463] comm md pid 977 state 1026
[    9.907488] comm edac-poller pid 980 state 1026
[    9.909555] comm rpciod pid 1091 state 1026
[    9.911656] comm kworker/u9:0 pid 1092 state 1026
[    9.913795] comm xprtiod pid 1093 state 1026
[    9.915931] comm cfg80211 pid 1096 state 1026
[    9.918069] comm kswapd0 pid 1106 state 1
[    9.920216] comm nfsiod pid 1245 state 1026
[    9.922356] comm acpi_thermal_pm pid 1295 state 1026
[    9.924505] comm scsi_eh_0 pid 1353 state 1
[    9.926640] comm scsi_tmf_0 pid 1354 state 1026
[    9.928752] comm scsi_eh_1 pid 1358 state 1
[    9.930836] comm scsi_tmf_1 pid 1359 state 1026
[    9.932913] comm kworker/1:3 pid 1459 state 1026
[    9.934937] comm dm_bufio_cache pid 1469 state 1026
[    9.936919] comm kworker/1:4 pid 1611 state 1026
[    9.938913] comm kworker/u8:5 pid 1683 state 1026
[    9.940918] comm kworker/0:2 pid 1684 state 1026
[    9.942914] comm kworker/1:1H pid 1687 state 1026
[    9.944902] comm kworker/0:1H pid 1688 state 1026
[    9.946870] comm ipv6_addrconf pid 1697 state 1026
[    9.948873] comm kworker/1:5 pid 1702 state 1026
[    9.950903] comm jbd2/sda2-8 pid 1755 state 1
[    9.952910] comm ext4-rsv-conver pid 1756 state 1026
[    9.954931] comm init pid 1762 state 1
[    9.956941] comm rc pid 1763 state 1
[    9.958940] comm udevd pid 1854 state 1
[    9.960972] comm udevd pid 1856 state 1
[    9.962968] comm udevd pid 1859 state 1
[    9.964947] comm udevd pid 1907 state 1
[    9.966914] comm udevd pid 1908 state 1
[    9.968856] comm udevd pid 1909 state 1
[    9.970775] comm udevd pid 1910 state 1
[    9.972661] comm udevd pid 1940 state 1
[    9.974521] comm udevd pid 1941 state 1
[    9.976344] comm udevd pid 1942 state 1
[    9.978132] comm udevd pid 1943 state 1
[    9.979889] comm udevd pid 2074 state 1
[    9.981657] comm udevd pid 2075 state 1
[    9.983394] comm ttm_swap pid 3148 state 1026
[    9.985163] comm S20swap pid 3190 state 1
[    9.986934] comm swapon pid 3203 state 2
[    9.988698] proc in rq 1
